-- Journal begins at Wed 2020-12-16 16:38:56 EET, ends at Mon 2020-12-21 19:38:19 EET. --
Dec 21 19:27:47 arch5510 kernel: microcode: microcode updated early to revision 0xe2, date = 2020-07-14
Dec 21 19:27:47 arch5510 kernel: Linux version 5.9.14-arch1-1 (linux@archlinux) (gcc (GCC) 10.2.0, GNU ld (GNU Binutils) 2.35.1) #1 SMP PREEMPT Sat, 12 Dec 2020 14:37:12 +0000
Dec 21 19:27:47 arch5510 kernel: Command line: BOOT_IMAGE=/vmlinuz-linux root=UUID=e90696b0-d06f-47ca-b5f0-a26264bc16ee rw loglevel=3 cryptdevice=/dev/lvm/lvroot:root root=/dev/mapper/root audit=1 ipv6.disable=0 apparmor=1 lsm=lockdown,yama,apparmor i915.edp_vswing=2
Dec 21 19:27:47 arch5510 kernel: KERNEL supported cpus:
Dec 21 19:27:47 arch5510 kernel:   Intel GenuineIntel
Dec 21 19:27:47 arch5510 kernel:   AMD AuthenticAMD
Dec 21 19:27:47 arch5510 kernel:   Hygon HygonGenuine
Dec 21 19:27:47 arch5510 kernel:   Centaur CentaurHauls
Dec 21 19:27:47 arch5510 kernel:   zhaoxin   Shanghai  
Dec 21 19:27:47 arch5510 kernel: x86/fpu: Supporting XSAVE feature 0x001: 'x87 floating point registers'
Dec 21 19:27:47 arch5510 kernel: x86/fpu: Supporting XSAVE feature 0x002: 'SSE registers'
Dec 21 19:27:47 arch5510 kernel: x86/fpu: Supporting XSAVE feature 0x004: 'AVX registers'
Dec 21 19:27:47 arch5510 kernel: x86/fpu: Supporting XSAVE feature 0x008: 'MPX bounds registers'
Dec 21 19:27:47 arch5510 kernel: x86/fpu: Supporting XSAVE feature 0x010: 'MPX CSR'
Dec 21 19:27:47 arch5510 kernel: x86/fpu: xstate_offset[2]:  576, xstate_sizes[2]:  256
Dec 21 19:27:47 arch5510 kernel: x86/fpu: xstate_offset[3]:  832, xstate_sizes[3]:   64
Dec 21 19:27:47 arch5510 kernel: x86/fpu: xstate_offset[4]:  896, xstate_sizes[4]:   64
Dec 21 19:27:47 arch5510 kernel: x86/fpu: Enabled xstate features 0x1f, context size is 960 bytes, using 'compacted' format.
Dec 21 19:27:47 arch5510 kernel: BIOS-provided physical RAM map:
Dec 21 19:27:47 arch5510 kernel: BIOS-e820: [mem 0x0000000000000000-0x0000000000057fff] usable
Dec 21 19:27:47 arch5510 kernel: BIOS-e820: [mem 0x0000000000058000-0x0000000000058fff] reserved
Dec 21 19:27:47 arch5510 kernel: BIOS-e820: [mem 0x0000000000059000-0x000000000009dfff] usable
Dec 21 19:27:47 arch5510 kernel: BIOS-e820: [mem 0x000000000009e000-0x00000000000fffff] reserved
Dec 21 19:27:47 arch5510 kernel: BIOS-e820: [mem 0x0000000000100000-0x0000000028a29fff] usable
Dec 21 19:27:47 arch5510 kernel: BIOS-e820: [mem 0x0000000028a2a000-0x0000000028a2afff] ACPI NVS
Dec 21 19:27:47 arch5510 kernel: BIOS-e820: [mem 0x0000000028a2b000-0x0000000028a74fff] reserved
Dec 21 19:27:47 arch5510 kernel: BIOS-e820: [mem 0x0000000028a75000-0x0000000036c07fff] usable
Dec 21 19:27:47 arch5510 kernel: BIOS-e820: [mem 0x0000000036c08000-0x0000000036fc3fff] reserved
Dec 21 19:27:47 arch5510 kernel: BIOS-e820: [mem 0x0000000036fc4000-0x0000000037001fff] ACPI data
Dec 21 19:27:47 arch5510 kernel: BIOS-e820: [mem 0x0000000037002000-0x000000003768ffff] ACPI NVS
Dec 21 19:27:47 arch5510 kernel: BIOS-e820: [mem 0x0000000037690000-0x000000003a42afff] reserved
Dec 21 19:27:47 arch5510 kernel: BIOS-e820: [mem 0x000000003a42b000-0x000000003a4fefff] type 20
Dec 21 19:27:47 arch5510 kernel: BIOS-e820: [mem 0x000000003a4ff000-0x000000003a4fffff] usable
Dec 21 19:27:47 arch5510 kernel: BIOS-e820: [mem 0x000000003a500000-0x000000003fffffff] reserved
Dec 21 19:27:47 arch5510 kernel: BIOS-e820: [mem 0x00000000e0000000-0x00000000efffffff] reserved
Dec 21 19:27:47 arch5510 kernel: BIOS-e820: [mem 0x00000000fe000000-0x00000000fe010fff] reserved
Dec 21 19:27:47 arch5510 kernel: BIOS-e820: [mem 0x00000000fec00000-0x00000000fec00fff] reserved
Dec 21 19:27:47 arch5510 kernel: BIOS-e820: [mem 0x00000000fee00000-0x00000000fee00fff] reserved
Dec 21 19:27:47 arch5510 kernel: BIOS-e820: [mem 0x00000000ff000000-0x00000000ffffffff] reserved
Dec 21 19:27:47 arch5510 kernel: BIOS-e820: [mem 0x0000000100000000-0x00000004bdffffff] usable
Dec 21 19:27:47 arch5510 kernel: NX (Execute Disable) protection: active
Dec 21 19:27:47 arch5510 kernel: efi: EFI v2.40 by American Megatrends
Dec 21 19:27:47 arch5510 kernel: efi: ACPI=0x36fd0000 ACPI 2.0=0x36fd0000 SMBIOS=0xf0000 TPMFinalLog=0x37632000 ESRT=0x3a1ca018 MEMATTR=0x3490c018 
Dec 21 19:27:47 arch5510 kernel: SMBIOS 2.8 present.
Dec 21 19:27:47 arch5510 kernel: DMI: Dell Inc. Precision 5510/0N8J4R, BIOS 1.15.0 07/23/2020
Dec 21 19:27:47 arch5510 kernel: tsc: Detected 2700.000 MHz processor
Dec 21 19:27:47 arch5510 kernel: tsc: Detected 2699.909 MHz TSC
Dec 21 19:27:47 arch5510 kernel: e820: update [mem 0x00000000-0x00000fff] usable ==> reserved
Dec 21 19:27:47 arch5510 kernel: e820: remove [mem 0x000a0000-0x000fffff] usable
Dec 21 19:27:47 arch5510 kernel: last_pfn = 0x4be000 max_arch_pfn = 0x400000000
Dec 21 19:27:47 arch5510 kernel: MTRR default type: write-back
Dec 21 19:27:47 arch5510 kernel: MTRR fixed ranges enabled:
Dec 21 19:27:47 arch5510 kernel:   00000-9FFFF write-back
Dec 21 19:27:47 arch5510 kernel:   A0000-BFFFF uncachable
Dec 21 19:27:47 arch5510 kernel:   C0000-FFFFF write-protect
Dec 21 19:27:47 arch5510 kernel: MTRR variable ranges enabled:
Dec 21 19:27:47 arch5510 kernel:   0 base 0080000000 mask 7F80000000 uncachable
Dec 21 19:27:47 arch5510 kernel:   1 base 0040000000 mask 7FC0000000 uncachable
Dec 21 19:27:47 arch5510 kernel:   2 base 003C000000 mask 7FFC000000 uncachable
Dec 21 19:27:47 arch5510 kernel:   3 base 003B800000 mask 7FFF800000 uncachable
Dec 21 19:27:47 arch5510 kernel:   4 disabled
Dec 21 19:27:47 arch5510 kernel:   5 disabled
Dec 21 19:27:47 arch5510 kernel:   6 disabled
Dec 21 19:27:47 arch5510 kernel:   7 disabled
Dec 21 19:27:47 arch5510 kernel:   8 disabled
Dec 21 19:27:47 arch5510 kernel:   9 disabled
Dec 21 19:27:47 arch5510 kernel: x86/PAT: Configuration [0-7]: WB  WC  UC- UC  WB  WP  UC- WT  
Dec 21 19:27:47 arch5510 kernel: last_pfn = 0x3a500 max_arch_pfn = 0x400000000
Dec 21 19:27:47 arch5510 kernel: esrt: Reserving ESRT space from 0x000000003a1ca018 to 0x000000003a1ca050.
Dec 21 19:27:47 arch5510 kernel: check: Scanning 1 areas for low memory corruption
Dec 21 19:27:47 arch5510 kernel: Using GB pages for direct mapping
Dec 21 19:27:47 arch5510 kernel: Secure boot could not be determined
Dec 21 19:27:47 arch5510 kernel: RAMDISK: [mem 0x31f48000-0x3374bfff]
Dec 21 19:27:47 arch5510 kernel: ACPI: Early table checksum verification disabled
Dec 21 19:27:47 arch5510 kernel: ACPI: RSDP 0x0000000036FD0000 000024 (v02 DELL  )
Dec 21 19:27:47 arch5510 kernel: ACPI: XSDT 0x0000000036FD00C8 000114 (v01 DELL   CBX3     01072009 AMI  00010013)
Dec 21 19:27:47 arch5510 kernel: ACPI: FACP 0x0000000036FF0FA8 00010C (v05 DELL   CBX3     01072009 AMI  00010013)
Dec 21 19:27:47 arch5510 kernel: ACPI: DSDT 0x0000000036FD0270 020D35 (v02 DELL   CBX3     01072009 INTL 20120913)
Dec 21 19:27:47 arch5510 kernel: ACPI: FACS 0x0000000037689D80 000040
Dec 21 19:27:47 arch5510 kernel: ACPI: UEFI 0x0000000036FF2000 00063A (v01 INTEL  RstSataE 00000000 ??   00000000)
Dec 21 19:27:47 arch5510 kernel: ACPI: APIC 0x0000000036FF2640 0000BC (v03 DELL   CBX3     01072009 AMI  00010013)
Dec 21 19:27:47 arch5510 kernel: ACPI: FPDT 0x0000000036FF2700 000044 (v01 DELL   CBX3     01072009 AMI  00010013)
Dec 21 19:27:47 arch5510 kernel: ACPI: MCFG 0x0000000036FF2748 00003C (v01 DELL   CBX3     01072009 MSFT 00000097)
Dec 21 19:27:47 arch5510 kernel: ACPI: HPET 0x0000000036FF2788 000038 (v01 DELL   CBX3     01072009 AMI. 0005000B)
Dec 21 19:27:47 arch5510 kernel: ACPI: SSDT 0x0000000036FF27C0 00046D (v01 SataRe SataTabl 00001000 INTL 20120913)
Dec 21 19:27:47 arch5510 kernel: ACPI: LPIT 0x0000000036FF2C30 000094 (v01 INTEL  SKL      00000000 MSFT 0000005F)
Dec 21 19:27:47 arch5510 kernel: ACPI: SSDT 0x0000000036FF2CC8 000248 (v02 INTEL  sensrhub 00000000 INTL 20120913)
Dec 21 19:27:47 arch5510 kernel: ACPI: SSDT 0x0000000036FF2F10 002BAE (v02 INTEL  PtidDevc 00001000 INTL 20120913)
Dec 21 19:27:47 arch5510 kernel: ACPI: SSDT 0x0000000036FF5AC0 000024 (v02 INTEL  OEM_RTD3 00001000 INTL 20120913)
Dec 21 19:27:47 arch5510 kernel: ACPI: SSDT 0x0000000036FF5AE8 000BE3 (v02 INTEL  Ther_Rvp 00001000 INTL 20120913)
Dec 21 19:27:47 arch5510 kernel: ACPI: SSDT 0x0000000036FF66D0 0004DC (v02 INTEL  zpodd    00001000 INTL 20120913)
Dec 21 19:27:47 arch5510 kernel: ACPI: DBGP 0x0000000036FF6BB0 000034 (v01 INTEL           00000000 MSFT 0000005F)
Dec 21 19:27:47 arch5510 kernel: ACPI: DBG2 0x0000000036FF6BE8 000054 (v00 INTEL           00000000 MSFT 0000005F)
Dec 21 19:27:47 arch5510 kernel: ACPI: SSDT 0x0000000036FF6C40 000775 (v02 INTEL  xh_rvp10 00000000 INTL 20120913)
Dec 21 19:27:47 arch5510 kernel: ACPI: BOOT 0x0000000036FF73B8 000028 (v01 DELL   CBX3     01072009 AMI  00010013)
Dec 21 19:27:47 arch5510 kernel: ACPI: SSDT 0x0000000036FF73E0 0037D6 (v02 SaSsdt SaSsdt   00003000 INTL 20120913)
Dec 21 19:27:47 arch5510 kernel: ACPI: UEFI 0x0000000036FFABB8 000042 (v01                 00000000      00000000)
Dec 21 19:27:47 arch5510 kernel: ACPI: SSDT 0x0000000036FFAC00 000E73 (v02 CpuRef CpuSsdt  00003000 INTL 20120913)
Dec 21 19:27:47 arch5510 kernel: ACPI: SSDT 0x0000000036FFBA78 0044FA (v02 DptfTa DptfTabl 00001000 INTL 20120913)
Dec 21 19:27:47 arch5510 kernel: ACPI: MSDM 0x0000000036FFFF78 000055 (v03 DELL   CBX3     06222004 AMI  00010013)
Dec 21 19:27:47 arch5510 kernel: ACPI: SLIC 0x0000000036FFFFD0 000176 (v03 DELL   CBX3     01072009 MSFT 00010013)
Dec 21 19:27:47 arch5510 kernel: ACPI: BGRT 0x0000000037000148 000038 (v00                 01072009 AMI  00010013)
Dec 21 19:27:47 arch5510 kernel: ACPI: SSDT 0x0000000037000180 0000C3 (v02 SgRef  SgPeg    00001000 INTL 20120913)
Dec 21 19:27:47 arch5510 kernel: ACPI: DMAR 0x0000000037000248 0000F0 (v01 INTEL  SKL      00000001 INTL 00000001)
Dec 21 19:27:47 arch5510 kernel: ACPI: UEFI 0x0000000037000338 00005C (v01 INTEL  RstSataV 00000000 ??   00000000)
Dec 21 19:27:47 arch5510 kernel: ACPI: TPM2 0x0000000037000398 000034 (v03        Tpm2Tabl 00000001 AMI  00000000)
Dec 21 19:27:47 arch5510 kernel: ACPI: SSDT 0x00000000370003D0 001868 (v01 OptRef OptTabl  00001000 INTL 20120913)
Dec 21 19:27:47 arch5510 kernel: ACPI: ASF! 0x0000000037001C38 0000A5 (v32 INTEL   HCG     00000001 TFSM 000F4240)
Dec 21 19:27:47 arch5510 kernel: ACPI: Local APIC address 0xfee00000
Dec 21 19:27:47 arch5510 kernel: No NUMA configuration found
Dec 21 19:27:47 arch5510 kernel: Faking a node at [mem 0x0000000000000000-0x00000004bdffffff]
Dec 21 19:27:47 arch5510 kernel: NODE_DATA(0) allocated [mem 0x4bdffc000-0x4bdffffff]
Dec 21 19:27:47 arch5510 kernel: Zone ranges:
Dec 21 19:27:47 arch5510 kernel:   DMA      [mem 0x0000000000001000-0x0000000000ffffff]
Dec 21 19:27:47 arch5510 kernel:   DMA32    [mem 0x0000000001000000-0x00000000ffffffff]
Dec 21 19:27:47 arch5510 kernel:   Normal   [mem 0x0000000100000000-0x00000004bdffffff]
Dec 21 19:27:47 arch5510 kernel:   Device   empty
Dec 21 19:27:47 arch5510 kernel: Movable zone start for each node
Dec 21 19:27:47 arch5510 kernel: Early memory node ranges
Dec 21 19:27:47 arch5510 kernel:   node   0: [mem 0x0000000000001000-0x0000000000057fff]
Dec 21 19:27:47 arch5510 kernel:   node   0: [mem 0x0000000000059000-0x000000000009dfff]
Dec 21 19:27:47 arch5510 kernel:   node   0: [mem 0x0000000000100000-0x0000000028a29fff]
Dec 21 19:27:47 arch5510 kernel:   node   0: [mem 0x0000000028a75000-0x0000000036c07fff]
Dec 21 19:27:47 arch5510 kernel:   node   0: [mem 0x000000003a4ff000-0x000000003a4fffff]
Dec 21 19:27:47 arch5510 kernel:   node   0: [mem 0x0000000100000000-0x00000004bdffffff]
Dec 21 19:27:47 arch5510 kernel: Zeroed struct page in unavailable ranges: 46246 pages
Dec 21 19:27:47 arch5510 kernel: Initmem setup node 0 [mem 0x0000000000001000-0x00000004bdffffff]
Dec 21 19:27:47 arch5510 kernel: On node 0 totalpages: 4148058
Dec 21 19:27:47 arch5510 kernel:   DMA zone: 64 pages used for memmap
Dec 21 19:27:47 arch5510 kernel:   DMA zone: 22 pages reserved
Dec 21 19:27:47 arch5510 kernel:   DMA zone: 3996 pages, LIFO batch:0
Dec 21 19:27:47 arch5510 kernel:   DMA32 zone: 3439 pages used for memmap
Dec 21 19:27:47 arch5510 kernel:   DMA32 zone: 220094 pages, LIFO batch:63
Dec 21 19:27:47 arch5510 kernel:   Normal zone: 61312 pages used for memmap
Dec 21 19:27:47 arch5510 kernel:   Normal zone: 3923968 pages, LIFO batch:63
Dec 21 19:27:47 arch5510 kernel: Reserving Intel graphics memory at [mem 0x3c000000-0x3fffffff]
Dec 21 19:27:47 arch5510 kernel: ACPI: PM-Timer IO Port: 0x1808
Dec 21 19:27:47 arch5510 kernel: ACPI: Local APIC address 0xfee00000
Dec 21 19:27:47 arch5510 kernel: ACPI: LAPIC_NMI (acpi_id[0x01] high edge lint[0x1])
Dec 21 19:27:47 arch5510 kernel: ACPI: LAPIC_NMI (acpi_id[0x02] high edge lint[0x1])
Dec 21 19:27:47 arch5510 kernel: ACPI: LAPIC_NMI (acpi_id[0x03] high edge lint[0x1])
Dec 21 19:27:47 arch5510 kernel: ACPI: LAPIC_NMI (acpi_id[0x04] high edge lint[0x1])
Dec 21 19:27:47 arch5510 kernel: ACPI: LAPIC_NMI (acpi_id[0x05] high edge lint[0x1])
Dec 21 19:27:47 arch5510 kernel: ACPI: LAPIC_NMI (acpi_id[0x06] high edge lint[0x1])
Dec 21 19:27:47 arch5510 kernel: ACPI: LAPIC_NMI (acpi_id[0x07] high edge lint[0x1])
Dec 21 19:27:47 arch5510 kernel: ACPI: LAPIC_NMI (acpi_id[0x08] high edge lint[0x1])
Dec 21 19:27:47 arch5510 kernel: IOAPIC[0]: apic_id 2, version 32, address 0xfec00000, GSI 0-119
Dec 21 19:27:47 arch5510 kernel: ACPI: INT_SRC_OVR (bus 0 bus_irq 0 global_irq 2 dfl dfl)
Dec 21 19:27:47 arch5510 kernel: ACPI: INT_SRC_OVR (bus 0 bus_irq 9 global_irq 9 high level)
Dec 21 19:27:47 arch5510 kernel: ACPI: IRQ0 used by override.
Dec 21 19:27:47 arch5510 kernel: ACPI: IRQ9 used by override.
Dec 21 19:27:47 arch5510 kernel: Using ACPI (MADT) for SMP configuration information
Dec 21 19:27:47 arch5510 kernel: ACPI: HPET id: 0x8086a701 base: 0xfed00000
Dec 21 19:27:47 arch5510 kernel: e820: update [mem 0x34481000-0x34690fff] usable ==> reserved
Dec 21 19:27:47 arch5510 kernel: TSC deadline timer available
Dec 21 19:27:47 arch5510 kernel: smpboot: Allowing 8 CPUs, 0 hotplug CPUs
Dec 21 19:27:47 arch5510 kernel: PM: hibernation: Registered nosave memory: [mem 0x00000000-0x00000fff]
Dec 21 19:27:47 arch5510 kernel: PM: hibernation: Registered nosave memory: [mem 0x00058000-0x00058fff]
Dec 21 19:27:47 arch5510 kernel: PM: hibernation: Registered nosave memory: [mem 0x0009e000-0x000fffff]
Dec 21 19:27:47 arch5510 kernel: PM: hibernation: Registered nosave memory: [mem 0x28a2a000-0x28a2afff]
Dec 21 19:27:47 arch5510 kernel: PM: hibernation: Registered nosave memory: [mem 0x28a2b000-0x28a74fff]
Dec 21 19:27:47 arch5510 kernel: PM: hibernation: Registered nosave memory: [mem 0x34481000-0x34690fff]
Dec 21 19:27:47 arch5510 kernel: PM: hibernation: Registered nosave memory: [mem 0x36c08000-0x36fc3fff]
Dec 21 19:27:47 arch5510 kernel: PM: hibernation: Registered nosave memory: [mem 0x36fc4000-0x37001fff]
Dec 21 19:27:47 arch5510 kernel: PM: hibernation: Registered nosave memory: [mem 0x37002000-0x3768ffff]
Dec 21 19:27:47 arch5510 kernel: PM: hibernation: Registered nosave memory: [mem 0x37690000-0x3a42afff]
Dec 21 19:27:47 arch5510 kernel: PM: hibernation: Registered nosave memory: [mem 0x3a42b000-0x3a4fefff]
Dec 21 19:27:47 arch5510 kernel: PM: hibernation: Registered nosave memory: [mem 0x3a500000-0x3fffffff]
Dec 21 19:27:47 arch5510 kernel: PM: hibernation: Registered nosave memory: [mem 0x40000000-0xdfffffff]
Dec 21 19:27:47 arch5510 kernel: PM: hibernation: Registered nosave memory: [mem 0xe0000000-0xefffffff]
Dec 21 19:27:47 arch5510 kernel: PM: hibernation: Registered nosave memory: [mem 0xf0000000-0xfdffffff]
Dec 21 19:27:47 arch5510 kernel: PM: hibernation: Registered nosave memory: [mem 0xfe000000-0xfe010fff]
Dec 21 19:27:47 arch5510 kernel: PM: hibernation: Registered nosave memory: [mem 0xfe011000-0xfebfffff]
Dec 21 19:27:47 arch5510 kernel: PM: hibernation: Registered nosave memory: [mem 0xfec00000-0xfec00fff]
Dec 21 19:27:47 arch5510 kernel: PM: hibernation: Registered nosave memory: [mem 0xfec01000-0xfedfffff]
Dec 21 19:27:47 arch5510 kernel: PM: hibernation: Registered nosave memory: [mem 0xfee00000-0xfee00fff]
Dec 21 19:27:47 arch5510 kernel: PM: hibernation: Registered nosave memory: [mem 0xfee01000-0xfeffffff]
Dec 21 19:27:47 arch5510 kernel: PM: hibernation: Registered nosave memory: [mem 0xff000000-0xffffffff]
Dec 21 19:27:47 arch5510 kernel: [mem 0x40000000-0xdfffffff] available for PCI devices
Dec 21 19:27:47 arch5510 kernel: Booting paravirtualized kernel on bare hardware
Dec 21 19:27:47 arch5510 kernel: clocksource: refined-jiffies: mask: 0xffffffff max_cycles: 0xffffffff, max_idle_ns: 6370452778343963 ns
Dec 21 19:27:47 arch5510 kernel: setup_percpu: NR_CPUS:320 nr_cpumask_bits:320 nr_cpu_ids:8 nr_node_ids:1
Dec 21 19:27:47 arch5510 kernel: percpu: Embedded 56 pages/cpu s192512 r8192 d28672 u262144
Dec 21 19:27:47 arch5510 kernel: pcpu-alloc: s192512 r8192 d28672 u262144 alloc=1*2097152
Dec 21 19:27:47 arch5510 kernel: pcpu-alloc: [0] 0 1 2 3 4 5 6 7 
Dec 21 19:27:47 arch5510 kernel: Built 1 zonelists, mobility grouping on.  Total pages: 4083221
Dec 21 19:27:47 arch5510 kernel: Policy zone: Normal
Dec 21 19:27:47 arch5510 kernel: Kernel command line: BOOT_IMAGE=/vmlinuz-linux root=UUID=e90696b0-d06f-47ca-b5f0-a26264bc16ee rw loglevel=3 cryptdevice=/dev/lvm/lvroot:root root=/dev/mapper/root audit=1 ipv6.disable=0 apparmor=1 lsm=lockdown,yama,apparmor i915.edp_vswing=2
Dec 21 19:27:47 arch5510 kernel: audit: enabled (after initialization)
Dec 21 19:27:47 arch5510 kernel: Dentry cache hash table entries: 2097152 (order: 12, 16777216 bytes, linear)
Dec 21 19:27:47 arch5510 kernel: Inode-cache hash table entries: 1048576 (order: 11, 8388608 bytes, linear)
Dec 21 19:27:47 arch5510 kernel: mem auto-init: stack:byref_all(zero), heap alloc:on, heap free:off
Dec 21 19:27:47 arch5510 kernel: Memory: 16139608K/16592232K available (14339K kernel code, 1505K rwdata, 7952K rodata, 1660K init, 2944K bss, 452364K reserved, 0K cma-reserved)
Dec 21 19:27:47 arch5510 kernel: random: get_random_u64 called from __kmem_cache_create+0x26/0x520 with crng_init=0
Dec 21 19:27:47 arch5510 kernel: SLUB: HWalign=64, Order=0-3, MinObjects=0, CPUs=8, Nodes=1
Dec 21 19:27:47 arch5510 kernel: Kernel/User page tables isolation: enabled
Dec 21 19:27:47 arch5510 kernel: ftrace: allocating 40888 entries in 160 pages
Dec 21 19:27:47 arch5510 kernel: ftrace: allocated 160 pages with 2 groups
Dec 21 19:27:47 arch5510 kernel: rcu: Preemptible hierarchical RCU implementation.
Dec 21 19:27:47 arch5510 kernel: rcu:         RCU dyntick-idle grace-period acceleration is enabled.
Dec 21 19:27:47 arch5510 kernel: rcu:         RCU restricting CPUs from NR_CPUS=320 to nr_cpu_ids=8.
Dec 21 19:27:47 arch5510 kernel: rcu:         RCU priority boosting: priority 1 delay 500 ms.
Dec 21 19:27:47 arch5510 kernel:         Trampoline variant of Tasks RCU enabled.
Dec 21 19:27:47 arch5510 kernel:         Rude variant of Tasks RCU enabled.
Dec 21 19:27:47 arch5510 kernel: rcu: RCU calculated value of scheduler-enlistment delay is 30 jiffies.
Dec 21 19:27:47 arch5510 kernel: rcu: Adjusting geometry for rcu_fanout_leaf=16, nr_cpu_ids=8
Dec 21 19:27:47 arch5510 kernel: NR_IRQS: 20736, nr_irqs: 2048, preallocated irqs: 16
Dec 21 19:27:47 arch5510 kernel: Console: colour dummy device 80x25
Dec 21 19:27:47 arch5510 kernel: printk: console [tty0] enabled
Dec 21 19:27:47 arch5510 kernel: ACPI: Core revision 20200717
Dec 21 19:27:47 arch5510 kernel: clocksource: hpet: mask: 0xffffffff max_cycles: 0xffffffff, max_idle_ns: 79635855245 ns
Dec 21 19:27:47 arch5510 kernel: APIC: Switch to symmetric I/O mode setup
Dec 21 19:27:47 arch5510 kernel: DMAR: Host address width 39
Dec 21 19:27:47 arch5510 kernel: DMAR: DRHD base: 0x000000fed90000 flags: 0x0
Dec 21 19:27:47 arch5510 kernel: DMAR: dmar0: reg_base_addr fed90000 ver 1:0 cap 1c0000c40660462 ecap 7e3ff0505e
Dec 21 19:27:47 arch5510 kernel: DMAR: DRHD base: 0x000000fed91000 flags: 0x1
Dec 21 19:27:47 arch5510 kernel: DMAR: dmar1: reg_base_addr fed91000 ver 1:0 cap d2008c40660462 ecap f050da
Dec 21 19:27:47 arch5510 kernel: DMAR: RMRR base: 0x00000036d2f000 end: 0x00000036d4efff
Dec 21 19:27:47 arch5510 kernel: DMAR: RMRR base: 0x0000003b800000 end: 0x0000003fffffff
Dec 21 19:27:47 arch5510 kernel: DMAR: ANDD device: 1 name: \_SB.PCI0.I2C0
Dec 21 19:27:47 arch5510 kernel: DMAR: ANDD device: 2 name: \_SB.PCI0.I2C1
Dec 21 19:27:47 arch5510 kernel: DMAR-IR: IOAPIC id 2 under DRHD base  0xfed91000 IOMMU 1
Dec 21 19:27:47 arch5510 kernel: DMAR-IR: HPET id 0 under DRHD base 0xfed91000
Dec 21 19:27:47 arch5510 kernel: DMAR-IR: x2apic is disabled because BIOS sets x2apic opt out bit.
Dec 21 19:27:47 arch5510 kernel: DMAR-IR: Use 'intremap=no_x2apic_optout' to override the BIOS setting.
Dec 21 19:27:47 arch5510 kernel: DMAR-IR: Enabled IRQ remapping in xapic mode
Dec 21 19:27:47 arch5510 kernel: x2apic: IRQ remapping doesn't support X2APIC mode
Dec 21 19:27:47 arch5510 kernel: ..TIMER: vector=0x30 apic1=0 pin1=2 apic2=-1 pin2=-1
Dec 21 19:27:47 arch5510 kernel: clocksource: tsc-early: mask: 0xffffffffffffffff max_cycles: 0x26eae8729ef, max_idle_ns: 440795235156 ns
Dec 21 19:27:47 arch5510 kernel: Calibrating delay loop (skipped), value calculated using timer frequency.. 5401.81 BogoMIPS (lpj=8999696)
Dec 21 19:27:47 arch5510 kernel: pid_max: default: 32768 minimum: 301
Dec 21 19:27:47 arch5510 kernel: LSM: Security Framework initializing
Dec 21 19:27:47 arch5510 kernel: Yama: becoming mindful.
Dec 21 19:27:47 arch5510 kernel: AppArmor: AppArmor initialized
Dec 21 19:27:47 arch5510 kernel: Mount-cache hash table entries: 32768 (order: 6, 262144 bytes, linear)
Dec 21 19:27:47 arch5510 kernel: Mountpoint-cache hash table entries: 32768 (order: 6, 262144 bytes, linear)
Dec 21 19:27:47 arch5510 kernel: mce: CPU0: Thermal monitoring enabled (TM1)
Dec 21 19:27:47 arch5510 kernel: process: using mwait in idle threads
Dec 21 19:27:47 arch5510 kernel: Last level iTLB entries: 4KB 64, 2MB 8, 4MB 8
Dec 21 19:27:47 arch5510 kernel: Last level dTLB entries: 4KB 64, 2MB 0, 4MB 0, 1GB 4
Dec 21 19:27:47 arch5510 kernel: Spectre V1 : Mitigation: usercopy/swapgs barriers and __user pointer sanitization
Dec 21 19:27:47 arch5510 kernel: Spectre V2 : Mitigation: Full generic retpoline
Dec 21 19:27:47 arch5510 kernel: Spectre V2 : Spectre v2 / SpectreRSB mitigation: Filling RSB on context switch
Dec 21 19:27:47 arch5510 kernel: Spectre V2 : Enabling Restricted Speculation for firmware calls
Dec 21 19:27:47 arch5510 kernel: Spectre V2 : mitigation: Enabling conditional Indirect Branch Prediction Barrier
Dec 21 19:27:47 arch5510 kernel: Spectre V2 : User space: Mitigation: STIBP via seccomp and prctl
Dec 21 19:27:47 arch5510 kernel: Speculative Store Bypass: Mitigation: Speculative Store Bypass disabled via prctl and seccomp
Dec 21 19:27:47 arch5510 kernel: TAA: Mitigation: Clear CPU buffers
Dec 21 19:27:47 arch5510 kernel: SRBDS: Mitigation: Microcode
Dec 21 19:27:47 arch5510 kernel: MDS: Mitigation: Clear CPU buffers
Dec 21 19:27:47 arch5510 kernel: Freeing SMP alternatives memory: 32K
Dec 21 19:27:47 arch5510 kernel: smpboot: CPU0: Intel(R) Core(TM) i7-6820HQ CPU @ 2.70GHz (family: 0x6, model: 0x5e, stepping: 0x3)
Dec 21 19:27:47 arch5510 kernel: Performance Events: PEBS fmt3+, Skylake events, 32-deep LBR, full-width counters, Intel PMU driver.
Dec 21 19:27:47 arch5510 kernel: ... version:                4
Dec 21 19:27:47 arch5510 kernel: ... bit width:              48
Dec 21 19:27:47 arch5510 kernel: ... generic registers:      4
Dec 21 19:27:47 arch5510 kernel: ... value mask:             0000ffffffffffff
Dec 21 19:27:47 arch5510 kernel: ... max period:             00007fffffffffff
Dec 21 19:27:47 arch5510 kernel: ... fixed-purpose events:   3
Dec 21 19:27:47 arch5510 kernel: ... event mask:             000000070000000f
Dec 21 19:27:47 arch5510 kernel: rcu: Hierarchical SRCU implementation.
Dec 21 19:27:47 arch5510 kernel: NMI watchdog: Enabled. Permanently consumes one hw-PMU counter.
Dec 21 19:27:47 arch5510 kernel: smp: Bringing up secondary CPUs ...
Dec 21 19:27:47 arch5510 kernel: x86: Booting SMP configuration:
Dec 21 19:27:47 arch5510 kernel: .... node  #0, CPUs:      #1 #2 #3 #4
Dec 21 19:27:47 arch5510 kernel: MDS CPU bug present and SMT on, data leak possible. See https://www.kernel.org/doc/html/latest/admin-guide/hw-vuln/mds.html for more details.
Dec 21 19:27:47 arch5510 kernel: TAA CPU bug present and SMT on, data leak possible. See https://www.kernel.org/doc/html/latest/admin-guide/hw-vuln/tsx_async_abort.html for more details.
Dec 21 19:27:47 arch5510 kernel:  #5 #6 #7
Dec 21 19:27:47 arch5510 kernel: smp: Brought up 1 node, 8 CPUs
Dec 21 19:27:47 arch5510 kernel: smpboot: Max logical packages: 1
Dec 21 19:27:47 arch5510 kernel: smpboot: Total of 8 processors activated (43215.48 BogoMIPS)
Dec 21 19:27:47 arch5510 kernel: devtmpfs: initialized
Dec 21 19:27:47 arch5510 kernel: x86/mm: Memory block size: 128MB
Dec 21 19:27:47 arch5510 kernel: PM: Registering ACPI NVS region [mem 0x28a2a000-0x28a2afff] (4096 bytes)
Dec 21 19:27:47 arch5510 kernel: PM: Registering ACPI NVS region [mem 0x37002000-0x3768ffff] (6873088 bytes)
Dec 21 19:27:47 arch5510 kernel: clocksource: jiffies: mask: 0xffffffff max_cycles: 0xffffffff, max_idle_ns: 6370867519511994 ns
Dec 21 19:27:47 arch5510 kernel: futex hash table entries: 2048 (order: 5, 131072 bytes, linear)
Dec 21 19:27:47 arch5510 kernel: pinctrl core: initialized pinctrl subsystem
Dec 21 19:27:47 arch5510 kernel: PM: RTC time: 17:27:36, date: 2020-12-21
Dec 21 19:27:47 arch5510 kernel: NET: Registered protocol family 16
Dec 21 19:27:47 arch5510 kernel: DMA: preallocated 2048 KiB GFP_KERNEL pool for atomic allocations
Dec 21 19:27:47 arch5510 kernel: DMA: preallocated 2048 KiB GFP_KERNEL|GFP_DMA pool for atomic allocations
Dec 21 19:27:47 arch5510 kernel: DMA: preallocated 2048 KiB GFP_KERNEL|GFP_DMA32 pool for atomic allocations
Dec 21 19:27:47 arch5510 kernel: audit: initializing netlink subsys (enabled)
Dec 21 19:27:47 arch5510 kernel: audit: type=2000 audit(1608571656.036:1): state=initialized audit_enabled=1 res=1
Dec 21 19:27:47 arch5510 kernel: thermal_sys: Registered thermal governor 'fair_share'
Dec 21 19:27:47 arch5510 kernel: thermal_sys: Registered thermal governor 'bang_bang'
Dec 21 19:27:47 arch5510 kernel: thermal_sys: Registered thermal governor 'step_wise'
Dec 21 19:27:47 arch5510 kernel: thermal_sys: Registered thermal governor 'user_space'
Dec 21 19:27:47 arch5510 kernel: thermal_sys: Registered thermal governor 'power_allocator'
Dec 21 19:27:47 arch5510 kernel: cpuidle: using governor ladder
Dec 21 19:27:47 arch5510 kernel: cpuidle: using governor menu
Dec 21 19:27:47 arch5510 kernel: Simple Boot Flag at 0x47 set to 0x80
Dec 21 19:27:47 arch5510 kernel: ACPI FADT declares the system doesn't support PCIe ASPM, so disable it
Dec 21 19:27:47 arch5510 kernel: ACPI: bus type PCI registered
Dec 21 19:27:47 arch5510 kernel: acpiphp: ACPI Hot Plug PCI Controller Driver version: 0.5
Dec 21 19:27:47 arch5510 kernel: PCI: MMCONFIG for domain 0000 [bus 00-ff] at [mem 0xe0000000-0xefffffff] (base 0xe0000000)
Dec 21 19:27:47 arch5510 kernel: PCI: MMCONFIG at [mem 0xe0000000-0xefffffff] reserved in E820
Dec 21 19:27:47 arch5510 kernel: PCI: Using configuration type 1 for base access
Dec 21 19:27:47 arch5510 kernel: ENERGY_PERF_BIAS: Set to 'normal', was 'performance'
Dec 21 19:27:47 arch5510 kernel: HugeTLB registered 1.00 GiB page size, pre-allocated 0 pages
Dec 21 19:27:47 arch5510 kernel: HugeTLB registered 2.00 MiB page size, pre-allocated 0 pages
Dec 21 19:27:47 arch5510 kernel: ACPI: Added _OSI(Module Device)
Dec 21 19:27:47 arch5510 kernel: ACPI: Added _OSI(Processor Device)
Dec 21 19:27:47 arch5510 kernel: ACPI: Added _OSI(3.0 _SCP Extensions)
Dec 21 19:27:47 arch5510 kernel: ACPI: Added _OSI(Processor Aggregator Device)
Dec 21 19:27:47 arch5510 kernel: ACPI: Added _OSI(Linux-Dell-Video)
Dec 21 19:27:47 arch5510 kernel: ACPI: Added _OSI(Linux-Lenovo-NV-HDMI-Audio)
Dec 21 19:27:47 arch5510 kernel: ACPI: Added _OSI(Linux-HPI-Hybrid-Graphics)
Dec 21 19:27:47 arch5510 kernel: ACPI: 13 ACPI AML tables successfully acquired and loaded
Dec 21 19:27:47 arch5510 kernel: ACPI: [Firmware Bug]: BIOS _OSI(Linux) query ignored
Dec 21 19:27:47 arch5510 kernel: ACPI: Dynamic OEM Table Load:
Dec 21 19:27:47 arch5510 kernel: ACPI: SSDT 0xFFFF908FAB4CF800 0005FD (v02 PmRef  Cpu0Ist  00003000 INTL 20120913)
Dec 21 19:27:47 arch5510 kernel: ACPI: \_PR_.CPU0: _OSC native thermal LVT Acked
Dec 21 19:27:47 arch5510 kernel: ACPI: Dynamic OEM Table Load:
Dec 21 19:27:47 arch5510 kernel: ACPI: SSDT 0xFFFF908FAB102000 00037F (v02 PmRef  Cpu0Cst  00003001 INTL 20120913)
Dec 21 19:27:47 arch5510 kernel: ACPI: Dynamic OEM Table Load:
Dec 21 19:27:47 arch5510 kernel: ACPI: SSDT 0xFFFF908FAB4C9000 0005AA (v02 PmRef  ApIst    00003000 INTL 20120913)
Dec 21 19:27:47 arch5510 kernel: ACPI: Dynamic OEM Table Load:
Dec 21 19:27:47 arch5510 kernel: ACPI: SSDT 0xFFFF908FAAD06E00 000119 (v02 PmRef  ApCst    00003000 INTL 20120913)
Dec 21 19:27:47 arch5510 kernel: ACPI: EC: EC started
Dec 21 19:27:47 arch5510 kernel: ACPI: EC: interrupt blocked
Dec 21 19:27:47 arch5510 kernel: ACPI: EC: EC_CMD/EC_SC=0x934, EC_DATA=0x930
Dec 21 19:27:47 arch5510 kernel: ACPI: \_SB_.PCI0.LPCB.ECDV: Boot DSDT EC used to handle transactions
Dec 21 19:27:47 arch5510 kernel: ACPI: Interpreter enabled
Dec 21 19:27:47 arch5510 kernel: ACPI: (supports S0 S3 S4 S5)
Dec 21 19:27:47 arch5510 kernel: ACPI: Using IOAPIC for interrupt routing
Dec 21 19:27:47 arch5510 kernel: PCI: Using host bridge windows from ACPI; if necessary, use "pci=nocrs" and report a bug
Dec 21 19:27:47 arch5510 kernel: ACPI: Enabled 9 GPEs in block 00 to 7F
Dec 21 19:27:47 arch5510 kernel: ACPI: Power Resource [PG00] (on)
Dec 21 19:27:47 arch5510 kernel: ACPI: Power Resource [PG01] (on)
Dec 21 19:27:47 arch5510 kernel: ACPI: Power Resource [PG02] (on)
Dec 21 19:27:47 arch5510 kernel: ACPI: Power Resource [WRST] (off)
Dec 21 19:27:47 arch5510 kernel: ACPI: Power Resource [WRST] (off)
Dec 21 19:27:47 arch5510 kernel: ACPI: Power Resource [WRST] (off)
Dec 21 19:27:47 arch5510 kernel: ACPI: Power Resource [WRST] (off)
Dec 21 19:27:47 arch5510 kernel: ACPI: Power Resource [WRST] (off)
Dec 21 19:27:47 arch5510 kernel: ACPI: Power Resource [WRST] (off)
Dec 21 19:27:47 arch5510 kernel: ACPI: Power Resource [WRST] (off)
Dec 21 19:27:47 arch5510 kernel: ACPI: Power Resource [WRST] (off)
Dec 21 19:27:47 arch5510 kernel: ACPI: Power Resource [WRST] (off)
Dec 21 19:27:47 arch5510 kernel: ACPI: Power Resource [WRST] (off)
Dec 21 19:27:47 arch5510 kernel: ACPI: Power Resource [WRST] (off)
Dec 21 19:27:47 arch5510 kernel: ACPI: Power Resource [WRST] (off)
Dec 21 19:27:47 arch5510 kernel: ACPI: Power Resource [WRST] (off)
Dec 21 19:27:47 arch5510 kernel: ACPI: Power Resource [WRST] (off)
Dec 21 19:27:47 arch5510 kernel: ACPI: Power Resource [WRST] (off)
Dec 21 19:27:47 arch5510 kernel: ACPI: Power Resource [WRST] (off)
Dec 21 19:27:47 arch5510 kernel: ACPI: Power Resource [WRST] (off)
Dec 21 19:27:47 arch5510 kernel: ACPI: Power Resource [WRST] (off)
Dec 21 19:27:47 arch5510 kernel: ACPI: Power Resource [WRST] (off)
Dec 21 19:27:47 arch5510 kernel: ACPI: Power Resource [WRST] (off)
Dec 21 19:27:47 arch5510 kernel: ACPI: Power Resource [FN00] (off)
Dec 21 19:27:47 arch5510 kernel: ACPI: Power Resource [FN01] (off)
Dec 21 19:27:47 arch5510 kernel: ACPI: Power Resource [FN02] (off)
Dec 21 19:27:47 arch5510 kernel: ACPI: Power Resource [FN03] (off)
Dec 21 19:27:47 arch5510 kernel: ACPI: Power Resource [FN04] (off)
Dec 21 19:27:47 arch5510 kernel: ACPI: PCI Root Bridge [PCI0] (domain 0000 [bus 00-fe])
Dec 21 19:27:47 arch5510 kernel: acpi PNP0A08:00: _OSC: OS supports [ExtendedConfig ASPM ClockPM Segments MSI EDR HPX-Type3]
Dec 21 19:27:47 arch5510 kernel: acpi PNP0A08:00: _OSC failed (AE_ERROR); disabling ASPM
Dec 21 19:27:47 arch5510 kernel: PCI host bridge to bus 0000:00
Dec 21 19:27:47 arch5510 kernel: pci_bus 0000:00: root bus resource [io  0x0000-0x0cf7 window]
Dec 21 19:27:47 arch5510 kernel: pci_bus 0000:00: root bus resource [io  0x0d00-0xffff window]
Dec 21 19:27:47 arch5510 kernel: pci_bus 0000:00: root bus resource [mem 0x000a0000-0x000bffff window]
Dec 21 19:27:47 arch5510 kernel: pci_bus 0000:00: root bus resource [mem 0x000c0000-0x000c3fff window]
Dec 21 19:27:47 arch5510 kernel: pci_bus 0000:00: root bus resource [mem 0x000c4000-0x000c7fff window]
Dec 21 19:27:47 arch5510 kernel: pci_bus 0000:00: root bus resource [mem 0x000c8000-0x000cbfff window]
Dec 21 19:27:47 arch5510 kernel: pci_bus 0000:00: root bus resource [mem 0x000cc000-0x000cffff window]
Dec 21 19:27:47 arch5510 kernel: pci_bus 0000:00: root bus resource [mem 0x000d0000-0x000d3fff window]
Dec 21 19:27:47 arch5510 kernel: pci_bus 0000:00: root bus resource [mem 0x000d4000-0x000d7fff window]
Dec 21 19:27:47 arch5510 kernel: pci_bus 0000:00: root bus resource [mem 0x000d8000-0x000dbfff window]
Dec 21 19:27:47 arch5510 kernel: pci_bus 0000:00: root bus resource [mem 0x000dc000-0x000dffff window]
Dec 21 19:27:47 arch5510 kernel: pci_bus 0000:00: root bus resource [mem 0x000e4000-0x000e7fff window]
Dec 21 19:27:47 arch5510 kernel: pci_bus 0000:00: root bus resource [mem 0x000e8000-0x000ebfff window]
Dec 21 19:27:47 arch5510 kernel: pci_bus 0000:00: root bus resource [mem 0x000ec000-0x000effff window]
Dec 21 19:27:47 arch5510 kernel: pci_bus 0000:00: root bus resource [mem 0x40000000-0xdfffffff window]
Dec 21 19:27:47 arch5510 kernel: pci_bus 0000:00: root bus resource [mem 0xfd000000-0xfe7fffff window]
Dec 21 19:27:47 arch5510 kernel: pci_bus 0000:00: root bus resource [bus 00-fe]
Dec 21 19:27:47 arch5510 kernel: pci 0000:00:00.0: [8086:1910] type 00 class 0x060000
Dec 21 19:27:47 arch5510 kernel: pci 0000:00:01.0: [8086:1901] type 01 class 0x060400
Dec 21 19:27:47 arch5510 kernel: pci 0000:00:01.0: PME# supported from D0 D3hot D3cold
Dec 21 19:27:47 arch5510 kernel: pci 0000:00:02.0: [8086:191b] type 00 class 0x030000
Dec 21 19:27:47 arch5510 kernel: pci 0000:00:02.0: reg 0x10: [mem 0xdb000000-0xdbffffff 64bit]
Dec 21 19:27:47 arch5510 kernel: pci 0000:00:02.0: reg 0x18: [mem 0x70000000-0x7fffffff 64bit pref]
Dec 21 19:27:47 arch5510 kernel: pci 0000:00:02.0: reg 0x20: [io  0xf000-0xf03f]
Dec 21 19:27:47 arch5510 kernel: pci 0000:00:02.0: BAR 2: assigned to efifb
Dec 21 19:27:47 arch5510 kernel: pci 0000:00:04.0: [8086:1903] type 00 class 0x118000
Dec 21 19:27:47 arch5510 kernel: pci 0000:00:04.0: reg 0x10: [mem 0xddc20000-0xddc27fff 64bit]
Dec 21 19:27:47 arch5510 kernel: pci 0000:00:14.0: [8086:a12f] type 00 class 0x0c0330
Dec 21 19:27:47 arch5510 kernel: pci 0000:00:14.0: reg 0x10: [mem 0xddc10000-0xddc1ffff 64bit]
Dec 21 19:27:47 arch5510 kernel: pci 0000:00:14.0: PME# supported from D3hot D3cold
Dec 21 19:27:47 arch5510 kernel: pci 0000:00:14.2: [8086:a131] type 00 class 0x118000
Dec 21 19:27:47 arch5510 kernel: pci 0000:00:14.2: reg 0x10: [mem 0xddc38000-0xddc38fff 64bit]
Dec 21 19:27:47 arch5510 kernel: pci 0000:00:15.0: [8086:a160] type 00 class 0x118000
Dec 21 19:27:47 arch5510 kernel: pci 0000:00:15.0: reg 0x10: [mem 0xddc37000-0xddc37fff 64bit]
Dec 21 19:27:47 arch5510 kernel: pci 0000:00:15.1: [8086:a161] type 00 class 0x118000
Dec 21 19:27:47 arch5510 kernel: pci 0000:00:15.1: reg 0x10: [mem 0xddc36000-0xddc36fff 64bit]
Dec 21 19:27:47 arch5510 kernel: pci 0000:00:16.0: [8086:a13a] type 00 class 0x078000
Dec 21 19:27:47 arch5510 kernel: pci 0000:00:16.0: reg 0x10: [mem 0xddc35000-0xddc35fff 64bit]
Dec 21 19:27:47 arch5510 kernel: pci 0000:00:16.0: PME# supported from D3hot
Dec 21 19:27:47 arch5510 kernel: pci 0000:00:17.0: [8086:2822] type 00 class 0x010400
Dec 21 19:27:47 arch5510 kernel: pci 0000:00:17.0: reg 0x10: [mem 0xddc30000-0xddc31fff]
Dec 21 19:27:47 arch5510 kernel: pci 0000:00:17.0: reg 0x14: [mem 0xddc34000-0xddc340ff]
Dec 21 19:27:47 arch5510 kernel: pci 0000:00:17.0: reg 0x18: [io  0xf090-0xf097]
Dec 21 19:27:47 arch5510 kernel: pci 0000:00:17.0: reg 0x1c: [io  0xf080-0xf083]
Dec 21 19:27:47 arch5510 kernel: pci 0000:00:17.0: reg 0x20: [io  0xf060-0xf07f]
Dec 21 19:27:47 arch5510 kernel: pci 0000:00:17.0: reg 0x24: [mem 0xddc33000-0xddc337ff]
Dec 21 19:27:47 arch5510 kernel: pci 0000:00:17.0: PME# supported from D3hot
Dec 21 19:27:47 arch5510 kernel: pci 0000:00:1c.0: [8086:a110] type 01 class 0x060400
Dec 21 19:27:47 arch5510 kernel: pci 0000:00:1c.0: PME# supported from D0 D3hot D3cold
Dec 21 19:27:47 arch5510 kernel: pci 0000:00:1c.1: [8086:a111] type 01 class 0x060400
Dec 21 19:27:47 arch5510 kernel: pci 0000:00:1c.1: PME# supported from D0 D3hot D3cold
Dec 21 19:27:47 arch5510 kernel: pci 0000:00:1d.0: [8086:a118] type 01 class 0x060400
Dec 21 19:27:47 arch5510 kernel: pci 0000:00:1d.0: PME# supported from D0 D3hot D3cold
Dec 21 19:27:47 arch5510 kernel: pci 0000:00:1d.4: [8086:a11c] type 01 class 0x060400
Dec 21 19:27:47 arch5510 kernel: pci 0000:00:1d.4: PME# supported from D0 D3hot D3cold
Dec 21 19:27:47 arch5510 kernel: pci 0000:00:1d.6: [8086:a11e] type 01 class 0x060400
Dec 21 19:27:47 arch5510 kernel: pci 0000:00:1d.6: PME# supported from D0 D3hot D3cold
Dec 21 19:27:47 arch5510 kernel: pci 0000:00:1f.0: [8086:a150] type 00 class 0x060100
Dec 21 19:27:47 arch5510 kernel: pci 0000:00:1f.2: [8086:a121] type 00 class 0x058000
Dec 21 19:27:47 arch5510 kernel: pci 0000:00:1f.2: reg 0x10: [mem 0xddc2c000-0xddc2ffff]
Dec 21 19:27:47 arch5510 kernel: pci 0000:00:1f.3: [8086:a170] type 00 class 0x040380
Dec 21 19:27:47 arch5510 kernel: pci 0000:00:1f.3: reg 0x10: [mem 0xddc28000-0xddc2bfff 64bit]
Dec 21 19:27:47 arch5510 kernel: pci 0000:00:1f.3: reg 0x20: [mem 0xddc00000-0xddc0ffff 64bit]
Dec 21 19:27:47 arch5510 kernel: pci 0000:00:1f.3: PME# supported from D3hot D3cold
Dec 21 19:27:47 arch5510 kernel: pci 0000:00:1f.4: [8086:a123] type 00 class 0x0c0500
Dec 21 19:27:47 arch5510 kernel: pci 0000:00:1f.4: reg 0x10: [mem 0xddc32000-0xddc320ff 64bit]
Dec 21 19:27:47 arch5510 kernel: pci 0000:00:1f.4: reg 0x20: [io  0xf040-0xf05f]
Dec 21 19:27:47 arch5510 kernel: pci 0000:01:00.0: [10de:13b1] type 00 class 0x030200
Dec 21 19:27:47 arch5510 kernel: pci 0000:01:00.0: reg 0x10: [mem 0xdc000000-0xdcffffff]
Dec 21 19:27:47 arch5510 kernel: pci 0000:01:00.0: reg 0x14: [mem 0xb0000000-0xbfffffff 64bit pref]
Dec 21 19:27:47 arch5510 kernel: pci 0000:01:00.0: reg 0x1c: [mem 0xc0000000-0xc1ffffff 64bit pref]
Dec 21 19:27:47 arch5510 kernel: pci 0000:01:00.0: reg 0x24: [io  0xe000-0xe07f]
Dec 21 19:27:47 arch5510 kernel: pci 0000:01:00.0: reg 0x30: [mem 0xdd000000-0xdd07ffff pref]
Dec 21 19:27:47 arch5510 kernel: pci 0000:01:00.0: Enabling HDA controller
Dec 21 19:27:47 arch5510 kernel: pci 0000:01:00.0: 64.000 Gb/s available PCIe bandwidth, limited by 5.0 GT/s PCIe x16 link at 0000:00:01.0 (capable of 126.016 Gb/s with 8.0 GT/s PCIe x16 link)
Dec 21 19:27:47 arch5510 kernel: pci 0000:00:01.0: PCI bridge to [bus 01]
Dec 21 19:27:47 arch5510 kernel: pci 0000:00:01.0:   bridge window [io  0xe000-0xefff]
Dec 21 19:27:47 arch5510 kernel: pci 0000:00:01.0:   bridge window [mem 0xdc000000-0xdd0fffff]
Dec 21 19:27:47 arch5510 kernel: pci 0000:00:01.0:   bridge window [mem 0xb0000000-0xc1ffffff 64bit pref]
Dec 21 19:27:47 arch5510 kernel: pci 0000:02:00.0: [8086:24f3] type 00 class 0x028000
Dec 21 19:27:47 arch5510 kernel: pci 0000:02:00.0: reg 0x10: [mem 0xddb00000-0xddb01fff 64bit]
Dec 21 19:27:47 arch5510 kernel: pci 0000:02:00.0: PME# supported from D0 D3hot D3cold
Dec 21 19:27:47 arch5510 kernel: pci 0000:00:1c.0: PCI bridge to [bus 02]
Dec 21 19:27:47 arch5510 kernel: pci 0000:00:1c.0:   bridge window [mem 0xddb00000-0xddbfffff]
Dec 21 19:27:47 arch5510 kernel: pci 0000:03:00.0: [10ec:525a] type 00 class 0xff0000
Dec 21 19:27:47 arch5510 kernel: pci 0000:03:00.0: reg 0x14: [mem 0xdd100000-0xdd100fff]
Dec 21 19:27:47 arch5510 kernel: pci 0000:03:00.0: supports D1 D2
Dec 21 19:27:47 arch5510 kernel: pci 0000:03:00.0: PME# supported from D1 D2 D3hot D3cold
Dec 21 19:27:47 arch5510 kernel: pci 0000:00:1c.1: PCI bridge to [bus 03]
Dec 21 19:27:47 arch5510 kernel: pci 0000:00:1c.1:   bridge window [io  0xd000-0xdfff]
Dec 21 19:27:47 arch5510 kernel: pci 0000:00:1c.1:   bridge window [mem 0xdd100000-0xddafffff]
Dec 21 19:27:47 arch5510 kernel: pci 0000:00:1c.1:   bridge window [mem 0xc2100000-0xc2afffff 64bit pref]
Dec 21 19:27:47 arch5510 kernel: pci 0000:00:1d.0: PCI bridge to [bus 04]
Dec 21 19:27:47 arch5510 kernel: pci 0000:00:1d.4: PCI bridge to [bus 05]
Dec 21 19:27:47 arch5510 kernel: pci 0000:00:1d.6: PCI bridge to [bus 06-3e]
Dec 21 19:27:47 arch5510 kernel: pci 0000:00:1d.6:   bridge window [mem 0xc4000000-0xda0fffff]
Dec 21 19:27:47 arch5510 kernel: pci 0000:00:1d.6:   bridge window [mem 0x80000000-0xa1ffffff 64bit pref]
Dec 21 19:27:47 arch5510 kernel: ACPI: PCI Interrupt Link [LNKA] (IRQs 3 4 5 6 10 *11 12 14 15)
Dec 21 19:27:47 arch5510 kernel: ACPI: PCI Interrupt Link [LNKB] (IRQs 3 4 5 6 *10 11 12 14 15)
Dec 21 19:27:47 arch5510 kernel: ACPI: PCI Interrupt Link [LNKC] (IRQs 3 4 5 6 10 *11 12 14 15)
Dec 21 19:27:47 arch5510 kernel: ACPI: PCI Interrupt Link [LNKD] (IRQs 3 4 5 6 10 *11 12 14 15)
Dec 21 19:27:47 arch5510 kernel: ACPI: PCI Interrupt Link [LNKE] (IRQs 3 4 5 6 10 *11 12 14 15)
Dec 21 19:27:47 arch5510 kernel: ACPI: PCI Interrupt Link [LNKF] (IRQs 3 4 5 6 10 *11 12 14 15)
Dec 21 19:27:47 arch5510 kernel: ACPI: PCI Interrupt Link [LNKG] (IRQs 3 4 5 6 10 *11 12 14 15)
Dec 21 19:27:47 arch5510 kernel: ACPI: PCI Interrupt Link [LNKH] (IRQs 3 4 5 6 10 *11 12 14 15)
Dec 21 19:27:47 arch5510 kernel: ACPI: EC: interrupt unblocked
Dec 21 19:27:47 arch5510 kernel: ACPI: EC: event unblocked
Dec 21 19:27:47 arch5510 kernel: ACPI: EC: EC_CMD/EC_SC=0x934, EC_DATA=0x930
Dec 21 19:27:47 arch5510 kernel: ACPI: EC: GPE=0x14
Dec 21 19:27:47 arch5510 kernel: ACPI: \_SB_.PCI0.LPCB.ECDV: Boot DSDT EC initialization complete
Dec 21 19:27:47 arch5510 kernel: ACPI: \_SB_.PCI0.LPCB.ECDV: EC: Used to handle transactions and events
Dec 21 19:27:47 arch5510 kernel: iommu: Default domain type: Translated 
Dec 21 19:27:47 arch5510 kernel: pci 0000:00:02.0: vgaarb: setting as boot VGA device
Dec 21 19:27:47 arch5510 kernel: pci 0000:00:02.0: vgaarb: VGA device added: decodes=io+mem,owns=io+mem,locks=none
Dec 21 19:27:47 arch5510 kernel: pci 0000:00:02.0: vgaarb: bridge control possible
Dec 21 19:27:47 arch5510 kernel: vgaarb: loaded
Dec 21 19:27:47 arch5510 kernel: SCSI subsystem initialized
Dec 21 19:27:47 arch5510 kernel: libata version 3.00 loaded.
Dec 21 19:27:47 arch5510 kernel: ACPI: bus type USB registered
Dec 21 19:27:47 arch5510 kernel: usbcore: registered new interface driver usbfs
Dec 21 19:27:47 arch5510 kernel: usbcore: registered new interface driver hub
Dec 21 19:27:47 arch5510 kernel: usbcore: registered new device driver usb
Dec 21 19:27:47 arch5510 kernel: pps_core: LinuxPPS API ver. 1 registered
Dec 21 19:27:47 arch5510 kernel: pps_core: Software ver. 5.3.6 - Copyright 2005-2007 Rodolfo Giometti <giometti@linux.it>
Dec 21 19:27:47 arch5510 kernel: PTP clock support registered
Dec 21 19:27:47 arch5510 kernel: EDAC MC: Ver: 3.0.0
Dec 21 19:27:47 arch5510 kernel: Registered efivars operations
Dec 21 19:27:47 arch5510 kernel: NetLabel: Initializing
Dec 21 19:27:47 arch5510 kernel: NetLabel:  domain hash size = 128
Dec 21 19:27:47 arch5510 kernel: NetLabel:  protocols = UNLABELED CIPSOv4 CALIPSO
Dec 21 19:27:47 arch5510 kernel: NetLabel:  unlabeled traffic allowed by default
Dec 21 19:27:47 arch5510 kernel: audit: type=1409 audit(1608571656.216:2): netlabel: auid=0 ses=0 subj==unconfined nlbl_domain=(default) nlbl_protocol=unlbl res=1
Dec 21 19:27:47 arch5510 kernel: audit: type=1406 audit(1608571656.216:3): netlabel: auid=0 ses=0 subj==unconfined unlbl_accept=1 old=0
Dec 21 19:27:47 arch5510 kernel: PCI: Using ACPI for IRQ routing
Dec 21 19:27:47 arch5510 kernel: PCI: pci_cache_line_size set to 64 bytes
Dec 21 19:27:47 arch5510 kernel: e820: reserve RAM buffer [mem 0x00058000-0x0005ffff]
Dec 21 19:27:47 arch5510 kernel: e820: reserve RAM buffer [mem 0x0009e000-0x0009ffff]
Dec 21 19:27:47 arch5510 kernel: e820: reserve RAM buffer [mem 0x28a2a000-0x2bffffff]
Dec 21 19:27:47 arch5510 kernel: e820: reserve RAM buffer [mem 0x34481000-0x37ffffff]
Dec 21 19:27:47 arch5510 kernel: e820: reserve RAM buffer [mem 0x36c08000-0x37ffffff]
Dec 21 19:27:47 arch5510 kernel: e820: reserve RAM buffer [mem 0x3a500000-0x3bffffff]
Dec 21 19:27:47 arch5510 kernel: e820: reserve RAM buffer [mem 0x4be000000-0x4bfffffff]
Dec 21 19:27:47 arch5510 kernel: hpet0: at MMIO 0xfed00000, IRQs 2, 8, 0, 0, 0, 0, 0, 0
Dec 21 19:27:47 arch5510 kernel: hpet0: 8 comparators, 64-bit 24.000000 MHz counter
Dec 21 19:27:47 arch5510 kernel: clocksource: Switched to clocksource tsc-early
Dec 21 19:27:47 arch5510 kernel: VFS: Disk quotas dquot_6.6.0
Dec 21 19:27:47 arch5510 kernel: VFS: Dquot-cache hash table entries: 512 (order 0, 4096 bytes)
Dec 21 19:27:47 arch5510 kernel: AppArmor: AppArmor Filesystem Enabled
Dec 21 19:27:47 arch5510 kernel: audit: type=1400 audit(1608571656.253:4): apparmor="STATUS" info="AppArmor Filesystem Enabled" pid=1 comm="swapper/0"
Dec 21 19:27:47 arch5510 kernel: pnp: PnP ACPI init
Dec 21 19:27:47 arch5510 kernel: system 00:00: [io  0x0680-0x069f] has been reserved
Dec 21 19:27:47 arch5510 kernel: system 00:00: [io  0xffff] has been reserved
Dec 21 19:27:47 arch5510 kernel: system 00:00: [io  0xffff] has been reserved
Dec 21 19:27:47 arch5510 kernel: system 00:00: [io  0xffff] has been reserved
Dec 21 19:27:47 arch5510 kernel: system 00:00: [io  0x1800-0x18fe] has been reserved
Dec 21 19:27:47 arch5510 kernel: system 00:00: [io  0x164e-0x164f] has been reserved
Dec 21 19:27:47 arch5510 kernel: system 00:00: Plug and Play ACPI device, IDs PNP0c02 (active)
Dec 21 19:27:47 arch5510 kernel: system 00:01: [io  0x0800-0x087f] has been reserved
Dec 21 19:27:47 arch5510 kernel: system 00:01: Plug and Play ACPI device, IDs PNP0c02 (active)
Dec 21 19:27:47 arch5510 kernel: pnp 00:02: Plug and Play ACPI device, IDs PNP0b00 (active)
Dec 21 19:27:47 arch5510 kernel: system 00:03: [io  0x1854-0x1857] has been reserved
Dec 21 19:27:47 arch5510 kernel: system 00:03: Plug and Play ACPI device, IDs INT3f0d PNP0c02 (active)
Dec 21 19:27:47 arch5510 kernel: pnp 00:04: Plug and Play ACPI device, IDs PNP0303 (active)
Dec 21 19:27:47 arch5510 kernel: pnp 00:05: Plug and Play ACPI device, IDs DLL06e5 PNP0f13 (active)
Dec 21 19:27:47 arch5510 kernel: system 00:06: [mem 0xfed10000-0xfed17fff] has been reserved
Dec 21 19:27:47 arch5510 kernel: system 00:06: [mem 0xfed18000-0xfed18fff] has been reserved
Dec 21 19:27:47 arch5510 kernel: system 00:06: [mem 0xfed19000-0xfed19fff] has been reserved
Dec 21 19:27:47 arch5510 kernel: system 00:06: [mem 0xe0000000-0xefffffff] has been reserved
Dec 21 19:27:47 arch5510 kernel: system 00:06: [mem 0xfed20000-0xfed3ffff] has been reserved
Dec 21 19:27:47 arch5510 kernel: system 00:06: [mem 0xfed90000-0xfed93fff] could not be reserved
Dec 21 19:27:47 arch5510 kernel: system 00:06: [mem 0xfed45000-0xfed8ffff] has been reserved
Dec 21 19:27:47 arch5510 kernel: system 00:06: [mem 0xff000000-0xffffffff] has been reserved
Dec 21 19:27:47 arch5510 kernel: system 00:06: [mem 0xfee00000-0xfeefffff] could not be reserved
Dec 21 19:27:47 arch5510 kernel: system 00:06: [mem 0xdffe0000-0xdfffffff] has been reserved
Dec 21 19:27:47 arch5510 kernel: system 00:06: Plug and Play ACPI device, IDs PNP0c02 (active)
Dec 21 19:27:47 arch5510 kernel: system 00:07: [mem 0xfd000000-0xfdabffff] has been reserved
Dec 21 19:27:47 arch5510 kernel: system 00:07: [mem 0xfdad0000-0xfdadffff] has been reserved
Dec 21 19:27:47 arch5510 kernel: system 00:07: [mem 0xfdb00000-0xfdffffff] has been reserved
Dec 21 19:27:47 arch5510 kernel: system 00:07: [mem 0xfe000000-0xfe01ffff] could not be reserved
Dec 21 19:27:47 arch5510 kernel: system 00:07: [mem 0xfe036000-0xfe03bfff] has been reserved
Dec 21 19:27:47 arch5510 kernel: system 00:07: [mem 0xfe03d000-0xfe3fffff] has been reserved
Dec 21 19:27:47 arch5510 kernel: system 00:07: [mem 0xfe410000-0xfe7fffff] has been reserved
Dec 21 19:27:47 arch5510 kernel: system 00:07: Plug and Play ACPI device, IDs PNP0c02 (active)
Dec 21 19:27:47 arch5510 kernel: system 00:08: [io  0xff00-0xfffe] has been reserved
Dec 21 19:27:47 arch5510 kernel: system 00:08: Plug and Play ACPI device, IDs PNP0c02 (active)
Dec 21 19:27:47 arch5510 kernel: system 00:09: [mem 0xfdaf0000-0xfdafffff] has been reserved
Dec 21 19:27:47 arch5510 kernel: system 00:09: [mem 0xfdae0000-0xfdaeffff] has been reserved
Dec 21 19:27:47 arch5510 kernel: system 00:09: [mem 0xfdac0000-0xfdacffff] has been reserved
Dec 21 19:27:47 arch5510 kernel: system 00:09: Plug and Play ACPI device, IDs PNP0c02 (active)
Dec 21 19:27:47 arch5510 kernel: pnp: PnP ACPI: found 10 devices
Dec 21 19:27:47 arch5510 kernel: clocksource: acpi_pm: mask: 0xffffff max_cycles: 0xffffff, max_idle_ns: 2085701024 ns
Dec 21 19:27:47 arch5510 kernel: NET: Registered protocol family 2
Dec 21 19:27:47 arch5510 kernel: tcp_listen_portaddr_hash hash table entries: 8192 (order: 5, 131072 bytes, linear)
Dec 21 19:27:47 arch5510 kernel: TCP established hash table entries: 131072 (order: 8, 1048576 bytes, linear)
Dec 21 19:27:47 arch5510 kernel: TCP bind hash table entries: 65536 (order: 8, 1048576 bytes, linear)
Dec 21 19:27:47 arch5510 kernel: TCP: Hash tables configured (established 131072 bind 65536)
Dec 21 19:27:47 arch5510 kernel: MPTCP token hash table entries: 16384 (order: 6, 393216 bytes, linear)
Dec 21 19:27:47 arch5510 kernel: UDP hash table entries: 8192 (order: 6, 262144 bytes, linear)
Dec 21 19:27:47 arch5510 kernel: UDP-Lite hash table entries: 8192 (order: 6, 262144 bytes, linear)
Dec 21 19:27:47 arch5510 kernel: NET: Registered protocol family 1
Dec 21 19:27:47 arch5510 kernel: NET: Registered protocol family 44
Dec 21 19:27:47 arch5510 kernel: pci 0000:00:1d.6: bridge window [io  0x1000-0x0fff] to [bus 06-3e] add_size 1000
Dec 21 19:27:47 arch5510 kernel: pci 0000:00:1d.6: BAR 13: assigned [io  0x2000-0x2fff]
Dec 21 19:27:47 arch5510 kernel: pci 0000:00:01.0: PCI bridge to [bus 01]
Dec 21 19:27:47 arch5510 kernel: pci 0000:00:01.0:   bridge window [io  0xe000-0xefff]
Dec 21 19:27:47 arch5510 kernel: pci 0000:00:01.0:   bridge window [mem 0xdc000000-0xdd0fffff]
Dec 21 19:27:47 arch5510 kernel: pci 0000:00:01.0:   bridge window [mem 0xb0000000-0xc1ffffff 64bit pref]
Dec 21 19:27:47 arch5510 kernel: pci 0000:00:1c.0: PCI bridge to [bus 02]
Dec 21 19:27:47 arch5510 kernel: pci 0000:00:1c.0:   bridge window [mem 0xddb00000-0xddbfffff]
Dec 21 19:27:47 arch5510 kernel: pci 0000:00:1c.1: PCI bridge to [bus 03]
Dec 21 19:27:47 arch5510 kernel: pci 0000:00:1c.1:   bridge window [io  0xd000-0xdfff]
Dec 21 19:27:47 arch5510 kernel: pci 0000:00:1c.1:   bridge window [mem 0xdd100000-0xddafffff]
Dec 21 19:27:47 arch5510 kernel: pci 0000:00:1c.1:   bridge window [mem 0xc2100000-0xc2afffff 64bit pref]
Dec 21 19:27:47 arch5510 kernel: pci 0000:00:1d.0: PCI bridge to [bus 04]
Dec 21 19:27:47 arch5510 kernel: pci 0000:00:1d.4: PCI bridge to [bus 05]
Dec 21 19:27:47 arch5510 kernel: pci 0000:00:1d.6: PCI bridge to [bus 06-3e]
Dec 21 19:27:47 arch5510 kernel: pci 0000:00:1d.6:   bridge window [io  0x2000-0x2fff]
Dec 21 19:27:47 arch5510 kernel: pci 0000:00:1d.6:   bridge window [mem 0xc4000000-0xda0fffff]
Dec 21 19:27:47 arch5510 kernel: pci 0000:00:1d.6:   bridge window [mem 0x80000000-0xa1ffffff 64bit pref]
Dec 21 19:27:47 arch5510 kernel: pci_bus 0000:00: resource 4 [io  0x0000-0x0cf7 window]
Dec 21 19:27:47 arch5510 kernel: pci_bus 0000:00: resource 5 [io  0x0d00-0xffff window]
Dec 21 19:27:47 arch5510 kernel: pci_bus 0000:00: resource 6 [mem 0x000a0000-0x000bffff window]
Dec 21 19:27:47 arch5510 kernel: pci_bus 0000:00: resource 7 [mem 0x000c0000-0x000c3fff window]
Dec 21 19:27:47 arch5510 kernel: pci_bus 0000:00: resource 8 [mem 0x000c4000-0x000c7fff window]
Dec 21 19:27:47 arch5510 kernel: pci_bus 0000:00: resource 9 [mem 0x000c8000-0x000cbfff window]
Dec 21 19:27:47 arch5510 kernel: pci_bus 0000:00: resource 10 [mem 0x000cc000-0x000cffff window]
Dec 21 19:27:47 arch5510 kernel: pci_bus 0000:00: resource 11 [mem 0x000d0000-0x000d3fff window]
Dec 21 19:27:47 arch5510 kernel: pci_bus 0000:00: resource 12 [mem 0x000d4000-0x000d7fff window]
Dec 21 19:27:47 arch5510 kernel: pci_bus 0000:00: resource 13 [mem 0x000d8000-0x000dbfff window]
Dec 21 19:27:47 arch5510 kernel: pci_bus 0000:00: resource 14 [mem 0x000dc000-0x000dffff window]
Dec 21 19:27:47 arch5510 kernel: pci_bus 0000:00: resource 15 [mem 0x000e4000-0x000e7fff window]
Dec 21 19:27:47 arch5510 kernel: pci_bus 0000:00: resource 16 [mem 0x000e8000-0x000ebfff window]
Dec 21 19:27:47 arch5510 kernel: pci_bus 0000:00: resource 17 [mem 0x000ec000-0x000effff window]
Dec 21 19:27:47 arch5510 kernel: pci_bus 0000:00: resource 18 [mem 0x40000000-0xdfffffff window]
Dec 21 19:27:47 arch5510 kernel: pci_bus 0000:00: resource 19 [mem 0xfd000000-0xfe7fffff window]
Dec 21 19:27:47 arch5510 kernel: pci_bus 0000:01: resource 0 [io  0xe000-0xefff]
Dec 21 19:27:47 arch5510 kernel: pci_bus 0000:01: resource 1 [mem 0xdc000000-0xdd0fffff]
Dec 21 19:27:47 arch5510 kernel: pci_bus 0000:01: resource 2 [mem 0xb0000000-0xc1ffffff 64bit pref]
Dec 21 19:27:47 arch5510 kernel: pci_bus 0000:02: resource 1 [mem 0xddb00000-0xddbfffff]
Dec 21 19:27:47 arch5510 kernel: pci_bus 0000:03: resource 0 [io  0xd000-0xdfff]
Dec 21 19:27:47 arch5510 kernel: pci_bus 0000:03: resource 1 [mem 0xdd100000-0xddafffff]
Dec 21 19:27:47 arch5510 kernel: pci_bus 0000:03: resource 2 [mem 0xc2100000-0xc2afffff 64bit pref]
Dec 21 19:27:47 arch5510 kernel: pci_bus 0000:06: resource 0 [io  0x2000-0x2fff]
Dec 21 19:27:47 arch5510 kernel: pci_bus 0000:06: resource 1 [mem 0xc4000000-0xda0fffff]
Dec 21 19:27:47 arch5510 kernel: pci_bus 0000:06: resource 2 [mem 0x80000000-0xa1ffffff 64bit pref]
Dec 21 19:27:47 arch5510 kernel: pci 0000:00:02.0: Video device with shadowed ROM at [mem 0x000c0000-0x000dffff]
Dec 21 19:27:47 arch5510 kernel: PCI: CLS 0 bytes, default 64
Dec 21 19:27:47 arch5510 kernel: Trying to unpack rootfs image as initramfs...
Dec 21 19:27:47 arch5510 kernel: Freeing initrd memory: 24592K
Dec 21 19:27:47 arch5510 kernel: DMAR: ACPI device "device:6f" under DMAR at fed91000 as 00:15.0
Dec 21 19:27:47 arch5510 kernel: DMAR: ACPI device "device:70" under DMAR at fed91000 as 00:15.1
Dec 21 19:27:47 arch5510 kernel: PCI-DMA: Using software bounce buffering for IO (SWIOTLB)
Dec 21 19:27:47 arch5510 kernel: software IO TLB: mapped [mem 0x2df48000-0x31f48000] (64MB)
Dec 21 19:27:47 arch5510 kernel: check: Scanning for low memory corruption every 60 seconds
Dec 21 19:27:47 arch5510 kernel: Initialise system trusted keyrings
Dec 21 19:27:47 arch5510 kernel: Key type blacklist registered
Dec 21 19:27:47 arch5510 kernel: workingset: timestamp_bits=41 max_order=22 bucket_order=0
Dec 21 19:27:47 arch5510 kernel: zbud: loaded
Dec 21 19:27:47 arch5510 kernel: Key type asymmetric registered
Dec 21 19:27:47 arch5510 kernel: Asymmetric key parser 'x509' registered
Dec 21 19:27:47 arch5510 kernel: Block layer SCSI generic (bsg) driver version 0.4 loaded (major 244)
Dec 21 19:27:47 arch5510 kernel: io scheduler mq-deadline registered
Dec 21 19:27:47 arch5510 kernel: io scheduler kyber registered
Dec 21 19:27:47 arch5510 kernel: io scheduler bfq registered
Dec 21 19:27:47 arch5510 kernel: shpchp: Standard Hot Plug PCI Controller Driver version: 0.4
Dec 21 19:27:47 arch5510 kernel: efifb: probing for efifb
Dec 21 19:27:47 arch5510 kernel: efifb: framebuffer at 0x70000000, using 32448k, total 32448k
Dec 21 19:27:47 arch5510 kernel: efifb: mode is 3840x2160x32, linelength=15360, pages=1
Dec 21 19:27:47 arch5510 kernel: efifb: scrolling: redraw
Dec 21 19:27:47 arch5510 kernel: efifb: Truecolor: size=8:8:8:8, shift=24:16:8:0
Dec 21 19:27:47 arch5510 kernel: fbcon: Deferring console take-over
Dec 21 19:27:47 arch5510 kernel: fb0: EFI VGA frame buffer device
Dec 21 19:27:47 arch5510 kernel: intel_idle: MWAIT substates: 0x11142120
Dec 21 19:27:47 arch5510 kernel: intel_idle: v0.5.1 model 0x5E
Dec 21 19:27:47 arch5510 kernel: intel_idle: Local APIC timer is reliable in all C-states
Dec 21 19:27:47 arch5510 kernel: input: Lid Switch as /devices/LNXSYSTM:00/LNXSYBUS:00/PNP0C0D:00/input/input0
Dec 21 19:27:47 arch5510 kernel: ACPI: Lid Switch [LID0]
Dec 21 19:27:47 arch5510 kernel: input: Power Button as /devices/LNXSYSTM:00/LNXSYBUS:00/PNP0C0C:00/input/input1
Dec 21 19:27:47 arch5510 kernel: ACPI: Power Button [PBTN]
Dec 21 19:27:47 arch5510 kernel: input: Sleep Button as /devices/LNXSYSTM:00/LNXSYBUS:00/PNP0C0E:00/input/input2
Dec 21 19:27:47 arch5510 kernel: ACPI: Sleep Button [SBTN]
Dec 21 19:27:47 arch5510 kernel: input: Power Button as /devices/LNXSYSTM:00/LNXPWRBN:00/input/input3
Dec 21 19:27:47 arch5510 kernel: ACPI: Power Button [PWRF]
Dec 21 19:27:47 arch5510 kernel: thermal LNXTHERM:00: registered as thermal_zone0
Dec 21 19:27:47 arch5510 kernel: ACPI: Thermal Zone [THM] (25 C)
Dec 21 19:27:47 arch5510 kernel: ACPI BIOS Error (bug): Could not resolve symbol [\_SB.PCI0.LPCB.HEC.ECAV], AE_NOT_FOUND (20200717/psargs-330)
Dec 21 19:27:47 arch5510 kernel: ACPI Error: Aborting method \_TZ.TZ00._TMP due to previous error (AE_NOT_FOUND) (20200717/psparse-529)
Dec 21 19:27:47 arch5510 kernel: ACPI BIOS Error (bug): Could not resolve symbol [\_SB.PCI0.LPCB.HEC.ECAV], AE_NOT_FOUND (20200717/psargs-330)
Dec 21 19:27:47 arch5510 kernel: ACPI Error: Aborting method \_TZ.TZ00._TMP due to previous error (AE_NOT_FOUND) (20200717/psparse-529)
Dec 21 19:27:47 arch5510 kernel: ACPI BIOS Error (bug): Could not resolve symbol [\_SB.PCI0.LPCB.HEC.ECAV], AE_NOT_FOUND (20200717/psargs-330)
Dec 21 19:27:47 arch5510 kernel: ACPI Error: Aborting method \_TZ.TZ01._TMP due to previous error (AE_NOT_FOUND) (20200717/psparse-529)
Dec 21 19:27:47 arch5510 kernel: ACPI BIOS Error (bug): Could not resolve symbol [\_SB.PCI0.LPCB.HEC.ECAV], AE_NOT_FOUND (20200717/psargs-330)
Dec 21 19:27:47 arch5510 kernel: ACPI Error: Aborting method \_TZ.TZ01._TMP due to previous error (AE_NOT_FOUND) (20200717/psparse-529)
Dec 21 19:27:47 arch5510 kernel: Serial: 8250/16550 driver, 4 ports, IRQ sharing enabled
Dec 21 19:27:47 arch5510 kernel: AMD-Vi: AMD IOMMUv2 driver by Joerg Roedel <jroedel@suse.de>
Dec 21 19:27:47 arch5510 kernel: AMD-Vi: AMD IOMMUv2 functionality not available on this system
Dec 21 19:27:47 arch5510 kernel: ahci 0000:00:17.0: version 3.0
Dec 21 19:27:47 arch5510 kernel: ahci 0000:00:17.0: controller can't do SNTF, turning off CAP_SNTF
Dec 21 19:27:47 arch5510 kernel: ahci 0000:00:17.0: SSS flag set, parallel bus scan disabled
Dec 21 19:27:47 arch5510 kernel: ahci 0000:00:17.0: AHCI 0001.0301 32 slots 2 ports 6 Gbps 0x3 impl RAID mode
Dec 21 19:27:47 arch5510 kernel: ahci 0000:00:17.0: flags: 64bit ncq stag pm led clo only pio slum part ems deso sadm sds apst 
Dec 21 19:27:47 arch5510 kernel: scsi host0: ahci
Dec 21 19:27:47 arch5510 kernel: scsi host1: ahci
Dec 21 19:27:47 arch5510 kernel: ata1: SATA max UDMA/133 abar m2048@0xddc33000 port 0xddc33100 irq 128
Dec 21 19:27:47 arch5510 kernel: ata2: SATA max UDMA/133 abar m2048@0xddc33000 port 0xddc33180 irq 128
Dec 21 19:27:47 arch5510 kernel: usbcore: registered new interface driver usbserial_generic
Dec 21 19:27:47 arch5510 kernel: usbserial: USB Serial support registered for generic
Dec 21 19:27:47 arch5510 kernel: rtc_cmos 00:02: RTC can wake from S4
Dec 21 19:27:47 arch5510 kernel: rtc_cmos 00:02: registered as rtc0
Dec 21 19:27:47 arch5510 kernel: rtc_cmos 00:02: setting system clock to 2020-12-21T17:27:37 UTC (1608571657)
Dec 21 19:27:47 arch5510 kernel: rtc_cmos 00:02: alarms up to one month, y3k, 242 bytes nvram, hpet irqs
Dec 21 19:27:47 arch5510 kernel: audit: type=1332 audit(1608571657.500:5): sec=1 nsec=-165653522
Dec 21 19:27:47 arch5510 kernel: intel_pstate: Intel P-state driver initializing
Dec 21 19:27:47 arch5510 kernel: intel_pstate: HWP enabled
Dec 21 19:27:47 arch5510 kernel: ledtrig-cpu: registered to indicate activity on CPUs
Dec 21 19:27:47 arch5510 kernel: intel_pmc_core INT33A1:00:  initialized
Dec 21 19:27:47 arch5510 kernel: drop_monitor: Initializing network drop monitor service
Dec 21 19:27:47 arch5510 kernel: NET: Registered protocol family 10
Dec 21 19:27:47 arch5510 kernel: Segment Routing with IPv6
Dec 21 19:27:47 arch5510 kernel: RPL Segment Routing with IPv6
Dec 21 19:27:47 arch5510 kernel: NET: Registered protocol family 17
Dec 21 19:27:47 arch5510 kernel: microcode: sig=0x506e3, pf=0x20, revision=0xe2
Dec 21 19:27:47 arch5510 kernel: microcode: Microcode Update Driver: v2.2.
Dec 21 19:27:47 arch5510 kernel: IPI shorthand broadcast: enabled
Dec 21 19:27:47 arch5510 kernel: sched_clock: Marking stable (769221960, 628708)->(774085269, -4234601)
Dec 21 19:27:47 arch5510 kernel: registered taskstats version 1
Dec 21 19:27:47 arch5510 kernel: Loading compiled-in X.509 certificates
Dec 21 19:27:47 arch5510 kernel: Loaded X.509 cert 'Build time autogenerated kernel key: 82b5889aaa59dbf702af08992c2866a5527a56f2'
Dec 21 19:27:47 arch5510 kernel: zswap: loaded using pool lz4/z3fold
Dec 21 19:27:47 arch5510 kernel: Key type ._fscrypt registered
Dec 21 19:27:47 arch5510 kernel: Key type .fscrypt registered
Dec 21 19:27:47 arch5510 kernel: Key type fscrypt-provisioning registered
Dec 21 19:27:47 arch5510 kernel: AppArmor: AppArmor sha1 policy hashing enabled
Dec 21 19:27:47 arch5510 kernel: audit: type=1400 audit(1608571657.510:6): apparmor="STATUS" info="AppArmor sha1 policy hashing enabled" pid=1 comm="swapper/0"
Dec 21 19:27:47 arch5510 kernel: PM:   Magic number: 0:346:492
Dec 21 19:27:47 arch5510 kernel: RAS: Correctable Errors collector initialized.
Dec 21 19:27:47 arch5510 kernel: ata1: SATA link up 6.0 Gbps (SStatus 133 SControl 300)
Dec 21 19:27:47 arch5510 kernel: ata1.00: ATA-9: SanDisk SD7SN6S-512G-1006, X3511006, max UDMA/133
Dec 21 19:27:47 arch5510 kernel: ata1.00: 1000215216 sectors, multi 1: LBA48 NCQ (depth 32), AA
Dec 21 19:27:47 arch5510 kernel: ata1.00: configured for UDMA/133
Dec 21 19:27:47 arch5510 kernel: scsi 0:0:0:0: Direct-Access     ATA      SanDisk SD7SN6S- 1006 PQ: 0 ANSI: 5
Dec 21 19:27:47 arch5510 kernel: sd 0:0:0:0: [sda] 1000215216 512-byte logical blocks: (512 GB/477 GiB)
Dec 21 19:27:47 arch5510 kernel: sd 0:0:0:0: [sda] 4096-byte physical blocks
Dec 21 19:27:47 arch5510 kernel: sd 0:0:0:0: [sda] Write Protect is off
Dec 21 19:27:47 arch5510 kernel: sd 0:0:0:0: [sda] Mode Sense: 00 3a 00 00
Dec 21 19:27:47 arch5510 kernel: sd 0:0:0:0: [sda] Write cache: enabled, read cache: enabled, doesn't support DPO or FUA
Dec 21 19:27:47 arch5510 kernel:  sda: sda1 sda2
Dec 21 19:27:47 arch5510 kernel: sd 0:0:0:0: [sda] Attached SCSI disk
Dec 21 19:27:47 arch5510 kernel: ata2: SATA link down (SStatus 4 SControl 300)
Dec 21 19:27:47 arch5510 kernel: Freeing unused decrypted memory: 2040K
Dec 21 19:27:47 arch5510 kernel: Freeing unused kernel image (initmem) memory: 1660K
Dec 21 19:27:47 arch5510 kernel: Write protecting the kernel read-only data: 24576k
Dec 21 19:27:47 arch5510 kernel: Freeing unused kernel image (text/rodata gap) memory: 2044K
Dec 21 19:27:47 arch5510 kernel: Freeing unused kernel image (rodata/data gap) memory: 240K
Dec 21 19:27:47 arch5510 kernel: x86/mm: Checked W+X mappings: passed, no W+X pages found.
Dec 21 19:27:47 arch5510 kernel: x86/mm: Checking user space page tables
Dec 21 19:27:47 arch5510 kernel: x86/mm: Checked W+X mappings: passed, no W+X pages found.
Dec 21 19:27:47 arch5510 kernel: Run /init as init process
Dec 21 19:27:47 arch5510 kernel:   with arguments:
Dec 21 19:27:47 arch5510 kernel:     /init
Dec 21 19:27:47 arch5510 kernel:   with environment:
Dec 21 19:27:47 arch5510 kernel:     HOME=/
Dec 21 19:27:47 arch5510 kernel:     TERM=linux
Dec 21 19:27:47 arch5510 kernel:     BOOT_IMAGE=/vmlinuz-linux
Dec 21 19:27:47 arch5510 kernel:     cryptdevice=/dev/lvm/lvroot:root
Dec 21 19:27:47 arch5510 kernel: fbcon: Taking over console
Dec 21 19:27:47 arch5510 kernel: Console: switching to colour frame buffer device 240x67
Dec 21 19:27:47 arch5510 kernel: i8042: PNP: PS/2 Controller [PNP0303:PS2K,PNP0f13:PS2M] at 0x60,0x64 irq 1,12
Dec 21 19:27:47 arch5510 kernel: i8042: Warning: Keylock active
Dec 21 19:27:47 arch5510 kernel: serio: i8042 KBD port at 0x60,0x64 irq 1
Dec 21 19:27:47 arch5510 kernel: serio: i8042 AUX port at 0x60,0x64 irq 12
Dec 21 19:27:47 arch5510 kernel: xhci_hcd 0000:00:14.0: xHCI Host Controller
Dec 21 19:27:47 arch5510 kernel: xhci_hcd 0000:00:14.0: new USB bus registered, assigned bus number 1
Dec 21 19:27:47 arch5510 kernel: xhci_hcd 0000:00:14.0: hcc params 0x200077c1 hci version 0x100 quirks 0x0000000001109810
Dec 21 19:27:47 arch5510 kernel: xhci_hcd 0000:00:14.0: cache line size of 64 is not supported
Dec 21 19:27:47 arch5510 kernel: usb usb1: New USB device found, idVendor=1d6b, idProduct=0002, bcdDevice= 5.09
Dec 21 19:27:47 arch5510 kernel: usb usb1: New USB device strings: Mfr=3, Product=2, SerialNumber=1
Dec 21 19:27:47 arch5510 kernel: usb usb1: Product: xHCI Host Controller
Dec 21 19:27:47 arch5510 kernel: usb usb1: Manufacturer: Linux 5.9.14-arch1-1 xhci-hcd
Dec 21 19:27:47 arch5510 kernel: usb usb1: SerialNumber: 0000:00:14.0
Dec 21 19:27:47 arch5510 kernel: hub 1-0:1.0: USB hub found
Dec 21 19:27:47 arch5510 kernel: hub 1-0:1.0: 16 ports detected
Dec 21 19:27:47 arch5510 kernel: cryptd: max_cpu_qlen set to 1000
Dec 21 19:27:47 arch5510 kernel: xhci_hcd 0000:00:14.0: xHCI Host Controller
Dec 21 19:27:47 arch5510 kernel: xhci_hcd 0000:00:14.0: new USB bus registered, assigned bus number 2
Dec 21 19:27:47 arch5510 kernel: xhci_hcd 0000:00:14.0: Host supports USB 3.0 SuperSpeed
Dec 21 19:27:47 arch5510 kernel: usb usb2: New USB device found, idVendor=1d6b, idProduct=0003, bcdDevice= 5.09
Dec 21 19:27:47 arch5510 kernel: usb usb2: New USB device strings: Mfr=3, Product=2, SerialNumber=1
Dec 21 19:27:47 arch5510 kernel: usb usb2: Product: xHCI Host Controller
Dec 21 19:27:47 arch5510 kernel: usb usb2: Manufacturer: Linux 5.9.14-arch1-1 xhci-hcd
Dec 21 19:27:47 arch5510 kernel: usb usb2: SerialNumber: 0000:00:14.0
Dec 21 19:27:47 arch5510 kernel: hub 2-0:1.0: USB hub found
Dec 21 19:27:47 arch5510 kernel: hub 2-0:1.0: 10 ports detected
Dec 21 19:27:47 arch5510 kernel: usb: port power management may be unreliable
Dec 21 19:27:47 arch5510 kernel: AVX2 version of gcm_enc/dec engaged.
Dec 21 19:27:47 arch5510 kernel: AES CTR mode by8 optimization enabled
Dec 21 19:27:47 arch5510 kernel: input: AT Translated Set 2 keyboard as /devices/platform/i8042/serio0/input/input4
Dec 21 19:27:47 arch5510 kernel: random: lvm: uninitialized urandom read (4 bytes read)
Dec 21 19:27:47 arch5510 kernel: device-mapper: uevent: version 1.0.3
Dec 21 19:27:47 arch5510 kernel: device-mapper: ioctl: 4.42.0-ioctl (2020-02-27) initialised: dm-devel@redhat.com
Dec 21 19:27:47 arch5510 kernel: random: lvm: uninitialized urandom read (2 bytes read)
Dec 21 19:27:47 arch5510 kernel: tsc: Refined TSC clocksource calibration: 2711.998 MHz
Dec 21 19:27:47 arch5510 kernel: clocksource: tsc: mask: 0xffffffffffffffff max_cycles: 0x27178451938, max_idle_ns: 440795251172 ns
Dec 21 19:27:47 arch5510 kernel: clocksource: Switched to clocksource tsc
Dec 21 19:27:47 arch5510 kernel: Key type encrypted registered
Dec 21 19:27:47 arch5510 kernel: random: cryptsetup: uninitialized urandom read (4 bytes read)
Dec 21 19:27:47 arch5510 kernel: usb 1-4: new full-speed USB device number 2 using xhci_hcd
Dec 21 19:27:47 arch5510 kernel: usb 1-4: New USB device found, idVendor=8087, idProduct=0a2b, bcdDevice= 0.01
Dec 21 19:27:47 arch5510 kernel: usb 1-4: New USB device strings: Mfr=0, Product=0, SerialNumber=0
Dec 21 19:27:47 arch5510 kernel: usb 1-9: new full-speed USB device number 3 using xhci_hcd
Dec 21 19:27:47 arch5510 kernel: usb 1-9: New USB device found, idVendor=04f3, idProduct=21d5, bcdDevice=11.12
Dec 21 19:27:47 arch5510 kernel: usb 1-9: New USB device strings: Mfr=4, Product=14, SerialNumber=0
Dec 21 19:27:47 arch5510 kernel: usb 1-9: Product: Touchscreen
Dec 21 19:27:47 arch5510 kernel: usb 1-9: Manufacturer: ELAN
Dec 21 19:27:47 arch5510 kernel: hid: raw HID events driver (C) Jiri Kosina
Dec 21 19:27:47 arch5510 kernel: usbcore: registered new interface driver usbhid
Dec 21 19:27:47 arch5510 kernel: usbhid: USB HID core driver
Dec 21 19:27:47 arch5510 kernel: input: ELAN Touchscreen as /devices/pci0000:00/0000:00:14.0/usb1/1-9/1-9:1.0/0003:04F3:21D5.0001/input/input6
Dec 21 19:27:47 arch5510 kernel: input: ELAN Touchscreen as /devices/pci0000:00/0000:00:14.0/usb1/1-9/1-9:1.0/0003:04F3:21D5.0001/input/input7
Dec 21 19:27:47 arch5510 kernel: input: ELAN Touchscreen as /devices/pci0000:00/0000:00:14.0/usb1/1-9/1-9:1.0/0003:04F3:21D5.0001/input/input8
Dec 21 19:27:47 arch5510 kernel: hid-generic 0003:04F3:21D5.0001: input,hiddev0,hidraw0: USB HID v1.10 Device [ELAN Touchscreen] on usb-0000:00:14.0-9/input0
Dec 21 19:27:47 arch5510 kernel: input: ELAN Touchscreen as /devices/pci0000:00/0000:00:14.0/usb1/1-9/1-9:1.0/0003:04F3:21D5.0001/input/input10
Dec 21 19:27:47 arch5510 kernel: input: ELAN Touchscreen UNKNOWN as /devices/pci0000:00/0000:00:14.0/usb1/1-9/1-9:1.0/0003:04F3:21D5.0001/input/input11
Dec 21 19:27:47 arch5510 kernel: input: ELAN Touchscreen UNKNOWN as /devices/pci0000:00/0000:00:14.0/usb1/1-9/1-9:1.0/0003:04F3:21D5.0001/input/input12
Dec 21 19:27:47 arch5510 kernel: hid-multitouch 0003:04F3:21D5.0001: input,hiddev0,hidraw0: USB HID v1.10 Device [ELAN Touchscreen] on usb-0000:00:14.0-9/input0
Dec 21 19:27:47 arch5510 kernel: usb 1-12: new high-speed USB device number 4 using xhci_hcd
Dec 21 19:27:47 arch5510 kernel: usb 1-12: New USB device found, idVendor=0c45, idProduct=6713, bcdDevice=56.05
Dec 21 19:27:47 arch5510 kernel: usb 1-12: New USB device strings: Mfr=2, Product=1, SerialNumber=0
Dec 21 19:27:47 arch5510 kernel: usb 1-12: Product: Integrated_Webcam_HD
Dec 21 19:27:47 arch5510 kernel: usb 1-12: Manufacturer: CN045G287248771FB02SA01
Dec 21 19:27:47 arch5510 kernel: urandom_read: 1 callbacks suppressed
Dec 21 19:27:47 arch5510 kernel: random: cryptsetup: uninitialized urandom read (2 bytes read)
Dec 21 19:27:47 arch5510 kernel: EXT4-fs (dm-3): mounted filesystem with ordered data mode. Opts: (null)
Dec 21 19:27:47 arch5510 kernel: random: fast init done
Dec 21 19:27:47 arch5510 systemd[1]: systemd 247.2-1-arch running in system mode. (+PAM +AUDIT -SELINUX -IMA -APPARMOR +SMACK -SYSVINIT +UTMP +LIBCRYPTSETUP +GCRYPT +GNUTLS +ACL +XZ +LZ4 +ZSTD +SECCOMP +BLKID +ELFUTILS +KMOD +IDN2 -IDN +PCRE2 default-hierarchy=hybrid)
Dec 21 19:27:47 arch5510 systemd[1]: Detected architecture x86-64.
Dec 21 19:27:47 arch5510 systemd[1]: Set hostname to <arch5510>.
Dec 21 19:27:47 arch5510 kernel: audit: type=1334 audit(1608571667.444:7): prog-id=1 op=LOAD
Dec 21 19:27:47 arch5510 kernel: audit: type=1334 audit(1608571667.474:8): prog-id=1 op=UNLOAD
Dec 21 19:27:47 arch5510 kernel: audit: type=1334 audit(1608571667.474:9): prog-id=2 op=LOAD
Dec 21 19:27:47 arch5510 kernel: audit: type=1334 audit(1608571667.474:10): prog-id=2 op=UNLOAD
Dec 21 19:27:47 arch5510 kernel: random: crng init done
Dec 21 19:27:47 arch5510 systemd[1]: Queued start job for default target Graphical Interface.
Dec 21 19:27:47 arch5510 systemd[1]: Created slice system-getty.slice.
Dec 21 19:27:47 arch5510 systemd[1]: Created slice system-modprobe.slice.
Dec 21 19:27:47 arch5510 systemd[1]: Created slice Cryptsetup Units Slice.
Dec 21 19:27:47 arch5510 systemd[1]: Created slice system-systemd\x2dfsck.slice.
Dec 21 19:27:47 arch5510 systemd[1]: Created slice User and Session Slice.
Dec 21 19:27:47 arch5510 systemd[1]: Started Dispatch Password Requests to Console Directory Watch.
Dec 21 19:27:47 arch5510 systemd[1]: Started Forward Password Requests to Wall Directory Watch.
Dec 21 19:27:47 arch5510 systemd[1]: Set up automount Arbitrary Executable File Formats File System Automount Point.
Dec 21 19:27:47 arch5510 systemd[1]: Reached target Paths.
Dec 21 19:27:47 arch5510 systemd[1]: Reached target Remote File Systems.
Dec 21 19:27:47 arch5510 systemd[1]: Reached target Slices.
Dec 21 19:27:47 arch5510 systemd[1]: Listening on Device-mapper event daemon FIFOs.
Dec 21 19:27:47 arch5510 systemd[1]: Listening on LVM2 metadata daemon socket.
Dec 21 19:27:47 arch5510 systemd[1]: Listening on LVM2 poll daemon socket.
Dec 21 19:27:47 arch5510 systemd[1]: Listening on Process Core Dump Socket.
Dec 21 19:27:47 arch5510 systemd[1]: Listening on Journal Audit Socket.
Dec 21 19:27:47 arch5510 kernel: audit: type=1335 audit(1608571667.731:11): pid=1 uid=0 auid=4294967295 tty=(none) ses=4294967295 subj==unconfined comm="systemd" exe="/usr/lib/systemd/systemd" nl-mcgrp=1 op=connect res=1
Dec 21 19:27:47 arch5510 systemd[1]: Listening on Journal Socket (/dev/log).
Dec 21 19:27:47 arch5510 systemd[1]: Listening on Journal Socket.
Dec 21 19:27:47 arch5510 systemd[1]: Listening on udev Control Socket.
Dec 21 19:27:47 arch5510 systemd[1]: Listening on udev Kernel Socket.
Dec 21 19:27:47 arch5510 systemd[1]: Mounting Huge Pages File System...
Dec 21 19:27:47 arch5510 systemd[1]: Mounting POSIX Message Queue File System...
Dec 21 19:27:47 arch5510 systemd[1]: Mounting Kernel Debug File System...
Dec 21 19:27:47 arch5510 systemd[1]: Mounting Kernel Trace File System...
Dec 21 19:27:47 arch5510 systemd[1]: Starting Load AppArmor profiles...
Dec 21 19:27:47 arch5510 systemd[1]: Starting Create list of static device nodes for the current kernel...
Dec 21 19:27:47 arch5510 systemd[1]: Starting Monitoring of LVM2 mirrors, snapshots etc. using dmeventd or progress polling...
Dec 21 19:27:47 arch5510 systemd[1]: Starting Load Kernel Module configfs...
Dec 21 19:27:47 arch5510 systemd[1]: Starting Load Kernel Module drm...
Dec 21 19:27:47 arch5510 systemd[1]: Starting Load Kernel Module fuse...
Dec 21 19:27:47 arch5510 systemd[1]: Condition check resulted in Set Up Additional Binary Formats being skipped.
Dec 21 19:27:47 arch5510 systemd[1]: Condition check resulted in File System Check on Root Device being skipped.
Dec 21 19:27:47 arch5510 kernel: audit: type=1334 audit(1608571667.741:12): prog-id=3 op=LOAD
Dec 21 19:27:47 arch5510 kernel: audit: type=1334 audit(1608571667.741:13): prog-id=4 op=LOAD
Dec 21 19:27:47 arch5510 systemd[1]: Starting Journal Service...
Dec 21 19:27:47 arch5510 systemd[1]: Starting Load Kernel Modules...
Dec 21 19:27:47 arch5510 systemd[1]: Starting Remount Root and Kernel File Systems...
Dec 21 19:27:47 arch5510 systemd[1]: Condition check resulted in Repartition Root Disk being skipped.
Dec 21 19:27:47 arch5510 systemd[1]: Starting Coldplug All udev Devices...
Dec 21 19:27:47 arch5510 kernel: Linux agpgart interface v0.103
Dec 21 19:27:47 arch5510 systemd[1]: Mounted Huge Pages File System.
Dec 21 19:27:47 arch5510 systemd[1]: Mounted POSIX Message Queue File System.
Dec 21 19:27:47 arch5510 systemd[1]: Mounted Kernel Debug File System.
Dec 21 19:27:47 arch5510 systemd[1]: Mounted Kernel Trace File System.
Dec 21 19:27:47 arch5510 systemd[1]: Finished Create list of static device nodes for the current kernel.
Dec 21 19:27:47 arch5510 kernel: audit: type=1130 audit(1608571667.751:14): pid=1 uid=0 auid=4294967295 ses=4294967295 subj==unconfined msg='unit=kmod-static-nodes comm="systemd" exe="/usr/lib/systemd/systemd" hostname=? addr=? terminal=? res=success'
Dec 21 19:27:47 arch5510 systemd[1]: modprobe@configfs.service: Succeeded.
Dec 21 19:27:47 arch5510 systemd[1]: Finished Load Kernel Module configfs.
Dec 21 19:27:47 arch5510 kernel: audit: type=1130 audit(1608571667.751:15): pid=1 uid=0 auid=4294967295 ses=4294967295 subj==unconfined msg='unit=modprobe@configfs comm="systemd" exe="/usr/lib/systemd/systemd" hostname=? addr=? terminal=? res=success'
Dec 21 19:27:47 arch5510 kernel: audit: type=1131 audit(1608571667.751:16): pid=1 uid=0 auid=4294967295 ses=4294967295 subj==unconfined msg='unit=modprobe@configfs comm="systemd" exe="/usr/lib/systemd/systemd" hostname=? addr=? terminal=? res=success'
Dec 21 19:27:47 arch5510 systemd[1]: Mounting Kernel Configuration File System...
Dec 21 19:27:47 arch5510 kernel: EXT4-fs (dm-3): re-mounted. Opts: (null)
Dec 21 19:27:47 arch5510 kernel: acpi_call: loading out-of-tree module taints kernel.
Dec 21 19:27:47 arch5510 kernel: acpi_call: module verification failed: signature and/or required key missing - tainting kernel
Dec 21 19:27:47 arch5510 systemd[1]: Finished Remount Root and Kernel File Systems.
Dec 21 19:27:47 arch5510 systemd[1]: Condition check resulted in First Boot Wizard being skipped.
Dec 21 19:27:47 arch5510 systemd[1]: Condition check resulted in Rebuild Hardware Database being skipped.
Dec 21 19:27:47 arch5510 systemd[1]: Starting Load/Save Random Seed...
Dec 21 19:27:47 arch5510 systemd[1]: Condition check resulted in Create System Users being skipped.
Dec 21 19:27:47 arch5510 kernel: fuse: init (API version 7.31)
Dec 21 19:27:47 arch5510 systemd[1]: Starting Create Static Device Nodes in /dev...
Dec 21 19:27:47 arch5510 systemd[1]: modprobe@fuse.service: Succeeded.
Dec 21 19:27:47 arch5510 systemd[1]: Finished Load Kernel Module fuse.
Dec 21 19:27:47 arch5510 systemd[1]: Finished Load Kernel Modules.
Dec 21 19:27:47 arch5510 systemd[1]: Mounted Kernel Configuration File System.
Dec 21 19:27:47 arch5510 systemd[1]: Mounting FUSE Control File System...
Dec 21 19:27:47 arch5510 systemd[1]: Starting Apply Kernel Variables...
Dec 21 19:27:47 arch5510 systemd[1]: Finished Load/Save Random Seed.
Dec 21 19:27:47 arch5510 systemd[1]: Mounted FUSE Control File System.
Dec 21 19:27:47 arch5510 systemd[1]: Finished Apply Kernel Variables.
Dec 21 19:27:47 arch5510 systemd[1]: Condition check resulted in First Boot Complete being skipped.
Dec 21 19:27:47 arch5510 systemd[1]: Finished Create Static Device Nodes in /dev.
Dec 21 19:27:47 arch5510 systemd[1]: modprobe@drm.service: Succeeded.
Dec 21 19:27:47 arch5510 systemd[1]: Finished Load Kernel Module drm.
Dec 21 19:27:47 arch5510 systemd[1]: Starting Rule-based Manager for Device Events and Files...
Dec 21 19:27:47 arch5510 systemd-journald[395]: Journal started
 Subject: The journal has been started
 Defined-By: systemd
 Support: https://lists.freedesktop.org/mailman/listinfo/systemd-devel
 
 The system journal process has started up, opened the journal
 files for writing and is now ready to process requests.
Dec 21 19:27:47 arch5510 systemd-journald[395]: Runtime Journal (/run/log/journal/2913f9ad3d4941fd933b8dd344ec147d) is 8.0M, max 791.3M, 783.3M free.
 Subject: Disk space used by the journal
 Defined-By: systemd
 Support: https://lists.freedesktop.org/mailman/listinfo/systemd-devel
 
 Runtime Journal (/run/log/journal/2913f9ad3d4941fd933b8dd344ec147d) is currently using 8.0M.
 Maximum allowed usage is set to 791.3M.
 Leaving at least 395.6M free (of currently available 7.7G of disk space).
 Enforced usage limit is thus 791.3M, of which 783.3M are still available.
 
 The limits controlling how much disk space is used by the journal may
 be configured with SystemMaxUse=, SystemKeepFree=, SystemMaxFileSize=,
 RuntimeMaxUse=, RuntimeKeepFree=, RuntimeMaxFileSize= settings in
 /etc/systemd/journald.conf. See journald.conf(5) for details.
Dec 21 19:27:47 arch5510 audit[1]: EVENT_LISTENER pid=1 uid=0 auid=4294967295 tty=(none) ses=4294967295 subj==unconfined comm="systemd" exe="/usr/lib/systemd/systemd" nl-mcgrp=1 op=connect res=1
Dec 21 19:27:47 arch5510 audit: BPF prog-id=3 op=LOAD
Dec 21 19:27:47 arch5510 audit: BPF prog-id=4 op=LOAD
Dec 21 19:27:47 arch5510 audit[1]: SERVICE_START pid=1 uid=0 auid=4294967295 ses=4294967295 subj==unconfined msg='unit=kmod-static-nodes comm="systemd" exe="/usr/lib/systemd/systemd" hostname=? addr=? terminal=? res=success'
Dec 21 19:27:47 arch5510 audit[1]: SERVICE_START pid=1 uid=0 auid=4294967295 ses=4294967295 subj==unconfined msg='unit=modprobe@configfs comm="systemd" exe="/usr/lib/systemd/systemd" hostname=? addr=? terminal=? res=success'
Dec 21 19:27:47 arch5510 audit[1]: SERVICE_STOP pid=1 uid=0 auid=4294967295 ses=4294967295 subj==unconfined msg='unit=modprobe@configfs comm="systemd" exe="/usr/lib/systemd/systemd" hostname=? addr=? terminal=? res=success'
Dec 21 19:27:47 arch5510 audit[1]: SERVICE_START pid=1 uid=0 auid=4294967295 ses=4294967295 subj==unconfined msg='unit=systemd-remount-fs comm="systemd" exe="/usr/lib/systemd/systemd" hostname=? addr=? terminal=? res=success'
Dec 21 19:27:47 arch5510 audit[1]: SERVICE_START pid=1 uid=0 auid=4294967295 ses=4294967295 subj==unconfined msg='unit=modprobe@fuse comm="systemd" exe="/usr/lib/systemd/systemd" hostname=? addr=? terminal=? res=success'
Dec 21 19:27:47 arch5510 audit[1]: SERVICE_STOP pid=1 uid=0 auid=4294967295 ses=4294967295 subj==unconfined msg='unit=modprobe@fuse comm="systemd" exe="/usr/lib/systemd/systemd" hostname=? addr=? terminal=? res=success'
Dec 21 19:27:47 arch5510 audit[1]: SERVICE_START pid=1 uid=0 auid=4294967295 ses=4294967295 subj==unconfined msg='unit=systemd-modules-load comm="systemd" exe="/usr/lib/systemd/systemd" hostname=? addr=? terminal=? res=success'
Dec 21 19:27:47 arch5510 audit[1]: SERVICE_START pid=1 uid=0 auid=4294967295 ses=4294967295 subj==unconfined msg='unit=systemd-random-seed comm="systemd" exe="/usr/lib/systemd/systemd" hostname=? addr=? terminal=? res=success'
Dec 21 19:27:47 arch5510 audit: CONFIG_CHANGE op=set audit_enabled=1 old=1 auid=4294967295 ses=4294967295 subj==unconfined res=1
Dec 21 19:27:47 arch5510 audit[1]: SERVICE_START pid=1 uid=0 auid=4294967295 ses=4294967295 subj==unconfined msg='unit=systemd-sysctl comm="systemd" exe="/usr/lib/systemd/systemd" hostname=? addr=? terminal=? res=success'
Dec 21 19:27:47 arch5510 audit[1]: SERVICE_START pid=1 uid=0 auid=4294967295 ses=4294967295 subj==unconfined msg='unit=systemd-tmpfiles-setup-dev comm="systemd" exe="/usr/lib/systemd/systemd" hostname=? addr=? terminal=? res=success'
Dec 21 19:27:47 arch5510 audit[1]: SERVICE_START pid=1 uid=0 auid=4294967295 ses=4294967295 subj==unconfined msg='unit=modprobe@drm comm="systemd" exe="/usr/lib/systemd/systemd" hostname=? addr=? terminal=? res=success'
Dec 21 19:27:47 arch5510 audit[1]: SERVICE_STOP pid=1 uid=0 auid=4294967295 ses=4294967295 subj==unconfined msg='unit=modprobe@drm comm="systemd" exe="/usr/lib/systemd/systemd" hostname=? addr=? terminal=? res=success'
Dec 21 19:27:47 arch5510 audit: BPF prog-id=5 op=LOAD
Dec 21 19:27:47 arch5510 audit: BPF prog-id=6 op=LOAD
Dec 21 19:27:47 arch5510 audit[414]: AVC apparmor="STATUS" operation="profile_load" profile="unconfined" name="firejail-default" pid=414 comm="apparmor_parser"
Dec 21 19:27:47 arch5510 systemd-modules-load[396]: Inserted module 'acpi_call'
Dec 21 19:27:47 arch5510 systemd-modules-load[396]: Inserted module 'crypto_user'
Dec 21 19:27:47 arch5510 systemd-sysctl[408]: Not setting net/ipv4/conf/all/rp_filter (explicit setting exists).
Dec 21 19:27:47 arch5510 systemd[1]: Started Journal Service.
Dec 21 19:27:47 arch5510 systemd-sysctl[408]: Not setting net/ipv4/conf/default/rp_filter (explicit setting exists).
Dec 21 19:27:47 arch5510 systemd-sysctl[408]: Not setting net/ipv4/conf/all/accept_source_route (explicit setting exists).
Dec 21 19:27:47 arch5510 apparmor.systemd[388]: Restarting AppArmor
Dec 21 19:27:47 arch5510 apparmor.systemd[388]: Reloading AppArmor profiles
Dec 21 19:27:47 arch5510 systemd-sysctl[408]: Not setting net/ipv4/conf/default/accept_source_route (explicit setting exists).
Dec 21 19:27:47 arch5510 systemd-sysctl[408]: Not setting net/ipv4/conf/all/promote_secondaries (explicit setting exists).
Dec 21 19:27:47 arch5510 systemd-sysctl[408]: Not setting net/ipv4/conf/default/promote_secondaries (explicit setting exists).
Dec 21 19:27:47 arch5510 audit[1]: SERVICE_START pid=1 uid=0 auid=4294967295 ses=4294967295 subj==unconfined msg='unit=systemd-journald comm="systemd" exe="/usr/lib/systemd/systemd" hostname=? addr=? terminal=? res=success'
Dec 21 19:27:47 arch5510 systemd[1]: Starting Flush Journal to Persistent Storage...
 Subject: A start job for unit systemd-journal-flush.service has begun execution
 Defined-By: systemd
 Support: https://lists.freedesktop.org/mailman/listinfo/systemd-devel
 
 A start job for unit systemd-journal-flush.service has begun execution.
 
 The job identifier is 69.
Dec 21 19:27:47 arch5510 systemd-journald[395]: Time spent on flushing to /var/log/journal/2913f9ad3d4941fd933b8dd344ec147d is 161.900ms for 914 entries.
Dec 21 19:27:47 arch5510 systemd-journald[395]: System Journal (/var/log/journal/2913f9ad3d4941fd933b8dd344ec147d) is 112.0M, max 4.0G, 3.8G free.
 Subject: Disk space used by the journal
 Defined-By: systemd
 Support: https://lists.freedesktop.org/mailman/listinfo/systemd-devel
 
 System Journal (/var/log/journal/2913f9ad3d4941fd933b8dd344ec147d) is currently using 112.0M.
 Maximum allowed usage is set to 4.0G.
 Leaving at least 4.0G free (of currently available 419.2G of disk space).
 Enforced usage limit is thus 4.0G, of which 3.8G are still available.
 
 The limits controlling how much disk space is used by the journal may
 be configured with SystemMaxUse=, SystemKeepFree=, SystemMaxFileSize=,
 RuntimeMaxUse=, RuntimeKeepFree=, RuntimeMaxFileSize= settings in
 /etc/systemd/journald.conf. See journald.conf(5) for details.
Dec 21 19:27:48 arch5510 kernel: ACPI: AC Adapter [AC] (on-line)
Dec 21 19:27:48 arch5510 kernel: tpm_tis MSFT0101:00: 2.0 TPM (device-id 0xFE, rev-id 2)
Dec 21 19:27:47 arch5510 audit[410]: AVC apparmor="STATUS" operation="profile_load" profile="unconfined" name="dovecot-managesieve" pid=410 comm="apparmor_parser"
Dec 21 19:27:47 arch5510 audit[1]: SERVICE_START pid=1 uid=0 auid=4294967295 ses=4294967295 subj==unconfined msg='unit=systemd-udev-trigger comm="systemd" exe="/usr/lib/systemd/systemd" hostname=? addr=? terminal=? res=success'
Dec 21 19:27:47 arch5510 audit[1]: SERVICE_START pid=1 uid=0 auid=4294967295 ses=4294967295 subj==unconfined msg='unit=systemd-udevd comm="systemd" exe="/usr/lib/systemd/systemd" hostname=? addr=? terminal=? res=success'
Dec 21 19:27:47 arch5510 audit[1]: SERVICE_START pid=1 uid=0 auid=4294967295 ses=4294967295 subj==unconfined msg='unit=lvm2-lvmetad comm="systemd" exe="/usr/lib/systemd/systemd" hostname=? addr=? terminal=? res=success'
Dec 21 19:27:47 arch5510 audit[417]: AVC apparmor="STATUS" operation="profile_load" profile="unconfined" name="identd" pid=417 comm="apparmor_parser"
Dec 21 19:27:47 arch5510 audit[412]: AVC apparmor="STATUS" operation="profile_load" profile="unconfined" name="avahi-daemon" pid=412 comm="apparmor_parser"
Dec 21 19:27:47 arch5510 audit[415]: AVC apparmor="STATUS" operation="profile_load" profile="unconfined" name="traceroute" pid=415 comm="apparmor_parser"
Dec 21 19:27:47 arch5510 audit[448]: AVC apparmor="STATUS" operation="profile_load" profile="unconfined" name="dovecot-managesieve-login" pid=448 comm="apparmor_parser"
Dec 21 19:27:48 arch5510 audit[420]: AVC apparmor="STATUS" operation="profile_load" profile="unconfined" name="dovecot-dovecot-auth" pid=420 comm="apparmor_parser"
Dec 21 19:27:47 arch5510 systemd[1]: Finished Coldplug All udev Devices.
 Subject: A start job for unit systemd-udev-trigger.service has finished successfully
 Defined-By: systemd
 Support: https://lists.freedesktop.org/mailman/listinfo/systemd-devel
 
 A start job for unit systemd-udev-trigger.service has finished successfully.
 
 The job identifier is 23.
Dec 21 19:27:47 arch5510 systemd[1]: Started Rule-based Manager for Device Events and Files.
 Subject: A start job for unit systemd-udevd.service has finished successfully
 Defined-By: systemd
 Support: https://lists.freedesktop.org/mailman/listinfo/systemd-devel
 
 A start job for unit systemd-udevd.service has finished successfully.
 
 The job identifier is 17.
Dec 21 19:27:47 arch5510 systemd[1]: Started LVM2 metadata daemon.
 Subject: A start job for unit lvm2-lvmetad.service has finished successfully
 Defined-By: systemd
 Support: https://lists.freedesktop.org/mailman/listinfo/systemd-devel
 
 A start job for unit lvm2-lvmetad.service has finished successfully.
 
 The job identifier is 106.
Dec 21 19:27:48 arch5510 systemd[1]: Finished Flush Journal to Persistent Storage.
 Subject: A start job for unit systemd-journal-flush.service has finished successfully
 Defined-By: systemd
 Support: https://lists.freedesktop.org/mailman/listinfo/systemd-devel
 
 A start job for unit systemd-journal-flush.service has finished successfully.
 
 The job identifier is 69.
Dec 21 19:27:48 arch5510 audit[1]: SERVICE_START pid=1 uid=0 auid=4294967295 ses=4294967295 subj==unconfined msg='unit=systemd-journal-flush comm="systemd" exe="/usr/lib/systemd/systemd" hostname=? addr=? terminal=? res=success'
Dec 21 19:27:48 arch5510 kernel: wmi_bus wmi_bus-PNP0C14:02: WQBC data block query control method not found
Dec 21 19:27:48 arch5510 audit[422]: AVC apparmor="STATUS" operation="profile_load" profile="unconfined" name="dovecot-auth" pid=422 comm="apparmor_parser"
Dec 21 19:27:48 arch5510 audit[413]: AVC apparmor="STATUS" operation="profile_load" profile="unconfined" name="dovecot" pid=413 comm="apparmor_parser"
Dec 21 19:27:48 arch5510 kernel: ACPI Warning: \_SB.IETM._ART: Return Package type mismatch at index 0 - found Integer, expected Reference (20200717/nspredef-258)
Dec 21 19:27:48 arch5510 kernel: ACPI: Invalid package element [0]: got number, expecting [R]
Dec 21 19:27:48 arch5510 kernel: _ART package 0 is invalid, ignored
Dec 21 19:27:48 arch5510 kernel: ACPI Warning: \_SB.IETM._TRT: Return Package has no elements (empty) (20200717/nsprepkg-94)
Dec 21 19:27:48 arch5510 audit[462]: AVC apparmor="STATUS" operation="profile_load" profile="unconfined" name="lsb_release" pid=462 comm="apparmor_parser"
Dec 21 19:27:48 arch5510 audit[411]: AVC apparmor="STATUS" operation="profile_load" profile="unconfined" name="dnsmasq" pid=411 comm="apparmor_parser"
Dec 21 19:27:48 arch5510 audit[411]: AVC apparmor="STATUS" operation="profile_load" profile="unconfined" name="dnsmasq//libvirt_leaseshelper" pid=411 comm="apparmor_parser"
Dec 21 19:27:48 arch5510 audit[466]: AVC apparmor="STATUS" operation="profile_load" profile="unconfined" name="dovecot-stats" pid=466 comm="apparmor_parser"
Dec 21 19:27:48 arch5510 audit[450]: AVC apparmor="STATUS" operation="profile_load" profile="unconfined" name="dovecot-dict" pid=450 comm="apparmor_parser"
Dec 21 19:27:48 arch5510 systemd[1]: Created slice system-lvm2\x2dpvscan.slice.
 Subject: A start job for unit system-lvm2\x2dpvscan.slice has finished successfully
 Defined-By: systemd
 Support: https://lists.freedesktop.org/mailman/listinfo/systemd-devel
 
 A start job for unit system-lvm2\x2dpvscan.slice has finished successfully.
 
 The job identifier is 113.
Dec 21 19:27:48 arch5510 systemd[1]: Starting LVM2 PV scan on device 8:2...
 Subject: A start job for unit lvm2-pvscan@8:2.service has begun execution
 Defined-By: systemd
 Support: https://lists.freedesktop.org/mailman/listinfo/systemd-devel
 
 A start job for unit lvm2-pvscan@8:2.service has begun execution.
 
 The job identifier is 112.
Dec 21 19:27:48 arch5510 lvm[479]:   pvscan[479] WARNING: lvmetad is being updated, retrying (setup) for 10 more seconds.
Dec 21 19:27:48 arch5510 kernel: battery: ACPI: Battery Slot [BAT0] (battery present)
Dec 21 19:27:48 arch5510 audit[476]: AVC apparmor="STATUS" operation="profile_load" profile="unconfined" name="dovecot-log" pid=476 comm="apparmor_parser"
Dec 21 19:27:48 arch5510 systemd[1]: Found device SanDisk_SD7SN6S-512G-1006 EFI\x20system\x20partition.
 Subject: A start job for unit dev-sda1.device has finished successfully
 Defined-By: systemd
 Support: https://lists.freedesktop.org/mailman/listinfo/systemd-devel
 
 A start job for unit dev-sda1.device has finished successfully.
 
 The job identifier is 54.
Dec 21 19:27:48 arch5510 audit[464]: AVC apparmor="STATUS" operation="profile_load" profile="unconfined" name="dovecot-deliver" pid=464 comm="apparmor_parser"
Dec 21 19:27:48 arch5510 audit[451]: AVC apparmor="STATUS" operation="profile_load" profile="unconfined" name="syslog-ng" pid=451 comm="apparmor_parser"
Dec 21 19:27:48 arch5510 lvm[390]:   3 logical volume(s) in volume group "lvm" monitored
Dec 21 19:27:48 arch5510 kernel: intel-lpss 0000:00:15.0: enabling device (0000 -> 0002)
Dec 21 19:27:48 arch5510 kernel: idma64 idma64.0: Found Intel integrated DMA 64-bit
Dec 21 19:27:48 arch5510 kernel: proc_thermal 0000:00:04.0: enabling device (0000 -> 0002)
Dec 21 19:27:48 arch5510 kernel: input: PC Speaker as /devices/platform/pcspkr/input/input14
Dec 21 19:27:48 arch5510 audit[465]: AVC apparmor="STATUS" operation="profile_load" profile="unconfined" name="php-fpm" pid=465 comm="apparmor_parser"
Dec 21 19:27:48 arch5510 kernel: i801_smbus 0000:00:1f.4: SPD Write Disable is set
Dec 21 19:27:48 arch5510 kernel: i801_smbus 0000:00:1f.4: SMBus using PCI interrupt
Dec 21 19:27:48 arch5510 kernel: intel_rapl_common: Found RAPL domain package
Dec 21 19:27:48 arch5510 kernel: intel_rapl_common: Found RAPL domain dram
Dec 21 19:27:48 arch5510 kernel: proc_thermal 0000:00:04.0: Creating sysfs group for PROC_THERMAL_PCI
Dec 21 19:27:48 arch5510 audit[449]: AVC apparmor="STATUS" operation="profile_load" profile="unconfined" name="ntpd" pid=449 comm="apparmor_parser"
Dec 21 19:27:48 arch5510 audit[483]: AVC apparmor="STATUS" operation="profile_load" profile="unconfined" name="dovecot-ssl-params" pid=483 comm="apparmor_parser"
Dec 21 19:27:48 arch5510 kernel: intel-lpss 0000:00:15.1: enabling device (0000 -> 0002)
Dec 21 19:27:48 arch5510 kernel: idma64 idma64.1: Found Intel integrated DMA 64-bit
Dec 21 19:27:48 arch5510 kernel: i2c i2c-0: 2/2 memory slots populated (from DMI)
Dec 21 19:27:48 arch5510 kernel: i2c i2c-0: Successfully instantiated SPD at 0x50
Dec 21 19:27:48 arch5510 kernel: i2c_hid i2c-DLL06E5:01: supply vdd not found, using dummy regulator
Dec 21 19:27:48 arch5510 kernel: i2c_hid i2c-DLL06E5:01: supply vddl not found, using dummy regulator
Dec 21 19:27:48 arch5510 systemd[1]: Finished Monitoring of LVM2 mirrors, snapshots etc. using dmeventd or progress polling.
 Subject: A start job for unit lvm2-monitor.service has finished successfully
 Defined-By: systemd
 Support: https://lists.freedesktop.org/mailman/listinfo/systemd-devel
 
 A start job for unit lvm2-monitor.service has finished successfully.
 
 The job identifier is 47.
Dec 21 19:27:48 arch5510 audit[1]: SERVICE_START pid=1 uid=0 auid=4294967295 ses=4294967295 subj==unconfined msg='unit=lvm2-monitor comm="systemd" exe="/usr/lib/systemd/systemd" hostname=? addr=? terminal=? res=success'
Dec 21 19:27:48 arch5510 systemd[1]: Reached target Local File Systems (Pre).
 Subject: A start job for unit local-fs-pre.target has finished successfully
 Defined-By: systemd
 Support: https://lists.freedesktop.org/mailman/listinfo/systemd-devel
 
 A start job for unit local-fs-pre.target has finished successfully.
 
 The job identifier is 56.
Dec 21 19:27:48 arch5510 kernel: mei_me 0000:00:16.0: enabling device (0000 -> 0002)
Dec 21 19:27:48 arch5510 systemd[1]: Condition check resulted in Virtual Machine and Container Storage (Compatibility) being skipped.
 Subject: A start job for unit var-lib-machines.mount has finished successfully
 Defined-By: systemd
 Support: https://lists.freedesktop.org/mailman/listinfo/systemd-devel
 
 A start job for unit var-lib-machines.mount has finished successfully.
 
 The job identifier is 102.
Dec 21 19:27:48 arch5510 systemd[1]: Starting File System Check on /dev/sda1...
 Subject: A start job for unit systemd-fsck@dev-sda1.service has begun execution
 Defined-By: systemd
 Support: https://lists.freedesktop.org/mailman/listinfo/systemd-devel
 
 A start job for unit systemd-fsck@dev-sda1.service has begun execution.
 
 The job identifier is 52.
Dec 21 19:27:48 arch5510 audit[482]: AVC apparmor="STATUS" operation="profile_load" profile="unconfined" name="dovecot-config" pid=482 comm="apparmor_parser"
Dec 21 19:27:48 arch5510 systemd-fsck[512]: fsck.fat 4.1 (2017-01-24)
Dec 21 19:27:48 arch5510 systemd-fsck[512]: /dev/sda1: 365 files, 21697/130556 clusters
Dec 21 19:27:48 arch5510 systemd[1]: Finished File System Check on /dev/sda1.
 Subject: A start job for unit systemd-fsck@dev-sda1.service has finished successfully
 Defined-By: systemd
 Support: https://lists.freedesktop.org/mailman/listinfo/systemd-devel
 
 A start job for unit systemd-fsck@dev-sda1.service has finished successfully.
 
 The job identifier is 52.
Dec 21 19:27:48 arch5510 audit[1]: SERVICE_START pid=1 uid=0 auid=4294967295 ses=4294967295 subj==unconfined msg='unit=systemd-fsck@dev-sda1 comm="systemd" exe="/usr/lib/systemd/systemd" hostname=? addr=? terminal=? res=success'
Dec 21 19:27:48 arch5510 systemd[1]: Mounting /boot...
 Subject: A start job for unit boot.mount has begun execution
 Defined-By: systemd
 Support: https://lists.freedesktop.org/mailman/listinfo/systemd-devel
 
 A start job for unit boot.mount has begun execution.
 
 The job identifier is 51.
Dec 21 19:27:48 arch5510 audit[481]: AVC apparmor="STATUS" operation="profile_load" profile="unconfined" name="dovecot-lmtp" pid=481 comm="apparmor_parser"
Dec 21 19:27:48 arch5510 audit[491]: AVC apparmor="STATUS" operation="profile_load" profile="unconfined" name="nscd" pid=491 comm="apparmor_parser"
Dec 21 19:27:48 arch5510 kernel: cfg80211: Loading compiled-in X.509 certificates for regulatory database
Dec 21 19:27:48 arch5510 kernel: cfg80211: Loaded X.509 cert 'sforshee: 00b28ddf47aef9cea7'
Dec 21 19:27:48 arch5510 kernel: platform regulatory.0: Direct firmware load for regulatory.db failed with error -2
Dec 21 19:27:48 arch5510 kernel: cfg80211: failed to load regulatory.db
Dec 21 19:27:48 arch5510 audit[522]: AVC apparmor="STATUS" operation="profile_load" profile="unconfined" name="klogd" pid=522 comm="apparmor_parser"
Dec 21 19:27:48 arch5510 kernel: RAPL PMU: API unit is 2^-32 Joules, 4 fixed counters, 655360 ms ovfl timer
Dec 21 19:27:48 arch5510 kernel: RAPL PMU: hw unit of domain pp0-core 2^-14 Joules
Dec 21 19:27:48 arch5510 kernel: RAPL PMU: hw unit of domain package 2^-14 Joules
Dec 21 19:27:48 arch5510 kernel: RAPL PMU: hw unit of domain dram 2^-14 Joules
Dec 21 19:27:48 arch5510 kernel: RAPL PMU: hw unit of domain pp1-gpu 2^-14 Joules
Dec 21 19:27:48 arch5510 kernel: input: DLL06E5:01 06CB:7A13 Mouse as /devices/pci0000:00/0000:00:15.1/i2c_designware.1/i2c-2/i2c-DLL06E5:01/0018:06CB:7A13.0002/input/input16
Dec 21 19:27:48 arch5510 kernel: input: DLL06E5:01 06CB:7A13 Touchpad as /devices/pci0000:00/0000:00:15.1/i2c_designware.1/i2c-2/i2c-DLL06E5:01/0018:06CB:7A13.0002/input/input17
Dec 21 19:27:48 arch5510 kernel: hid-multitouch 0018:06CB:7A13.0002: input,hidraw1: I2C HID v1.00 Mouse [DLL06E5:01 06CB:7A13] on i2c-DLL06E5:01
Dec 21 19:27:48 arch5510 systemd-udevd[439]: ethtool: autonegotiation is unset or enabled, the speed and duplex are not writable.
Dec 21 19:27:48 arch5510 audit[520]: AVC apparmor="STATUS" operation="profile_load" profile="unconfined" name="winbindd" pid=520 comm="apparmor_parser"
Dec 21 19:27:48 arch5510 audit[517]: AVC apparmor="STATUS" operation="profile_load" profile="unconfined" name="mdnsd" pid=517 comm="apparmor_parser"
Dec 21 19:27:48 arch5510 audit[496]: AVC apparmor="STATUS" operation="profile_load" profile="unconfined" name="ping" pid=496 comm="apparmor_parser"
Dec 21 19:27:48 arch5510 audit[416]: AVC apparmor="STATUS" operation="profile_load" profile="unconfined" name="/usr/lib/apache2/mpm-prefork/apache2" pid=416 comm="apparmor_parser"
Dec 21 19:27:48 arch5510 audit[416]: AVC apparmor="STATUS" operation="profile_load" profile="unconfined" name="/usr/lib/apache2/mpm-prefork/apache2//DEFAULT_URI" pid=416 comm="apparmor_parser"
Dec 21 19:27:48 arch5510 audit[416]: AVC apparmor="STATUS" operation="profile_load" profile="unconfined" name="/usr/lib/apache2/mpm-prefork/apache2//HANDLING_UNTRUSTED_INPUT" pid=416 comm="apparmor_parser"
