[    0.000000] Linux version 5.14.8-AMD (max@mksredmibook) (gcc (GCC) 11.1.0, GNU ld (GNU Binutils) 2.36.1) #2 SMP PREEMPT Sun Sep 26 18:50:58 EEST 2021
[    0.000000] Command line: BOOT_IMAGE=/@/boot/vmlinuz-linux-amd root=UUID=60699b1d-4878-4c7a-9ce1-e6cca69ee26a rw rootflags=subvol=@ quiet cryptdevice=UUID=f5c58973-d2db-4063-9fb3-06e53844933b:luks-f5c58973-d2db-4063-9fb3-06e53844933b root=/dev/mapper/luks-f5c58973-d2db-4063-9fb3-06e53844933b apparmor=1 security=apparmor resume=UUID=151d3cac-f952-4e01-9ecf-9b1a98b0597a udev.log_priority=3 lsm=landlock,lockdown,yama,apparmor,bpf amdgpu.audio=0 amdgpu.noretry=0 pci=nocrs
[    0.000000] KERNEL supported cpus:
[    0.000000]   AMD AuthenticAMD
[    0.000000] x86/fpu: Supporting XSAVE feature 0x001: 'x87 floating point registers'
[    0.000000] x86/fpu: Supporting XSAVE feature 0x002: 'SSE registers'
[    0.000000] x86/fpu: Supporting XSAVE feature 0x004: 'AVX registers'
[    0.000000] x86/fpu: xstate_offset[2]:  576, xstate_sizes[2]:  256
[    0.000000] x86/fpu: Enabled xstate features 0x7, context size is 832 bytes, using 'compacted' format.
[    0.000000] signal: max sigframe size: 1776
[    0.000000] BIOS-provided physical RAM map:
[    0.000000] BIOS-e820: [mem 0x0000000000000000-0x000000000009efff] usable
[    0.000000] BIOS-e820: [mem 0x000000000009f000-0x00000000000bffff] reserved
[    0.000000] BIOS-e820: [mem 0x0000000000100000-0x0000000009afffff] usable
[    0.000000] BIOS-e820: [mem 0x0000000009b00000-0x0000000009dfffff] reserved
[    0.000000] BIOS-e820: [mem 0x0000000009e00000-0x0000000009efffff] usable
[    0.000000] BIOS-e820: [mem 0x0000000009f00000-0x0000000009f0ffff] ACPI NVS
[    0.000000] BIOS-e820: [mem 0x0000000009f10000-0x00000000bab68fff] usable
[    0.000000] BIOS-e820: [mem 0x00000000bab69000-0x00000000bbd68fff] reserved
[    0.000000] BIOS-e820: [mem 0x00000000bbd69000-0x00000000c9f7efff] usable
[    0.000000] BIOS-e820: [mem 0x00000000c9f7f000-0x00000000caf7efff] type 20
[    0.000000] BIOS-e820: [mem 0x00000000caf7f000-0x00000000ccf7efff] reserved
[    0.000000] BIOS-e820: [mem 0x00000000ccf7f000-0x00000000cdf7efff] ACPI NVS
[    0.000000] BIOS-e820: [mem 0x00000000cdf7f000-0x00000000cdffefff] ACPI data
[    0.000000] BIOS-e820: [mem 0x00000000cdfff000-0x00000000cdffffff] usable
[    0.000000] BIOS-e820: [mem 0x00000000ce000000-0x00000000ceffffff] reserved
[    0.000000] BIOS-e820: [mem 0x00000000f8000000-0x00000000fbffffff] reserved
[    0.000000] BIOS-e820: [mem 0x00000000fde00000-0x00000000fdefffff] reserved
[    0.000000] BIOS-e820: [mem 0x00000000fec00000-0x00000000fec00fff] reserved
[    0.000000] BIOS-e820: [mem 0x00000000fec10000-0x00000000fec10fff] reserved
[    0.000000] BIOS-e820: [mem 0x00000000fec20000-0x00000000fec20fff] reserved
[    0.000000] BIOS-e820: [mem 0x00000000fed80000-0x00000000fed80fff] reserved
[    0.000000] BIOS-e820: [mem 0x00000000fee00000-0x00000000fee00fff] reserved
[    0.000000] BIOS-e820: [mem 0x00000000ff000000-0x00000000fff2ffff] reserved
[    0.000000] BIOS-e820: [mem 0x0000000100000000-0x000000040f33ffff] usable
[    0.000000] BIOS-e820: [mem 0x000000040f340000-0x000000042fffffff] reserved
[    0.000000] NX (Execute Disable) protection: active
[    0.000000] efi: EFI v2.70 by INSYDE Corp.
[    0.000000] efi: ACPI=0xcdffe000 ACPI 2.0=0xcdffe014 TPMFinalLog=0xcdf2c000 SMBIOS=0xcb70c000 SMBIOS 3.0=0xcb70a000 ESRT=0xcb70d418 
[    0.000000] SMBIOS 3.2.0 present.
[    0.000000] DMI: TIMI RedmiBook 14 II/TM1951, BIOS RMARN4B0P0909 08/19/2020
[    0.000000] tsc: Fast TSC calibration using PIT
[    0.000000] tsc: Detected 2370.375 MHz processor
[    0.000544] e820: update [mem 0x00000000-0x00000fff] usable ==> reserved
[    0.000547] e820: remove [mem 0x000a0000-0x000fffff] usable
[    0.000552] last_pfn = 0x40f340 max_arch_pfn = 0x400000000
[    0.000735] x86/PAT: Configuration [0-7]: WB  WC  UC- UC  WB  WP  UC- WT  
[    0.000962] last_pfn = 0xce000 max_arch_pfn = 0x400000000
[    0.010590] esrt: Reserving ESRT space from 0x00000000cb70d418 to 0x00000000cb70d450.
[    0.010599] Using GB pages for direct mapping
[    0.010890] Secure boot disabled
[    0.010891] RAMDISK: [mem 0x35b31000-0x36d8ffff]
[    0.010896] ACPI: Early table checksum verification disabled
[    0.010898] ACPI: RSDP 0x00000000CDFFE014 000024 (v02 XMCC  )
[    0.010902] ACPI: XSDT 0x00000000CDFCE188 000134 (v01 XMCC   XMCC1951 00000002      01000013)
[    0.010906] ACPI: FACP 0x00000000CDFEC000 00010C (v05 XMCC   XMCC1951 00000002      01000013)
[    0.010910] ACPI: DSDT 0x00000000CDFDF000 006545 (v01 XMCC   XMCC1951 00000002      01000013)
[    0.010912] ACPI: FACS 0x00000000CDF29000 000040
[    0.010914] ACPI: UEFI 0x00000000CDF7E000 000236 (v01 INSYDE H2O BIOS 00000001 ACPI 00040000)
[    0.010916] ACPI: SSDT 0x00000000CDFF5000 007216 (v02 AMD    AmdTable 00000002 MSFT 04000000)
[    0.010918] ACPI: IVRS 0x00000000CDFF4000 0001A4 (v02 AMD    AmdTable 00000001 AMD  00000000)
[    0.010921] ACPI: SSDT 0x00000000CDFF3000 000228 (v01 AMD    STD3     00000001 INTL 20130117)
[    0.010923] ACPI: SSDT 0x00000000CDFF2000 000D61 (v01 XMCC   XMCC1806 00003000 INTL 20130117)
[    0.010925] ACPI: SSDT 0x00000000CDFF1000 00046D (v01 Insyde TPMACPI  00001000 INTL 20130117)
[    0.010927] ACPI: TPM2 0x00000000CDFF0000 000034 (v04 XMCC   XMCC1951 00000002      01000013)
[    0.010929] ACPI: MSDM 0x00000000CDFEF000 000055 (v03 INSYDE H2O BIOS 00000001 ACPI 00040000)
[    0.010931] ACPI: ASF! 0x00000000CDFEE000 0000A5 (v32 XMCC   XMCC1951 00000002      01000013)
[    0.010933] ACPI: BOOT 0x00000000CDFED000 000028 (v01 XMCC   XMCC1951 00000002      01000013)
[    0.010935] ACPI: HPET 0x00000000CDFEB000 000038 (v01 XMCC   XMCC1951 00000002      01000013)
[    0.010937] ACPI: APIC 0x00000000CDFEA000 000138 (v03 XMCC   XMCC1951 00000002      01000013)
[    0.010939] ACPI: MCFG 0x00000000CDFE9000 00003C (v01 XMCC   XMCC1951 00000002      01000013)
[    0.010941] ACPI: SLIC 0x00000000CDFE8000 000176 (v01 XMCC   XMCC1951 00000002      01000013)
[    0.010943] ACPI: SSDT 0x00000000CDFDE000 000080 (v01 XMCC   XMCC1951 00000002      01000013)
[    0.010945] ACPI: VFCT 0x00000000CDFD0000 00D484 (v01 XMCC   XMCC1951 00000001 AMD  31504F47)
[    0.010947] ACPI: SSDT 0x00000000CDFCF000 0000F8 (v01 XMCC   PcdTabl  00001000 INTL 20130117)
[    0.010949] ACPI: SSDT 0x00000000CDFCC000 001500 (v01 AMD    AmdTable 00000001 AMD  00000001)
[    0.010951] ACPI: CRAT 0x00000000CDFFD000 000BA8 (v01 AMD    AmdTable 00000001 AMD  00000001)
[    0.010953] ACPI: CDIT 0x00000000CDFCB000 000029 (v01 AMD    AmdTable 00000001 AMD  00000001)
[    0.010955] ACPI: SSDT 0x00000000CDFCA000 00028D (v01 AMD    AmdTable 00000001 INTL 20130117)
[    0.010957] ACPI: SSDT 0x00000000CDFC9000 000C78 (v01 AMD    AmdTable 00000001 INTL 20130117)
[    0.010959] ACPI: SSDT 0x00000000CDFC7000 0010A5 (v01 AMD    AmdTable 00000001 INTL 20130117)
[    0.010961] ACPI: SSDT 0x00000000CDFC3000 0030C8 (v01 AMD    AmdTable 00000001 INTL 20130117)
[    0.010963] ACPI: FPDT 0x00000000CDFC2000 000044 (v01 XMCC   XMCC1951 00000002      01000013)
[    0.010965] ACPI: WSMT 0x00000000CDFC0000 000028 (v01 INSYDE H2O BIOS 00000001 ACPI 00040000)
[    0.010967] ACPI: SSDT 0x00000000CDFE7000 00020A (v01 AMD    AmdTable 00000001 INTL 20130117)
[    0.010969] ACPI: SSDT 0x00000000CDFE6000 0005A1 (v01 AMD    AmdTable 00000001 INTL 20130117)
[    0.010971] ACPI: SSDT 0x00000000CDFBF000 000343 (v01 AMD    AmdTable 00000001 INTL 20130117)
[    0.010973] ACPI: SSDT 0x00000000CDFBE000 00007D (v01 AMD    AmdTable 00000001 INTL 20130117)
[    0.010975] ACPI: SSDT 0x00000000CDFBD000 000822 (v01 AMD    AmdTable 00000001 INTL 20130117)
[    0.010977] ACPI: SSDT 0x00000000CDFBC000 000517 (v01 AMD    AmdTable 00000001 INTL 20130117)
[    0.010979] ACPI: BGRT 0x00000000CDFC1000 000038 (v01 INSYDE H2O BIOS 00000001 ACPI 00040000)
[    0.010981] ACPI: Reserving FACP table memory at [mem 0xcdfec000-0xcdfec10b]
[    0.010982] ACPI: Reserving DSDT table memory at [mem 0xcdfdf000-0xcdfe5544]
[    0.010983] ACPI: Reserving FACS table memory at [mem 0xcdf29000-0xcdf2903f]
[    0.010984] ACPI: Reserving UEFI table memory at [mem 0xcdf7e000-0xcdf7e235]
[    0.010984] ACPI: Reserving SSDT table memory at [mem 0xcdff5000-0xcdffc215]
[    0.010985] ACPI: Reserving IVRS table memory at [mem 0xcdff4000-0xcdff41a3]
[    0.010986] ACPI: Reserving SSDT table memory at [mem 0xcdff3000-0xcdff3227]
[    0.010986] ACPI: Reserving SSDT table memory at [mem 0xcdff2000-0xcdff2d60]
[    0.010987] ACPI: Reserving SSDT table memory at [mem 0xcdff1000-0xcdff146c]
[    0.010988] ACPI: Reserving TPM2 table memory at [mem 0xcdff0000-0xcdff0033]
[    0.010988] ACPI: Reserving MSDM table memory at [mem 0xcdfef000-0xcdfef054]
[    0.010989] ACPI: Reserving ASF! table memory at [mem 0xcdfee000-0xcdfee0a4]
[    0.010990] ACPI: Reserving BOOT table memory at [mem 0xcdfed000-0xcdfed027]
[    0.010990] ACPI: Reserving HPET table memory at [mem 0xcdfeb000-0xcdfeb037]
[    0.010991] ACPI: Reserving APIC table memory at [mem 0xcdfea000-0xcdfea137]
[    0.010992] ACPI: Reserving MCFG table memory at [mem 0xcdfe9000-0xcdfe903b]
[    0.010992] ACPI: Reserving SLIC table memory at [mem 0xcdfe8000-0xcdfe8175]
[    0.010993] ACPI: Reserving SSDT table memory at [mem 0xcdfde000-0xcdfde07f]
[    0.010994] ACPI: Reserving VFCT table memory at [mem 0xcdfd0000-0xcdfdd483]
[    0.010994] ACPI: Reserving SSDT table memory at [mem 0xcdfcf000-0xcdfcf0f7]
[    0.010995] ACPI: Reserving SSDT table memory at [mem 0xcdfcc000-0xcdfcd4ff]
[    0.010996] ACPI: Reserving CRAT table memory at [mem 0xcdffd000-0xcdffdba7]
[    0.010997] ACPI: Reserving CDIT table memory at [mem 0xcdfcb000-0xcdfcb028]
[    0.010997] ACPI: Reserving SSDT table memory at [mem 0xcdfca000-0xcdfca28c]
[    0.010998] ACPI: Reserving SSDT table memory at [mem 0xcdfc9000-0xcdfc9c77]
[    0.010999] ACPI: Reserving SSDT table memory at [mem 0xcdfc7000-0xcdfc80a4]
[    0.011000] ACPI: Reserving SSDT table memory at [mem 0xcdfc3000-0xcdfc60c7]
[    0.011000] ACPI: Reserving FPDT table memory at [mem 0xcdfc2000-0xcdfc2043]
[    0.011001] ACPI: Reserving WSMT table memory at [mem 0xcdfc0000-0xcdfc0027]
[    0.011002] ACPI: Reserving SSDT table memory at [mem 0xcdfe7000-0xcdfe7209]
[    0.011002] ACPI: Reserving SSDT table memory at [mem 0xcdfe6000-0xcdfe65a0]
[    0.011003] ACPI: Reserving SSDT table memory at [mem 0xcdfbf000-0xcdfbf342]
[    0.011004] ACPI: Reserving SSDT table memory at [mem 0xcdfbe000-0xcdfbe07c]
[    0.011005] ACPI: Reserving SSDT table memory at [mem 0xcdfbd000-0xcdfbd821]
[    0.011005] ACPI: Reserving SSDT table memory at [mem 0xcdfbc000-0xcdfbc516]
[    0.011006] ACPI: Reserving BGRT table memory at [mem 0xcdfc1000-0xcdfc1037]
[    0.011027] No NUMA configuration found
[    0.011027] Faking a node at [mem 0x0000000000000000-0x000000040f33ffff]
[    0.011031] NODE_DATA(0) allocated [mem 0x40f33c000-0x40f33ffff]
[    0.011054] Zone ranges:
[    0.011055]   DMA      [mem 0x0000000000001000-0x0000000000ffffff]
[    0.011056]   DMA32    [mem 0x0000000001000000-0x00000000ffffffff]
[    0.011057]   Normal   [mem 0x0000000100000000-0x000000040f33ffff]
[    0.011058]   Device   empty
[    0.011059] Movable zone start for each node
[    0.011060] Early memory node ranges
[    0.011060]   node   0: [mem 0x0000000000001000-0x000000000009efff]
[    0.011061]   node   0: [mem 0x0000000000100000-0x0000000009afffff]
[    0.011062]   node   0: [mem 0x0000000009e00000-0x0000000009efffff]
[    0.011063]   node   0: [mem 0x0000000009f10000-0x00000000bab68fff]
[    0.011063]   node   0: [mem 0x00000000bbd69000-0x00000000c9f7efff]
[    0.011064]   node   0: [mem 0x00000000cdfff000-0x00000000cdffffff]
[    0.011065]   node   0: [mem 0x0000000100000000-0x000000040f33ffff]
[    0.011067] Initmem setup node 0 [mem 0x0000000000001000-0x000000040f33ffff]
[    0.011070] On node 0, zone DMA: 1 pages in unavailable ranges
[    0.011085] On node 0, zone DMA: 97 pages in unavailable ranges
[    0.011230] On node 0, zone DMA32: 768 pages in unavailable ranges
[    0.016409] On node 0, zone DMA32: 16 pages in unavailable ranges
[    0.016884] On node 0, zone DMA32: 4608 pages in unavailable ranges
[    0.017026] On node 0, zone DMA32: 16512 pages in unavailable ranges
[    0.040423] On node 0, zone Normal: 8192 pages in unavailable ranges
[    0.040457] On node 0, zone Normal: 3264 pages in unavailable ranges
[    0.040608] ACPI: PM-Timer IO Port: 0x408
[    0.040615] ACPI: LAPIC_NMI (acpi_id[0x00] high edge lint[0x1])
[    0.040616] ACPI: LAPIC_NMI (acpi_id[0x01] high edge lint[0x1])
[    0.040617] ACPI: LAPIC_NMI (acpi_id[0x02] high edge lint[0x1])
[    0.040617] ACPI: LAPIC_NMI (acpi_id[0x03] high edge lint[0x1])
[    0.040618] ACPI: LAPIC_NMI (acpi_id[0x04] high edge lint[0x1])
[    0.040618] ACPI: LAPIC_NMI (acpi_id[0x05] high edge lint[0x1])
[    0.040619] ACPI: LAPIC_NMI (acpi_id[0x06] high edge lint[0x1])
[    0.040619] ACPI: LAPIC_NMI (acpi_id[0x07] high edge lint[0x1])
[    0.040620] ACPI: LAPIC_NMI (acpi_id[0x08] high edge lint[0x1])
[    0.040621] ACPI: LAPIC_NMI (acpi_id[0x09] high edge lint[0x1])
[    0.040621] ACPI: LAPIC_NMI (acpi_id[0x0a] high edge lint[0x1])
[    0.040622] ACPI: LAPIC_NMI (acpi_id[0x0b] high edge lint[0x1])
[    0.040622] ACPI: LAPIC_NMI (acpi_id[0x0c] high edge lint[0x1])
[    0.040623] ACPI: LAPIC_NMI (acpi_id[0x0d] high edge lint[0x1])
[    0.040623] ACPI: LAPIC_NMI (acpi_id[0x0e] high edge lint[0x1])
[    0.040624] ACPI: LAPIC_NMI (acpi_id[0x0f] high edge lint[0x1])
[    0.040636] IOAPIC[0]: apic_id 33, version 33, address 0xfec00000, GSI 0-23
[    0.040641] IOAPIC[1]: apic_id 34, version 33, address 0xfec01000, GSI 24-55
[    0.040642] ACPI: INT_SRC_OVR (bus 0 bus_irq 0 global_irq 2 dfl dfl)
[    0.040644] ACPI: INT_SRC_OVR (bus 0 bus_irq 9 global_irq 9 low level)
[    0.040646] ACPI: Using ACPI (MADT) for SMP configuration information
[    0.040647] ACPI: HPET id: 0x10228210 base: 0xfed00000
[    0.040656] e820: update [mem 0xb3647000-0xb364cfff] usable ==> reserved
[    0.040665] smpboot: Allowing 16 CPUs, 10 hotplug CPUs
[    0.040688] PM: hibernation: Registered nosave memory: [mem 0x00000000-0x00000fff]
[    0.040690] PM: hibernation: Registered nosave memory: [mem 0x0009f000-0x000bffff]
[    0.040691] PM: hibernation: Registered nosave memory: [mem 0x000c0000-0x000fffff]
[    0.040692] PM: hibernation: Registered nosave memory: [mem 0x09b00000-0x09dfffff]
[    0.040694] PM: hibernation: Registered nosave memory: [mem 0x09f00000-0x09f0ffff]
[    0.040695] PM: hibernation: Registered nosave memory: [mem 0xb3647000-0xb364cfff]
[    0.040696] PM: hibernation: Registered nosave memory: [mem 0xbab69000-0xbbd68fff]
[    0.040698] PM: hibernation: Registered nosave memory: [mem 0xc9f7f000-0xcaf7efff]
[    0.040698] PM: hibernation: Registered nosave memory: [mem 0xcaf7f000-0xccf7efff]
[    0.040699] PM: hibernation: Registered nosave memory: [mem 0xccf7f000-0xcdf7efff]
[    0.040700] PM: hibernation: Registered nosave memory: [mem 0xcdf7f000-0xcdffefff]
[    0.040701] PM: hibernation: Registered nosave memory: [mem 0xce000000-0xceffffff]
[    0.040702] PM: hibernation: Registered nosave memory: [mem 0xcf000000-0xf7ffffff]
[    0.040702] PM: hibernation: Registered nosave memory: [mem 0xf8000000-0xfbffffff]
[    0.040703] PM: hibernation: Registered nosave memory: [mem 0xfc000000-0xfddfffff]
[    0.040703] PM: hibernation: Registered nosave memory: [mem 0xfde00000-0xfdefffff]
[    0.040704] PM: hibernation: Registered nosave memory: [mem 0xfdf00000-0xfebfffff]
[    0.040704] PM: hibernation: Registered nosave memory: [mem 0xfec00000-0xfec00fff]
[    0.040705] PM: hibernation: Registered nosave memory: [mem 0xfec01000-0xfec0ffff]
[    0.040705] PM: hibernation: Registered nosave memory: [mem 0xfec10000-0xfec10fff]
[    0.040706] PM: hibernation: Registered nosave memory: [mem 0xfec11000-0xfec1ffff]
[    0.040706] PM: hibernation: Registered nosave memory: [mem 0xfec20000-0xfec20fff]
[    0.040707] PM: hibernation: Registered nosave memory: [mem 0xfec21000-0xfed7ffff]
[    0.040707] PM: hibernation: Registered nosave memory: [mem 0xfed80000-0xfed80fff]
[    0.040708] PM: hibernation: Registered nosave memory: [mem 0xfed81000-0xfedfffff]
[    0.040708] PM: hibernation: Registered nosave memory: [mem 0xfee00000-0xfee00fff]
[    0.040709] PM: hibernation: Registered nosave memory: [mem 0xfee01000-0xfeffffff]
[    0.040709] PM: hibernation: Registered nosave memory: [mem 0xff000000-0xfff2ffff]
[    0.040710] PM: hibernation: Registered nosave memory: [mem 0xfff30000-0xffffffff]
[    0.040711] [mem 0xcf000000-0xf7ffffff] available for PCI devices
[    0.040712] Booting paravirtualized kernel on bare hardware
[    0.040715] clocksource: refined-jiffies: mask: 0xffffffff max_cycles: 0xffffffff, max_idle_ns: 6370452778343963 ns
[    0.043708] setup_percpu: NR_CPUS:128 nr_cpumask_bits:128 nr_cpu_ids:16 nr_node_ids:1
[    0.044264] percpu: Embedded 50 pages/cpu s167936 r8192 d28672 u262144
[    0.044271] pcpu-alloc: s167936 r8192 d28672 u262144 alloc=1*2097152
[    0.044273] pcpu-alloc: [0] 00 01 02 03 04 05 06 07 [0] 08 09 10 11 12 13 14 15 
[    0.044299] Built 1 zonelists, mobility grouping on.  Total pages: 3966649
[    0.044301] Policy zone: Normal
[    0.044302] Kernel command line: BOOT_IMAGE=/@/boot/vmlinuz-linux-amd root=UUID=60699b1d-4878-4c7a-9ce1-e6cca69ee26a rw rootflags=subvol=@ quiet cryptdevice=UUID=f5c58973-d2db-4063-9fb3-06e53844933b:luks-f5c58973-d2db-4063-9fb3-06e53844933b root=/dev/mapper/luks-f5c58973-d2db-4063-9fb3-06e53844933b apparmor=1 security=apparmor resume=UUID=151d3cac-f952-4e01-9ecf-9b1a98b0597a udev.log_priority=3 lsm=landlock,lockdown,yama,apparmor,bpf amdgpu.audio=0 amdgpu.noretry=0 pci=nocrs
[    0.044379] Unknown command line parameters: BOOT_IMAGE=/@/boot/vmlinuz-linux-amd cryptdevice=UUID=f5c58973-d2db-4063-9fb3-06e53844933b:luks-f5c58973-d2db-4063-9fb3-06e53844933b
[    0.046189] Dentry cache hash table entries: 2097152 (order: 12, 16777216 bytes, linear)
[    0.047104] Inode-cache hash table entries: 1048576 (order: 11, 8388608 bytes, linear)
[    0.047146] mem auto-init: stack:byref_all(zero), heap alloc:off, heap free:off
[    0.081186] Memory: 15563012K/16119096K available (12295K kernel code, 3069K rwdata, 3708K rodata, 1640K init, 3920K bss, 555824K reserved, 0K cma-reserved)
[    0.081195] random: get_random_u64 called from __kmem_cache_create+0x26/0x540 with crng_init=0
[    0.081328] SLUB: HWalign=64, Order=0-3, MinObjects=0, CPUs=16, Nodes=1
[    0.081342] ftrace: allocating 35814 entries in 140 pages
[    0.090736] ftrace: allocated 140 pages with 3 groups
[    0.090830] rcu: Preemptible hierarchical RCU implementation.
[    0.090830] rcu: 	RCU restricting CPUs from NR_CPUS=128 to nr_cpu_ids=16.
[    0.090832] 	Trampoline variant of Tasks RCU enabled.
[    0.090832] 	Rude variant of Tasks RCU enabled.
[    0.090833] 	Tracing variant of Tasks RCU enabled.
[    0.090833] rcu: RCU calculated value of scheduler-enlistment delay is 30 jiffies.
[    0.090834] rcu: Adjusting geometry for rcu_fanout_leaf=16, nr_cpu_ids=16
[    0.093453] NR_IRQS: 8448, nr_irqs: 1096, preallocated irqs: 16
[    0.093780] random: crng done (trusting CPU's manufacturer)
[    0.093807] Console: colour dummy device 80x25
[    0.093819] printk: console [tty0] enabled
[    0.093836] ACPI: Core revision 20210604
[    0.094017] clocksource: hpet: mask: 0xffffffff max_cycles: 0xffffffff, max_idle_ns: 133484873504 ns
[    0.094034] APIC: Switch to symmetric I/O mode setup
[    0.094736] AMD-Vi: ivrs, add hid:AMDI0020, uid:\_SB.FUR0, rdevid:160
[    0.094737] AMD-Vi: ivrs, add hid:AMDI0020, uid:\_SB.FUR1, rdevid:160
[    0.094738] AMD-Vi: ivrs, add hid:AMDI0020, uid:\_SB.FUR2, rdevid:160
[    0.094739] AMD-Vi: ivrs, add hid:AMDI0020, uid:\_SB.FUR3, rdevid:160
[    0.095009] Switched APIC routing to physical flat.
[    0.095733] ..TIMER: vector=0x30 apic1=0 pin1=2 apic2=-1 pin2=-1
[    0.110708] clocksource: tsc-early: mask: 0xffffffffffffffff max_cycles: 0x222ae5cdbf3, max_idle_ns: 440795219777 ns
[    0.110716] Calibrating delay loop (skipped), value calculated using timer frequency.. 4742.28 BogoMIPS (lpj=7901250)
[    0.110718] pid_max: default: 32768 minimum: 301
[    0.114072] LSM: Security Framework initializing
[    0.114074] LSM: security= is ignored because it is superseded by lsm=
[    0.114078] Yama: becoming mindful.
[    0.114092] AppArmor: AppArmor initialized
[    0.114116] Mount-cache hash table entries: 32768 (order: 6, 262144 bytes, linear)
[    0.114131] Mountpoint-cache hash table entries: 32768 (order: 6, 262144 bytes, linear)
[    0.114303] x86/cpu: User Mode Instruction Prevention (UMIP) activated
[    0.114338] LVT offset 1 assigned for vector 0xf9
[    0.114398] LVT offset 2 assigned for vector 0xf4
[    0.114415] Last level iTLB entries: 4KB 1024, 2MB 1024, 4MB 512
[    0.114415] Last level dTLB entries: 4KB 2048, 2MB 2048, 4MB 1024, 1GB 0
[    0.114418] Spectre V1 : Mitigation: usercopy/swapgs barriers and __user pointer sanitization
[    0.114420] Spectre V2 : Mitigation: Full AMD retpoline
[    0.114421] Spectre V2 : Spectre v2 / SpectreRSB mitigation: Filling RSB on context switch
[    0.114422] Spectre V2 : Enabling Restricted Speculation for firmware calls
[    0.114423] Spectre V2 : mitigation: Enabling conditional Indirect Branch Prediction Barrier
[    0.114425] Speculative Store Bypass: Mitigation: Speculative Store Bypass disabled via prctl and seccomp
[    0.117862] Freeing SMP alternatives memory: 32K
[    0.227846] smpboot: CPU0: AMD Ryzen 5 4500U with Radeon Graphics (family: 0x17, model: 0x60, stepping: 0x1)
[    0.227998] Performance Events: Fam17h+ core perfctr, AMD PMU driver.
[    0.228002] ... version:                0
[    0.228003] ... bit width:              48
[    0.228003] ... generic registers:      6
[    0.228004] ... value mask:             0000ffffffffffff
[    0.228005] ... max period:             00007fffffffffff
[    0.228005] ... fixed-purpose events:   0
[    0.228005] ... event mask:             000000000000003f
[    0.228052] rcu: Hierarchical SRCU implementation.
[    0.228341] NMI watchdog: Enabled. Permanently consumes one hw-PMU counter.
[    0.228454] smp: Bringing up secondary CPUs ...
[    0.228528] x86: Booting SMP configuration:
[    0.228529] .... node  #0, CPUs:        #1  #2  #3
[    0.233088] TSC synchronization [CPU#0 -> CPU#3]:
[    0.233090] Measured 3491 cycles TSC warp between CPUs, turning off TSC clock.
[    0.233092] tsc: Marking TSC unstable due to check_tsc_sync_source failed
[    0.234133]   #4  #5
[    0.234389] smp: Brought up 1 node, 6 CPUs
[    0.234389] smpboot: Max logical packages: 3
[    0.234389] smpboot: Total of 6 processors activated (28455.68 BogoMIPS)
[    0.234949] devtmpfs: initialized
[    0.237403] x86/mm: Memory block size: 128MB
[    0.238043] ACPI: PM: Registering ACPI NVS region [mem 0x09f00000-0x09f0ffff] (65536 bytes)
[    0.238043] ACPI: PM: Registering ACPI NVS region [mem 0xccf7f000-0xcdf7efff] (16777216 bytes)
[    0.238043] clocksource: jiffies: mask: 0xffffffff max_cycles: 0xffffffff, max_idle_ns: 6370867519511994 ns
[    0.238043] futex hash table entries: 4096 (order: 6, 262144 bytes, linear)
[    0.238043] pinctrl core: initialized pinctrl subsystem
[    0.238043] regulator-dummy: no parameters, enabled
[    0.238043] PM: RTC time: 17:00:57, date: 2021-09-26
[    0.238134] NET: Registered PF_NETLINK/PF_ROUTE protocol family
[    0.238195] DMA: preallocated 2048 KiB GFP_KERNEL pool for atomic allocations
[    0.238197] DMA: preallocated 2048 KiB GFP_KERNEL|GFP_DMA pool for atomic allocations
[    0.238199] DMA: preallocated 2048 KiB GFP_KERNEL|GFP_DMA32 pool for atomic allocations
[    0.238203] audit: initializing netlink subsys (disabled)
[    0.238207] audit: type=2000 audit(1632675656.143:1): state=initialized audit_enabled=0 res=1
[    0.238207] thermal_sys: Registered thermal governor 'fair_share'
[    0.238207] thermal_sys: Registered thermal governor 'bang_bang'
[    0.238207] thermal_sys: Registered thermal governor 'step_wise'
[    0.238207] thermal_sys: Registered thermal governor 'user_space'
[    0.238207] cpuidle: using governor ladder
[    0.238207] cpuidle: using governor menu
[    0.238207] Simple Boot Flag at 0x44 set to 0x1
[    0.238207] ACPI: bus type PCI registered
[    0.238207] acpiphp: ACPI Hot Plug PCI Controller Driver version: 0.5
[    0.238207] PCI: MMCONFIG for domain 0000 [bus 00-3f] at [mem 0xf8000000-0xfbffffff] (base 0xf8000000)
[    0.238207] PCI: MMCONFIG at [mem 0xf8000000-0xfbffffff] reserved in E820
[    0.238207] PCI: Using configuration type 1 for base access
[    0.238207] Kprobes globally optimized
[    0.238207] HugeTLB registered 1.00 GiB page size, pre-allocated 0 pages
[    0.238207] HugeTLB registered 2.00 MiB page size, pre-allocated 0 pages
[    0.240750] ACPI: Added _OSI(Module Device)
[    0.240750] ACPI: Added _OSI(Processor Device)
[    0.240750] ACPI: Added _OSI(3.0 _SCP Extensions)
[    0.240750] ACPI: Added _OSI(Processor Aggregator Device)
[    0.240750] ACPI: Added _OSI(Linux-Dell-Video)
[    0.240750] ACPI: Added _OSI(Linux-Lenovo-NV-HDMI-Audio)
[    0.240750] ACPI: Added _OSI(Linux-HPI-Hybrid-Graphics)
[    0.248315] ACPI: 18 ACPI AML tables successfully acquired and loaded
[    0.248971] ACPI: [Firmware Bug]: BIOS _OSI(Linux) query ignored
[    0.249935] ACPI: EC: EC started
[    0.249936] ACPI: EC: interrupt blocked
[    0.252173] ACPI: EC: EC_CMD/EC_SC=0x66, EC_DATA=0x62
[    0.252175] ACPI: \_SB_.PCI0.LPC0.EC0_: Boot DSDT EC used to handle transactions
[    0.252176] ACPI: Interpreter enabled
[    0.252185] ACPI: PM: (supports S0 S4 S5)
[    0.252186] ACPI: Using IOAPIC for interrupt routing
[    0.252282] PCI: Ignoring host bridge windows from ACPI; if necessary, use "pci=use_crs" and report a bug
[    0.253301] ACPI: PM: Power Resource [P0U0]
[    0.253315] ACPI: PM: Power Resource [P3U0]
[    0.253546] ACPI: PM: Power Resource [P0U1]
[    0.253557] ACPI: PM: Power Resource [P3U1]
[    0.253778] ACPI: PM: Power Resource [P0S0]
[    0.253788] ACPI: PM: Power Resource [P3S0]
[    0.253844] ACPI: PM: Power Resource [P0S1]
[    0.253854] ACPI: PM: Power Resource [P3S1]
[    0.256589] ACPI: PCI Root Bridge [PCI0] (domain 0000 [bus 00-ff])
[    0.256594] acpi PNP0A08:00: _OSC: OS supports [ExtendedConfig ASPM ClockPM Segments MSI HPX-Type3]
[    0.256663] acpi PNP0A08:00: _OSC: platform does not support [SHPCHotplug LTR]
[    0.256726] acpi PNP0A08:00: _OSC: OS now controls [PCIeHotplug PME AER PCIeCapability]
[    0.256733] acpi PNP0A08:00: [Firmware Info]: MMCONFIG for domain 0000 [bus 00-3f] only partially covers this bridge
[    0.256813] acpi PNP0A08:00: host bridge window [io  0x0000-0x0cf7 window] (ignored)
[    0.256815] acpi PNP0A08:00: host bridge window [io  0x0d00-0xffff window] (ignored)
[    0.256816] acpi PNP0A08:00: host bridge window [mem 0x000a0000-0x000bffff window] (ignored)
[    0.256817] acpi PNP0A08:00: host bridge window [mem 0x000c0000-0x000c3fff window] (ignored)
[    0.256817] acpi PNP0A08:00: host bridge window [mem 0x000c4000-0x000c7fff window] (ignored)
[    0.256818] acpi PNP0A08:00: host bridge window [mem 0x000c8000-0x000cbfff window] (ignored)
[    0.256819] acpi PNP0A08:00: host bridge window [mem 0x000cc000-0x000cffff window] (ignored)
[    0.256820] acpi PNP0A08:00: host bridge window [mem 0x000d0000-0x000d3fff window] (ignored)
[    0.256821] acpi PNP0A08:00: host bridge window [mem 0x000d4000-0x000d7fff window] (ignored)
[    0.256822] acpi PNP0A08:00: host bridge window [mem 0x000d8000-0x000dbfff window] (ignored)
[    0.256822] acpi PNP0A08:00: host bridge window [mem 0x000dc000-0x000dffff window] (ignored)
[    0.256823] acpi PNP0A08:00: host bridge window [mem 0x000e0000-0x000e3fff window] (ignored)
[    0.256824] acpi PNP0A08:00: host bridge window [mem 0x000e4000-0x000e7fff window] (ignored)
[    0.256825] acpi PNP0A08:00: host bridge window [mem 0x000e8000-0x000ebfff window] (ignored)
[    0.256826] acpi PNP0A08:00: host bridge window [mem 0x000ec000-0x000effff window] (ignored)
[    0.256826] acpi PNP0A08:00: host bridge window [mem 0xd0000000-0xf7ffffff window] (ignored)
[    0.256827] acpi PNP0A08:00: host bridge window [mem 0xfc000000-0xfed3ffff window] (ignored)
[    0.256828] acpi PNP0A08:00: host bridge window [io  0x0cf8-0x0cff] (ignored)
[    0.256829] acpi PNP0A08:00: host bridge window [mem 0x450200000-0xfcffffffff window] (ignored)
[    0.256830] PCI: root bus 00: using default resources
[    0.256906] PCI host bridge to bus 0000:00
[    0.256907] pci_bus 0000:00: root bus resource [io  0x0000-0xffff]
[    0.256908] pci_bus 0000:00: root bus resource [mem 0x00000000-0xffffffffffff]
[    0.256909] pci_bus 0000:00: root bus resource [bus 00-ff]
[    0.256918] pci 0000:00:00.0: [1022:1630] type 00 class 0x060000
[    0.256985] pci 0000:00:00.2: [1022:1631] type 00 class 0x080600
[    0.257054] pci 0000:00:01.0: [1022:1632] type 00 class 0x060000
[    0.257131] pci 0000:00:01.2: [1022:1634] type 01 class 0x060400
[    0.257298] pci 0000:00:01.2: PME# supported from D0 D3hot D3cold
[    0.257463] pci 0000:00:02.0: [1022:1632] type 00 class 0x060000
[    0.257522] pci 0000:00:08.0: [1022:1632] type 00 class 0x060000
[    0.257570] pci 0000:00:08.1: [1022:1635] type 01 class 0x060400
[    0.257589] pci 0000:00:08.1: enabling Extended Tags
[    0.257616] pci 0000:00:08.1: PME# supported from D0 D3hot D3cold
[    0.257681] pci 0000:00:08.2: [1022:1635] type 01 class 0x060400
[    0.257700] pci 0000:00:08.2: enabling Extended Tags
[    0.257727] pci 0000:00:08.2: PME# supported from D0 D3hot D3cold
[    0.257806] pci 0000:00:14.0: [1022:790b] type 00 class 0x0c0500
[    0.257912] pci 0000:00:14.3: [1022:790e] type 00 class 0x060100
[    0.258026] pci 0000:00:18.0: [1022:1448] type 00 class 0x060000
[    0.258055] pci 0000:00:18.1: [1022:1449] type 00 class 0x060000
[    0.258085] pci 0000:00:18.2: [1022:144a] type 00 class 0x060000
[    0.258114] pci 0000:00:18.3: [1022:144b] type 00 class 0x060000
[    0.258143] pci 0000:00:18.4: [1022:144c] type 00 class 0x060000
[    0.258171] pci 0000:00:18.5: [1022:144d] type 00 class 0x060000
[    0.258200] pci 0000:00:18.6: [1022:144e] type 00 class 0x060000
[    0.258230] pci 0000:00:18.7: [1022:144f] type 00 class 0x060000
[    0.258717] pci 0000:01:00.0: [10ec:c822] type 00 class 0x028000
[    0.258736] pci 0000:01:00.0: reg 0x10: [io  0x2000-0x20ff]
[    0.258761] pci 0000:01:00.0: reg 0x18: [mem 0xd0500000-0xd050ffff 64bit]
[    0.258878] pci 0000:01:00.0: supports D1 D2
[    0.258879] pci 0000:01:00.0: PME# supported from D0 D1 D2 D3hot D3cold
[    0.259233] pci 0000:00:01.2: PCI bridge to [bus 01]
[    0.259237] pci 0000:00:01.2:   bridge window [io  0x2000-0x2fff]
[    0.259238] pci 0000:00:01.2:   bridge window [mem 0xd0500000-0xd05fffff]
[    0.259294] pci 0000:02:00.0: [1002:1636] type 00 class 0x030000
[    0.259304] pci 0000:02:00.0: reg 0x10: [mem 0xfce0000000-0xfcefffffff 64bit pref]
[    0.259311] pci 0000:02:00.0: reg 0x18: [mem 0xfcf0000000-0xfcf01fffff 64bit pref]
[    0.259316] pci 0000:02:00.0: reg 0x20: [io  0x1000-0x10ff]
[    0.259320] pci 0000:02:00.0: reg 0x24: [mem 0xd0400000-0xd047ffff]
[    0.259328] pci 0000:02:00.0: enabling Extended Tags
[    0.259338] pci 0000:02:00.0: BAR 0: assigned to efifb
[    0.259373] pci 0000:02:00.0: PME# supported from D1 D2 D3hot D3cold
[    0.259444] pci 0000:02:00.1: [1002:1637] type 00 class 0x040300
[    0.259451] pci 0000:02:00.1: reg 0x10: [mem 0xd04c8000-0xd04cbfff]
[    0.259471] pci 0000:02:00.1: enabling Extended Tags
[    0.259496] pci 0000:02:00.1: PME# supported from D1 D2 D3hot D3cold
[    0.259543] pci 0000:02:00.2: [1022:15df] type 00 class 0x108000
[    0.259555] pci 0000:02:00.2: reg 0x18: [mem 0xd0300000-0xd03fffff]
[    0.259564] pci 0000:02:00.2: reg 0x24: [mem 0xd04cc000-0xd04cdfff]
[    0.259570] pci 0000:02:00.2: enabling Extended Tags
[    0.259641] pci 0000:02:00.3: [1022:1639] type 00 class 0x0c0330
[    0.259651] pci 0000:02:00.3: reg 0x10: [mem 0xd0100000-0xd01fffff 64bit]
[    0.259673] pci 0000:02:00.3: enabling Extended Tags
[    0.259700] pci 0000:02:00.3: PME# supported from D0 D3hot D3cold
[    0.259747] pci 0000:02:00.4: [1022:1639] type 00 class 0x0c0330
[    0.259757] pci 0000:02:00.4: reg 0x10: [mem 0xd0200000-0xd02fffff 64bit]
[    0.259779] pci 0000:02:00.4: enabling Extended Tags
[    0.259806] pci 0000:02:00.4: PME# supported from D0 D3hot D3cold
[    0.259855] pci 0000:02:00.5: [1022:15e2] type 00 class 0x048000
[    0.259862] pci 0000:02:00.5: reg 0x10: [mem 0xd0480000-0xd04bffff]
[    0.259881] pci 0000:02:00.5: enabling Extended Tags
[    0.259906] pci 0000:02:00.5: PME# supported from D0 D3hot D3cold
[    0.259955] pci 0000:02:00.6: [1022:15e3] type 00 class 0x040300
[    0.259962] pci 0000:02:00.6: reg 0x10: [mem 0xd04c0000-0xd04c7fff]
[    0.259982] pci 0000:02:00.6: enabling Extended Tags
[    0.260006] pci 0000:02:00.6: PME# supported from D0 D3hot D3cold
[    0.260073] pci 0000:00:08.1: PCI bridge to [bus 02]
[    0.260076] pci 0000:00:08.1:   bridge window [io  0x1000-0x1fff]
[    0.260077] pci 0000:00:08.1:   bridge window [mem 0xd0100000-0xd04fffff]
[    0.260080] pci 0000:00:08.1:   bridge window [mem 0xfce0000000-0xfcf01fffff 64bit pref]
[    0.260114] pci 0000:03:00.0: [1022:7901] type 00 class 0x010601
[    0.260140] pci 0000:03:00.0: reg 0x24: [mem 0xd0001000-0xd00017ff]
[    0.260147] pci 0000:03:00.0: enabling Extended Tags
[    0.260239] pci 0000:03:00.1: [1022:7901] type 00 class 0x010601
[    0.260265] pci 0000:03:00.1: reg 0x24: [mem 0xd0000000-0xd00007ff]
[    0.260273] pci 0000:03:00.1: enabling Extended Tags
[    0.260346] pci 0000:00:08.2: PCI bridge to [bus 03]
[    0.260350] pci 0000:00:08.2:   bridge window [mem 0xd0000000-0xd00fffff]
[    0.261490] ACPI: PCI: Interrupt link LNKA configured for IRQ 0
[    0.261492] ACPI: PCI: Interrupt link LNKA disabled
[    0.261530] ACPI: PCI: Interrupt link LNKB configured for IRQ 0
[    0.261531] ACPI: PCI: Interrupt link LNKB disabled
[    0.261559] ACPI: PCI: Interrupt link LNKC configured for IRQ 0
[    0.261559] ACPI: PCI: Interrupt link LNKC disabled
[    0.261596] ACPI: PCI: Interrupt link LNKD configured for IRQ 0
[    0.261597] ACPI: PCI: Interrupt link LNKD disabled
[    0.261630] ACPI: PCI: Interrupt link LNKE configured for IRQ 0
[    0.261631] ACPI: PCI: Interrupt link LNKE disabled
[    0.261656] ACPI: PCI: Interrupt link LNKF configured for IRQ 0
[    0.261657] ACPI: PCI: Interrupt link LNKF disabled
[    0.261683] ACPI: PCI: Interrupt link LNKG configured for IRQ 0
[    0.261683] ACPI: PCI: Interrupt link LNKG disabled
[    0.261709] ACPI: PCI: Interrupt link LNKH configured for IRQ 0
[    0.261709] ACPI: PCI: Interrupt link LNKH disabled
[    0.262661] ACPI: EC: interrupt unblocked
[    0.262662] ACPI: EC: event unblocked
[    0.262666] ACPI: EC: EC_CMD/EC_SC=0x66, EC_DATA=0x62
[    0.262667] ACPI: EC: GPE=0x3
[    0.262668] ACPI: \_SB_.PCI0.LPC0.EC0_: Boot DSDT EC initialization complete
[    0.262669] ACPI: \_SB_.PCI0.LPC0.EC0_: EC: Used to handle transactions and events
[    0.262700] iommu: Default domain type: Passthrough 
[    0.262708] pci 0000:02:00.0: vgaarb: VGA device added: decodes=io+mem,owns=none,locks=none
[    0.262708] pci 0000:02:00.0: vgaarb: bridge control possible
[    0.262708] pci 0000:02:00.0: vgaarb: setting as boot device
[    0.262708] vgaarb: loaded
[    0.264729] pps_core: LinuxPPS API ver. 1 registered
[    0.264731] pps_core: Software ver. 5.3.6 - Copyright 2005-2007 Rodolfo Giometti <giometti@linux.it>
[    0.264732] PTP clock support registered
[    0.264738] EDAC MC: Ver: 3.0.0
[    0.265169] Registered efivars operations
[    0.265169] NetLabel: Initializing
[    0.265169] NetLabel:  domain hash size = 128
[    0.265169] NetLabel:  protocols = UNLABELED CIPSOv4 CALIPSO
[    0.265169] NetLabel:  unlabeled traffic allowed by default
[    0.265169] PCI: Using ACPI for IRQ routing
[    0.266466] PCI: pci_cache_line_size set to 64 bytes
[    0.267076] e820: reserve RAM buffer [mem 0x0009f000-0x0009ffff]
[    0.267077] e820: reserve RAM buffer [mem 0x09b00000-0x0bffffff]
[    0.267078] e820: reserve RAM buffer [mem 0x09f00000-0x0bffffff]
[    0.267079] e820: reserve RAM buffer [mem 0xb3647000-0xb3ffffff]
[    0.267079] e820: reserve RAM buffer [mem 0xbab69000-0xbbffffff]
[    0.267080] e820: reserve RAM buffer [mem 0xc9f7f000-0xcbffffff]
[    0.267081] e820: reserve RAM buffer [mem 0xce000000-0xcfffffff]
[    0.267081] e820: reserve RAM buffer [mem 0x40f340000-0x40fffffff]
[    0.267463] hpet0: at MMIO 0xfed00000, IRQs 2, 8, 0
[    0.267470] hpet0: 3 comparators, 32-bit 14.318180 MHz counter
[    0.270731] clocksource: Switched to clocksource hpet
[    0.275811] VFS: Disk quotas dquot_6.6.0
[    0.275825] VFS: Dquot-cache hash table entries: 512 (order 0, 4096 bytes)
[    0.275908] AppArmor: AppArmor Filesystem Enabled
[    0.275922] pnp: PnP ACPI init
[    0.276078] system 00:00: [mem 0xfec00000-0xfec01fff] could not be reserved
[    0.276082] system 00:00: [mem 0xfee00000-0xfee00fff] has been reserved
[    0.276083] system 00:00: [mem 0xfde00000-0xfdefffff] has been reserved
[    0.276204] system 00:03: [io  0x0400-0x04cf] has been reserved
[    0.276205] system 00:03: [io  0x04d0-0x04d1] has been reserved
[    0.276206] system 00:03: [io  0x04d6] has been reserved
[    0.276207] system 00:03: [io  0x0c00-0x0c01] has been reserved
[    0.276208] system 00:03: [io  0x0c14] has been reserved
[    0.276209] system 00:03: [io  0x0c50-0x0c52] has been reserved
[    0.276210] system 00:03: [io  0x0c6c] has been reserved
[    0.276211] system 00:03: [io  0x0c6f] has been reserved
[    0.276211] system 00:03: [io  0x0cd0-0x0cdb] has been reserved
[    0.276242] system 00:04: [mem 0x000e0000-0x000fffff] could not be reserved
[    0.276243] system 00:04: [mem 0xff000000-0xffffffff] could not be reserved
[    0.276938] pnp: PnP ACPI: found 5 devices
[    0.284629] clocksource: acpi_pm: mask: 0xffffff max_cycles: 0xffffff, max_idle_ns: 2085701024 ns
[    0.284727] NET: Registered PF_INET protocol family
[    0.284987] IP idents hash table entries: 262144 (order: 9, 2097152 bytes, linear)
[    0.286396] tcp_listen_portaddr_hash hash table entries: 8192 (order: 5, 131072 bytes, linear)
[    0.286414] TCP established hash table entries: 131072 (order: 8, 1048576 bytes, linear)
[    0.286550] TCP bind hash table entries: 65536 (order: 8, 1048576 bytes, linear)
[    0.286665] TCP: Hash tables configured (established 131072 bind 65536)
[    0.286698] UDP hash table entries: 8192 (order: 6, 262144 bytes, linear)
[    0.286828] UDP-Lite hash table entries: 8192 (order: 6, 262144 bytes, linear)
[    0.286908] NET: Registered PF_UNIX/PF_LOCAL protocol family
[    0.286914] NET: Registered PF_XDP protocol family
[    0.286930] pci 0000:00:01.2: PCI bridge to [bus 01]
[    0.286941] pci 0000:00:01.2:   bridge window [io  0x2000-0x2fff]
[    0.286956] pci 0000:00:01.2:   bridge window [mem 0xd0500000-0xd05fffff]
[    0.286976] pci 0000:00:08.1: PCI bridge to [bus 02]
[    0.286977] pci 0000:00:08.1:   bridge window [io  0x1000-0x1fff]
[    0.286979] pci 0000:00:08.1:   bridge window [mem 0xd0100000-0xd04fffff]
[    0.286981] pci 0000:00:08.1:   bridge window [mem 0xfce0000000-0xfcf01fffff 64bit pref]
[    0.286984] pci 0000:00:08.2: PCI bridge to [bus 03]
[    0.286986] pci 0000:00:08.2:   bridge window [mem 0xd0000000-0xd00fffff]
[    0.286992] pci_bus 0000:00: resource 4 [io  0x0000-0xffff]
[    0.286993] pci_bus 0000:00: resource 5 [mem 0x00000000-0xffffffffffff]
[    0.286994] pci_bus 0000:01: resource 0 [io  0x2000-0x2fff]
[    0.286995] pci_bus 0000:01: resource 1 [mem 0xd0500000-0xd05fffff]
[    0.286996] pci_bus 0000:02: resource 0 [io  0x1000-0x1fff]
[    0.286997] pci_bus 0000:02: resource 1 [mem 0xd0100000-0xd04fffff]
[    0.286998] pci_bus 0000:02: resource 2 [mem 0xfce0000000-0xfcf01fffff 64bit pref]
[    0.286999] pci_bus 0000:03: resource 1 [mem 0xd0000000-0xd00fffff]
[    0.287487] pci 0000:02:00.1: D0 power state depends on 0000:02:00.0
[    0.287496] pci 0000:02:00.3: extending delay after power-on from D3hot to 20 msec
[    0.290891] pci 0000:02:00.4: extending delay after power-on from D3hot to 20 msec
[    0.302096] pci 0000:02:00.4: quirk_usb_early_handoff+0x0/0x740 took 10937 usecs
[    0.302110] PCI: CLS 64 bytes, default 64
[    0.302121] pci 0000:00:00.2: AMD-Vi: IOMMU performance counters supported
[    0.302155] pci 0000:00:00.2: can't derive routing for PCI INT A
[    0.302156] pci 0000:00:00.2: PCI INT A: not connected
[    0.302158] AMD-Vi: Lazy IO/TLB flushing enabled
[    0.302165] Trying to unpack rootfs image as initramfs...
[    0.302178] pci 0000:00:01.0: Adding to iommu group 0
[    0.302192] pci 0000:00:01.2: Adding to iommu group 1
[    0.302201] pci 0000:00:02.0: Adding to iommu group 2
[    0.302212] pci 0000:00:08.0: Adding to iommu group 3
[    0.302217] pci 0000:00:08.1: Adding to iommu group 3
[    0.302222] pci 0000:00:08.2: Adding to iommu group 3
[    0.302232] pci 0000:00:14.0: Adding to iommu group 4
[    0.302238] pci 0000:00:14.3: Adding to iommu group 4
[    0.302259] pci 0000:00:18.0: Adding to iommu group 5
[    0.302264] pci 0000:00:18.1: Adding to iommu group 5
[    0.302270] pci 0000:00:18.2: Adding to iommu group 5
[    0.302275] pci 0000:00:18.3: Adding to iommu group 5
[    0.302280] pci 0000:00:18.4: Adding to iommu group 5
[    0.302285] pci 0000:00:18.5: Adding to iommu group 5
[    0.302291] pci 0000:00:18.6: Adding to iommu group 5
[    0.302297] pci 0000:00:18.7: Adding to iommu group 5
[    0.302311] pci 0000:01:00.0: Adding to iommu group 6
[    0.302323] pci 0000:02:00.0: Adding to iommu group 3
[    0.302327] pci 0000:02:00.1: Adding to iommu group 3
[    0.302330] pci 0000:02:00.2: Adding to iommu group 3
[    0.302333] pci 0000:02:00.3: Adding to iommu group 3
[    0.302336] pci 0000:02:00.4: Adding to iommu group 3
[    0.302339] pci 0000:02:00.5: Adding to iommu group 3
[    0.302342] pci 0000:02:00.6: Adding to iommu group 3
[    0.302348] pci 0000:03:00.0: Adding to iommu group 3
[    0.302351] pci 0000:03:00.1: Adding to iommu group 3
[    0.302724] pci 0000:00:00.2: AMD-Vi: Found IOMMU cap 0x40
[    0.302725] AMD-Vi: Extended features (0x206d73ef22254ade): PPR X2APIC NX GT IA GA PC GA_vAPIC
[    0.302729] AMD-Vi: Interrupt remapping enabled
[    0.302730] AMD-Vi: Virtual APIC enabled
[    0.302730] AMD-Vi: X2APIC enabled
[    0.302825] PCI-DMA: Using software bounce buffering for IO (SWIOTLB)
[    0.302826] software IO TLB: mapped [mem 0x00000000c4434000-0x00000000c8434000] (64MB)
[    0.311274] RAPL PMU: API unit is 2^-32 Joules, 1 fixed counters, 163840 ms ovfl timer
[    0.311280] RAPL PMU: hw unit of domain package 2^-16 Joules
[    0.311288] amd_uncore: 4  amd_df counters detected
[    0.311295] amd_uncore: 6  amd_l3 counters detected
[    0.311774] LVT offset 0 assigned for vector 0x400
[    0.312026] perf: AMD IBS detected (0x000003ff)
[    0.312036] perf/amd_iommu: Detected AMD IOMMU #0 (2 banks, 4 counters/bank).
[    0.313658] Initialise system trusted keyrings
[    0.313668] Key type blacklist registered
[    0.313735] workingset: timestamp_bits=41 max_order=22 bucket_order=0
[    0.314421] zbud: loaded
[    0.317561] Key type asymmetric registered
[    0.317563] Asymmetric key parser 'x509' registered
[    0.317571] Block layer SCSI generic (bsg) driver version 0.4 loaded (major 246)
[    0.317666] io scheduler mq-deadline registered
[    0.317667] io scheduler kyber registered
[    0.317696] io scheduler bfq registered
[    0.317697] 
               Start testing find_bit() with random-filled bitmap
[    0.317704] fbcon: Taking over console
[    0.319579] find_next_bit:                  646032 ns, 164209 iterations
[    0.320230] find_next_zero_bit:             647080 ns, 163472 iterations
[    0.320875] find_last_bit:                  642890 ns, 164208 iterations
[    0.324188] find_first_bit:                3310687 ns,  16479 iterations
[    0.324521] find_next_and_bit:              330000 ns,  73785 iterations
[    0.324522] 
               Start testing find_bit() with sparse bitmap
[    0.324546] find_next_bit:                   12711 ns,    656 iterations
[    0.325797] find_next_zero_bit:            1248344 ns, 327025 iterations
[    0.325810] find_last_bit:                   10546 ns,    656 iterations
[    0.327102] find_first_bit:                1289759 ns,    656 iterations
[    0.327111] find_next_and_bit:                6286 ns,      1 iterations
[    0.327821] pcieport 0000:00:01.2: PME: Signaling with IRQ 26
[    0.327990] pcieport 0000:00:08.1: PME: Signaling with IRQ 27
[    0.328154] pcieport 0000:00:08.2: PME: Signaling with IRQ 28
[    0.328232] shpchp: Standard Hot Plug PCI Controller Driver version: 0.4
[    0.328263] efifb: probing for efifb
[    0.328289] efifb: showing boot graphics
[    0.329428] efifb: framebuffer at 0xfce0000000, using 8128k, total 8128k
[    0.329429] efifb: mode is 1920x1080x32, linelength=7680, pages=1
[    0.329430] efifb: scrolling: redraw
[    0.329430] efifb: Truecolor: size=8:8:8:8, shift=24:16:8:0
[    0.329588] Console: switching to colour frame buffer device 240x67
[    0.332398] fb0: EFI VGA frame buffer device
[    0.332453] Monitor-Mwait will be used to enter C-1 state
[    0.332458] ACPI: \_SB_.PLTF.C000: Found 3 idle states
[    0.332464] ACPI: FW issue: working around C-state latencies out of order
[    0.332538] ACPI: \_SB_.PLTF.C001: Found 3 idle states
[    0.332542] ACPI: FW issue: working around C-state latencies out of order
[    0.333218] ACPI: \_SB_.PLTF.C002: Found 3 idle states
[    0.333222] ACPI: FW issue: working around C-state latencies out of order
[    0.333323] ACPI: \_SB_.PLTF.C003: Found 3 idle states
[    0.333328] ACPI: FW issue: working around C-state latencies out of order
[    0.333511] ACPI: \_SB_.PLTF.C004: Found 3 idle states
[    0.333515] ACPI: FW issue: working around C-state latencies out of order
[    0.333607] ACPI: \_SB_.PLTF.C005: Found 3 idle states
[    0.333610] ACPI: FW issue: working around C-state latencies out of order
[    0.333787] Serial: 8250/16550 driver, 4 ports, IRQ sharing enabled
[    0.334582] wireguard: WireGuard 1.0.0 loaded. See www.wireguard.com for information.
[    0.334585] wireguard: Copyright (C) 2015-2019 Jason A. Donenfeld <Jason@zx2c4.com>. All Rights Reserved.
[    0.334610] rtc_cmos 00:01: RTC can wake from S4
[    0.334887] rtc_cmos 00:01: registered as rtc0
[    0.334936] rtc_cmos 00:01: setting system clock to 2021-09-26T17:00:57 UTC (1632675657)
[    0.334952] rtc_cmos 00:01: alarms up to one month, 114 bytes nvram, hpet irqs
[    0.335124] ledtrig-cpu: registered to indicate activity on CPUs
[    0.335127] EFI Variables Facility v0.08 2004-May-17
[    0.340182] pstore: Registered efi as persistent store backend
[    0.340210] drop_monitor: Initializing network drop monitor service
[    0.340312] NET: Registered PF_INET6 protocol family
[    0.343404] Freeing initrd memory: 18812K
[    0.347911] Segment Routing with IPv6
[    0.347947] NET: Registered PF_PACKET protocol family
[    0.348789] microcode: CPU0: patch_level=0x08600106
[    0.348793] microcode: CPU1: patch_level=0x08600106
[    0.348809] microcode: CPU2: patch_level=0x08600106
[    0.348836] microcode: CPU3: patch_level=0x08600106
[    0.348866] microcode: CPU4: patch_level=0x08600106
[    0.348877] microcode: CPU5: patch_level=0x08600106
[    0.348882] microcode: Microcode Update Driver: v2.2.
[    0.348886] IPI shorthand broadcast: enabled
[    0.349034] registered taskstats version 1
[    0.349148] Loading compiled-in X.509 certificates
[    0.350998] Loaded X.509 cert 'Build time autogenerated kernel key: c258437ce07344916bd15ee7041e7e9e78ff9236'
[    0.351063] zswap: loaded using pool lz4/zbud
[    0.351314] Key type ._fscrypt registered
[    0.351315] Key type .fscrypt registered
[    0.351316] Key type fscrypt-provisioning registered
[    0.351405] pstore: Using crash dump compression: zstd
[    0.351422] Key type big_key registered
[    0.351425] AppArmor: AppArmor sha1 policy hashing enabled
[    0.351608] PM:   Magic number: 5:737:37
[    0.351655] memory memory73: hash matches
[    0.351803] RAS: Correctable Errors collector initialized.
[    0.352547] Unstable clock detected, switching default tracing clock to "global"
               If you want to keep using the local clock, then add:
                 "trace_clock=local"
               on the kernel command line
[    0.353294] Freeing unused decrypted memory: 2036K
[    0.353475] Freeing unused kernel image (initmem) memory: 1640K
[    0.377670] Write protecting the kernel read-only data: 18432k
[    0.378431] Freeing unused kernel image (text/rodata gap) memory: 2040K
[    0.378664] Freeing unused kernel image (rodata/data gap) memory: 388K
[    0.378678] Run /init as init process
[    0.378680]   with arguments:
[    0.378682]     /init
[    0.378684]   with environment:
[    0.378685]     HOME=/
[    0.378687]     TERM=linux
[    0.378688]     BOOT_IMAGE=/@/boot/vmlinuz-linux-amd
[    0.378689]     cryptdevice=UUID=f5c58973-d2db-4063-9fb3-06e53844933b:luks-f5c58973-d2db-4063-9fb3-06e53844933b
[    0.429277] i8042: PNP: PS/2 Controller [PNP0303:KBC0] at 0x60,0x64 irq 1
[    0.429280] i8042: PNP: PS/2 appears to have AUX port disabled, if this is incorrect please boot with i8042.nopnp
[    0.430912] serio: i8042 KBD port at 0x60,0x64 irq 1
[    0.434523] SCSI subsystem initialized
[    0.436411] ACPI: bus type USB registered
[    0.436429] usbcore: registered new interface driver usbfs
[    0.436434] usbcore: registered new interface driver hub
[    0.436446] usbcore: registered new device driver usb
[    0.437979] ccp 0000:02:00.2: enabling device (0000 -> 0002)
[    0.438116] ccp 0000:02:00.2: ccp: unable to access the device: you might be running a broken BIOS.
[    0.439113] libata version 3.00 loaded.
[    0.443684] xhci_hcd 0000:02:00.3: xHCI Host Controller
[    0.443691] xhci_hcd 0000:02:00.3: new USB bus registered, assigned bus number 1
[    0.443777] xhci_hcd 0000:02:00.3: hcc params 0x0268ffe5 hci version 0x110 quirks 0x0000020000000410
[    0.443872] ahci 0000:03:00.0: version 3.0
[    0.443975] ahci 0000:03:00.0: AHCI 0001.0301 32 slots 1 ports 6 Gbps 0x1 impl SATA mode
[    0.443978] ahci 0000:03:00.0: flags: 64bit ncq sntf ilck pm led clo only pmp fbs pio slum part 
[    0.444084] cryptd: max_cpu_qlen set to 1000
[    0.447159] hub 1-0:1.0: USB hub found
[    0.447167] hub 1-0:1.0: 4 ports detected
[    0.447359] xhci_hcd 0000:02:00.3: xHCI Host Controller
[    0.447362] xhci_hcd 0000:02:00.3: new USB bus registered, assigned bus number 2
[    0.447364] xhci_hcd 0000:02:00.3: Host supports USB 3.1 Enhanced SuperSpeed
[    0.447392] usb usb2: We don't know the algorithms for LPM for this host, disabling LPM.
[    0.447467] scsi host0: ahci
[    0.447536] ata1: SATA max UDMA/133 abar m2048@0xd0001000 port 0xd0001100 irq 41
[    0.447637] hub 2-0:1.0: USB hub found
[    0.447648] hub 2-0:1.0: 2 ports detected
[    0.447715] AVX2 version of gcm_enc/dec engaged.
[    0.447764] ahci 0000:03:00.1: AHCI 0001.0301 32 slots 1 ports 6 Gbps 0x1 impl SATA mode
[    0.447767] AES CTR mode by8 optimization enabled
[    0.447767] ahci 0000:03:00.1: flags: 64bit ncq sntf ilck pm led clo only pmp fbs pio slum part deso sadm sds 
[    0.447881] xhci_hcd 0000:02:00.4: xHCI Host Controller
[    0.447886] xhci_hcd 0000:02:00.4: new USB bus registered, assigned bus number 3
[    0.447919] scsi host1: ahci
[    0.447951] ata2: SATA max UDMA/133 abar m2048@0xd0000000 port 0xd0000100 irq 43
[    0.447985] xhci_hcd 0000:02:00.4: hcc params 0x0268ffe5 hci version 0x110 quirks 0x0000020000000410
[    0.448260] ccp 0000:02:00.2: tee enabled
[    0.448263] ccp 0000:02:00.2: psp enabled
[    0.448328] hub 3-0:1.0: USB hub found
[    0.448334] hub 3-0:1.0: 4 ports detected
[    0.448536] xhci_hcd 0000:02:00.4: xHCI Host Controller
[    0.448539] xhci_hcd 0000:02:00.4: new USB bus registered, assigned bus number 4
[    0.448541] xhci_hcd 0000:02:00.4: Host supports USB 3.1 Enhanced SuperSpeed
[    0.448551] usb usb4: We don't know the algorithms for LPM for this host, disabling LPM.
[    0.449177] hub 4-0:1.0: USB hub found
[    0.449181] hub 4-0:1.0: 2 ports detected
[    0.462556] input: AT Translated Set 2 keyboard as /devices/platform/i8042/serio0/input/input0
[    0.694106] usb 1-4: new full-speed USB device number 2 using xhci_hcd
[    0.761523] ata1: SATA link down (SStatus 0 SControl 300)
[    0.917447] ata2: SATA link up 6.0 Gbps (SStatus 133 SControl 300)
[    0.920678] ata2.00: ATA-11: SAMSUNG MZNLH512HALU-00000, RVT2200Q, max UDMA/133
[    0.920690] ata2.00: 1000215216 sectors, multi 16: LBA48 NCQ (depth 32), AA
[    0.922884] ata2.00: configured for UDMA/133
[    0.923093] scsi 1:0:0:0: Direct-Access     ATA      SAMSUNG MZNLH512 200Q PQ: 0 ANSI: 5
[    0.926166] sd 1:0:0:0: [sda] 1000215216 512-byte logical blocks: (512 GB/477 GiB)
[    0.926175] sd 1:0:0:0: [sda] Write Protect is off
[    0.926176] sd 1:0:0:0: [sda] Mode Sense: 00 3a 00 00
[    0.926187] sd 1:0:0:0: [sda] Write cache: enabled, read cache: enabled, doesn't support DPO or FUA
[    0.952553]  sda: sda1 sda2 sda3
[    0.970855] sd 1:0:0:0: [sda] Attached SCSI disk
[    1.015607] device-mapper: uevent: version 1.0.3
[    1.015692] device-mapper: ioctl: 4.45.0-ioctl (2021-03-22) initialised: dm-devel@redhat.com
[    1.019128] Key type encrypted registered
[    4.554324] raid6: avx2x4   gen() 36456 MB/s
[    4.610745] raid6: avx2x4   xor()  9984 MB/s
[    4.667655] raid6: avx2x2   gen() 38056 MB/s
[    4.724598] raid6: avx2x2   xor() 23565 MB/s
[    4.780996] raid6: avx2x1   gen() 31456 MB/s
[    4.837847] raid6: avx2x1   xor() 18687 MB/s
[    4.894328] raid6: sse2x4   gen() 17712 MB/s
[    4.950729] raid6: sse2x4   xor()  8718 MB/s
[    5.007655] raid6: sse2x2   gen() 19472 MB/s
[    5.064058] raid6: sse2x2   xor() 11917 MB/s
[    5.120723] raid6: sse2x1   gen() 14857 MB/s
[    5.177391] raid6: sse2x1   xor()  9445 MB/s
[    5.177392] raid6: using algorithm avx2x2 gen() 38056 MB/s
[    5.177392] raid6: .... xor() 23565 MB/s, rmw enabled
[    5.177393] raid6: using avx2x2 recovery algorithm
[    5.178789] xor: automatically using best checksumming function   avx       
[    5.220945] Btrfs loaded, crc32c=crc32c-intel, zoned=yes
[    5.223645] BTRFS: device fsid 60699b1d-4878-4c7a-9ce1-e6cca69ee26a devid 1 transid 10376 /dev/dm-0 scanned by systemd-udevd (184)
[    5.233194] PM: Image not found (code -22)
[    5.242444] BTRFS info (device dm-0): flagging fs with big metadata feature
[    5.242452] BTRFS info (device dm-0): disk space caching is enabled
[    5.242453] BTRFS info (device dm-0): has skinny extents
[    5.254413] BTRFS info (device dm-0): enabling ssd optimizations
[    5.357983] systemd[1]: systemd 249.4-1-manjaro running in system mode (+PAM +AUDIT -SELINUX -APPARMOR -IMA +SMACK +SECCOMP +GCRYPT +GNUTLS +OPENSSL +ACL +BLKID +CURL +ELFUTILS +FIDO2 +IDN2 -IDN +IPTC +KMOD +LIBCRYPTSETUP +LIBFDISK +PCRE2 -PWQUALITY +P11KIT -QRENCODE +BZIP2 +LZ4 +XZ +ZLIB +ZSTD +XKBCOMMON +UTMP -SYSVINIT default-hierarchy=unified)
[    5.374505] systemd[1]: Detected architecture x86-64.
[    5.375622] systemd[1]: Hostname set to <mksredmibook>.
[    5.498490] systemd[1]: Queued start job for default target Graphical Interface.
[    5.499602] systemd[1]: Created slice Slice /system/getty.
[    5.499853] systemd[1]: Created slice Slice /system/maia-console.
[    5.500015] systemd[1]: Created slice Slice /system/modprobe.
[    5.500161] systemd[1]: Created slice Cryptsetup Units Slice.
[    5.500310] systemd[1]: Created slice Slice /system/systemd-fsck.
[    5.500435] systemd[1]: Created slice User and Session Slice.
[    5.500493] systemd[1]: Started Dispatch Password Requests to Console Directory Watch.
[    5.500532] systemd[1]: Started Forward Password Requests to Wall Directory Watch.
[    5.500646] systemd[1]: Set up automount Arbitrary Executable File Formats File System Automount Point.
[    5.500738] systemd[1]: Reached target Login Prompts.
[    5.500788] systemd[1]: Reached target Path Units.
[    5.500810] systemd[1]: Reached target Remote File Systems.
[    5.500834] systemd[1]: Reached target Slice Units.
[    5.500872] systemd[1]: Reached target Local Verity Integrity Protected Volumes.
[    5.500945] systemd[1]: Listening on Device-mapper event daemon FIFOs.
[    5.501516] systemd[1]: Listening on LVM2 poll daemon socket.
[    5.502254] systemd[1]: Listening on Process Core Dump Socket.
[    5.502358] systemd[1]: Listening on Journal Audit Socket.
[    5.502425] systemd[1]: Listening on Journal Socket (/dev/log).
[    5.502493] systemd[1]: Listening on Journal Socket.
[    5.502797] systemd[1]: Listening on udev Control Socket.
[    5.502887] systemd[1]: Listening on udev Kernel Socket.
[    5.503478] systemd[1]: Mounting Huge Pages File System...
[    5.503870] systemd[1]: Mounting POSIX Message Queue File System...
[    5.504489] systemd[1]: Mounting Kernel Debug File System...
[    5.505183] systemd[1]: Mounting Kernel Trace File System...
[    5.505921] systemd[1]: Starting Create List of Static Device Nodes...
[    5.506416] systemd[1]: Starting Monitoring of LVM2 mirrors, snapshots etc. using dmeventd or progress polling...
[    5.506951] systemd[1]: Starting Load Kernel Module configfs...
[    5.507418] systemd[1]: Starting Load Kernel Module drm...
[    5.508236] systemd[1]: Starting Load Kernel Module fuse...
[    5.508696] systemd[1]: Condition check resulted in Set Up Additional Binary Formats being skipped.
[    5.508737] systemd[1]: Condition check resulted in File System Check on Root Device being skipped.
[    5.509342] systemd[1]: Starting Load Kernel Modules...
[    5.509817] systemd[1]: Starting Remount Root and Kernel File Systems...
[    5.509871] systemd[1]: Condition check resulted in Repartition Root Disk being skipped.
[    5.510418] systemd[1]: Starting Coldplug All udev Devices...
[    5.511413] systemd[1]: Mounted Huge Pages File System.
[    5.511563] systemd[1]: Mounted POSIX Message Queue File System.
[    5.511624] systemd[1]: Mounted Kernel Debug File System.
[    5.511677] systemd[1]: Mounted Kernel Trace File System.
[    5.511885] systemd[1]: Finished Create List of Static Device Nodes.
[    5.512138] systemd[1]: modprobe@configfs.service: Deactivated successfully.
[    5.512290] systemd[1]: Finished Load Kernel Module configfs.
[    5.512967] systemd[1]: Mounting Kernel Configuration File System...
[    5.515492] systemd[1]: Mounted Kernel Configuration File System.
[    5.522448] fuse: init (API version 7.34)
[    5.522914] systemd[1]: modprobe@fuse.service: Deactivated successfully.
[    5.523077] systemd[1]: Finished Load Kernel Module fuse.
[    5.523690] systemd[1]: Mounting FUSE Control File System...
[    5.525087] systemd[1]: Mounted FUSE Control File System.
[    5.532784] vboxdrv: loading out-of-tree module taints kernel.
[    5.532918] vboxdrv: module verification failed: signature and/or required key missing - tainting kernel
[    5.533863] systemd[1]: modprobe@drm.service: Deactivated successfully.
[    5.534043] systemd[1]: Finished Load Kernel Module drm.
[    5.536008] vboxdrv: Found 6 processor cores
[    5.552097] systemd[1]: Finished Coldplug All udev Devices.
[    5.558159] vboxdrv: TSC mode is Invariant, tentative frequency 2370609459 Hz
[    5.558164] vboxdrv: Successfully loaded version 6.1.26 r145957 (interface 0x00300000)
[    5.568039] systemd[1]: Finished Monitoring of LVM2 mirrors, snapshots etc. using dmeventd or progress polling.
[    5.598245] VBoxNetAdp: Successfully started.
[    5.600665] VBoxNetFlt: Successfully started.
[    5.601650] BTRFS info (device dm-0): use zstd compression, level 3
[    5.601657] BTRFS info (device dm-0): disk space caching is enabled
[    5.602924] systemd[1]: Finished Load Kernel Modules.
[    5.603142] systemd[1]: Finished Remount Root and Kernel File Systems.
[    5.603258] systemd[1]: Condition check resulted in First Boot Wizard being skipped.
[    5.604033] systemd[1]: Condition check resulted in Rebuild Hardware Database being skipped.
[    5.604550] systemd[1]: Starting Load/Save Random Seed...
[    5.604978] systemd[1]: Starting Apply Kernel Variables...
[    5.605465] systemd[1]: Starting Create System Users...
[    5.611871] systemd[1]: Finished Load/Save Random Seed.
[    5.612000] systemd[1]: Condition check resulted in First Boot Complete being skipped.
[    5.614181] systemd[1]: Finished Apply Kernel Variables.
[    5.618456] systemd[1]: Starting CLI Netfilter Manager...
[    5.629873] systemd[1]: Finished Create System Users.
[    5.630484] systemd[1]: Starting Create Static Device Nodes in /dev...
[    5.638942] systemd[1]: Finished Create Static Device Nodes in /dev.
[    5.639053] systemd[1]: Reached target Preparation for Local File Systems.
[    5.639091] systemd[1]: Condition check resulted in Virtual Machine and Container Storage (Compatibility) being skipped.
[    5.639108] systemd[1]: Condition check resulted in Entropy Daemon based on the HAVEGE algorithm being skipped.
[    5.640059] systemd[1]: Starting Journal Service...
[    5.640868] systemd[1]: Starting Rule-based Manager for Device Events and Files...
[    5.665548] systemd[1]: Started Rule-based Manager for Device Events and Files.
[    5.665611] audit: type=1130 audit(1632675662.826:2): pid=1 uid=0 auid=4294967295 ses=4294967295 subj==unconfined msg='unit=systemd-udevd comm="systemd" exe="/usr/lib/systemd/systemd" hostname=? addr=? terminal=? res=success'
[    5.671660] systemd[1]: Started Journal Service.
[    5.671733] audit: type=1130 audit(1632675662.833:3): pid=1 uid=0 auid=4294967295 ses=4294967295 subj==unconfined msg='unit=systemd-journald comm="systemd" exe="/usr/lib/systemd/systemd" hostname=? addr=? terminal=? res=success'
[    5.675187] audit: type=1325 audit(1632675662.836:4): table=filter:2 family=2 entries=7 op=nft_register_chain pid=361 subj==unconfined comm="iptables-restor"
[    5.675192] audit: type=1300 audit(1632675662.836:4): arch=c000003e syscall=46 success=yes exit=732 a0=3 a1=7ffe68682d80 a2=0 a3=7ffe68682d6c items=0 ppid=335 pid=361 auid=4294967295 uid=0 gid=0 euid=0 suid=0 fsuid=0 egid=0 sgid=0 fsgid=0 tty=(none) ses=4294967295 comm="iptables-restor" exe="/usr/bin/xtables-nft-multi" subj==unconfined key=(null)
[    5.675194] audit: type=1327 audit(1632675662.836:4): proctitle=69707461626C65732D726573746F7265002D6E
[    5.702559] input: Power Button as /devices/LNXSYSTM:00/LNXSYBUS:00/PNP0C0C:00/input/input1
[    5.702584] ACPI: button: Power Button [PWRB]
[    5.702627] input: Lid Switch as /devices/LNXSYSTM:00/LNXSYBUS:00/PNP0A08:00/device:2a/PNP0C09:00/PNP0C0D:00/input/input2
[    5.702638] ACPI: button: Lid Switch [LID0]
[    5.702877] acpi_cpufreq: overriding BIOS provided _PSD data
[    5.711541] thermal LNXTHERM:00: registered as thermal_zone0
[    5.711546] ACPI: thermal: Thermal Zone [TZ0] (63 C)
[    5.717623] hid: raw HID events driver (C) Jiri Kosina
[    5.717693] acpi PNP0C14:01: duplicate WMI GUID 05901221-D566-11D1-B2F0-00A0C9062910 (first instance was on PNP0C14:00)
[    5.725342] ACPI: video: Video Device [VGA] (multi-head: yes  rom: no  post: no)
[    5.725682] acpi device:0e: registered as cooling_device6
[    5.725752] input: Video Bus as /devices/LNXSYSTM:00/LNXSYBUS:00/PNP0A08:00/device:0d/LNXVIDEO:00/input/input3
[    5.728604] ACPI: AC: AC Adapter [ACAD] (on-line)
[    5.746292] ACPI: battery: Slot [BATT] (battery present)
[    5.761672] audit: type=1325 audit(1632675662.836:5): table=filter:3 family=2 entries=36 op=nft_register_chain pid=364 subj==unconfined comm="iptables-restor"
[    5.761676] audit: type=1300 audit(1632675662.836:5): arch=c000003e syscall=46 success=yes exit=4440 a0=3 a1=7fff37267650 a2=0 a3=7fff3726763c items=0 ppid=335 pid=364 auid=4294967295 uid=0 gid=0 euid=0 suid=0 fsuid=0 egid=0 sgid=0 fsgid=0 tty=(none) ses=4294967295 comm="iptables-restor" exe="/usr/bin/xtables-nft-multi" subj==unconfined key=(null)
[    5.761678] audit: type=1327 audit(1632675662.836:5): proctitle=69707461626C65732D726573746F7265002D6E
[    5.763733] piix4_smbus 0000:00:14.0: SMBus Host Controller at 0xb00, revision 0
[    5.763737] piix4_smbus 0000:00:14.0: Using register 0x02 for SMBus port selection
[    5.767758] input: PC Speaker as /devices/platform/pcspkr/input/input4
[    5.769200] audit: type=1325 audit(1632675662.929:6): table=filter:4 family=2 entries=2 op=nft_register_rule pid=422 subj==unconfined comm="iptables-restor"
[    5.769204] audit: type=1300 audit(1632675662.929:6): arch=c000003e syscall=46 success=yes exit=984 a0=3 a1=7fff0944bf00 a2=0 a3=7fff0944beec items=0 ppid=335 pid=422 auid=4294967295 uid=0 gid=0 euid=0 suid=0 fsuid=0 egid=0 sgid=0 fsgid=0 tty=(none) ses=4294967295 comm="iptables-restor" exe="/usr/bin/xtables-nft-multi" subj==unconfined key=(null)
[    5.774518] piix4_smbus 0000:00:14.0: Auxiliary SMBus Host Controller at 0xb20
[    5.781593] snd_rn_pci_acp3x 0000:02:00.5: enabling device (0000 -> 0002)
[    5.878863] Adding 16383996k swap on /dev/sda2.  Priority:-2 extents:1 across:16383996k SSFS
[    5.882867] kvm: Nested Virtualization enabled
[    5.882870] SVM: kvm: Nested Paging enabled
[    5.882881] SVM: Virtual VMLOAD VMSAVE supported
[    5.882881] SVM: Virtual GIF supported
[    5.920931] cfg80211: Loading compiled-in X.509 certificates for regulatory database
[    5.921391] MCE: In-kernel MCE decoding enabled.
[    5.921888] snd_hda_intel 0000:02:00.1: enabling device (0000 -> 0002)
[    5.925032] snd_hda_intel 0000:02:00.1: Handle vga_switcheroo audio client
[    5.925162] snd_hda_intel 0000:02:00.6: enabling device (0000 -> 0002)
[    5.935819] cfg80211: Loaded X.509 cert 'sforshee: 00b28ddf47aef9cea7'
[    5.937467] input: HD-Audio Generic HDMI/DP,pcm=3 as /devices/pci0000:00/0000:00:08.1/0000:02:00.1/sound/card0/input5
[    5.938074] input: HD-Audio Generic HDMI/DP,pcm=7 as /devices/pci0000:00/0000:00:08.1/0000:02:00.1/sound/card0/input6
[    5.938377] Bluetooth: Core ver 2.22
[    5.938394] NET: Registered PF_BLUETOOTH protocol family
[    5.938395] Bluetooth: HCI device and connection manager initialized
[    5.938400] Bluetooth: HCI socket layer initialized
[    5.938403] Bluetooth: L2CAP socket layer initialized
[    5.938406] Bluetooth: SCO socket layer initialized
[    5.957200] BTRFS info (device dm-0): devid 1 device path /dev/mapper/luks-f5c58973-d2db-4063-9fb3-06e53844933b changed to /dev/dm-0 scanned by systemd-udevd (349)
[    5.957817] BTRFS info (device dm-0): devid 1 device path /dev/dm-0 changed to /dev/mapper/luks-f5c58973-d2db-4063-9fb3-06e53844933b scanned by systemd-udevd (349)
[    5.988722] AMD-Vi: AMD IOMMUv2 driver by Joerg Roedel <jroedel@suse.de>
[    5.990082] snd_hda_codec_realtek hdaudioC1D0: autoconfig for ALC256: line_outs=1 (0x14/0x0/0x0/0x0/0x0) type:speaker
[    5.990088] snd_hda_codec_realtek hdaudioC1D0:    speaker_outs=0 (0x0/0x0/0x0/0x0/0x0)
[    5.990090] snd_hda_codec_realtek hdaudioC1D0:    hp_outs=1 (0x21/0x0/0x0/0x0/0x0)
[    5.990092] snd_hda_codec_realtek hdaudioC1D0:    mono: mono_out=0x0
[    5.990092] snd_hda_codec_realtek hdaudioC1D0:    inputs:
[    5.990093] snd_hda_codec_realtek hdaudioC1D0:      Mic=0x19
[    5.992596] systemd-journald[339]: Received client request to flush runtime journal.
[    6.045457] usbcore: registered new interface driver btusb
[    6.051444] Bluetooth: hci0: RTL: examining hci_ver=0a hci_rev=000c lmp_ver=0a lmp_subver=8822
[    6.053436] Bluetooth: hci0: RTL: rom_version status=0 version=3
[    6.053453] Bluetooth: hci0: RTL: loading rtl_bt/rtl8822cu_fw.bin
[    6.059531] input: HD-Audio Generic Mic as /devices/pci0000:00/0000:00:08.1/0000:02:00.6/sound/card1/input7
[    6.059594] input: HD-Audio Generic Headphone as /devices/pci0000:00/0000:00:08.1/0000:02:00.6/sound/card1/input8
[    6.059905] input: GXT7863:00 27C6:01E0 Mouse as /devices/platform/AMDI0010:03/i2c-0/i2c-GXT7863:00/0018:27C6:01E0.0001/input/input9
[    6.060029] input: GXT7863:00 27C6:01E0 Touchpad as /devices/platform/AMDI0010:03/i2c-0/i2c-GXT7863:00/0018:27C6:01E0.0001/input/input10
[    6.060090] hid-generic 0018:27C6:01E0.0001: input,hidraw0: I2C HID v1.00 Mouse [GXT7863:00 27C6:01E0] on i2c-GXT7863:00
[    6.061264] Bluetooth: hci0: RTL: loading rtl_bt/rtl8822cu_config.bin
[    6.061309] Bluetooth: hci0: RTL: cfg_sz 6, total sz 39526
[    6.080698] acp_pdm_mach acp_pdm_mach.0: snd_soc_register_card(acp) failed: -517
[    6.081696] acp_pdm_mach acp_pdm_mach.0: snd_soc_register_card(acp) failed: -517
[    6.214337] input: GXT7863:00 27C6:01E0 Mouse as /devices/platform/AMDI0010:03/i2c-0/i2c-GXT7863:00/0018:27C6:01E0.0001/input/input12
[    6.214607] input: GXT7863:00 27C6:01E0 Touchpad as /devices/platform/AMDI0010:03/i2c-0/i2c-GXT7863:00/0018:27C6:01E0.0001/input/input13
[    6.214701] hid-multitouch 0018:27C6:01E0.0001: input,hidraw0: I2C HID v1.00 Mouse [GXT7863:00 27C6:01E0] on i2c-GXT7863:00
[    6.302520] mousedev: PS/2 mouse device common for all mice
[    6.311930] rtw_8822ce 0000:01:00.0: Firmware version 9.9.4, H2C version 15
[    6.311965] rtw_8822ce 0000:01:00.0: Firmware version 9.9.10, H2C version 15
[    6.312341] rtw_8822ce 0000:01:00.0: enabling device (0000 -> 0003)
[    6.403429] Bluetooth: hci0: RTL: fw version 0x09a91a4a
[    6.407682] Error: Driver 'rtw_8822ce' is already registered, aborting...
[    6.408067] [drm] amdgpu kernel modesetting enabled.
[    6.417779] amdgpu: Virtual CRAT table created for CPU
[    6.417791] amdgpu: Topology: Add CPU node
[    6.417867] checking generic (fce0000000 7f0000) vs hw (fce0000000 10000000)
[    6.417869] fb0: switching to amdgpudrmfb from EFI VGA
[    6.417942] Console: switching to colour dummy device 80x25
[    6.417960] amdgpu 0000:02:00.0: vgaarb: deactivate vga console
[    6.418425] amdgpu 0000:02:00.0: enabling device (0006 -> 0007)
[    6.418479] [drm] initializing kernel modesetting (RENOIR 0x1002:0x1636 0x1D72:0x1951 0xC3).
[    6.418482] amdgpu 0000:02:00.0: amdgpu: Trusted Memory Zone (TMZ) feature enabled
[    6.419135] [drm] register mmio base: 0xD0400000
[    6.419137] [drm] register mmio size: 524288
[    6.419139] [drm] PCIE atomic ops is not supported
[    6.420239] [drm] add ip block number 0 <soc15_common>
[    6.420240] [drm] add ip block number 1 <gmc_v9_0>
[    6.420241] [drm] add ip block number 2 <vega10_ih>
[    6.420242] [drm] add ip block number 3 <psp>
[    6.420243] [drm] add ip block number 4 <smu>
[    6.420244] [drm] add ip block number 5 <gfx_v9_0>
[    6.420245] [drm] add ip block number 6 <sdma_v4_0>
[    6.420246] [drm] add ip block number 7 <dm>
[    6.420246] [drm] add ip block number 8 <vcn_v2_0>
[    6.420247] [drm] add ip block number 9 <jpeg_v2_0>
[    6.420258] amdgpu 0000:02:00.0: amdgpu: Fetched VBIOS from VFCT
[    6.420260] amdgpu: ATOM BIOS: 113-RENOIR-026
[    6.423573] [drm] VCN decode is enabled in VM mode
[    6.423575] [drm] VCN encode is enabled in VM mode
[    6.423576] [drm] JPEG decode is enabled in VM mode
[    6.423612] [drm] vm size is 262144 GB, 4 levels, block size is 9-bit, fragment size is 9-bit
[    6.423623] amdgpu 0000:02:00.0: amdgpu: VRAM: 512M 0x000000F400000000 - 0x000000F41FFFFFFF (512M used)
[    6.423626] amdgpu 0000:02:00.0: amdgpu: GART: 1024M 0x0000000000000000 - 0x000000003FFFFFFF
[    6.423627] amdgpu 0000:02:00.0: amdgpu: AGP: 267419648M 0x000000F800000000 - 0x0000FFFFFFFFFFFF
[    6.423634] [drm] Detected VRAM RAM=512M, BAR=512M
[    6.423635] [drm] RAM width 128bits DDR4
[    6.423676] [drm] amdgpu: 512M of VRAM memory ready
[    6.423677] [drm] amdgpu: 3072M of GTT memory ready.
[    6.423683] [drm] GART: num cpu pages 262144, num gpu pages 262144
[    6.423810] [drm] PCIE GART of 1024M enabled.
[    6.423811] [drm] PTB located at 0x000000F400900000
[    6.425487] amdgpu 0000:02:00.0: amdgpu: PSP runtime database doesn't exist
[    6.465847] [drm] Loading DMUB firmware via PSP: version=0x01010019
[    6.467593] [drm] Found VCN firmware Version ENC: 1.14 DEC: 5 VEP: 0 Revision: 20
[    6.467605] amdgpu 0000:02:00.0: amdgpu: Will use PSP to load VCN firmware
[    6.486560] rtw_8822ce 0000:01:00.0 wlp1s0: renamed from wlan0
[    7.001513] Bluetooth: BNEP (Ethernet Emulation) ver 1.3
[    7.001516] Bluetooth: BNEP filters: protocol multicast
[    7.001520] Bluetooth: BNEP socket layer initialized
[    7.011928] NET: Registered PF_ALG protocol family
[    7.164552] [drm] reserve 0x400000 from 0xf41f800000 for PSP TMR
[    7.243343] amdgpu 0000:02:00.0: amdgpu: RAS: optional ras ta ucode is not available
[    7.251270] amdgpu 0000:02:00.0: amdgpu: RAP: optional rap ta ucode is not available
[    7.251275] amdgpu 0000:02:00.0: amdgpu: SECUREDISPLAY: securedisplay ta ucode is not available
[    7.252571] amdgpu 0000:02:00.0: amdgpu: SMU is initialized successfully!
[    7.253921] [drm] kiq ring mec 2 pipe 1 q 0
[    7.255261] [drm] Display Core initialized with v3.2.141!
[    7.255935] [drm] DMUB hardware initialized: version=0x01010019
[    7.318361] loop: module loaded
[    7.318872] loop0: detected capacity change from 0 to 8
[    7.330507] squashfs: version 4.0 (2009/01/31) Phillip Lougher
[    7.369597] [drm] VCN decode and encode initialized successfully(under DPG Mode).
[    7.369614] [drm] JPEG decode initialized successfully.
[    7.370846] kfd kfd: amdgpu: Allocated 3969056 bytes on gart
[    7.405228] memmap_init_zone_device initialised 131072 pages in 0ms
[    7.405239] amdgpu: HMM registered 512MB device memory
[    7.405277] amdgpu: SRAT table not found
[    7.405278] amdgpu: Virtual CRAT table created for GPU
[    7.405493] amdgpu: Topology: Add dGPU node [0x1636:0x1002]
[    7.405496] kfd kfd: amdgpu: added device 1002:1636
[    7.405499] amdgpu 0000:02:00.0: amdgpu: SE 1, SH per SE 2, CU per SH 18, active_cu_number 26
[    7.408019] [drm] fb mappable at 0x410CD1000
[    7.408022] [drm] vram apper at 0x410000000
[    7.408023] [drm] size 8294400
[    7.408023] [drm] fb depth is 24
[    7.408024] [drm]    pitch is 7680
[    7.408132] fbcon: amdgpu (fb0) is primary device
[    7.465441] Console: switching to colour frame buffer device 240x67
[    7.483825] amdgpu 0000:02:00.0: [drm] fb0: amdgpu frame buffer device
[    7.514198] amdgpu 0000:02:00.0: amdgpu: ring gfx uses VM inv eng 0 on hub 0
[    7.514204] amdgpu 0000:02:00.0: amdgpu: ring comp_1.0.0 uses VM inv eng 1 on hub 0
[    7.514206] amdgpu 0000:02:00.0: amdgpu: ring comp_1.1.0 uses VM inv eng 4 on hub 0
[    7.514208] amdgpu 0000:02:00.0: amdgpu: ring comp_1.2.0 uses VM inv eng 5 on hub 0
[    7.514210] amdgpu 0000:02:00.0: amdgpu: ring comp_1.3.0 uses VM inv eng 6 on hub 0
[    7.514211] amdgpu 0000:02:00.0: amdgpu: ring comp_1.0.1 uses VM inv eng 7 on hub 0
[    7.514213] amdgpu 0000:02:00.0: amdgpu: ring comp_1.1.1 uses VM inv eng 8 on hub 0
[    7.514214] amdgpu 0000:02:00.0: amdgpu: ring comp_1.2.1 uses VM inv eng 9 on hub 0
[    7.514215] amdgpu 0000:02:00.0: amdgpu: ring comp_1.3.1 uses VM inv eng 10 on hub 0
[    7.514217] amdgpu 0000:02:00.0: amdgpu: ring kiq_2.1.0 uses VM inv eng 11 on hub 0
[    7.514219] amdgpu 0000:02:00.0: amdgpu: ring sdma0 uses VM inv eng 0 on hub 1
[    7.514221] amdgpu 0000:02:00.0: amdgpu: ring vcn_dec uses VM inv eng 1 on hub 1
[    7.514223] amdgpu 0000:02:00.0: amdgpu: ring vcn_enc0 uses VM inv eng 4 on hub 1
[    7.514224] amdgpu 0000:02:00.0: amdgpu: ring vcn_enc1 uses VM inv eng 5 on hub 1
[    7.514226] amdgpu 0000:02:00.0: amdgpu: ring jpeg_dec uses VM inv eng 6 on hub 1
[    7.516621] [drm] Initialized amdgpu 3.42.0 20150101 for 0000:02:00.0 on minor 0
[    8.177481] rtw_8822ce 0000:01:00.0: start vif 74:4c:a1:55:0d:6f on port 0
[    8.178301] rtw_8822ce 0000:01:00.0: stop vif 74:4c:a1:55:0d:6f on port 0
[    8.405525] rtw_8822ce 0000:01:00.0: start vif 86:e9:e0:7a:d1:f4 on port 0
[   14.757501] show_signal: 60 callbacks suppressed
[   14.757505] traps: xsuspender[966] trap int3 ip:7f754d8da95b sp:7ffc333c7d00 error:0 in libglib-2.0.so.0.7000.0[7f754d89b000+8d000]
[   15.074912] Bluetooth: RFCOMM TTY layer initialized
[   15.074924] Bluetooth: RFCOMM socket layer initialized
[   15.074929] Bluetooth: RFCOMM ver 1.11
[   48.614127] atkbd serio0: Unknown key pressed (translated set 2, code 0xf6 on isa0060/serio0).
[   48.614143] atkbd serio0: Use 'setkeycodes e076 <keycode>' to make it known.
[   49.360033] atkbd serio0: Unknown key released (translated set 2, code 0xf6 on isa0060/serio0).
[   49.360043] atkbd serio0: Use 'setkeycodes e076 <keycode>' to make it known.
[   51.624422] atkbd serio0: Unknown key pressed (translated set 2, code 0xf6 on isa0060/serio0).
[   51.624438] atkbd serio0: Use 'setkeycodes e076 <keycode>' to make it known.
[   58.553902] atkbd serio0: Unknown key released (translated set 2, code 0xf6 on isa0060/serio0).
[   58.553917] atkbd serio0: Use 'setkeycodes e076 <keycode>' to make it known.
[   66.384449] ucsi_acpi USBC000:00: PPM init failed (-110)
[   70.717424] atkbd serio0: Unknown key pressed (translated set 2, code 0xf6 on isa0060/serio0).
[   70.717436] atkbd serio0: Use 'setkeycodes e076 <keycode>' to make it known.
[   71.049906] atkbd serio0: Unknown key released (translated set 2, code 0xf6 on isa0060/serio0).
[   71.049918] atkbd serio0: Use 'setkeycodes e076 <keycode>' to make it known.
[  150.942606] rtw_8822ce 0000:01:00.0: stop vif 86:e9:e0:7a:d1:f4 on port 0
[  151.172198] rtw_8822ce 0000:01:00.0: start vif 74:4c:a1:55:0d:6f on port 0
[  155.296543] wlp1s0: authenticate with 84:d8:1b:8a:31:72
[  155.785640] wlp1s0: send auth to 84:d8:1b:8a:31:72 (try 1/3)
[  155.788962] wlp1s0: authenticated
[  155.790732] wlp1s0: associate with 84:d8:1b:8a:31:72 (try 1/3)
[  155.795833] wlp1s0: RX AssocResp from 84:d8:1b:8a:31:72 (capab=0x11 status=0 aid=1)
[  155.795855] rtw_8822ce 0000:01:00.0: sta 84:d8:1b:8a:31:72 joined with macid 0
[  155.796133] wlp1s0: associated
[  155.880948] IPv6: ADDRCONF(NETDEV_CHANGE): wlp1s0: link becomes ready
[  162.638574] atkbd serio0: Unknown key pressed (translated set 2, code 0xf6 on isa0060/serio0).
[  162.638586] atkbd serio0: Use 'setkeycodes e076 <keycode>' to make it known.
[  163.021211] atkbd serio0: Unknown key released (translated set 2, code 0xf6 on isa0060/serio0).
[  163.021222] atkbd serio0: Use 'setkeycodes e076 <keycode>' to make it known.
[  170.388565] atkbd serio0: Unknown key pressed (translated set 2, code 0xf6 on isa0060/serio0).
[  170.388580] atkbd serio0: Use 'setkeycodes e076 <keycode>' to make it known.
[  171.653643] atkbd serio0: Unknown key released (translated set 2, code 0xf6 on isa0060/serio0).
[  171.653655] atkbd serio0: Use 'setkeycodes e076 <keycode>' to make it known.
[  262.680138] nf_conntrack: default automatic helper assignment has been turned off for security reasons and CT-based firewall rule not found. Use the iptables CT target to attach helpers instead.
[  295.619642] [UFW BLOCK] IN=wlp1s0 OUT= MAC=74:4c:a1:55:0d:6f:84:d8:1b:8a:31:73:08:00 SRC=35.227.197.221 DST=192.168.1.158 LEN=125 TOS=0x00 PREC=0x60 TTL=57 ID=40145 PROTO=TCP SPT=443 DPT=49038 WINDOW=1061 RES=0x00 ACK PSH URGP=0 
[  296.056475] [UFW BLOCK] IN=wlp1s0 OUT= MAC=74:4c:a1:55:0d:6f:84:d8:1b:8a:31:73:08:00 SRC=35.227.197.221 DST=192.168.1.158 LEN=125 TOS=0x00 PREC=0x60 TTL=57 ID=40494 PROTO=TCP SPT=443 DPT=49038 WINDOW=1061 RES=0x00 ACK PSH URGP=0 
[  296.610662] [UFW BLOCK] IN=wlp1s0 OUT= MAC=74:4c:a1:55:0d:6f:84:d8:1b:8a:31:73:08:00 SRC=35.227.197.221 DST=192.168.1.158 LEN=125 TOS=0x00 PREC=0x60 TTL=57 ID=40831 PROTO=TCP SPT=443 DPT=49038 WINDOW=1061 RES=0x00 ACK PSH URGP=0 
[  297.740951] [UFW BLOCK] IN=wlp1s0 OUT= MAC=74:4c:a1:55:0d:6f:84:d8:1b:8a:31:73:08:00 SRC=35.227.197.221 DST=192.168.1.158 LEN=125 TOS=0x00 PREC=0x60 TTL=57 ID=41578 PROTO=TCP SPT=443 DPT=49038 WINDOW=1061 RES=0x00 ACK PSH URGP=0 
[  299.812591] [UFW BLOCK] IN=wlp1s0 OUT= MAC=74:4c:a1:55:0d:6f:84:d8:1b:8a:31:73:08:00 SRC=35.227.197.221 DST=192.168.1.158 LEN=125 TOS=0x00 PREC=0x60 TTL=57 ID=43141 PROTO=TCP SPT=443 DPT=49038 WINDOW=1061 RES=0x00 ACK PSH URGP=0 
[  321.585141] atkbd serio0: Unknown key pressed (translated set 2, code 0xf6 on isa0060/serio0).
[  321.585151] atkbd serio0: Use 'setkeycodes e076 <keycode>' to make it known.
[  322.256161] atkbd serio0: Unknown key released (translated set 2, code 0xf6 on isa0060/serio0).
[  322.256170] atkbd serio0: Use 'setkeycodes e076 <keycode>' to make it known.
[  332.664794] atkbd serio0: Unknown key pressed (translated set 2, code 0xf6 on isa0060/serio0).
[  332.664804] atkbd serio0: Use 'setkeycodes e076 <keycode>' to make it known.
[  341.917344] atkbd serio0: Unknown key released (translated set 2, code 0xf6 on isa0060/serio0).
[  341.917358] atkbd serio0: Use 'setkeycodes e076 <keycode>' to make it known.
[  357.159499] atkbd serio0: Unknown key pressed (translated set 2, code 0xf6 on isa0060/serio0).
[  357.159511] atkbd serio0: Use 'setkeycodes e076 <keycode>' to make it known.
[  357.986705] atkbd serio0: Unknown key released (translated set 2, code 0xf6 on isa0060/serio0).
[  357.986720] atkbd serio0: Use 'setkeycodes e076 <keycode>' to make it known.
[  362.933188] atkbd serio0: Unknown key pressed (translated set 2, code 0xf6 on isa0060/serio0).
[  362.933203] atkbd serio0: Use 'setkeycodes e076 <keycode>' to make it known.
[  364.072437] atkbd serio0: Unknown key released (translated set 2, code 0xf6 on isa0060/serio0).
[  364.072448] atkbd serio0: Use 'setkeycodes e076 <keycode>' to make it known.
[  378.654406] atkbd serio0: Unknown key pressed (translated set 2, code 0xf6 on isa0060/serio0).
[  378.654421] atkbd serio0: Use 'setkeycodes e076 <keycode>' to make it known.
[  379.157132] atkbd serio0: Unknown key released (translated set 2, code 0xf6 on isa0060/serio0).
[  379.157145] atkbd serio0: Use 'setkeycodes e076 <keycode>' to make it known.
[  379.476291] atkbd serio0: Unknown key pressed (translated set 2, code 0xf6 on isa0060/serio0).
[  379.476304] atkbd serio0: Use 'setkeycodes e076 <keycode>' to make it known.
[  385.093887] atkbd serio0: Unknown key released (translated set 2, code 0xf6 on isa0060/serio0).
[  385.093903] atkbd serio0: Use 'setkeycodes e076 <keycode>' to make it known.
[  404.028938] atkbd serio0: Unknown key pressed (translated set 2, code 0xf6 on isa0060/serio0).
[  404.028945] atkbd serio0: Use 'setkeycodes e076 <keycode>' to make it known.
[  414.947032] [UFW BLOCK] IN=wlp1s0 OUT= MAC=74:4c:a1:55:0d:6f:84:d8:1b:8a:31:73:08:00 SRC=185.199.111.154 DST=192.168.1.158 LEN=103 TOS=0x00 PREC=0x00 TTL=55 ID=56339 DF PROTO=TCP SPT=443 DPT=56228 WINDOW=288 RES=0x00 ACK PSH URGP=0 
[  415.131923] [UFW BLOCK] IN=wlp1s0 OUT= MAC=74:4c:a1:55:0d:6f:84:d8:1b:8a:31:73:08:00 SRC=185.199.111.133 DST=192.168.1.158 LEN=103 TOS=0x00 PREC=0x00 TTL=55 ID=54322 DF PROTO=TCP SPT=443 DPT=44612 WINDOW=310 RES=0x00 ACK PSH URGP=0 
[  419.026078] [UFW BLOCK] IN=wlp1s0 OUT= MAC=74:4c:a1:55:0d:6f:84:d8:1b:8a:31:73:08:00 SRC=185.199.111.154 DST=192.168.1.158 LEN=103 TOS=0x00 PREC=0x00 TTL=50 ID=56345 DF PROTO=TCP SPT=443 DPT=56228 WINDOW=288 RES=0x00 ACK PSH FIN URGP=0 
[  419.636971] [UFW BLOCK] IN=wlp1s0 OUT= MAC=74:4c:a1:55:0d:6f:84:d8:1b:8a:31:73:08:00 SRC=185.199.111.133 DST=192.168.1.158 LEN=103 TOS=0x00 PREC=0x00 TTL=51 ID=54328 DF PROTO=TCP SPT=443 DPT=44612 WINDOW=310 RES=0x00 ACK PSH FIN URGP=0 
[  422.982345] [UFW BLOCK] IN=wlp1s0 OUT= MAC=74:4c:a1:55:0d:6f:84:d8:1b:8a:31:73:08:00 SRC=185.199.111.154 DST=192.168.1.158 LEN=103 TOS=0x00 PREC=0x00 TTL=50 ID=56346 DF PROTO=TCP SPT=443 DPT=56228 WINDOW=288 RES=0x00 ACK PSH FIN URGP=0 
[  424.143168] [UFW BLOCK] IN=wlp1s0 OUT= MAC=74:4c:a1:55:0d:6f:84:d8:1b:8a:31:73:08:00 SRC=185.199.111.133 DST=192.168.1.158 LEN=103 TOS=0x00 PREC=0x00 TTL=51 ID=54329 DF PROTO=TCP SPT=443 DPT=44612 WINDOW=310 RES=0x00 ACK PSH FIN URGP=0 
[  431.112583] [UFW BLOCK] IN=wlp1s0 OUT= MAC=74:4c:a1:55:0d:6f:84:d8:1b:8a:31:73:08:00 SRC=185.199.111.154 DST=192.168.1.158 LEN=103 TOS=0x00 PREC=0x00 TTL=50 ID=56347 DF PROTO=TCP SPT=443 DPT=56228 WINDOW=288 RES=0x00 ACK PSH FIN URGP=0 
[  432.642585] [UFW BLOCK] IN=wlp1s0 OUT= MAC=74:4c:a1:55:0d:6f:84:d8:1b:8a:31:73:08:00 SRC=185.199.111.133 DST=192.168.1.158 LEN=103 TOS=0x00 PREC=0x00 TTL=51 ID=54330 DF PROTO=TCP SPT=443 DPT=44612 WINDOW=310 RES=0x00 ACK PSH FIN URGP=0 
[  451.792187] [UFW BLOCK] IN=wlp1s0 OUT= MAC=74:4c:a1:55:0d:6f:84:d8:1b:8a:31:73:08:00 SRC=185.199.111.133 DST=192.168.1.158 LEN=103 TOS=0x00 PREC=0x00 TTL=51 ID=54331 DF PROTO=TCP SPT=443 DPT=44612 WINDOW=310 RES=0x00 ACK PSH FIN URGP=0 
[  519.266782] atkbd serio0: Unknown key released (translated set 2, code 0xf6 on isa0060/serio0).
[  519.266791] atkbd serio0: Use 'setkeycodes e076 <keycode>' to make it known.
[  520.149474] atkbd serio0: Unknown key pressed (translated set 2, code 0xf6 on isa0060/serio0).
[  520.149485] atkbd serio0: Use 'setkeycodes e076 <keycode>' to make it known.
[  531.916825] atkbd serio0: Unknown key released (translated set 2, code 0xf6 on isa0060/serio0).
[  531.916833] atkbd serio0: Use 'setkeycodes e076 <keycode>' to make it known.
[  532.616564] atkbd serio0: Unknown key pressed (translated set 2, code 0xf6 on isa0060/serio0).
[  532.616575] atkbd serio0: Use 'setkeycodes e076 <keycode>' to make it known.
[  596.007754] atkbd serio0: Unknown key released (translated set 2, code 0xf6 on isa0060/serio0).
[  596.007766] atkbd serio0: Use 'setkeycodes e076 <keycode>' to make it known.
[  634.636577] atkbd serio0: Unknown key pressed (translated set 2, code 0xf6 on isa0060/serio0).
[  634.636587] atkbd serio0: Use 'setkeycodes e076 <keycode>' to make it known.
[  642.920526] atkbd serio0: Unknown key released (translated set 2, code 0xf6 on isa0060/serio0).
[  642.920542] atkbd serio0: Use 'setkeycodes e076 <keycode>' to make it known.
[  690.518952] atkbd serio0: Unknown key pressed (translated set 2, code 0xf6 on isa0060/serio0).
[  690.518967] atkbd serio0: Use 'setkeycodes e076 <keycode>' to make it known.
[  690.678672] atkbd serio0: Unknown key released (translated set 2, code 0xf6 on isa0060/serio0).
[  690.678686] atkbd serio0: Use 'setkeycodes e076 <keycode>' to make it known.
[  698.014261] atkbd serio0: Unknown key pressed (translated set 2, code 0xf6 on isa0060/serio0).
[  698.014276] atkbd serio0: Use 'setkeycodes e076 <keycode>' to make it known.
[  701.339580] atkbd serio0: Unknown key released (translated set 2, code 0xf6 on isa0060/serio0).
[  701.339599] atkbd serio0: Use 'setkeycodes e076 <keycode>' to make it known.
[  702.582129] atkbd serio0: Unknown key pressed (translated set 2, code 0xf6 on isa0060/serio0).
[  702.582138] atkbd serio0: Use 'setkeycodes e076 <keycode>' to make it known.
[  772.014160] atkbd serio0: Unknown key released (translated set 2, code 0xf6 on isa0060/serio0).
[  772.014170] atkbd serio0: Use 'setkeycodes e076 <keycode>' to make it known.
[ 1082.615614] atkbd serio0: Unknown key pressed (translated set 2, code 0xf6 on isa0060/serio0).
[ 1082.615625] atkbd serio0: Use 'setkeycodes e076 <keycode>' to make it known.
[ 1083.320852] atkbd serio0: Unknown key released (translated set 2, code 0xf6 on isa0060/serio0).
[ 1083.320867] atkbd serio0: Use 'setkeycodes e076 <keycode>' to make it known.
[ 1083.829609] atkbd serio0: Unknown key pressed (translated set 2, code 0xf6 on isa0060/serio0).
[ 1083.829621] atkbd serio0: Use 'setkeycodes e076 <keycode>' to make it known.
[ 1178.106446] atkbd serio0: Unknown key released (translated set 2, code 0xf6 on isa0060/serio0).
[ 1178.106462] atkbd serio0: Use 'setkeycodes e076 <keycode>' to make it known.
[ 1195.138951] atkbd serio0: Unknown key pressed (translated set 2, code 0xf6 on isa0060/serio0).
[ 1195.138963] atkbd serio0: Use 'setkeycodes e076 <keycode>' to make it known.
[ 1243.395735] atkbd serio0: Unknown key released (translated set 2, code 0xf6 on isa0060/serio0).
[ 1243.395745] atkbd serio0: Use 'setkeycodes e076 <keycode>' to make it known.
[ 1358.651721] atkbd serio0: Unknown key pressed (translated set 2, code 0xf6 on isa0060/serio0).
[ 1358.651732] atkbd serio0: Use 'setkeycodes e076 <keycode>' to make it known.
[ 1358.923091] atkbd serio0: Unknown key released (translated set 2, code 0xf6 on isa0060/serio0).
[ 1358.923106] atkbd serio0: Use 'setkeycodes e076 <keycode>' to make it known.
[ 1359.222083] atkbd serio0: Unknown key pressed (translated set 2, code 0xf6 on isa0060/serio0).
[ 1359.222094] atkbd serio0: Use 'setkeycodes e076 <keycode>' to make it known.
[ 1360.432193] atkbd serio0: Unknown key released (translated set 2, code 0xf6 on isa0060/serio0).
[ 1360.432204] atkbd serio0: Use 'setkeycodes e076 <keycode>' to make it known.
[ 1362.284274] atkbd serio0: Unknown key pressed (translated set 2, code 0xf6 on isa0060/serio0).
[ 1362.284289] atkbd serio0: Use 'setkeycodes e076 <keycode>' to make it known.
[ 1364.943114] atkbd serio0: Unknown key released (translated set 2, code 0xf6 on isa0060/serio0).
[ 1364.943125] atkbd serio0: Use 'setkeycodes e076 <keycode>' to make it known.
[ 1366.530378] atkbd serio0: Unknown key pressed (translated set 2, code 0xf6 on isa0060/serio0).
[ 1366.530394] atkbd serio0: Use 'setkeycodes e076 <keycode>' to make it known.
[ 1375.387924] atkbd serio0: Unknown key released (translated set 2, code 0xf6 on isa0060/serio0).
[ 1375.387937] atkbd serio0: Use 'setkeycodes e076 <keycode>' to make it known.
[ 1380.230816] atkbd serio0: Unknown key pressed (translated set 2, code 0xf6 on isa0060/serio0).
[ 1380.230825] atkbd serio0: Use 'setkeycodes e076 <keycode>' to make it known.
[ 1387.120080] atkbd serio0: Unknown key released (translated set 2, code 0xf6 on isa0060/serio0).
[ 1387.120094] atkbd serio0: Use 'setkeycodes e076 <keycode>' to make it known.
[ 1393.265201] atkbd serio0: Unknown key pressed (translated set 2, code 0xf6 on isa0060/serio0).
[ 1393.265217] atkbd serio0: Use 'setkeycodes e076 <keycode>' to make it known.
[ 1674.607160] atkbd serio0: Unknown key released (translated set 2, code 0xf6 on isa0060/serio0).
[ 1674.607165] atkbd serio0: Use 'setkeycodes e076 <keycode>' to make it known.
[ 1685.127308] atkbd serio0: Unknown key pressed (translated set 2, code 0xf6 on isa0060/serio0).
[ 1685.127318] atkbd serio0: Use 'setkeycodes e076 <keycode>' to make it known.
[ 1686.005648] atkbd serio0: Unknown key released (translated set 2, code 0xf6 on isa0060/serio0).
[ 1686.005665] atkbd serio0: Use 'setkeycodes e076 <keycode>' to make it known.
