[    0.000000] Linux version 5.14.8-AMD (max@mksredmibook) (gcc (GCC) 11.1.0, GNU ld (GNU Binutils) 2.36.1) #3 SMP PREEMPT Sun Sep 26 22:37:42 EEST 2021
[    0.000000] Command line: BOOT_IMAGE=/@/boot/vmlinuz-linux-amd root=UUID=60699b1d-4878-4c7a-9ce1-e6cca69ee26a rw rootflags=subvol=@ quiet cryptdevice=UUID=f5c58973-d2db-4063-9fb3-06e53844933b:luks-f5c58973-d2db-4063-9fb3-06e53844933b root=/dev/mapper/luks-f5c58973-d2db-4063-9fb3-06e53844933b apparmor=1 security=apparmor resume=UUID=151d3cac-f952-4e01-9ecf-9b1a98b0597a udev.log_priority=3 lsm=landlock,lockdown,yama,apparmor,bpf amdgpu.audio=0 amdgpu.noretry=0 pci=nocrs
[    0.000000] KERNEL supported cpus:
[    0.000000]   AMD AuthenticAMD
[    0.000000] x86/fpu: Supporting XSAVE feature 0x001: 'x87 floating point registers'
[    0.000000] x86/fpu: Supporting XSAVE feature 0x002: 'SSE registers'
[    0.000000] x86/fpu: Supporting XSAVE feature 0x004: 'AVX registers'
[    0.000000] x86/fpu: xstate_offset[2]:  576, xstate_sizes[2]:  256
[    0.000000] x86/fpu: Enabled xstate features 0x7, context size is 832 bytes, using 'compacted' format.
[    0.000000] signal: max sigframe size: 1776
[    0.000000] BIOS-provided physical RAM map:
[    0.000000] BIOS-e820: [mem 0x0000000000000000-0x000000000009efff] usable
[    0.000000] BIOS-e820: [mem 0x000000000009f000-0x00000000000bffff] reserved
[    0.000000] BIOS-e820: [mem 0x0000000000100000-0x0000000009afffff] usable
[    0.000000] BIOS-e820: [mem 0x0000000009b00000-0x0000000009dfffff] reserved
[    0.000000] BIOS-e820: [mem 0x0000000009e00000-0x0000000009efffff] usable
[    0.000000] BIOS-e820: [mem 0x0000000009f00000-0x0000000009f0ffff] ACPI NVS
[    0.000000] BIOS-e820: [mem 0x0000000009f10000-0x00000000bab68fff] usable
[    0.000000] BIOS-e820: [mem 0x00000000bab69000-0x00000000bbd68fff] reserved
[    0.000000] BIOS-e820: [mem 0x00000000bbd69000-0x00000000c9f7efff] usable
[    0.000000] BIOS-e820: [mem 0x00000000c9f7f000-0x00000000caf7efff] type 20
[    0.000000] BIOS-e820: [mem 0x00000000caf7f000-0x00000000ccf7efff] reserved
[    0.000000] BIOS-e820: [mem 0x00000000ccf7f000-0x00000000cdf7efff] ACPI NVS
[    0.000000] BIOS-e820: [mem 0x00000000cdf7f000-0x00000000cdffefff] ACPI data
[    0.000000] BIOS-e820: [mem 0x00000000cdfff000-0x00000000cdffffff] usable
[    0.000000] BIOS-e820: [mem 0x00000000ce000000-0x00000000ceffffff] reserved
[    0.000000] BIOS-e820: [mem 0x00000000f8000000-0x00000000fbffffff] reserved
[    0.000000] BIOS-e820: [mem 0x00000000fde00000-0x00000000fdefffff] reserved
[    0.000000] BIOS-e820: [mem 0x00000000fec00000-0x00000000fec00fff] reserved
[    0.000000] BIOS-e820: [mem 0x00000000fec10000-0x00000000fec10fff] reserved
[    0.000000] BIOS-e820: [mem 0x00000000fec20000-0x00000000fec20fff] reserved
[    0.000000] BIOS-e820: [mem 0x00000000fed80000-0x00000000fed80fff] reserved
[    0.000000] BIOS-e820: [mem 0x00000000fee00000-0x00000000fee00fff] reserved
[    0.000000] BIOS-e820: [mem 0x00000000ff000000-0x00000000fff2ffff] reserved
[    0.000000] BIOS-e820: [mem 0x0000000100000000-0x000000040f33ffff] usable
[    0.000000] BIOS-e820: [mem 0x000000040f340000-0x000000042fffffff] reserved
[    0.000000] NX (Execute Disable) protection: active
[    0.000000] efi: EFI v2.70 by INSYDE Corp.
[    0.000000] efi: ACPI=0xcdffe000 ACPI 2.0=0xcdffe014 TPMFinalLog=0xcdf2c000 SMBIOS=0xcb70c000 SMBIOS 3.0=0xcb70a000 ESRT=0xcb70d418 
[    0.000000] SMBIOS 3.2.0 present.
[    0.000000] DMI: TIMI RedmiBook 14 II/TM1951, BIOS RMARN4B0P0909 08/19/2020
[    0.000000] tsc: Fast TSC calibration using PIT
[    0.000000] tsc: Detected 2370.570 MHz processor
[    0.000544] e820: update [mem 0x00000000-0x00000fff] usable ==> reserved
[    0.000546] e820: remove [mem 0x000a0000-0x000fffff] usable
[    0.000551] last_pfn = 0x40f340 max_arch_pfn = 0x400000000
[    0.000732] x86/PAT: Configuration [0-7]: WB  WC  UC- UC  WB  WP  UC- WT  
[    0.000962] last_pfn = 0xce000 max_arch_pfn = 0x400000000
[    0.010535] esrt: Reserving ESRT space from 0x00000000cb70d418 to 0x00000000cb70d450.
[    0.010545] Using GB pages for direct mapping
[    0.011306] Secure boot disabled
[    0.011307] RAMDISK: [mem 0x35b2d000-0x36d8dfff]
[    0.011312] ACPI: Early table checksum verification disabled
[    0.011315] ACPI: RSDP 0x00000000CDFFE014 000024 (v02 XMCC  )
[    0.011319] ACPI: XSDT 0x00000000CDFCE188 000134 (v01 XMCC   XMCC1951 00000002      01000013)
[    0.011323] ACPI: FACP 0x00000000CDFEC000 00010C (v05 XMCC   XMCC1951 00000002      01000013)
[    0.011327] ACPI: DSDT 0x00000000CDFDF000 006545 (v01 XMCC   XMCC1951 00000002      01000013)
[    0.011329] ACPI: FACS 0x00000000CDF29000 000040
[    0.011331] ACPI: UEFI 0x00000000CDF7E000 000236 (v01 INSYDE H2O BIOS 00000001 ACPI 00040000)
[    0.011333] ACPI: SSDT 0x00000000CDFF5000 007216 (v02 AMD    AmdTable 00000002 MSFT 04000000)
[    0.011335] ACPI: IVRS 0x00000000CDFF4000 0001A4 (v02 AMD    AmdTable 00000001 AMD  00000000)
[    0.011337] ACPI: SSDT 0x00000000CDFF3000 000228 (v01 AMD    STD3     00000001 INTL 20130117)
[    0.011339] ACPI: SSDT 0x00000000CDFF2000 000D61 (v01 XMCC   XMCC1806 00003000 INTL 20130117)
[    0.011342] ACPI: SSDT 0x00000000CDFF1000 00046D (v01 Insyde TPMACPI  00001000 INTL 20130117)
[    0.011344] ACPI: TPM2 0x00000000CDFF0000 000034 (v04 XMCC   XMCC1951 00000002      01000013)
[    0.011346] ACPI: MSDM 0x00000000CDFEF000 000055 (v03 INSYDE H2O BIOS 00000001 ACPI 00040000)
[    0.011348] ACPI: ASF! 0x00000000CDFEE000 0000A5 (v32 XMCC   XMCC1951 00000002      01000013)
[    0.011350] ACPI: BOOT 0x00000000CDFED000 000028 (v01 XMCC   XMCC1951 00000002      01000013)
[    0.011352] ACPI: HPET 0x00000000CDFEB000 000038 (v01 XMCC   XMCC1951 00000002      01000013)
[    0.011354] ACPI: APIC 0x00000000CDFEA000 000138 (v03 XMCC   XMCC1951 00000002      01000013)
[    0.011356] ACPI: MCFG 0x00000000CDFE9000 00003C (v01 XMCC   XMCC1951 00000002      01000013)
[    0.011358] ACPI: SLIC 0x00000000CDFE8000 000176 (v01 XMCC   XMCC1951 00000002      01000013)
[    0.011360] ACPI: SSDT 0x00000000CDFDE000 000080 (v01 XMCC   XMCC1951 00000002      01000013)
[    0.011362] ACPI: VFCT 0x00000000CDFD0000 00D484 (v01 XMCC   XMCC1951 00000001 AMD  31504F47)
[    0.011364] ACPI: SSDT 0x00000000CDFCF000 0000F8 (v01 XMCC   PcdTabl  00001000 INTL 20130117)
[    0.011366] ACPI: SSDT 0x00000000CDFCC000 001500 (v01 AMD    AmdTable 00000001 AMD  00000001)
[    0.011368] ACPI: CRAT 0x00000000CDFFD000 000BA8 (v01 AMD    AmdTable 00000001 AMD  00000001)
[    0.011370] ACPI: CDIT 0x00000000CDFCB000 000029 (v01 AMD    AmdTable 00000001 AMD  00000001)
[    0.011372] ACPI: SSDT 0x00000000CDFCA000 00028D (v01 AMD    AmdTable 00000001 INTL 20130117)
[    0.011374] ACPI: SSDT 0x00000000CDFC9000 000C78 (v01 AMD    AmdTable 00000001 INTL 20130117)
[    0.011376] ACPI: SSDT 0x00000000CDFC7000 0010A5 (v01 AMD    AmdTable 00000001 INTL 20130117)
[    0.011379] ACPI: SSDT 0x00000000CDFC3000 0030C8 (v01 AMD    AmdTable 00000001 INTL 20130117)
[    0.011381] ACPI: FPDT 0x00000000CDFC2000 000044 (v01 XMCC   XMCC1951 00000002      01000013)
[    0.011383] ACPI: WSMT 0x00000000CDFC0000 000028 (v01 INSYDE H2O BIOS 00000001 ACPI 00040000)
[    0.011385] ACPI: SSDT 0x00000000CDFE7000 00020A (v01 AMD    AmdTable 00000001 INTL 20130117)
[    0.011387] ACPI: SSDT 0x00000000CDFE6000 0005A1 (v01 AMD    AmdTable 00000001 INTL 20130117)
[    0.011389] ACPI: SSDT 0x00000000CDFBF000 000343 (v01 AMD    AmdTable 00000001 INTL 20130117)
[    0.011391] ACPI: SSDT 0x00000000CDFBE000 00007D (v01 AMD    AmdTable 00000001 INTL 20130117)
[    0.011393] ACPI: SSDT 0x00000000CDFBD000 000822 (v01 AMD    AmdTable 00000001 INTL 20130117)
[    0.011395] ACPI: SSDT 0x00000000CDFBC000 000517 (v01 AMD    AmdTable 00000001 INTL 20130117)
[    0.011397] ACPI: BGRT 0x00000000CDFC1000 000038 (v01 INSYDE H2O BIOS 00000001 ACPI 00040000)
[    0.011399] ACPI: Reserving FACP table memory at [mem 0xcdfec000-0xcdfec10b]
[    0.011400] ACPI: Reserving DSDT table memory at [mem 0xcdfdf000-0xcdfe5544]
[    0.011401] ACPI: Reserving FACS table memory at [mem 0xcdf29000-0xcdf2903f]
[    0.011401] ACPI: Reserving UEFI table memory at [mem 0xcdf7e000-0xcdf7e235]
[    0.011402] ACPI: Reserving SSDT table memory at [mem 0xcdff5000-0xcdffc215]
[    0.011403] ACPI: Reserving IVRS table memory at [mem 0xcdff4000-0xcdff41a3]
[    0.011403] ACPI: Reserving SSDT table memory at [mem 0xcdff3000-0xcdff3227]
[    0.011404] ACPI: Reserving SSDT table memory at [mem 0xcdff2000-0xcdff2d60]
[    0.011405] ACPI: Reserving SSDT table memory at [mem 0xcdff1000-0xcdff146c]
[    0.011405] ACPI: Reserving TPM2 table memory at [mem 0xcdff0000-0xcdff0033]
[    0.011406] ACPI: Reserving MSDM table memory at [mem 0xcdfef000-0xcdfef054]
[    0.011407] ACPI: Reserving ASF! table memory at [mem 0xcdfee000-0xcdfee0a4]
[    0.011407] ACPI: Reserving BOOT table memory at [mem 0xcdfed000-0xcdfed027]
[    0.011408] ACPI: Reserving HPET table memory at [mem 0xcdfeb000-0xcdfeb037]
[    0.011409] ACPI: Reserving APIC table memory at [mem 0xcdfea000-0xcdfea137]
[    0.011409] ACPI: Reserving MCFG table memory at [mem 0xcdfe9000-0xcdfe903b]
[    0.011410] ACPI: Reserving SLIC table memory at [mem 0xcdfe8000-0xcdfe8175]
[    0.011411] ACPI: Reserving SSDT table memory at [mem 0xcdfde000-0xcdfde07f]
[    0.011411] ACPI: Reserving VFCT table memory at [mem 0xcdfd0000-0xcdfdd483]
[    0.011412] ACPI: Reserving SSDT table memory at [mem 0xcdfcf000-0xcdfcf0f7]
[    0.011413] ACPI: Reserving SSDT table memory at [mem 0xcdfcc000-0xcdfcd4ff]
[    0.011414] ACPI: Reserving CRAT table memory at [mem 0xcdffd000-0xcdffdba7]
[    0.011414] ACPI: Reserving CDIT table memory at [mem 0xcdfcb000-0xcdfcb028]
[    0.011415] ACPI: Reserving SSDT table memory at [mem 0xcdfca000-0xcdfca28c]
[    0.011416] ACPI: Reserving SSDT table memory at [mem 0xcdfc9000-0xcdfc9c77]
[    0.011417] ACPI: Reserving SSDT table memory at [mem 0xcdfc7000-0xcdfc80a4]
[    0.011417] ACPI: Reserving SSDT table memory at [mem 0xcdfc3000-0xcdfc60c7]
[    0.011418] ACPI: Reserving FPDT table memory at [mem 0xcdfc2000-0xcdfc2043]
[    0.011419] ACPI: Reserving WSMT table memory at [mem 0xcdfc0000-0xcdfc0027]
[    0.011420] ACPI: Reserving SSDT table memory at [mem 0xcdfe7000-0xcdfe7209]
[    0.011420] ACPI: Reserving SSDT table memory at [mem 0xcdfe6000-0xcdfe65a0]
[    0.011421] ACPI: Reserving SSDT table memory at [mem 0xcdfbf000-0xcdfbf342]
[    0.011422] ACPI: Reserving SSDT table memory at [mem 0xcdfbe000-0xcdfbe07c]
[    0.011422] ACPI: Reserving SSDT table memory at [mem 0xcdfbd000-0xcdfbd821]
[    0.011423] ACPI: Reserving SSDT table memory at [mem 0xcdfbc000-0xcdfbc516]
[    0.011424] ACPI: Reserving BGRT table memory at [mem 0xcdfc1000-0xcdfc1037]
[    0.011445] No NUMA configuration found
[    0.011445] Faking a node at [mem 0x0000000000000000-0x000000040f33ffff]
[    0.011449] NODE_DATA(0) allocated [mem 0x40f33c000-0x40f33ffff]
[    0.011473] Zone ranges:
[    0.011474]   DMA      [mem 0x0000000000001000-0x0000000000ffffff]
[    0.011475]   DMA32    [mem 0x0000000001000000-0x00000000ffffffff]
[    0.011476]   Normal   [mem 0x0000000100000000-0x000000040f33ffff]
[    0.011477]   Device   empty
[    0.011478] Movable zone start for each node
[    0.011479] Early memory node ranges
[    0.011479]   node   0: [mem 0x0000000000001000-0x000000000009efff]
[    0.011480]   node   0: [mem 0x0000000000100000-0x0000000009afffff]
[    0.011481]   node   0: [mem 0x0000000009e00000-0x0000000009efffff]
[    0.011482]   node   0: [mem 0x0000000009f10000-0x00000000bab68fff]
[    0.011483]   node   0: [mem 0x00000000bbd69000-0x00000000c9f7efff]
[    0.011483]   node   0: [mem 0x00000000cdfff000-0x00000000cdffffff]
[    0.011484]   node   0: [mem 0x0000000100000000-0x000000040f33ffff]
[    0.011486] Initmem setup node 0 [mem 0x0000000000001000-0x000000040f33ffff]
[    0.011489] On node 0, zone DMA: 1 pages in unavailable ranges
[    0.011505] On node 0, zone DMA: 97 pages in unavailable ranges
[    0.011650] On node 0, zone DMA32: 768 pages in unavailable ranges
[    0.016876] On node 0, zone DMA32: 16 pages in unavailable ranges
[    0.017338] On node 0, zone DMA32: 4608 pages in unavailable ranges
[    0.017466] On node 0, zone DMA32: 16512 pages in unavailable ranges
[    0.041071] On node 0, zone Normal: 8192 pages in unavailable ranges
[    0.041101] On node 0, zone Normal: 3264 pages in unavailable ranges
[    0.041252] ACPI: PM-Timer IO Port: 0x408
[    0.041258] ACPI: LAPIC_NMI (acpi_id[0x00] high edge lint[0x1])
[    0.041259] ACPI: LAPIC_NMI (acpi_id[0x01] high edge lint[0x1])
[    0.041260] ACPI: LAPIC_NMI (acpi_id[0x02] high edge lint[0x1])
[    0.041261] ACPI: LAPIC_NMI (acpi_id[0x03] high edge lint[0x1])
[    0.041261] ACPI: LAPIC_NMI (acpi_id[0x04] high edge lint[0x1])
[    0.041262] ACPI: LAPIC_NMI (acpi_id[0x05] high edge lint[0x1])
[    0.041262] ACPI: LAPIC_NMI (acpi_id[0x06] high edge lint[0x1])
[    0.041263] ACPI: LAPIC_NMI (acpi_id[0x07] high edge lint[0x1])
[    0.041263] ACPI: LAPIC_NMI (acpi_id[0x08] high edge lint[0x1])
[    0.041264] ACPI: LAPIC_NMI (acpi_id[0x09] high edge lint[0x1])
[    0.041265] ACPI: LAPIC_NMI (acpi_id[0x0a] high edge lint[0x1])
[    0.041265] ACPI: LAPIC_NMI (acpi_id[0x0b] high edge lint[0x1])
[    0.041266] ACPI: LAPIC_NMI (acpi_id[0x0c] high edge lint[0x1])
[    0.041266] ACPI: LAPIC_NMI (acpi_id[0x0d] high edge lint[0x1])
[    0.041267] ACPI: LAPIC_NMI (acpi_id[0x0e] high edge lint[0x1])
[    0.041267] ACPI: LAPIC_NMI (acpi_id[0x0f] high edge lint[0x1])
[    0.041280] IOAPIC[0]: apic_id 33, version 33, address 0xfec00000, GSI 0-23
[    0.041284] IOAPIC[1]: apic_id 34, version 33, address 0xfec01000, GSI 24-55
[    0.041286] ACPI: INT_SRC_OVR (bus 0 bus_irq 0 global_irq 2 dfl dfl)
[    0.041287] ACPI: INT_SRC_OVR (bus 0 bus_irq 9 global_irq 9 low level)
[    0.041290] ACPI: Using ACPI (MADT) for SMP configuration information
[    0.041291] ACPI: HPET id: 0x10228210 base: 0xfed00000
[    0.041299] e820: update [mem 0xb3647000-0xb364cfff] usable ==> reserved
[    0.041309] smpboot: Allowing 16 CPUs, 10 hotplug CPUs
[    0.041332] PM: hibernation: Registered nosave memory: [mem 0x00000000-0x00000fff]
[    0.041334] PM: hibernation: Registered nosave memory: [mem 0x0009f000-0x000bffff]
[    0.041335] PM: hibernation: Registered nosave memory: [mem 0x000c0000-0x000fffff]
[    0.041336] PM: hibernation: Registered nosave memory: [mem 0x09b00000-0x09dfffff]
[    0.041338] PM: hibernation: Registered nosave memory: [mem 0x09f00000-0x09f0ffff]
[    0.041339] PM: hibernation: Registered nosave memory: [mem 0xb3647000-0xb364cfff]
[    0.041340] PM: hibernation: Registered nosave memory: [mem 0xbab69000-0xbbd68fff]
[    0.041342] PM: hibernation: Registered nosave memory: [mem 0xc9f7f000-0xcaf7efff]
[    0.041342] PM: hibernation: Registered nosave memory: [mem 0xcaf7f000-0xccf7efff]
[    0.041343] PM: hibernation: Registered nosave memory: [mem 0xccf7f000-0xcdf7efff]
[    0.041343] PM: hibernation: Registered nosave memory: [mem 0xcdf7f000-0xcdffefff]
[    0.041345] PM: hibernation: Registered nosave memory: [mem 0xce000000-0xceffffff]
[    0.041345] PM: hibernation: Registered nosave memory: [mem 0xcf000000-0xf7ffffff]
[    0.041346] PM: hibernation: Registered nosave memory: [mem 0xf8000000-0xfbffffff]
[    0.041347] PM: hibernation: Registered nosave memory: [mem 0xfc000000-0xfddfffff]
[    0.041347] PM: hibernation: Registered nosave memory: [mem 0xfde00000-0xfdefffff]
[    0.041348] PM: hibernation: Registered nosave memory: [mem 0xfdf00000-0xfebfffff]
[    0.041348] PM: hibernation: Registered nosave memory: [mem 0xfec00000-0xfec00fff]
[    0.041349] PM: hibernation: Registered nosave memory: [mem 0xfec01000-0xfec0ffff]
[    0.041349] PM: hibernation: Registered nosave memory: [mem 0xfec10000-0xfec10fff]
[    0.041350] PM: hibernation: Registered nosave memory: [mem 0xfec11000-0xfec1ffff]
[    0.041350] PM: hibernation: Registered nosave memory: [mem 0xfec20000-0xfec20fff]
[    0.041351] PM: hibernation: Registered nosave memory: [mem 0xfec21000-0xfed7ffff]
[    0.041351] PM: hibernation: Registered nosave memory: [mem 0xfed80000-0xfed80fff]
[    0.041352] PM: hibernation: Registered nosave memory: [mem 0xfed81000-0xfedfffff]
[    0.041352] PM: hibernation: Registered nosave memory: [mem 0xfee00000-0xfee00fff]
[    0.041353] PM: hibernation: Registered nosave memory: [mem 0xfee01000-0xfeffffff]
[    0.041353] PM: hibernation: Registered nosave memory: [mem 0xff000000-0xfff2ffff]
[    0.041354] PM: hibernation: Registered nosave memory: [mem 0xfff30000-0xffffffff]
[    0.041355] [mem 0xcf000000-0xf7ffffff] available for PCI devices
[    0.041357] Booting paravirtualized kernel on bare hardware
[    0.041359] clocksource: refined-jiffies: mask: 0xffffffff max_cycles: 0xffffffff, max_idle_ns: 6370452778343963 ns
[    0.044371] setup_percpu: NR_CPUS:128 nr_cpumask_bits:128 nr_cpu_ids:16 nr_node_ids:1
[    0.044928] percpu: Embedded 50 pages/cpu s167936 r8192 d28672 u262144
[    0.044936] pcpu-alloc: s167936 r8192 d28672 u262144 alloc=1*2097152
[    0.044938] pcpu-alloc: [0] 00 01 02 03 04 05 06 07 [0] 08 09 10 11 12 13 14 15 
[    0.044964] Built 1 zonelists, mobility grouping on.  Total pages: 3966649
[    0.044965] Policy zone: Normal
[    0.044966] Kernel command line: BOOT_IMAGE=/@/boot/vmlinuz-linux-amd root=UUID=60699b1d-4878-4c7a-9ce1-e6cca69ee26a rw rootflags=subvol=@ quiet cryptdevice=UUID=f5c58973-d2db-4063-9fb3-06e53844933b:luks-f5c58973-d2db-4063-9fb3-06e53844933b root=/dev/mapper/luks-f5c58973-d2db-4063-9fb3-06e53844933b apparmor=1 security=apparmor resume=UUID=151d3cac-f952-4e01-9ecf-9b1a98b0597a udev.log_priority=3 lsm=landlock,lockdown,yama,apparmor,bpf amdgpu.audio=0 amdgpu.noretry=0 pci=nocrs
[    0.045046] Unknown command line parameters: BOOT_IMAGE=/@/boot/vmlinuz-linux-amd cryptdevice=UUID=f5c58973-d2db-4063-9fb3-06e53844933b:luks-f5c58973-d2db-4063-9fb3-06e53844933b
[    0.046860] Dentry cache hash table entries: 2097152 (order: 12, 16777216 bytes, linear)
[    0.047776] Inode-cache hash table entries: 1048576 (order: 11, 8388608 bytes, linear)
[    0.047819] mem auto-init: stack:byref_all(zero), heap alloc:off, heap free:off
[    0.081824] Memory: 15563004K/16119096K available (12295K kernel code, 3070K rwdata, 3708K rodata, 1640K init, 3920K bss, 555832K reserved, 0K cma-reserved)
[    0.081833] random: get_random_u64 called from __kmem_cache_create+0x26/0x540 with crng_init=0
[    0.081966] SLUB: HWalign=64, Order=0-3, MinObjects=0, CPUs=16, Nodes=1
[    0.081981] ftrace: allocating 35819 entries in 140 pages
[    0.091292] ftrace: allocated 140 pages with 3 groups
[    0.091387] rcu: Preemptible hierarchical RCU implementation.
[    0.091388] rcu: 	RCU restricting CPUs from NR_CPUS=128 to nr_cpu_ids=16.
[    0.091389] 	Trampoline variant of Tasks RCU enabled.
[    0.091390] 	Rude variant of Tasks RCU enabled.
[    0.091390] 	Tracing variant of Tasks RCU enabled.
[    0.091391] rcu: RCU calculated value of scheduler-enlistment delay is 30 jiffies.
[    0.091391] rcu: Adjusting geometry for rcu_fanout_leaf=16, nr_cpu_ids=16
[    0.094158] NR_IRQS: 8448, nr_irqs: 1096, preallocated irqs: 16
[    0.094485] random: crng done (trusting CPU's manufacturer)
[    0.094513] Console: colour dummy device 80x25
[    0.094525] printk: console [tty0] enabled
[    0.094542] ACPI: Core revision 20210604
[    0.094722] clocksource: hpet: mask: 0xffffffff max_cycles: 0xffffffff, max_idle_ns: 133484873504 ns
[    0.094739] APIC: Switch to symmetric I/O mode setup
[    0.095435] AMD-Vi: ivrs, add hid:AMDI0020, uid:\_SB.FUR0, rdevid:160
[    0.095437] AMD-Vi: ivrs, add hid:AMDI0020, uid:\_SB.FUR1, rdevid:160
[    0.095437] AMD-Vi: ivrs, add hid:AMDI0020, uid:\_SB.FUR2, rdevid:160
[    0.095438] AMD-Vi: ivrs, add hid:AMDI0020, uid:\_SB.FUR3, rdevid:160
[    0.095707] Switched APIC routing to physical flat.
[    0.096433] ..TIMER: vector=0x30 apic1=0 pin1=2 apic2=-1 pin2=-1
[    0.111413] clocksource: tsc-early: mask: 0xffffffffffffffff max_cycles: 0x222b9df0514, max_idle_ns: 440795217257 ns
[    0.111421] Calibrating delay loop (skipped), value calculated using timer frequency.. 4743.68 BogoMIPS (lpj=7901900)
[    0.111423] pid_max: default: 32768 minimum: 301
[    0.114777] LSM: Security Framework initializing
[    0.114780] LSM: security= is ignored because it is superseded by lsm=
[    0.114784] Yama: becoming mindful.
[    0.114797] AppArmor: AppArmor initialized
[    0.114822] Mount-cache hash table entries: 32768 (order: 6, 262144 bytes, linear)
[    0.114837] Mountpoint-cache hash table entries: 32768 (order: 6, 262144 bytes, linear)
[    0.115010] x86/cpu: User Mode Instruction Prevention (UMIP) activated
[    0.115043] LVT offset 1 assigned for vector 0xf9
[    0.115103] LVT offset 2 assigned for vector 0xf4
[    0.115120] Last level iTLB entries: 4KB 1024, 2MB 1024, 4MB 512
[    0.115121] Last level dTLB entries: 4KB 2048, 2MB 2048, 4MB 1024, 1GB 0
[    0.115125] Spectre V1 : Mitigation: usercopy/swapgs barriers and __user pointer sanitization
[    0.115127] Spectre V2 : Mitigation: Full AMD retpoline
[    0.115127] Spectre V2 : Spectre v2 / SpectreRSB mitigation: Filling RSB on context switch
[    0.115128] Spectre V2 : Enabling Restricted Speculation for firmware calls
[    0.115130] Spectre V2 : mitigation: Enabling conditional Indirect Branch Prediction Barrier
[    0.115131] Speculative Store Bypass: Mitigation: Speculative Store Bypass disabled via prctl and seccomp
[    0.118347] Freeing SMP alternatives memory: 32K
[    0.228340] smpboot: CPU0: AMD Ryzen 5 4500U with Radeon Graphics (family: 0x17, model: 0x60, stepping: 0x1)
[    0.228491] Performance Events: Fam17h+ core perfctr, AMD PMU driver.
[    0.228496] ... version:                0
[    0.228497] ... bit width:              48
[    0.228497] ... generic registers:      6
[    0.228498] ... value mask:             0000ffffffffffff
[    0.228498] ... max period:             00007fffffffffff
[    0.228499] ... fixed-purpose events:   0
[    0.228499] ... event mask:             000000000000003f
[    0.228546] rcu: Hierarchical SRCU implementation.
[    0.228835] NMI watchdog: Enabled. Permanently consumes one hw-PMU counter.
[    0.228950] smp: Bringing up secondary CPUs ...
[    0.229028] x86: Booting SMP configuration:
[    0.229029] .... node  #0, CPUs:        #1  #2  #3
[    0.233794] TSC synchronization [CPU#0 -> CPU#3]:
[    0.233796] Measured 3705 cycles TSC warp between CPUs, turning off TSC clock.
[    0.233798] tsc: Marking TSC unstable due to check_tsc_sync_source failed
[    0.234831]   #4  #5
[    0.235097] smp: Brought up 1 node, 6 CPUs
[    0.235097] smpboot: Max logical packages: 3
[    0.235097] smpboot: Total of 6 processors activated (28458.12 BogoMIPS)
[    0.238179] devtmpfs: initialized
[    0.238179] x86/mm: Memory block size: 128MB
[    0.238769] ACPI: PM: Registering ACPI NVS region [mem 0x09f00000-0x09f0ffff] (65536 bytes)
[    0.238769] ACPI: PM: Registering ACPI NVS region [mem 0xccf7f000-0xcdf7efff] (16777216 bytes)
[    0.238769] clocksource: jiffies: mask: 0xffffffff max_cycles: 0xffffffff, max_idle_ns: 6370867519511994 ns
[    0.238769] futex hash table entries: 4096 (order: 6, 262144 bytes, linear)
[    0.238769] pinctrl core: initialized pinctrl subsystem
[    0.238769] regulator-dummy: no parameters, enabled
[    0.238769] PM: RTC time: 19:47:59, date: 2021-09-26
[    0.238769] NET: Registered PF_NETLINK/PF_ROUTE protocol family
[    0.238769] DMA: preallocated 2048 KiB GFP_KERNEL pool for atomic allocations
[    0.238769] DMA: preallocated 2048 KiB GFP_KERNEL|GFP_DMA pool for atomic allocations
[    0.238769] DMA: preallocated 2048 KiB GFP_KERNEL|GFP_DMA32 pool for atomic allocations
[    0.238769] audit: initializing netlink subsys (disabled)
[    0.238769] audit: type=2000 audit(1632685677.143:1): state=initialized audit_enabled=0 res=1
[    0.238769] thermal_sys: Registered thermal governor 'fair_share'
[    0.238769] thermal_sys: Registered thermal governor 'bang_bang'
[    0.238769] thermal_sys: Registered thermal governor 'step_wise'
[    0.238769] thermal_sys: Registered thermal governor 'user_space'
[    0.238769] cpuidle: using governor ladder
[    0.238769] cpuidle: using governor menu
[    0.238769] Simple Boot Flag at 0x44 set to 0x1
[    0.238769] ACPI: bus type PCI registered
[    0.238769] acpiphp: ACPI Hot Plug PCI Controller Driver version: 0.5
[    0.238769] PCI: MMCONFIG for domain 0000 [bus 00-3f] at [mem 0xf8000000-0xfbffffff] (base 0xf8000000)
[    0.238769] PCI: MMCONFIG at [mem 0xf8000000-0xfbffffff] reserved in E820
[    0.238769] PCI: Using configuration type 1 for base access
[    0.238818] Kprobes globally optimized
[    0.238820] HugeTLB registered 1.00 GiB page size, pre-allocated 0 pages
[    0.238820] HugeTLB registered 2.00 MiB page size, pre-allocated 0 pages
[    0.241465] ACPI: Added _OSI(Module Device)
[    0.241465] ACPI: Added _OSI(Processor Device)
[    0.241465] ACPI: Added _OSI(3.0 _SCP Extensions)
[    0.241465] ACPI: Added _OSI(Processor Aggregator Device)
[    0.241465] ACPI: Added _OSI(Linux-Dell-Video)
[    0.241465] ACPI: Added _OSI(Linux-Lenovo-NV-HDMI-Audio)
[    0.241465] ACPI: Added _OSI(Linux-HPI-Hybrid-Graphics)
[    0.249147] ACPI: 18 ACPI AML tables successfully acquired and loaded
[    0.249805] ACPI: [Firmware Bug]: BIOS _OSI(Linux) query ignored
[    0.250790] ACPI: EC: EC started
[    0.250791] ACPI: EC: interrupt blocked
[    0.252836] ACPI: EC: EC_CMD/EC_SC=0x66, EC_DATA=0x62
[    0.252837] ACPI: \_SB_.PCI0.LPC0.EC0_: Boot DSDT EC used to handle transactions
[    0.252838] ACPI: Interpreter enabled
[    0.252848] ACPI: PM: (supports S0 S4 S5)
[    0.252849] ACPI: Using IOAPIC for interrupt routing
[    0.252944] PCI: Ignoring host bridge windows from ACPI; if necessary, use "pci=use_crs" and report a bug
[    0.253972] ACPI: PM: Power Resource [P0U0]
[    0.253986] ACPI: PM: Power Resource [P3U0]
[    0.254219] ACPI: PM: Power Resource [P0U1]
[    0.254231] ACPI: PM: Power Resource [P3U1]
[    0.254455] ACPI: PM: Power Resource [P0S0]
[    0.254465] ACPI: PM: Power Resource [P3S0]
[    0.254521] ACPI: PM: Power Resource [P0S1]
[    0.254532] ACPI: PM: Power Resource [P3S1]
[    0.257510] ACPI: PCI Root Bridge [PCI0] (domain 0000 [bus 00-ff])
[    0.257514] acpi PNP0A08:00: _OSC: OS supports [ExtendedConfig ASPM ClockPM Segments MSI HPX-Type3]
[    0.257585] acpi PNP0A08:00: _OSC: platform does not support [SHPCHotplug LTR]
[    0.257650] acpi PNP0A08:00: _OSC: OS now controls [PCIeHotplug PME AER PCIeCapability]
[    0.257656] acpi PNP0A08:00: [Firmware Info]: MMCONFIG for domain 0000 [bus 00-3f] only partially covers this bridge
[    0.257736] acpi PNP0A08:00: host bridge window [io  0x0000-0x0cf7 window] (ignored)
[    0.257738] acpi PNP0A08:00: host bridge window [io  0x0d00-0xffff window] (ignored)
[    0.257739] acpi PNP0A08:00: host bridge window [mem 0x000a0000-0x000bffff window] (ignored)
[    0.257740] acpi PNP0A08:00: host bridge window [mem 0x000c0000-0x000c3fff window] (ignored)
[    0.257741] acpi PNP0A08:00: host bridge window [mem 0x000c4000-0x000c7fff window] (ignored)
[    0.257741] acpi PNP0A08:00: host bridge window [mem 0x000c8000-0x000cbfff window] (ignored)
[    0.257742] acpi PNP0A08:00: host bridge window [mem 0x000cc000-0x000cffff window] (ignored)
[    0.257743] acpi PNP0A08:00: host bridge window [mem 0x000d0000-0x000d3fff window] (ignored)
[    0.257744] acpi PNP0A08:00: host bridge window [mem 0x000d4000-0x000d7fff window] (ignored)
[    0.257745] acpi PNP0A08:00: host bridge window [mem 0x000d8000-0x000dbfff window] (ignored)
[    0.257745] acpi PNP0A08:00: host bridge window [mem 0x000dc000-0x000dffff window] (ignored)
[    0.257746] acpi PNP0A08:00: host bridge window [mem 0x000e0000-0x000e3fff window] (ignored)
[    0.257747] acpi PNP0A08:00: host bridge window [mem 0x000e4000-0x000e7fff window] (ignored)
[    0.257748] acpi PNP0A08:00: host bridge window [mem 0x000e8000-0x000ebfff window] (ignored)
[    0.257749] acpi PNP0A08:00: host bridge window [mem 0x000ec000-0x000effff window] (ignored)
[    0.257749] acpi PNP0A08:00: host bridge window [mem 0xd0000000-0xf7ffffff window] (ignored)
[    0.257750] acpi PNP0A08:00: host bridge window [mem 0xfc000000-0xfed3ffff window] (ignored)
[    0.257751] acpi PNP0A08:00: host bridge window [io  0x0cf8-0x0cff] (ignored)
[    0.257752] acpi PNP0A08:00: host bridge window [mem 0x450200000-0xfcffffffff window] (ignored)
[    0.257753] PCI: root bus 00: using default resources
[    0.257832] PCI host bridge to bus 0000:00
[    0.257833] pci_bus 0000:00: root bus resource [io  0x0000-0xffff]
[    0.257834] pci_bus 0000:00: root bus resource [mem 0x00000000-0xffffffffffff]
[    0.257835] pci_bus 0000:00: root bus resource [bus 00-ff]
[    0.257844] pci 0000:00:00.0: [1022:1630] type 00 class 0x060000
[    0.257910] pci 0000:00:00.2: [1022:1631] type 00 class 0x080600
[    0.257980] pci 0000:00:01.0: [1022:1632] type 00 class 0x060000
[    0.258056] pci 0000:00:01.2: [1022:1634] type 01 class 0x060400
[    0.258236] pci 0000:00:01.2: PME# supported from D0 D3hot D3cold
[    0.258390] pci 0000:00:02.0: [1022:1632] type 00 class 0x060000
[    0.258449] pci 0000:00:08.0: [1022:1632] type 00 class 0x060000
[    0.258498] pci 0000:00:08.1: [1022:1635] type 01 class 0x060400
[    0.258517] pci 0000:00:08.1: enabling Extended Tags
[    0.258544] pci 0000:00:08.1: PME# supported from D0 D3hot D3cold
[    0.258610] pci 0000:00:08.2: [1022:1635] type 01 class 0x060400
[    0.258630] pci 0000:00:08.2: enabling Extended Tags
[    0.258656] pci 0000:00:08.2: PME# supported from D0 D3hot D3cold
[    0.258736] pci 0000:00:14.0: [1022:790b] type 00 class 0x0c0500
[    0.258842] pci 0000:00:14.3: [1022:790e] type 00 class 0x060100
[    0.258957] pci 0000:00:18.0: [1022:1448] type 00 class 0x060000
[    0.258987] pci 0000:00:18.1: [1022:1449] type 00 class 0x060000
[    0.259015] pci 0000:00:18.2: [1022:144a] type 00 class 0x060000
[    0.259045] pci 0000:00:18.3: [1022:144b] type 00 class 0x060000
[    0.259074] pci 0000:00:18.4: [1022:144c] type 00 class 0x060000
[    0.259103] pci 0000:00:18.5: [1022:144d] type 00 class 0x060000
[    0.259133] pci 0000:00:18.6: [1022:144e] type 00 class 0x060000
[    0.259163] pci 0000:00:18.7: [1022:144f] type 00 class 0x060000
[    0.259650] pci 0000:01:00.0: [10ec:c822] type 00 class 0x028000
[    0.259670] pci 0000:01:00.0: reg 0x10: [io  0x2000-0x20ff]
[    0.259694] pci 0000:01:00.0: reg 0x18: [mem 0xd0500000-0xd050ffff 64bit]
[    0.259812] pci 0000:01:00.0: supports D1 D2
[    0.259813] pci 0000:01:00.0: PME# supported from D0 D1 D2 D3hot D3cold
[    0.260167] pci 0000:00:01.2: PCI bridge to [bus 01]
[    0.260170] pci 0000:00:01.2:   bridge window [io  0x2000-0x2fff]
[    0.260172] pci 0000:00:01.2:   bridge window [mem 0xd0500000-0xd05fffff]
[    0.260225] pci 0000:02:00.0: [1002:1636] type 00 class 0x030000
[    0.260235] pci 0000:02:00.0: reg 0x10: [mem 0xfce0000000-0xfcefffffff 64bit pref]
[    0.260242] pci 0000:02:00.0: reg 0x18: [mem 0xfcf0000000-0xfcf01fffff 64bit pref]
[    0.260247] pci 0000:02:00.0: reg 0x20: [io  0x1000-0x10ff]
[    0.260252] pci 0000:02:00.0: reg 0x24: [mem 0xd0400000-0xd047ffff]
[    0.260260] pci 0000:02:00.0: enabling Extended Tags
[    0.260269] pci 0000:02:00.0: BAR 0: assigned to efifb
[    0.260304] pci 0000:02:00.0: PME# supported from D1 D2 D3hot D3cold
[    0.260376] pci 0000:02:00.1: [1002:1637] type 00 class 0x040300
[    0.260383] pci 0000:02:00.1: reg 0x10: [mem 0xd04c8000-0xd04cbfff]
[    0.260402] pci 0000:02:00.1: enabling Extended Tags
[    0.260427] pci 0000:02:00.1: PME# supported from D1 D2 D3hot D3cold
[    0.260475] pci 0000:02:00.2: [1022:15df] type 00 class 0x108000
[    0.260487] pci 0000:02:00.2: reg 0x18: [mem 0xd0300000-0xd03fffff]
[    0.260495] pci 0000:02:00.2: reg 0x24: [mem 0xd04cc000-0xd04cdfff]
[    0.260502] pci 0000:02:00.2: enabling Extended Tags
[    0.260573] pci 0000:02:00.3: [1022:1639] type 00 class 0x0c0330
[    0.260583] pci 0000:02:00.3: reg 0x10: [mem 0xd0100000-0xd01fffff 64bit]
[    0.260605] pci 0000:02:00.3: enabling Extended Tags
[    0.260632] pci 0000:02:00.3: PME# supported from D0 D3hot D3cold
[    0.260680] pci 0000:02:00.4: [1022:1639] type 00 class 0x0c0330
[    0.260689] pci 0000:02:00.4: reg 0x10: [mem 0xd0200000-0xd02fffff 64bit]
[    0.260711] pci 0000:02:00.4: enabling Extended Tags
[    0.260738] pci 0000:02:00.4: PME# supported from D0 D3hot D3cold
[    0.260790] pci 0000:02:00.5: [1022:15e2] type 00 class 0x048000
[    0.260797] pci 0000:02:00.5: reg 0x10: [mem 0xd0480000-0xd04bffff]
[    0.260816] pci 0000:02:00.5: enabling Extended Tags
[    0.260841] pci 0000:02:00.5: PME# supported from D0 D3hot D3cold
[    0.260891] pci 0000:02:00.6: [1022:15e3] type 00 class 0x040300
[    0.260898] pci 0000:02:00.6: reg 0x10: [mem 0xd04c0000-0xd04c7fff]
[    0.260917] pci 0000:02:00.6: enabling Extended Tags
[    0.260942] pci 0000:02:00.6: PME# supported from D0 D3hot D3cold
[    0.261010] pci 0000:00:08.1: PCI bridge to [bus 02]
[    0.261013] pci 0000:00:08.1:   bridge window [io  0x1000-0x1fff]
[    0.261014] pci 0000:00:08.1:   bridge window [mem 0xd0100000-0xd04fffff]
[    0.261017] pci 0000:00:08.1:   bridge window [mem 0xfce0000000-0xfcf01fffff 64bit pref]
[    0.261051] pci 0000:03:00.0: [1022:7901] type 00 class 0x010601
[    0.261076] pci 0000:03:00.0: reg 0x24: [mem 0xd0001000-0xd00017ff]
[    0.261084] pci 0000:03:00.0: enabling Extended Tags
[    0.261176] pci 0000:03:00.1: [1022:7901] type 00 class 0x010601
[    0.261202] pci 0000:03:00.1: reg 0x24: [mem 0xd0000000-0xd00007ff]
[    0.261210] pci 0000:03:00.1: enabling Extended Tags
[    0.261283] pci 0000:00:08.2: PCI bridge to [bus 03]
[    0.261287] pci 0000:00:08.2:   bridge window [mem 0xd0000000-0xd00fffff]
[    0.262440] ACPI: PCI: Interrupt link LNKA configured for IRQ 0
[    0.262441] ACPI: PCI: Interrupt link LNKA disabled
[    0.262480] ACPI: PCI: Interrupt link LNKB configured for IRQ 0
[    0.262481] ACPI: PCI: Interrupt link LNKB disabled
[    0.262509] ACPI: PCI: Interrupt link LNKC configured for IRQ 0
[    0.262509] ACPI: PCI: Interrupt link LNKC disabled
[    0.262546] ACPI: PCI: Interrupt link LNKD configured for IRQ 0
[    0.262547] ACPI: PCI: Interrupt link LNKD disabled
[    0.262580] ACPI: PCI: Interrupt link LNKE configured for IRQ 0
[    0.262580] ACPI: PCI: Interrupt link LNKE disabled
[    0.262606] ACPI: PCI: Interrupt link LNKF configured for IRQ 0
[    0.262607] ACPI: PCI: Interrupt link LNKF disabled
[    0.262633] ACPI: PCI: Interrupt link LNKG configured for IRQ 0
[    0.262634] ACPI: PCI: Interrupt link LNKG disabled
[    0.262660] ACPI: PCI: Interrupt link LNKH configured for IRQ 0
[    0.262660] ACPI: PCI: Interrupt link LNKH disabled
[    0.263610] ACPI: EC: interrupt unblocked
[    0.263611] ACPI: EC: event unblocked
[    0.263616] ACPI: EC: EC_CMD/EC_SC=0x66, EC_DATA=0x62
[    0.263617] ACPI: EC: GPE=0x3
[    0.263618] ACPI: \_SB_.PCI0.LPC0.EC0_: Boot DSDT EC initialization complete
[    0.263619] ACPI: \_SB_.PCI0.LPC0.EC0_: EC: Used to handle transactions and events
[    0.263649] iommu: Default domain type: Passthrough 
[    0.263660] pci 0000:02:00.0: vgaarb: VGA device added: decodes=io+mem,owns=none,locks=none
[    0.263660] pci 0000:02:00.0: vgaarb: bridge control possible
[    0.263660] pci 0000:02:00.0: vgaarb: setting as boot device
[    0.263660] vgaarb: loaded
[    0.265177] pps_core: LinuxPPS API ver. 1 registered
[    0.265178] pps_core: Software ver. 5.3.6 - Copyright 2005-2007 Rodolfo Giometti <giometti@linux.it>
[    0.265180] PTP clock support registered
[    0.265184] EDAC MC: Ver: 3.0.0
[    0.265610] Registered efivars operations
[    0.265610] NetLabel: Initializing
[    0.265610] NetLabel:  domain hash size = 128
[    0.265610] NetLabel:  protocols = UNLABELED CIPSOv4 CALIPSO
[    0.265610] NetLabel:  unlabeled traffic allowed by default
[    0.265610] PCI: Using ACPI for IRQ routing
[    0.266900] PCI: pci_cache_line_size set to 64 bytes
[    0.268312] e820: reserve RAM buffer [mem 0x0009f000-0x0009ffff]
[    0.268314] e820: reserve RAM buffer [mem 0x09b00000-0x0bffffff]
[    0.268315] e820: reserve RAM buffer [mem 0x09f00000-0x0bffffff]
[    0.268315] e820: reserve RAM buffer [mem 0xb3647000-0xb3ffffff]
[    0.268316] e820: reserve RAM buffer [mem 0xbab69000-0xbbffffff]
[    0.268317] e820: reserve RAM buffer [mem 0xc9f7f000-0xcbffffff]
[    0.268317] e820: reserve RAM buffer [mem 0xce000000-0xcfffffff]
[    0.268318] e820: reserve RAM buffer [mem 0x40f340000-0x40fffffff]
[    0.268322] hpet0: at MMIO 0xfed00000, IRQs 2, 8, 0
[    0.268322] hpet0: 3 comparators, 32-bit 14.318180 MHz counter
[    0.270624] clocksource: Switched to clocksource hpet
[    0.273367] VFS: Disk quotas dquot_6.6.0
[    0.273381] VFS: Dquot-cache hash table entries: 512 (order 0, 4096 bytes)
[    0.273466] AppArmor: AppArmor Filesystem Enabled
[    0.273481] pnp: PnP ACPI init
[    0.273630] system 00:00: [mem 0xfec00000-0xfec01fff] could not be reserved
[    0.273634] system 00:00: [mem 0xfee00000-0xfee00fff] has been reserved
[    0.273636] system 00:00: [mem 0xfde00000-0xfdefffff] has been reserved
[    0.273752] system 00:03: [io  0x0400-0x04cf] has been reserved
[    0.273753] system 00:03: [io  0x04d0-0x04d1] has been reserved
[    0.273755] system 00:03: [io  0x04d6] has been reserved
[    0.273756] system 00:03: [io  0x0c00-0x0c01] has been reserved
[    0.273757] system 00:03: [io  0x0c14] has been reserved
[    0.273757] system 00:03: [io  0x0c50-0x0c52] has been reserved
[    0.273758] system 00:03: [io  0x0c6c] has been reserved
[    0.273759] system 00:03: [io  0x0c6f] has been reserved
[    0.273760] system 00:03: [io  0x0cd0-0x0cdb] has been reserved
[    0.273791] system 00:04: [mem 0x000e0000-0x000fffff] could not be reserved
[    0.273792] system 00:04: [mem 0xff000000-0xffffffff] could not be reserved
[    0.274522] pnp: PnP ACPI: found 5 devices
[    0.282685] clocksource: acpi_pm: mask: 0xffffff max_cycles: 0xffffff, max_idle_ns: 2085701024 ns
[    0.282784] NET: Registered PF_INET protocol family
[    0.283046] IP idents hash table entries: 262144 (order: 9, 2097152 bytes, linear)
[    0.285208] tcp_listen_portaddr_hash hash table entries: 8192 (order: 5, 131072 bytes, linear)
[    0.285224] TCP established hash table entries: 131072 (order: 8, 1048576 bytes, linear)
[    0.285357] TCP bind hash table entries: 65536 (order: 8, 1048576 bytes, linear)
[    0.285476] TCP: Hash tables configured (established 131072 bind 65536)
[    0.285518] UDP hash table entries: 8192 (order: 6, 262144 bytes, linear)
[    0.285551] UDP-Lite hash table entries: 8192 (order: 6, 262144 bytes, linear)
[    0.285625] NET: Registered PF_UNIX/PF_LOCAL protocol family
[    0.285631] NET: Registered PF_XDP protocol family
[    0.285648] pci 0000:00:01.2: PCI bridge to [bus 01]
[    0.285658] pci 0000:00:01.2:   bridge window [io  0x2000-0x2fff]
[    0.285673] pci 0000:00:01.2:   bridge window [mem 0xd0500000-0xd05fffff]
[    0.285694] pci 0000:00:08.1: PCI bridge to [bus 02]
[    0.285695] pci 0000:00:08.1:   bridge window [io  0x1000-0x1fff]
[    0.285697] pci 0000:00:08.1:   bridge window [mem 0xd0100000-0xd04fffff]
[    0.285699] pci 0000:00:08.1:   bridge window [mem 0xfce0000000-0xfcf01fffff 64bit pref]
[    0.285702] pci 0000:00:08.2: PCI bridge to [bus 03]
[    0.285704] pci 0000:00:08.2:   bridge window [mem 0xd0000000-0xd00fffff]
[    0.285709] pci_bus 0000:00: resource 4 [io  0x0000-0xffff]
[    0.285710] pci_bus 0000:00: resource 5 [mem 0x00000000-0xffffffffffff]
[    0.285711] pci_bus 0000:01: resource 0 [io  0x2000-0x2fff]
[    0.285712] pci_bus 0000:01: resource 1 [mem 0xd0500000-0xd05fffff]
[    0.285713] pci_bus 0000:02: resource 0 [io  0x1000-0x1fff]
[    0.285714] pci_bus 0000:02: resource 1 [mem 0xd0100000-0xd04fffff]
[    0.285715] pci_bus 0000:02: resource 2 [mem 0xfce0000000-0xfcf01fffff 64bit pref]
[    0.285716] pci_bus 0000:03: resource 1 [mem 0xd0000000-0xd00fffff]
[    0.286192] pci 0000:02:00.1: D0 power state depends on 0000:02:00.0
[    0.286225] pci 0000:02:00.3: extending delay after power-on from D3hot to 20 msec
[    0.289066] pci 0000:02:00.4: extending delay after power-on from D3hot to 20 msec
[    0.300235] pci 0000:02:00.4: quirk_usb_early_handoff+0x0/0x740 took 10903 usecs
[    0.300249] PCI: CLS 64 bytes, default 64
[    0.300261] pci 0000:00:00.2: AMD-Vi: IOMMU performance counters supported
[    0.300293] pci 0000:00:00.2: can't derive routing for PCI INT A
[    0.300294] pci 0000:00:00.2: PCI INT A: not connected
[    0.300296] AMD-Vi: Lazy IO/TLB flushing enabled
[    0.300312] Trying to unpack rootfs image as initramfs...
[    0.300316] pci 0000:00:01.0: Adding to iommu group 0
[    0.300331] pci 0000:00:01.2: Adding to iommu group 1
[    0.300340] pci 0000:00:02.0: Adding to iommu group 2
[    0.300351] pci 0000:00:08.0: Adding to iommu group 3
[    0.300356] pci 0000:00:08.1: Adding to iommu group 3
[    0.300361] pci 0000:00:08.2: Adding to iommu group 3
[    0.300370] pci 0000:00:14.0: Adding to iommu group 4
[    0.300375] pci 0000:00:14.3: Adding to iommu group 4
[    0.300395] pci 0000:00:18.0: Adding to iommu group 5
[    0.300401] pci 0000:00:18.1: Adding to iommu group 5
[    0.300406] pci 0000:00:18.2: Adding to iommu group 5
[    0.300411] pci 0000:00:18.3: Adding to iommu group 5
[    0.300416] pci 0000:00:18.4: Adding to iommu group 5
[    0.300421] pci 0000:00:18.5: Adding to iommu group 5
[    0.300427] pci 0000:00:18.6: Adding to iommu group 5
[    0.300433] pci 0000:00:18.7: Adding to iommu group 5
[    0.300447] pci 0000:01:00.0: Adding to iommu group 6
[    0.300458] pci 0000:02:00.0: Adding to iommu group 3
[    0.300461] pci 0000:02:00.1: Adding to iommu group 3
[    0.300464] pci 0000:02:00.2: Adding to iommu group 3
[    0.300468] pci 0000:02:00.3: Adding to iommu group 3
[    0.300471] pci 0000:02:00.4: Adding to iommu group 3
[    0.300475] pci 0000:02:00.5: Adding to iommu group 3
[    0.300478] pci 0000:02:00.6: Adding to iommu group 3
[    0.300481] pci 0000:03:00.0: Adding to iommu group 3
[    0.300484] pci 0000:03:00.1: Adding to iommu group 3
[    0.300854] pci 0000:00:00.2: AMD-Vi: Found IOMMU cap 0x40
[    0.300855] AMD-Vi: Extended features (0x206d73ef22254ade): PPR X2APIC NX GT IA GA PC GA_vAPIC
[    0.300859] AMD-Vi: Interrupt remapping enabled
[    0.300859] AMD-Vi: Virtual APIC enabled
[    0.300860] AMD-Vi: X2APIC enabled
[    0.300969] PCI-DMA: Using software bounce buffering for IO (SWIOTLB)
[    0.300971] software IO TLB: mapped [mem 0x00000000c4434000-0x00000000c8434000] (64MB)
[    0.301120] RAPL PMU: API unit is 2^-32 Joules, 1 fixed counters, 163840 ms ovfl timer
[    0.301122] RAPL PMU: hw unit of domain package 2^-16 Joules
[    0.301126] amd_uncore: 4  amd_df counters detected
[    0.301129] amd_uncore: 6  amd_l3 counters detected
[    0.301376] LVT offset 0 assigned for vector 0x400
[    0.301503] perf: AMD IBS detected (0x000003ff)
[    0.301507] perf/amd_iommu: Detected AMD IOMMU #0 (2 banks, 4 counters/bank).
[    0.302919] Initialise system trusted keyrings
[    0.302933] Key type blacklist registered
[    0.303013] workingset: timestamp_bits=41 max_order=22 bucket_order=0
[    0.303685] zbud: loaded
[    0.306641] Key type asymmetric registered
[    0.306644] Asymmetric key parser 'x509' registered
[    0.306652] Block layer SCSI generic (bsg) driver version 0.4 loaded (major 246)
[    0.306743] io scheduler mq-deadline registered
[    0.306745] io scheduler kyber registered
[    0.306774] io scheduler bfq registered
[    0.306775] 
               Start testing find_bit() with random-filled bitmap
[    0.306782] fbcon: Taking over console
[    0.308668] find_next_bit:                  659371 ns, 164267 iterations
[    0.309320] find_next_zero_bit:             648197 ns, 163414 iterations
[    0.309961] find_last_bit:                  638280 ns, 164266 iterations
[    0.313224] find_first_bit:                3260890 ns,  16271 iterations
[    0.313559] find_next_and_bit:              331606 ns,  73711 iterations
[    0.313560] 
               Start testing find_bit() with sparse bitmap
[    0.313584] find_next_bit:                   12781 ns,    656 iterations
[    0.314842] find_next_zero_bit:            1255956 ns, 327025 iterations
[    0.314856] find_last_bit:                   11873 ns,    656 iterations
[    0.316154] find_first_bit:                1295067 ns,    656 iterations
[    0.316163] find_next_and_bit:                6705 ns,      1 iterations
[    0.316629] pcieport 0000:00:01.2: PME: Signaling with IRQ 26
[    0.316797] pcieport 0000:00:08.1: PME: Signaling with IRQ 27
[    0.316946] pcieport 0000:00:08.2: PME: Signaling with IRQ 28
[    0.317019] shpchp: Standard Hot Plug PCI Controller Driver version: 0.4
[    0.317043] efifb: probing for efifb
[    0.317063] efifb: showing boot graphics
[    0.318214] efifb: framebuffer at 0xfce0000000, using 8128k, total 8128k
[    0.318215] efifb: mode is 1920x1080x32, linelength=7680, pages=1
[    0.318216] efifb: scrolling: redraw
[    0.318216] efifb: Truecolor: size=8:8:8:8, shift=24:16:8:0
[    0.318435] Console: switching to colour frame buffer device 240x67
[    0.321238] fb0: EFI VGA frame buffer device
[    0.321300] Monitor-Mwait will be used to enter C-1 state
[    0.321304] ACPI: \_SB_.PLTF.C000: Found 3 idle states
[    0.321311] ACPI: FW issue: working around C-state latencies out of order
[    0.321383] ACPI: \_SB_.PLTF.C001: Found 3 idle states
[    0.321387] ACPI: FW issue: working around C-state latencies out of order
[    0.321812] ACPI: \_SB_.PLTF.C002: Found 3 idle states
[    0.321816] ACPI: FW issue: working around C-state latencies out of order
[    0.321899] ACPI: \_SB_.PLTF.C003: Found 3 idle states
[    0.321903] ACPI: FW issue: working around C-state latencies out of order
[    0.321987] ACPI: \_SB_.PLTF.C004: Found 3 idle states
[    0.321991] ACPI: FW issue: working around C-state latencies out of order
[    0.322073] ACPI: \_SB_.PLTF.C005: Found 3 idle states
[    0.322077] ACPI: FW issue: working around C-state latencies out of order
[    0.322242] Serial: 8250/16550 driver, 4 ports, IRQ sharing enabled
[    0.322963] wireguard: WireGuard 1.0.0 loaded. See www.wireguard.com for information.
[    0.322964] wireguard: Copyright (C) 2015-2019 Jason A. Donenfeld <Jason@zx2c4.com>. All Rights Reserved.
[    0.322983] rtc_cmos 00:01: RTC can wake from S4
[    0.323185] rtc_cmos 00:01: registered as rtc0
[    0.323220] rtc_cmos 00:01: setting system clock to 2021-09-26T19:47:59 UTC (1632685679)
[    0.323230] rtc_cmos 00:01: alarms up to one month, 114 bytes nvram, hpet irqs
[    0.323305] ledtrig-cpu: registered to indicate activity on CPUs
[    0.323310] EFI Variables Facility v0.08 2004-May-17
[    0.328389] pstore: Registered efi as persistent store backend
[    0.328419] drop_monitor: Initializing network drop monitor service
[    0.328522] NET: Registered PF_INET6 protocol family
[    0.340856] Freeing initrd memory: 18820K
[    0.345305] Segment Routing with IPv6
[    0.345343] NET: Registered PF_PACKET protocol family
[    0.346155] microcode: CPU0: patch_level=0x08600106
[    0.346159] microcode: CPU1: patch_level=0x08600106
[    0.346166] microcode: CPU2: patch_level=0x08600106
[    0.346191] microcode: CPU3: patch_level=0x08600106
[    0.346217] microcode: CPU4: patch_level=0x08600106
[    0.346243] microcode: CPU5: patch_level=0x08600106
[    0.346249] microcode: Microcode Update Driver: v2.2.
[    0.346253] IPI shorthand broadcast: enabled
[    0.346418] registered taskstats version 1
[    0.346568] Loading compiled-in X.509 certificates
[    0.348402] Loaded X.509 cert 'Build time autogenerated kernel key: c258437ce07344916bd15ee7041e7e9e78ff9236'
[    0.348464] zswap: loaded using pool lz4/zbud
[    0.348727] Key type ._fscrypt registered
[    0.348729] Key type .fscrypt registered
[    0.348730] Key type fscrypt-provisioning registered
[    0.348834] pstore: Using crash dump compression: zstd
[    0.348852] Key type big_key registered
[    0.348854] AppArmor: AppArmor sha1 policy hashing enabled
[    0.349033] PM:   Magic number: 5:226:800
[    0.349158] RAS: Correctable Errors collector initialized.
[    0.349935] Unstable clock detected, switching default tracing clock to "global"
               If you want to keep using the local clock, then add:
                 "trace_clock=local"
               on the kernel command line
[    0.350751] Freeing unused decrypted memory: 2036K
[    0.351008] Freeing unused kernel image (initmem) memory: 1640K
[    0.395186] Write protecting the kernel read-only data: 18432k
[    0.396067] Freeing unused kernel image (text/rodata gap) memory: 2040K
[    0.396209] Freeing unused kernel image (rodata/data gap) memory: 388K
[    0.396219] Run /init as init process
[    0.396220]   with arguments:
[    0.396222]     /init
[    0.396222]   with environment:
[    0.396223]     HOME=/
[    0.396223]     TERM=linux
[    0.396224]     BOOT_IMAGE=/@/boot/vmlinuz-linux-amd
[    0.396224]     cryptdevice=UUID=f5c58973-d2db-4063-9fb3-06e53844933b:luks-f5c58973-d2db-4063-9fb3-06e53844933b
[    0.449371] i8042: PNP: PS/2 Controller [PNP0303:KBC0] at 0x60,0x64 irq 1
[    0.449374] i8042: PNP: PS/2 appears to have AUX port disabled, if this is incorrect please boot with i8042.nopnp
[    0.450892] serio: i8042 KBD port at 0x60,0x64 irq 1
[    0.454550] SCSI subsystem initialized
[    0.456339] ACPI: bus type USB registered
[    0.456357] usbcore: registered new interface driver usbfs
[    0.456362] usbcore: registered new interface driver hub
[    0.456372] usbcore: registered new device driver usb
[    0.458413] cryptd: max_cpu_qlen set to 1000
[    0.461252] libata version 3.00 loaded.
[    0.465433] ccp 0000:02:00.2: enabling device (0000 -> 0002)
[    0.465581] ccp 0000:02:00.2: ccp: unable to access the device: you might be running a broken BIOS.
[    0.465822] AVX2 version of gcm_enc/dec engaged.
[    0.465884] AES CTR mode by8 optimization enabled
[    0.467616] ahci 0000:03:00.0: version 3.0
[    0.467755] ahci 0000:03:00.0: AHCI 0001.0301 32 slots 1 ports 6 Gbps 0x1 impl SATA mode
[    0.467758] ahci 0000:03:00.0: flags: 64bit ncq sntf ilck pm led clo only pmp fbs pio slum part 
[    0.467929] scsi host0: ahci
[    0.467995] ata1: SATA max UDMA/133 abar m2048@0xd0001000 port 0xd0001100 irq 33
[    0.468374] ahci 0000:03:00.1: AHCI 0001.0301 32 slots 1 ports 6 Gbps 0x1 impl SATA mode
[    0.468377] ahci 0000:03:00.1: flags: 64bit ncq sntf ilck pm led clo only pmp fbs pio slum part deso sadm sds 
[    0.468487] xhci_hcd 0000:02:00.3: xHCI Host Controller
[    0.468492] xhci_hcd 0000:02:00.3: new USB bus registered, assigned bus number 1
[    0.468579] xhci_hcd 0000:02:00.3: hcc params 0x0268ffe5 hci version 0x110 quirks 0x0000020000000410
[    0.468880] scsi host1: ahci
[    0.468934] ata2: SATA max UDMA/133 abar m2048@0xd0000000 port 0xd0000100 irq 35
[    0.468989] hub 1-0:1.0: USB hub found
[    0.469003] hub 1-0:1.0: 4 ports detected
[    0.469225] xhci_hcd 0000:02:00.3: xHCI Host Controller
[    0.469228] xhci_hcd 0000:02:00.3: new USB bus registered, assigned bus number 2
[    0.469230] xhci_hcd 0000:02:00.3: Host supports USB 3.1 Enhanced SuperSpeed
[    0.469249] usb usb2: We don't know the algorithms for LPM for this host, disabling LPM.
[    0.469328] hub 2-0:1.0: USB hub found
[    0.469332] hub 2-0:1.0: 2 ports detected
[    0.469503] xhci_hcd 0000:02:00.4: xHCI Host Controller
[    0.469506] xhci_hcd 0000:02:00.4: new USB bus registered, assigned bus number 3
[    0.469592] xhci_hcd 0000:02:00.4: hcc params 0x0268ffe5 hci version 0x110 quirks 0x0000020000000410
[    0.469900] hub 3-0:1.0: USB hub found
[    0.469905] hub 3-0:1.0: 4 ports detected
[    0.470107] xhci_hcd 0000:02:00.4: xHCI Host Controller
[    0.470110] xhci_hcd 0000:02:00.4: new USB bus registered, assigned bus number 4
[    0.470111] xhci_hcd 0000:02:00.4: Host supports USB 3.1 Enhanced SuperSpeed
[    0.470122] usb usb4: We don't know the algorithms for LPM for this host, disabling LPM.
[    0.470191] hub 4-0:1.0: USB hub found
[    0.470195] hub 4-0:1.0: 2 ports detected
[    0.475718] ccp 0000:02:00.2: tee enabled
[    0.475722] ccp 0000:02:00.2: psp enabled
[    0.482165] input: AT Translated Set 2 keyboard as /devices/platform/i8042/serio0/input/input0
[    0.721501] usb 1-4: new full-speed USB device number 2 using xhci_hcd
[    0.782136] ata1: SATA link down (SStatus 0 SControl 300)
[    0.938172] ata2: SATA link up 6.0 Gbps (SStatus 133 SControl 300)
[    0.941237] ata2.00: ATA-11: SAMSUNG MZNLH512HALU-00000, RVT2200Q, max UDMA/133
[    0.941247] ata2.00: 1000215216 sectors, multi 16: LBA48 NCQ (depth 32), AA
[    0.943152] ata2.00: configured for UDMA/133
[    0.943381] scsi 1:0:0:0: Direct-Access     ATA      SAMSUNG MZNLH512 200Q PQ: 0 ANSI: 5
[    0.947227] sd 1:0:0:0: [sda] 1000215216 512-byte logical blocks: (512 GB/477 GiB)
[    0.947236] sd 1:0:0:0: [sda] Write Protect is off
[    0.947238] sd 1:0:0:0: [sda] Mode Sense: 00 3a 00 00
[    0.947248] sd 1:0:0:0: [sda] Write cache: enabled, read cache: enabled, doesn't support DPO or FUA
[    0.976934]  sda: sda1 sda2 sda3
[    1.008281] sd 1:0:0:0: [sda] Attached SCSI disk
[    1.049085] device-mapper: uevent: version 1.0.3
[    1.049183] device-mapper: ioctl: 4.45.0-ioctl (2021-03-22) initialised: dm-devel@redhat.com
[    1.052718] Key type encrypted registered
[    4.678107] raid6: avx2x4   gen() 36299 MB/s
[    4.735029] raid6: avx2x4   xor() 10021 MB/s
[    4.791758] raid6: avx2x2   gen() 38060 MB/s
[    4.848360] raid6: avx2x2   xor() 23449 MB/s
[    4.905023] raid6: avx2x1   gen() 31519 MB/s
[    4.961432] raid6: avx2x1   xor() 18531 MB/s
[    5.018096] raid6: sse2x4   gen() 17714 MB/s
[    5.074763] raid6: sse2x4   xor()  8757 MB/s
[    5.131429] raid6: sse2x2   gen() 19500 MB/s
[    5.188097] raid6: sse2x2   xor() 11913 MB/s
[    5.244762] raid6: sse2x1   gen() 14886 MB/s
[    5.301430] raid6: sse2x1   xor()  9445 MB/s
[    5.301431] raid6: using algorithm avx2x2 gen() 38060 MB/s
[    5.301432] raid6: .... xor() 23449 MB/s, rmw enabled
[    5.301433] raid6: using avx2x2 recovery algorithm
[    5.302704] xor: automatically using best checksumming function   avx       
[    5.345274] Btrfs loaded, crc32c=crc32c-intel, zoned=yes
[    5.348062] BTRFS: device fsid 60699b1d-4878-4c7a-9ce1-e6cca69ee26a devid 1 transid 10461 /dev/dm-0 scanned by systemd-udevd (168)
[    5.357811] PM: Image not found (code -22)
[    5.367159] BTRFS info (device dm-0): flagging fs with big metadata feature
[    5.367164] BTRFS info (device dm-0): disk space caching is enabled
[    5.367165] BTRFS info (device dm-0): has skinny extents
[    5.378374] BTRFS info (device dm-0): enabling ssd optimizations
[    5.485092] systemd[1]: systemd 249.4-1-manjaro running in system mode (+PAM +AUDIT -SELINUX -APPARMOR -IMA +SMACK +SECCOMP +GCRYPT +GNUTLS +OPENSSL +ACL +BLKID +CURL +ELFUTILS +FIDO2 +IDN2 -IDN +IPTC +KMOD +LIBCRYPTSETUP +LIBFDISK +PCRE2 -PWQUALITY +P11KIT -QRENCODE +BZIP2 +LZ4 +XZ +ZLIB +ZSTD +XKBCOMMON +UTMP -SYSVINIT default-hierarchy=unified)
[    5.501920] systemd[1]: Detected architecture x86-64.
[    5.503059] systemd[1]: Hostname set to <mksredmibook>.
[    5.624283] systemd[1]: Queued start job for default target Graphical Interface.
[    5.625424] systemd[1]: Created slice Slice /system/getty.
[    5.625665] systemd[1]: Created slice Slice /system/maia-console.
[    5.625824] systemd[1]: Created slice Slice /system/modprobe.
[    5.625971] systemd[1]: Created slice Cryptsetup Units Slice.
[    5.626119] systemd[1]: Created slice Slice /system/systemd-fsck.
[    5.626252] systemd[1]: Created slice User and Session Slice.
[    5.626310] systemd[1]: Started Dispatch Password Requests to Console Directory Watch.
[    5.626348] systemd[1]: Started Forward Password Requests to Wall Directory Watch.
[    5.626461] systemd[1]: Set up automount Arbitrary Executable File Formats File System Automount Point.
[    5.626535] systemd[1]: Reached target Login Prompts.
[    5.626563] systemd[1]: Reached target Path Units.
[    5.626583] systemd[1]: Reached target Remote File Systems.
[    5.626606] systemd[1]: Reached target Slice Units.
[    5.626631] systemd[1]: Reached target Local Verity Integrity Protected Volumes.
[    5.626678] systemd[1]: Listening on Device-mapper event daemon FIFOs.
[    5.627572] systemd[1]: Listening on LVM2 poll daemon socket.
[    5.628377] systemd[1]: Listening on Process Core Dump Socket.
[    5.628503] systemd[1]: Listening on Journal Audit Socket.
[    5.628575] systemd[1]: Listening on Journal Socket (/dev/log).
[    5.628642] systemd[1]: Listening on Journal Socket.
[    5.629027] systemd[1]: Listening on udev Control Socket.
[    5.629087] systemd[1]: Listening on udev Kernel Socket.
[    5.629610] systemd[1]: Mounting Huge Pages File System...
[    5.630014] systemd[1]: Mounting POSIX Message Queue File System...
[    5.630483] systemd[1]: Mounting Kernel Debug File System...
[    5.630917] systemd[1]: Mounting Kernel Trace File System...
[    5.631543] systemd[1]: Starting Create List of Static Device Nodes...
[    5.632137] systemd[1]: Starting Monitoring of LVM2 mirrors, snapshots etc. using dmeventd or progress polling...
[    5.632827] systemd[1]: Starting Load Kernel Module configfs...
[    5.633366] systemd[1]: Starting Load Kernel Module drm...
[    5.633919] systemd[1]: Starting Load Kernel Module fuse...
[    5.634256] systemd[1]: Condition check resulted in Set Up Additional Binary Formats being skipped.
[    5.634293] systemd[1]: Condition check resulted in File System Check on Root Device being skipped.
[    5.635129] systemd[1]: Starting Load Kernel Modules...
[    5.635800] systemd[1]: Starting Remount Root and Kernel File Systems...
[    5.635855] systemd[1]: Condition check resulted in Repartition Root Disk being skipped.
[    5.636385] systemd[1]: Starting Coldplug All udev Devices...
[    5.637331] systemd[1]: Mounted Huge Pages File System.
[    5.637401] systemd[1]: Mounted POSIX Message Queue File System.
[    5.637449] systemd[1]: Mounted Kernel Debug File System.
[    5.637504] systemd[1]: Mounted Kernel Trace File System.
[    5.637703] systemd[1]: Finished Create List of Static Device Nodes.
[    5.637874] systemd[1]: modprobe@configfs.service: Deactivated successfully.
[    5.638022] systemd[1]: Finished Load Kernel Module configfs.
[    5.638769] systemd[1]: Mounting Kernel Configuration File System...
[    5.640689] systemd[1]: Mounted Kernel Configuration File System.
[    5.644478] fuse: init (API version 7.34)
[    5.644987] systemd[1]: modprobe@fuse.service: Deactivated successfully.
[    5.645138] systemd[1]: Finished Load Kernel Module fuse.
[    5.645753] systemd[1]: Mounting FUSE Control File System...
[    5.646975] systemd[1]: Mounted FUSE Control File System.
[    5.659801] systemd[1]: modprobe@drm.service: Deactivated successfully.
[    5.659971] systemd[1]: Finished Load Kernel Module drm.
[    5.679530] systemd[1]: Finished Coldplug All udev Devices.
[    5.706254] systemd[1]: Finished Monitoring of LVM2 mirrors, snapshots etc. using dmeventd or progress polling.
[    5.763706] vboxdrv: loading out-of-tree module taints kernel.
[    5.763832] vboxdrv: module verification failed: signature and/or required key missing - tainting kernel
[    5.766795] vboxdrv: Found 6 processor cores
[    5.766889] BTRFS info (device dm-0): use zstd compression, level 3
[    5.766897] BTRFS info (device dm-0): disk space caching is enabled
[    5.767729] systemd[1]: Finished Remount Root and Kernel File Systems.
[    5.767850] systemd[1]: Condition check resulted in First Boot Wizard being skipped.
[    5.768596] systemd[1]: Condition check resulted in Rebuild Hardware Database being skipped.
[    5.769103] systemd[1]: Starting Load/Save Random Seed...
[    5.769544] systemd[1]: Starting Create System Users...
[    5.777592] systemd[1]: Finished Load/Save Random Seed.
[    5.777780] systemd[1]: Condition check resulted in First Boot Complete being skipped.
[    5.791656] vboxdrv: TSC mode is Invariant, tentative frequency 2370570582 Hz
[    5.791660] vboxdrv: Successfully loaded version 6.1.26 r145957 (interface 0x00300000)
[    5.793715] VBoxNetAdp: Successfully started.
[    5.793719] systemd[1]: Finished Create System Users.
[    5.794294] systemd[1]: Starting Create Static Device Nodes in /dev...
[    5.795088] VBoxNetFlt: Successfully started.
[    5.796314] systemd[1]: Finished Load Kernel Modules.
[    5.796940] systemd[1]: Starting Apply Kernel Variables...
[    5.802143] systemd[1]: Finished Create Static Device Nodes in /dev.
[    5.802258] systemd[1]: Reached target Preparation for Local File Systems.
[    5.802296] systemd[1]: Condition check resulted in Virtual Machine and Container Storage (Compatibility) being skipped.
[    5.802314] systemd[1]: Condition check resulted in Entropy Daemon based on the HAVEGE algorithm being skipped.
[    5.803285] systemd[1]: Starting Journal Service...
[    5.804156] systemd[1]: Starting Rule-based Manager for Device Events and Files...
[    5.804428] systemd[1]: Finished Apply Kernel Variables.
[    5.805915] systemd[1]: Starting CLI Netfilter Manager...
[    5.828444] systemd[1]: Started Rule-based Manager for Device Events and Files.
[    5.828542] audit: type=1130 audit(1632685685.003:2): pid=1 uid=0 auid=4294967295 ses=4294967295 subj==unconfined msg='unit=systemd-udevd comm="systemd" exe="/usr/lib/systemd/systemd" hostname=? addr=? terminal=? res=success'
[    5.834788] systemd[1]: Started Journal Service.
[    5.834870] audit: type=1130 audit(1632685685.009:3): pid=1 uid=0 auid=4294967295 ses=4294967295 subj==unconfined msg='unit=systemd-journald comm="systemd" exe="/usr/lib/systemd/systemd" hostname=? addr=? terminal=? res=success'
[    5.856740] audit: type=1325 audit(1632685685.029:4): table=filter:2 family=2 entries=7 op=nft_register_chain pid=366 subj==unconfined comm="iptables-restor"
[    5.856745] audit: type=1300 audit(1632685685.029:4): arch=c000003e syscall=46 success=yes exit=732 a0=3 a1=7fffbe09f440 a2=0 a3=7fffbe09f42c items=0 ppid=341 pid=366 auid=4294967295 uid=0 gid=0 euid=0 suid=0 fsuid=0 egid=0 sgid=0 fsgid=0 tty=(none) ses=4294967295 comm="iptables-restor" exe="/usr/bin/xtables-nft-multi" subj==unconfined key=(null)
[    5.856753] audit: type=1327 audit(1632685685.029:4): proctitle=69707461626C65732D726573746F7265002D6E
[    5.869445] acpi_cpufreq: overriding BIOS provided _PSD data
[    5.878131] acpi PNP0C14:01: duplicate WMI GUID 05901221-D566-11D1-B2F0-00A0C9062910 (first instance was on PNP0C14:00)
[    5.880442] thermal LNXTHERM:00: registered as thermal_zone0
[    5.880447] ACPI: thermal: Thermal Zone [TZ0] (58 C)
[    5.880778] hid: raw HID events driver (C) Jiri Kosina
[    5.884007] input: Power Button as /devices/LNXSYSTM:00/LNXSYBUS:00/PNP0C0C:00/input/input1
[    5.884028] ACPI: button: Power Button [PWRB]
[    5.884076] input: Lid Switch as /devices/LNXSYSTM:00/LNXSYBUS:00/PNP0A08:00/device:2a/PNP0C09:00/PNP0C0D:00/input/input2
[    5.884091] ACPI: button: Lid Switch [LID0]
[    5.887477] ACPI: video: Video Device [VGA] (multi-head: yes  rom: no  post: no)
[    5.887659] acpi device:0e: registered as cooling_device6
[    5.887686] input: Video Bus as /devices/LNXSYSTM:00/LNXSYBUS:00/PNP0A08:00/device:0d/LNXVIDEO:00/input/input3
[    5.893891] ACPI: AC: AC Adapter [ACAD] (on-line)
[    5.914739] ACPI: battery: Slot [BATT] (battery present)
[    5.941142] audit: type=1325 audit(1632685685.033:5): table=filter:3 family=2 entries=36 op=nft_register_chain pid=369 subj==unconfined comm="iptables-restor"
[    5.941147] audit: type=1300 audit(1632685685.033:5): arch=c000003e syscall=46 success=yes exit=4440 a0=3 a1=7ffcce031280 a2=0 a3=7ffcce03126c items=0 ppid=341 pid=369 auid=4294967295 uid=0 gid=0 euid=0 suid=0 fsuid=0 egid=0 sgid=0 fsgid=0 tty=(none) ses=4294967295 comm="iptables-restor" exe="/usr/bin/xtables-nft-multi" subj==unconfined key=(null)
[    5.941149] audit: type=1327 audit(1632685685.033:5): proctitle=69707461626C65732D726573746F7265002D6E
[    5.945134] input: PC Speaker as /devices/platform/pcspkr/input/input4
[    5.945433] Adding 16383996k swap on /dev/sda2.  Priority:-2 extents:1 across:16383996k SSFS
[    5.946420] piix4_smbus 0000:00:14.0: SMBus Host Controller at 0xb00, revision 0
[    5.946424] piix4_smbus 0000:00:14.0: Using register 0x02 for SMBus port selection
[    5.946476] piix4_smbus 0000:00:14.0: Auxiliary SMBus Host Controller at 0xb20
[    5.949321] snd_rn_pci_acp3x 0000:02:00.5: enabling device (0000 -> 0002)
[    5.951729] audit: type=1130 audit(1632685685.126:6): pid=1 uid=0 auid=4294967295 ses=4294967295 subj==unconfined msg='unit=systemd-cryptsetup@luks\x2df5c58973\x2dd2db\x2d4063\x2d9fb3\x2d06e53844933b comm="systemd" exe="/usr/lib/systemd/systemd" hostname=? addr=? terminal=? res=success'
[    5.966902] audit: type=1130 audit(1632685685.139:7): pid=1 uid=0 auid=4294967295 ses=4294967295 subj==unconfined msg='unit=systemd-fsck@dev-disk-by\x2duuid-D755\x2d337D comm="systemd" exe="/usr/lib/systemd/systemd" hostname=? addr=? terminal=? res=success'
[    6.071224] cfg80211: Loading compiled-in X.509 certificates for regulatory database
[    6.075938] cfg80211: Loaded X.509 cert 'sforshee: 00b28ddf47aef9cea7'
[    6.090356] kvm: Nested Virtualization enabled
[    6.090360] SVM: kvm: Nested Paging enabled
[    6.090364] SVM: Virtual VMLOAD VMSAVE supported
[    6.090365] SVM: Virtual GIF supported
[    6.097044] MCE: In-kernel MCE decoding enabled.
[    6.098337] Bluetooth: Core ver 2.22
[    6.098394] NET: Registered PF_BLUETOOTH protocol family
[    6.098396] Bluetooth: HCI device and connection manager initialized
[    6.098398] Bluetooth: HCI socket layer initialized
[    6.098400] Bluetooth: L2CAP socket layer initialized
[    6.098404] Bluetooth: SCO socket layer initialized
[    6.142598] usbcore: registered new interface driver btusb
[    6.148127] BTRFS info (device dm-0): devid 1 device path /dev/mapper/luks-f5c58973-d2db-4063-9fb3-06e53844933b changed to /dev/dm-0 scanned by systemd-udevd (389)
[    6.148786] BTRFS info (device dm-0): devid 1 device path /dev/dm-0 changed to /dev/mapper/luks-f5c58973-d2db-4063-9fb3-06e53844933b scanned by systemd-udevd (389)
[    6.149289] Bluetooth: hci0: RTL: examining hci_ver=0a hci_rev=000c lmp_ver=0a lmp_subver=8822
[    6.151291] Bluetooth: hci0: RTL: rom_version status=0 version=3
[    6.151296] Bluetooth: hci0: RTL: loading rtl_bt/rtl8822cu_fw.bin
[    6.152701] Bluetooth: hci0: RTL: loading rtl_bt/rtl8822cu_config.bin
[    6.152745] Bluetooth: hci0: RTL: cfg_sz 6, total sz 39526
[    6.171810] systemd-journald[335]: Received client request to flush runtime journal.
[    6.178953] snd_hda_intel 0000:02:00.1: enabling device (0000 -> 0002)
[    6.179013] snd_hda_intel 0000:02:00.1: Handle vga_switcheroo audio client
[    6.179146] snd_hda_intel 0000:02:00.6: enabling device (0000 -> 0002)
[    6.197422] input: HD-Audio Generic HDMI/DP,pcm=3 as /devices/pci0000:00/0000:00:08.1/0000:02:00.1/sound/card0/input5
[    6.197463] input: HD-Audio Generic HDMI/DP,pcm=7 as /devices/pci0000:00/0000:00:08.1/0000:02:00.1/sound/card0/input6
[    6.198143] input: GXT7863:00 27C6:01E0 Mouse as /devices/platform/AMDI0010:03/i2c-0/i2c-GXT7863:00/0018:27C6:01E0.0001/input/input7
[    6.198191] input: GXT7863:00 27C6:01E0 Touchpad as /devices/platform/AMDI0010:03/i2c-0/i2c-GXT7863:00/0018:27C6:01E0.0001/input/input8
[    6.198249] hid-generic 0018:27C6:01E0.0001: input,hidraw0: I2C HID v1.00 Mouse [GXT7863:00 27C6:01E0] on i2c-GXT7863:00
[    6.248654] AMD-Vi: AMD IOMMUv2 driver by Joerg Roedel <jroedel@suse.de>
[    6.267863] snd_hda_codec_realtek hdaudioC1D0: autoconfig for ALC256: line_outs=1 (0x14/0x0/0x0/0x0/0x0) type:speaker
[    6.267870] snd_hda_codec_realtek hdaudioC1D0:    speaker_outs=0 (0x0/0x0/0x0/0x0/0x0)
[    6.267872] snd_hda_codec_realtek hdaudioC1D0:    hp_outs=1 (0x21/0x0/0x0/0x0/0x0)
[    6.267873] snd_hda_codec_realtek hdaudioC1D0:    mono: mono_out=0x0
[    6.267874] snd_hda_codec_realtek hdaudioC1D0:    inputs:
[    6.267875] snd_hda_codec_realtek hdaudioC1D0:      Mic=0x19
[    6.323681] input: GXT7863:00 27C6:01E0 Mouse as /devices/platform/AMDI0010:03/i2c-0/i2c-GXT7863:00/0018:27C6:01E0.0001/input/input10
[    6.323865] input: GXT7863:00 27C6:01E0 Touchpad as /devices/platform/AMDI0010:03/i2c-0/i2c-GXT7863:00/0018:27C6:01E0.0001/input/input11
[    6.333835] hid-multitouch 0018:27C6:01E0.0001: input,hidraw0: I2C HID v1.00 Mouse [GXT7863:00 27C6:01E0] on i2c-GXT7863:00
[    6.373572] input: HD-Audio Generic Mic as /devices/pci0000:00/0000:00:08.1/0000:02:00.6/sound/card1/input13
[    6.373616] input: HD-Audio Generic Headphone as /devices/pci0000:00/0000:00:08.1/0000:02:00.6/sound/card1/input14
[    6.378365] mousedev: PS/2 mouse device common for all mice
[    6.455935] rtw_8822ce 0000:01:00.0: enabling device (0000 -> 0003)
[    6.460099] rtw_8822ce 0000:01:00.0: Firmware version 9.9.10, H2C version 15
[    6.460134] rtw_8822ce 0000:01:00.0: Firmware version 9.9.4, H2C version 15
[    6.493284] Bluetooth: hci0: RTL: fw version 0x09a91a4a
[    6.519131] Error: Driver 'rtw_8822ce' is already registered, aborting...
[    6.590245] rtw_8822ce 0000:01:00.0 wlp1s0: renamed from wlan0
[    6.688351] [drm] amdgpu kernel modesetting enabled.
[    6.695602] amdgpu: Virtual CRAT table created for CPU
[    6.695618] amdgpu: Topology: Add CPU node
[    6.695705] checking generic (fce0000000 7f0000) vs hw (fce0000000 10000000)
[    6.695707] fb0: switching to amdgpudrmfb from EFI VGA
[    6.695781] Console: switching to colour dummy device 80x25
[    6.695796] amdgpu 0000:02:00.0: vgaarb: deactivate vga console
[    6.695849] amdgpu 0000:02:00.0: enabling device (0006 -> 0007)
[    6.695932] [drm] initializing kernel modesetting (RENOIR 0x1002:0x1636 0x1D72:0x1951 0xC3).
[    6.695936] amdgpu 0000:02:00.0: amdgpu: Trusted Memory Zone (TMZ) feature enabled
[    6.696372] [drm] register mmio base: 0xD0400000
[    6.696373] [drm] register mmio size: 524288
[    6.696375] [drm] PCIE atomic ops is not supported
[    6.697471] [drm] add ip block number 0 <soc15_common>
[    6.697472] [drm] add ip block number 1 <gmc_v9_0>
[    6.697473] [drm] add ip block number 2 <vega10_ih>
[    6.697474] [drm] add ip block number 3 <psp>
[    6.697475] [drm] add ip block number 4 <smu>
[    6.697475] [drm] add ip block number 5 <gfx_v9_0>
[    6.697477] [drm] add ip block number 6 <sdma_v4_0>
[    6.697478] [drm] add ip block number 7 <dm>
[    6.697479] [drm] add ip block number 8 <vcn_v2_0>
[    6.697479] [drm] add ip block number 9 <jpeg_v2_0>
[    6.697489] amdgpu 0000:02:00.0: amdgpu: Fetched VBIOS from VFCT
[    6.697491] amdgpu: ATOM BIOS: 113-RENOIR-026
[    6.698964] [drm] VCN decode is enabled in VM mode
[    6.698967] [drm] VCN encode is enabled in VM mode
[    6.698968] [drm] JPEG decode is enabled in VM mode
[    6.698995] [drm] vm size is 262144 GB, 4 levels, block size is 9-bit, fragment size is 9-bit
[    6.699002] amdgpu 0000:02:00.0: amdgpu: VRAM: 512M 0x000000F400000000 - 0x000000F41FFFFFFF (512M used)
[    6.699005] amdgpu 0000:02:00.0: amdgpu: GART: 1024M 0x0000000000000000 - 0x000000003FFFFFFF
[    6.699007] amdgpu 0000:02:00.0: amdgpu: AGP: 267419648M 0x000000F800000000 - 0x0000FFFFFFFFFFFF
[    6.699013] [drm] Detected VRAM RAM=512M, BAR=512M
[    6.699014] [drm] RAM width 128bits DDR4
[    6.699056] [drm] amdgpu: 512M of VRAM memory ready
[    6.699057] [drm] amdgpu: 3072M of GTT memory ready.
[    6.699063] [drm] GART: num cpu pages 262144, num gpu pages 262144
[    6.699190] [drm] PCIE GART of 1024M enabled.
[    6.699191] [drm] PTB located at 0x000000F400900000
[    6.700850] amdgpu 0000:02:00.0: amdgpu: PSP runtime database doesn't exist
[    6.705433] [drm] Loading DMUB firmware via PSP: version=0x01010019
[    6.707061] [drm] Found VCN firmware Version ENC: 1.14 DEC: 5 VEP: 0 Revision: 20
[    6.707077] amdgpu 0000:02:00.0: amdgpu: Will use PSP to load VCN firmware
[    7.204085] Bluetooth: BNEP (Ethernet Emulation) ver 1.3
[    7.204089] Bluetooth: BNEP filters: protocol multicast
[    7.204094] Bluetooth: BNEP socket layer initialized
[    7.214654] NET: Registered PF_ALG protocol family
[    7.339812] [drm] reserve 0x400000 from 0xf41f800000 for PSP TMR
[    7.418542] amdgpu 0000:02:00.0: amdgpu: RAS: optional ras ta ucode is not available
[    7.426610] amdgpu 0000:02:00.0: amdgpu: RAP: optional rap ta ucode is not available
[    7.426613] amdgpu 0000:02:00.0: amdgpu: SECUREDISPLAY: securedisplay ta ucode is not available
[    7.426875] amdgpu 0000:02:00.0: amdgpu: SMU is initialized successfully!
[    7.428227] [drm] kiq ring mec 2 pipe 1 q 0
[    7.429775] [drm] Display Core initialized with v3.2.141!
[    7.430448] [drm] DMUB hardware initialized: version=0x01010019
[    7.465255] loop: module loaded
[    7.465797] loop0: detected capacity change from 0 to 8
[    7.478999] squashfs: version 4.0 (2009/01/31) Phillip Lougher
[    7.550129] [drm] VCN decode and encode initialized successfully(under DPG Mode).
[    7.550149] [drm] JPEG decode initialized successfully.
[    7.550998] kfd kfd: amdgpu: Allocated 3969056 bytes on gart
[    7.582850] memmap_init_zone_device initialised 131072 pages in 0ms
[    7.582869] amdgpu: HMM registered 512MB device memory
[    7.582900] amdgpu: SRAT table not found
[    7.582900] amdgpu: Virtual CRAT table created for GPU
[    7.583021] amdgpu: Topology: Add dGPU node [0x1636:0x1002]
[    7.583026] kfd kfd: amdgpu: added device 1002:1636
[    7.583029] amdgpu 0000:02:00.0: amdgpu: SE 1, SH per SE 2, CU per SH 18, active_cu_number 26
[    7.585534] [drm] fb mappable at 0x410CD1000
[    7.585539] [drm] vram apper at 0x410000000
[    7.585541] [drm] size 8294400
[    7.585542] [drm] fb depth is 24
[    7.585543] [drm]    pitch is 7680
[    7.585680] fbcon: amdgpu (fb0) is primary device
[    7.644787] Console: switching to colour frame buffer device 240x67
[    7.663382] amdgpu 0000:02:00.0: [drm] fb0: amdgpu frame buffer device
[    7.708308] amdgpu 0000:02:00.0: amdgpu: ring gfx uses VM inv eng 0 on hub 0
[    7.708317] amdgpu 0000:02:00.0: amdgpu: ring comp_1.0.0 uses VM inv eng 1 on hub 0
[    7.708321] amdgpu 0000:02:00.0: amdgpu: ring comp_1.1.0 uses VM inv eng 4 on hub 0
[    7.708324] amdgpu 0000:02:00.0: amdgpu: ring comp_1.2.0 uses VM inv eng 5 on hub 0
[    7.708326] amdgpu 0000:02:00.0: amdgpu: ring comp_1.3.0 uses VM inv eng 6 on hub 0
[    7.708328] amdgpu 0000:02:00.0: amdgpu: ring comp_1.0.1 uses VM inv eng 7 on hub 0
[    7.708331] amdgpu 0000:02:00.0: amdgpu: ring comp_1.1.1 uses VM inv eng 8 on hub 0
[    7.708333] amdgpu 0000:02:00.0: amdgpu: ring comp_1.2.1 uses VM inv eng 9 on hub 0
[    7.708335] amdgpu 0000:02:00.0: amdgpu: ring comp_1.3.1 uses VM inv eng 10 on hub 0
[    7.708338] amdgpu 0000:02:00.0: amdgpu: ring kiq_2.1.0 uses VM inv eng 11 on hub 0
[    7.708341] amdgpu 0000:02:00.0: amdgpu: ring sdma0 uses VM inv eng 0 on hub 1
[    7.708344] amdgpu 0000:02:00.0: amdgpu: ring vcn_dec uses VM inv eng 1 on hub 1
[    7.708346] amdgpu 0000:02:00.0: amdgpu: ring vcn_enc0 uses VM inv eng 4 on hub 1
[    7.708348] amdgpu 0000:02:00.0: amdgpu: ring vcn_enc1 uses VM inv eng 5 on hub 1
[    7.708351] amdgpu 0000:02:00.0: amdgpu: ring jpeg_dec uses VM inv eng 6 on hub 1
[    7.710204] [drm] Initialized amdgpu 3.42.0 20150101 for 0000:02:00.0 on minor 0
[    8.284548] rtw_8822ce 0000:01:00.0: start vif 74:4c:a1:55:0d:6f on port 0
[    8.285667] rtw_8822ce 0000:01:00.0: stop vif 74:4c:a1:55:0d:6f on port 0
[    8.512898] rtw_8822ce 0000:01:00.0: start vif a2:93:9c:28:30:c9 on port 0
[   14.879484] show_signal: 63 callbacks suppressed
[   14.879488] traps: xsuspender[973] trap int3 ip:7f3370c5595b sp:7ffe5caa60f0 error:0 in libglib-2.0.so.0.7000.0[7f3370c16000+8d000]
[   15.211482] Bluetooth: RFCOMM TTY layer initialized
[   15.211490] Bluetooth: RFCOMM socket layer initialized
[   15.211494] Bluetooth: RFCOMM ver 1.11
[   66.388109] ucsi_acpi USBC000:00: PPM init failed (-110)
[  100.539929] atkbd serio0: Unknown key pressed (translated set 2, code 0xf6 on isa0060/serio0).
[  100.539941] atkbd serio0: Use 'setkeycodes e076 <keycode>' to make it known.
[  167.910854] atkbd serio0: Unknown key released (translated set 2, code 0xf6 on isa0060/serio0).
[  167.910865] atkbd serio0: Use 'setkeycodes e076 <keycode>' to make it known.
[  193.032914] atkbd serio0: Unknown key pressed (translated set 2, code 0xf6 on isa0060/serio0).
[  193.032925] atkbd serio0: Use 'setkeycodes e076 <keycode>' to make it known.
[  210.292135] atkbd serio0: Unknown key released (translated set 2, code 0xf6 on isa0060/serio0).
[  210.292150] atkbd serio0: Use 'setkeycodes e076 <keycode>' to make it known.
[  220.562035] atkbd serio0: Unknown key pressed (translated set 2, code 0xf6 on isa0060/serio0).
[  220.562050] atkbd serio0: Use 'setkeycodes e076 <keycode>' to make it known.
[  221.143301] atkbd serio0: Unknown key released (translated set 2, code 0xf6 on isa0060/serio0).
[  221.143313] atkbd serio0: Use 'setkeycodes e076 <keycode>' to make it known.
[  232.385127] atkbd serio0: Unknown key pressed (translated set 2, code 0xf6 on isa0060/serio0).
[  232.385138] atkbd serio0: Use 'setkeycodes e076 <keycode>' to make it known.
[  275.842776] atkbd serio0: Unknown key released (translated set 2, code 0xf6 on isa0060/serio0).
[  275.842787] atkbd serio0: Use 'setkeycodes e076 <keycode>' to make it known.
[  287.046309] rtw_8822ce 0000:01:00.0: stop vif a2:93:9c:28:30:c9 on port 0
[  287.274469] rtw_8822ce 0000:01:00.0: start vif 74:4c:a1:55:0d:6f on port 0
[  291.399834] wlp1s0: authenticate with 84:d8:1b:8a:31:72
[  291.886405] wlp1s0: send auth to 84:d8:1b:8a:31:72 (try 1/3)
[  291.889753] wlp1s0: authenticated
[  291.891423] wlp1s0: associate with 84:d8:1b:8a:31:72 (try 1/3)
[  291.896259] wlp1s0: RX AssocResp from 84:d8:1b:8a:31:72 (capab=0x11 status=0 aid=1)
[  291.896280] rtw_8822ce 0000:01:00.0: sta 84:d8:1b:8a:31:72 joined with macid 0
[  291.896557] wlp1s0: associated
[  291.968287] IPv6: ADDRCONF(NETDEV_CHANGE): wlp1s0: link becomes ready
[  362.405309] atkbd serio0: Unknown key pressed (translated set 2, code 0xf6 on isa0060/serio0).
[  362.405317] atkbd serio0: Use 'setkeycodes e076 <keycode>' to make it known.
[  378.084192] atkbd serio0: Unknown key released (translated set 2, code 0xf6 on isa0060/serio0).
[  378.084204] atkbd serio0: Use 'setkeycodes e076 <keycode>' to make it known.
