[    0.000000] Linux version 5.14.9-AMD (max@mksredmibook) (gcc (GCC) 11.1.0, GNU ld (GNU Binutils) 2.36.1) #2 SMP PREEMPT Thu Sep 30 22:26:22 EEST 2021
[    0.000000] Command line: BOOT_IMAGE=/@/boot/vmlinuz-linux-amd root=UUID=60699b1d-4878-4c7a-9ce1-e6cca69ee26a rw rootflags=subvol=@ quiet cryptdevice=UUID=f5c58973-d2db-4063-9fb3-06e53844933b:luks-f5c58973-d2db-4063-9fb3-06e53844933b root=/dev/mapper/luks-f5c58973-d2db-4063-9fb3-06e53844933b apparmor=1 security=apparmor resume=UUID=151d3cac-f952-4e01-9ecf-9b1a98b0597a udev.log_priority=3 lsm=landlock,lockdown,yama,apparmor,bpf amdgpu.audio=0 amdgpu.noretry=0 pci=nocrs mem_encrypt=on
[    0.000000] KERNEL supported cpus:
[    0.000000]   AMD AuthenticAMD
[    0.000000] x86/fpu: Supporting XSAVE feature 0x001: 'x87 floating point registers'
[    0.000000] x86/fpu: Supporting XSAVE feature 0x002: 'SSE registers'
[    0.000000] x86/fpu: Supporting XSAVE feature 0x004: 'AVX registers'
[    0.000000] x86/fpu: xstate_offset[2]:  576, xstate_sizes[2]:  256
[    0.000000] x86/fpu: Enabled xstate features 0x7, context size is 832 bytes, using 'compacted' format.
[    0.000000] signal: max sigframe size: 1776
[    0.000000] BIOS-provided physical RAM map:
[    0.000000] BIOS-e820: [mem 0x0000000000000000-0x000000000009efff] usable
[    0.000000] BIOS-e820: [mem 0x000000000009f000-0x00000000000bffff] reserved
[    0.000000] BIOS-e820: [mem 0x0000000000100000-0x0000000009afffff] usable
[    0.000000] BIOS-e820: [mem 0x0000000009b00000-0x0000000009dfffff] reserved
[    0.000000] BIOS-e820: [mem 0x0000000009e00000-0x0000000009efffff] usable
[    0.000000] BIOS-e820: [mem 0x0000000009f00000-0x0000000009f0ffff] ACPI NVS
[    0.000000] BIOS-e820: [mem 0x0000000009f10000-0x00000000bab68fff] usable
[    0.000000] BIOS-e820: [mem 0x00000000bab69000-0x00000000bbd68fff] reserved
[    0.000000] BIOS-e820: [mem 0x00000000bbd69000-0x00000000c9f7efff] usable
[    0.000000] BIOS-e820: [mem 0x00000000c9f7f000-0x00000000caf7efff] type 20
[    0.000000] BIOS-e820: [mem 0x00000000caf7f000-0x00000000ccf7efff] reserved
[    0.000000] BIOS-e820: [mem 0x00000000ccf7f000-0x00000000cdf7efff] ACPI NVS
[    0.000000] BIOS-e820: [mem 0x00000000cdf7f000-0x00000000cdffefff] ACPI data
[    0.000000] BIOS-e820: [mem 0x00000000cdfff000-0x00000000cdffffff] usable
[    0.000000] BIOS-e820: [mem 0x00000000ce000000-0x00000000ceffffff] reserved
[    0.000000] BIOS-e820: [mem 0x00000000f8000000-0x00000000fbffffff] reserved
[    0.000000] BIOS-e820: [mem 0x00000000fde00000-0x00000000fdefffff] reserved
[    0.000000] BIOS-e820: [mem 0x00000000fec00000-0x00000000fec00fff] reserved
[    0.000000] BIOS-e820: [mem 0x00000000fec10000-0x00000000fec10fff] reserved
[    0.000000] BIOS-e820: [mem 0x00000000fec20000-0x00000000fec20fff] reserved
[    0.000000] BIOS-e820: [mem 0x00000000fed80000-0x00000000fed80fff] reserved
[    0.000000] BIOS-e820: [mem 0x00000000fee00000-0x00000000fee00fff] reserved
[    0.000000] BIOS-e820: [mem 0x00000000ff000000-0x00000000fff2ffff] reserved
[    0.000000] BIOS-e820: [mem 0x0000000100000000-0x000000040f33ffff] usable
[    0.000000] BIOS-e820: [mem 0x000000040f340000-0x000000042fffffff] reserved
[    0.000000] NX (Execute Disable) protection: active
[    0.000000] efi: EFI v2.70 by INSYDE Corp.
[    0.000000] efi: ACPI=0xcdffe000 ACPI 2.0=0xcdffe014 TPMFinalLog=0xcdf2c000 SMBIOS=0xcb70c000 SMBIOS 3.0=0xcb70a000 ESRT=0xcb70d418 
[    0.000000] SMBIOS 3.2.0 present.
[    0.000000] DMI: TIMI RedmiBook 14 II/TM1951, BIOS RMARN4B0P0909 08/19/2020
[    0.000000] tsc: Fast TSC calibration using PIT
[    0.000000] tsc: Detected 2370.523 MHz processor
[    0.000545] e820: update [mem 0x00000000-0x00000fff] usable ==> reserved
[    0.000547] e820: remove [mem 0x000a0000-0x000fffff] usable
[    0.000552] last_pfn = 0x40f340 max_arch_pfn = 0x400000000
[    0.000735] x86/PAT: Configuration [0-7]: WB  WC  UC- UC  WB  WP  UC- WT  
[    0.000963] last_pfn = 0xce000 max_arch_pfn = 0x400000000
[    0.010430] esrt: Reserving ESRT space from 0x00000000cb70d418 to 0x00000000cb70d450.
[    0.010439] Using GB pages for direct mapping
[    0.010738] Secure boot disabled
[    0.010738] RAMDISK: [mem 0x35b61000-0x36da7fff]
[    0.010743] ACPI: Early table checksum verification disabled
[    0.010746] ACPI: RSDP 0x00000000CDFFE014 000024 (v02 XMCC  )
[    0.010749] ACPI: XSDT 0x00000000CDFCE188 000134 (v01 XMCC   XMCC1951 00000002      01000013)
[    0.010754] ACPI: FACP 0x00000000CDFEC000 00010C (v05 XMCC   XMCC1951 00000002      01000013)
[    0.010758] ACPI: DSDT 0x00000000CDFDF000 006545 (v01 XMCC   XMCC1951 00000002      01000013)
[    0.010760] ACPI: FACS 0x00000000CDF29000 000040
[    0.010762] ACPI: UEFI 0x00000000CDF7E000 000236 (v01 INSYDE H2O BIOS 00000001 ACPI 00040000)
[    0.010764] ACPI: SSDT 0x00000000CDFF5000 007216 (v02 AMD    AmdTable 00000002 MSFT 04000000)
[    0.010766] ACPI: IVRS 0x00000000CDFF4000 0001A4 (v02 AMD    AmdTable 00000001 AMD  00000000)
[    0.010769] ACPI: SSDT 0x00000000CDFF3000 000228 (v01 AMD    STD3     00000001 INTL 20130117)
[    0.010771] ACPI: SSDT 0x00000000CDFF2000 000D61 (v01 XMCC   XMCC1806 00003000 INTL 20130117)
[    0.010773] ACPI: SSDT 0x00000000CDFF1000 00046D (v01 Insyde TPMACPI  00001000 INTL 20130117)
[    0.010775] ACPI: TPM2 0x00000000CDFF0000 000034 (v04 XMCC   XMCC1951 00000002      01000013)
[    0.010777] ACPI: MSDM 0x00000000CDFEF000 000055 (v03 INSYDE H2O BIOS 00000001 ACPI 00040000)
[    0.010780] ACPI: ASF! 0x00000000CDFEE000 0000A5 (v32 XMCC   XMCC1951 00000002      01000013)
[    0.010782] ACPI: BOOT 0x00000000CDFED000 000028 (v01 XMCC   XMCC1951 00000002      01000013)
[    0.010784] ACPI: HPET 0x00000000CDFEB000 000038 (v01 XMCC   XMCC1951 00000002      01000013)
[    0.010786] ACPI: APIC 0x00000000CDFEA000 000138 (v03 XMCC   XMCC1951 00000002      01000013)
[    0.010788] ACPI: MCFG 0x00000000CDFE9000 00003C (v01 XMCC   XMCC1951 00000002      01000013)
[    0.010790] ACPI: SLIC 0x00000000CDFE8000 000176 (v01 XMCC   XMCC1951 00000002      01000013)
[    0.010792] ACPI: SSDT 0x00000000CDFDE000 000080 (v01 XMCC   XMCC1951 00000002      01000013)
[    0.010794] ACPI: VFCT 0x00000000CDFD0000 00D484 (v01 XMCC   XMCC1951 00000001 AMD  31504F47)
[    0.010796] ACPI: SSDT 0x00000000CDFCF000 0000F8 (v01 XMCC   PcdTabl  00001000 INTL 20130117)
[    0.010799] ACPI: SSDT 0x00000000CDFCC000 001500 (v01 AMD    AmdTable 00000001 AMD  00000001)
[    0.010801] ACPI: CRAT 0x00000000CDFFD000 000BA8 (v01 AMD    AmdTable 00000001 AMD  00000001)
[    0.010803] ACPI: CDIT 0x00000000CDFCB000 000029 (v01 AMD    AmdTable 00000001 AMD  00000001)
[    0.010805] ACPI: SSDT 0x00000000CDFCA000 00028D (v01 AMD    AmdTable 00000001 INTL 20130117)
[    0.010807] ACPI: SSDT 0x00000000CDFC9000 000C78 (v01 AMD    AmdTable 00000001 INTL 20130117)
[    0.010809] ACPI: SSDT 0x00000000CDFC7000 0010A5 (v01 AMD    AmdTable 00000001 INTL 20130117)
[    0.010811] ACPI: SSDT 0x00000000CDFC3000 0030C8 (v01 AMD    AmdTable 00000001 INTL 20130117)
[    0.010813] ACPI: FPDT 0x00000000CDFC2000 000044 (v01 XMCC   XMCC1951 00000002      01000013)
[    0.010816] ACPI: WSMT 0x00000000CDFC0000 000028 (v01 INSYDE H2O BIOS 00000001 ACPI 00040000)
[    0.010818] ACPI: SSDT 0x00000000CDFE7000 00020A (v01 AMD    AmdTable 00000001 INTL 20130117)
[    0.010820] ACPI: SSDT 0x00000000CDFE6000 0005A1 (v01 AMD    AmdTable 00000001 INTL 20130117)
[    0.010822] ACPI: SSDT 0x00000000CDFBF000 000343 (v01 AMD    AmdTable 00000001 INTL 20130117)
[    0.010824] ACPI: SSDT 0x00000000CDFBE000 00007D (v01 AMD    AmdTable 00000001 INTL 20130117)
[    0.010826] ACPI: SSDT 0x00000000CDFBD000 000822 (v01 AMD    AmdTable 00000001 INTL 20130117)
[    0.010828] ACPI: SSDT 0x00000000CDFBC000 000517 (v01 AMD    AmdTable 00000001 INTL 20130117)
[    0.010830] ACPI: BGRT 0x00000000CDFC1000 000038 (v01 INSYDE H2O BIOS 00000001 ACPI 00040000)
[    0.010832] ACPI: Reserving FACP table memory at [mem 0xcdfec000-0xcdfec10b]
[    0.010833] ACPI: Reserving DSDT table memory at [mem 0xcdfdf000-0xcdfe5544]
[    0.010834] ACPI: Reserving FACS table memory at [mem 0xcdf29000-0xcdf2903f]
[    0.010835] ACPI: Reserving UEFI table memory at [mem 0xcdf7e000-0xcdf7e235]
[    0.010836] ACPI: Reserving SSDT table memory at [mem 0xcdff5000-0xcdffc215]
[    0.010836] ACPI: Reserving IVRS table memory at [mem 0xcdff4000-0xcdff41a3]
[    0.010837] ACPI: Reserving SSDT table memory at [mem 0xcdff3000-0xcdff3227]
[    0.010838] ACPI: Reserving SSDT table memory at [mem 0xcdff2000-0xcdff2d60]
[    0.010839] ACPI: Reserving SSDT table memory at [mem 0xcdff1000-0xcdff146c]
[    0.010839] ACPI: Reserving TPM2 table memory at [mem 0xcdff0000-0xcdff0033]
[    0.010840] ACPI: Reserving MSDM table memory at [mem 0xcdfef000-0xcdfef054]
[    0.010841] ACPI: Reserving ASF! table memory at [mem 0xcdfee000-0xcdfee0a4]
[    0.010842] ACPI: Reserving BOOT table memory at [mem 0xcdfed000-0xcdfed027]
[    0.010842] ACPI: Reserving HPET table memory at [mem 0xcdfeb000-0xcdfeb037]
[    0.010843] ACPI: Reserving APIC table memory at [mem 0xcdfea000-0xcdfea137]
[    0.010844] ACPI: Reserving MCFG table memory at [mem 0xcdfe9000-0xcdfe903b]
[    0.010844] ACPI: Reserving SLIC table memory at [mem 0xcdfe8000-0xcdfe8175]
[    0.010845] ACPI: Reserving SSDT table memory at [mem 0xcdfde000-0xcdfde07f]
[    0.010846] ACPI: Reserving VFCT table memory at [mem 0xcdfd0000-0xcdfdd483]
[    0.010847] ACPI: Reserving SSDT table memory at [mem 0xcdfcf000-0xcdfcf0f7]
[    0.010847] ACPI: Reserving SSDT table memory at [mem 0xcdfcc000-0xcdfcd4ff]
[    0.010848] ACPI: Reserving CRAT table memory at [mem 0xcdffd000-0xcdffdba7]
[    0.010849] ACPI: Reserving CDIT table memory at [mem 0xcdfcb000-0xcdfcb028]
[    0.010850] ACPI: Reserving SSDT table memory at [mem 0xcdfca000-0xcdfca28c]
[    0.010851] ACPI: Reserving SSDT table memory at [mem 0xcdfc9000-0xcdfc9c77]
[    0.010851] ACPI: Reserving SSDT table memory at [mem 0xcdfc7000-0xcdfc80a4]
[    0.010852] ACPI: Reserving SSDT table memory at [mem 0xcdfc3000-0xcdfc60c7]
[    0.010853] ACPI: Reserving FPDT table memory at [mem 0xcdfc2000-0xcdfc2043]
[    0.010854] ACPI: Reserving WSMT table memory at [mem 0xcdfc0000-0xcdfc0027]
[    0.010854] ACPI: Reserving SSDT table memory at [mem 0xcdfe7000-0xcdfe7209]
[    0.010855] ACPI: Reserving SSDT table memory at [mem 0xcdfe6000-0xcdfe65a0]
[    0.010856] ACPI: Reserving SSDT table memory at [mem 0xcdfbf000-0xcdfbf342]
[    0.010857] ACPI: Reserving SSDT table memory at [mem 0xcdfbe000-0xcdfbe07c]
[    0.010858] ACPI: Reserving SSDT table memory at [mem 0xcdfbd000-0xcdfbd821]
[    0.010858] ACPI: Reserving SSDT table memory at [mem 0xcdfbc000-0xcdfbc516]
[    0.010859] ACPI: Reserving BGRT table memory at [mem 0xcdfc1000-0xcdfc1037]
[    0.010880] No NUMA configuration found
[    0.010880] Faking a node at [mem 0x0000000000000000-0x000000040f33ffff]
[    0.010884] NODE_DATA(0) allocated [mem 0x40f33c000-0x40f33ffff]
[    0.010908] Zone ranges:
[    0.010908]   DMA      [mem 0x0000000000001000-0x0000000000ffffff]
[    0.010909]   DMA32    [mem 0x0000000001000000-0x00000000ffffffff]
[    0.010911]   Normal   [mem 0x0000000100000000-0x000000040f33ffff]
[    0.010912]   Device   empty
[    0.010913] Movable zone start for each node
[    0.010913] Early memory node ranges
[    0.010914]   node   0: [mem 0x0000000000001000-0x000000000009efff]
[    0.010915]   node   0: [mem 0x0000000000100000-0x0000000009afffff]
[    0.010916]   node   0: [mem 0x0000000009e00000-0x0000000009efffff]
[    0.010916]   node   0: [mem 0x0000000009f10000-0x00000000bab68fff]
[    0.010917]   node   0: [mem 0x00000000bbd69000-0x00000000c9f7efff]
[    0.010918]   node   0: [mem 0x00000000cdfff000-0x00000000cdffffff]
[    0.010919]   node   0: [mem 0x0000000100000000-0x000000040f33ffff]
[    0.010920] Initmem setup node 0 [mem 0x0000000000001000-0x000000040f33ffff]
[    0.010924] On node 0, zone DMA: 1 pages in unavailable ranges
[    0.010940] On node 0, zone DMA: 97 pages in unavailable ranges
[    0.011082] On node 0, zone DMA32: 768 pages in unavailable ranges
[    0.016299] On node 0, zone DMA32: 16 pages in unavailable ranges
[    0.016773] On node 0, zone DMA32: 4608 pages in unavailable ranges
[    0.016902] On node 0, zone DMA32: 16512 pages in unavailable ranges
[    0.040386] On node 0, zone Normal: 8192 pages in unavailable ranges
[    0.040420] On node 0, zone Normal: 3264 pages in unavailable ranges
[    0.040570] ACPI: PM-Timer IO Port: 0x408
[    0.040577] ACPI: LAPIC_NMI (acpi_id[0x00] high edge lint[0x1])
[    0.040578] ACPI: LAPIC_NMI (acpi_id[0x01] high edge lint[0x1])
[    0.040578] ACPI: LAPIC_NMI (acpi_id[0x02] high edge lint[0x1])
[    0.040579] ACPI: LAPIC_NMI (acpi_id[0x03] high edge lint[0x1])
[    0.040580] ACPI: LAPIC_NMI (acpi_id[0x04] high edge lint[0x1])
[    0.040580] ACPI: LAPIC_NMI (acpi_id[0x05] high edge lint[0x1])
[    0.040581] ACPI: LAPIC_NMI (acpi_id[0x06] high edge lint[0x1])
[    0.040582] ACPI: LAPIC_NMI (acpi_id[0x07] high edge lint[0x1])
[    0.040582] ACPI: LAPIC_NMI (acpi_id[0x08] high edge lint[0x1])
[    0.040583] ACPI: LAPIC_NMI (acpi_id[0x09] high edge lint[0x1])
[    0.040584] ACPI: LAPIC_NMI (acpi_id[0x0a] high edge lint[0x1])
[    0.040584] ACPI: LAPIC_NMI (acpi_id[0x0b] high edge lint[0x1])
[    0.040585] ACPI: LAPIC_NMI (acpi_id[0x0c] high edge lint[0x1])
[    0.040585] ACPI: LAPIC_NMI (acpi_id[0x0d] high edge lint[0x1])
[    0.040586] ACPI: LAPIC_NMI (acpi_id[0x0e] high edge lint[0x1])
[    0.040587] ACPI: LAPIC_NMI (acpi_id[0x0f] high edge lint[0x1])
[    0.040599] IOAPIC[0]: apic_id 33, version 33, address 0xfec00000, GSI 0-23
[    0.040604] IOAPIC[1]: apic_id 34, version 33, address 0xfec01000, GSI 24-55
[    0.040606] ACPI: INT_SRC_OVR (bus 0 bus_irq 0 global_irq 2 dfl dfl)
[    0.040607] ACPI: INT_SRC_OVR (bus 0 bus_irq 9 global_irq 9 low level)
[    0.040610] ACPI: Using ACPI (MADT) for SMP configuration information
[    0.040611] ACPI: HPET id: 0x10228210 base: 0xfed00000
[    0.040619] e820: update [mem 0xb3647000-0xb364cfff] usable ==> reserved
[    0.040629] smpboot: Allowing 16 CPUs, 10 hotplug CPUs
[    0.040654] PM: hibernation: Registered nosave memory: [mem 0x00000000-0x00000fff]
[    0.040656] PM: hibernation: Registered nosave memory: [mem 0x0009f000-0x000bffff]
[    0.040657] PM: hibernation: Registered nosave memory: [mem 0x000c0000-0x000fffff]
[    0.040658] PM: hibernation: Registered nosave memory: [mem 0x09b00000-0x09dfffff]
[    0.040660] PM: hibernation: Registered nosave memory: [mem 0x09f00000-0x09f0ffff]
[    0.040661] PM: hibernation: Registered nosave memory: [mem 0xb3647000-0xb364cfff]
[    0.040663] PM: hibernation: Registered nosave memory: [mem 0xbab69000-0xbbd68fff]
[    0.040664] PM: hibernation: Registered nosave memory: [mem 0xc9f7f000-0xcaf7efff]
[    0.040665] PM: hibernation: Registered nosave memory: [mem 0xcaf7f000-0xccf7efff]
[    0.040666] PM: hibernation: Registered nosave memory: [mem 0xccf7f000-0xcdf7efff]
[    0.040666] PM: hibernation: Registered nosave memory: [mem 0xcdf7f000-0xcdffefff]
[    0.040668] PM: hibernation: Registered nosave memory: [mem 0xce000000-0xceffffff]
[    0.040668] PM: hibernation: Registered nosave memory: [mem 0xcf000000-0xf7ffffff]
[    0.040669] PM: hibernation: Registered nosave memory: [mem 0xf8000000-0xfbffffff]
[    0.040669] PM: hibernation: Registered nosave memory: [mem 0xfc000000-0xfddfffff]
[    0.040670] PM: hibernation: Registered nosave memory: [mem 0xfde00000-0xfdefffff]
[    0.040670] PM: hibernation: Registered nosave memory: [mem 0xfdf00000-0xfebfffff]
[    0.040671] PM: hibernation: Registered nosave memory: [mem 0xfec00000-0xfec00fff]
[    0.040672] PM: hibernation: Registered nosave memory: [mem 0xfec01000-0xfec0ffff]
[    0.040672] PM: hibernation: Registered nosave memory: [mem 0xfec10000-0xfec10fff]
[    0.040673] PM: hibernation: Registered nosave memory: [mem 0xfec11000-0xfec1ffff]
[    0.040673] PM: hibernation: Registered nosave memory: [mem 0xfec20000-0xfec20fff]
[    0.040674] PM: hibernation: Registered nosave memory: [mem 0xfec21000-0xfed7ffff]
[    0.040674] PM: hibernation: Registered nosave memory: [mem 0xfed80000-0xfed80fff]
[    0.040675] PM: hibernation: Registered nosave memory: [mem 0xfed81000-0xfedfffff]
[    0.040675] PM: hibernation: Registered nosave memory: [mem 0xfee00000-0xfee00fff]
[    0.040676] PM: hibernation: Registered nosave memory: [mem 0xfee01000-0xfeffffff]
[    0.040677] PM: hibernation: Registered nosave memory: [mem 0xff000000-0xfff2ffff]
[    0.040677] PM: hibernation: Registered nosave memory: [mem 0xfff30000-0xffffffff]
[    0.040679] [mem 0xcf000000-0xf7ffffff] available for PCI devices
[    0.040680] Booting paravirtualized kernel on bare hardware
[    0.040682] clocksource: refined-jiffies: mask: 0xffffffff max_cycles: 0xffffffff, max_idle_ns: 6370452778343963 ns
[    0.043677] setup_percpu: NR_CPUS:128 nr_cpumask_bits:128 nr_cpu_ids:16 nr_node_ids:1
[    0.044238] percpu: Embedded 50 pages/cpu s167936 r8192 d28672 u262144
[    0.044247] pcpu-alloc: s167936 r8192 d28672 u262144 alloc=1*2097152
[    0.044249] pcpu-alloc: [0] 00 01 02 03 04 05 06 07 [0] 08 09 10 11 12 13 14 15 
[    0.044276] Built 1 zonelists, mobility grouping on.  Total pages: 3966649
[    0.044277] Policy zone: Normal
[    0.044279] Kernel command line: BOOT_IMAGE=/@/boot/vmlinuz-linux-amd root=UUID=60699b1d-4878-4c7a-9ce1-e6cca69ee26a rw rootflags=subvol=@ quiet cryptdevice=UUID=f5c58973-d2db-4063-9fb3-06e53844933b:luks-f5c58973-d2db-4063-9fb3-06e53844933b root=/dev/mapper/luks-f5c58973-d2db-4063-9fb3-06e53844933b apparmor=1 security=apparmor resume=UUID=151d3cac-f952-4e01-9ecf-9b1a98b0597a udev.log_priority=3 lsm=landlock,lockdown,yama,apparmor,bpf amdgpu.audio=0 amdgpu.noretry=0 pci=nocrs mem_encrypt=on
[    0.044364] Unknown command line parameters: BOOT_IMAGE=/@/boot/vmlinuz-linux-amd cryptdevice=UUID=f5c58973-d2db-4063-9fb3-06e53844933b:luks-f5c58973-d2db-4063-9fb3-06e53844933b mem_encrypt=on
[    0.046175] Dentry cache hash table entries: 2097152 (order: 12, 16777216 bytes, linear)
[    0.047089] Inode-cache hash table entries: 1048576 (order: 11, 8388608 bytes, linear)
[    0.047133] mem auto-init: stack:byref_all(zero), heap alloc:off, heap free:off
[    0.081176] Memory: 15563108K/16119096K available (12295K kernel code, 3082K rwdata, 3424K rodata, 1652K init, 3860K bss, 555728K reserved, 0K cma-reserved)
[    0.081184] random: get_random_u64 called from __kmem_cache_create+0x26/0x540 with crng_init=0
[    0.081315] SLUB: HWalign=64, Order=0-3, MinObjects=0, CPUs=16, Nodes=1
[    0.081329] ftrace: allocating 36353 entries in 143 pages
[    0.090413] ftrace: allocated 143 pages with 5 groups
[    0.090505] rcu: Preemptible hierarchical RCU implementation.
[    0.090506] rcu: 	RCU restricting CPUs from NR_CPUS=128 to nr_cpu_ids=16.
[    0.090507] 	Trampoline variant of Tasks RCU enabled.
[    0.090508] 	Rude variant of Tasks RCU enabled.
[    0.090508] 	Tracing variant of Tasks RCU enabled.
[    0.090509] rcu: RCU calculated value of scheduler-enlistment delay is 30 jiffies.
[    0.090510] rcu: Adjusting geometry for rcu_fanout_leaf=16, nr_cpu_ids=16
[    0.092990] NR_IRQS: 8448, nr_irqs: 1096, preallocated irqs: 16
[    0.093319] random: crng done (trusting CPU's manufacturer)
[    0.093347] Console: colour dummy device 80x25
[    0.093359] printk: console [tty0] enabled
[    0.093376] ACPI: Core revision 20210604
[    0.093556] clocksource: hpet: mask: 0xffffffff max_cycles: 0xffffffff, max_idle_ns: 133484873504 ns
[    0.093574] APIC: Switch to symmetric I/O mode setup
[    0.094269] AMD-Vi: ivrs, add hid:AMDI0020, uid:\_SB.FUR0, rdevid:160
[    0.094271] AMD-Vi: ivrs, add hid:AMDI0020, uid:\_SB.FUR1, rdevid:160
[    0.094271] AMD-Vi: ivrs, add hid:AMDI0020, uid:\_SB.FUR2, rdevid:160
[    0.094272] AMD-Vi: ivrs, add hid:AMDI0020, uid:\_SB.FUR3, rdevid:160
[    0.094542] Switched APIC routing to physical flat.
[    0.095274] ..TIMER: vector=0x30 apic1=0 pin1=2 apic2=-1 pin2=-1
[    0.110247] clocksource: tsc-early: mask: 0xffffffffffffffff max_cycles: 0x222b71c145c, max_idle_ns: 440795267692 ns
[    0.110257] Calibrating delay loop (skipped), value calculated using timer frequency.. 4742.58 BogoMIPS (lpj=7901743)
[    0.110259] pid_max: default: 32768 minimum: 301
[    0.113612] LSM: Security Framework initializing
[    0.113615] LSM: security= is ignored because it is superseded by lsm=
[    0.113623] landlock: Up and running.
[    0.113624] Yama: becoming mindful.
[    0.113639] AppArmor: AppArmor initialized
[    0.113641] LSM support for eBPF active
[    0.113665] Mount-cache hash table entries: 32768 (order: 6, 262144 bytes, linear)
[    0.113679] Mountpoint-cache hash table entries: 32768 (order: 6, 262144 bytes, linear)
[    0.113855] x86/cpu: User Mode Instruction Prevention (UMIP) activated
[    0.113890] LVT offset 1 assigned for vector 0xf9
[    0.113950] LVT offset 2 assigned for vector 0xf4
[    0.113967] Last level iTLB entries: 4KB 1024, 2MB 1024, 4MB 512
[    0.113968] Last level dTLB entries: 4KB 2048, 2MB 2048, 4MB 1024, 1GB 0
[    0.113972] Spectre V1 : Mitigation: usercopy/swapgs barriers and __user pointer sanitization
[    0.113974] Spectre V2 : Mitigation: Full AMD retpoline
[    0.113974] Spectre V2 : Spectre v2 / SpectreRSB mitigation: Filling RSB on context switch
[    0.113975] Spectre V2 : Enabling Restricted Speculation for firmware calls
[    0.113976] Spectre V2 : mitigation: Enabling conditional Indirect Branch Prediction Barrier
[    0.113978] Speculative Store Bypass: Mitigation: Speculative Store Bypass disabled via prctl and seccomp
[    0.117340] Freeing SMP alternatives memory: 32K
[    0.227330] smpboot: CPU0: AMD Ryzen 5 4500U with Radeon Graphics (family: 0x17, model: 0x60, stepping: 0x1)
[    0.227481] Performance Events: Fam17h+ core perfctr, AMD PMU driver.
[    0.227486] ... version:                0
[    0.227487] ... bit width:              48
[    0.227487] ... generic registers:      6
[    0.227488] ... value mask:             0000ffffffffffff
[    0.227489] ... max period:             00007fffffffffff
[    0.227489] ... fixed-purpose events:   0
[    0.227489] ... event mask:             000000000000003f
[    0.227536] rcu: Hierarchical SRCU implementation.
[    0.227825] NMI watchdog: Enabled. Permanently consumes one hw-PMU counter.
[    0.227942] smp: Bringing up secondary CPUs ...
[    0.228014] x86: Booting SMP configuration:
[    0.228015] .... node  #0, CPUs:        #1  #2  #3  #4  #5
[    0.239216] smp: Brought up 1 node, 6 CPUs
[    0.239216] smpboot: Max logical packages: 3
[    0.239216] smpboot: Total of 6 processors activated (28457.53 BogoMIPS)
[    0.240484] devtmpfs: initialized
[    0.240484] x86/mm: Memory block size: 128MB
[    0.240963] ACPI: PM: Registering ACPI NVS region [mem 0x09f00000-0x09f0ffff] (65536 bytes)
[    0.240963] ACPI: PM: Registering ACPI NVS region [mem 0xccf7f000-0xcdf7efff] (16777216 bytes)
[    0.240963] clocksource: jiffies: mask: 0xffffffff max_cycles: 0xffffffff, max_idle_ns: 6370867519511994 ns
[    0.240963] futex hash table entries: 4096 (order: 6, 262144 bytes, linear)
[    0.240963] pinctrl core: initialized pinctrl subsystem
[    0.240963] regulator-dummy: no parameters, enabled
[    0.240963] PM: RTC time: 07:01:44, date: 2021-10-04
[    0.240963] NET: Registered PF_NETLINK/PF_ROUTE protocol family
[    0.240963] DMA: preallocated 2048 KiB GFP_KERNEL pool for atomic allocations
[    0.240963] DMA: preallocated 2048 KiB GFP_KERNEL|GFP_DMA pool for atomic allocations
[    0.240963] DMA: preallocated 2048 KiB GFP_KERNEL|GFP_DMA32 pool for atomic allocations
[    0.240963] audit: initializing netlink subsys (disabled)
[    0.240963] audit: type=2000 audit(1633330903.146:1): state=initialized audit_enabled=0 res=1
[    0.240963] thermal_sys: Registered thermal governor 'fair_share'
[    0.240963] thermal_sys: Registered thermal governor 'bang_bang'
[    0.240963] thermal_sys: Registered thermal governor 'step_wise'
[    0.240963] thermal_sys: Registered thermal governor 'user_space'
[    0.240963] cpuidle: using governor ladder
[    0.240963] cpuidle: using governor menu
[    0.240963] Simple Boot Flag at 0x44 set to 0x1
[    0.240963] ACPI: bus type PCI registered
[    0.240963] acpiphp: ACPI Hot Plug PCI Controller Driver version: 0.5
[    0.240963] PCI: MMCONFIG for domain 0000 [bus 00-3f] at [mem 0xf8000000-0xfbffffff] (base 0xf8000000)
[    0.240963] PCI: MMCONFIG at [mem 0xf8000000-0xfbffffff] reserved in E820
[    0.240963] PCI: Using configuration type 1 for base access
[    0.241023] Kprobes globally optimized
[    0.241026] HugeTLB registered 1.00 GiB page size, pre-allocated 0 pages
[    0.241026] HugeTLB registered 2.00 MiB page size, pre-allocated 0 pages
[    0.243622] ACPI: Added _OSI(Module Device)
[    0.243622] ACPI: Added _OSI(Processor Device)
[    0.243622] ACPI: Added _OSI(3.0 _SCP Extensions)
[    0.243622] ACPI: Added _OSI(Processor Aggregator Device)
[    0.243622] ACPI: Added _OSI(Linux-Dell-Video)
[    0.243622] ACPI: Added _OSI(Linux-Lenovo-NV-HDMI-Audio)
[    0.243623] ACPI: Added _OSI(Linux-HPI-Hybrid-Graphics)
[    0.251408] ACPI: 18 ACPI AML tables successfully acquired and loaded
[    0.252076] ACPI: [Firmware Bug]: BIOS _OSI(Linux) query ignored
[    0.253053] ACPI: EC: EC started
[    0.253054] ACPI: EC: interrupt blocked
[    0.255103] ACPI: EC: EC_CMD/EC_SC=0x66, EC_DATA=0x62
[    0.255105] ACPI: \_SB_.PCI0.LPC0.EC0_: Boot DSDT EC used to handle transactions
[    0.255106] ACPI: Interpreter enabled
[    0.255115] ACPI: PM: (supports S0 S4 S5)
[    0.255116] ACPI: Using IOAPIC for interrupt routing
[    0.255212] PCI: Ignoring host bridge windows from ACPI; if necessary, use "pci=use_crs" and report a bug
[    0.256261] ACPI: PM: Power Resource [P0U0]
[    0.256272] ACPI: PM: Power Resource [P3U0]
[    0.256509] ACPI: PM: Power Resource [P0U1]
[    0.256521] ACPI: PM: Power Resource [P3U1]
[    0.256747] ACPI: PM: Power Resource [P0S0]
[    0.256758] ACPI: PM: Power Resource [P3S0]
[    0.256814] ACPI: PM: Power Resource [P0S1]
[    0.256824] ACPI: PM: Power Resource [P3S1]
[    0.259968] ACPI: PCI Root Bridge [PCI0] (domain 0000 [bus 00-ff])
[    0.259973] acpi PNP0A08:00: _OSC: OS supports [ExtendedConfig ASPM ClockPM Segments MSI HPX-Type3]
[    0.260043] acpi PNP0A08:00: _OSC: platform does not support [SHPCHotplug LTR]
[    0.260107] acpi PNP0A08:00: _OSC: OS now controls [PCIeHotplug PME AER PCIeCapability]
[    0.260114] acpi PNP0A08:00: [Firmware Info]: MMCONFIG for domain 0000 [bus 00-3f] only partially covers this bridge
[    0.260196] acpi PNP0A08:00: host bridge window [io  0x0000-0x0cf7 window] (ignored)
[    0.260197] acpi PNP0A08:00: host bridge window [io  0x0d00-0xffff window] (ignored)
[    0.260198] acpi PNP0A08:00: host bridge window [mem 0x000a0000-0x000bffff window] (ignored)
[    0.260199] acpi PNP0A08:00: host bridge window [mem 0x000c0000-0x000c3fff window] (ignored)
[    0.260200] acpi PNP0A08:00: host bridge window [mem 0x000c4000-0x000c7fff window] (ignored)
[    0.260201] acpi PNP0A08:00: host bridge window [mem 0x000c8000-0x000cbfff window] (ignored)
[    0.260202] acpi PNP0A08:00: host bridge window [mem 0x000cc000-0x000cffff window] (ignored)
[    0.260203] acpi PNP0A08:00: host bridge window [mem 0x000d0000-0x000d3fff window] (ignored)
[    0.260204] acpi PNP0A08:00: host bridge window [mem 0x000d4000-0x000d7fff window] (ignored)
[    0.260205] acpi PNP0A08:00: host bridge window [mem 0x000d8000-0x000dbfff window] (ignored)
[    0.260205] acpi PNP0A08:00: host bridge window [mem 0x000dc000-0x000dffff window] (ignored)
[    0.260206] acpi PNP0A08:00: host bridge window [mem 0x000e0000-0x000e3fff window] (ignored)
[    0.260207] acpi PNP0A08:00: host bridge window [mem 0x000e4000-0x000e7fff window] (ignored)
[    0.260208] acpi PNP0A08:00: host bridge window [mem 0x000e8000-0x000ebfff window] (ignored)
[    0.260209] acpi PNP0A08:00: host bridge window [mem 0x000ec000-0x000effff window] (ignored)
[    0.260210] acpi PNP0A08:00: host bridge window [mem 0xd0000000-0xf7ffffff window] (ignored)
[    0.260210] acpi PNP0A08:00: host bridge window [mem 0xfc000000-0xfed3ffff window] (ignored)
[    0.260211] acpi PNP0A08:00: host bridge window [io  0x0cf8-0x0cff] (ignored)
[    0.260212] acpi PNP0A08:00: host bridge window [mem 0x450200000-0xfcffffffff window] (ignored)
[    0.260213] PCI: root bus 00: using default resources
[    0.260285] PCI host bridge to bus 0000:00
[    0.260286] pci_bus 0000:00: root bus resource [io  0x0000-0xffff]
[    0.260287] pci_bus 0000:00: root bus resource [mem 0x00000000-0xffffffffffff]
[    0.260288] pci_bus 0000:00: root bus resource [bus 00-ff]
[    0.260298] pci 0000:00:00.0: [1022:1630] type 00 class 0x060000
[    0.260363] pci 0000:00:00.2: [1022:1631] type 00 class 0x080600
[    0.260432] pci 0000:00:01.0: [1022:1632] type 00 class 0x060000
[    0.260487] pci 0000:00:01.2: [1022:1634] type 01 class 0x060400
[    0.260552] pci 0000:00:01.2: PME# supported from D0 D3hot D3cold
[    0.260644] pci 0000:00:02.0: [1022:1632] type 00 class 0x060000
[    0.260704] pci 0000:00:08.0: [1022:1632] type 00 class 0x060000
[    0.260754] pci 0000:00:08.1: [1022:1635] type 01 class 0x060400
[    0.260774] pci 0000:00:08.1: enabling Extended Tags
[    0.260801] pci 0000:00:08.1: PME# supported from D0 D3hot D3cold
[    0.260867] pci 0000:00:08.2: [1022:1635] type 01 class 0x060400
[    0.260887] pci 0000:00:08.2: enabling Extended Tags
[    0.260913] pci 0000:00:08.2: PME# supported from D0 D3hot D3cold
[    0.260994] pci 0000:00:14.0: [1022:790b] type 00 class 0x0c0500
[    0.261102] pci 0000:00:14.3: [1022:790e] type 00 class 0x060100
[    0.261216] pci 0000:00:18.0: [1022:1448] type 00 class 0x060000
[    0.261246] pci 0000:00:18.1: [1022:1449] type 00 class 0x060000
[    0.261275] pci 0000:00:18.2: [1022:144a] type 00 class 0x060000
[    0.261304] pci 0000:00:18.3: [1022:144b] type 00 class 0x060000
[    0.261334] pci 0000:00:18.4: [1022:144c] type 00 class 0x060000
[    0.261363] pci 0000:00:18.5: [1022:144d] type 00 class 0x060000
[    0.261393] pci 0000:00:18.6: [1022:144e] type 00 class 0x060000
[    0.261422] pci 0000:00:18.7: [1022:144f] type 00 class 0x060000
[    0.261519] pci 0000:01:00.0: [10ec:c822] type 00 class 0x028000
[    0.261538] pci 0000:01:00.0: reg 0x10: [io  0x2000-0x20ff]
[    0.261562] pci 0000:01:00.0: reg 0x18: [mem 0xd0500000-0xd050ffff 64bit]
[    0.261678] pci 0000:01:00.0: supports D1 D2
[    0.261679] pci 0000:01:00.0: PME# supported from D0 D1 D2 D3hot D3cold
[    0.261829] pci 0000:00:01.2: PCI bridge to [bus 01]
[    0.261832] pci 0000:00:01.2:   bridge window [io  0x2000-0x2fff]
[    0.261834] pci 0000:00:01.2:   bridge window [mem 0xd0500000-0xd05fffff]
[    0.261887] pci 0000:02:00.0: [1002:1636] type 00 class 0x030000
[    0.261897] pci 0000:02:00.0: reg 0x10: [mem 0xfce0000000-0xfcefffffff 64bit pref]
[    0.261904] pci 0000:02:00.0: reg 0x18: [mem 0xfcf0000000-0xfcf01fffff 64bit pref]
[    0.261909] pci 0000:02:00.0: reg 0x20: [io  0x1000-0x10ff]
[    0.261913] pci 0000:02:00.0: reg 0x24: [mem 0xd0400000-0xd047ffff]
[    0.261921] pci 0000:02:00.0: enabling Extended Tags
[    0.261931] pci 0000:02:00.0: BAR 0: assigned to efifb
[    0.261966] pci 0000:02:00.0: PME# supported from D1 D2 D3hot D3cold
[    0.262039] pci 0000:02:00.1: [1002:1637] type 00 class 0x040300
[    0.262046] pci 0000:02:00.1: reg 0x10: [mem 0xd04c8000-0xd04cbfff]
[    0.262065] pci 0000:02:00.1: enabling Extended Tags
[    0.262090] pci 0000:02:00.1: PME# supported from D1 D2 D3hot D3cold
[    0.262138] pci 0000:02:00.2: [1022:15df] type 00 class 0x108000
[    0.262150] pci 0000:02:00.2: reg 0x18: [mem 0xd0300000-0xd03fffff]
[    0.262159] pci 0000:02:00.2: reg 0x24: [mem 0xd04cc000-0xd04cdfff]
[    0.262165] pci 0000:02:00.2: enabling Extended Tags
[    0.262237] pci 0000:02:00.3: [1022:1639] type 00 class 0x0c0330
[    0.262247] pci 0000:02:00.3: reg 0x10: [mem 0xd0100000-0xd01fffff 64bit]
[    0.262269] pci 0000:02:00.3: enabling Extended Tags
[    0.262296] pci 0000:02:00.3: PME# supported from D0 D3hot D3cold
[    0.262344] pci 0000:02:00.4: [1022:1639] type 00 class 0x0c0330
[    0.262354] pci 0000:02:00.4: reg 0x10: [mem 0xd0200000-0xd02fffff 64bit]
[    0.262376] pci 0000:02:00.4: enabling Extended Tags
[    0.262403] pci 0000:02:00.4: PME# supported from D0 D3hot D3cold
[    0.262452] pci 0000:02:00.5: [1022:15e2] type 00 class 0x048000
[    0.262459] pci 0000:02:00.5: reg 0x10: [mem 0xd0480000-0xd04bffff]
[    0.262478] pci 0000:02:00.5: enabling Extended Tags
[    0.262503] pci 0000:02:00.5: PME# supported from D0 D3hot D3cold
[    0.262555] pci 0000:02:00.6: [1022:15e3] type 00 class 0x040300
[    0.262562] pci 0000:02:00.6: reg 0x10: [mem 0xd04c0000-0xd04c7fff]
[    0.262581] pci 0000:02:00.6: enabling Extended Tags
[    0.262606] pci 0000:02:00.6: PME# supported from D0 D3hot D3cold
[    0.262674] pci 0000:00:08.1: PCI bridge to [bus 02]
[    0.262677] pci 0000:00:08.1:   bridge window [io  0x1000-0x1fff]
[    0.262679] pci 0000:00:08.1:   bridge window [mem 0xd0100000-0xd04fffff]
[    0.262681] pci 0000:00:08.1:   bridge window [mem 0xfce0000000-0xfcf01fffff 64bit pref]
[    0.262717] pci 0000:03:00.0: [1022:7901] type 00 class 0x010601
[    0.262743] pci 0000:03:00.0: reg 0x24: [mem 0xd0001000-0xd00017ff]
[    0.262751] pci 0000:03:00.0: enabling Extended Tags
[    0.262842] pci 0000:03:00.1: [1022:7901] type 00 class 0x010601
[    0.262868] pci 0000:03:00.1: reg 0x24: [mem 0xd0000000-0xd00007ff]
[    0.262875] pci 0000:03:00.1: enabling Extended Tags
[    0.262949] pci 0000:00:08.2: PCI bridge to [bus 03]
[    0.262953] pci 0000:00:08.2:   bridge window [mem 0xd0000000-0xd00fffff]
[    0.264077] ACPI: PCI: Interrupt link LNKA configured for IRQ 0
[    0.264078] ACPI: PCI: Interrupt link LNKA disabled
[    0.264117] ACPI: PCI: Interrupt link LNKB configured for IRQ 0
[    0.264118] ACPI: PCI: Interrupt link LNKB disabled
[    0.264146] ACPI: PCI: Interrupt link LNKC configured for IRQ 0
[    0.264147] ACPI: PCI: Interrupt link LNKC disabled
[    0.264184] ACPI: PCI: Interrupt link LNKD configured for IRQ 0
[    0.264185] ACPI: PCI: Interrupt link LNKD disabled
[    0.264219] ACPI: PCI: Interrupt link LNKE configured for IRQ 0
[    0.264219] ACPI: PCI: Interrupt link LNKE disabled
[    0.264245] ACPI: PCI: Interrupt link LNKF configured for IRQ 0
[    0.264246] ACPI: PCI: Interrupt link LNKF disabled
[    0.264272] ACPI: PCI: Interrupt link LNKG configured for IRQ 0
[    0.264273] ACPI: PCI: Interrupt link LNKG disabled
[    0.264299] ACPI: PCI: Interrupt link LNKH configured for IRQ 0
[    0.264299] ACPI: PCI: Interrupt link LNKH disabled
[    0.265248] ACPI: EC: interrupt unblocked
[    0.265249] ACPI: EC: event unblocked
[    0.265256] ACPI: EC: EC_CMD/EC_SC=0x66, EC_DATA=0x62
[    0.265257] ACPI: EC: GPE=0x3
[    0.265257] ACPI: \_SB_.PCI0.LPC0.EC0_: Boot DSDT EC initialization complete
[    0.265259] ACPI: \_SB_.PCI0.LPC0.EC0_: EC: Used to handle transactions and events
[    0.265255] iommu: Default domain type: Passthrough 
[    0.265295] pci 0000:02:00.0: vgaarb: VGA device added: decodes=io+mem,owns=none,locks=none
[    0.265295] pci 0000:02:00.0: vgaarb: bridge control possible
[    0.265295] pci 0000:02:00.0: vgaarb: setting as boot device
[    0.265295] vgaarb: loaded
[    0.274743] pps_core: LinuxPPS API ver. 1 registered
[    0.274745] pps_core: Software ver. 5.3.6 - Copyright 2005-2007 Rodolfo Giometti <giometti@linux.it>
[    0.274747] PTP clock support registered
[    0.274752] EDAC MC: Ver: 3.0.0
[    0.274802] Registered efivars operations
[    0.274802] NetLabel: Initializing
[    0.274802] NetLabel:  domain hash size = 128
[    0.274802] NetLabel:  protocols = UNLABELED CIPSOv4 CALIPSO
[    0.274802] NetLabel:  unlabeled traffic allowed by default
[    0.274802] PCI: Using ACPI for IRQ routing
[    0.275550] PCI: pci_cache_line_size set to 64 bytes
[    0.275586] e820: reserve RAM buffer [mem 0x0009f000-0x0009ffff]
[    0.275587] e820: reserve RAM buffer [mem 0x09b00000-0x0bffffff]
[    0.275588] e820: reserve RAM buffer [mem 0x09f00000-0x0bffffff]
[    0.275589] e820: reserve RAM buffer [mem 0xb3647000-0xb3ffffff]
[    0.275589] e820: reserve RAM buffer [mem 0xbab69000-0xbbffffff]
[    0.275590] e820: reserve RAM buffer [mem 0xc9f7f000-0xcbffffff]
[    0.275591] e820: reserve RAM buffer [mem 0xce000000-0xcfffffff]
[    0.275591] e820: reserve RAM buffer [mem 0x40f340000-0x40fffffff]
[    0.276968] hpet0: at MMIO 0xfed00000, IRQs 2, 8, 0
[    0.276972] hpet0: 3 comparators, 32-bit 14.318180 MHz counter
[    0.277246] clocksource: Switched to clocksource tsc-early
[    0.282485] VFS: Disk quotas dquot_6.6.0
[    0.282499] VFS: Dquot-cache hash table entries: 512 (order 0, 4096 bytes)
[    0.282583] AppArmor: AppArmor Filesystem Enabled
[    0.282627] pnp: PnP ACPI init
[    0.282775] system 00:00: [mem 0xfec00000-0xfec01fff] could not be reserved
[    0.282780] system 00:00: [mem 0xfee00000-0xfee00fff] has been reserved
[    0.282781] system 00:00: [mem 0xfde00000-0xfdefffff] has been reserved
[    0.282896] system 00:03: [io  0x0400-0x04cf] has been reserved
[    0.282898] system 00:03: [io  0x04d0-0x04d1] has been reserved
[    0.282899] system 00:03: [io  0x04d6] has been reserved
[    0.282900] system 00:03: [io  0x0c00-0x0c01] has been reserved
[    0.282901] system 00:03: [io  0x0c14] has been reserved
[    0.282901] system 00:03: [io  0x0c50-0x0c52] has been reserved
[    0.282902] system 00:03: [io  0x0c6c] has been reserved
[    0.282903] system 00:03: [io  0x0c6f] has been reserved
[    0.282904] system 00:03: [io  0x0cd0-0x0cdb] has been reserved
[    0.282935] system 00:04: [mem 0x000e0000-0x000fffff] could not be reserved
[    0.282937] system 00:04: [mem 0xff000000-0xffffffff] could not be reserved
[    0.283611] pnp: PnP ACPI: found 5 devices
[    0.291615] clocksource: acpi_pm: mask: 0xffffff max_cycles: 0xffffff, max_idle_ns: 2085701024 ns
[    0.291712] NET: Registered PF_INET protocol family
[    0.291975] IP idents hash table entries: 262144 (order: 9, 2097152 bytes, linear)
[    0.293315] tcp_listen_portaddr_hash hash table entries: 8192 (order: 5, 131072 bytes, linear)
[    0.293331] TCP established hash table entries: 131072 (order: 8, 1048576 bytes, linear)
[    0.293529] TCP bind hash table entries: 65536 (order: 8, 1048576 bytes, linear)
[    0.293649] TCP: Hash tables configured (established 131072 bind 65536)
[    0.293688] UDP hash table entries: 8192 (order: 6, 262144 bytes, linear)
[    0.293722] UDP-Lite hash table entries: 8192 (order: 6, 262144 bytes, linear)
[    0.293809] NET: Registered PF_UNIX/PF_LOCAL protocol family
[    0.293814] NET: Registered PF_XDP protocol family
[    0.293833] pci 0000:00:01.2: PCI bridge to [bus 01]
[    0.293837] pci 0000:00:01.2:   bridge window [io  0x2000-0x2fff]
[    0.293841] pci 0000:00:01.2:   bridge window [mem 0xd0500000-0xd05fffff]
[    0.293847] pci 0000:00:08.1: PCI bridge to [bus 02]
[    0.293848] pci 0000:00:08.1:   bridge window [io  0x1000-0x1fff]
[    0.293850] pci 0000:00:08.1:   bridge window [mem 0xd0100000-0xd04fffff]
[    0.293852] pci 0000:00:08.1:   bridge window [mem 0xfce0000000-0xfcf01fffff 64bit pref]
[    0.293855] pci 0000:00:08.2: PCI bridge to [bus 03]
[    0.293857] pci 0000:00:08.2:   bridge window [mem 0xd0000000-0xd00fffff]
[    0.293863] pci_bus 0000:00: resource 4 [io  0x0000-0xffff]
[    0.293864] pci_bus 0000:00: resource 5 [mem 0x00000000-0xffffffffffff]
[    0.293865] pci_bus 0000:01: resource 0 [io  0x2000-0x2fff]
[    0.293866] pci_bus 0000:01: resource 1 [mem 0xd0500000-0xd05fffff]
[    0.293867] pci_bus 0000:02: resource 0 [io  0x1000-0x1fff]
[    0.293868] pci_bus 0000:02: resource 1 [mem 0xd0100000-0xd04fffff]
[    0.293869] pci_bus 0000:02: resource 2 [mem 0xfce0000000-0xfcf01fffff 64bit pref]
[    0.293870] pci_bus 0000:03: resource 1 [mem 0xd0000000-0xd00fffff]
[    0.293966] pci 0000:02:00.1: D0 power state depends on 0000:02:00.0
[    0.293995] pci 0000:02:00.3: extending delay after power-on from D3hot to 20 msec
[    0.297558] pci 0000:02:00.4: extending delay after power-on from D3hot to 20 msec
[    0.308719] pci 0000:02:00.4: quirk_usb_early_handoff+0x0/0x740 took 10898 usecs
[    0.308731] PCI: CLS 64 bytes, default 64
[    0.308743] pci 0000:00:00.2: AMD-Vi: IOMMU performance counters supported
[    0.308775] pci 0000:00:00.2: can't derive routing for PCI INT A
[    0.308776] pci 0000:00:00.2: PCI INT A: not connected
[    0.308778] AMD-Vi: Lazy IO/TLB flushing enabled
[    0.308790] Trying to unpack rootfs image as initramfs...
[    0.308791] pci 0000:00:01.0: Adding to iommu group 0
[    0.308799] pci 0000:00:01.2: Adding to iommu group 1
[    0.308808] pci 0000:00:02.0: Adding to iommu group 2
[    0.308819] pci 0000:00:08.0: Adding to iommu group 3
[    0.308824] pci 0000:00:08.1: Adding to iommu group 3
[    0.308829] pci 0000:00:08.2: Adding to iommu group 3
[    0.308842] pci 0000:00:14.0: Adding to iommu group 4
[    0.308847] pci 0000:00:14.3: Adding to iommu group 4
[    0.308867] pci 0000:00:18.0: Adding to iommu group 5
[    0.308873] pci 0000:00:18.1: Adding to iommu group 5
[    0.308879] pci 0000:00:18.2: Adding to iommu group 5
[    0.308884] pci 0000:00:18.3: Adding to iommu group 5
[    0.308890] pci 0000:00:18.4: Adding to iommu group 5
[    0.308895] pci 0000:00:18.5: Adding to iommu group 5
[    0.308900] pci 0000:00:18.6: Adding to iommu group 5
[    0.308906] pci 0000:00:18.7: Adding to iommu group 5
[    0.308915] pci 0000:01:00.0: Adding to iommu group 6
[    0.308926] pci 0000:02:00.0: Adding to iommu group 3
[    0.308930] pci 0000:02:00.1: Adding to iommu group 3
[    0.308934] pci 0000:02:00.2: Adding to iommu group 3
[    0.308937] pci 0000:02:00.3: Adding to iommu group 3
[    0.308941] pci 0000:02:00.4: Adding to iommu group 3
[    0.308943] pci 0000:02:00.5: Adding to iommu group 3
[    0.308946] pci 0000:02:00.6: Adding to iommu group 3
[    0.308949] pci 0000:03:00.0: Adding to iommu group 3
[    0.308953] pci 0000:03:00.1: Adding to iommu group 3
[    0.309345] pci 0000:00:00.2: AMD-Vi: Found IOMMU cap 0x40
[    0.309346] AMD-Vi: Extended features (0x206d73ef22254ade): PPR X2APIC NX GT IA GA PC GA_vAPIC
[    0.309350] AMD-Vi: Interrupt remapping enabled
[    0.309351] AMD-Vi: Virtual APIC enabled
[    0.309351] AMD-Vi: X2APIC enabled
[    0.309437] PCI-DMA: Using software bounce buffering for IO (SWIOTLB)
[    0.309438] software IO TLB: mapped [mem 0x00000000c4434000-0x00000000c8434000] (64MB)
[    0.317196] RAPL PMU: API unit is 2^-32 Joules, 1 fixed counters, 163840 ms ovfl timer
[    0.317202] RAPL PMU: hw unit of domain package 2^-16 Joules
[    0.317210] amd_uncore: 4  amd_df counters detected
[    0.317216] amd_uncore: 6  amd_l3 counters detected
[    0.317575] LVT offset 0 assigned for vector 0x400
[    0.317762] perf: AMD IBS detected (0x000003ff)
[    0.317772] perf/amd_iommu: Detected AMD IOMMU #0 (2 banks, 4 counters/bank).
[    0.319433] Initialise system trusted keyrings
[    0.319446] Key type blacklist registered
[    0.319523] workingset: timestamp_bits=41 max_order=22 bucket_order=0
[    0.320235] zbud: loaded
[    0.323136] Key type asymmetric registered
[    0.323140] Asymmetric key parser 'x509' registered
[    0.323150] Block layer SCSI generic (bsg) driver version 0.4 loaded (major 245)
[    0.323237] io scheduler mq-deadline registered
[    0.323239] io scheduler kyber registered
[    0.323272] io scheduler bfq registered
[    0.323273] 
               Start testing find_bit() with random-filled bitmap
[    0.323279] fbcon: Taking over console
[    0.325145] find_next_bit:                  639756 ns, 163971 iterations
[    0.325786] find_next_zero_bit:             638103 ns, 163710 iterations
[    0.326407] find_last_bit:                  620129 ns, 163971 iterations
[    0.329690] find_first_bit:                3281155 ns,  16343 iterations
[    0.330019] find_next_and_bit:              327668 ns,  73821 iterations
[    0.330021] 
               Start testing find_bit() with sparse bitmap
[    0.330042] find_next_bit:                   11572 ns,    655 iterations
[    0.331286] find_next_zero_bit:            1242101 ns, 327026 iterations
[    0.331297] find_last_bit:                    9588 ns,    655 iterations
[    0.332614] find_first_bit:                1316091 ns,    655 iterations
[    0.332621] find_next_and_bit:                5190 ns,      1 iterations
[    0.332996] pcieport 0000:00:01.2: PME: Signaling with IRQ 26
[    0.333100] pcieport 0000:00:08.1: PME: Signaling with IRQ 27
[    0.333262] pcieport 0000:00:08.2: PME: Signaling with IRQ 28
[    0.333340] shpchp: Standard Hot Plug PCI Controller Driver version: 0.4
[    0.333369] efifb: probing for efifb
[    0.333398] efifb: showing boot graphics
[    0.334548] efifb: framebuffer at 0xfce0000000, using 8128k, total 8128k
[    0.334549] efifb: mode is 1920x1080x32, linelength=7680, pages=1
[    0.334550] efifb: scrolling: redraw
[    0.334551] efifb: Truecolor: size=8:8:8:8, shift=24:16:8:0
[    0.334659] Console: switching to colour frame buffer device 240x67
[    0.337466] fb0: EFI VGA frame buffer device
[    0.337520] Monitor-Mwait will be used to enter C-1 state
[    0.337525] ACPI: \_SB_.PLTF.C000: Found 3 idle states
[    0.337532] ACPI: FW issue: working around C-state latencies out of order
[    0.337611] ACPI: \_SB_.PLTF.C001: Found 3 idle states
[    0.337615] ACPI: FW issue: working around C-state latencies out of order
[    0.337667] ACPI: \_SB_.PLTF.C002: Found 3 idle states
[    0.337671] ACPI: FW issue: working around C-state latencies out of order
[    0.337746] ACPI: \_SB_.PLTF.C003: Found 3 idle states
[    0.337750] ACPI: FW issue: working around C-state latencies out of order
[    0.337826] ACPI: \_SB_.PLTF.C004: Found 3 idle states
[    0.337830] ACPI: FW issue: working around C-state latencies out of order
[    0.337903] ACPI: \_SB_.PLTF.C005: Found 3 idle states
[    0.337907] ACPI: FW issue: working around C-state latencies out of order
[    0.338079] Serial: 8250/16550 driver, 4 ports, IRQ sharing enabled
[    0.351034] Freeing initrd memory: 18716K
[    0.655270] wireguard: WireGuard 1.0.0 loaded. See www.wireguard.com for information.
[    0.655272] wireguard: Copyright (C) 2015-2019 Jason A. Donenfeld <Jason@zx2c4.com>. All Rights Reserved.
[    0.655297] rtc_cmos 00:01: RTC can wake from S4
[    0.655506] rtc_cmos 00:01: registered as rtc0
[    0.655554] rtc_cmos 00:01: setting system clock to 2021-10-04T07:01:44 UTC (1633330904)
[    0.655568] rtc_cmos 00:01: alarms up to one month, 114 bytes nvram, hpet irqs
[    0.655743] ledtrig-cpu: registered to indicate activity on CPUs
[    0.658125] pstore: Registered efi as persistent store backend
[    0.658166] drop_monitor: Initializing network drop monitor service
[    0.658359] NET: Registered PF_INET6 protocol family
[    0.663329] Segment Routing with IPv6
[    0.663354] NET: Registered PF_PACKET protocol family
[    0.664317] microcode: CPU0: patch_level=0x08600106
[    0.664338] microcode: CPU1: patch_level=0x08600106
[    0.664362] microcode: CPU2: patch_level=0x08600106
[    0.664388] microcode: CPU3: patch_level=0x08600106
[    0.664415] microcode: CPU4: patch_level=0x08600106
[    0.664423] microcode: CPU5: patch_level=0x08600106
[    0.664428] microcode: Microcode Update Driver: v2.2.
[    0.664434] IPI shorthand broadcast: enabled
[    0.664450] sched_clock: Marking stable (663794029, 400226)->(1767788415, -1103594160)
[    0.664746] registered taskstats version 1
[    0.664941] Loading compiled-in X.509 certificates
[    0.667477] Loaded X.509 cert 'Build time autogenerated kernel key: 732def1c099cea02eb5721b922a9ee14530dbcc2'
[    0.667573] zswap: loaded using pool lz4/zbud
[    0.667931] Key type ._fscrypt registered
[    0.667935] Key type .fscrypt registered
[    0.667937] Key type fscrypt-provisioning registered
[    0.668051] pstore: Using crash dump compression: zstd
[    0.668075] Key type big_key registered
[    0.669873] Key type encrypted registered
[    0.669883] AppArmor: AppArmor sha1 policy hashing enabled
[    0.669894] ima: Allocated hash algorithm: sha1
[    0.697554] ima: No architecture policies found
[    0.697591] evm: Initialising EVM extended attributes:
[    0.697592] evm: security.selinux (disabled)
[    0.697595] evm: security.SMACK64 (disabled)
[    0.697596] evm: security.SMACK64EXEC (disabled)
[    0.697598] evm: security.SMACK64TRANSMUTE (disabled)
[    0.697599] evm: security.SMACK64MMAP (disabled)
[    0.697600] evm: security.apparmor
[    0.697602] evm: security.ima (disabled)
[    0.697603] evm: security.capability
[    0.697604] evm: HMAC attrs: 0x1
[    0.698091] PM:   Magic number: 9:27:15
[    0.698174] memory memory59: hash matches
[    0.698512] RAS: Correctable Errors collector initialized.
[    0.700883] Freeing unused decrypted memory: 2036K
[    0.701133] Freeing unused kernel image (initmem) memory: 1652K
[    0.726259] Write protecting the kernel read-only data: 18432k
[    0.726949] Freeing unused kernel image (text/rodata gap) memory: 2040K
[    0.727119] Freeing unused kernel image (rodata/data gap) memory: 672K
[    0.727125] Run /init as init process
[    0.727126]   with arguments:
[    0.727127]     /init
[    0.727128]   with environment:
[    0.727128]     HOME=/
[    0.727129]     TERM=linux
[    0.727129]     BOOT_IMAGE=/@/boot/vmlinuz-linux-amd
[    0.727130]     cryptdevice=UUID=f5c58973-d2db-4063-9fb3-06e53844933b:luks-f5c58973-d2db-4063-9fb3-06e53844933b
[    0.727131]     mem_encrypt=on
[    0.781577] i8042: PNP: PS/2 Controller [PNP0303:KBC0] at 0x60,0x64 irq 1
[    0.781581] i8042: PNP: PS/2 appears to have AUX port disabled, if this is incorrect please boot with i8042.nopnp
[    0.783201] serio: i8042 KBD port at 0x60,0x64 irq 1
[    0.785853] SCSI subsystem initialized
[    0.789094] ACPI: bus type USB registered
[    0.789114] usbcore: registered new interface driver usbfs
[    0.789118] usbcore: registered new interface driver hub
[    0.789130] usbcore: registered new device driver usb
[    0.790005] libata version 3.00 loaded.
[    0.790068] cryptd: max_cpu_qlen set to 1000
[    0.792972] ccp 0000:02:00.2: enabling device (0000 -> 0002)
[    0.793115] ccp 0000:02:00.2: ccp: unable to access the device: you might be running a broken BIOS.
[    0.795242] AVX2 version of gcm_enc/dec engaged.
[    0.795267] AES CTR mode by8 optimization enabled
[    0.796399] xhci_hcd 0000:02:00.3: xHCI Host Controller
[    0.796405] xhci_hcd 0000:02:00.3: new USB bus registered, assigned bus number 1
[    0.796490] xhci_hcd 0000:02:00.3: hcc params 0x0268ffe5 hci version 0x110 quirks 0x0000020000000410
[    0.796809] xhci_hcd 0000:02:00.3: xHCI Host Controller
[    0.796812] xhci_hcd 0000:02:00.3: new USB bus registered, assigned bus number 2
[    0.796815] xhci_hcd 0000:02:00.3: Host supports USB 3.1 Enhanced SuperSpeed
[    0.797953] ahci 0000:03:00.0: version 3.0
[    0.798135] ahci 0000:03:00.0: AHCI 0001.0301 32 slots 1 ports 6 Gbps 0x1 impl SATA mode
[    0.798138] ahci 0000:03:00.0: flags: 64bit ncq sntf ilck pm led clo only pmp fbs pio slum part 
[    0.798281] hub 1-0:1.0: USB hub found
[    0.798294] hub 1-0:1.0: 4 ports detected
[    0.798319] scsi host0: ahci
[    0.798399] ata1: SATA max UDMA/133 abar m2048@0xd0001000 port 0xd0001100 irq 41
[    0.798519] ahci 0000:03:00.1: AHCI 0001.0301 32 slots 1 ports 6 Gbps 0x1 impl SATA mode
[    0.798522] ahci 0000:03:00.1: flags: 64bit ncq sntf ilck pm led clo only pmp fbs pio slum part deso sadm sds 
[    0.798620] usb usb2: We don't know the algorithms for LPM for this host, disabling LPM.
[    0.798663] scsi host1: ahci
[    0.798693] ata2: SATA max UDMA/133 abar m2048@0xd0000000 port 0xd0000100 irq 43
[    0.800689] hub 2-0:1.0: USB hub found
[    0.800765] hub 2-0:1.0: 2 ports detected
[    0.802287] xhci_hcd 0000:02:00.4: xHCI Host Controller
[    0.802293] xhci_hcd 0000:02:00.4: new USB bus registered, assigned bus number 3
[    0.802384] xhci_hcd 0000:02:00.4: hcc params 0x0268ffe5 hci version 0x110 quirks 0x0000020000000410
[    0.802725] xhci_hcd 0000:02:00.4: xHCI Host Controller
[    0.802728] xhci_hcd 0000:02:00.4: new USB bus registered, assigned bus number 4
[    0.802730] xhci_hcd 0000:02:00.4: Host supports USB 3.1 Enhanced SuperSpeed
[    0.802957] hub 3-0:1.0: USB hub found
[    0.802965] hub 3-0:1.0: 4 ports detected
[    0.803146] usb usb4: We don't know the algorithms for LPM for this host, disabling LPM.
[    0.803223] hub 4-0:1.0: USB hub found
[    0.803227] hub 4-0:1.0: 2 ports detected
[    0.803304] ccp 0000:02:00.2: tee enabled
[    0.803307] ccp 0000:02:00.2: psp enabled
[    0.813302] input: AT Translated Set 2 keyboard as /devices/platform/i8042/serio0/input/input0
[    1.047554] usb 1-4: new full-speed USB device number 2 using xhci_hcd
[    1.116241] ata1: SATA link down (SStatus 0 SControl 300)
[    1.277823] ata2: SATA link up 6.0 Gbps (SStatus 133 SControl 300)
[    1.279550] ata2.00: ATA-11: SAMSUNG MZNLH512HALU-00000, RVT2200Q, max UDMA/133
[    1.279562] ata2.00: 1000215216 sectors, multi 16: LBA48 NCQ (depth 32), AA
[    1.282720] ata2.00: configured for UDMA/133
[    1.282982] scsi 1:0:0:0: Direct-Access     ATA      SAMSUNG MZNLH512 200Q PQ: 0 ANSI: 5
[    1.287142] sd 1:0:0:0: [sda] 1000215216 512-byte logical blocks: (512 GB/477 GiB)
[    1.287154] sd 1:0:0:0: [sda] Write Protect is off
[    1.287156] sd 1:0:0:0: [sda] Mode Sense: 00 3a 00 00
[    1.287169] sd 1:0:0:0: [sda] Write cache: enabled, read cache: enabled, doesn't support DPO or FUA
[    1.309815]  sda: sda1 sda2 sda3
[    1.330368] sd 1:0:0:0: [sda] Attached SCSI disk
[    1.379591] Key type trusted registered
[    1.382988] device-mapper: uevent: version 1.0.3
[    1.383082] device-mapper: ioctl: 4.45.0-ioctl (2021-03-22) initialised: dm-devel@redhat.com
[    1.440328] clocksource: tsc: mask: 0xffffffffffffffff max_cycles: 0x222b71c145c, max_idle_ns: 440795267692 ns
[    1.440396] clocksource: Switched to clocksource tsc
[    4.980273] raid6: avx2x4   gen() 36572 MB/s
[    5.036940] raid6: avx2x4   xor() 10008 MB/s
[    5.093617] raid6: avx2x2   gen() 38072 MB/s
[    5.150276] raid6: avx2x2   xor() 23540 MB/s
[    5.206941] raid6: avx2x1   gen() 31677 MB/s
[    5.263610] raid6: avx2x1   xor() 18689 MB/s
[    5.320273] raid6: sse2x4   gen() 17709 MB/s
[    5.376941] raid6: sse2x4   xor()  8709 MB/s
[    5.433863] raid6: sse2x2   gen() 19655 MB/s
[    5.490277] raid6: sse2x2   xor() 11967 MB/s
[    5.546927] raid6: sse2x1   gen() 14877 MB/s
[    5.603587] raid6: sse2x1   xor()  9473 MB/s
[    5.603588] raid6: using algorithm avx2x2 gen() 38072 MB/s
[    5.603589] raid6: .... xor() 23540 MB/s, rmw enabled
[    5.603590] raid6: using avx2x2 recovery algorithm
[    5.604878] xor: automatically using best checksumming function   avx       
[    5.642110] Btrfs loaded, crc32c=crc32c-intel, zoned=yes
[    5.642885] BTRFS: device fsid 60699b1d-4878-4c7a-9ce1-e6cca69ee26a devid 1 transid 14053 /dev/dm-0 scanned by systemd-udevd (171)
[    5.650697] PM: Image not found (code -22)
[    5.659719] BTRFS info (device dm-0): flagging fs with big metadata feature
[    5.659723] BTRFS info (device dm-0): disk space caching is enabled
[    5.659725] BTRFS info (device dm-0): has skinny extents
[    5.673725] BTRFS info (device dm-0): enabling ssd optimizations
[    5.777136] systemd[1]: systemd 249.4-1-manjaro running in system mode (+PAM +AUDIT -SELINUX -APPARMOR -IMA +SMACK +SECCOMP +GCRYPT +GNUTLS +OPENSSL +ACL +BLKID +CURL +ELFUTILS +FIDO2 +IDN2 -IDN +IPTC +KMOD +LIBCRYPTSETUP +LIBFDISK +PCRE2 -PWQUALITY +P11KIT -QRENCODE +BZIP2 +LZ4 +XZ +ZLIB +ZSTD +XKBCOMMON +UTMP -SYSVINIT default-hierarchy=unified)
[    5.794029] systemd[1]: Detected architecture x86-64.
[    5.794959] systemd[1]: Hostname set to <mksredmibook>.
[    5.906881] systemd[1]: Queued start job for default target Graphical Interface.
[    5.907739] systemd[1]: Created slice Slice /system/getty.
[    5.907980] systemd[1]: Created slice Slice /system/maia-console.
[    5.908129] systemd[1]: Created slice Slice /system/modprobe.
[    5.908265] systemd[1]: Created slice Cryptsetup Units Slice.
[    5.908403] systemd[1]: Created slice Slice /system/systemd-fsck.
[    5.908520] systemd[1]: Created slice User and Session Slice.
[    5.908564] systemd[1]: Started Dispatch Password Requests to Console Directory Watch.
[    5.908591] systemd[1]: Started Forward Password Requests to Wall Directory Watch.
[    5.908693] systemd[1]: Set up automount Arbitrary Executable File Formats File System Automount Point.
[    5.908729] systemd[1]: Reached target Login Prompts.
[    5.908746] systemd[1]: Reached target Path Units.
[    5.908758] systemd[1]: Reached target Remote File Systems.
[    5.908770] systemd[1]: Reached target Slice Units.
[    5.908790] systemd[1]: Reached target Local Verity Integrity Protected Volumes.
[    5.908826] systemd[1]: Listening on Device-mapper event daemon FIFOs.
[    5.909236] systemd[1]: Listening on LVM2 poll daemon socket.
[    5.909933] systemd[1]: Listening on Process Core Dump Socket.
[    5.910019] systemd[1]: Listening on Journal Audit Socket.
[    5.910073] systemd[1]: Listening on Journal Socket (/dev/log).
[    5.910126] systemd[1]: Listening on Journal Socket.
[    5.910492] systemd[1]: Listening on udev Control Socket.
[    5.910577] systemd[1]: Listening on udev Kernel Socket.
[    5.911131] systemd[1]: Mounting Huge Pages File System...
[    5.911522] systemd[1]: Mounting POSIX Message Queue File System...
[    5.911970] systemd[1]: Mounting Kernel Debug File System...
[    5.912637] systemd[1]: Mounting Kernel Trace File System...
[    5.913292] systemd[1]: Starting Create List of Static Device Nodes...
[    5.913799] systemd[1]: Starting Monitoring of LVM2 mirrors, snapshots etc. using dmeventd or progress polling...
[    5.914395] systemd[1]: Starting Load Kernel Module configfs...
[    5.914887] systemd[1]: Starting Load Kernel Module drm...
[    5.915388] systemd[1]: Starting Load Kernel Module fuse...
[    5.915992] systemd[1]: Condition check resulted in Set Up Additional Binary Formats being skipped.
[    5.916026] systemd[1]: Condition check resulted in File System Check on Root Device being skipped.
[    5.916685] systemd[1]: Starting Load Kernel Modules...
[    5.917196] systemd[1]: Starting Remount Root and Kernel File Systems...
[    5.917241] systemd[1]: Condition check resulted in Repartition Root Disk being skipped.
[    5.917711] systemd[1]: Starting Coldplug All udev Devices...
[    5.918655] systemd[1]: Mounted Huge Pages File System.
[    5.918729] systemd[1]: Mounted POSIX Message Queue File System.
[    5.918779] systemd[1]: Mounted Kernel Debug File System.
[    5.918819] systemd[1]: Mounted Kernel Trace File System.
[    5.918978] systemd[1]: Finished Create List of Static Device Nodes.
[    5.919138] systemd[1]: modprobe@configfs.service: Deactivated successfully.
[    5.919242] systemd[1]: Finished Load Kernel Module configfs.
[    5.920063] systemd[1]: Mounting Kernel Configuration File System...
[    5.927475] systemd[1]: Mounted Kernel Configuration File System.
[    5.927898] fuse: init (API version 7.34)
[    5.928430] systemd[1]: modprobe@fuse.service: Deactivated successfully.
[    5.928593] systemd[1]: Finished Load Kernel Module fuse.
[    5.929271] systemd[1]: Mounting FUSE Control File System...
[    5.930560] sd 1:0:0:0: Attached scsi generic sg0 type 0
[    5.930639] systemd[1]: Mounted FUSE Control File System.
[    5.932230] systemd[1]: Finished Load Kernel Modules.
[    5.932943] systemd[1]: Starting Apply Kernel Variables...
[    5.940874] systemd[1]: modprobe@drm.service: Deactivated successfully.
[    5.941137] systemd[1]: Finished Load Kernel Module drm.
[    5.959023] systemd[1]: Finished Coldplug All udev Devices.
[    5.978056] systemd[1]: Finished Monitoring of LVM2 mirrors, snapshots etc. using dmeventd or progress polling.
[    6.030553] BTRFS info (device dm-0): use zstd compression, level 3
[    6.030560] BTRFS info (device dm-0): disk space caching is enabled
[    6.031411] systemd[1]: Finished Remount Root and Kernel File Systems.
[    6.031519] systemd[1]: Condition check resulted in First Boot Wizard being skipped.
[    6.032443] systemd[1]: Condition check resulted in Rebuild Hardware Database being skipped.
[    6.032947] systemd[1]: Starting Load/Save Random Seed...
[    6.032989] systemd[1]: Condition check resulted in Create System Users being skipped.
[    6.033409] systemd[1]: Starting Create Static Device Nodes in /dev...
[    6.033719] systemd[1]: Finished Apply Kernel Variables.
[    6.035693] systemd[1]: Starting CLI Netfilter Manager...
[    6.043546] systemd[1]: Finished Load/Save Random Seed.
[    6.043706] systemd[1]: Condition check resulted in First Boot Complete being skipped.
[    6.046346] systemd[1]: Finished Create Static Device Nodes in /dev.
[    6.046423] systemd[1]: Reached target Preparation for Local File Systems.
[    6.046453] systemd[1]: Condition check resulted in Virtual Machine and Container Storage (Compatibility) being skipped.
[    6.047197] systemd[1]: Started Entropy Daemon based on the HAVEGE algorithm.
[    6.048106] systemd[1]: Starting Journal Service...
[    6.048907] systemd[1]: Starting Rule-based Manager for Device Events and Files...
[    6.072813] systemd[1]: Started Journal Service.
[    6.072919] audit: type=1130 audit(1633330909.911:2): pid=1 uid=0 auid=4294967295 ses=4294967295 subj==unconfined msg='unit=systemd-journald comm="systemd" exe="/usr/lib/systemd/systemd" hostname=? addr=? terminal=? res=success'
[    6.075795] audit: type=1130 audit(1633330909.914:3): pid=1 uid=0 auid=4294967295 ses=4294967295 subj==unconfined msg='unit=systemd-udevd comm="systemd" exe="/usr/lib/systemd/systemd" hostname=? addr=? terminal=? res=success'
[    6.087027] audit: type=1325 audit(1633330909.924:4): table=filter:2 family=2 entries=7 op=nft_register_chain pid=359 subj==unconfined comm="iptables-restor"
[    6.087032] audit: type=1300 audit(1633330909.924:4): arch=c000003e syscall=46 success=yes exit=732 a0=3 a1=7ffe695ada50 a2=0 a3=7ffe695ada3c items=0 ppid=328 pid=359 auid=4294967295 uid=0 gid=0 euid=0 suid=0 fsuid=0 egid=0 sgid=0 fsgid=0 tty=(none) ses=4294967295 comm="iptables-restor" exe="/usr/bin/xtables-nft-multi" subj==unconfined key=(null)
[    6.087035] audit: type=1327 audit(1633330909.924:4): proctitle=69707461626C65732D726573746F7265002D6E
[    6.113911] piix4_smbus 0000:00:14.0: SMBus Host Controller at 0xb00, revision 0
[    6.113916] piix4_smbus 0000:00:14.0: Using register 0x02 for SMBus port selection
[    6.113964] piix4_smbus 0000:00:14.0: Auxiliary SMBus Host Controller at 0xb20
[    6.116589] input: Power Button as /devices/LNXSYSTM:00/LNXSYBUS:00/PNP0C0C:00/input/input1
[    6.116614] ACPI: button: Power Button [PWRB]
[    6.116656] input: Lid Switch as /devices/LNXSYSTM:00/LNXSYBUS:00/PNP0A08:00/device:2a/PNP0C09:00/PNP0C0D:00/input/input2
[    6.116669] ACPI: button: Lid Switch [LID0]
[    6.120501] thermal LNXTHERM:00: registered as thermal_zone0
[    6.120505] ACPI: thermal: Thermal Zone [TZ0] (40 C)
[    6.126197] acpi PNP0C14:01: duplicate WMI GUID 05901221-D566-11D1-B2F0-00A0C9062910 (first instance was on PNP0C14:00)
[    6.126576] acpi_cpufreq: overriding BIOS provided _PSD data
[    6.137620] hid: raw HID events driver (C) Jiri Kosina
[    6.139855] audit: type=1325 audit(1633330909.931:5): table=filter:3 family=2 entries=36 op=nft_register_chain pid=368 subj==unconfined comm="iptables-restor"
[    6.139860] audit: type=1300 audit(1633330909.931:5): arch=c000003e syscall=46 success=yes exit=4440 a0=3 a1=7ffc442e4660 a2=0 a3=7ffc442e464c items=0 ppid=328 pid=368 auid=4294967295 uid=0 gid=0 euid=0 suid=0 fsuid=0 egid=0 sgid=0 fsgid=0 tty=(none) ses=4294967295 comm="iptables-restor" exe="/usr/bin/xtables-nft-multi" subj==unconfined key=(null)
[    6.139862] audit: type=1327 audit(1633330909.931:5): proctitle=69707461626C65732D726573746F7265002D6E
[    6.141739] snd_rn_pci_acp3x 0000:02:00.5: enabling device (0000 -> 0002)
[    6.192095] audit: type=1325 audit(1633330910.031:6): table=filter:4 family=2 entries=2 op=nft_register_rule pid=389 subj==unconfined comm="iptables-restor"
[    6.192101] audit: type=1300 audit(1633330910.031:6): arch=c000003e syscall=46 success=yes exit=984 a0=3 a1=7ffdc667ac10 a2=0 a3=7ffdc667abfc items=0 ppid=328 pid=389 auid=4294967295 uid=0 gid=0 euid=0 suid=0 fsuid=0 egid=0 sgid=0 fsgid=0 tty=(none) ses=4294967295 comm="iptables-restor" exe="/usr/bin/xtables-nft-multi" subj==unconfined key=(null)
[    6.203007] ACPI: video: Video Device [VGA] (multi-head: yes  rom: no  post: no)
[    6.204759] ACPI: AC: AC Adapter [ACAD] (off-line)
[    6.204945] acpi device:0e: registered as cooling_device6
[    6.204985] input: Video Bus as /devices/LNXSYSTM:00/LNXSYBUS:00/PNP0A08:00/device:0d/LNXVIDEO:00/input/input3
[    6.229042] ACPI: battery: Slot [BATT] (battery present)
[    6.232173] cfg80211: Loading compiled-in X.509 certificates for regulatory database
[    6.240225] Adding 16383996k swap on /dev/sda2.  Priority:-2 extents:1 across:16383996k SSFS
[    6.246088] cfg80211: Loaded X.509 cert 'sforshee: 00b28ddf47aef9cea7'
[    6.257391] input: PC Speaker as /devices/platform/pcspkr/input/input4
[    6.275086] AMD-Vi: AMD IOMMUv2 driver by Joerg Roedel <jroedel@suse.de>
[    6.297757] snd_hda_intel 0000:02:00.1: enabling device (0000 -> 0002)
[    6.297828] snd_hda_intel 0000:02:00.1: Handle vga_switcheroo audio client
[    6.297933] snd_hda_intel 0000:02:00.6: enabling device (0000 -> 0002)
[    6.309770] input: HD-Audio Generic HDMI/DP,pcm=3 as /devices/pci0000:00/0000:00:08.1/0000:02:00.1/sound/card0/input5
[    6.309811] input: HD-Audio Generic HDMI/DP,pcm=7 as /devices/pci0000:00/0000:00:08.1/0000:02:00.1/sound/card0/input6
[    6.348521] Bluetooth: Core ver 2.22
[    6.348547] NET: Registered PF_BLUETOOTH protocol family
[    6.348549] Bluetooth: HCI device and connection manager initialized
[    6.348553] Bluetooth: HCI socket layer initialized
[    6.348555] Bluetooth: L2CAP socket layer initialized
[    6.348558] Bluetooth: SCO socket layer initialized
[    6.348853] snd_hda_codec_realtek hdaudioC1D0: autoconfig for ALC256: line_outs=1 (0x14/0x0/0x0/0x0/0x0) type:speaker
[    6.348859] snd_hda_codec_realtek hdaudioC1D0:    speaker_outs=0 (0x0/0x0/0x0/0x0/0x0)
[    6.348861] snd_hda_codec_realtek hdaudioC1D0:    hp_outs=1 (0x21/0x0/0x0/0x0/0x0)
[    6.348862] snd_hda_codec_realtek hdaudioC1D0:    mono: mono_out=0x0
[    6.348863] snd_hda_codec_realtek hdaudioC1D0:    inputs:
[    6.348864] snd_hda_codec_realtek hdaudioC1D0:      Mic=0x19
[    6.379408] kvm: Nested Virtualization enabled
[    6.379412] SVM: kvm: Nested Paging enabled
[    6.379423] SVM: Virtual VMLOAD VMSAVE supported
[    6.379423] SVM: Virtual GIF supported
[    6.408979] BTRFS info (device dm-0): devid 1 device path /dev/mapper/luks-f5c58973-d2db-4063-9fb3-06e53844933b changed to /dev/dm-0 scanned by systemd-udevd (342)
[    6.409517] BTRFS info (device dm-0): devid 1 device path /dev/dm-0 changed to /dev/mapper/luks-f5c58973-d2db-4063-9fb3-06e53844933b scanned by systemd-udevd (342)
[    6.409956] MCE: In-kernel MCE decoding enabled.
[    6.410445] input: HD-Audio Generic Mic as /devices/pci0000:00/0000:00:08.1/0000:02:00.6/sound/card1/input7
[    6.410493] input: HD-Audio Generic Headphone as /devices/pci0000:00/0000:00:08.1/0000:02:00.6/sound/card1/input8
[    6.413750] usbcore: registered new interface driver btusb
[    6.414921] Bluetooth: hci0: RTL: examining hci_ver=0a hci_rev=000c lmp_ver=0a lmp_subver=8822
[    6.416911] Bluetooth: hci0: RTL: rom_version status=0 version=3
[    6.416914] Bluetooth: hci0: RTL: loading rtl_bt/rtl8822cu_fw.bin
[    6.417963] Bluetooth: hci0: RTL: loading rtl_bt/rtl8822cu_config.bin
[    6.417999] Bluetooth: hci0: RTL: cfg_sz 6, total sz 39526
[    6.424358] rtw_8822ce 0000:01:00.0: enabling device (0000 -> 0003)
[    6.425908] rtw_8822ce 0000:01:00.0: Firmware version 9.9.4, H2C version 15
[    6.425932] rtw_8822ce 0000:01:00.0: Firmware version 9.9.10, H2C version 15
[    6.439467] systemd-journald[332]: Received client request to flush runtime journal.
[    6.478599] input: GXT7863:00 27C6:01E0 Mouse as /devices/platform/AMDI0010:03/i2c-0/i2c-GXT7863:00/0018:27C6:01E0.0001/input/input9
[    6.478648] input: GXT7863:00 27C6:01E0 Touchpad as /devices/platform/AMDI0010:03/i2c-0/i2c-GXT7863:00/0018:27C6:01E0.0001/input/input10
[    6.478679] hid-generic 0018:27C6:01E0.0001: input,hidraw0: I2C HID v1.00 Mouse [GXT7863:00 27C6:01E0] on i2c-GXT7863:00
[    6.538479] rtw_8822ce 0000:01:00.0 wlp1s0: renamed from wlan0
[    6.561213] acp_pdm_mach acp_pdm_mach.0: snd_soc_register_card(acp) failed: -517
[    6.561277] acp_pdm_mach acp_pdm_mach.0: snd_soc_register_card(acp) failed: -517
[    6.572465] input: GXT7863:00 27C6:01E0 Mouse as /devices/platform/AMDI0010:03/i2c-0/i2c-GXT7863:00/0018:27C6:01E0.0001/input/input12
[    6.572515] input: GXT7863:00 27C6:01E0 Touchpad as /devices/platform/AMDI0010:03/i2c-0/i2c-GXT7863:00/0018:27C6:01E0.0001/input/input13
[    6.572554] hid-multitouch 0018:27C6:01E0.0001: input,hidraw0: I2C HID v1.00 Mouse [GXT7863:00 27C6:01E0] on i2c-GXT7863:00
[    6.606956] mousedev: PS/2 mouse device common for all mice
[    6.762941] Bluetooth: hci0: RTL: fw version 0x09a91a4a
[    6.782201] [drm] amdgpu kernel modesetting enabled.
[    6.787068] amdgpu: Virtual CRAT table created for CPU
[    6.787084] amdgpu: Topology: Add CPU node
[    6.787176] checking generic (fce0000000 7f0000) vs hw (fce0000000 10000000)
[    6.787178] fb0: switching to amdgpudrmfb from EFI VGA
[    6.787241] Console: switching to colour dummy device 80x25
[    6.787275] amdgpu 0000:02:00.0: vgaarb: deactivate vga console
[    6.787335] amdgpu 0000:02:00.0: enabling device (0006 -> 0007)
[    6.787377] [drm] initializing kernel modesetting (RENOIR 0x1002:0x1636 0x1D72:0x1951 0xC3).
[    6.787382] amdgpu 0000:02:00.0: amdgpu: Trusted Memory Zone (TMZ) feature enabled
[    6.787826] [drm] register mmio base: 0xD0400000
[    6.787828] [drm] register mmio size: 524288
[    6.787830] [drm] PCIE atomic ops is not supported
[    6.788959] [drm] add ip block number 0 <soc15_common>
[    6.788961] [drm] add ip block number 1 <gmc_v9_0>
[    6.788962] [drm] add ip block number 2 <vega10_ih>
[    6.788963] [drm] add ip block number 3 <psp>
[    6.788964] [drm] add ip block number 4 <smu>
[    6.788965] [drm] add ip block number 5 <gfx_v9_0>
[    6.788966] [drm] add ip block number 6 <sdma_v4_0>
[    6.788967] [drm] add ip block number 7 <dm>
[    6.788968] [drm] add ip block number 8 <vcn_v2_0>
[    6.788969] [drm] add ip block number 9 <jpeg_v2_0>
[    6.788981] amdgpu 0000:02:00.0: amdgpu: Fetched VBIOS from VFCT
[    6.788983] amdgpu: ATOM BIOS: 113-RENOIR-026
[    6.790173] [drm] VCN decode is enabled in VM mode
[    6.790174] [drm] VCN encode is enabled in VM mode
[    6.790175] [drm] JPEG decode is enabled in VM mode
[    6.790208] [drm] vm size is 262144 GB, 4 levels, block size is 9-bit, fragment size is 9-bit
[    6.790214] amdgpu 0000:02:00.0: amdgpu: VRAM: 512M 0x000000F400000000 - 0x000000F41FFFFFFF (512M used)
[    6.790217] amdgpu 0000:02:00.0: amdgpu: GART: 1024M 0x0000000000000000 - 0x000000003FFFFFFF
[    6.790219] amdgpu 0000:02:00.0: amdgpu: AGP: 267419648M 0x000000F800000000 - 0x0000FFFFFFFFFFFF
[    6.790224] [drm] Detected VRAM RAM=512M, BAR=512M
[    6.790226] [drm] RAM width 128bits DDR4
[    6.790285] [drm] amdgpu: 512M of VRAM memory ready
[    6.790286] [drm] amdgpu: 3072M of GTT memory ready.
[    6.790292] [drm] GART: num cpu pages 262144, num gpu pages 262144
[    6.790420] [drm] PCIE GART of 1024M enabled.
[    6.790421] [drm] PTB located at 0x000000F400900000
[    6.791350] amdgpu 0000:02:00.0: amdgpu: PSP runtime database doesn't exist
[    6.807599] [drm] Loading DMUB firmware via PSP: version=0x01010019
[    6.809241] [drm] Found VCN firmware Version ENC: 1.14 DEC: 5 VEP: 0 Revision: 20
[    6.809253] amdgpu 0000:02:00.0: amdgpu: Will use PSP to load VCN firmware
[    7.384580] Bluetooth: BNEP (Ethernet Emulation) ver 1.3
[    7.384583] Bluetooth: BNEP filters: protocol multicast
[    7.384587] Bluetooth: BNEP socket layer initialized
[    7.390541] NET: Registered PF_ALG protocol family
[    7.479884] [drm] reserve 0x400000 from 0xf41f800000 for PSP TMR
[    7.560006] amdgpu 0000:02:00.0: amdgpu: RAS: optional ras ta ucode is not available
[    7.568058] amdgpu 0000:02:00.0: amdgpu: RAP: optional rap ta ucode is not available
[    7.568062] amdgpu 0000:02:00.0: amdgpu: SECUREDISPLAY: securedisplay ta ucode is not available
[    7.568389] amdgpu 0000:02:00.0: amdgpu: SMU is initialized successfully!
[    7.569724] [drm] kiq ring mec 2 pipe 1 q 0
[    7.570629] [drm] Display Core initialized with v3.2.141!
[    7.571308] [drm] DMUB hardware initialized: version=0x01010019
[    7.650845] loop: module loaded
[    7.651456] loop0: detected capacity change from 0 to 8
[    7.660780] squashfs: version 4.0 (2009/01/31) Phillip Lougher
[    7.685579] [drm] VCN decode and encode initialized successfully(under DPG Mode).
[    7.685600] [drm] JPEG decode initialized successfully.
[    7.686423] kfd kfd: amdgpu: Allocated 3969056 bytes on gart
[    7.708296] memmap_init_zone_device initialised 131072 pages in 0ms
[    7.708307] amdgpu: HMM registered 512MB device memory
[    7.708341] amdgpu: SRAT table not found
[    7.708342] amdgpu: Virtual CRAT table created for GPU
[    7.708432] amdgpu: Topology: Add dGPU node [0x1636:0x1002]
[    7.708436] kfd kfd: amdgpu: added device 1002:1636
[    7.708440] amdgpu 0000:02:00.0: amdgpu: SE 1, SH per SE 2, CU per SH 18, active_cu_number 26
[    7.711186] [drm] fb mappable at 0x410CD1000
[    7.711193] [drm] vram apper at 0x410000000
[    7.711195] [drm] size 8294400
[    7.711196] [drm] fb depth is 24
[    7.711198] [drm]    pitch is 7680
[    7.711323] fbcon: amdgpu (fb0) is primary device
[    7.764415] Console: switching to colour frame buffer device 240x67
[    7.783512] amdgpu 0000:02:00.0: [drm] fb0: amdgpu frame buffer device
[    7.797126] amdgpu 0000:02:00.0: amdgpu: ring gfx uses VM inv eng 0 on hub 0
[    7.797136] amdgpu 0000:02:00.0: amdgpu: ring comp_1.0.0 uses VM inv eng 1 on hub 0
[    7.797139] amdgpu 0000:02:00.0: amdgpu: ring comp_1.1.0 uses VM inv eng 4 on hub 0
[    7.797142] amdgpu 0000:02:00.0: amdgpu: ring comp_1.2.0 uses VM inv eng 5 on hub 0
[    7.797144] amdgpu 0000:02:00.0: amdgpu: ring comp_1.3.0 uses VM inv eng 6 on hub 0
[    7.797146] amdgpu 0000:02:00.0: amdgpu: ring comp_1.0.1 uses VM inv eng 7 on hub 0
[    7.797149] amdgpu 0000:02:00.0: amdgpu: ring comp_1.1.1 uses VM inv eng 8 on hub 0
[    7.797151] amdgpu 0000:02:00.0: amdgpu: ring comp_1.2.1 uses VM inv eng 9 on hub 0
[    7.797153] amdgpu 0000:02:00.0: amdgpu: ring comp_1.3.1 uses VM inv eng 10 on hub 0
[    7.797156] amdgpu 0000:02:00.0: amdgpu: ring kiq_2.1.0 uses VM inv eng 11 on hub 0
[    7.797159] amdgpu 0000:02:00.0: amdgpu: ring sdma0 uses VM inv eng 0 on hub 1
[    7.797162] amdgpu 0000:02:00.0: amdgpu: ring vcn_dec uses VM inv eng 1 on hub 1
[    7.797165] amdgpu 0000:02:00.0: amdgpu: ring vcn_enc0 uses VM inv eng 4 on hub 1
[    7.797167] amdgpu 0000:02:00.0: amdgpu: ring vcn_enc1 uses VM inv eng 5 on hub 1
[    7.797170] amdgpu 0000:02:00.0: amdgpu: ring jpeg_dec uses VM inv eng 6 on hub 1
[    7.799015] [drm] Initialized amdgpu 3.42.0 20150101 for 0000:02:00.0 on minor 0
[    8.439226] rtw_8822ce 0000:01:00.0: start vif 74:4c:a1:55:0d:6f on port 0
[    8.440222] rtw_8822ce 0000:01:00.0: stop vif 74:4c:a1:55:0d:6f on port 0
[    8.668385] rtw_8822ce 0000:01:00.0: start vif 16:21:d5:52:4c:e4 on port 0
[   27.107313] show_signal: 72 callbacks suppressed
[   27.107319] traps: xsuspender[954] trap int3 ip:7f9b456f995b sp:7ffc6997d8c0 error:0 in libglib-2.0.so.0.7000.0[7f9b456ba000+8d000]
[   27.545002] Bluetooth: RFCOMM TTY layer initialized
[   27.545012] Bluetooth: RFCOMM socket layer initialized
[   27.545020] Bluetooth: RFCOMM ver 1.11
[   68.093856] ucsi_acpi USBC000:00: PPM init failed (-110)
[  142.637198] rtw_8822ce 0000:01:00.0: stop vif 16:21:d5:52:4c:e4 on port 0
[  142.870492] rtw_8822ce 0000:01:00.0: start vif 74:4c:a1:55:0d:6f on port 0
[  142.928422] wlp1s0: authenticate with 84:d8:1b:8a:31:72
[  143.415140] wlp1s0: send auth to 84:d8:1b:8a:31:72 (try 1/3)
[  143.418483] wlp1s0: authenticated
[  143.420251] wlp1s0: associate with 84:d8:1b:8a:31:72 (try 1/3)
[  143.425007] wlp1s0: RX AssocResp from 84:d8:1b:8a:31:72 (capab=0x11 status=0 aid=1)
[  143.425034] rtw_8822ce 0000:01:00.0: sta 84:d8:1b:8a:31:72 joined with macid 0
[  143.425308] wlp1s0: associated
[  143.560509] IPv6: ADDRCONF(NETDEV_CHANGE): wlp1s0: link becomes ready
[ 1167.421653] atkbd serio0: Unknown key pressed (translated set 2, code 0xf6 on isa0060/serio0).
[ 1167.421663] atkbd serio0: Use 'setkeycodes e076 <keycode>' to make it known.
[ 1168.280425] atkbd serio0: Unknown key released (translated set 2, code 0xf6 on isa0060/serio0).
[ 1168.280435] atkbd serio0: Use 'setkeycodes e076 <keycode>' to make it known.
[ 1395.113346] atkbd serio0: Unknown key pressed (translated set 2, code 0xf6 on isa0060/serio0).
[ 1395.113354] atkbd serio0: Use 'setkeycodes e076 <keycode>' to make it known.
[ 1396.652351] atkbd serio0: Unknown key released (translated set 2, code 0xf6 on isa0060/serio0).
[ 1396.652356] atkbd serio0: Use 'setkeycodes e076 <keycode>' to make it known.
[ 1399.365653] atkbd serio0: Unknown key pressed (translated set 2, code 0xf6 on isa0060/serio0).
[ 1399.365663] atkbd serio0: Use 'setkeycodes e076 <keycode>' to make it known.
[ 1403.502017] atkbd serio0: Unknown key released (translated set 2, code 0xf6 on isa0060/serio0).
[ 1403.502022] atkbd serio0: Use 'setkeycodes e076 <keycode>' to make it known.
[ 3012.882917] atkbd serio0: Unknown key pressed (translated set 2, code 0xf6 on isa0060/serio0).
[ 3012.882926] atkbd serio0: Use 'setkeycodes e076 <keycode>' to make it known.
[ 3019.267539] atkbd serio0: Unknown key released (translated set 2, code 0xf6 on isa0060/serio0).
[ 3019.267555] atkbd serio0: Use 'setkeycodes e076 <keycode>' to make it known.
[ 8015.245845] atkbd serio0: Unknown key pressed (translated set 2, code 0xf6 on isa0060/serio0).
[ 8015.245853] atkbd serio0: Use 'setkeycodes e076 <keycode>' to make it known.
[ 8015.645485] atkbd serio0: Unknown key released (translated set 2, code 0xf6 on isa0060/serio0).
[ 8015.645496] atkbd serio0: Use 'setkeycodes e076 <keycode>' to make it known.
[ 8594.102452] bridge: filtering via arp/ip/ip6tables is no longer available by default. Update your scripts to load br_netfilter if you need this.
[ 8594.104281] Bridge firewalling registered
[ 8594.138042] Initializing XFRM netlink socket
[ 8594.340917] br-420a79233bed: port 1(vethe4fb72f) entered blocking state
[ 8594.340952] br-420a79233bed: port 1(vethe4fb72f) entered disabled state
[ 8594.341019] device vethe4fb72f entered promiscuous mode
[ 8594.341175] br-420a79233bed: port 1(vethe4fb72f) entered blocking state
[ 8594.341178] br-420a79233bed: port 1(vethe4fb72f) entered forwarding state
[ 8594.341487] IPv6: ADDRCONF(NETDEV_CHANGE): br-420a79233bed: link becomes ready
[ 8594.341772] br-420a79233bed: port 1(vethe4fb72f) entered disabled state
[ 8594.356131] br-420a79233bed: port 2(veth91e38ed) entered blocking state
[ 8594.356145] br-420a79233bed: port 2(veth91e38ed) entered disabled state
[ 8594.356216] device veth91e38ed entered promiscuous mode
[ 8594.356383] br-420a79233bed: port 2(veth91e38ed) entered blocking state
[ 8594.356385] br-420a79233bed: port 2(veth91e38ed) entered forwarding state
[ 8594.821585] eth0: renamed from veth03f996c
[ 8594.851259] eth0: renamed from veth3451f7a
[ 8594.884906] IPv6: ADDRCONF(NETDEV_CHANGE): veth91e38ed: link becomes ready
[ 8594.885385] IPv6: ADDRCONF(NETDEV_CHANGE): vethe4fb72f: link becomes ready
[ 8594.885447] br-420a79233bed: port 1(vethe4fb72f) entered blocking state
[ 8594.885452] br-420a79233bed: port 1(vethe4fb72f) entered forwarding state
[ 8614.427769] br-420a79233bed: port 1(vethe4fb72f) entered disabled state
[ 8614.428434] veth03f996c: renamed from eth0
[ 8614.480157] br-420a79233bed: port 1(vethe4fb72f) entered disabled state
[ 8614.480936] device vethe4fb72f left promiscuous mode
[ 8614.480943] br-420a79233bed: port 1(vethe4fb72f) entered disabled state
[ 8623.474943] br-420a79233bed: port 2(veth91e38ed) entered disabled state
[ 8623.474997] veth3451f7a: renamed from eth0
[ 8623.549370] br-420a79233bed: port 2(veth91e38ed) entered disabled state
[ 8623.551285] device veth91e38ed left promiscuous mode
[ 8623.551296] br-420a79233bed: port 2(veth91e38ed) entered disabled state
[ 8667.308518] docker0: port 1(veth42effa6) entered blocking state
[ 8667.308523] docker0: port 1(veth42effa6) entered disabled state
[ 8667.308576] device veth42effa6 entered promiscuous mode
[ 8667.308694] docker0: port 1(veth42effa6) entered blocking state
[ 8667.308696] docker0: port 1(veth42effa6) entered forwarding state
[ 8667.310024] docker0: port 1(veth42effa6) entered disabled state
[ 8667.503186] eth0: renamed from veth80eaee8
[ 8667.526338] IPv6: ADDRCONF(NETDEV_CHANGE): veth42effa6: link becomes ready
[ 8667.526403] docker0: port 1(veth42effa6) entered blocking state
[ 8667.526406] docker0: port 1(veth42effa6) entered forwarding state
[ 8667.526453] IPv6: ADDRCONF(NETDEV_CHANGE): docker0: link becomes ready
[ 8752.562206] atkbd serio0: Unknown key pressed (translated set 2, code 0xf6 on isa0060/serio0).
[ 8752.562217] atkbd serio0: Use 'setkeycodes e076 <keycode>' to make it known.
[ 8752.995169] atkbd serio0: Unknown key released (translated set 2, code 0xf6 on isa0060/serio0).
[ 8752.995175] atkbd serio0: Use 'setkeycodes e076 <keycode>' to make it known.
[ 9053.828732] traps: chrome[9521] trap invalid opcode ip:55d9482c6910 sp:7ffd43a8cd30 error:0 in chrome[55d94814b000+857b000]
[10826.117562] nf_conntrack: default automatic helper assignment has been turned off for security reasons and CT-based firewall rule not found. Use the iptables CT target to attach helpers instead.
[12249.720400] atkbd serio0: Unknown key pressed (translated set 2, code 0xf6 on isa0060/serio0).
[12249.720410] atkbd serio0: Use 'setkeycodes e076 <keycode>' to make it known.
[12250.134931] atkbd serio0: Unknown key released (translated set 2, code 0xf6 on isa0060/serio0).
[12250.134936] atkbd serio0: Use 'setkeycodes e076 <keycode>' to make it known.
[12796.994499] traps: chrome[38355] trap invalid opcode ip:55d9482e1699 sp:7ffd43a8bea0 error:0 in chrome[55d94814b000+857b000]
[14049.558183] atkbd serio0: Unknown key pressed (translated set 2, code 0xf6 on isa0060/serio0).
[14049.558195] atkbd serio0: Use 'setkeycodes e076 <keycode>' to make it known.
[14049.864827] atkbd serio0: Unknown key released (translated set 2, code 0xf6 on isa0060/serio0).
[14049.864839] atkbd serio0: Use 'setkeycodes e076 <keycode>' to make it known.
[17182.390210] atkbd serio0: Unknown key pressed (translated set 2, code 0xf6 on isa0060/serio0).
[17182.390222] atkbd serio0: Use 'setkeycodes e076 <keycode>' to make it known.
[17182.765231] atkbd serio0: Unknown key released (translated set 2, code 0xf6 on isa0060/serio0).
[17182.765246] atkbd serio0: Use 'setkeycodes e076 <keycode>' to make it known.
[21886.226193] atkbd serio0: Unknown key pressed (translated set 2, code 0xf6 on isa0060/serio0).
[21886.226201] atkbd serio0: Use 'setkeycodes e076 <keycode>' to make it known.
[21886.525183] atkbd serio0: Unknown key released (translated set 2, code 0xf6 on isa0060/serio0).
[21886.525194] atkbd serio0: Use 'setkeycodes e076 <keycode>' to make it known.
[22023.000508] atkbd serio0: Unknown key pressed (translated set 2, code 0xf6 on isa0060/serio0).
[22023.000513] atkbd serio0: Use 'setkeycodes e076 <keycode>' to make it known.
[22023.503813] atkbd serio0: Unknown key released (translated set 2, code 0xf6 on isa0060/serio0).
[22023.503823] atkbd serio0: Use 'setkeycodes e076 <keycode>' to make it known.
[25629.893180] atkbd serio0: Unknown key pressed (translated set 2, code 0xf6 on isa0060/serio0).
[25629.893192] atkbd serio0: Use 'setkeycodes e076 <keycode>' to make it known.
[25636.246588] atkbd serio0: Unknown key released (translated set 2, code 0xf6 on isa0060/serio0).
[25636.246596] atkbd serio0: Use 'setkeycodes e076 <keycode>' to make it known.
[28471.430644] [UFW BLOCK] IN=m.klimenko OUT= MAC= SRC=172.31.16.75 DST=172.31.16.68 LEN=98 TOS=0x00 PREC=0x00 TTL=127 ID=12267 PROTO=UDP SPT=61232 DPT=45769 LEN=78 
[28471.430653] [UFW BLOCK] IN=m.klimenko OUT= MAC= SRC=172.31.16.75 DST=172.31.16.68 LEN=219 TOS=0x00 PREC=0x00 TTL=127 ID=12268 PROTO=UDP SPT=61231 DPT=45769 LEN=199 
[29548.063613] atkbd serio0: Unknown key pressed (translated set 2, code 0xf6 on isa0060/serio0).
[29548.063621] atkbd serio0: Use 'setkeycodes e076 <keycode>' to make it known.
[29562.120712] atkbd serio0: Unknown key released (translated set 2, code 0xf6 on isa0060/serio0).
[29562.120724] atkbd serio0: Use 'setkeycodes e076 <keycode>' to make it known.
[30458.012503] atkbd serio0: Unknown key pressed (translated set 2, code 0xf6 on isa0060/serio0).
[30458.012515] atkbd serio0: Use 'setkeycodes e076 <keycode>' to make it known.
[30458.368729] atkbd serio0: Unknown key released (translated set 2, code 0xf6 on isa0060/serio0).
[30458.368740] atkbd serio0: Use 'setkeycodes e076 <keycode>' to make it known.
[30536.674738] atkbd serio0: Unknown key pressed (translated set 2, code 0xf6 on isa0060/serio0).
[30536.674750] atkbd serio0: Use 'setkeycodes e076 <keycode>' to make it known.
[30537.235625] atkbd serio0: Unknown key released (translated set 2, code 0xf6 on isa0060/serio0).
[30537.235637] atkbd serio0: Use 'setkeycodes e076 <keycode>' to make it known.
[31351.225540] atkbd serio0: Unknown key pressed (translated set 2, code 0xf6 on isa0060/serio0).
[31351.225550] atkbd serio0: Use 'setkeycodes e076 <keycode>' to make it known.
[31352.151990] atkbd serio0: Unknown key released (translated set 2, code 0xf6 on isa0060/serio0).
[31352.152001] atkbd serio0: Use 'setkeycodes e076 <keycode>' to make it known.
[33543.187472] docker0: port 1(veth42effa6) entered disabled state
[33543.187759] veth80eaee8: renamed from eth0
[33543.261837] docker0: port 1(veth42effa6) entered disabled state
[33543.262746] device veth42effa6 left promiscuous mode
[33543.262754] docker0: port 1(veth42effa6) entered disabled state
[33932.676084] SGI XFS with ACLs, security attributes, realtime, quota, no debug enabled
[33932.689806] JFS: nTxBlock = 8192, nTxLock = 65536
[33932.708255] ntfs: driver 2.1.32 [Flags: R/W MODULE].
[34164.869452] [UFW BLOCK] IN=wlp1s0 OUT= MAC=74:4c:a1:55:0d:6f:84:d8:1b:8a:31:73:08:00 SRC=173.194.76.189 DST=192.168.1.158 LEN=53 TOS=0x00 PREC=0x80 TTL=38 ID=0 DF PROTO=UDP SPT=443 DPT=49265 LEN=33 
[34165.486228] [UFW BLOCK] IN=wlp1s0 OUT= MAC=74:4c:a1:55:0d:6f:84:d8:1b:8a:31:73:08:00 SRC=104.22.64.161 DST=192.168.1.158 LEN=79 TOS=0x00 PREC=0x00 TTL=56 ID=24046 DF PROTO=TCP SPT=443 DPT=37908 WINDOW=100 RES=0x00 ACK PSH URGP=0 
[34165.486245] [UFW BLOCK] IN=wlp1s0 OUT= MAC=74:4c:a1:55:0d:6f:84:d8:1b:8a:31:73:08:00 SRC=104.22.64.161 DST=192.168.1.158 LEN=64 TOS=0x00 PREC=0x00 TTL=56 ID=24047 DF PROTO=TCP SPT=443 DPT=37908 WINDOW=100 RES=0x00 ACK PSH URGP=0 
