[    0.000000] Linux version 5.15.11-arch2-1 (linux@archlinux) (gcc (GCC) 11.1.0, GNU ld (GNU Binutils) 2.36.1) #1 SMP PREEMPT Wed, 22 Dec 2021 09:23:54 +0000
[    0.000000] Command line: BOOT_IMAGE=/boot/vmlinuz-linux root=UUID=a1e2e1f9-dbcb-484e-a242-73d5754f8d98 rw quiet resume=UUID=36238c5a-d1ff-4e5f-986a-4d302098cfd7 loglevel=3 audit=0 lsm=landlock,lockdown,yama,apparmor,bpf l1tf=full,force mds=full,nosmt mitigations=auto,nosmt nosmt=force init_on_alloc=1 init_on_free=1 randomize_kstack_offset=on slab_nomerge pti=on slub_debug=ZF slub_debug=P page_poison=1 mem_encrypt=on vsyscall=nonei nosmt
[    0.000000] x86/fpu: Supporting XSAVE feature 0x001: 'x87 floating point registers'
[    0.000000] x86/fpu: Supporting XSAVE feature 0x002: 'SSE registers'
[    0.000000] x86/fpu: Supporting XSAVE feature 0x004: 'AVX registers'
[    0.000000] x86/fpu: xstate_offset[2]:  576, xstate_sizes[2]:  256
[    0.000000] x86/fpu: Enabled xstate features 0x7, context size is 832 bytes, using 'compacted' format.
[    0.000000] signal: max sigframe size: 1776
[    0.000000] SMT: Force disabled
[    0.000000] Malformed early option 'vsyscall'
[    0.000000] BIOS-provided physical RAM map:
[    0.000000] BIOS-e820: [mem 0x0000000000000000-0x000000000009efff] usable
[    0.000000] BIOS-e820: [mem 0x000000000009f000-0x00000000000bffff] reserved
[    0.000000] BIOS-e820: [mem 0x0000000000100000-0x0000000009afffff] usable
[    0.000000] BIOS-e820: [mem 0x0000000009b00000-0x0000000009dfffff] reserved
[    0.000000] BIOS-e820: [mem 0x0000000009e00000-0x0000000009efffff] usable
[    0.000000] BIOS-e820: [mem 0x0000000009f00000-0x0000000009f0ffff] ACPI NVS
[    0.000000] BIOS-e820: [mem 0x0000000009f10000-0x00000000bab68fff] usable
[    0.000000] BIOS-e820: [mem 0x00000000bab69000-0x00000000bbd68fff] reserved
[    0.000000] BIOS-e820: [mem 0x00000000bbd69000-0x00000000c9f7efff] usable
[    0.000000] BIOS-e820: [mem 0x00000000c9f7f000-0x00000000caf7efff] type 20
[    0.000000] BIOS-e820: [mem 0x00000000caf7f000-0x00000000ccf7efff] reserved
[    0.000000] BIOS-e820: [mem 0x00000000ccf7f000-0x00000000cdf7efff] ACPI NVS
[    0.000000] BIOS-e820: [mem 0x00000000cdf7f000-0x00000000cdffefff] ACPI data
[    0.000000] BIOS-e820: [mem 0x00000000cdfff000-0x00000000cdffffff] usable
[    0.000000] BIOS-e820: [mem 0x00000000ce000000-0x00000000ceffffff] reserved
[    0.000000] BIOS-e820: [mem 0x00000000f8000000-0x00000000fbffffff] reserved
[    0.000000] BIOS-e820: [mem 0x00000000fde00000-0x00000000fdefffff] reserved
[    0.000000] BIOS-e820: [mem 0x00000000fec00000-0x00000000fec00fff] reserved
[    0.000000] BIOS-e820: [mem 0x00000000fec10000-0x00000000fec10fff] reserved
[    0.000000] BIOS-e820: [mem 0x00000000fec20000-0x00000000fec20fff] reserved
[    0.000000] BIOS-e820: [mem 0x00000000fed80000-0x00000000fed80fff] reserved
[    0.000000] BIOS-e820: [mem 0x00000000fee00000-0x00000000fee00fff] reserved
[    0.000000] BIOS-e820: [mem 0x00000000ff000000-0x00000000fff2ffff] reserved
[    0.000000] BIOS-e820: [mem 0x0000000100000000-0x000000040f33ffff] usable
[    0.000000] BIOS-e820: [mem 0x000000040f340000-0x000000042fffffff] reserved
[    0.000000] NX (Execute Disable) protection: active
[    0.000000] efi: EFI v2.70 by INSYDE Corp.
[    0.000000] efi: ACPI=0xcdffe000 ACPI 2.0=0xcdffe014 TPMFinalLog=0xcdf2c000 SMBIOS=0xcb70c000 SMBIOS 3.0=0xcb70a000 ESRT=0xcb70d418 
[    0.000000] SMBIOS 3.2.0 present.
[    0.000000] DMI: TIMI RedmiBook 14 II/TM1951, BIOS RMARN4B0P0909 08/19/2020
[    0.000000] tsc: Fast TSC calibration using PIT
[    0.000000] tsc: Detected 2370.503 MHz processor
[    0.000545] e820: update [mem 0x00000000-0x00000fff] usable ==> reserved
[    0.000547] e820: remove [mem 0x000a0000-0x000fffff] usable
[    0.000552] last_pfn = 0x40f340 max_arch_pfn = 0x400000000
[    0.000732] x86/PAT: Configuration [0-7]: WB  WC  UC- UC  WB  WP  UC- WT  
[    0.000951] last_pfn = 0xce000 max_arch_pfn = 0x400000000
[    0.010314] esrt: Reserving ESRT space from 0x00000000cb70d418 to 0x00000000cb70d450.
[    0.010322] Kernel/User page tables isolation: force enabled on command line.
[    0.010323] Using GB pages for direct mapping
[    0.010626] Secure boot disabled
[    0.010626] RAMDISK: [mem 0x36b19000-0x37583fff]
[    0.010632] ACPI: Early table checksum verification disabled
[    0.010635] ACPI: RSDP 0x00000000CDFFE014 000024 (v02 XMCC  )
[    0.010638] ACPI: XSDT 0x00000000CDFCE188 000134 (v01 XMCC   XMCC1951 00000002      01000013)
[    0.010643] ACPI: FACP 0x00000000CDFEC000 00010C (v05 XMCC   XMCC1951 00000002      01000013)
[    0.010647] ACPI: DSDT 0x00000000CDFDF000 006545 (v01 XMCC   XMCC1951 00000002      01000013)
[    0.010650] ACPI: FACS 0x00000000CDF29000 000040
[    0.010652] ACPI: UEFI 0x00000000CDF7E000 000236 (v01 INSYDE H2O BIOS 00000001 ACPI 00040000)
[    0.010654] ACPI: SSDT 0x00000000CDFF5000 007216 (v02 AMD    AmdTable 00000002 MSFT 04000000)
[    0.010656] ACPI: IVRS 0x00000000CDFF4000 0001A4 (v02 AMD    AmdTable 00000001 AMD  00000000)
[    0.010659] ACPI: SSDT 0x00000000CDFF3000 000228 (v01 AMD    STD3     00000001 INTL 20130117)
[    0.010661] ACPI: SSDT 0x00000000CDFF2000 000D61 (v01 XMCC   XMCC1806 00003000 INTL 20130117)
[    0.010663] ACPI: SSDT 0x00000000CDFF1000 00046D (v01 Insyde TPMACPI  00001000 INTL 20130117)
[    0.010665] ACPI: TPM2 0x00000000CDFF0000 000034 (v04 XMCC   XMCC1951 00000002      01000013)
[    0.010667] ACPI: MSDM 0x00000000CDFEF000 000055 (v03 INSYDE H2O BIOS 00000001 ACPI 00040000)
[    0.010669] ACPI: ASF! 0x00000000CDFEE000 0000A5 (v32 XMCC   XMCC1951 00000002      01000013)
[    0.010671] ACPI: BOOT 0x00000000CDFED000 000028 (v01 XMCC   XMCC1951 00000002      01000013)
[    0.010674] ACPI: HPET 0x00000000CDFEB000 000038 (v01 XMCC   XMCC1951 00000002      01000013)
[    0.010676] ACPI: APIC 0x00000000CDFEA000 000138 (v03 XMCC   XMCC1951 00000002      01000013)
[    0.010678] ACPI: MCFG 0x00000000CDFE9000 00003C (v01 XMCC   XMCC1951 00000002      01000013)
[    0.010680] ACPI: SLIC 0x00000000CDFE8000 000176 (v01 XMCC   XMCC1951 00000002      01000013)
[    0.010682] ACPI: SSDT 0x00000000CDFDE000 000080 (v01 XMCC   XMCC1951 00000002      01000013)
[    0.010684] ACPI: VFCT 0x00000000CDFD0000 00D484 (v01 XMCC   XMCC1951 00000001 AMD  31504F47)
[    0.010686] ACPI: SSDT 0x00000000CDFCF000 0000F8 (v01 XMCC   PcdTabl  00001000 INTL 20130117)
[    0.010688] ACPI: SSDT 0x00000000CDFCC000 001500 (v01 AMD    AmdTable 00000001 AMD  00000001)
[    0.010690] ACPI: CRAT 0x00000000CDFFD000 000BA8 (v01 AMD    AmdTable 00000001 AMD  00000001)
[    0.010692] ACPI: CDIT 0x00000000CDFCB000 000029 (v01 AMD    AmdTable 00000001 AMD  00000001)
[    0.010694] ACPI: SSDT 0x00000000CDFCA000 00028D (v01 AMD    AmdTable 00000001 INTL 20130117)
[    0.010697] ACPI: SSDT 0x00000000CDFC9000 000C78 (v01 AMD    AmdTable 00000001 INTL 20130117)
[    0.010699] ACPI: SSDT 0x00000000CDFC7000 0010A5 (v01 AMD    AmdTable 00000001 INTL 20130117)
[    0.010701] ACPI: SSDT 0x00000000CDFC3000 0030C8 (v01 AMD    AmdTable 00000001 INTL 20130117)
[    0.010703] ACPI: FPDT 0x00000000CDFC2000 000044 (v01 XMCC   XMCC1951 00000002      01000013)
[    0.010705] ACPI: WSMT 0x00000000CDFC0000 000028 (v01 INSYDE H2O BIOS 00000001 ACPI 00040000)
[    0.010707] ACPI: SSDT 0x00000000CDFE7000 00020A (v01 AMD    AmdTable 00000001 INTL 20130117)
[    0.010709] ACPI: SSDT 0x00000000CDFE6000 0005A1 (v01 AMD    AmdTable 00000001 INTL 20130117)
[    0.010711] ACPI: SSDT 0x00000000CDFBF000 000343 (v01 AMD    AmdTable 00000001 INTL 20130117)
[    0.010713] ACPI: SSDT 0x00000000CDFBE000 00007D (v01 AMD    AmdTable 00000001 INTL 20130117)
[    0.010715] ACPI: SSDT 0x00000000CDFBD000 000822 (v01 AMD    AmdTable 00000001 INTL 20130117)
[    0.010717] ACPI: SSDT 0x00000000CDFBC000 000517 (v01 AMD    AmdTable 00000001 INTL 20130117)
[    0.010719] ACPI: BGRT 0x00000000CDFC1000 000038 (v01 INSYDE H2O BIOS 00000001 ACPI 00040000)
[    0.010721] ACPI: Reserving FACP table memory at [mem 0xcdfec000-0xcdfec10b]
[    0.010722] ACPI: Reserving DSDT table memory at [mem 0xcdfdf000-0xcdfe5544]
[    0.010723] ACPI: Reserving FACS table memory at [mem 0xcdf29000-0xcdf2903f]
[    0.010724] ACPI: Reserving UEFI table memory at [mem 0xcdf7e000-0xcdf7e235]
[    0.010724] ACPI: Reserving SSDT table memory at [mem 0xcdff5000-0xcdffc215]
[    0.010725] ACPI: Reserving IVRS table memory at [mem 0xcdff4000-0xcdff41a3]
[    0.010726] ACPI: Reserving SSDT table memory at [mem 0xcdff3000-0xcdff3227]
[    0.010726] ACPI: Reserving SSDT table memory at [mem 0xcdff2000-0xcdff2d60]
[    0.010727] ACPI: Reserving SSDT table memory at [mem 0xcdff1000-0xcdff146c]
[    0.010727] ACPI: Reserving TPM2 table memory at [mem 0xcdff0000-0xcdff0033]
[    0.010728] ACPI: Reserving MSDM table memory at [mem 0xcdfef000-0xcdfef054]
[    0.010729] ACPI: Reserving ASF! table memory at [mem 0xcdfee000-0xcdfee0a4]
[    0.010729] ACPI: Reserving BOOT table memory at [mem 0xcdfed000-0xcdfed027]
[    0.010730] ACPI: Reserving HPET table memory at [mem 0xcdfeb000-0xcdfeb037]
[    0.010731] ACPI: Reserving APIC table memory at [mem 0xcdfea000-0xcdfea137]
[    0.010731] ACPI: Reserving MCFG table memory at [mem 0xcdfe9000-0xcdfe903b]
[    0.010732] ACPI: Reserving SLIC table memory at [mem 0xcdfe8000-0xcdfe8175]
[    0.010733] ACPI: Reserving SSDT table memory at [mem 0xcdfde000-0xcdfde07f]
[    0.010733] ACPI: Reserving VFCT table memory at [mem 0xcdfd0000-0xcdfdd483]
[    0.010734] ACPI: Reserving SSDT table memory at [mem 0xcdfcf000-0xcdfcf0f7]
[    0.010735] ACPI: Reserving SSDT table memory at [mem 0xcdfcc000-0xcdfcd4ff]
[    0.010735] ACPI: Reserving CRAT table memory at [mem 0xcdffd000-0xcdffdba7]
[    0.010736] ACPI: Reserving CDIT table memory at [mem 0xcdfcb000-0xcdfcb028]
[    0.010737] ACPI: Reserving SSDT table memory at [mem 0xcdfca000-0xcdfca28c]
[    0.010737] ACPI: Reserving SSDT table memory at [mem 0xcdfc9000-0xcdfc9c77]
[    0.010738] ACPI: Reserving SSDT table memory at [mem 0xcdfc7000-0xcdfc80a4]
[    0.010739] ACPI: Reserving SSDT table memory at [mem 0xcdfc3000-0xcdfc60c7]
[    0.010739] ACPI: Reserving FPDT table memory at [mem 0xcdfc2000-0xcdfc2043]
[    0.010740] ACPI: Reserving WSMT table memory at [mem 0xcdfc0000-0xcdfc0027]
[    0.010741] ACPI: Reserving SSDT table memory at [mem 0xcdfe7000-0xcdfe7209]
[    0.010741] ACPI: Reserving SSDT table memory at [mem 0xcdfe6000-0xcdfe65a0]
[    0.010742] ACPI: Reserving SSDT table memory at [mem 0xcdfbf000-0xcdfbf342]
[    0.010743] ACPI: Reserving SSDT table memory at [mem 0xcdfbe000-0xcdfbe07c]
[    0.010744] ACPI: Reserving SSDT table memory at [mem 0xcdfbd000-0xcdfbd821]
[    0.010744] ACPI: Reserving SSDT table memory at [mem 0xcdfbc000-0xcdfbc516]
[    0.010745] ACPI: Reserving BGRT table memory at [mem 0xcdfc1000-0xcdfc1037]
[    0.010797] No NUMA configuration found
[    0.010798] Faking a node at [mem 0x0000000000000000-0x000000040f33ffff]
[    0.010801] NODE_DATA(0) allocated [mem 0x40f33c000-0x40f33ffff]
[    0.010828] Zone ranges:
[    0.010828]   DMA      [mem 0x0000000000001000-0x0000000000ffffff]
[    0.010830]   DMA32    [mem 0x0000000001000000-0x00000000ffffffff]
[    0.010831]   Normal   [mem 0x0000000100000000-0x000000040f33ffff]
[    0.010832]   Device   empty
[    0.010833] Movable zone start for each node
[    0.010833] Early memory node ranges
[    0.010834]   node   0: [mem 0x0000000000001000-0x000000000009efff]
[    0.010835]   node   0: [mem 0x0000000000100000-0x0000000009afffff]
[    0.010836]   node   0: [mem 0x0000000009e00000-0x0000000009efffff]
[    0.010836]   node   0: [mem 0x0000000009f10000-0x00000000bab68fff]
[    0.010837]   node   0: [mem 0x00000000bbd69000-0x00000000c9f7efff]
[    0.010838]   node   0: [mem 0x00000000cdfff000-0x00000000cdffffff]
[    0.010838]   node   0: [mem 0x0000000100000000-0x000000040f33ffff]
[    0.010840] Initmem setup node 0 [mem 0x0000000000001000-0x000000040f33ffff]
[    0.010844] On node 0, zone DMA: 1 pages in unavailable ranges
[    0.010859] On node 0, zone DMA: 97 pages in unavailable ranges
[    0.010988] On node 0, zone DMA32: 768 pages in unavailable ranges
[    0.016039] On node 0, zone DMA32: 16 pages in unavailable ranges
[    0.016505] On node 0, zone DMA32: 4608 pages in unavailable ranges
[    0.016664] On node 0, zone DMA32: 16512 pages in unavailable ranges
[    0.039511] On node 0, zone Normal: 8192 pages in unavailable ranges
[    0.039548] On node 0, zone Normal: 3264 pages in unavailable ranges
[    0.039698] ACPI: PM-Timer IO Port: 0x408
[    0.039704] ACPI: LAPIC_NMI (acpi_id[0x00] high edge lint[0x1])
[    0.039705] ACPI: LAPIC_NMI (acpi_id[0x01] high edge lint[0x1])
[    0.039706] ACPI: LAPIC_NMI (acpi_id[0x02] high edge lint[0x1])
[    0.039707] ACPI: LAPIC_NMI (acpi_id[0x03] high edge lint[0x1])
[    0.039707] ACPI: LAPIC_NMI (acpi_id[0x04] high edge lint[0x1])
[    0.039708] ACPI: LAPIC_NMI (acpi_id[0x05] high edge lint[0x1])
[    0.039708] ACPI: LAPIC_NMI (acpi_id[0x06] high edge lint[0x1])
[    0.039709] ACPI: LAPIC_NMI (acpi_id[0x07] high edge lint[0x1])
[    0.039709] ACPI: LAPIC_NMI (acpi_id[0x08] high edge lint[0x1])
[    0.039710] ACPI: LAPIC_NMI (acpi_id[0x09] high edge lint[0x1])
[    0.039711] ACPI: LAPIC_NMI (acpi_id[0x0a] high edge lint[0x1])
[    0.039711] ACPI: LAPIC_NMI (acpi_id[0x0b] high edge lint[0x1])
[    0.039712] ACPI: LAPIC_NMI (acpi_id[0x0c] high edge lint[0x1])
[    0.039712] ACPI: LAPIC_NMI (acpi_id[0x0d] high edge lint[0x1])
[    0.039713] ACPI: LAPIC_NMI (acpi_id[0x0e] high edge lint[0x1])
[    0.039713] ACPI: LAPIC_NMI (acpi_id[0x0f] high edge lint[0x1])
[    0.039726] IOAPIC[0]: apic_id 33, version 33, address 0xfec00000, GSI 0-23
[    0.039731] IOAPIC[1]: apic_id 34, version 33, address 0xfec01000, GSI 24-55
[    0.039733] ACPI: INT_SRC_OVR (bus 0 bus_irq 0 global_irq 2 dfl dfl)
[    0.039734] ACPI: INT_SRC_OVR (bus 0 bus_irq 9 global_irq 9 low level)
[    0.039737] ACPI: Using ACPI (MADT) for SMP configuration information
[    0.039738] ACPI: HPET id: 0x10228210 base: 0xfed00000
[    0.039747] e820: update [mem 0xb327b000-0xb3280fff] usable ==> reserved
[    0.039756] smpboot: Allowing 16 CPUs, 10 hotplug CPUs
[    0.039780] PM: hibernation: Registered nosave memory: [mem 0x00000000-0x00000fff]
[    0.039782] PM: hibernation: Registered nosave memory: [mem 0x0009f000-0x000bffff]
[    0.039783] PM: hibernation: Registered nosave memory: [mem 0x000c0000-0x000fffff]
[    0.039784] PM: hibernation: Registered nosave memory: [mem 0x09b00000-0x09dfffff]
[    0.039786] PM: hibernation: Registered nosave memory: [mem 0x09f00000-0x09f0ffff]
[    0.039787] PM: hibernation: Registered nosave memory: [mem 0xb327b000-0xb3280fff]
[    0.039789] PM: hibernation: Registered nosave memory: [mem 0xbab69000-0xbbd68fff]
[    0.039790] PM: hibernation: Registered nosave memory: [mem 0xc9f7f000-0xcaf7efff]
[    0.039791] PM: hibernation: Registered nosave memory: [mem 0xcaf7f000-0xccf7efff]
[    0.039791] PM: hibernation: Registered nosave memory: [mem 0xccf7f000-0xcdf7efff]
[    0.039792] PM: hibernation: Registered nosave memory: [mem 0xcdf7f000-0xcdffefff]
[    0.039793] PM: hibernation: Registered nosave memory: [mem 0xce000000-0xceffffff]
[    0.039794] PM: hibernation: Registered nosave memory: [mem 0xcf000000-0xf7ffffff]
[    0.039794] PM: hibernation: Registered nosave memory: [mem 0xf8000000-0xfbffffff]
[    0.039795] PM: hibernation: Registered nosave memory: [mem 0xfc000000-0xfddfffff]
[    0.039795] PM: hibernation: Registered nosave memory: [mem 0xfde00000-0xfdefffff]
[    0.039796] PM: hibernation: Registered nosave memory: [mem 0xfdf00000-0xfebfffff]
[    0.039796] PM: hibernation: Registered nosave memory: [mem 0xfec00000-0xfec00fff]
[    0.039797] PM: hibernation: Registered nosave memory: [mem 0xfec01000-0xfec0ffff]
[    0.039797] PM: hibernation: Registered nosave memory: [mem 0xfec10000-0xfec10fff]
[    0.039798] PM: hibernation: Registered nosave memory: [mem 0xfec11000-0xfec1ffff]
[    0.039798] PM: hibernation: Registered nosave memory: [mem 0xfec20000-0xfec20fff]
[    0.039799] PM: hibernation: Registered nosave memory: [mem 0xfec21000-0xfed7ffff]
[    0.039799] PM: hibernation: Registered nosave memory: [mem 0xfed80000-0xfed80fff]
[    0.039800] PM: hibernation: Registered nosave memory: [mem 0xfed81000-0xfedfffff]
[    0.039800] PM: hibernation: Registered nosave memory: [mem 0xfee00000-0xfee00fff]
[    0.039801] PM: hibernation: Registered nosave memory: [mem 0xfee01000-0xfeffffff]
[    0.039801] PM: hibernation: Registered nosave memory: [mem 0xff000000-0xfff2ffff]
[    0.039802] PM: hibernation: Registered nosave memory: [mem 0xfff30000-0xffffffff]
[    0.039803] [mem 0xcf000000-0xf7ffffff] available for PCI devices
[    0.039804] Booting paravirtualized kernel on bare hardware
[    0.039807] clocksource: refined-jiffies: mask: 0xffffffff max_cycles: 0xffffffff, max_idle_ns: 6370452778343963 ns
[    0.043520] setup_percpu: NR_CPUS:320 nr_cpumask_bits:320 nr_cpu_ids:16 nr_node_ids:1
[    0.044129] percpu: Embedded 61 pages/cpu s212992 r8192 d28672 u262144
[    0.044138] pcpu-alloc: s212992 r8192 d28672 u262144 alloc=1*2097152
[    0.044141] pcpu-alloc: [0] 00 01 02 03 04 05 06 07 [0] 08 09 10 11 12 13 14 15 
[    0.044168] Built 1 zonelists, mobility grouping on.  Total pages: 3966649
[    0.044169] Policy zone: Normal
[    0.044170] Kernel command line: BOOT_IMAGE=/boot/vmlinuz-linux root=UUID=a1e2e1f9-dbcb-484e-a242-73d5754f8d98 rw quiet resume=UUID=36238c5a-d1ff-4e5f-986a-4d302098cfd7 loglevel=3 audit=0 lsm=landlock,lockdown,yama,apparmor,bpf l1tf=full,force mds=full,nosmt mitigations=auto,nosmt nosmt=force init_on_alloc=1 init_on_free=1 randomize_kstack_offset=on slab_nomerge pti=on slub_debug=ZF slub_debug=P page_poison=1 mem_encrypt=on vsyscall=nonei nosmt
[    0.044222] audit: disabled (until reboot)
[    0.044314] mem auto-init: SLAB_POISON will take precedence over init_on_alloc/init_on_free
[    0.044345] Unknown kernel command line parameters "BOOT_IMAGE=/boot/vmlinuz-linux pti=on mem_encrypt=on", will be passed to user space.
[    0.046182] Dentry cache hash table entries: 2097152 (order: 12, 16777216 bytes, linear)
[    0.047102] Inode-cache hash table entries: 1048576 (order: 11, 8388608 bytes, linear)
[    0.047160] mem auto-init: CONFIG_PAGE_POISONING is on, will take precedence over init_on_alloc and init_on_free
[    0.047399] mem auto-init: stack:byref_all(zero), heap alloc:off, heap free:off
[    1.732115] Memory: 15522196K/16119096K available (14344K kernel code, 2071K rwdata, 10792K rodata, 1864K init, 3836K bss, 596640K reserved, 0K cma-reserved)
[    1.732121] **********************************************************
[    1.732121] **   NOTICE NOTICE NOTICE NOTICE NOTICE NOTICE NOTICE   **
[    1.732122] **                                                      **
[    1.732122] ** This system shows unhashed kernel memory addresses   **
[    1.732123] ** via the console, logs, and other interfaces. This    **
[    1.732123] ** might reduce the security of your system.            **
[    1.732123] **                                                      **
[    1.732124] ** If you see this message and you are not debugging    **
[    1.732124] ** the kernel, report this immediately to your system   **
[    1.732124] ** administrator!                                       **
[    1.732124] **                                                      **
[    1.732125] **   NOTICE NOTICE NOTICE NOTICE NOTICE NOTICE NOTICE   **
[    1.732125] **********************************************************
[    1.732128] random: get_random_u64 called from __kmem_cache_create+0x2a/0x540 with crng_init=0
[    1.732281] SLUB: HWalign=64, Order=0-3, MinObjects=0, CPUs=16, Nodes=1
[    1.732297] Kernel/User page tables isolation: enabled
[    1.732318] ftrace: allocating 44299 entries in 174 pages
[    1.743537] ftrace: allocated 174 pages with 5 groups
[    1.743680] rcu: Preemptible hierarchical RCU implementation.
[    1.743681] rcu: 	RCU dyntick-idle grace-period acceleration is enabled.
[    1.743681] rcu: 	RCU restricting CPUs from NR_CPUS=320 to nr_cpu_ids=16.
[    1.743682] rcu: 	RCU priority boosting: priority 1 delay 500 ms.
[    1.743683] 	Trampoline variant of Tasks RCU enabled.
[    1.743683] 	Rude variant of Tasks RCU enabled.
[    1.743684] 	Tracing variant of Tasks RCU enabled.
[    1.743684] rcu: RCU calculated value of scheduler-enlistment delay is 30 jiffies.
[    1.743685] rcu: Adjusting geometry for rcu_fanout_leaf=16, nr_cpu_ids=16
[    1.747090] NR_IRQS: 20736, nr_irqs: 1096, preallocated irqs: 16
[    1.747350] kfence: initialized - using 2097152 bytes for 255 objects at 0xffff8c7cfdc00000-0xffff8c7cfde00000
[    1.747517] Console: colour dummy device 80x25
[    1.747529] printk: console [tty0] enabled
[    1.747550] ACPI: Core revision 20210730
[    1.747771] clocksource: hpet: mask: 0xffffffff max_cycles: 0xffffffff, max_idle_ns: 133484873504 ns
[    1.747788] APIC: Switch to symmetric I/O mode setup
[    1.748628] AMD-Vi: ivrs, add hid:AMDI0020, uid:\_SB.FUR0, rdevid:160
[    1.748629] AMD-Vi: ivrs, add hid:AMDI0020, uid:\_SB.FUR1, rdevid:160
[    1.748630] AMD-Vi: ivrs, add hid:AMDI0020, uid:\_SB.FUR2, rdevid:160
[    1.748631] AMD-Vi: ivrs, add hid:AMDI0020, uid:\_SB.FUR3, rdevid:160
[    1.748937] Switched APIC routing to physical flat.
[    1.749689] ..TIMER: vector=0x30 apic1=0 pin1=2 apic2=-1 pin2=-1
[    1.764462] clocksource: tsc-early: mask: 0xffffffffffffffff max_cycles: 0x222b5ea81ec, max_idle_ns: 440795217256 ns
[    1.764470] Calibrating delay loop (skipped), value calculated using timer frequency.. 4742.54 BogoMIPS (lpj=7901676)
[    1.764472] pid_max: default: 32768 minimum: 301
[    1.790288] LSM: Security Framework initializing
[    1.790305] landlock: Up and running.
[    1.790307] Yama: becoming mindful.
[    1.790340] AppArmor: AppArmor initialized
[    1.790342] LSM support for eBPF active
[    1.790389] Mount-cache hash table entries: 32768 (order: 6, 262144 bytes, linear)
[    1.790426] Mountpoint-cache hash table entries: 32768 (order: 6, 262144 bytes, linear)
[    1.790685] x86/cpu: User Mode Instruction Prevention (UMIP) activated
[    1.790721] LVT offset 1 assigned for vector 0xf9
[    1.790781] LVT offset 2 assigned for vector 0xf4
[    1.790798] Last level iTLB entries: 4KB 1024, 2MB 1024, 4MB 512
[    1.790798] Last level dTLB entries: 4KB 2048, 2MB 2048, 4MB 1024, 1GB 0
[    1.790802] Spectre V1 : Mitigation: usercopy/swapgs barriers and __user pointer sanitization
[    1.790805] Spectre V2 : Mitigation: Full AMD retpoline
[    1.790805] Spectre V2 : Spectre v2 / SpectreRSB mitigation: Filling RSB on context switch
[    1.790806] Spectre V2 : Enabling Restricted Speculation for firmware calls
[    1.790807] Spectre V2 : mitigation: Enabling conditional Indirect Branch Prediction Barrier
[    1.790809] Speculative Store Bypass: Mitigation: Speculative Store Bypass disabled via prctl and seccomp
[    1.792966] Freeing SMP alternatives memory: 36K
[    1.902992] smpboot: CPU0: AMD Ryzen 5 4500U with Radeon Graphics (family: 0x17, model: 0x60, stepping: 0x1)
[    1.903153] Performance Events: Fam17h+ core perfctr, AMD PMU driver.
[    1.903159] ... version:                0
[    1.903159] ... bit width:              48
[    1.903160] ... generic registers:      6
[    1.903160] ... value mask:             0000ffffffffffff
[    1.903161] ... max period:             00007fffffffffff
[    1.903161] ... fixed-purpose events:   0
[    1.903162] ... event mask:             000000000000003f
[    1.903228] rcu: Hierarchical SRCU implementation.
[    1.903729] NMI watchdog: Enabled. Permanently consumes one hw-PMU counter.
[    1.903927] smp: Bringing up secondary CPUs ...
[    1.904047] x86: Booting SMP configuration:
[    1.904048] .... node  #0, CPUs:        #1  #2  #3  #4  #5
[    1.914518] smp: Brought up 1 node, 6 CPUs
[    1.914520] smpboot: Max logical packages: 3
[    1.914521] smpboot: Total of 6 processors activated (28457.28 BogoMIPS)
[    1.915367] devtmpfs: initialized
[    1.915367] x86/mm: Memory block size: 128MB
[    1.915653] ACPI: PM: Registering ACPI NVS region [mem 0x09f00000-0x09f0ffff] (65536 bytes)
[    1.915653] ACPI: PM: Registering ACPI NVS region [mem 0xccf7f000-0xcdf7efff] (16777216 bytes)
[    1.915653] clocksource: jiffies: mask: 0xffffffff max_cycles: 0xffffffff, max_idle_ns: 6370867519511994 ns
[    1.915653] futex hash table entries: 4096 (order: 6, 262144 bytes, linear)
[    1.917833] pinctrl core: initialized pinctrl subsystem
[    1.917946] PM: RTC time: 17:14:14, date: 2021-12-26
[    1.918170] NET: Registered PF_NETLINK/PF_ROUTE protocol family
[    1.918542] DMA: preallocated 2048 KiB GFP_KERNEL pool for atomic allocations
[    1.918792] DMA: preallocated 2048 KiB GFP_KERNEL|GFP_DMA pool for atomic allocations
[    1.919008] DMA: preallocated 2048 KiB GFP_KERNEL|GFP_DMA32 pool for atomic allocations
[    1.919160] thermal_sys: Registered thermal governor 'fair_share'
[    1.919161] thermal_sys: Registered thermal governor 'bang_bang'
[    1.919162] thermal_sys: Registered thermal governor 'step_wise'
[    1.919162] thermal_sys: Registered thermal governor 'user_space'
[    1.919163] thermal_sys: Registered thermal governor 'power_allocator'
[    1.919182] cpuidle: using governor ladder
[    1.919184] cpuidle: using governor menu
[    1.919210] Simple Boot Flag at 0x44 set to 0x1
[    1.919210] HugeTLB: can free 4094 vmemmap pages for hugepages-1048576kB
[    1.919210] ACPI: bus type PCI registered
[    1.919210] acpiphp: ACPI Hot Plug PCI Controller Driver version: 0.5
[    1.919210] PCI: MMCONFIG for domain 0000 [bus 00-3f] at [mem 0xf8000000-0xfbffffff] (base 0xf8000000)
[    1.919210] PCI: MMCONFIG at [mem 0xf8000000-0xfbffffff] reserved in E820
[    1.919210] PCI: Using configuration type 1 for base access
[    1.921296] Kprobes globally optimized
[    1.921300] HugeTLB: can free 6 vmemmap pages for hugepages-2048kB
[    1.921300] HugeTLB registered 1.00 GiB page size, pre-allocated 0 pages
[    1.921300] HugeTLB registered 2.00 MiB page size, pre-allocated 0 pages
[    1.924608] ACPI: Added _OSI(Module Device)
[    1.924609] ACPI: Added _OSI(Processor Device)
[    1.924610] ACPI: Added _OSI(3.0 _SCP Extensions)
[    1.924610] ACPI: Added _OSI(Processor Aggregator Device)
[    1.924612] ACPI: Added _OSI(Linux-Dell-Video)
[    1.924613] ACPI: Added _OSI(Linux-Lenovo-NV-HDMI-Audio)
[    1.924614] ACPI: Added _OSI(Linux-HPI-Hybrid-Graphics)
[    1.940375] ACPI: 18 ACPI AML tables successfully acquired and loaded
[    1.942037] ACPI: [Firmware Bug]: BIOS _OSI(Linux) query ignored
[    1.945287] ACPI: EC: EC started
[    1.945288] ACPI: EC: interrupt blocked
[    1.947564] ACPI: EC: EC_CMD/EC_SC=0x66, EC_DATA=0x62
[    1.947566] ACPI: \_SB_.PCI0.LPC0.EC0_: Boot DSDT EC used to handle transactions
[    1.947567] ACPI: Interpreter enabled
[    1.947584] ACPI: PM: (supports S0 S4 S5)
[    1.947585] ACPI: Using IOAPIC for interrupt routing
[    1.947805] PCI: Using host bridge windows from ACPI; if necessary, use "pci=nocrs" and report a bug
[    1.951018] ACPI: PM: Power Resource [P0U0]
[    1.951051] ACPI: PM: Power Resource [P3U0]
[    1.951852] ACPI: PM: Power Resource [P0U1]
[    1.951882] ACPI: PM: Power Resource [P3U1]
[    1.952654] ACPI: PM: Power Resource [P0S0]
[    1.952682] ACPI: PM: Power Resource [P3S0]
[    1.952849] ACPI: PM: Power Resource [P0S1]
[    1.952877] ACPI: PM: Power Resource [P3S1]
[    1.958958] ACPI: PCI Root Bridge [PCI0] (domain 0000 [bus 00-ff])
[    1.958964] acpi PNP0A08:00: _OSC: OS supports [ExtendedConfig ASPM ClockPM Segments MSI EDR HPX-Type3]
[    1.959204] acpi PNP0A08:00: _OSC: platform does not support [SHPCHotplug LTR DPC]
[    1.959432] acpi PNP0A08:00: _OSC: OS now controls [PCIeHotplug PME AER PCIeCapability]
[    1.959443] acpi PNP0A08:00: [Firmware Info]: MMCONFIG for domain 0000 [bus 00-3f] only partially covers this bridge
[    1.959804] PCI host bridge to bus 0000:00
[    1.959805] pci_bus 0000:00: root bus resource [io  0x0000-0x0cf7 window]
[    1.959807] pci_bus 0000:00: root bus resource [io  0x0d00-0xffff window]
[    1.959808] pci_bus 0000:00: root bus resource [mem 0x000a0000-0x000bffff window]
[    1.959809] pci_bus 0000:00: root bus resource [mem 0x000c0000-0x000c3fff window]
[    1.959810] pci_bus 0000:00: root bus resource [mem 0x000c4000-0x000c7fff window]
[    1.959811] pci_bus 0000:00: root bus resource [mem 0x000c8000-0x000cbfff window]
[    1.959812] pci_bus 0000:00: root bus resource [mem 0x000cc000-0x000cffff window]
[    1.959813] pci_bus 0000:00: root bus resource [mem 0x000d0000-0x000d3fff window]
[    1.959814] pci_bus 0000:00: root bus resource [mem 0x000d4000-0x000d7fff window]
[    1.959815] pci_bus 0000:00: root bus resource [mem 0x000d8000-0x000dbfff window]
[    1.959816] pci_bus 0000:00: root bus resource [mem 0x000dc000-0x000dffff window]
[    1.959817] pci_bus 0000:00: root bus resource [mem 0x000e0000-0x000e3fff window]
[    1.959818] pci_bus 0000:00: root bus resource [mem 0x000e4000-0x000e7fff window]
[    1.959819] pci_bus 0000:00: root bus resource [mem 0x000e8000-0x000ebfff window]
[    1.959820] pci_bus 0000:00: root bus resource [mem 0x000ec000-0x000effff window]
[    1.959821] pci_bus 0000:00: root bus resource [mem 0xd0000000-0xf7ffffff window]
[    1.959822] pci_bus 0000:00: root bus resource [mem 0xfc000000-0xfed3ffff window]
[    1.959823] pci_bus 0000:00: root bus resource [mem 0x450200000-0xfcffffffff window]
[    1.959824] pci_bus 0000:00: root bus resource [bus 00-ff]
[    1.959861] pci 0000:00:00.0: [1022:1630] type 00 class 0x060000
[    1.959976] pci 0000:00:00.2: [1022:1631] type 00 class 0x080600
[    1.960099] pci 0000:00:01.0: [1022:1632] type 00 class 0x060000
[    1.960201] pci 0000:00:02.0: [1022:1632] type 00 class 0x060000
[    1.960305] pci 0000:00:08.0: [1022:1632] type 00 class 0x060000
[    1.960426] pci 0000:00:08.1: [1022:1635] type 01 class 0x060400
[    1.960446] pci 0000:00:08.1: enabling Extended Tags
[    1.960475] pci 0000:00:08.1: PME# supported from D0 D3hot D3cold
[    1.960626] pci 0000:00:08.2: [1022:1635] type 01 class 0x060400
[    1.960646] pci 0000:00:08.2: enabling Extended Tags
[    1.960675] pci 0000:00:08.2: PME# supported from D0 D3hot D3cold
[    1.960821] pci 0000:00:14.0: [1022:790b] type 00 class 0x0c0500
[    1.960993] pci 0000:00:14.3: [1022:790e] type 00 class 0x060100
[    1.961152] pci 0000:00:18.0: [1022:1448] type 00 class 0x060000
[    1.961232] pci 0000:00:18.1: [1022:1449] type 00 class 0x060000
[    1.961305] pci 0000:00:18.2: [1022:144a] type 00 class 0x060000
[    1.961379] pci 0000:00:18.3: [1022:144b] type 00 class 0x060000
[    1.961452] pci 0000:00:18.4: [1022:144c] type 00 class 0x060000
[    1.961530] pci 0000:00:18.5: [1022:144d] type 00 class 0x060000
[    1.961604] pci 0000:00:18.6: [1022:144e] type 00 class 0x060000
[    1.961677] pci 0000:00:18.7: [1022:144f] type 00 class 0x060000
[    1.961849] pci 0000:01:00.0: [1002:1636] type 00 class 0x030000
[    1.961860] pci 0000:01:00.0: reg 0x10: [mem 0xfce0000000-0xfcefffffff 64bit pref]
[    1.961867] pci 0000:01:00.0: reg 0x18: [mem 0xfcf0000000-0xfcf01fffff 64bit pref]
[    1.961872] pci 0000:01:00.0: reg 0x20: [io  0x1000-0x10ff]
[    1.961877] pci 0000:01:00.0: reg 0x24: [mem 0xd0400000-0xd047ffff]
[    1.961885] pci 0000:01:00.0: enabling Extended Tags
[    1.961897] pci 0000:01:00.0: BAR 0: assigned to efifb
[    1.961932] pci 0000:01:00.0: PME# supported from D1 D2 D3hot D3cold
[    1.962061] pci 0000:01:00.1: [1002:1637] type 00 class 0x040300
[    1.962068] pci 0000:01:00.1: reg 0x10: [mem 0xd04c8000-0xd04cbfff]
[    1.962088] pci 0000:01:00.1: enabling Extended Tags
[    1.962116] pci 0000:01:00.1: PME# supported from D1 D2 D3hot D3cold
[    1.962216] pci 0000:01:00.2: [1022:15df] type 00 class 0x108000
[    1.962228] pci 0000:01:00.2: reg 0x18: [mem 0xd0300000-0xd03fffff]
[    1.962237] pci 0000:01:00.2: reg 0x24: [mem 0xd04cc000-0xd04cdfff]
[    1.962243] pci 0000:01:00.2: enabling Extended Tags
[    1.962363] pci 0000:01:00.3: [1022:1639] type 00 class 0x0c0330
[    1.962373] pci 0000:01:00.3: reg 0x10: [mem 0xd0100000-0xd01fffff 64bit]
[    1.962396] pci 0000:01:00.3: enabling Extended Tags
[    1.962425] pci 0000:01:00.3: PME# supported from D0 D3hot D3cold
[    1.962522] pci 0000:01:00.4: [1022:1639] type 00 class 0x0c0330
[    1.962532] pci 0000:01:00.4: reg 0x10: [mem 0xd0200000-0xd02fffff 64bit]
[    1.962555] pci 0000:01:00.4: enabling Extended Tags
[    1.962584] pci 0000:01:00.4: PME# supported from D0 D3hot D3cold
[    1.962686] pci 0000:01:00.5: [1022:15e2] type 00 class 0x048000
[    1.962693] pci 0000:01:00.5: reg 0x10: [mem 0xd0480000-0xd04bffff]
[    1.962713] pci 0000:01:00.5: enabling Extended Tags
[    1.962740] pci 0000:01:00.5: PME# supported from D0 D3hot D3cold
[    1.962837] pci 0000:01:00.6: [1022:15e3] type 00 class 0x040300
[    1.962844] pci 0000:01:00.6: reg 0x10: [mem 0xd04c0000-0xd04c7fff]
[    1.962864] pci 0000:01:00.6: enabling Extended Tags
[    1.962891] pci 0000:01:00.6: PME# supported from D0 D3hot D3cold
[    1.962981] pci 0000:00:08.1: PCI bridge to [bus 01]
[    1.962984] pci 0000:00:08.1:   bridge window [io  0x1000-0x1fff]
[    1.962985] pci 0000:00:08.1:   bridge window [mem 0xd0100000-0xd04fffff]
[    1.962988] pci 0000:00:08.1:   bridge window [mem 0xfce0000000-0xfcf01fffff 64bit pref]
[    1.963040] pci 0000:02:00.0: [1022:7901] type 00 class 0x010601
[    1.963066] pci 0000:02:00.0: reg 0x24: [mem 0xd0001000-0xd00017ff]
[    1.963074] pci 0000:02:00.0: enabling Extended Tags
[    1.963194] pci 0000:02:00.1: [1022:7901] type 00 class 0x010601
[    1.963222] pci 0000:02:00.1: reg 0x24: [mem 0xd0000000-0xd00007ff]
[    1.963229] pci 0000:02:00.1: enabling Extended Tags
[    1.963331] pci 0000:00:08.2: PCI bridge to [bus 02]
[    1.963334] pci 0000:00:08.2:   bridge window [mem 0xd0000000-0xd00fffff]
[    1.967812] ACPI: PCI: Interrupt link LNKA configured for IRQ 0
[    1.967812] ACPI: PCI: Interrupt link LNKA disabled
[    1.967812] ACPI: PCI: Interrupt link LNKB configured for IRQ 0
[    1.967812] ACPI: PCI: Interrupt link LNKB disabled
[    1.967812] ACPI: PCI: Interrupt link LNKC configured for IRQ 0
[    1.967812] ACPI: PCI: Interrupt link LNKC disabled
[    1.967812] ACPI: PCI: Interrupt link LNKD configured for IRQ 0
[    1.967812] ACPI: PCI: Interrupt link LNKD disabled
[    1.967812] ACPI: PCI: Interrupt link LNKE configured for IRQ 0
[    1.967812] ACPI: PCI: Interrupt link LNKE disabled
[    1.967812] ACPI: PCI: Interrupt link LNKF configured for IRQ 0
[    1.967812] ACPI: PCI: Interrupt link LNKF disabled
[    1.967812] ACPI: PCI: Interrupt link LNKG configured for IRQ 0
[    1.967812] ACPI: PCI: Interrupt link LNKG disabled
[    1.967812] ACPI: PCI: Interrupt link LNKH configured for IRQ 0
[    1.967812] ACPI: PCI: Interrupt link LNKH disabled
[    1.967812] ACPI: EC: interrupt unblocked
[    1.967812] ACPI: EC: event unblocked
[    1.967812] ACPI: EC: EC_CMD/EC_SC=0x66, EC_DATA=0x62
[    1.967812] ACPI: EC: GPE=0x3
[    1.967812] ACPI: \_SB_.PCI0.LPC0.EC0_: Boot DSDT EC initialization complete
[    1.967812] ACPI: \_SB_.PCI0.LPC0.EC0_: EC: Used to handle transactions and events
[    1.967812] iommu: Default domain type: Translated 
[    1.967812] iommu: DMA domain TLB invalidation policy: lazy mode 
[    1.967823] pci 0000:01:00.0: vgaarb: VGA device added: decodes=io+mem,owns=none,locks=none
[    1.967823] pci 0000:01:00.0: vgaarb: bridge control possible
[    1.967823] pci 0000:01:00.0: vgaarb: setting as boot device
[    1.967823] vgaarb: loaded
[    1.968040] SCSI subsystem initialized
[    1.971230] libata version 3.00 loaded.
[    1.971230] ACPI: bus type USB registered
[    1.971230] usbcore: registered new interface driver usbfs
[    1.971230] usbcore: registered new interface driver hub
[    1.971234] usbcore: registered new device driver usb
[    1.982457] pps_core: LinuxPPS API ver. 1 registered
[    1.982458] pps_core: Software ver. 5.3.6 - Copyright 2005-2007 Rodolfo Giometti <giometti@linux.it>
[    1.982461] PTP clock support registered
[    1.982470] EDAC MC: Ver: 3.0.0
[    1.982515] Registered efivars operations
[    1.982515] NetLabel: Initializing
[    1.982515] NetLabel:  domain hash size = 128
[    1.982515] NetLabel:  protocols = UNLABELED CIPSOv4 CALIPSO
[    1.982515] NetLabel:  unlabeled traffic allowed by default
[    1.982515] PCI: Using ACPI for IRQ routing
[    1.982917] PCI: pci_cache_line_size set to 64 bytes
[    1.982950] e820: reserve RAM buffer [mem 0x0009f000-0x0009ffff]
[    1.982952] e820: reserve RAM buffer [mem 0x09b00000-0x0bffffff]
[    1.982953] e820: reserve RAM buffer [mem 0x09f00000-0x0bffffff]
[    1.982953] e820: reserve RAM buffer [mem 0xb327b000-0xb3ffffff]
[    1.982954] e820: reserve RAM buffer [mem 0xbab69000-0xbbffffff]
[    1.982955] e820: reserve RAM buffer [mem 0xc9f7f000-0xcbffffff]
[    1.982956] e820: reserve RAM buffer [mem 0xce000000-0xcfffffff]
[    1.982957] e820: reserve RAM buffer [mem 0x40f340000-0x40fffffff]
[    1.984647] hpet0: at MMIO 0xfed00000, IRQs 2, 8, 0
[    1.984654] hpet0: 3 comparators, 32-bit 14.318180 MHz counter
[    1.988126] clocksource: Switched to clocksource tsc-early
[    1.998174] VFS: Disk quotas dquot_6.6.0
[    1.998191] VFS: Dquot-cache hash table entries: 512 (order 0, 4096 bytes)
[    1.998334] AppArmor: AppArmor Filesystem Enabled
[    1.998390] pnp: PnP ACPI init
[    1.998667] system 00:00: [mem 0xfec00000-0xfec01fff] could not be reserved
[    1.998672] system 00:00: [mem 0xfee00000-0xfee00fff] has been reserved
[    1.998674] system 00:00: [mem 0xfde00000-0xfdefffff] has been reserved
[    1.998914] system 00:03: [io  0x0400-0x04cf] has been reserved
[    1.998916] system 00:03: [io  0x04d0-0x04d1] has been reserved
[    1.998917] system 00:03: [io  0x04d6] has been reserved
[    1.998918] system 00:03: [io  0x0c00-0x0c01] has been reserved
[    1.998919] system 00:03: [io  0x0c14] has been reserved
[    1.998921] system 00:03: [io  0x0c50-0x0c52] has been reserved
[    1.998922] system 00:03: [io  0x0c6c] has been reserved
[    1.998923] system 00:03: [io  0x0c6f] has been reserved
[    1.998924] system 00:03: [io  0x0cd0-0x0cdb] has been reserved
[    1.998997] system 00:04: [mem 0x000e0000-0x000fffff] could not be reserved
[    1.998998] system 00:04: [mem 0xff000000-0xffffffff] could not be reserved
[    2.000137] pnp: PnP ACPI: found 5 devices
[    2.007983] clocksource: acpi_pm: mask: 0xffffff max_cycles: 0xffffff, max_idle_ns: 2085701024 ns
[    2.008137] NET: Registered PF_INET protocol family
[    2.008845] IP idents hash table entries: 262144 (order: 9, 2097152 bytes, linear)
[    2.010617] tcp_listen_portaddr_hash hash table entries: 8192 (order: 5, 131072 bytes, linear)
[    2.010756] TCP established hash table entries: 131072 (order: 8, 1048576 bytes, linear)
[    2.010999] TCP bind hash table entries: 65536 (order: 8, 1048576 bytes, linear)
[    2.011065] TCP: Hash tables configured (established 131072 bind 65536)
[    2.011221] MPTCP token hash table entries: 16384 (order: 6, 393216 bytes, linear)
[    2.011280] UDP hash table entries: 8192 (order: 6, 262144 bytes, linear)
[    2.011334] UDP-Lite hash table entries: 8192 (order: 6, 262144 bytes, linear)
[    2.011417] NET: Registered PF_UNIX/PF_LOCAL protocol family
[    2.011422] NET: Registered PF_XDP protocol family
[    2.011436] pci 0000:00:08.1: PCI bridge to [bus 01]
[    2.011439] pci 0000:00:08.1:   bridge window [io  0x1000-0x1fff]
[    2.011444] pci 0000:00:08.1:   bridge window [mem 0xd0100000-0xd04fffff]
[    2.011446] pci 0000:00:08.1:   bridge window [mem 0xfce0000000-0xfcf01fffff 64bit pref]
[    2.011449] pci 0000:00:08.2: PCI bridge to [bus 02]
[    2.011452] pci 0000:00:08.2:   bridge window [mem 0xd0000000-0xd00fffff]
[    2.011457] pci_bus 0000:00: resource 4 [io  0x0000-0x0cf7 window]
[    2.011459] pci_bus 0000:00: resource 5 [io  0x0d00-0xffff window]
[    2.011460] pci_bus 0000:00: resource 6 [mem 0x000a0000-0x000bffff window]
[    2.011461] pci_bus 0000:00: resource 7 [mem 0x000c0000-0x000c3fff window]
[    2.011462] pci_bus 0000:00: resource 8 [mem 0x000c4000-0x000c7fff window]
[    2.011463] pci_bus 0000:00: resource 9 [mem 0x000c8000-0x000cbfff window]
[    2.011463] pci_bus 0000:00: resource 10 [mem 0x000cc000-0x000cffff window]
[    2.011464] pci_bus 0000:00: resource 11 [mem 0x000d0000-0x000d3fff window]
[    2.011465] pci_bus 0000:00: resource 12 [mem 0x000d4000-0x000d7fff window]
[    2.011466] pci_bus 0000:00: resource 13 [mem 0x000d8000-0x000dbfff window]
[    2.011467] pci_bus 0000:00: resource 14 [mem 0x000dc000-0x000dffff window]
[    2.011468] pci_bus 0000:00: resource 15 [mem 0x000e0000-0x000e3fff window]
[    2.011469] pci_bus 0000:00: resource 16 [mem 0x000e4000-0x000e7fff window]
[    2.011470] pci_bus 0000:00: resource 17 [mem 0x000e8000-0x000ebfff window]
[    2.011471] pci_bus 0000:00: resource 18 [mem 0x000ec000-0x000effff window]
[    2.011472] pci_bus 0000:00: resource 19 [mem 0xd0000000-0xf7ffffff window]
[    2.011473] pci_bus 0000:00: resource 20 [mem 0xfc000000-0xfed3ffff window]
[    2.011473] pci_bus 0000:00: resource 21 [mem 0x450200000-0xfcffffffff window]
[    2.011475] pci_bus 0000:01: resource 0 [io  0x1000-0x1fff]
[    2.011475] pci_bus 0000:01: resource 1 [mem 0xd0100000-0xd04fffff]
[    2.011476] pci_bus 0000:01: resource 2 [mem 0xfce0000000-0xfcf01fffff 64bit pref]
[    2.011478] pci_bus 0000:02: resource 1 [mem 0xd0000000-0xd00fffff]
[    2.011623] pci 0000:01:00.1: D0 power state depends on 0000:01:00.0
[    2.011659] pci 0000:01:00.3: extending delay after power-on from D3hot to 20 msec
[    2.013244] pci 0000:01:00.4: extending delay after power-on from D3hot to 20 msec
[    2.151940] pci 0000:01:00.4: quirk_usb_early_handoff+0x0/0x750 took 135443 usecs
[    2.151952] PCI: CLS 64 bytes, default 64
[    2.151966] pci 0000:00:00.2: AMD-Vi: IOMMU performance counters supported
[    2.152025] Trying to unpack rootfs image as initramfs...
[    2.152035] pci 0000:00:00.2: can't derive routing for PCI INT A
[    2.152037] pci 0000:00:00.2: PCI INT A: not connected
[    2.152057] pci 0000:00:01.0: Adding to iommu group 0
[    2.152073] pci 0000:00:02.0: Adding to iommu group 1
[    2.152088] pci 0000:00:08.0: Adding to iommu group 2
[    2.152095] pci 0000:00:08.1: Adding to iommu group 2
[    2.152102] pci 0000:00:08.2: Adding to iommu group 2
[    2.152114] pci 0000:00:14.0: Adding to iommu group 3
[    2.152123] pci 0000:00:14.3: Adding to iommu group 3
[    2.152147] pci 0000:00:18.0: Adding to iommu group 4
[    2.152154] pci 0000:00:18.1: Adding to iommu group 4
[    2.152161] pci 0000:00:18.2: Adding to iommu group 4
[    2.152167] pci 0000:00:18.3: Adding to iommu group 4
[    2.152175] pci 0000:00:18.4: Adding to iommu group 4
[    2.152182] pci 0000:00:18.5: Adding to iommu group 4
[    2.152190] pci 0000:00:18.6: Adding to iommu group 4
[    2.152197] pci 0000:00:18.7: Adding to iommu group 4
[    2.152211] pci 0000:01:00.0: Adding to iommu group 2
[    2.152215] pci 0000:01:00.1: Adding to iommu group 2
[    2.152219] pci 0000:01:00.2: Adding to iommu group 2
[    2.152223] pci 0000:01:00.3: Adding to iommu group 2
[    2.152228] pci 0000:01:00.4: Adding to iommu group 2
[    2.152233] pci 0000:01:00.5: Adding to iommu group 2
[    2.152238] pci 0000:01:00.6: Adding to iommu group 2
[    2.152243] pci 0000:02:00.0: Adding to iommu group 2
[    2.152247] pci 0000:02:00.1: Adding to iommu group 2
[    2.153693] pci 0000:00:00.2: AMD-Vi: Found IOMMU cap 0x40
[    2.153698] AMD-Vi: Extended features (0x206d73ef22254ade): PPR X2APIC NX GT IA GA PC GA_vAPIC
[    2.153703] AMD-Vi: Interrupt remapping enabled
[    2.153704] AMD-Vi: Virtual APIC enabled
[    2.153704] AMD-Vi: X2APIC enabled
[    2.153990] software IO TLB: tearing down default memory pool
[    2.162052] LVT offset 0 assigned for vector 0x400
[    2.162218] perf: AMD IBS detected (0x000003ff)
[    2.162224] perf/amd_iommu: Detected AMD IOMMU #0 (2 banks, 4 counters/bank).
[    2.163884] Initialise system trusted keyrings
[    2.163898] Key type blacklist registered
[    2.163998] workingset: timestamp_bits=41 max_order=22 bucket_order=0
[    2.165519] zbud: loaded
[    2.168958] Key type asymmetric registered
[    2.168960] Asymmetric key parser 'x509' registered
[    2.168992] Block layer SCSI generic (bsg) driver version 0.4 loaded (major 242)
[    2.169229] io scheduler mq-deadline registered
[    2.169231] io scheduler kyber registered
[    2.169262] io scheduler bfq registered
[    2.169648] pcieport 0000:00:08.1: PME: Signaling with IRQ 26
[    2.169864] pcieport 0000:00:08.2: PME: Signaling with IRQ 27
[    2.169946] shpchp: Standard Hot Plug PCI Controller Driver version: 0.4
[    2.172088] ACPI: AC: AC Adapter [ACAD] (on-line)
[    2.172129] input: Power Button as /devices/LNXSYSTM:00/LNXSYBUS:00/PNP0C0C:00/input/input0
[    2.172146] ACPI: button: Power Button [PWRB]
[    2.172174] input: Lid Switch as /devices/LNXSYSTM:00/LNXSYBUS:00/PNP0A08:00/device:2a/PNP0C09:00/PNP0C0D:00/input/input1
[    2.172189] ACPI: button: Lid Switch [LID0]
[    2.172243] Monitor-Mwait will be used to enter C-1 state
[    2.172262] ACPI: \_SB_.PLTF.C000: Found 3 idle states
[    2.172274] ACPI: FW issue: working around C-state latencies out of order
[    2.172521] ACPI: \_SB_.PLTF.C001: Found 3 idle states
[    2.172531] ACPI: FW issue: working around C-state latencies out of order
[    2.172629] ACPI: \_SB_.PLTF.C002: Found 3 idle states
[    2.172642] ACPI: FW issue: working around C-state latencies out of order
[    2.172738] ACPI: \_SB_.PLTF.C003: Found 3 idle states
[    2.172753] ACPI: FW issue: working around C-state latencies out of order
[    2.172845] ACPI: \_SB_.PLTF.C004: Found 3 idle states
[    2.172849] ACPI: FW issue: working around C-state latencies out of order
[    2.172934] ACPI: \_SB_.PLTF.C005: Found 3 idle states
[    2.172938] ACPI: FW issue: working around C-state latencies out of order
[    2.175067] thermal LNXTHERM:00: registered as thermal_zone0
[    2.175071] ACPI: thermal: Thermal Zone [TZ0] (0 C)
[    2.175347] Serial: 8250/16550 driver, 32 ports, IRQ sharing enabled
[    2.175965] ACPI: battery: Slot [BATT] (battery absent)
[    2.177265] Non-volatile memory driver v1.3
[    2.177268] Linux agpgart interface v0.103
[    2.177320] AMD-Vi: AMD IOMMUv2 loaded and initialized
[    2.178784] ahci 0000:02:00.0: version 3.0
[    2.178970] ahci 0000:02:00.0: AHCI 0001.0301 32 slots 1 ports 6 Gbps 0x1 impl SATA mode
[    2.178972] ahci 0000:02:00.0: flags: 64bit ncq sntf ilck pm led clo only pmp fbs pio slum part 
[    2.179368] scsi host0: ahci
[    2.179457] ata1: SATA max UDMA/133 abar m2048@0xd0001000 port 0xd0001100 irq 29
[    2.179665] ahci 0000:02:00.1: AHCI 0001.0301 32 slots 1 ports 6 Gbps 0x1 impl SATA mode
[    2.179668] ahci 0000:02:00.1: flags: 64bit ncq sntf ilck pm led clo only pmp fbs pio slum part deso sadm sds 
[    2.180103] scsi host1: ahci
[    2.180176] ata2: SATA max UDMA/133 abar m2048@0xd0000000 port 0xd0000100 irq 31
[    2.180215] ehci_hcd: USB 2.0 'Enhanced' Host Controller (EHCI) Driver
[    2.180226] ehci-pci: EHCI PCI platform driver
[    2.180244] ohci_hcd: USB 1.1 'Open' Host Controller (OHCI) Driver
[    2.180249] ohci-pci: OHCI PCI platform driver
[    2.180254] uhci_hcd: USB Universal Host Controller Interface driver
[    2.180312] usbcore: registered new interface driver usbserial_generic
[    2.180315] usbserial: USB Serial support registered for generic
[    2.180425] rtc_cmos 00:01: RTC can wake from S4
[    2.180631] rtc_cmos 00:01: registered as rtc0
[    2.180660] rtc_cmos 00:01: setting system clock to 2021-12-26T17:14:14 UTC (1640538854)
[    2.180673] rtc_cmos 00:01: alarms up to one month, 114 bytes nvram, hpet irqs
[    2.180872] ledtrig-cpu: registered to indicate activity on CPUs
[    2.181136] efifb: probing for efifb
[    2.181149] efifb: framebuffer at 0xfce0000000, using 8128k, total 8128k
[    2.181150] efifb: mode is 1920x1080x32, linelength=7680, pages=1
[    2.181151] efifb: scrolling: redraw
[    2.181151] efifb: Truecolor: size=8:8:8:8, shift=24:16:8:0
[    2.181222] fbcon: Deferring console take-over
[    2.181223] fb0: EFI VGA frame buffer device
[    2.181265] hid: raw HID events driver (C) Jiri Kosina
[    2.181365] drop_monitor: Initializing network drop monitor service
[    2.181414] Initializing XFRM netlink socket
[    2.181517] NET: Registered PF_INET6 protocol family
[    2.494155] ata1: SATA link down (SStatus 0 SControl 300)
[    2.546406] Freeing initrd memory: 10668K
[    2.552935] Segment Routing with IPv6
[    2.552938] RPL Segment Routing with IPv6
[    2.552955] In-situ OAM (IOAM) with IPv6
[    2.552981] NET: Registered PF_PACKET protocol family
[    2.554479] microcode: CPU0: patch_level=0x08600106
[    2.554505] microcode: CPU1: patch_level=0x08600106
[    2.554528] microcode: CPU2: patch_level=0x08600106
[    2.554554] microcode: CPU3: patch_level=0x08600106
[    2.554562] microcode: CPU4: patch_level=0x08600106
[    2.554579] microcode: CPU5: patch_level=0x08600106
[    2.554583] microcode: Microcode Update Driver: v2.2.
[    2.554979] resctrl: L3 allocation detected
[    2.554983] resctrl: MB allocation detected
[    2.554983] resctrl: L3 monitoring detected
[    2.554989] IPI shorthand broadcast: enabled
[    2.555004] sched_clock: Marking stable (2554438185, 506661)->(3658916773, -1103971927)
[    2.555342] registered taskstats version 1
[    2.555749] Loading compiled-in X.509 certificates
[    2.558060] Loaded X.509 cert 'Build time autogenerated kernel key: defcdccb3962b02406b9684259a13cefc7cd3e6e'
[    2.559101] zswap: loaded using pool lz4/z3fold
[    2.559967] Key type ._fscrypt registered
[    2.559970] Key type .fscrypt registered
[    2.559970] Key type fscrypt-provisioning registered
[    2.560036] AppArmor: AppArmor sha1 policy hashing enabled
[    2.560405] PM:   Magic number: 1:962:239
[    2.560455] memory memory117: hash matches
[    2.560695] RAS: Correctable Errors collector initialized.
[    2.945461] ata2: SATA link up 6.0 Gbps (SStatus 133 SControl 300)
[    2.946058] ata2.00: ATA-11: SAMSUNG MZNLH512HALU-00000, RVT2200Q, max UDMA/133
[    2.947026] ata2.00: 1000215216 sectors, multi 16: LBA48 NCQ (depth 32), AA
[    2.948718] ata2.00: Features: Dev-Sleep NCQ-sndrcv
[    2.952764] ata2.00: configured for UDMA/133
[    2.952922] ata2.00: failed to enable DEVSLP
[    2.952932] ata2.00: failed to enable DIPM, Emask 0x40
[    3.205435] clocksource: timekeeping watchdog on CPU1: Marking clocksource 'tsc-early' as unstable because the skew is too large:
[    3.205443] clocksource:                       'hpet' wd_nsec: 506734584 wd_now: 1f11bb5 wd_last: 18265d8 mask: ffffffff
[    3.205447] clocksource:                       'tsc-early' cs_nsec: 793008461 cs_now: 67dbe02c0 cs_last: 60db218f9 mask: ffffffffffffffff
[    3.205451] clocksource:                       'tsc-early' is current clocksource.
[    3.205461] tsc: Marking TSC unstable due to clocksource watchdog
[    3.205478] TSC found unstable after boot, most likely due to broken BIOS. Use 'tsc=unstable'.
[    3.205479] sched_clock: Marking unstable (3204970566, 506661)<-(4309449109, -1103971927)
[    3.205873] clocksource: Switched to clocksource hpet
[    8.028049] ata2: SATA link up 6.0 Gbps (SStatus 133 SControl 300)
[    8.036092] ata2.00: configured for UDMA/133
[    8.036897] scsi 1:0:0:0: Direct-Access     ATA      SAMSUNG MZNLH512 200Q PQ: 0 ANSI: 5
[    8.037262] sd 1:0:0:0: [sda] 1000215216 512-byte logical blocks: (512 GB/477 GiB)
[    8.037279] sd 1:0:0:0: [sda] Write Protect is off
[    8.037283] sd 1:0:0:0: [sda] Mode Sense: 00 3a 00 00
[    8.037304] sd 1:0:0:0: [sda] Write cache: enabled, read cache: enabled, doesn't support DPO or FUA
[    8.070900]  sda: sda1 sda2 sda3
[    8.091552] sd 1:0:0:0: [sda] Attached SCSI disk
[    8.091744] Unstable clock detected, switching default tracing clock to "global"
               If you want to keep using the local clock, then add:
                 "trace_clock=local"
               on the kernel command line
[    8.093734] Freeing unused decrypted memory: 2036K
[    8.094242] Freeing unused kernel image (initmem) memory: 1864K
[    8.118149] Write protecting the kernel read-only data: 28672k
[    8.119128] Freeing unused kernel image (text/rodata gap) memory: 2036K
[    8.119623] Freeing unused kernel image (rodata/data gap) memory: 1496K
[    8.145112] x86/mm: Checked W+X mappings: passed, no W+X pages found.
[    8.145118] rodata_test: all tests were successful
[    8.145120] x86/mm: Checking user space page tables
[    8.169466] x86/mm: Checked W+X mappings: passed, no W+X pages found.
[    8.169480] Run /init as init process
[    8.169481]   with arguments:
[    8.169483]     /init
[    8.169484]   with environment:
[    8.169484]     HOME=/
[    8.169484]     TERM=linux
[    8.169485]     BOOT_IMAGE=/boot/vmlinuz-linux
[    8.169486]     pti=on
[    8.169486]     mem_encrypt=on
[    8.193470] fbcon: Taking over console
[    8.193554] Console: switching to colour frame buffer device 240x67
[    8.284291] xhci_hcd 0000:01:00.3: xHCI Host Controller
[    8.284298] xhci_hcd 0000:01:00.3: new USB bus registered, assigned bus number 1
[    8.284394] xhci_hcd 0000:01:00.3: hcc params 0x0268ffe5 hci version 0x110 quirks 0x0000020000000410
[    8.284699] i8042: PNP: PS/2 Controller [PNP0303:KBC0] at 0x60,0x64 irq 1
[    8.284702] i8042: PNP: PS/2 appears to have AUX port disabled, if this is incorrect please boot with i8042.nopnp
[    8.284759] usb usb1: New USB device found, idVendor=1d6b, idProduct=0002, bcdDevice= 5.15
[    8.284761] usb usb1: New USB device strings: Mfr=3, Product=2, SerialNumber=1
[    8.284763] usb usb1: Product: xHCI Host Controller
[    8.284764] usb usb1: Manufacturer: Linux 5.15.11-arch2-1 xhci-hcd
[    8.284765] usb usb1: SerialNumber: 0000:01:00.3
[    8.284928] hub 1-0:1.0: USB hub found
[    8.284935] hub 1-0:1.0: 4 ports detected
[    8.285226] xhci_hcd 0000:01:00.3: xHCI Host Controller
[    8.285230] xhci_hcd 0000:01:00.3: new USB bus registered, assigned bus number 2
[    8.285232] xhci_hcd 0000:01:00.3: Host supports USB 3.1 Enhanced SuperSpeed
[    8.285247] usb usb2: We don't know the algorithms for LPM for this host, disabling LPM.
[    8.285265] usb usb2: New USB device found, idVendor=1d6b, idProduct=0003, bcdDevice= 5.15
[    8.285267] usb usb2: New USB device strings: Mfr=3, Product=2, SerialNumber=1
[    8.285267] usb usb2: Product: xHCI Host Controller
[    8.285268] usb usb2: Manufacturer: Linux 5.15.11-arch2-1 xhci-hcd
[    8.285269] usb usb2: SerialNumber: 0000:01:00.3
[    8.285346] hub 2-0:1.0: USB hub found
[    8.285350] hub 2-0:1.0: 2 ports detected
[    8.285563] xhci_hcd 0000:01:00.4: xHCI Host Controller
[    8.285566] xhci_hcd 0000:01:00.4: new USB bus registered, assigned bus number 3
[    8.285659] xhci_hcd 0000:01:00.4: hcc params 0x0268ffe5 hci version 0x110 quirks 0x0000020000000410
[    8.285938] usb usb3: New USB device found, idVendor=1d6b, idProduct=0002, bcdDevice= 5.15
[    8.285940] usb usb3: New USB device strings: Mfr=3, Product=2, SerialNumber=1
[    8.285941] usb usb3: Product: xHCI Host Controller
[    8.285941] usb usb3: Manufacturer: Linux 5.15.11-arch2-1 xhci-hcd
[    8.285942] usb usb3: SerialNumber: 0000:01:00.4
[    8.286015] hub 3-0:1.0: USB hub found
[    8.286022] hub 3-0:1.0: 4 ports detected
[    8.286240] xhci_hcd 0000:01:00.4: xHCI Host Controller
[    8.286242] xhci_hcd 0000:01:00.4: new USB bus registered, assigned bus number 4
[    8.286244] xhci_hcd 0000:01:00.4: Host supports USB 3.1 Enhanced SuperSpeed
[    8.286262] usb usb4: We don't know the algorithms for LPM for this host, disabling LPM.
[    8.286281] usb usb4: New USB device found, idVendor=1d6b, idProduct=0003, bcdDevice= 5.15
[    8.286282] usb usb4: New USB device strings: Mfr=3, Product=2, SerialNumber=1
[    8.286283] usb usb4: Product: xHCI Host Controller
[    8.286284] usb usb4: Manufacturer: Linux 5.15.11-arch2-1 xhci-hcd
[    8.286285] usb usb4: SerialNumber: 0000:01:00.4
[    8.286359] hub 4-0:1.0: USB hub found
[    8.286364] hub 4-0:1.0: 2 ports detected
[    8.286415] serio: i8042 KBD port at 0x60,0x64 irq 1
[    8.321819] input: AT Translated Set 2 keyboard as /devices/platform/i8042/serio0/input/input2
[    8.337502] PM: Image not found (code -22)
[    8.360539] random: fast init done
[    8.422984] EXT4-fs (sda2): mounted filesystem with ordered data mode. Opts: (null). Quota mode: none.
[    8.534499] usb 3-1: new high-speed USB device number 2 using xhci_hcd
[    8.549273] systemd[1]: systemd 249.7-2-arch running in system mode (+PAM +AUDIT -SELINUX -APPARMOR -IMA +SMACK +SECCOMP +GCRYPT +GNUTLS +OPENSSL +ACL +BLKID +CURL +ELFUTILS +FIDO2 +IDN2 -IDN +IPTC +KMOD +LIBCRYPTSETUP +LIBFDISK +PCRE2 -PWQUALITY +P11KIT -QRENCODE +BZIP2 +LZ4 +XZ +ZLIB +ZSTD +XKBCOMMON +UTMP -SYSVINIT default-hierarchy=unified)
[    8.565164] systemd[1]: Detected architecture x86-64.
[    8.565873] systemd[1]: Hostname set to <mksredmibook14ii>.
[    8.622949] random: lvmconfig: uninitialized urandom read (4 bytes read)
[    8.676310] usb 3-1: New USB device found, idVendor=1a40, idProduct=0801, bcdDevice= 1.00
[    8.676314] usb 3-1: New USB device strings: Mfr=0, Product=1, SerialNumber=0
[    8.676315] usb 3-1: Product: USB 2.0 Hub
[    8.684256] systemd[1]: Queued start job for default target Graphical Interface.
[    8.685807] systemd[1]: Created slice Slice /system/getty.
[    8.686125] systemd[1]: Created slice Slice /system/modprobe.
[    8.686428] systemd[1]: Created slice Slice /system/systemd-fsck.
[    8.686607] systemd[1]: Created slice User and Session Slice.
[    8.686688] systemd[1]: Started Dispatch Password Requests to Console Directory Watch.
[    8.686749] systemd[1]: Started Forward Password Requests to Wall Directory Watch.
[    8.686917] systemd[1]: Set up automount Arbitrary Executable File Formats File System Automount Point.
[    8.686975] systemd[1]: Reached target Local Encrypted Volumes.
[    8.687000] systemd[1]: Reached target Login Prompts.
[    8.687036] systemd[1]: Reached target Path Units.
[    8.687061] systemd[1]: Reached target Remote File Systems.
[    8.687083] systemd[1]: Reached target Slice Units.
[    8.687118] systemd[1]: Reached target Local Verity Protected Volumes.
[    8.687188] systemd[1]: Listening on Device-mapper event daemon FIFOs.
[    8.687477] systemd[1]: Listening on LVM2 poll daemon socket.
[    8.688947] systemd[1]: Listening on Process Core Dump Socket.
[    8.692203] systemd[1]: Condition check resulted in Journal Audit Socket being skipped.
[    8.692617] systemd[1]: Listening on Journal Socket (/dev/log).
[    8.692894] systemd[1]: Listening on Journal Socket.
[    8.693738] systemd[1]: Listening on udev Control Socket.
[    8.693837] systemd[1]: Listening on udev Kernel Socket.
[    8.694822] systemd[1]: Mounting Huge Pages File System...
[    8.695799] systemd[1]: Mounting POSIX Message Queue File System...
[    8.696584] systemd[1]: Mounting Kernel Debug File System...
[    8.697363] systemd[1]: Mounting Kernel Trace File System...
[    8.699392] systemd[1]: Starting Create List of Static Device Nodes...
[    8.700457] systemd[1]: Starting Monitoring of LVM2 mirrors, snapshots etc. using dmeventd or progress polling...
[    8.701176] systemd[1]: Starting Load Kernel Module configfs...
[    8.702042] systemd[1]: Starting Load Kernel Module drm...
[    8.703005] systemd[1]: Starting Load Kernel Module fuse...
[    8.703534] random: lvm: uninitialized urandom read (4 bytes read)
[    8.703545] systemd[1]: Condition check resulted in Set Up Additional Binary Formats being skipped.
[    8.703590] systemd[1]: Condition check resulted in File System Check on Root Device being skipped.
[    8.705517] systemd[1]: Starting Journal Service...
[    8.706840] systemd[1]: Starting Load Kernel Modules...
[    8.707599] systemd[1]: Starting Remount Root and Kernel File Systems...
[    8.707674] systemd[1]: Condition check resulted in Repartition Root Disk being skipped.
[    8.708385] systemd[1]: Starting Coldplug All udev Devices...
[    8.709751] systemd[1]: Mounted Huge Pages File System.
[    8.709866] systemd[1]: Mounted POSIX Message Queue File System.
[    8.709953] systemd[1]: Mounted Kernel Debug File System.
[    8.710049] systemd[1]: Mounted Kernel Trace File System.
[    8.710373] systemd[1]: Finished Create List of Static Device Nodes.
[    8.711432] fuse: init (API version 7.34)
[    8.712589] EXT4-fs (sda2): re-mounted. Opts: (null). Quota mode: none.
[    8.712604] systemd[1]: modprobe@configfs.service: Deactivated successfully.
[    8.712905] systemd[1]: Finished Load Kernel Module configfs.
[    8.713649] systemd[1]: modprobe@drm.service: Deactivated successfully.
[    8.714003] systemd[1]: Finished Load Kernel Module drm.
[    8.714262] systemd[1]: modprobe@fuse.service: Deactivated successfully.
[    8.714846] systemd[1]: Finished Load Kernel Module fuse.
[    8.715455] systemd[1]: Finished Remount Root and Kernel File Systems.
[    8.716514] systemd[1]: Mounting FUSE Control File System...
[    8.717393] systemd[1]: Mounting Kernel Configuration File System...
[    8.717483] systemd[1]: Condition check resulted in First Boot Wizard being skipped.
[    8.719716] systemd[1]: Condition check resulted in Rebuild Hardware Database being skipped.
[    8.720625] systemd[1]: Starting Load/Save Random Seed...
[    8.720701] systemd[1]: Condition check resulted in Create System Users being skipped.
[    8.721396] vboxdrv: loading out-of-tree module taints kernel.
[    8.721573] vboxdrv: module verification failed: signature and/or required key missing - tainting kernel
[    8.721874] systemd[1]: Starting Create Static Device Nodes in /dev...
[    8.722588] systemd[1]: Mounted FUSE Control File System.
[    8.722695] systemd[1]: Mounted Kernel Configuration File System.
[    8.724321] vboxdrv: Found 6 processor cores
[    8.734533] hub 3-1:1.0: USB hub found
[    8.735937] hub 3-1:1.0: 4 ports detected
[    8.736533] systemd[1]: Finished Monitoring of LVM2 mirrors, snapshots etc. using dmeventd or progress polling.
[    8.748176] vboxdrv: TSC mode is Invariant, tentative frequency 2370720688 Hz
[    8.748181] vboxdrv: Successfully loaded version 6.1.30 r148432 (interface 0x00320000)
[    8.749802] VBoxNetAdp: Successfully started.
[    8.751328] VBoxNetFlt: Successfully started.
[    8.752310] systemd[1]: Finished Create Static Device Nodes in /dev.
[    8.752957] systemd[1]: Finished Load Kernel Modules.
[    8.753101] systemd[1]: Reached target Preparation for Local File Systems.
[    8.753146] systemd[1]: Condition check resulted in Virtual Machine and Container Storage (Compatibility) being skipped.
[    8.753983] systemd[1]: Starting Apply Kernel Variables...
[    8.755720] systemd[1]: Starting Rule-based Manager for Device Events and Files...
[    8.762899] systemd[1]: Finished Apply Kernel Variables.
[    8.763574] systemd[1]: Started Journal Service.
[    8.768396] systemd-journald[246]: Received client request to flush runtime journal.
[    8.801279] usb 4-1: new SuperSpeed USB device number 2 using xhci_hcd
[    8.825103] usb 4-1: New USB device found, idVendor=05e3, idProduct=0626, bcdDevice= 6.63
[    8.825108] usb 4-1: New USB device strings: Mfr=1, Product=2, SerialNumber=0
[    8.825109] usb 4-1: Product: USB3.1 Hub
[    8.825110] usb 4-1: Manufacturer: GenesysLogic
[    8.847215] hub 4-1:1.0: USB hub found
[    8.848079] hub 4-1:1.0: 4 ports detected
[    8.881995] acpi_cpufreq: overriding BIOS provided _PSD data
[    8.883303] acpi PNP0C14:01: duplicate WMI GUID 05901221-D566-11D1-B2F0-00A0C9062910 (first instance was on PNP0C14:00)
[    8.918903] ACPI: video: Video Device [VGA] (multi-head: yes  rom: no  post: no)
[    8.922094] acpi device:0e: registered as cooling_device6
[    8.927292] input: Video Bus as /devices/LNXSYSTM:00/LNXSYBUS:00/PNP0A08:00/device:0d/LNXVIDEO:00/input/input3
[    8.971423] piix4_smbus 0000:00:14.0: SMBus Host Controller at 0xb00, revision 0
[    8.971427] piix4_smbus 0000:00:14.0: Using register 0x02 for SMBus port selection
[    8.971504] piix4_smbus 0000:00:14.0: Auxiliary SMBus Host Controller at 0xb20
[    8.974949] sp5100_tco: SP5100/SB800 TCO WatchDog Timer Driver
[    8.975038] sp5100-tco sp5100-tco: Using 0xfeb00000 for watchdog MMIO address
[    8.975107] sp5100-tco sp5100-tco: initialized. heartbeat=60 sec (nowayout=0)
[    9.031197] usb 3-1.1: new full-speed USB device number 3 using xhci_hcd
[    9.041242] ccp 0000:01:00.2: enabling device (0000 -> 0002)
[    9.041428] ccp 0000:01:00.2: ccp: unable to access the device: you might be running a broken BIOS.
[    9.051606] ccp 0000:01:00.2: tee enabled
[    9.051616] ccp 0000:01:00.2: psp enabled
[    9.092432] input: GXT7863:00 27C6:01E0 Mouse as /devices/platform/AMDI0010:03/i2c-0/i2c-GXT7863:00/0018:27C6:01E0.0001/input/input4
[    9.092661] input: GXT7863:00 27C6:01E0 Touchpad as /devices/platform/AMDI0010:03/i2c-0/i2c-GXT7863:00/0018:27C6:01E0.0001/input/input5
[    9.092729] hid-generic 0018:27C6:01E0.0001: input,hidraw0: I2C HID v1.00 Mouse [GXT7863:00 27C6:01E0] on i2c-GXT7863:00
[    9.108705] snd_rn_pci_acp3x 0000:01:00.5: enabling device (0000 -> 0002)
[    9.173634] usb 3-1.1: not running at top speed; connect to a high speed hub
[    9.179100] Adding 17309968k swap on /dev/sda3.  Priority:-2 extents:1 across:17309968k SSFS
[    9.224394] usb 3-1.1: New USB device found, idVendor=25a4, idProduct=9311, bcdDevice= 2.01
[    9.224405] usb 3-1.1: New USB device strings: Mfr=1, Product=2, SerialNumber=3
[    9.224409] usb 3-1.1: Product: USB C Video Adaptor      
[    9.224412] usb 3-1.1: Manufacturer: USB C  
[    9.224414] usb 3-1.1: SerialNumber: 000000000001
[    9.238569] usb 4-1.1: new SuperSpeed USB device number 3 using xhci_hcd
[    9.241317] snd_hda_intel 0000:01:00.1: enabling device (0000 -> 0002)
[    9.241465] snd_hda_intel 0000:01:00.1: Handle vga_switcheroo audio client
[    9.241687] snd_hda_intel 0000:01:00.6: enabling device (0000 -> 0002)
[    9.250421] [drm] amdgpu kernel modesetting enabled.
[    9.258208] usb 4-1.1: New USB device found, idVendor=8564, idProduct=4000, bcdDevice= 0.04
[    9.258213] usb 4-1.1: New USB device strings: Mfr=3, Product=4, SerialNumber=2
[    9.258214] usb 4-1.1: Product: Transcend
[    9.258215] usb 4-1.1: Manufacturer: TS-RDF5A
[    9.258216] usb 4-1.1: SerialNumber: 000000000004
[    9.262115] amdgpu: Virtual CRAT table created for CPU
[    9.262139] amdgpu: Topology: Add CPU node
[    9.262225] checking generic (fce0000000 7f0000) vs hw (fce0000000 10000000)
[    9.262226] fb0: switching to amdgpu from EFI VGA
[    9.262307] Console: switching to colour dummy device 80x25
[    9.262336] amdgpu 0000:01:00.0: vgaarb: deactivate vga console
[    9.262407] amdgpu 0000:01:00.0: enabling device (0006 -> 0007)
[    9.262458] [drm] initializing kernel modesetting (RENOIR 0x1002:0x1636 0x1D72:0x1951 0xC3).
[    9.262461] amdgpu 0000:01:00.0: amdgpu: Trusted Memory Zone (TMZ) feature enabled
[    9.274671] [drm] register mmio base: 0xD0400000
[    9.274677] [drm] register mmio size: 524288
[    9.274680] [drm] PCIE atomic ops is not supported
[    9.275763] [drm] add ip block number 0 <soc15_common>
[    9.275764] [drm] add ip block number 1 <gmc_v9_0>
[    9.275765] [drm] add ip block number 2 <vega10_ih>
[    9.275766] [drm] add ip block number 3 <psp>
[    9.275767] [drm] add ip block number 4 <smu>
[    9.275767] [drm] add ip block number 5 <gfx_v9_0>
[    9.275768] [drm] add ip block number 6 <sdma_v4_0>
[    9.275769] [drm] add ip block number 7 <dm>
[    9.275770] [drm] add ip block number 8 <vcn_v2_0>
[    9.275771] [drm] add ip block number 9 <jpeg_v2_0>
[    9.275789] amdgpu 0000:01:00.0: amdgpu: Fetched VBIOS from VFCT
[    9.275792] amdgpu: ATOM BIOS: 113-RENOIR-026
[    9.277440] [drm] VCN decode is enabled in VM mode
[    9.277443] [drm] VCN encode is enabled in VM mode
[    9.277444] [drm] JPEG decode is enabled in VM mode
[    9.277500] [drm] vm size is 262144 GB, 4 levels, block size is 9-bit, fragment size is 9-bit
[    9.277509] amdgpu 0000:01:00.0: amdgpu: VRAM: 512M 0x000000F400000000 - 0x000000F41FFFFFFF (512M used)
[    9.277511] amdgpu 0000:01:00.0: amdgpu: GART: 1024M 0x0000000000000000 - 0x000000003FFFFFFF
[    9.277515] amdgpu 0000:01:00.0: amdgpu: AGP: 267419648M 0x000000F800000000 - 0x0000FFFFFFFFFFFF
[    9.277524] [drm] Detected VRAM RAM=512M, BAR=512M
[    9.277525] [drm] RAM width 128bits DDR4
[    9.277571] [drm] amdgpu: 512M of VRAM memory ready
[    9.277572] [drm] amdgpu: 3072M of GTT memory ready.
[    9.277578] [drm] GART: num cpu pages 262144, num gpu pages 262144
[    9.277686] [drm] PCIE GART of 1024M enabled.
[    9.277686] [drm] PTB located at 0x000000F400900000
[    9.279276] input: HD-Audio Generic HDMI/DP,pcm=3 as /devices/pci0000:00/0000:00:08.1/0000:01:00.1/sound/card0/input7
[    9.279345] input: HD-Audio Generic HDMI/DP,pcm=7 as /devices/pci0000:00/0000:00:08.1/0000:01:00.1/sound/card0/input8
[    9.279701] amdgpu 0000:01:00.0: amdgpu: PSP runtime database doesn't exist
[    9.284270] [drm] Loading DMUB firmware via PSP: version=0x01010019
[    9.285447] [drm] Found VCN firmware Version ENC: 1.16 DEC: 5 VEP: 0 Revision: 3
[    9.285467] amdgpu 0000:01:00.0: amdgpu: Will use PSP to load VCN firmware
[    9.289155] snd_hda_codec_realtek hdaudioC1D0: autoconfig for ALC256: line_outs=1 (0x14/0x0/0x0/0x0/0x0) type:speaker
[    9.289159] snd_hda_codec_realtek hdaudioC1D0:    speaker_outs=0 (0x0/0x0/0x0/0x0/0x0)
[    9.289160] snd_hda_codec_realtek hdaudioC1D0:    hp_outs=1 (0x21/0x0/0x0/0x0/0x0)
[    9.289161] snd_hda_codec_realtek hdaudioC1D0:    mono: mono_out=0x0
[    9.289162] snd_hda_codec_realtek hdaudioC1D0:    inputs:
[    9.289163] snd_hda_codec_realtek hdaudioC1D0:      Mic=0x19
[    9.324734] random: dbus-daemon: uninitialized urandom read (12 bytes read)
[    9.331145] usb 3-1.2: new high-speed USB device number 4 using xhci_hcd
[    9.337755] input: HD-Audio Generic Mic as /devices/pci0000:00/0000:00:08.1/0000:01:00.6/sound/card1/input9
[    9.337827] input: HD-Audio Generic Headphone as /devices/pci0000:00/0000:00:08.1/0000:01:00.6/sound/card1/input10
[    9.427953] usb 3-1.2: New USB device found, idVendor=05e3, idProduct=0610, bcdDevice= 6.63
[    9.427959] usb 3-1.2: New USB device strings: Mfr=1, Product=2, SerialNumber=0
[    9.427960] usb 3-1.2: Product: USB2.1 Hub
[    9.427961] usb 3-1.2: Manufacturer: GenesysLogic
[    9.428911] RAPL PMU: API unit is 2^-32 Joules, 1 fixed counters, 163840 ms ovfl timer
[    9.428913] RAPL PMU: hw unit of domain package 2^-16 Joules
[    9.437064] cryptd: max_cpu_qlen set to 1000
[    9.468689] AVX2 version of gcm_enc/dec engaged.
[    9.468761] AES CTR mode by8 optimization enabled
[    9.470583] hub 3-1.2:1.0: USB hub found
[    9.471160] hub 3-1.2:1.0: 4 ports detected
[    9.494680] usb 4-1.2: new SuperSpeed USB device number 4 using xhci_hcd
[    9.512498] usb 4-1.2: New USB device found, idVendor=0bda, idProduct=8153, bcdDevice=30.00
[    9.512506] usb 4-1.2: New USB device strings: Mfr=1, Product=2, SerialNumber=6
[    9.512509] usb 4-1.2: Product: USB 10/100/1000 LAN
[    9.512511] usb 4-1.2: Manufacturer: Realtek
[    9.512513] usb 4-1.2: SerialNumber: 000001
[    9.680438] kvm: Nested Virtualization enabled
[    9.680441] SVM: kvm: Nested Paging enabled
[    9.680459] SVM: Virtual VMLOAD VMSAVE supported
[    9.680459] SVM: Virtual GIF supported
[    9.712975] MCE: In-kernel MCE decoding enabled.
[    9.725164] input: GXT7863:00 27C6:01E0 Mouse as /devices/platform/AMDI0010:03/i2c-0/i2c-GXT7863:00/0018:27C6:01E0.0001/input/input11
[    9.725246] input: GXT7863:00 27C6:01E0 Touchpad as /devices/platform/AMDI0010:03/i2c-0/i2c-GXT7863:00/0018:27C6:01E0.0001/input/input12
[    9.726720] hid-multitouch 0018:27C6:01E0.0001: input,hidraw0: I2C HID v1.00 Mouse [GXT7863:00 27C6:01E0] on i2c-GXT7863:00
[    9.777818] usb 3-1.2.3: new low-speed USB device number 5 using xhci_hcd
[    9.788887] mousedev: PS/2 mouse device common for all mice
[    9.812790] usb-storage 4-1.1:1.0: USB Mass Storage device detected
[    9.813006] scsi host2: usb-storage 4-1.1:1.0
[    9.813076] usbcore: registered new interface driver usb-storage
[    9.856804] usbcore: registered new interface driver uas
[    9.869439] intel_rapl_common: Found RAPL domain package
[    9.869442] intel_rapl_common: Found RAPL domain core
[    9.893215] usbcore: registered new interface driver cdc_ether
[    9.915329] usb 3-1.2.3: New USB device found, idVendor=1bcf, idProduct=0005, bcdDevice= 0.90
[    9.915333] usb 3-1.2.3: New USB device strings: Mfr=0, Product=2, SerialNumber=0
[    9.915334] usb 3-1.2.3: Product: USB Optical Mouse
[    9.942091] [drm] reserve 0x400000 from 0xf41f800000 for PSP TMR
[    9.995547] input: USB Optical Mouse as /devices/pci0000:00/0000:00:08.1/0000:01:00.4/usb3/3-1/3-1.2/3-1.2.3/3-1.2.3:1.0/0003:1BCF:0005.0002/input/input14
[    9.995662] hid-generic 0003:1BCF:0005.0002: input,hidraw1: USB HID v1.10 Mouse [USB Optical Mouse] on usb-0000:01:00.4-1.2.3/input0
[    9.995690] usbcore: registered new interface driver usbhid
[    9.995691] usbhid: USB HID core driver
[   10.020533] amdgpu 0000:01:00.0: amdgpu: RAS: optional ras ta ucode is not available
[   10.022777] urandom_read: 1 callbacks suppressed
[   10.022779] random: NetworkManager: uninitialized urandom read (16 bytes read)
[   10.028578] amdgpu 0000:01:00.0: amdgpu: RAP: optional rap ta ucode is not available
[   10.028583] amdgpu 0000:01:00.0: amdgpu: SECUREDISPLAY: securedisplay ta ucode is not available
[   10.029896] amdgpu 0000:01:00.0: amdgpu: SMU is initialized successfully!
[   10.030393] usb 4-1.2: reset SuperSpeed USB device number 4 using xhci_hcd
[   10.031308] [drm] kiq ring mec 2 pipe 1 q 0
[   10.032056] [drm] Display Core initialized with v3.2.149!
[   10.032485] [drm] DMUB hardware initialized: version=0x01010019
[   10.038675] random: nm-online: uninitialized urandom read (16 bytes read)
[   10.061857] snd_hda_intel 0000:01:00.1: bound 0000:01:00.0 (ops amdgpu_dm_audio_component_bind_ops [amdgpu])
[   10.111610] r8152 4-1.2:1.0 eth0: v2.15.0 (2021/04/15)
[   10.111616] r8152 4-1.2:1.0 eth0: This product is covered by one or more of the following patents:
               		US6,570,884, US6,115,776, and US6,327,625.

[   10.111647] usbcore: registered new interface driver r8152
[   10.117896] usbcore: registered new interface driver r8153_ecm
[   10.129427] r8152 4-1.2:1.0 enp1s0f4u1u2: renamed from eth0
[   10.147894] random: nm-dispatcher: uninitialized urandom read (16 bytes read)
[   10.154006] [drm] VCN decode and encode initialized successfully(under DPG Mode).
[   10.154025] [drm] JPEG decode initialized successfully.
[   10.155677] kfd kfd: amdgpu: Allocated 3969056 bytes on gart
[   10.177478] memmap_init_zone_device initialised 131072 pages in 0ms
[   10.177491] amdgpu: HMM registered 512MB device memory
[   10.177533] amdgpu: SRAT table not found
[   10.177534] amdgpu: Virtual CRAT table created for GPU
[   10.178303] amdgpu: Topology: Add dGPU node [0x1636:0x1002]
[   10.178308] kfd kfd: amdgpu: added device 1002:1636
[   10.178663] amdgpu 0000:01:00.0: amdgpu: SE 1, SH per SE 2, CU per SH 18, active_cu_number 26
[   10.180981] [drm] fb mappable at 0x410CD1000
[   10.180983] [drm] vram apper at 0x410000000
[   10.180983] [drm] size 8294400
[   10.180984] [drm] fb depth is 24
[   10.180984] [drm]    pitch is 7680
[   10.181057] fbcon: amdgpudrmfb (fb0) is primary device
[   10.245586] Console: switching to colour frame buffer device 240x67
[   10.265266] amdgpu 0000:01:00.0: [drm] fb0: amdgpudrmfb frame buffer device
[   10.285701] amdgpu 0000:01:00.0: amdgpu: ring gfx uses VM inv eng 0 on hub 0
[   10.285708] amdgpu 0000:01:00.0: amdgpu: ring comp_1.0.0 uses VM inv eng 1 on hub 0
[   10.285711] amdgpu 0000:01:00.0: amdgpu: ring comp_1.1.0 uses VM inv eng 4 on hub 0
[   10.285713] amdgpu 0000:01:00.0: amdgpu: ring comp_1.2.0 uses VM inv eng 5 on hub 0
[   10.285715] amdgpu 0000:01:00.0: amdgpu: ring comp_1.3.0 uses VM inv eng 6 on hub 0
[   10.285717] amdgpu 0000:01:00.0: amdgpu: ring comp_1.0.1 uses VM inv eng 7 on hub 0
[   10.285718] amdgpu 0000:01:00.0: amdgpu: ring comp_1.1.1 uses VM inv eng 8 on hub 0
[   10.285720] amdgpu 0000:01:00.0: amdgpu: ring comp_1.2.1 uses VM inv eng 9 on hub 0
[   10.285722] amdgpu 0000:01:00.0: amdgpu: ring comp_1.3.1 uses VM inv eng 10 on hub 0
[   10.285724] amdgpu 0000:01:00.0: amdgpu: ring kiq_2.1.0 uses VM inv eng 11 on hub 0
[   10.285726] amdgpu 0000:01:00.0: amdgpu: ring sdma0 uses VM inv eng 0 on hub 1
[   10.285728] amdgpu 0000:01:00.0: amdgpu: ring vcn_dec uses VM inv eng 1 on hub 1
[   10.285730] amdgpu 0000:01:00.0: amdgpu: ring vcn_enc0 uses VM inv eng 4 on hub 1
[   10.285732] amdgpu 0000:01:00.0: amdgpu: ring vcn_enc1 uses VM inv eng 5 on hub 1
[   10.285734] amdgpu 0000:01:00.0: amdgpu: ring jpeg_dec uses VM inv eng 6 on hub 1
[   10.289794] [drm] Initialized amdgpu 3.42.0 20150101 for 0000:01:00.0 on minor 0
[   10.467836] random: crng init done
[   10.467840] random: 1 urandom warning(s) missed due to ratelimiting
[   10.840039] scsi 2:0:0:0: Direct-Access     TS-RDF5A Transcend        0004 PQ: 0 ANSI: 6
[   10.841733] sd 2:0:0:0: [sdb] Media removed, stopped polling
[   10.843826] sd 2:0:0:0: [sdb] Attached SCSI removable disk
[   13.215736] IPv6: ADDRCONF(NETDEV_CHANGE): enp1s0f4u1u2: link becomes ready
[   13.216021] r8152 4-1.2:1.0 enp1s0f4u1u2: carrier on
[   14.703271] ip6tables reject: IN=enp1s0f4u1u2 OUT= MAC=33:33:ff:d6:e2:34:84:d8:1b:8a:31:73:86:dd SRC=fe80:0000:0000:0000:86d8:1bff:fe8a:3173 DST=ff02:0000:0000:0000:0000:0001:ffd6:e234 LEN=72 TC=0 HOPLIMIT=255 FLOWLBL=0 PROTO=ICMPv6 TYPE=135 CODE=0 
[   15.733565] ip6tables reject: IN=enp1s0f4u1u2 OUT= MAC=33:33:ff:d6:e2:34:84:d8:1b:8a:31:73:86:dd SRC=fe80:0000:0000:0000:86d8:1bff:fe8a:3173 DST=ff02:0000:0000:0000:0000:0001:ffd6:e234 LEN=72 TC=0 HOPLIMIT=255 FLOWLBL=0 PROTO=ICMPv6 TYPE=135 CODE=0 
[   16.757552] ip6tables reject: IN=enp1s0f4u1u2 OUT= MAC=33:33:ff:d6:e2:34:84:d8:1b:8a:31:73:86:dd SRC=fe80:0000:0000:0000:86d8:1bff:fe8a:3173 DST=ff02:0000:0000:0000:0000:0001:ffd6:e234 LEN=72 TC=0 HOPLIMIT=255 FLOWLBL=0 PROTO=ICMPv6 TYPE=135 CODE=0 
[   19.004588] ip6tables reject: IN=enp1s0f4u1u2 OUT= MAC=33:33:ff:d6:e2:34:84:d8:1b:8a:31:73:86:dd SRC=fe80:0000:0000:0000:86d8:1bff:fe8a:3173 DST=ff02:0000:0000:0000:0000:0001:ffd6:e234 LEN=72 TC=0 HOPLIMIT=255 FLOWLBL=0 PROTO=ICMPv6 TYPE=135 CODE=0 
[   20.021296] ip6tables reject: IN=enp1s0f4u1u2 OUT= MAC=33:33:ff:d6:e2:34:84:d8:1b:8a:31:73:86:dd SRC=fe80:0000:0000:0000:86d8:1bff:fe8a:3173 DST=ff02:0000:0000:0000:0000:0001:ffd6:e234 LEN=72 TC=0 HOPLIMIT=255 FLOWLBL=0 PROTO=ICMPv6 TYPE=135 CODE=0 
[   21.045517] ip6tables reject: IN=enp1s0f4u1u2 OUT= MAC=33:33:ff:d6:e2:34:84:d8:1b:8a:31:73:86:dd SRC=fe80:0000:0000:0000:86d8:1bff:fe8a:3173 DST=ff02:0000:0000:0000:0000:0001:ffd6:e234 LEN=72 TC=0 HOPLIMIT=255 FLOWLBL=0 PROTO=ICMPv6 TYPE=135 CODE=0 
[   27.254724] ip6tables reject: IN=enp1s0f4u1u2 OUT= MAC=33:33:ff:d6:e2:34:84:d8:1b:8a:31:73:86:dd SRC=fe80:0000:0000:0000:86d8:1bff:fe8a:3173 DST=ff02:0000:0000:0000:0000:0001:ffd6:e234 LEN=72 TC=0 HOPLIMIT=255 FLOWLBL=0 PROTO=ICMPv6 TYPE=135 CODE=0 
[   28.277445] ip6tables reject: IN=enp1s0f4u1u2 OUT= MAC=33:33:ff:d6:e2:34:84:d8:1b:8a:31:73:86:dd SRC=fe80:0000:0000:0000:86d8:1bff:fe8a:3173 DST=ff02:0000:0000:0000:0000:0001:ffd6:e234 LEN=72 TC=0 HOPLIMIT=255 FLOWLBL=0 PROTO=ICMPv6 TYPE=135 CODE=0 
[   29.301766] ip6tables reject: IN=enp1s0f4u1u2 OUT= MAC=33:33:ff:d6:e2:34:84:d8:1b:8a:31:73:86:dd SRC=fe80:0000:0000:0000:86d8:1bff:fe8a:3173 DST=ff02:0000:0000:0000:0000:0001:ffd6:e234 LEN=72 TC=0 HOPLIMIT=255 FLOWLBL=0 PROTO=ICMPv6 TYPE=135 CODE=0 
[   38.906484] atkbd serio0: Unknown key pressed (translated set 2, code 0xf6 on isa0060/serio0).
[   38.906500] atkbd serio0: Use 'setkeycodes e076 <keycode>' to make it known.
[   39.345062] atkbd serio0: Unknown key released (translated set 2, code 0xf6 on isa0060/serio0).
[   39.345077] atkbd serio0: Use 'setkeycodes e076 <keycode>' to make it known.
[   42.894400] iptables reject: IN=enp1s0f4u1u2 OUT= MAC= SRC=192.168.1.133 DST=224.0.0.251 LEN=68 TOS=0x00 PREC=0x00 TTL=1 ID=14821 DF PROTO=UDP SPT=5353 DPT=5353 LEN=48 
[   43.866454] iptables reject: IN=enp1s0f4u1u2 OUT= MAC= SRC=192.168.1.133 DST=224.0.0.251 LEN=68 TOS=0x00 PREC=0x00 TTL=1 ID=14823 DF PROTO=UDP SPT=5353 DPT=5353 LEN=48 
[   44.370844] ip6tables reject: IN=enp1s0f4u1u2 OUT= MAC=33:33:ff:d6:e2:34:84:d8:1b:8a:31:73:86:dd SRC=fe80:0000:0000:0000:86d8:1bff:fe8a:3173 DST=ff02:0000:0000:0000:0000:0001:ffd6:e234 LEN=72 TC=0 HOPLIMIT=255 FLOWLBL=0 PROTO=ICMPv6 TYPE=135 CODE=0 
[   45.397687] ip6tables reject: IN=enp1s0f4u1u2 OUT= MAC=33:33:ff:d6:e2:34:84:d8:1b:8a:31:73:86:dd SRC=fe80:0000:0000:0000:86d8:1bff:fe8a:3173 DST=ff02:0000:0000:0000:0000:0001:ffd6:e234 LEN=72 TC=0 HOPLIMIT=255 FLOWLBL=0 PROTO=ICMPv6 TYPE=135 CODE=0 
[   45.866847] iptables reject: IN=enp1s0f4u1u2 OUT= MAC= SRC=192.168.1.133 DST=224.0.0.251 LEN=68 TOS=0x00 PREC=0x00 TTL=1 ID=15166 DF PROTO=UDP SPT=5353 DPT=5353 LEN=48 
[   46.421775] ip6tables reject: IN=enp1s0f4u1u2 OUT= MAC=33:33:ff:d6:e2:34:84:d8:1b:8a:31:73:86:dd SRC=fe80:0000:0000:0000:86d8:1bff:fe8a:3173 DST=ff02:0000:0000:0000:0000:0001:ffd6:e234 LEN=72 TC=0 HOPLIMIT=255 FLOWLBL=0 PROTO=ICMPv6 TYPE=135 CODE=0 
[   69.748176] ucsi_acpi USBC000:00: PPM init failed (-110)
[   79.517420] ip6tables reject: IN=enp1s0f4u1u2 OUT= MAC=33:33:ff:d6:e2:34:84:d8:1b:8a:31:73:86:dd SRC=fe80:0000:0000:0000:86d8:1bff:fe8a:3173 DST=ff02:0000:0000:0000:0000:0001:ffd6:e234 LEN=72 TC=0 HOPLIMIT=255 FLOWLBL=0 PROTO=ICMPv6 TYPE=135 CODE=0 
[   80.534153] ip6tables reject: IN=enp1s0f4u1u2 OUT= MAC=33:33:ff:d6:e2:34:84:d8:1b:8a:31:73:86:dd SRC=fe80:0000:0000:0000:86d8:1bff:fe8a:3173 DST=ff02:0000:0000:0000:0000:0001:ffd6:e234 LEN=72 TC=0 HOPLIMIT=255 FLOWLBL=0 PROTO=ICMPv6 TYPE=135 CODE=0 
[   81.558172] ip6tables reject: IN=enp1s0f4u1u2 OUT= MAC=33:33:ff:d6:e2:34:84:d8:1b:8a:31:73:86:dd SRC=fe80:0000:0000:0000:86d8:1bff:fe8a:3173 DST=ff02:0000:0000:0000:0000:0001:ffd6:e234 LEN=72 TC=0 HOPLIMIT=255 FLOWLBL=0 PROTO=ICMPv6 TYPE=135 CODE=0 
[  127.515783] ip6tables reject: IN=enp1s0f4u1u2 OUT= MAC=33:33:00:00:00:01:84:d8:1b:8a:31:73:86:dd SRC=fe80:0000:0000:0000:86d8:1bff:fe8a:3173 DST=ff02:0000:0000:0000:0000:0000:0000:0001 LEN=160 TC=0 HOPLIMIT=255 FLOWLBL=460715 PROTO=ICMPv6 TYPE=134 CODE=0 
[  150.506528] ip6tables reject: IN=enp1s0f4u1u2 OUT= MAC=33:33:ff:d6:e2:34:84:d8:1b:8a:31:73:86:dd SRC=fe80:0000:0000:0000:86d8:1bff:fe8a:3173 DST=ff02:0000:0000:0000:0000:0001:ffd6:e234 LEN=72 TC=0 HOPLIMIT=255 FLOWLBL=0 PROTO=ICMPv6 TYPE=135 CODE=0 
[  151.510915] ip6tables reject: IN=enp1s0f4u1u2 OUT= MAC=33:33:ff:d6:e2:34:84:d8:1b:8a:31:73:86:dd SRC=fe80:0000:0000:0000:86d8:1bff:fe8a:3173 DST=ff02:0000:0000:0000:0000:0001:ffd6:e234 LEN=72 TC=0 HOPLIMIT=255 FLOWLBL=0 PROTO=ICMPv6 TYPE=135 CODE=0 
[  152.534933] ip6tables reject: IN=enp1s0f4u1u2 OUT= MAC=33:33:ff:d6:e2:34:84:d8:1b:8a:31:73:86:dd SRC=fe80:0000:0000:0000:86d8:1bff:fe8a:3173 DST=ff02:0000:0000:0000:0000:0001:ffd6:e234 LEN=72 TC=0 HOPLIMIT=255 FLOWLBL=0 PROTO=ICMPv6 TYPE=135 CODE=0 
[  198.385568] atkbd serio0: Unknown key pressed (translated set 2, code 0xf6 on isa0060/serio0).
[  198.385580] atkbd serio0: Use 'setkeycodes e076 <keycode>' to make it known.
[  201.418823] atkbd serio0: Unknown key released (translated set 2, code 0xf6 on isa0060/serio0).
[  201.418838] atkbd serio0: Use 'setkeycodes e076 <keycode>' to make it known.
[  203.252885] atkbd serio0: Unknown key pressed (translated set 2, code 0xf6 on isa0060/serio0).
[  203.252897] atkbd serio0: Use 'setkeycodes e076 <keycode>' to make it known.
[  204.951483] atkbd serio0: Unknown key released (translated set 2, code 0xf6 on isa0060/serio0).
[  204.951494] atkbd serio0: Use 'setkeycodes e076 <keycode>' to make it known.
[  249.613967] [drm] DP Alt mode state on HPD: 1
[  286.331921] ip6tables reject: IN=enp1s0f4u1u2 OUT= MAC=33:33:ff:d6:e2:34:84:d8:1b:8a:31:73:86:dd SRC=fe80:0000:0000:0000:86d8:1bff:fe8a:3173 DST=ff02:0000:0000:0000:0000:0001:ffd6:e234 LEN=72 TC=0 HOPLIMIT=255 FLOWLBL=0 PROTO=ICMPv6 TYPE=135 CODE=0 
[  287.352499] ip6tables reject: IN=enp1s0f4u1u2 OUT= MAC=33:33:ff:d6:e2:34:84:d8:1b:8a:31:73:86:dd SRC=fe80:0000:0000:0000:86d8:1bff:fe8a:3173 DST=ff02:0000:0000:0000:0000:0001:ffd6:e234 LEN=72 TC=0 HOPLIMIT=255 FLOWLBL=0 PROTO=ICMPv6 TYPE=135 CODE=0 
[  288.376667] ip6tables reject: IN=enp1s0f4u1u2 OUT= MAC=33:33:ff:d6:e2:34:84:d8:1b:8a:31:73:86:dd SRC=fe80:0000:0000:0000:86d8:1bff:fe8a:3173 DST=ff02:0000:0000:0000:0000:0001:ffd6:e234 LEN=72 TC=0 HOPLIMIT=255 FLOWLBL=0 PROTO=ICMPv6 TYPE=135 CODE=0 
