[    0.000000] Linux version 5.15.8-arch1-1 (linux@archlinux) (gcc (GCC) 11.1.0, GNU ld (GNU Binutils) 2.36.1) #1 SMP PREEMPT Tue, 14 Dec 2021 12:28:02 +0000
[    0.000000] Command line: BOOT_IMAGE=/boot/vmlinuz-linux root=UUID=a1e2e1f9-dbcb-484e-a242-73d5754f8d98 rw quiet resume=UUID=36238c5a-d1ff-4e5f-986a-4d302098cfd7 loglevel=3 audit=0 lsm=landlock,lockdown,yama,apparmor,bpf l1tf=full,force mds=full,nosmt mitigations=auto,nosmt nosmt=force init_on_alloc=1 init_on_free=1 randomize_kstack_offset=on slab_nomerge pti=on slub_debug=ZF slub_debug=P page_poison=1 mem_encrypt=on
[    0.000000] x86/fpu: Supporting XSAVE feature 0x001: 'x87 floating point registers'
[    0.000000] x86/fpu: Supporting XSAVE feature 0x002: 'SSE registers'
[    0.000000] x86/fpu: Supporting XSAVE feature 0x004: 'AVX registers'
[    0.000000] x86/fpu: xstate_offset[2]:  576, xstate_sizes[2]:  256
[    0.000000] x86/fpu: Enabled xstate features 0x7, context size is 832 bytes, using 'compacted' format.
[    0.000000] signal: max sigframe size: 1776
[    0.000000] SMT: Force disabled
[    0.000000] BIOS-provided physical RAM map:
[    0.000000] BIOS-e820: [mem 0x0000000000000000-0x000000000009efff] usable
[    0.000000] BIOS-e820: [mem 0x000000000009f000-0x00000000000bffff] reserved
[    0.000000] BIOS-e820: [mem 0x0000000000100000-0x0000000009afffff] usable
[    0.000000] BIOS-e820: [mem 0x0000000009b00000-0x0000000009dfffff] reserved
[    0.000000] BIOS-e820: [mem 0x0000000009e00000-0x0000000009efffff] usable
[    0.000000] BIOS-e820: [mem 0x0000000009f00000-0x0000000009f0ffff] ACPI NVS
[    0.000000] BIOS-e820: [mem 0x0000000009f10000-0x00000000bab68fff] usable
[    0.000000] BIOS-e820: [mem 0x00000000bab69000-0x00000000bbd68fff] reserved
[    0.000000] BIOS-e820: [mem 0x00000000bbd69000-0x00000000c9f7efff] usable
[    0.000000] BIOS-e820: [mem 0x00000000c9f7f000-0x00000000caf7efff] type 20
[    0.000000] BIOS-e820: [mem 0x00000000caf7f000-0x00000000ccf7efff] reserved
[    0.000000] BIOS-e820: [mem 0x00000000ccf7f000-0x00000000cdf7efff] ACPI NVS
[    0.000000] BIOS-e820: [mem 0x00000000cdf7f000-0x00000000cdffefff] ACPI data
[    0.000000] BIOS-e820: [mem 0x00000000cdfff000-0x00000000cdffffff] usable
[    0.000000] BIOS-e820: [mem 0x00000000ce000000-0x00000000ceffffff] reserved
[    0.000000] BIOS-e820: [mem 0x00000000f8000000-0x00000000fbffffff] reserved
[    0.000000] BIOS-e820: [mem 0x00000000fde00000-0x00000000fdefffff] reserved
[    0.000000] BIOS-e820: [mem 0x00000000fec00000-0x00000000fec00fff] reserved
[    0.000000] BIOS-e820: [mem 0x00000000fec10000-0x00000000fec10fff] reserved
[    0.000000] BIOS-e820: [mem 0x00000000fec20000-0x00000000fec20fff] reserved
[    0.000000] BIOS-e820: [mem 0x00000000fed80000-0x00000000fed80fff] reserved
[    0.000000] BIOS-e820: [mem 0x00000000fee00000-0x00000000fee00fff] reserved
[    0.000000] BIOS-e820: [mem 0x00000000ff000000-0x00000000fff2ffff] reserved
[    0.000000] BIOS-e820: [mem 0x0000000100000000-0x000000040f33ffff] usable
[    0.000000] BIOS-e820: [mem 0x000000040f340000-0x000000042fffffff] reserved
[    0.000000] NX (Execute Disable) protection: active
[    0.000000] efi: EFI v2.70 by INSYDE Corp.
[    0.000000] efi: ACPI=0xcdffe000 ACPI 2.0=0xcdffe014 TPMFinalLog=0xcdf2c000 SMBIOS=0xcb70c000 SMBIOS 3.0=0xcb70a000 ESRT=0xcb70d418 
[    0.000000] SMBIOS 3.2.0 present.
[    0.000000] DMI: TIMI RedmiBook 14 II/TM1951, BIOS RMARN4B0P0909 08/19/2020
[    0.000000] tsc: Fast TSC calibration using PIT
[    0.000000] tsc: Detected 2370.619 MHz processor
[    0.000544] e820: update [mem 0x00000000-0x00000fff] usable ==> reserved
[    0.000547] e820: remove [mem 0x000a0000-0x000fffff] usable
[    0.000552] last_pfn = 0x40f340 max_arch_pfn = 0x400000000
[    0.000733] x86/PAT: Configuration [0-7]: WB  WC  UC- UC  WB  WP  UC- WT  
[    0.000954] last_pfn = 0xce000 max_arch_pfn = 0x400000000
[    0.010331] esrt: Reserving ESRT space from 0x00000000cb70d418 to 0x00000000cb70d450.
[    0.010339] Kernel/User page tables isolation: force enabled on command line.
[    0.010341] Using GB pages for direct mapping
[    0.011027] Secure boot disabled
[    0.011028] RAMDISK: [mem 0x36b17000-0x37582fff]
[    0.011034] ACPI: Early table checksum verification disabled
[    0.011037] ACPI: RSDP 0x00000000CDFFE014 000024 (v02 XMCC  )
[    0.011040] ACPI: XSDT 0x00000000CDFCE188 000134 (v01 XMCC   XMCC1951 00000002      01000013)
[    0.011045] ACPI: FACP 0x00000000CDFEC000 00010C (v05 XMCC   XMCC1951 00000002      01000013)
[    0.011049] ACPI: DSDT 0x00000000CDFDF000 006545 (v01 XMCC   XMCC1951 00000002      01000013)
[    0.011051] ACPI: FACS 0x00000000CDF29000 000040
[    0.011053] ACPI: UEFI 0x00000000CDF7E000 000236 (v01 INSYDE H2O BIOS 00000001 ACPI 00040000)
[    0.011056] ACPI: SSDT 0x00000000CDFF5000 007216 (v02 AMD    AmdTable 00000002 MSFT 04000000)
[    0.011058] ACPI: IVRS 0x00000000CDFF4000 0001A4 (v02 AMD    AmdTable 00000001 AMD  00000000)
[    0.011060] ACPI: SSDT 0x00000000CDFF3000 000228 (v01 AMD    STD3     00000001 INTL 20130117)
[    0.011062] ACPI: SSDT 0x00000000CDFF2000 000D61 (v01 XMCC   XMCC1806 00003000 INTL 20130117)
[    0.011064] ACPI: SSDT 0x00000000CDFF1000 00046D (v01 Insyde TPMACPI  00001000 INTL 20130117)
[    0.011067] ACPI: TPM2 0x00000000CDFF0000 000034 (v04 XMCC   XMCC1951 00000002      01000013)
[    0.011069] ACPI: MSDM 0x00000000CDFEF000 000055 (v03 INSYDE H2O BIOS 00000001 ACPI 00040000)
[    0.011071] ACPI: ASF! 0x00000000CDFEE000 0000A5 (v32 XMCC   XMCC1951 00000002      01000013)
[    0.011073] ACPI: BOOT 0x00000000CDFED000 000028 (v01 XMCC   XMCC1951 00000002      01000013)
[    0.011075] ACPI: HPET 0x00000000CDFEB000 000038 (v01 XMCC   XMCC1951 00000002      01000013)
[    0.011077] ACPI: APIC 0x00000000CDFEA000 000138 (v03 XMCC   XMCC1951 00000002      01000013)
[    0.011079] ACPI: MCFG 0x00000000CDFE9000 00003C (v01 XMCC   XMCC1951 00000002      01000013)
[    0.011082] ACPI: SLIC 0x00000000CDFE8000 000176 (v01 XMCC   XMCC1951 00000002      01000013)
[    0.011084] ACPI: SSDT 0x00000000CDFDE000 000080 (v01 XMCC   XMCC1951 00000002      01000013)
[    0.011086] ACPI: VFCT 0x00000000CDFD0000 00D484 (v01 XMCC   XMCC1951 00000001 AMD  31504F47)
[    0.011088] ACPI: SSDT 0x00000000CDFCF000 0000F8 (v01 XMCC   PcdTabl  00001000 INTL 20130117)
[    0.011090] ACPI: SSDT 0x00000000CDFCC000 001500 (v01 AMD    AmdTable 00000001 AMD  00000001)
[    0.011092] ACPI: CRAT 0x00000000CDFFD000 000BA8 (v01 AMD    AmdTable 00000001 AMD  00000001)
[    0.011094] ACPI: CDIT 0x00000000CDFCB000 000029 (v01 AMD    AmdTable 00000001 AMD  00000001)
[    0.011096] ACPI: SSDT 0x00000000CDFCA000 00028D (v01 AMD    AmdTable 00000001 INTL 20130117)
[    0.011099] ACPI: SSDT 0x00000000CDFC9000 000C78 (v01 AMD    AmdTable 00000001 INTL 20130117)
[    0.011101] ACPI: SSDT 0x00000000CDFC7000 0010A5 (v01 AMD    AmdTable 00000001 INTL 20130117)
[    0.011103] ACPI: SSDT 0x00000000CDFC3000 0030C8 (v01 AMD    AmdTable 00000001 INTL 20130117)
[    0.011105] ACPI: FPDT 0x00000000CDFC2000 000044 (v01 XMCC   XMCC1951 00000002      01000013)
[    0.011107] ACPI: WSMT 0x00000000CDFC0000 000028 (v01 INSYDE H2O BIOS 00000001 ACPI 00040000)
[    0.011109] ACPI: SSDT 0x00000000CDFE7000 00020A (v01 AMD    AmdTable 00000001 INTL 20130117)
[    0.011111] ACPI: SSDT 0x00000000CDFE6000 0005A1 (v01 AMD    AmdTable 00000001 INTL 20130117)
[    0.011113] ACPI: SSDT 0x00000000CDFBF000 000343 (v01 AMD    AmdTable 00000001 INTL 20130117)
[    0.011115] ACPI: SSDT 0x00000000CDFBE000 00007D (v01 AMD    AmdTable 00000001 INTL 20130117)
[    0.011118] ACPI: SSDT 0x00000000CDFBD000 000822 (v01 AMD    AmdTable 00000001 INTL 20130117)
[    0.011120] ACPI: SSDT 0x00000000CDFBC000 000517 (v01 AMD    AmdTable 00000001 INTL 20130117)
[    0.011122] ACPI: BGRT 0x00000000CDFC1000 000038 (v01 INSYDE H2O BIOS 00000001 ACPI 00040000)
[    0.011124] ACPI: Reserving FACP table memory at [mem 0xcdfec000-0xcdfec10b]
[    0.011125] ACPI: Reserving DSDT table memory at [mem 0xcdfdf000-0xcdfe5544]
[    0.011125] ACPI: Reserving FACS table memory at [mem 0xcdf29000-0xcdf2903f]
[    0.011126] ACPI: Reserving UEFI table memory at [mem 0xcdf7e000-0xcdf7e235]
[    0.011127] ACPI: Reserving SSDT table memory at [mem 0xcdff5000-0xcdffc215]
[    0.011128] ACPI: Reserving IVRS table memory at [mem 0xcdff4000-0xcdff41a3]
[    0.011128] ACPI: Reserving SSDT table memory at [mem 0xcdff3000-0xcdff3227]
[    0.011129] ACPI: Reserving SSDT table memory at [mem 0xcdff2000-0xcdff2d60]
[    0.011130] ACPI: Reserving SSDT table memory at [mem 0xcdff1000-0xcdff146c]
[    0.011130] ACPI: Reserving TPM2 table memory at [mem 0xcdff0000-0xcdff0033]
[    0.011131] ACPI: Reserving MSDM table memory at [mem 0xcdfef000-0xcdfef054]
[    0.011132] ACPI: Reserving ASF! table memory at [mem 0xcdfee000-0xcdfee0a4]
[    0.011133] ACPI: Reserving BOOT table memory at [mem 0xcdfed000-0xcdfed027]
[    0.011133] ACPI: Reserving HPET table memory at [mem 0xcdfeb000-0xcdfeb037]
[    0.011134] ACPI: Reserving APIC table memory at [mem 0xcdfea000-0xcdfea137]
[    0.011135] ACPI: Reserving MCFG table memory at [mem 0xcdfe9000-0xcdfe903b]
[    0.011135] ACPI: Reserving SLIC table memory at [mem 0xcdfe8000-0xcdfe8175]
[    0.011136] ACPI: Reserving SSDT table memory at [mem 0xcdfde000-0xcdfde07f]
[    0.011137] ACPI: Reserving VFCT table memory at [mem 0xcdfd0000-0xcdfdd483]
[    0.011137] ACPI: Reserving SSDT table memory at [mem 0xcdfcf000-0xcdfcf0f7]
[    0.011138] ACPI: Reserving SSDT table memory at [mem 0xcdfcc000-0xcdfcd4ff]
[    0.011139] ACPI: Reserving CRAT table memory at [mem 0xcdffd000-0xcdffdba7]
[    0.011140] ACPI: Reserving CDIT table memory at [mem 0xcdfcb000-0xcdfcb028]
[    0.011140] ACPI: Reserving SSDT table memory at [mem 0xcdfca000-0xcdfca28c]
[    0.011141] ACPI: Reserving SSDT table memory at [mem 0xcdfc9000-0xcdfc9c77]
[    0.011142] ACPI: Reserving SSDT table memory at [mem 0xcdfc7000-0xcdfc80a4]
[    0.011143] ACPI: Reserving SSDT table memory at [mem 0xcdfc3000-0xcdfc60c7]
[    0.011143] ACPI: Reserving FPDT table memory at [mem 0xcdfc2000-0xcdfc2043]
[    0.011144] ACPI: Reserving WSMT table memory at [mem 0xcdfc0000-0xcdfc0027]
[    0.011145] ACPI: Reserving SSDT table memory at [mem 0xcdfe7000-0xcdfe7209]
[    0.011146] ACPI: Reserving SSDT table memory at [mem 0xcdfe6000-0xcdfe65a0]
[    0.011147] ACPI: Reserving SSDT table memory at [mem 0xcdfbf000-0xcdfbf342]
[    0.011147] ACPI: Reserving SSDT table memory at [mem 0xcdfbe000-0xcdfbe07c]
[    0.011148] ACPI: Reserving SSDT table memory at [mem 0xcdfbd000-0xcdfbd821]
[    0.011149] ACPI: Reserving SSDT table memory at [mem 0xcdfbc000-0xcdfbc516]
[    0.011150] ACPI: Reserving BGRT table memory at [mem 0xcdfc1000-0xcdfc1037]
[    0.011202] No NUMA configuration found
[    0.011203] Faking a node at [mem 0x0000000000000000-0x000000040f33ffff]
[    0.011206] NODE_DATA(0) allocated [mem 0x40f33c000-0x40f33ffff]
[    0.011233] Zone ranges:
[    0.011234]   DMA      [mem 0x0000000000001000-0x0000000000ffffff]
[    0.011235]   DMA32    [mem 0x0000000001000000-0x00000000ffffffff]
[    0.011236]   Normal   [mem 0x0000000100000000-0x000000040f33ffff]
[    0.011237]   Device   empty
[    0.011238] Movable zone start for each node
[    0.011239] Early memory node ranges
[    0.011239]   node   0: [mem 0x0000000000001000-0x000000000009efff]
[    0.011240]   node   0: [mem 0x0000000000100000-0x0000000009afffff]
[    0.011241]   node   0: [mem 0x0000000009e00000-0x0000000009efffff]
[    0.011242]   node   0: [mem 0x0000000009f10000-0x00000000bab68fff]
[    0.011242]   node   0: [mem 0x00000000bbd69000-0x00000000c9f7efff]
[    0.011243]   node   0: [mem 0x00000000cdfff000-0x00000000cdffffff]
[    0.011244]   node   0: [mem 0x0000000100000000-0x000000040f33ffff]
[    0.011246] Initmem setup node 0 [mem 0x0000000000001000-0x000000040f33ffff]
[    0.011249] On node 0, zone DMA: 1 pages in unavailable ranges
[    0.011264] On node 0, zone DMA: 97 pages in unavailable ranges
[    0.011394] On node 0, zone DMA32: 768 pages in unavailable ranges
[    0.016430] On node 0, zone DMA32: 16 pages in unavailable ranges
[    0.016890] On node 0, zone DMA32: 4608 pages in unavailable ranges
[    0.017041] On node 0, zone DMA32: 16512 pages in unavailable ranges
[    0.039850] On node 0, zone Normal: 8192 pages in unavailable ranges
[    0.039885] On node 0, zone Normal: 3264 pages in unavailable ranges
[    0.040037] ACPI: PM-Timer IO Port: 0x408
[    0.040043] ACPI: LAPIC_NMI (acpi_id[0x00] high edge lint[0x1])
[    0.040045] ACPI: LAPIC_NMI (acpi_id[0x01] high edge lint[0x1])
[    0.040045] ACPI: LAPIC_NMI (acpi_id[0x02] high edge lint[0x1])
[    0.040046] ACPI: LAPIC_NMI (acpi_id[0x03] high edge lint[0x1])
[    0.040047] ACPI: LAPIC_NMI (acpi_id[0x04] high edge lint[0x1])
[    0.040047] ACPI: LAPIC_NMI (acpi_id[0x05] high edge lint[0x1])
[    0.040048] ACPI: LAPIC_NMI (acpi_id[0x06] high edge lint[0x1])
[    0.040048] ACPI: LAPIC_NMI (acpi_id[0x07] high edge lint[0x1])
[    0.040049] ACPI: LAPIC_NMI (acpi_id[0x08] high edge lint[0x1])
[    0.040050] ACPI: LAPIC_NMI (acpi_id[0x09] high edge lint[0x1])
[    0.040050] ACPI: LAPIC_NMI (acpi_id[0x0a] high edge lint[0x1])
[    0.040051] ACPI: LAPIC_NMI (acpi_id[0x0b] high edge lint[0x1])
[    0.040051] ACPI: LAPIC_NMI (acpi_id[0x0c] high edge lint[0x1])
[    0.040052] ACPI: LAPIC_NMI (acpi_id[0x0d] high edge lint[0x1])
[    0.040052] ACPI: LAPIC_NMI (acpi_id[0x0e] high edge lint[0x1])
[    0.040053] ACPI: LAPIC_NMI (acpi_id[0x0f] high edge lint[0x1])
[    0.040067] IOAPIC[0]: apic_id 33, version 33, address 0xfec00000, GSI 0-23
[    0.040072] IOAPIC[1]: apic_id 34, version 33, address 0xfec01000, GSI 24-55
[    0.040074] ACPI: INT_SRC_OVR (bus 0 bus_irq 0 global_irq 2 dfl dfl)
[    0.040076] ACPI: INT_SRC_OVR (bus 0 bus_irq 9 global_irq 9 low level)
[    0.040078] ACPI: Using ACPI (MADT) for SMP configuration information
[    0.040080] ACPI: HPET id: 0x10228210 base: 0xfed00000
[    0.040089] e820: update [mem 0xb325f000-0xb3264fff] usable ==> reserved
[    0.040098] smpboot: Allowing 16 CPUs, 10 hotplug CPUs
[    0.040123] PM: hibernation: Registered nosave memory: [mem 0x00000000-0x00000fff]
[    0.040125] PM: hibernation: Registered nosave memory: [mem 0x0009f000-0x000bffff]
[    0.040126] PM: hibernation: Registered nosave memory: [mem 0x000c0000-0x000fffff]
[    0.040127] PM: hibernation: Registered nosave memory: [mem 0x09b00000-0x09dfffff]
[    0.040129] PM: hibernation: Registered nosave memory: [mem 0x09f00000-0x09f0ffff]
[    0.040130] PM: hibernation: Registered nosave memory: [mem 0xb325f000-0xb3264fff]
[    0.040132] PM: hibernation: Registered nosave memory: [mem 0xbab69000-0xbbd68fff]
[    0.040133] PM: hibernation: Registered nosave memory: [mem 0xc9f7f000-0xcaf7efff]
[    0.040134] PM: hibernation: Registered nosave memory: [mem 0xcaf7f000-0xccf7efff]
[    0.040134] PM: hibernation: Registered nosave memory: [mem 0xccf7f000-0xcdf7efff]
[    0.040135] PM: hibernation: Registered nosave memory: [mem 0xcdf7f000-0xcdffefff]
[    0.040136] PM: hibernation: Registered nosave memory: [mem 0xce000000-0xceffffff]
[    0.040137] PM: hibernation: Registered nosave memory: [mem 0xcf000000-0xf7ffffff]
[    0.040138] PM: hibernation: Registered nosave memory: [mem 0xf8000000-0xfbffffff]
[    0.040138] PM: hibernation: Registered nosave memory: [mem 0xfc000000-0xfddfffff]
[    0.040139] PM: hibernation: Registered nosave memory: [mem 0xfde00000-0xfdefffff]
[    0.040139] PM: hibernation: Registered nosave memory: [mem 0xfdf00000-0xfebfffff]
[    0.040140] PM: hibernation: Registered nosave memory: [mem 0xfec00000-0xfec00fff]
[    0.040140] PM: hibernation: Registered nosave memory: [mem 0xfec01000-0xfec0ffff]
[    0.040141] PM: hibernation: Registered nosave memory: [mem 0xfec10000-0xfec10fff]
[    0.040141] PM: hibernation: Registered nosave memory: [mem 0xfec11000-0xfec1ffff]
[    0.040142] PM: hibernation: Registered nosave memory: [mem 0xfec20000-0xfec20fff]
[    0.040142] PM: hibernation: Registered nosave memory: [mem 0xfec21000-0xfed7ffff]
[    0.040143] PM: hibernation: Registered nosave memory: [mem 0xfed80000-0xfed80fff]
[    0.040143] PM: hibernation: Registered nosave memory: [mem 0xfed81000-0xfedfffff]
[    0.040144] PM: hibernation: Registered nosave memory: [mem 0xfee00000-0xfee00fff]
[    0.040144] PM: hibernation: Registered nosave memory: [mem 0xfee01000-0xfeffffff]
[    0.040145] PM: hibernation: Registered nosave memory: [mem 0xff000000-0xfff2ffff]
[    0.040146] PM: hibernation: Registered nosave memory: [mem 0xfff30000-0xffffffff]
[    0.040147] [mem 0xcf000000-0xf7ffffff] available for PCI devices
[    0.040148] Booting paravirtualized kernel on bare hardware
[    0.040151] clocksource: refined-jiffies: mask: 0xffffffff max_cycles: 0xffffffff, max_idle_ns: 6370452778343963 ns
[    0.043870] setup_percpu: NR_CPUS:320 nr_cpumask_bits:320 nr_cpu_ids:16 nr_node_ids:1
[    0.044484] percpu: Embedded 61 pages/cpu s212992 r8192 d28672 u262144
[    0.044493] pcpu-alloc: s212992 r8192 d28672 u262144 alloc=1*2097152
[    0.044495] pcpu-alloc: [0] 00 01 02 03 04 05 06 07 [0] 08 09 10 11 12 13 14 15 
[    0.044522] Built 1 zonelists, mobility grouping on.  Total pages: 3966649
[    0.044524] Policy zone: Normal
[    0.044525] Kernel command line: BOOT_IMAGE=/boot/vmlinuz-linux root=UUID=a1e2e1f9-dbcb-484e-a242-73d5754f8d98 rw quiet resume=UUID=36238c5a-d1ff-4e5f-986a-4d302098cfd7 loglevel=3 audit=0 lsm=landlock,lockdown,yama,apparmor,bpf l1tf=full,force mds=full,nosmt mitigations=auto,nosmt nosmt=force init_on_alloc=1 init_on_free=1 randomize_kstack_offset=on slab_nomerge pti=on slub_debug=ZF slub_debug=P page_poison=1 mem_encrypt=on
[    0.044579] audit: disabled (until reboot)
[    0.044676] mem auto-init: SLAB_POISON will take precedence over init_on_alloc/init_on_free
[    0.044695] Unknown kernel command line parameters "BOOT_IMAGE=/boot/vmlinuz-linux pti=on mem_encrypt=on", will be passed to user space.
[    0.046537] Dentry cache hash table entries: 2097152 (order: 12, 16777216 bytes, linear)
[    0.047450] Inode-cache hash table entries: 1048576 (order: 11, 8388608 bytes, linear)
[    0.047508] mem auto-init: CONFIG_PAGE_POISONING is on, will take precedence over init_on_alloc and init_on_free
[    0.047742] mem auto-init: stack:byref_all(zero), heap alloc:off, heap free:off
[    1.680607] Memory: 15517468K/16119096K available (14344K kernel code, 2071K rwdata, 10792K rodata, 1860K init, 3844K bss, 601368K reserved, 0K cma-reserved)
[    1.680612] **********************************************************
[    1.680613] **   NOTICE NOTICE NOTICE NOTICE NOTICE NOTICE NOTICE   **
[    1.680613] **                                                      **
[    1.680614] ** This system shows unhashed kernel memory addresses   **
[    1.680614] ** via the console, logs, and other interfaces. This    **
[    1.680615] ** might reduce the security of your system.            **
[    1.680615] **                                                      **
[    1.680615] ** If you see this message and you are not debugging    **
[    1.680616] ** the kernel, report this immediately to your system   **
[    1.680616] ** administrator!                                       **
[    1.680616] **                                                      **
[    1.680617] **   NOTICE NOTICE NOTICE NOTICE NOTICE NOTICE NOTICE   **
[    1.680617] **********************************************************
[    1.680620] random: get_random_u64 called from __kmem_cache_create+0x2a/0x540 with crng_init=0
[    1.680775] SLUB: HWalign=64, Order=0-3, MinObjects=0, CPUs=16, Nodes=1
[    1.680790] Kernel/User page tables isolation: enabled
[    1.680812] ftrace: allocating 44295 entries in 174 pages
[    1.692179] ftrace: allocated 174 pages with 5 groups
[    1.692326] rcu: Preemptible hierarchical RCU implementation.
[    1.692327] rcu: 	RCU dyntick-idle grace-period acceleration is enabled.
[    1.692327] rcu: 	RCU restricting CPUs from NR_CPUS=320 to nr_cpu_ids=16.
[    1.692328] rcu: 	RCU priority boosting: priority 1 delay 500 ms.
[    1.692329] 	Trampoline variant of Tasks RCU enabled.
[    1.692329] 	Rude variant of Tasks RCU enabled.
[    1.692329] 	Tracing variant of Tasks RCU enabled.
[    1.692330] rcu: RCU calculated value of scheduler-enlistment delay is 30 jiffies.
[    1.692331] rcu: Adjusting geometry for rcu_fanout_leaf=16, nr_cpu_ids=16
[    1.695796] NR_IRQS: 20736, nr_irqs: 1096, preallocated irqs: 16
[    1.696054] kfence: initialized - using 2097152 bytes for 255 objects at 0xffff8fa5fdc00000-0xffff8fa5fde00000
[    1.696221] Console: colour dummy device 80x25
[    1.696233] printk: console [tty0] enabled
[    1.696254] ACPI: Core revision 20210730
[    1.696478] clocksource: hpet: mask: 0xffffffff max_cycles: 0xffffffff, max_idle_ns: 133484873504 ns
[    1.696496] APIC: Switch to symmetric I/O mode setup
[    1.697341] AMD-Vi: ivrs, add hid:AMDI0020, uid:\_SB.FUR0, rdevid:160
[    1.697343] AMD-Vi: ivrs, add hid:AMDI0020, uid:\_SB.FUR1, rdevid:160
[    1.697344] AMD-Vi: ivrs, add hid:AMDI0020, uid:\_SB.FUR2, rdevid:160
[    1.697345] AMD-Vi: ivrs, add hid:AMDI0020, uid:\_SB.FUR3, rdevid:160
[    1.697651] Switched APIC routing to physical flat.
[    1.698408] ..TIMER: vector=0x30 apic1=0 pin1=2 apic2=-1 pin2=-1
[    1.713170] clocksource: tsc-early: mask: 0xffffffffffffffff max_cycles: 0x222bcc1ea93, max_idle_ns: 440795209692 ns
[    1.713177] Calibrating delay loop (skipped), value calculated using timer frequency.. 4743.78 BogoMIPS (lpj=7902063)
[    1.713180] pid_max: default: 32768 minimum: 301
[    1.739887] LSM: Security Framework initializing
[    1.739904] landlock: Up and running.
[    1.739906] Yama: becoming mindful.
[    1.739939] AppArmor: AppArmor initialized
[    1.739942] LSM support for eBPF active
[    1.739991] Mount-cache hash table entries: 32768 (order: 6, 262144 bytes, linear)
[    1.740027] Mountpoint-cache hash table entries: 32768 (order: 6, 262144 bytes, linear)
[    1.740284] x86/cpu: User Mode Instruction Prevention (UMIP) activated
[    1.740320] LVT offset 1 assigned for vector 0xf9
[    1.740380] LVT offset 2 assigned for vector 0xf4
[    1.740397] Last level iTLB entries: 4KB 1024, 2MB 1024, 4MB 512
[    1.740398] Last level dTLB entries: 4KB 2048, 2MB 2048, 4MB 1024, 1GB 0
[    1.740402] Spectre V1 : Mitigation: usercopy/swapgs barriers and __user pointer sanitization
[    1.740404] Spectre V2 : Mitigation: Full AMD retpoline
[    1.740405] Spectre V2 : Spectre v2 / SpectreRSB mitigation: Filling RSB on context switch
[    1.740406] Spectre V2 : Enabling Restricted Speculation for firmware calls
[    1.740407] Spectre V2 : mitigation: Enabling conditional Indirect Branch Prediction Barrier
[    1.740408] Speculative Store Bypass: Mitigation: Speculative Store Bypass disabled via prctl and seccomp
[    1.743304] Freeing SMP alternatives memory: 36K
[    1.853342] smpboot: CPU0: AMD Ryzen 5 4500U with Radeon Graphics (family: 0x17, model: 0x60, stepping: 0x1)
[    1.853509] Performance Events: Fam17h+ core perfctr, AMD PMU driver.
[    1.853514] ... version:                0
[    1.853515] ... bit width:              48
[    1.853515] ... generic registers:      6
[    1.853515] ... value mask:             0000ffffffffffff
[    1.853516] ... max period:             00007fffffffffff
[    1.853517] ... fixed-purpose events:   0
[    1.853517] ... event mask:             000000000000003f
[    1.853584] rcu: Hierarchical SRCU implementation.
[    1.854089] NMI watchdog: Enabled. Permanently consumes one hw-PMU counter.
[    1.854296] smp: Bringing up secondary CPUs ...
[    1.854413] x86: Booting SMP configuration:
[    1.854414] .... node  #0, CPUs:        #1  #2  #3  #4  #5
[    1.866571] smp: Brought up 1 node, 6 CPUs
[    1.866571] smpboot: Max logical packages: 3
[    1.866571] smpboot: Total of 6 processors activated (28458.73 BogoMIPS)
[    1.867416] devtmpfs: initialized
[    1.867416] x86/mm: Memory block size: 128MB
[    1.867688] ACPI: PM: Registering ACPI NVS region [mem 0x09f00000-0x09f0ffff] (65536 bytes)
[    1.867688] ACPI: PM: Registering ACPI NVS region [mem 0xccf7f000-0xcdf7efff] (16777216 bytes)
[    1.867688] clocksource: jiffies: mask: 0xffffffff max_cycles: 0xffffffff, max_idle_ns: 6370867519511994 ns
[    1.867688] futex hash table entries: 4096 (order: 6, 262144 bytes, linear)
[    1.867688] pinctrl core: initialized pinctrl subsystem
[    1.869947] PM: RTC time: 00:13:09, date: 2021-12-16
[    1.870693] NET: Registered PF_NETLINK/PF_ROUTE protocol family
[    1.871067] DMA: preallocated 2048 KiB GFP_KERNEL pool for atomic allocations
[    1.871324] DMA: preallocated 2048 KiB GFP_KERNEL|GFP_DMA pool for atomic allocations
[    1.871545] DMA: preallocated 2048 KiB GFP_KERNEL|GFP_DMA32 pool for atomic allocations
[    1.871699] thermal_sys: Registered thermal governor 'fair_share'
[    1.871701] thermal_sys: Registered thermal governor 'bang_bang'
[    1.871701] thermal_sys: Registered thermal governor 'step_wise'
[    1.871702] thermal_sys: Registered thermal governor 'user_space'
[    1.871702] thermal_sys: Registered thermal governor 'power_allocator'
[    1.871721] cpuidle: using governor ladder
[    1.871723] cpuidle: using governor menu
[    1.871750] Simple Boot Flag at 0x44 set to 0x1
[    1.871750] HugeTLB: can free 4094 vmemmap pages for hugepages-1048576kB
[    1.871750] ACPI: bus type PCI registered
[    1.871750] acpiphp: ACPI Hot Plug PCI Controller Driver version: 0.5
[    1.871750] PCI: MMCONFIG for domain 0000 [bus 00-3f] at [mem 0xf8000000-0xfbffffff] (base 0xf8000000)
[    1.871750] PCI: MMCONFIG at [mem 0xf8000000-0xfbffffff] reserved in E820
[    1.871750] PCI: Using configuration type 1 for base access
[    1.873842] Kprobes globally optimized
[    1.873846] HugeTLB: can free 6 vmemmap pages for hugepages-2048kB
[    1.873846] HugeTLB registered 1.00 GiB page size, pre-allocated 0 pages
[    1.873846] HugeTLB registered 2.00 MiB page size, pre-allocated 0 pages
[    1.876620] ACPI: Added _OSI(Module Device)
[    1.876621] ACPI: Added _OSI(Processor Device)
[    1.876622] ACPI: Added _OSI(3.0 _SCP Extensions)
[    1.876622] ACPI: Added _OSI(Processor Aggregator Device)
[    1.876624] ACPI: Added _OSI(Linux-Dell-Video)
[    1.876625] ACPI: Added _OSI(Linux-Lenovo-NV-HDMI-Audio)
[    1.876626] ACPI: Added _OSI(Linux-HPI-Hybrid-Graphics)
[    1.895431] ACPI: 18 ACPI AML tables successfully acquired and loaded
[    1.897085] ACPI: [Firmware Bug]: BIOS _OSI(Linux) query ignored
[    1.900320] ACPI: EC: EC started
[    1.900321] ACPI: EC: interrupt blocked
[    1.902435] ACPI: EC: EC_CMD/EC_SC=0x66, EC_DATA=0x62
[    1.902437] ACPI: \_SB_.PCI0.LPC0.EC0_: Boot DSDT EC used to handle transactions
[    1.902438] ACPI: Interpreter enabled
[    1.902454] ACPI: PM: (supports S0 S4 S5)
[    1.902455] ACPI: Using IOAPIC for interrupt routing
[    1.902672] PCI: Using host bridge windows from ACPI; if necessary, use "pci=nocrs" and report a bug
[    1.905900] ACPI: PM: Power Resource [P0U0]
[    1.905932] ACPI: PM: Power Resource [P3U0]
[    1.906733] ACPI: PM: Power Resource [P0U1]
[    1.906765] ACPI: PM: Power Resource [P3U1]
[    1.907539] ACPI: PM: Power Resource [P0S0]
[    1.907568] ACPI: PM: Power Resource [P3S0]
[    1.907737] ACPI: PM: Power Resource [P0S1]
[    1.907765] ACPI: PM: Power Resource [P3S1]
[    1.913845] ACPI: PCI Root Bridge [PCI0] (domain 0000 [bus 00-ff])
[    1.913851] acpi PNP0A08:00: _OSC: OS supports [ExtendedConfig ASPM ClockPM Segments MSI EDR HPX-Type3]
[    1.914091] acpi PNP0A08:00: _OSC: platform does not support [SHPCHotplug LTR DPC]
[    1.914323] acpi PNP0A08:00: _OSC: OS now controls [PCIeHotplug PME AER PCIeCapability]
[    1.914334] acpi PNP0A08:00: [Firmware Info]: MMCONFIG for domain 0000 [bus 00-3f] only partially covers this bridge
[    1.914695] PCI host bridge to bus 0000:00
[    1.914696] pci_bus 0000:00: root bus resource [io  0x0000-0x0cf7 window]
[    1.914698] pci_bus 0000:00: root bus resource [io  0x0d00-0xffff window]
[    1.914699] pci_bus 0000:00: root bus resource [mem 0x000a0000-0x000bffff window]
[    1.914700] pci_bus 0000:00: root bus resource [mem 0x000c0000-0x000c3fff window]
[    1.914701] pci_bus 0000:00: root bus resource [mem 0x000c4000-0x000c7fff window]
[    1.914703] pci_bus 0000:00: root bus resource [mem 0x000c8000-0x000cbfff window]
[    1.914703] pci_bus 0000:00: root bus resource [mem 0x000cc000-0x000cffff window]
[    1.914704] pci_bus 0000:00: root bus resource [mem 0x000d0000-0x000d3fff window]
[    1.914705] pci_bus 0000:00: root bus resource [mem 0x000d4000-0x000d7fff window]
[    1.914706] pci_bus 0000:00: root bus resource [mem 0x000d8000-0x000dbfff window]
[    1.914707] pci_bus 0000:00: root bus resource [mem 0x000dc000-0x000dffff window]
[    1.914708] pci_bus 0000:00: root bus resource [mem 0x000e0000-0x000e3fff window]
[    1.914709] pci_bus 0000:00: root bus resource [mem 0x000e4000-0x000e7fff window]
[    1.914710] pci_bus 0000:00: root bus resource [mem 0x000e8000-0x000ebfff window]
[    1.914711] pci_bus 0000:00: root bus resource [mem 0x000ec000-0x000effff window]
[    1.914712] pci_bus 0000:00: root bus resource [mem 0xd0000000-0xf7ffffff window]
[    1.914713] pci_bus 0000:00: root bus resource [mem 0xfc000000-0xfed3ffff window]
[    1.914714] pci_bus 0000:00: root bus resource [mem 0x450200000-0xfcffffffff window]
[    1.914716] pci_bus 0000:00: root bus resource [bus 00-ff]
[    1.914751] pci 0000:00:00.0: [1022:1630] type 00 class 0x060000
[    1.914867] pci 0000:00:00.2: [1022:1631] type 00 class 0x080600
[    1.914990] pci 0000:00:01.0: [1022:1632] type 00 class 0x060000
[    1.915090] pci 0000:00:02.0: [1022:1632] type 00 class 0x060000
[    1.915194] pci 0000:00:08.0: [1022:1632] type 00 class 0x060000
[    1.915318] pci 0000:00:08.1: [1022:1635] type 01 class 0x060400
[    1.915338] pci 0000:00:08.1: enabling Extended Tags
[    1.915368] pci 0000:00:08.1: PME# supported from D0 D3hot D3cold
[    1.915517] pci 0000:00:08.2: [1022:1635] type 01 class 0x060400
[    1.915537] pci 0000:00:08.2: enabling Extended Tags
[    1.915565] pci 0000:00:08.2: PME# supported from D0 D3hot D3cold
[    1.915711] pci 0000:00:14.0: [1022:790b] type 00 class 0x0c0500
[    1.915881] pci 0000:00:14.3: [1022:790e] type 00 class 0x060100
[    1.916039] pci 0000:00:18.0: [1022:1448] type 00 class 0x060000
[    1.916118] pci 0000:00:18.1: [1022:1449] type 00 class 0x060000
[    1.916192] pci 0000:00:18.2: [1022:144a] type 00 class 0x060000
[    1.916270] pci 0000:00:18.3: [1022:144b] type 00 class 0x060000
[    1.916344] pci 0000:00:18.4: [1022:144c] type 00 class 0x060000
[    1.916423] pci 0000:00:18.5: [1022:144d] type 00 class 0x060000
[    1.916496] pci 0000:00:18.6: [1022:144e] type 00 class 0x060000
[    1.916580] pci 0000:00:18.7: [1022:144f] type 00 class 0x060000
[    1.916753] pci 0000:01:00.0: [1002:1636] type 00 class 0x030000
[    1.916764] pci 0000:01:00.0: reg 0x10: [mem 0xfce0000000-0xfcefffffff 64bit pref]
[    1.916771] pci 0000:01:00.0: reg 0x18: [mem 0xfcf0000000-0xfcf01fffff 64bit pref]
[    1.916776] pci 0000:01:00.0: reg 0x20: [io  0x1000-0x10ff]
[    1.916781] pci 0000:01:00.0: reg 0x24: [mem 0xd0400000-0xd047ffff]
[    1.916789] pci 0000:01:00.0: enabling Extended Tags
[    1.916800] pci 0000:01:00.0: BAR 0: assigned to efifb
[    1.916836] pci 0000:01:00.0: PME# supported from D1 D2 D3hot D3cold
[    1.916965] pci 0000:01:00.1: [1002:1637] type 00 class 0x040300
[    1.916972] pci 0000:01:00.1: reg 0x10: [mem 0xd04c8000-0xd04cbfff]
[    1.916991] pci 0000:01:00.1: enabling Extended Tags
[    1.917019] pci 0000:01:00.1: PME# supported from D1 D2 D3hot D3cold
[    1.917115] pci 0000:01:00.2: [1022:15df] type 00 class 0x108000
[    1.917127] pci 0000:01:00.2: reg 0x18: [mem 0xd0300000-0xd03fffff]
[    1.917136] pci 0000:01:00.2: reg 0x24: [mem 0xd04cc000-0xd04cdfff]
[    1.917142] pci 0000:01:00.2: enabling Extended Tags
[    1.917265] pci 0000:01:00.3: [1022:1639] type 00 class 0x0c0330
[    1.917275] pci 0000:01:00.3: reg 0x10: [mem 0xd0100000-0xd01fffff 64bit]
[    1.917297] pci 0000:01:00.3: enabling Extended Tags
[    1.917326] pci 0000:01:00.3: PME# supported from D0 D3hot D3cold
[    1.917425] pci 0000:01:00.4: [1022:1639] type 00 class 0x0c0330
[    1.917435] pci 0000:01:00.4: reg 0x10: [mem 0xd0200000-0xd02fffff 64bit]
[    1.917457] pci 0000:01:00.4: enabling Extended Tags
[    1.917486] pci 0000:01:00.4: PME# supported from D0 D3hot D3cold
[    1.917587] pci 0000:01:00.5: [1022:15e2] type 00 class 0x048000
[    1.917594] pci 0000:01:00.5: reg 0x10: [mem 0xd0480000-0xd04bffff]
[    1.917613] pci 0000:01:00.5: enabling Extended Tags
[    1.917640] pci 0000:01:00.5: PME# supported from D0 D3hot D3cold
[    1.917733] pci 0000:01:00.6: [1022:15e3] type 00 class 0x040300
[    1.917740] pci 0000:01:00.6: reg 0x10: [mem 0xd04c0000-0xd04c7fff]
[    1.917760] pci 0000:01:00.6: enabling Extended Tags
[    1.917787] pci 0000:01:00.6: PME# supported from D0 D3hot D3cold
[    1.917875] pci 0000:00:08.1: PCI bridge to [bus 01]
[    1.917878] pci 0000:00:08.1:   bridge window [io  0x1000-0x1fff]
[    1.917880] pci 0000:00:08.1:   bridge window [mem 0xd0100000-0xd04fffff]
[    1.917882] pci 0000:00:08.1:   bridge window [mem 0xfce0000000-0xfcf01fffff 64bit pref]
[    1.917934] pci 0000:02:00.0: [1022:7901] type 00 class 0x010601
[    1.917960] pci 0000:02:00.0: reg 0x24: [mem 0xd0001000-0xd00017ff]
[    1.917968] pci 0000:02:00.0: enabling Extended Tags
[    1.918088] pci 0000:02:00.1: [1022:7901] type 00 class 0x010601
[    1.918114] pci 0000:02:00.1: reg 0x24: [mem 0xd0000000-0xd00007ff]
[    1.918122] pci 0000:02:00.1: enabling Extended Tags
[    1.918224] pci 0000:00:08.2: PCI bridge to [bus 02]
[    1.918228] pci 0000:00:08.2:   bridge window [mem 0xd0000000-0xd00fffff]
[    1.919993] ACPI: PCI: Interrupt link LNKA configured for IRQ 0
[    1.919995] ACPI: PCI: Interrupt link LNKA disabled
[    1.920089] ACPI: PCI: Interrupt link LNKB configured for IRQ 0
[    1.920090] ACPI: PCI: Interrupt link LNKB disabled
[    1.920165] ACPI: PCI: Interrupt link LNKC configured for IRQ 0
[    1.920166] ACPI: PCI: Interrupt link LNKC disabled
[    1.920259] ACPI: PCI: Interrupt link LNKD configured for IRQ 0
[    1.920260] ACPI: PCI: Interrupt link LNKD disabled
[    1.920346] ACPI: PCI: Interrupt link LNKE configured for IRQ 0
[    1.920347] ACPI: PCI: Interrupt link LNKE disabled
[    1.920416] ACPI: PCI: Interrupt link LNKF configured for IRQ 0
[    1.920417] ACPI: PCI: Interrupt link LNKF disabled
[    1.920485] ACPI: PCI: Interrupt link LNKG configured for IRQ 0
[    1.920486] ACPI: PCI: Interrupt link LNKG disabled
[    1.920555] ACPI: PCI: Interrupt link LNKH configured for IRQ 0
[    1.920556] ACPI: PCI: Interrupt link LNKH disabled
[    1.922646] ACPI: EC: interrupt unblocked
[    1.922647] ACPI: EC: event unblocked
[    1.922654] ACPI: EC: EC_CMD/EC_SC=0x66, EC_DATA=0x62
[    1.922655] ACPI: EC: GPE=0x3
[    1.922656] ACPI: \_SB_.PCI0.LPC0.EC0_: Boot DSDT EC initialization complete
[    1.922657] ACPI: \_SB_.PCI0.LPC0.EC0_: EC: Used to handle transactions and events
[    1.922703] iommu: Default domain type: Translated 
[    1.922704] iommu: DMA domain TLB invalidation policy: lazy mode 
[    1.922721] pci 0000:01:00.0: vgaarb: VGA device added: decodes=io+mem,owns=none,locks=none
[    1.922721] pci 0000:01:00.0: vgaarb: bridge control possible
[    1.922721] pci 0000:01:00.0: vgaarb: setting as boot device
[    1.922721] vgaarb: loaded
[    1.922721] SCSI subsystem initialized
[    1.922721] libata version 3.00 loaded.
[    1.923184] ACPI: bus type USB registered
[    1.923198] usbcore: registered new interface driver usbfs
[    1.923203] usbcore: registered new interface driver hub
[    1.923209] usbcore: registered new device driver usb
[    1.930183] pps_core: LinuxPPS API ver. 1 registered
[    1.930184] pps_core: Software ver. 5.3.6 - Copyright 2005-2007 Rodolfo Giometti <giometti@linux.it>
[    1.930188] PTP clock support registered
[    1.930197] EDAC MC: Ver: 3.0.0
[    1.930240] Registered efivars operations
[    1.930240] NetLabel: Initializing
[    1.930240] NetLabel:  domain hash size = 128
[    1.930240] NetLabel:  protocols = UNLABELED CIPSOv4 CALIPSO
[    1.930240] NetLabel:  unlabeled traffic allowed by default
[    1.930240] PCI: Using ACPI for IRQ routing
[    1.932093] PCI: pci_cache_line_size set to 64 bytes
[    1.932126] e820: reserve RAM buffer [mem 0x0009f000-0x0009ffff]
[    1.932127] e820: reserve RAM buffer [mem 0x09b00000-0x0bffffff]
[    1.932128] e820: reserve RAM buffer [mem 0x09f00000-0x0bffffff]
[    1.932129] e820: reserve RAM buffer [mem 0xb325f000-0xb3ffffff]
[    1.932130] e820: reserve RAM buffer [mem 0xbab69000-0xbbffffff]
[    1.932131] e820: reserve RAM buffer [mem 0xc9f7f000-0xcbffffff]
[    1.932132] e820: reserve RAM buffer [mem 0xce000000-0xcfffffff]
[    1.932133] e820: reserve RAM buffer [mem 0x40f340000-0x40fffffff]
[    1.932138] hpet0: at MMIO 0xfed00000, IRQs 2, 8, 0
[    1.932138] hpet0: 3 comparators, 32-bit 14.318180 MHz counter
[    1.934511] clocksource: Switched to clocksource tsc-early
[    1.943454] VFS: Disk quotas dquot_6.6.0
[    1.943472] VFS: Dquot-cache hash table entries: 512 (order 0, 4096 bytes)
[    1.943615] AppArmor: AppArmor Filesystem Enabled
[    1.943667] pnp: PnP ACPI init
[    1.943948] system 00:00: [mem 0xfec00000-0xfec01fff] could not be reserved
[    1.943953] system 00:00: [mem 0xfee00000-0xfee00fff] has been reserved
[    1.943955] system 00:00: [mem 0xfde00000-0xfdefffff] has been reserved
[    1.944201] system 00:03: [io  0x0400-0x04cf] has been reserved
[    1.944203] system 00:03: [io  0x04d0-0x04d1] has been reserved
[    1.944204] system 00:03: [io  0x04d6] has been reserved
[    1.944205] system 00:03: [io  0x0c00-0x0c01] has been reserved
[    1.944206] system 00:03: [io  0x0c14] has been reserved
[    1.944208] system 00:03: [io  0x0c50-0x0c52] has been reserved
[    1.944209] system 00:03: [io  0x0c6c] has been reserved
[    1.944210] system 00:03: [io  0x0c6f] has been reserved
[    1.944211] system 00:03: [io  0x0cd0-0x0cdb] has been reserved
[    1.944285] system 00:04: [mem 0x000e0000-0x000fffff] could not be reserved
[    1.944287] system 00:04: [mem 0xff000000-0xffffffff] could not be reserved
[    1.945544] pnp: PnP ACPI: found 5 devices
[    1.953412] clocksource: acpi_pm: mask: 0xffffff max_cycles: 0xffffff, max_idle_ns: 2085701024 ns
[    1.953565] NET: Registered PF_INET protocol family
[    1.954270] IP idents hash table entries: 262144 (order: 9, 2097152 bytes, linear)
[    1.956079] tcp_listen_portaddr_hash hash table entries: 8192 (order: 5, 131072 bytes, linear)
[    1.956222] TCP established hash table entries: 131072 (order: 8, 1048576 bytes, linear)
[    1.956471] TCP bind hash table entries: 65536 (order: 8, 1048576 bytes, linear)
[    1.956538] TCP: Hash tables configured (established 131072 bind 65536)
[    1.956691] MPTCP token hash table entries: 16384 (order: 6, 393216 bytes, linear)
[    1.956753] UDP hash table entries: 8192 (order: 6, 262144 bytes, linear)
[    1.956807] UDP-Lite hash table entries: 8192 (order: 6, 262144 bytes, linear)
[    1.956891] NET: Registered PF_UNIX/PF_LOCAL protocol family
[    1.956897] NET: Registered PF_XDP protocol family
[    1.956911] pci 0000:00:08.1: PCI bridge to [bus 01]
[    1.956915] pci 0000:00:08.1:   bridge window [io  0x1000-0x1fff]
[    1.956919] pci 0000:00:08.1:   bridge window [mem 0xd0100000-0xd04fffff]
[    1.956921] pci 0000:00:08.1:   bridge window [mem 0xfce0000000-0xfcf01fffff 64bit pref]
[    1.956925] pci 0000:00:08.2: PCI bridge to [bus 02]
[    1.956927] pci 0000:00:08.2:   bridge window [mem 0xd0000000-0xd00fffff]
[    1.956932] pci_bus 0000:00: resource 4 [io  0x0000-0x0cf7 window]
[    1.956934] pci_bus 0000:00: resource 5 [io  0x0d00-0xffff window]
[    1.956935] pci_bus 0000:00: resource 6 [mem 0x000a0000-0x000bffff window]
[    1.956936] pci_bus 0000:00: resource 7 [mem 0x000c0000-0x000c3fff window]
[    1.956937] pci_bus 0000:00: resource 8 [mem 0x000c4000-0x000c7fff window]
[    1.956938] pci_bus 0000:00: resource 9 [mem 0x000c8000-0x000cbfff window]
[    1.956938] pci_bus 0000:00: resource 10 [mem 0x000cc000-0x000cffff window]
[    1.956939] pci_bus 0000:00: resource 11 [mem 0x000d0000-0x000d3fff window]
[    1.956940] pci_bus 0000:00: resource 12 [mem 0x000d4000-0x000d7fff window]
[    1.956941] pci_bus 0000:00: resource 13 [mem 0x000d8000-0x000dbfff window]
[    1.956942] pci_bus 0000:00: resource 14 [mem 0x000dc000-0x000dffff window]
[    1.956943] pci_bus 0000:00: resource 15 [mem 0x000e0000-0x000e3fff window]
[    1.956944] pci_bus 0000:00: resource 16 [mem 0x000e4000-0x000e7fff window]
[    1.956945] pci_bus 0000:00: resource 17 [mem 0x000e8000-0x000ebfff window]
[    1.956946] pci_bus 0000:00: resource 18 [mem 0x000ec000-0x000effff window]
[    1.956946] pci_bus 0000:00: resource 19 [mem 0xd0000000-0xf7ffffff window]
[    1.956947] pci_bus 0000:00: resource 20 [mem 0xfc000000-0xfed3ffff window]
[    1.956948] pci_bus 0000:00: resource 21 [mem 0x450200000-0xfcffffffff window]
[    1.956950] pci_bus 0000:01: resource 0 [io  0x1000-0x1fff]
[    1.956951] pci_bus 0000:01: resource 1 [mem 0xd0100000-0xd04fffff]
[    1.956951] pci_bus 0000:01: resource 2 [mem 0xfce0000000-0xfcf01fffff 64bit pref]
[    1.956953] pci_bus 0000:02: resource 1 [mem 0xd0000000-0xd00fffff]
[    1.957096] pci 0000:01:00.1: D0 power state depends on 0000:01:00.0
[    1.957129] pci 0000:01:00.3: extending delay after power-on from D3hot to 20 msec
[    1.958768] pci 0000:01:00.4: extending delay after power-on from D3hot to 20 msec
[    2.073654] pci 0000:01:00.4: quirk_usb_early_handoff+0x0/0x750 took 112191 usecs
[    2.073666] PCI: CLS 64 bytes, default 64
[    2.073681] pci 0000:00:00.2: AMD-Vi: IOMMU performance counters supported
[    2.073735] Trying to unpack rootfs image as initramfs...
[    2.073753] pci 0000:00:00.2: can't derive routing for PCI INT A
[    2.073754] pci 0000:00:00.2: PCI INT A: not connected
[    2.073776] pci 0000:00:01.0: Adding to iommu group 0
[    2.073792] pci 0000:00:02.0: Adding to iommu group 1
[    2.073810] pci 0000:00:08.0: Adding to iommu group 2
[    2.073817] pci 0000:00:08.1: Adding to iommu group 2
[    2.073824] pci 0000:00:08.2: Adding to iommu group 2
[    2.073838] pci 0000:00:14.0: Adding to iommu group 3
[    2.073848] pci 0000:00:14.3: Adding to iommu group 3
[    2.073873] pci 0000:00:18.0: Adding to iommu group 4
[    2.073881] pci 0000:00:18.1: Adding to iommu group 4
[    2.073888] pci 0000:00:18.2: Adding to iommu group 4
[    2.073896] pci 0000:00:18.3: Adding to iommu group 4
[    2.073903] pci 0000:00:18.4: Adding to iommu group 4
[    2.073911] pci 0000:00:18.5: Adding to iommu group 4
[    2.073921] pci 0000:00:18.6: Adding to iommu group 4
[    2.073929] pci 0000:00:18.7: Adding to iommu group 4
[    2.073943] pci 0000:01:00.0: Adding to iommu group 2
[    2.073948] pci 0000:01:00.1: Adding to iommu group 2
[    2.073952] pci 0000:01:00.2: Adding to iommu group 2
[    2.073957] pci 0000:01:00.3: Adding to iommu group 2
[    2.073962] pci 0000:01:00.4: Adding to iommu group 2
[    2.073968] pci 0000:01:00.5: Adding to iommu group 2
[    2.073973] pci 0000:01:00.6: Adding to iommu group 2
[    2.073979] pci 0000:02:00.0: Adding to iommu group 2
[    2.073983] pci 0000:02:00.1: Adding to iommu group 2
[    2.075511] pci 0000:00:00.2: AMD-Vi: Found IOMMU cap 0x40
[    2.075516] AMD-Vi: Extended features (0x206d73ef22254ade): PPR X2APIC NX GT IA GA PC GA_vAPIC
[    2.075521] AMD-Vi: Interrupt remapping enabled
[    2.075521] AMD-Vi: Virtual APIC enabled
[    2.075522] AMD-Vi: X2APIC enabled
[    2.075783] software IO TLB: tearing down default memory pool
[    2.083795] LVT offset 0 assigned for vector 0x400
[    2.083974] perf: AMD IBS detected (0x000003ff)
[    2.083980] perf/amd_iommu: Detected AMD IOMMU #0 (2 banks, 4 counters/bank).
[    2.086026] Initialise system trusted keyrings
[    2.086040] Key type blacklist registered
[    2.086150] workingset: timestamp_bits=41 max_order=22 bucket_order=0
[    2.087663] zbud: loaded
[    2.090687] Key type asymmetric registered
[    2.090689] Asymmetric key parser 'x509' registered
[    2.090721] Block layer SCSI generic (bsg) driver version 0.4 loaded (major 242)
[    2.090825] io scheduler mq-deadline registered
[    2.090826] io scheduler kyber registered
[    2.090858] io scheduler bfq registered
[    2.091338] pcieport 0000:00:08.1: PME: Signaling with IRQ 26
[    2.091558] pcieport 0000:00:08.2: PME: Signaling with IRQ 27
[    2.091643] shpchp: Standard Hot Plug PCI Controller Driver version: 0.4
[    2.093860] ACPI: AC: AC Adapter [ACAD] (on-line)
[    2.093900] input: Power Button as /devices/LNXSYSTM:00/LNXSYBUS:00/PNP0C0C:00/input/input0
[    2.093917] ACPI: button: Power Button [PWRB]
[    2.093945] input: Lid Switch as /devices/LNXSYSTM:00/LNXSYBUS:00/PNP0A08:00/device:2a/PNP0C09:00/PNP0C0D:00/input/input1
[    2.093960] ACPI: button: Lid Switch [LID0]
[    2.093998] Monitor-Mwait will be used to enter C-1 state
[    2.094001] ACPI: \_SB_.PLTF.C000: Found 3 idle states
[    2.094011] ACPI: FW issue: working around C-state latencies out of order
[    2.094097] ACPI: \_SB_.PLTF.C001: Found 3 idle states
[    2.094101] ACPI: FW issue: working around C-state latencies out of order
[    2.094280] ACPI: \_SB_.PLTF.C002: Found 3 idle states
[    2.094289] ACPI: FW issue: working around C-state latencies out of order
[    2.094385] ACPI: \_SB_.PLTF.C003: Found 3 idle states
[    2.094389] ACPI: FW issue: working around C-state latencies out of order
[    2.094581] ACPI: \_SB_.PLTF.C004: Found 3 idle states
[    2.094601] ACPI: FW issue: working around C-state latencies out of order
[    2.094938] ACPI: \_SB_.PLTF.C005: Found 3 idle states
[    2.094953] ACPI: FW issue: working around C-state latencies out of order
[    2.097545] thermal LNXTHERM:00: registered as thermal_zone0
[    2.097547] ACPI: thermal: Thermal Zone [TZ0] (0 C)
[    2.097835] Serial: 8250/16550 driver, 32 ports, IRQ sharing enabled
[    2.098388] ACPI: battery: Slot [BATT] (battery absent)
[    2.099793] Non-volatile memory driver v1.3
[    2.099796] Linux agpgart interface v0.103
[    2.099905] AMD-Vi: AMD IOMMUv2 loaded and initialized
[    2.101404] ahci 0000:02:00.0: version 3.0
[    2.101597] ahci 0000:02:00.0: AHCI 0001.0301 32 slots 1 ports 6 Gbps 0x1 impl SATA mode
[    2.101600] ahci 0000:02:00.0: flags: 64bit ncq sntf ilck pm led clo only pmp fbs pio slum part 
[    2.101920] scsi host0: ahci
[    2.102011] ata1: SATA max UDMA/133 abar m2048@0xd0001000 port 0xd0001100 irq 29
[    2.102211] ahci 0000:02:00.1: AHCI 0001.0301 32 slots 1 ports 6 Gbps 0x1 impl SATA mode
[    2.102214] ahci 0000:02:00.1: flags: 64bit ncq sntf ilck pm led clo only pmp fbs pio slum part deso sadm sds 
[    2.102604] scsi host1: ahci
[    2.102676] ata2: SATA max UDMA/133 abar m2048@0xd0000000 port 0xd0000100 irq 31
[    2.102716] ehci_hcd: USB 2.0 'Enhanced' Host Controller (EHCI) Driver
[    2.102729] ehci-pci: EHCI PCI platform driver
[    2.102744] ohci_hcd: USB 1.1 'Open' Host Controller (OHCI) Driver
[    2.102746] ohci-pci: OHCI PCI platform driver
[    2.102752] uhci_hcd: USB Universal Host Controller Interface driver
[    2.102817] usbcore: registered new interface driver usbserial_generic
[    2.102821] usbserial: USB Serial support registered for generic
[    2.103036] rtc_cmos 00:01: RTC can wake from S4
[    2.103295] rtc_cmos 00:01: registered as rtc0
[    2.103324] rtc_cmos 00:01: setting system clock to 2021-12-16T00:13:09 UTC (1639613589)
[    2.103338] rtc_cmos 00:01: alarms up to one month, 114 bytes nvram, hpet irqs
[    2.103495] ledtrig-cpu: registered to indicate activity on CPUs
[    2.103724] efifb: probing for efifb
[    2.103736] efifb: framebuffer at 0xfce0000000, using 8128k, total 8128k
[    2.103737] efifb: mode is 1920x1080x32, linelength=7680, pages=1
[    2.103738] efifb: scrolling: redraw
[    2.103739] efifb: Truecolor: size=8:8:8:8, shift=24:16:8:0
[    2.103819] fbcon: Deferring console take-over
[    2.103820] fb0: EFI VGA frame buffer device
[    2.103859] hid: raw HID events driver (C) Jiri Kosina
[    2.103957] drop_monitor: Initializing network drop monitor service
[    2.104007] Initializing XFRM netlink socket
[    2.104110] NET: Registered PF_INET6 protocol family
[    2.419514] ata1: SATA link down (SStatus 0 SControl 300)
[    2.470950] Freeing initrd memory: 10672K
[    2.478168] Segment Routing with IPv6
[    2.478172] RPL Segment Routing with IPv6
[    2.478193] In-situ OAM (IOAM) with IPv6
[    2.478237] NET: Registered PF_PACKET protocol family
[    2.479616] microcode: CPU0: patch_level=0x08600106
[    2.479647] microcode: CPU1: patch_level=0x08600106
[    2.479673] microcode: CPU2: patch_level=0x08600106
[    2.479698] microcode: CPU3: patch_level=0x08600106
[    2.479705] microcode: CPU4: patch_level=0x08600106
[    2.479710] microcode: CPU5: patch_level=0x08600106
[    2.479715] microcode: Microcode Update Driver: v2.2.
[    2.479959] resctrl: L3 allocation detected
[    2.479960] resctrl: MB allocation detected
[    2.479961] resctrl: L3 monitoring detected
[    2.479966] IPI shorthand broadcast: enabled
[    2.479979] sched_clock: Marking stable (2479434907, 508024)->(3585527026, -1105584095)
[    2.480302] registered taskstats version 1
[    2.480631] Loading compiled-in X.509 certificates
[    2.482939] Loaded X.509 cert 'Build time autogenerated kernel key: e31b3a49ceda79da08fdf623435169c29bf0df2e'
[    2.484606] zswap: loaded using pool lz4/z3fold
[    2.485381] Key type ._fscrypt registered
[    2.485383] Key type .fscrypt registered
[    2.485384] Key type fscrypt-provisioning registered
[    2.485450] AppArmor: AppArmor sha1 policy hashing enabled
[    2.485867] PM:   Magic number: 1:404:203
[    2.485897] acpi device:2b: hash matches
[    2.486334] RAS: Correctable Errors collector initialized.
[    2.869440] ata2: SATA link up 6.0 Gbps (SStatus 133 SControl 300)
[    2.871984] ata2.00: ATA-11: SAMSUNG MZNLH512HALU-00000, RVT2200Q, max UDMA/133
[    2.872995] ata2.00: 1000215216 sectors, multi 16: LBA48 NCQ (depth 32), AA
[    2.874538] ata2.00: Features: Dev-Sleep NCQ-sndrcv
[    2.877695] ata2.00: configured for UDMA/133
[    2.877849] ata2.00: failed to enable DEVSLP
[    2.877859] ata2.00: failed to enable DIPM, Emask 0x40
[    3.135136] clocksource: timekeeping watchdog on CPU1: Marking clocksource 'tsc-early' as unstable because the skew is too large:
[    3.135144] clocksource:                       'hpet' wd_nsec: 506814273 wd_now: 1ec6266 wd_last: 17da814 mask: ffffffff
[    3.135149] clocksource:                       'tsc-early' cs_nsec: 797401729 cs_now: 962f30b1b cs_last: 8f246cfa8 mask: ffffffffffffffff
[    3.135152] clocksource:                       'tsc-early' is current clocksource.
[    3.135162] tsc: Marking TSC unstable due to clocksource watchdog
[    3.135181] TSC found unstable after boot, most likely due to broken BIOS. Use 'tsc=unstable'.
[    3.135182] sched_clock: Marking unstable (3134672184, 508024)<-(4240764237, -1105584095)
[    3.135649] clocksource: Switched to clocksource hpet
[    7.976766] ata2: SATA link up 6.0 Gbps (SStatus 133 SControl 300)
[    7.986465] ata2.00: configured for UDMA/133
[    7.987189] scsi 1:0:0:0: Direct-Access     ATA      SAMSUNG MZNLH512 200Q PQ: 0 ANSI: 5
[    7.987563] sd 1:0:0:0: [sda] 1000215216 512-byte logical blocks: (512 GB/477 GiB)
[    7.987577] sd 1:0:0:0: [sda] Write Protect is off
[    7.987580] sd 1:0:0:0: [sda] Mode Sense: 00 3a 00 00
[    7.987593] sd 1:0:0:0: [sda] Write cache: enabled, read cache: enabled, doesn't support DPO or FUA
[    8.017650]  sda: sda1 sda2 sda3
[    8.040257] sd 1:0:0:0: [sda] Attached SCSI disk
[    8.040433] Unstable clock detected, switching default tracing clock to "global"
               If you want to keep using the local clock, then add:
                 "trace_clock=local"
               on the kernel command line
[    8.042596] Freeing unused decrypted memory: 2036K
[    8.043093] Freeing unused kernel image (initmem) memory: 1860K
[    8.066769] Write protecting the kernel read-only data: 28672k
[    8.067543] Freeing unused kernel image (text/rodata gap) memory: 2036K
[    8.068067] Freeing unused kernel image (rodata/data gap) memory: 1496K
[    8.093599] x86/mm: Checked W+X mappings: passed, no W+X pages found.
[    8.093606] rodata_test: all tests were successful
[    8.093608] x86/mm: Checking user space page tables
[    8.118018] x86/mm: Checked W+X mappings: passed, no W+X pages found.
[    8.118043] Run /init as init process
[    8.118045]   with arguments:
[    8.118046]     /init
[    8.118047]   with environment:
[    8.118048]     HOME=/
[    8.118048]     TERM=linux
[    8.118049]     BOOT_IMAGE=/boot/vmlinuz-linux
[    8.118050]     pti=on
[    8.118050]     mem_encrypt=on
[    8.142422] fbcon: Taking over console
[    8.142498] Console: switching to colour frame buffer device 240x67
[    8.236833] i8042: PNP: PS/2 Controller [PNP0303:KBC0] at 0x60,0x64 irq 1
[    8.236837] i8042: PNP: PS/2 appears to have AUX port disabled, if this is incorrect please boot with i8042.nopnp
[    8.238494] serio: i8042 KBD port at 0x60,0x64 irq 1
[    8.239711] xhci_hcd 0000:01:00.3: xHCI Host Controller
[    8.239722] xhci_hcd 0000:01:00.3: new USB bus registered, assigned bus number 1
[    8.239824] xhci_hcd 0000:01:00.3: hcc params 0x0268ffe5 hci version 0x110 quirks 0x0000020000000410
[    8.240192] usb usb1: New USB device found, idVendor=1d6b, idProduct=0002, bcdDevice= 5.15
[    8.240194] usb usb1: New USB device strings: Mfr=3, Product=2, SerialNumber=1
[    8.240195] usb usb1: Product: xHCI Host Controller
[    8.240197] usb usb1: Manufacturer: Linux 5.15.8-arch1-1 xhci-hcd
[    8.240198] usb usb1: SerialNumber: 0000:01:00.3
[    8.240411] hub 1-0:1.0: USB hub found
[    8.240423] hub 1-0:1.0: 4 ports detected
[    8.240781] xhci_hcd 0000:01:00.3: xHCI Host Controller
[    8.240788] xhci_hcd 0000:01:00.3: new USB bus registered, assigned bus number 2
[    8.240791] xhci_hcd 0000:01:00.3: Host supports USB 3.1 Enhanced SuperSpeed
[    8.240808] usb usb2: We don't know the algorithms for LPM for this host, disabling LPM.
[    8.240834] usb usb2: New USB device found, idVendor=1d6b, idProduct=0003, bcdDevice= 5.15
[    8.240836] usb usb2: New USB device strings: Mfr=3, Product=2, SerialNumber=1
[    8.240837] usb usb2: Product: xHCI Host Controller
[    8.240838] usb usb2: Manufacturer: Linux 5.15.8-arch1-1 xhci-hcd
[    8.240839] usb usb2: SerialNumber: 0000:01:00.3
[    8.241025] hub 2-0:1.0: USB hub found
[    8.241035] hub 2-0:1.0: 2 ports detected
[    8.241360] xhci_hcd 0000:01:00.4: xHCI Host Controller
[    8.241364] xhci_hcd 0000:01:00.4: new USB bus registered, assigned bus number 3
[    8.241467] xhci_hcd 0000:01:00.4: hcc params 0x0268ffe5 hci version 0x110 quirks 0x0000020000000410
[    8.241808] usb usb3: New USB device found, idVendor=1d6b, idProduct=0002, bcdDevice= 5.15
[    8.241810] usb usb3: New USB device strings: Mfr=3, Product=2, SerialNumber=1
[    8.241811] usb usb3: Product: xHCI Host Controller
[    8.241812] usb usb3: Manufacturer: Linux 5.15.8-arch1-1 xhci-hcd
[    8.241813] usb usb3: SerialNumber: 0000:01:00.4
[    8.241978] hub 3-0:1.0: USB hub found
[    8.241989] hub 3-0:1.0: 4 ports detected
[    8.242307] xhci_hcd 0000:01:00.4: xHCI Host Controller
[    8.242311] xhci_hcd 0000:01:00.4: new USB bus registered, assigned bus number 4
[    8.242314] xhci_hcd 0000:01:00.4: Host supports USB 3.1 Enhanced SuperSpeed
[    8.242338] usb usb4: We don't know the algorithms for LPM for this host, disabling LPM.
[    8.242362] usb usb4: New USB device found, idVendor=1d6b, idProduct=0003, bcdDevice= 5.15
[    8.242363] usb usb4: New USB device strings: Mfr=3, Product=2, SerialNumber=1
[    8.242364] usb usb4: Product: xHCI Host Controller
[    8.242365] usb usb4: Manufacturer: Linux 5.15.8-arch1-1 xhci-hcd
[    8.242366] usb usb4: SerialNumber: 0000:01:00.4
[    8.242510] hub 4-0:1.0: USB hub found
[    8.242518] hub 4-0:1.0: 2 ports detected
[    8.262636] input: AT Translated Set 2 keyboard as /devices/platform/i8042/serio0/input/input2
[    8.273993] PM: Image not found (code -22)
[    8.292725] random: fast init done
[    8.493251] usb 3-1: new high-speed USB device number 2 using xhci_hcd
[    8.635036] usb 3-1: New USB device found, idVendor=1a40, idProduct=0801, bcdDevice= 1.00
[    8.635044] usb 3-1: New USB device strings: Mfr=0, Product=1, SerialNumber=0
[    8.635047] usb 3-1: Product: USB 2.0 Hub
[    8.690823] hub 3-1:1.0: USB hub found
[    8.691192] hub 3-1:1.0: 4 ports detected
[    8.756948] usb 4-1: new SuperSpeed USB device number 2 using xhci_hcd
[    8.780873] usb 4-1: New USB device found, idVendor=05e3, idProduct=0626, bcdDevice= 6.63
[    8.780878] usb 4-1: New USB device strings: Mfr=1, Product=2, SerialNumber=0
[    8.780879] usb 4-1: Product: USB3.1 Hub
[    8.780880] usb 4-1: Manufacturer: GenesysLogic
[    8.803681] hub 4-1:1.0: USB hub found
[    8.804509] hub 4-1:1.0: 4 ports detected
[    8.986525] usb 3-1.1: new full-speed USB device number 3 using xhci_hcd
[    9.136470] usb 3-1.1: not running at top speed; connect to a high speed hub
[    9.157269] EXT4-fs (sda2): mounted filesystem with ordered data mode. Opts: (null). Quota mode: none.
[    9.188417] usb 3-1.1: New USB device found, idVendor=25a4, idProduct=9311, bcdDevice= 2.01
[    9.188425] usb 3-1.1: New USB device strings: Mfr=1, Product=2, SerialNumber=3
[    9.188428] usb 3-1.1: Product: USB C Video Adaptor      
[    9.188430] usb 3-1.1: Manufacturer: USB C  
[    9.188432] usb 3-1.1: SerialNumber: 000000000001
[    9.200668] usb 4-1.1: new SuperSpeed USB device number 3 using xhci_hcd
[    9.221072] usb 4-1.1: New USB device found, idVendor=8564, idProduct=4000, bcdDevice= 0.04
[    9.221076] usb 4-1.1: New USB device strings: Mfr=3, Product=4, SerialNumber=2
[    9.221078] usb 4-1.1: Product: Transcend
[    9.221079] usb 4-1.1: Manufacturer: TS-RDF5A
[    9.221080] usb 4-1.1: SerialNumber: 000000000004
[    9.289894] usb 3-1.2: new high-speed USB device number 4 using xhci_hcd
[    9.290878] systemd[1]: systemd 249.7-2-arch running in system mode (+PAM +AUDIT -SELINUX -APPARMOR -IMA +SMACK +SECCOMP +GCRYPT +GNUTLS +OPENSSL +ACL +BLKID +CURL +ELFUTILS +FIDO2 +IDN2 -IDN +IPTC +KMOD +LIBCRYPTSETUP +LIBFDISK +PCRE2 -PWQUALITY +P11KIT -QRENCODE +BZIP2 +LZ4 +XZ +ZLIB +ZSTD +XKBCOMMON +UTMP -SYSVINIT default-hierarchy=unified)
[    9.307038] systemd[1]: Detected architecture x86-64.
[    9.307765] systemd[1]: Hostname set to <mksredmibook14ii>.
[    9.367076] random: lvmconfig: uninitialized urandom read (4 bytes read)
[    9.388907] usb 3-1.2: New USB device found, idVendor=05e3, idProduct=0610, bcdDevice= 6.63
[    9.388911] usb 3-1.2: New USB device strings: Mfr=1, Product=2, SerialNumber=0
[    9.388913] usb 3-1.2: Product: USB2.1 Hub
[    9.388914] usb 3-1.2: Manufacturer: GenesysLogic
[    9.427078] hub 3-1.2:1.0: USB hub found
[    9.427681] hub 3-1.2:1.0: 4 ports detected
[    9.431842] systemd[1]: Queued start job for default target Graphical Interface.
[    9.433012] systemd[1]: Created slice Slice /system/getty.
[    9.433379] systemd[1]: Created slice Slice /system/modprobe.
[    9.433764] systemd[1]: Created slice Slice /system/systemd-fsck.
[    9.433949] systemd[1]: Created slice User and Session Slice.
[    9.434043] systemd[1]: Started Dispatch Password Requests to Console Directory Watch.
[    9.434104] systemd[1]: Started Forward Password Requests to Wall Directory Watch.
[    9.434282] systemd[1]: Set up automount Arbitrary Executable File Formats File System Automount Point.
[    9.434343] systemd[1]: Reached target Local Encrypted Volumes.
[    9.434368] systemd[1]: Reached target Login Prompts.
[    9.434402] systemd[1]: Reached target Path Units.
[    9.434426] systemd[1]: Reached target Remote File Systems.
[    9.434447] systemd[1]: Reached target Slice Units.
[    9.434484] systemd[1]: Reached target Local Verity Protected Volumes.
[    9.434562] systemd[1]: Listening on Device-mapper event daemon FIFOs.
[    9.434822] systemd[1]: Listening on LVM2 poll daemon socket.
[    9.435681] systemd[1]: Listening on Process Core Dump Socket.
[    9.438281] systemd[1]: Condition check resulted in Journal Audit Socket being skipped.
[    9.439358] systemd[1]: Listening on Journal Socket (/dev/log).
[    9.439481] systemd[1]: Listening on Journal Socket.
[    9.440252] systemd[1]: Listening on udev Control Socket.
[    9.440350] systemd[1]: Listening on udev Kernel Socket.
[    9.441206] systemd[1]: Mounting Huge Pages File System...
[    9.442077] systemd[1]: Mounting POSIX Message Queue File System...
[    9.442803] systemd[1]: Mounting Kernel Debug File System...
[    9.443660] systemd[1]: Mounting Kernel Trace File System...
[    9.444984] systemd[1]: Starting Create List of Static Device Nodes...
[    9.445641] systemd[1]: Starting Monitoring of LVM2 mirrors, snapshots etc. using dmeventd or progress polling...
[    9.446444] systemd[1]: Starting Load Kernel Module configfs...
[    9.447372] systemd[1]: Starting Load Kernel Module drm...
[    9.448111] systemd[1]: Starting Load Kernel Module fuse...
[    9.448180] random: lvm: uninitialized urandom read (4 bytes read)
[    9.449219] systemd[1]: Condition check resulted in Set Up Additional Binary Formats being skipped.
[    9.449270] systemd[1]: Condition check resulted in File System Check on Root Device being skipped.
[    9.451193] systemd[1]: Starting Journal Service...
[    9.453811] systemd[1]: Starting Load Kernel Modules...
[    9.454596] systemd[1]: Starting Remount Root and Kernel File Systems...
[    9.454691] systemd[1]: Condition check resulted in Repartition Root Disk being skipped.
[    9.455512] systemd[1]: Starting Coldplug All udev Devices...
[    9.456999] usb 4-1.2: new SuperSpeed USB device number 4 using xhci_hcd
[    9.457034] fuse: init (API version 7.34)
[    9.457142] systemd[1]: Mounted Huge Pages File System.
[    9.457283] systemd[1]: Mounted POSIX Message Queue File System.
[    9.457419] systemd[1]: Mounted Kernel Debug File System.
[    9.457520] systemd[1]: Mounted Kernel Trace File System.
[    9.457907] systemd[1]: Finished Create List of Static Device Nodes.
[    9.459528] systemd[1]: modprobe@configfs.service: Deactivated successfully.
[    9.459782] systemd[1]: Finished Load Kernel Module configfs.
[    9.460058] systemd[1]: modprobe@drm.service: Deactivated successfully.
[    9.460110] EXT4-fs (sda2): re-mounted. Opts: (null). Quota mode: none.
[    9.460392] systemd[1]: Finished Load Kernel Module drm.
[    9.461260] systemd[1]: modprobe@fuse.service: Deactivated successfully.
[    9.461706] systemd[1]: Finished Load Kernel Module fuse.
[    9.462387] systemd[1]: Finished Remount Root and Kernel File Systems.
[    9.462862] systemd[1]: Finished Load Kernel Modules.
[    9.464062] systemd[1]: Mounting FUSE Control File System...
[    9.464849] systemd[1]: Mounting Kernel Configuration File System...
[    9.464942] systemd[1]: Condition check resulted in First Boot Wizard being skipped.
[    9.466752] systemd[1]: Condition check resulted in Rebuild Hardware Database being skipped.
[    9.467710] systemd[1]: Starting Load/Save Random Seed...
[    9.468982] systemd[1]: Starting Apply Kernel Variables...
[    9.469816] systemd[1]: Starting Create System Users...
[    9.470735] systemd[1]: Mounted FUSE Control File System.
[    9.470880] systemd[1]: Mounted Kernel Configuration File System.
[    9.477075] usb 4-1.2: New USB device found, idVendor=0bda, idProduct=8153, bcdDevice=30.00
[    9.477080] usb 4-1.2: New USB device strings: Mfr=1, Product=2, SerialNumber=6
[    9.477081] usb 4-1.2: Product: USB 10/100/1000 LAN
[    9.477082] usb 4-1.2: Manufacturer: Realtek
[    9.477083] usb 4-1.2: SerialNumber: 000001
[    9.480184] systemd[1]: Finished Apply Kernel Variables.
[    9.492040] systemd[1]: Finished Create System Users.
[    9.493467] systemd[1]: Starting Create Static Device Nodes in /dev...
[    9.494060] systemd[1]: Finished Monitoring of LVM2 mirrors, snapshots etc. using dmeventd or progress polling.
[    9.513904] systemd[1]: Started Journal Service.
[    9.519427] systemd-journald[250]: Received client request to flush runtime journal.
[    9.618584] acpi_cpufreq: overriding BIOS provided _PSD data
[    9.623275] acpi PNP0C14:01: duplicate WMI GUID 05901221-D566-11D1-B2F0-00A0C9062910 (first instance was on PNP0C14:00)
[    9.715213] piix4_smbus 0000:00:14.0: SMBus Host Controller at 0xb00, revision 0
[    9.715220] piix4_smbus 0000:00:14.0: Using register 0x02 for SMBus port selection
[    9.715818] ACPI: video: Video Device [VGA] (multi-head: yes  rom: no  post: no)
[    9.715889] usbcore: registered new interface driver r8152
[    9.716226] acpi device:0e: registered as cooling_device6
[    9.716302] input: Video Bus as /devices/LNXSYSTM:00/LNXSYBUS:00/PNP0A08:00/device:0d/LNXVIDEO:00/input/input3
[    9.716423] piix4_smbus 0000:00:14.0: Auxiliary SMBus Host Controller at 0xb20
[    9.727469] usbcore: registered new interface driver cdc_ether
[    9.730847] sp5100_tco: SP5100/SB800 TCO WatchDog Timer Driver
[    9.731353] usbcore: registered new interface driver r8153_ecm
[    9.734953] sp5100-tco sp5100-tco: Using 0xfeb00000 for watchdog MMIO address
[    9.735069] sp5100-tco sp5100-tco: initialized. heartbeat=60 sec (nowayout=0)
[    9.739867] usb 3-1.2.3: new low-speed USB device number 5 using xhci_hcd
[    9.851199] input: GXT7863:00 27C6:01E0 Mouse as /devices/platform/AMDI0010:03/i2c-0/i2c-GXT7863:00/0018:27C6:01E0.0001/input/input4
[    9.851336] input: GXT7863:00 27C6:01E0 Touchpad as /devices/platform/AMDI0010:03/i2c-0/i2c-GXT7863:00/0018:27C6:01E0.0001/input/input5
[    9.851427] hid-generic 0018:27C6:01E0.0001: input,hidraw0: I2C HID v1.00 Mouse [GXT7863:00 27C6:01E0] on i2c-GXT7863:00
[    9.860513] Adding 17309968k swap on /dev/sda3.  Priority:-2 extents:1 across:17309968k SSFS
[    9.873459] usb 3-1.2.3: New USB device found, idVendor=1bcf, idProduct=0005, bcdDevice= 0.90
[    9.873464] usb 3-1.2.3: New USB device strings: Mfr=0, Product=2, SerialNumber=0
[    9.873465] usb 3-1.2.3: Product: USB Optical Mouse
[    9.938470] usb 4-1.2: reset SuperSpeed USB device number 4 using xhci_hcd
[    9.978492] random: dbus-daemon: uninitialized urandom read (12 bytes read)
[    9.980122] r8152 4-1.2:1.0: load rtl8153a-4 v2 02/07/20 successfully
[   10.006963] r8152 4-1.2:1.0 eth0: v1.12.11
[   10.040807] ccp 0000:01:00.2: enabling device (0000 -> 0002)
[   10.041024] ccp 0000:01:00.2: ccp: unable to access the device: you might be running a broken BIOS.
[   10.051174] ccp 0000:01:00.2: tee enabled
[   10.051179] ccp 0000:01:00.2: psp enabled
[   10.108714] usb-storage 4-1.1:1.0: USB Mass Storage device detected
[   10.108894] scsi host2: usb-storage 4-1.1:1.0
[   10.108988] usbcore: registered new interface driver usb-storage
[   10.113462] usbcore: registered new interface driver uas
[   10.117308] snd_rn_pci_acp3x 0000:01:00.5: enabling device (0000 -> 0002)
[   10.166303] input: PC Speaker as /devices/platform/pcspkr/input/input7
[   10.235908] snd_hda_intel 0000:01:00.1: enabling device (0000 -> 0002)
[   10.236034] snd_hda_intel 0000:01:00.1: Handle vga_switcheroo audio client
[   10.236222] snd_hda_intel 0000:01:00.6: enabling device (0000 -> 0002)
[   10.245921] RAPL PMU: API unit is 2^-32 Joules, 1 fixed counters, 163840 ms ovfl timer
[   10.245925] RAPL PMU: hw unit of domain package 2^-16 Joules
[   10.250768] cryptd: max_cpu_qlen set to 1000
[   10.262923] [drm] amdgpu kernel modesetting enabled.
[   10.277627] amdgpu: Virtual CRAT table created for CPU
[   10.277653] amdgpu: Topology: Add CPU node
[   10.277761] checking generic (fce0000000 7f0000) vs hw (fce0000000 10000000)
[   10.277763] fb0: switching to amdgpu from EFI VGA
[   10.277853] Console: switching to colour dummy device 80x25
[   10.277907] amdgpu 0000:01:00.0: vgaarb: deactivate vga console
[   10.277997] amdgpu 0000:01:00.0: enabling device (0006 -> 0007)
[   10.278082] [drm] initializing kernel modesetting (RENOIR 0x1002:0x1636 0x1D72:0x1951 0xC3).
[   10.278086] amdgpu 0000:01:00.0: amdgpu: Trusted Memory Zone (TMZ) feature enabled
[   10.278565] [drm] register mmio base: 0xD0400000
[   10.278567] [drm] register mmio size: 524288
[   10.278569] [drm] PCIE atomic ops is not supported
[   10.279667] [drm] add ip block number 0 <soc15_common>
[   10.279668] [drm] add ip block number 1 <gmc_v9_0>
[   10.279670] [drm] add ip block number 2 <vega10_ih>
[   10.279671] [drm] add ip block number 3 <psp>
[   10.279672] [drm] add ip block number 4 <smu>
[   10.279673] [drm] add ip block number 5 <gfx_v9_0>
[   10.279674] [drm] add ip block number 6 <sdma_v4_0>
[   10.279675] [drm] add ip block number 7 <dm>
[   10.279676] [drm] add ip block number 8 <vcn_v2_0>
[   10.279677] [drm] add ip block number 9 <jpeg_v2_0>
[   10.279699] amdgpu 0000:01:00.0: amdgpu: Fetched VBIOS from VFCT
[   10.279703] amdgpu: ATOM BIOS: 113-RENOIR-026
[   10.281266] [drm] VCN decode is enabled in VM mode
[   10.281271] [drm] VCN encode is enabled in VM mode
[   10.281272] [drm] JPEG decode is enabled in VM mode
[   10.281328] [drm] vm size is 262144 GB, 4 levels, block size is 9-bit, fragment size is 9-bit
[   10.281338] amdgpu 0000:01:00.0: amdgpu: VRAM: 512M 0x000000F400000000 - 0x000000F41FFFFFFF (512M used)
[   10.281342] amdgpu 0000:01:00.0: amdgpu: GART: 1024M 0x0000000000000000 - 0x000000003FFFFFFF
[   10.281344] amdgpu 0000:01:00.0: amdgpu: AGP: 267419648M 0x000000F800000000 - 0x0000FFFFFFFFFFFF
[   10.281350] [drm] Detected VRAM RAM=512M, BAR=512M
[   10.281352] [drm] RAM width 128bits DDR4
[   10.281406] [drm] amdgpu: 512M of VRAM memory ready
[   10.281407] [drm] amdgpu: 3072M of GTT memory ready.
[   10.281416] [drm] GART: num cpu pages 262144, num gpu pages 262144
[   10.281528] [drm] PCIE GART of 1024M enabled.
[   10.281529] [drm] PTB located at 0x000000F400900000
[   10.283044] amdgpu 0000:01:00.0: amdgpu: PSP runtime database doesn't exist
[   10.288037] [drm] Loading DMUB firmware via PSP: version=0x01010019
[   10.289422] [drm] Found VCN firmware Version ENC: 1.16 DEC: 5 VEP: 0 Revision: 3
[   10.289441] amdgpu 0000:01:00.0: amdgpu: Will use PSP to load VCN firmware
[   10.311594] AVX2 version of gcm_enc/dec engaged.
[   10.311690] AES CTR mode by8 optimization enabled
[   10.312824] input: HD-Audio Generic HDMI/DP,pcm=3 as /devices/pci0000:00/0000:00:08.1/0000:01:00.1/sound/card0/input8
[   10.312870] input: HD-Audio Generic HDMI/DP,pcm=7 as /devices/pci0000:00/0000:00:08.1/0000:01:00.1/sound/card0/input9
[   10.320581] snd_hda_codec_realtek hdaudioC1D0: autoconfig for ALC256: line_outs=1 (0x14/0x0/0x0/0x0/0x0) type:speaker
[   10.320586] snd_hda_codec_realtek hdaudioC1D0:    speaker_outs=0 (0x0/0x0/0x0/0x0/0x0)
[   10.320588] snd_hda_codec_realtek hdaudioC1D0:    hp_outs=1 (0x21/0x0/0x0/0x0/0x0)
[   10.320590] snd_hda_codec_realtek hdaudioC1D0:    mono: mono_out=0x0
[   10.320590] snd_hda_codec_realtek hdaudioC1D0:    inputs:
[   10.320591] snd_hda_codec_realtek hdaudioC1D0:      Mic=0x19
[   10.366951] input: HD-Audio Generic Mic as /devices/pci0000:00/0000:00:08.1/0000:01:00.6/sound/card1/input10
[   10.367075] input: HD-Audio Generic Headphone as /devices/pci0000:00/0000:00:08.1/0000:01:00.6/sound/card1/input11
[   10.509693] r8152 4-1.2:1.0 enp1s0f4u1u2: renamed from eth0
[   10.514847] input: USB Optical Mouse as /devices/pci0000:00/0000:00:08.1/0000:01:00.4/usb3/3-1/3-1.2/3-1.2.3/3-1.2.3:1.0/0003:1BCF:0005.0002/input/input12
[   10.535061] kvm: Nested Virtualization enabled
[   10.535064] SVM: kvm: Nested Paging enabled
[   10.535083] SVM: Virtual VMLOAD VMSAVE supported
[   10.535084] SVM: Virtual GIF supported
[   10.549756] MCE: In-kernel MCE decoding enabled.
[   10.565167] hid-generic 0003:1BCF:0005.0002: input,hidraw0: USB HID v1.10 Mouse [USB Optical Mouse] on usb-0000:01:00.4-1.2.3/input0
[   10.565218] usbcore: registered new interface driver usbhid
[   10.565219] usbhid: USB HID core driver
[   10.573047] input: GXT7863:00 27C6:01E0 Mouse as /devices/platform/AMDI0010:03/i2c-0/i2c-GXT7863:00/0018:27C6:01E0.0001/input/input13
[   10.573125] input: GXT7863:00 27C6:01E0 Touchpad as /devices/platform/AMDI0010:03/i2c-0/i2c-GXT7863:00/0018:27C6:01E0.0001/input/input14
[   10.573251] hid-multitouch 0018:27C6:01E0.0001: input,hidraw1: I2C HID v1.00 Mouse [GXT7863:00 27C6:01E0] on i2c-GXT7863:00
[   10.610437] mousedev: PS/2 mouse device common for all mice
[   10.642694] urandom_read: 1 callbacks suppressed
[   10.642697] random: NetworkManager: uninitialized urandom read (16 bytes read)
[   10.731205] intel_rapl_common: Found RAPL domain package
[   10.731210] intel_rapl_common: Found RAPL domain core
[   10.786538] random: crng init done
[   10.948143] [drm] reserve 0x400000 from 0xf41f800000 for PSP TMR
[   11.026652] amdgpu 0000:01:00.0: amdgpu: RAS: optional ras ta ucode is not available
[   11.034600] amdgpu 0000:01:00.0: amdgpu: RAP: optional rap ta ucode is not available
[   11.034604] amdgpu 0000:01:00.0: amdgpu: SECUREDISPLAY: securedisplay ta ucode is not available
[   11.034967] amdgpu 0000:01:00.0: amdgpu: SMU is initialized successfully!
[   11.036396] [drm] kiq ring mec 2 pipe 1 q 0
[   11.037073] [drm] Display Core initialized with v3.2.149!
[   11.037508] [drm] DMUB hardware initialized: version=0x01010019
[   11.069958] snd_hda_intel 0000:01:00.1: bound 0000:01:00.0 (ops amdgpu_dm_audio_component_bind_ops [amdgpu])
[   11.135302] scsi 2:0:0:0: Direct-Access     TS-RDF5A Transcend        0004 PQ: 0 ANSI: 6
[   11.159069] [drm] VCN decode and encode initialized successfully(under DPG Mode).
[   11.159095] [drm] JPEG decode initialized successfully.
[   11.162023] kfd kfd: amdgpu: Allocated 3969056 bytes on gart
[   11.190200] memmap_init_zone_device initialised 131072 pages in 4ms
[   11.190215] amdgpu: HMM registered 512MB device memory
[   11.190270] amdgpu: SRAT table not found
[   11.190271] amdgpu: Virtual CRAT table created for GPU
[   11.191053] amdgpu: Topology: Add dGPU node [0x1636:0x1002]
[   11.191060] kfd kfd: amdgpu: added device 1002:1636
[   11.191286] amdgpu 0000:01:00.0: amdgpu: SE 1, SH per SE 2, CU per SH 18, active_cu_number 26
[   11.194069] [drm] fb mappable at 0x410CD1000
[   11.194075] [drm] vram apper at 0x410000000
[   11.194076] [drm] size 8294400
[   11.194078] [drm] fb depth is 24
[   11.194079] [drm]    pitch is 7680
[   11.194343] fbcon: amdgpu (fb0) is primary device
[   11.253712] Console: switching to colour frame buffer device 240x67
[   11.272654] amdgpu 0000:01:00.0: [drm] fb0: amdgpu frame buffer device
[   11.290171] amdgpu 0000:01:00.0: amdgpu: ring gfx uses VM inv eng 0 on hub 0
[   11.290175] amdgpu 0000:01:00.0: amdgpu: ring comp_1.0.0 uses VM inv eng 1 on hub 0
[   11.290177] amdgpu 0000:01:00.0: amdgpu: ring comp_1.1.0 uses VM inv eng 4 on hub 0
[   11.290178] amdgpu 0000:01:00.0: amdgpu: ring comp_1.2.0 uses VM inv eng 5 on hub 0
[   11.290179] amdgpu 0000:01:00.0: amdgpu: ring comp_1.3.0 uses VM inv eng 6 on hub 0
[   11.290180] amdgpu 0000:01:00.0: amdgpu: ring comp_1.0.1 uses VM inv eng 7 on hub 0
[   11.290181] amdgpu 0000:01:00.0: amdgpu: ring comp_1.1.1 uses VM inv eng 8 on hub 0
[   11.290182] amdgpu 0000:01:00.0: amdgpu: ring comp_1.2.1 uses VM inv eng 9 on hub 0
[   11.290182] amdgpu 0000:01:00.0: amdgpu: ring comp_1.3.1 uses VM inv eng 10 on hub 0
[   11.290184] amdgpu 0000:01:00.0: amdgpu: ring kiq_2.1.0 uses VM inv eng 11 on hub 0
[   11.290185] amdgpu 0000:01:00.0: amdgpu: ring sdma0 uses VM inv eng 0 on hub 1
[   11.290186] amdgpu 0000:01:00.0: amdgpu: ring vcn_dec uses VM inv eng 1 on hub 1
[   11.290187] amdgpu 0000:01:00.0: amdgpu: ring vcn_enc0 uses VM inv eng 4 on hub 1
[   11.290188] amdgpu 0000:01:00.0: amdgpu: ring vcn_enc1 uses VM inv eng 5 on hub 1
[   11.290189] amdgpu 0000:01:00.0: amdgpu: ring jpeg_dec uses VM inv eng 6 on hub 1
[   11.292252] [drm] Initialized amdgpu 3.42.0 20150101 for 0000:01:00.0 on minor 0
[   11.373316] sd 2:0:0:0: [sdb] 60456960 512-byte logical blocks: (31.0 GB/28.8 GiB)
[   11.374302] sd 2:0:0:0: [sdb] Write Protect is off
[   11.374305] sd 2:0:0:0: [sdb] Mode Sense: 21 00 00 00
[   11.375131] sd 2:0:0:0: [sdb] Write cache: disabled, read cache: enabled, doesn't support DPO or FUA
[   11.380296]  sdb: sdb1 sdb2
[   11.383272] sd 2:0:0:0: [sdb] Attached SCSI removable disk
[   37.639017] atkbd serio0: Unknown key pressed (translated set 2, code 0xf6 on isa0060/serio0).
[   37.639028] atkbd serio0: Use 'setkeycodes e076 <keycode>' to make it known.
[   38.123652] atkbd serio0: Unknown key released (translated set 2, code 0xf6 on isa0060/serio0).
[   38.123668] atkbd serio0: Use 'setkeycodes e076 <keycode>' to make it known.
[   71.403446] ucsi_acpi USBC000:00: PPM init failed (-110)
[  132.423337] usb 2-2: new SuperSpeed USB device number 2 using xhci_hcd
[  132.445119] usb 2-2: New USB device found, idVendor=0e8d, idProduct=7612, bcdDevice= 1.00
[  132.445129] usb 2-2: New USB device strings: Mfr=2, Product=3, SerialNumber=4
[  132.445133] usb 2-2: Product: Wireless 
[  132.445136] usb 2-2: Manufacturer: MediaTek Inc.
[  132.445138] usb 2-2: SerialNumber: 000000000
[  132.445406] usb 2-2: Device is not authorized for usage
[  132.447863] usb 2-2: authorized to connect
[  132.529505] cfg80211: Loading compiled-in X.509 certificates for regulatory database
[  132.534278] cfg80211: Loaded X.509 cert 'sforshee: 00b28ddf47aef9cea7'
[  132.536524] platform regulatory.0: Direct firmware load for regulatory.db failed with error -2
[  132.536530] cfg80211: failed to load regulatory.db
[  132.734003] usb 2-2: reset SuperSpeed USB device number 2 using xhci_hcd
[  132.753527] mt76x2u 2-2:1.0: ASIC revision: 76120044
[  132.781270] mt76x2u 2-2:1.0: ROM patch build: 20141115060606a
[  132.945250] mt76x2u 2-2:1.0: Firmware Version: 0.0.00
[  132.945255] mt76x2u 2-2:1.0: Build: 1
[  132.945256] mt76x2u 2-2:1.0: Build Time: 201507311614____
[  133.677140] ieee80211 phy0: Selected rate control algorithm 'minstrel_ht'
[  133.678234] usbcore: registered new interface driver mt76x2u
[  133.689683] mt76x2u 2-2:1.0 wlp1s0f3u2: renamed from wlan0
[  150.467691] wlp1s0f3u2: authenticate with d4:72:26:6c:e6:67
[  150.800988] Bluetooth: Core ver 2.22
[  150.801027] NET: Registered PF_BLUETOOTH protocol family
[  150.801028] Bluetooth: HCI device and connection manager initialized
[  150.801032] Bluetooth: HCI socket layer initialized
[  150.801034] Bluetooth: L2CAP socket layer initialized
[  150.801037] Bluetooth: SCO socket layer initialized
[  150.890816] wlp1s0f3u2: send auth to d4:72:26:6c:e6:67 (try 1/3)
[  150.892593] wlp1s0f3u2: authenticated
[  150.893203] wlp1s0f3u2: associate with d4:72:26:6c:e6:67 (try 1/3)
[  150.896699] wlp1s0f3u2: RX AssocResp from d4:72:26:6c:e6:67 (capab=0x8431 status=0 aid=1)
[  150.898711] wlp1s0f3u2: associated
[  150.995094] IPv6: ADDRCONF(NETDEV_CHANGE): wlp1s0f3u2: link becomes ready
[  157.993629] iptables reject: IN=wlp1s0f3u2 OUT= MAC= SRC=192.168.43.250 DST=224.0.0.251 LEN=68 TOS=0x00 PREC=0x00 TTL=1 ID=34308 DF PROTO=UDP SPT=5353 DPT=5353 LEN=48 
[  157.994426] iptables reject: IN=wlp1s0f3u2 OUT= MAC= SRC=192.168.43.250 DST=224.0.0.251 LEN=68 TOS=0x00 PREC=0x00 TTL=1 ID=34309 DF PROTO=UDP SPT=5353 DPT=5353 LEN=48 
[  158.953335] iptables reject: IN=wlp1s0f3u2 OUT= MAC= SRC=192.168.43.250 DST=224.0.0.251 LEN=68 TOS=0x00 PREC=0x00 TTL=1 ID=34366 DF PROTO=UDP SPT=5353 DPT=5353 LEN=48 
[  158.953717] iptables reject: IN=wlp1s0f3u2 OUT= MAC= SRC=192.168.43.250 DST=224.0.0.251 LEN=68 TOS=0x00 PREC=0x00 TTL=1 ID=34367 DF PROTO=UDP SPT=5353 DPT=5353 LEN=48 
[  160.953676] iptables reject: IN=wlp1s0f3u2 OUT= MAC= SRC=192.168.43.250 DST=224.0.0.251 LEN=68 TOS=0x00 PREC=0x00 TTL=1 ID=34562 DF PROTO=UDP SPT=5353 DPT=5353 LEN=48 
[  160.954092] iptables reject: IN=wlp1s0f3u2 OUT= MAC= SRC=192.168.43.250 DST=224.0.0.251 LEN=68 TOS=0x00 PREC=0x00 TTL=1 ID=34563 DF PROTO=UDP SPT=5353 DPT=5353 LEN=48 
[  244.287642] iptables deny: IN=wlp1s0f3u2 OUT= MAC=00:c0:ca:ad:8b:6f:d4:72:26:6c:e6:67:08:00 SRC=37.19.218.167 DST=192.168.43.250 LEN=76 TOS=0x10 PREC=0x00 TTL=58 ID=40727 DF PROTO=TCP SPT=89 DPT=52064 WINDOW=142 RES=0x00 ACK PSH FIN URGP=0 
[  268.614880] iptables deny: IN=wlp1s0f3u2 OUT= MAC=00:c0:ca:ad:8b:6f:d4:72:26:6c:e6:67:08:00 SRC=37.19.218.167 DST=192.168.43.250 LEN=76 TOS=0x10 PREC=0x00 TTL=58 ID=40728 DF PROTO=TCP SPT=89 DPT=52064 WINDOW=142 RES=0x00 ACK PSH FIN URGP=0 
