[    0.000000] Linux version 5.15.10-arch1-1 (linux@archlinux) (gcc (GCC) 11.1.0, GNU ld (GNU Binutils) 2.36.1) #1 SMP PREEMPT Fri, 17 Dec 2021 11:17:37 +0000
[    0.000000] Command line: BOOT_IMAGE=/boot/vmlinuz-linux root=UUID=a1e2e1f9-dbcb-484e-a242-73d5754f8d98 rw quiet resume=UUID=36238c5a-d1ff-4e5f-986a-4d302098cfd7 loglevel=3 audit=0 lsm=landlock,lockdown,yama,apparmor,bpf l1tf=full,force mds=full,nosmt mitigations=auto,nosmt nosmt=force init_on_alloc=1 init_on_free=1 randomize_kstack_offset=on slab_nomerge pti=on slub_debug=ZF slub_debug=P page_poison=1 mem_encrypt=on
[    0.000000] x86/fpu: Supporting XSAVE feature 0x001: 'x87 floating point registers'
[    0.000000] x86/fpu: Supporting XSAVE feature 0x002: 'SSE registers'
[    0.000000] x86/fpu: Supporting XSAVE feature 0x004: 'AVX registers'
[    0.000000] x86/fpu: xstate_offset[2]:  576, xstate_sizes[2]:  256
[    0.000000] x86/fpu: Enabled xstate features 0x7, context size is 832 bytes, using 'compacted' format.
[    0.000000] signal: max sigframe size: 1776
[    0.000000] SMT: Force disabled
[    0.000000] BIOS-provided physical RAM map:
[    0.000000] BIOS-e820: [mem 0x0000000000000000-0x000000000009efff] usable
[    0.000000] BIOS-e820: [mem 0x000000000009f000-0x00000000000bffff] reserved
[    0.000000] BIOS-e820: [mem 0x0000000000100000-0x0000000009afffff] usable
[    0.000000] BIOS-e820: [mem 0x0000000009b00000-0x0000000009dfffff] reserved
[    0.000000] BIOS-e820: [mem 0x0000000009e00000-0x0000000009efffff] usable
[    0.000000] BIOS-e820: [mem 0x0000000009f00000-0x0000000009f0ffff] ACPI NVS
[    0.000000] BIOS-e820: [mem 0x0000000009f10000-0x00000000bab68fff] usable
[    0.000000] BIOS-e820: [mem 0x00000000bab69000-0x00000000bbd68fff] reserved
[    0.000000] BIOS-e820: [mem 0x00000000bbd69000-0x00000000c9f7efff] usable
[    0.000000] BIOS-e820: [mem 0x00000000c9f7f000-0x00000000caf7efff] type 20
[    0.000000] BIOS-e820: [mem 0x00000000caf7f000-0x00000000ccf7efff] reserved
[    0.000000] BIOS-e820: [mem 0x00000000ccf7f000-0x00000000cdf7efff] ACPI NVS
[    0.000000] BIOS-e820: [mem 0x00000000cdf7f000-0x00000000cdffefff] ACPI data
[    0.000000] BIOS-e820: [mem 0x00000000cdfff000-0x00000000cdffffff] usable
[    0.000000] BIOS-e820: [mem 0x00000000ce000000-0x00000000ceffffff] reserved
[    0.000000] BIOS-e820: [mem 0x00000000f8000000-0x00000000fbffffff] reserved
[    0.000000] BIOS-e820: [mem 0x00000000fde00000-0x00000000fdefffff] reserved
[    0.000000] BIOS-e820: [mem 0x00000000fec00000-0x00000000fec00fff] reserved
[    0.000000] BIOS-e820: [mem 0x00000000fec10000-0x00000000fec10fff] reserved
[    0.000000] BIOS-e820: [mem 0x00000000fec20000-0x00000000fec20fff] reserved
[    0.000000] BIOS-e820: [mem 0x00000000fed80000-0x00000000fed80fff] reserved
[    0.000000] BIOS-e820: [mem 0x00000000fee00000-0x00000000fee00fff] reserved
[    0.000000] BIOS-e820: [mem 0x00000000ff000000-0x00000000fff2ffff] reserved
[    0.000000] BIOS-e820: [mem 0x0000000100000000-0x000000040f33ffff] usable
[    0.000000] BIOS-e820: [mem 0x000000040f340000-0x000000042fffffff] reserved
[    0.000000] NX (Execute Disable) protection: active
[    0.000000] efi: EFI v2.70 by INSYDE Corp.
[    0.000000] efi: ACPI=0xcdffe000 ACPI 2.0=0xcdffe014 TPMFinalLog=0xcdf2c000 SMBIOS=0xcb70c000 SMBIOS 3.0=0xcb70a000 ESRT=0xcb70d418 
[    0.000000] SMBIOS 3.2.0 present.
[    0.000000] DMI: TIMI RedmiBook 14 II/TM1951, BIOS RMARN4B0P0909 08/19/2020
[    0.000000] tsc: Fast TSC calibration using PIT
[    0.000000] tsc: Detected 2370.615 MHz processor
[    0.000543] e820: update [mem 0x00000000-0x00000fff] usable ==> reserved
[    0.000545] e820: remove [mem 0x000a0000-0x000fffff] usable
[    0.000550] last_pfn = 0x40f340 max_arch_pfn = 0x400000000
[    0.000730] x86/PAT: Configuration [0-7]: WB  WC  UC- UC  WB  WP  UC- WT  
[    0.000952] last_pfn = 0xce000 max_arch_pfn = 0x400000000
[    0.010348] esrt: Reserving ESRT space from 0x00000000cb70d418 to 0x00000000cb70d450.
[    0.010356] Kernel/User page tables isolation: force enabled on command line.
[    0.010358] Using GB pages for direct mapping
[    0.010930] Secure boot disabled
[    0.010931] RAMDISK: [mem 0x36b17000-0x37582fff]
[    0.010936] ACPI: Early table checksum verification disabled
[    0.010939] ACPI: RSDP 0x00000000CDFFE014 000024 (v02 XMCC  )
[    0.010943] ACPI: XSDT 0x00000000CDFCE188 000134 (v01 XMCC   XMCC1951 00000002      01000013)
[    0.010948] ACPI: FACP 0x00000000CDFEC000 00010C (v05 XMCC   XMCC1951 00000002      01000013)
[    0.010952] ACPI: DSDT 0x00000000CDFDF000 006545 (v01 XMCC   XMCC1951 00000002      01000013)
[    0.010954] ACPI: FACS 0x00000000CDF29000 000040
[    0.010956] ACPI: UEFI 0x00000000CDF7E000 000236 (v01 INSYDE H2O BIOS 00000001 ACPI 00040000)
[    0.010959] ACPI: SSDT 0x00000000CDFF5000 007216 (v02 AMD    AmdTable 00000002 MSFT 04000000)
[    0.010961] ACPI: IVRS 0x00000000CDFF4000 0001A4 (v02 AMD    AmdTable 00000001 AMD  00000000)
[    0.010963] ACPI: SSDT 0x00000000CDFF3000 000228 (v01 AMD    STD3     00000001 INTL 20130117)
[    0.010965] ACPI: SSDT 0x00000000CDFF2000 000D61 (v01 XMCC   XMCC1806 00003000 INTL 20130117)
[    0.010968] ACPI: SSDT 0x00000000CDFF1000 00046D (v01 Insyde TPMACPI  00001000 INTL 20130117)
[    0.010970] ACPI: TPM2 0x00000000CDFF0000 000034 (v04 XMCC   XMCC1951 00000002      01000013)
[    0.010972] ACPI: MSDM 0x00000000CDFEF000 000055 (v03 INSYDE H2O BIOS 00000001 ACPI 00040000)
[    0.010974] ACPI: ASF! 0x00000000CDFEE000 0000A5 (v32 XMCC   XMCC1951 00000002      01000013)
[    0.010976] ACPI: BOOT 0x00000000CDFED000 000028 (v01 XMCC   XMCC1951 00000002      01000013)
[    0.010979] ACPI: HPET 0x00000000CDFEB000 000038 (v01 XMCC   XMCC1951 00000002      01000013)
[    0.010981] ACPI: APIC 0x00000000CDFEA000 000138 (v03 XMCC   XMCC1951 00000002      01000013)
[    0.010983] ACPI: MCFG 0x00000000CDFE9000 00003C (v01 XMCC   XMCC1951 00000002      01000013)
[    0.010985] ACPI: SLIC 0x00000000CDFE8000 000176 (v01 XMCC   XMCC1951 00000002      01000013)
[    0.010987] ACPI: SSDT 0x00000000CDFDE000 000080 (v01 XMCC   XMCC1951 00000002      01000013)
[    0.010989] ACPI: VFCT 0x00000000CDFD0000 00D484 (v01 XMCC   XMCC1951 00000001 AMD  31504F47)
[    0.010991] ACPI: SSDT 0x00000000CDFCF000 0000F8 (v01 XMCC   PcdTabl  00001000 INTL 20130117)
[    0.010994] ACPI: SSDT 0x00000000CDFCC000 001500 (v01 AMD    AmdTable 00000001 AMD  00000001)
[    0.010996] ACPI: CRAT 0x00000000CDFFD000 000BA8 (v01 AMD    AmdTable 00000001 AMD  00000001)
[    0.010998] ACPI: CDIT 0x00000000CDFCB000 000029 (v01 AMD    AmdTable 00000001 AMD  00000001)
[    0.011000] ACPI: SSDT 0x00000000CDFCA000 00028D (v01 AMD    AmdTable 00000001 INTL 20130117)
[    0.011002] ACPI: SSDT 0x00000000CDFC9000 000C78 (v01 AMD    AmdTable 00000001 INTL 20130117)
[    0.011004] ACPI: SSDT 0x00000000CDFC7000 0010A5 (v01 AMD    AmdTable 00000001 INTL 20130117)
[    0.011006] ACPI: SSDT 0x00000000CDFC3000 0030C8 (v01 AMD    AmdTable 00000001 INTL 20130117)
[    0.011008] ACPI: FPDT 0x00000000CDFC2000 000044 (v01 XMCC   XMCC1951 00000002      01000013)
[    0.011010] ACPI: WSMT 0x00000000CDFC0000 000028 (v01 INSYDE H2O BIOS 00000001 ACPI 00040000)
[    0.011013] ACPI: SSDT 0x00000000CDFE7000 00020A (v01 AMD    AmdTable 00000001 INTL 20130117)
[    0.011015] ACPI: SSDT 0x00000000CDFE6000 0005A1 (v01 AMD    AmdTable 00000001 INTL 20130117)
[    0.011017] ACPI: SSDT 0x00000000CDFBF000 000343 (v01 AMD    AmdTable 00000001 INTL 20130117)
[    0.011019] ACPI: SSDT 0x00000000CDFBE000 00007D (v01 AMD    AmdTable 00000001 INTL 20130117)
[    0.011021] ACPI: SSDT 0x00000000CDFBD000 000822 (v01 AMD    AmdTable 00000001 INTL 20130117)
[    0.011023] ACPI: SSDT 0x00000000CDFBC000 000517 (v01 AMD    AmdTable 00000001 INTL 20130117)
[    0.011025] ACPI: BGRT 0x00000000CDFC1000 000038 (v01 INSYDE H2O BIOS 00000001 ACPI 00040000)
[    0.011027] ACPI: Reserving FACP table memory at [mem 0xcdfec000-0xcdfec10b]
[    0.011028] ACPI: Reserving DSDT table memory at [mem 0xcdfdf000-0xcdfe5544]
[    0.011029] ACPI: Reserving FACS table memory at [mem 0xcdf29000-0xcdf2903f]
[    0.011030] ACPI: Reserving UEFI table memory at [mem 0xcdf7e000-0xcdf7e235]
[    0.011030] ACPI: Reserving SSDT table memory at [mem 0xcdff5000-0xcdffc215]
[    0.011031] ACPI: Reserving IVRS table memory at [mem 0xcdff4000-0xcdff41a3]
[    0.011032] ACPI: Reserving SSDT table memory at [mem 0xcdff3000-0xcdff3227]
[    0.011032] ACPI: Reserving SSDT table memory at [mem 0xcdff2000-0xcdff2d60]
[    0.011033] ACPI: Reserving SSDT table memory at [mem 0xcdff1000-0xcdff146c]
[    0.011034] ACPI: Reserving TPM2 table memory at [mem 0xcdff0000-0xcdff0033]
[    0.011034] ACPI: Reserving MSDM table memory at [mem 0xcdfef000-0xcdfef054]
[    0.011035] ACPI: Reserving ASF! table memory at [mem 0xcdfee000-0xcdfee0a4]
[    0.011036] ACPI: Reserving BOOT table memory at [mem 0xcdfed000-0xcdfed027]
[    0.011036] ACPI: Reserving HPET table memory at [mem 0xcdfeb000-0xcdfeb037]
[    0.011037] ACPI: Reserving APIC table memory at [mem 0xcdfea000-0xcdfea137]
[    0.011038] ACPI: Reserving MCFG table memory at [mem 0xcdfe9000-0xcdfe903b]
[    0.011039] ACPI: Reserving SLIC table memory at [mem 0xcdfe8000-0xcdfe8175]
[    0.011039] ACPI: Reserving SSDT table memory at [mem 0xcdfde000-0xcdfde07f]
[    0.011040] ACPI: Reserving VFCT table memory at [mem 0xcdfd0000-0xcdfdd483]
[    0.011041] ACPI: Reserving SSDT table memory at [mem 0xcdfcf000-0xcdfcf0f7]
[    0.011041] ACPI: Reserving SSDT table memory at [mem 0xcdfcc000-0xcdfcd4ff]
[    0.011042] ACPI: Reserving CRAT table memory at [mem 0xcdffd000-0xcdffdba7]
[    0.011043] ACPI: Reserving CDIT table memory at [mem 0xcdfcb000-0xcdfcb028]
[    0.011044] ACPI: Reserving SSDT table memory at [mem 0xcdfca000-0xcdfca28c]
[    0.011044] ACPI: Reserving SSDT table memory at [mem 0xcdfc9000-0xcdfc9c77]
[    0.011045] ACPI: Reserving SSDT table memory at [mem 0xcdfc7000-0xcdfc80a4]
[    0.011046] ACPI: Reserving SSDT table memory at [mem 0xcdfc3000-0xcdfc60c7]
[    0.011046] ACPI: Reserving FPDT table memory at [mem 0xcdfc2000-0xcdfc2043]
[    0.011047] ACPI: Reserving WSMT table memory at [mem 0xcdfc0000-0xcdfc0027]
[    0.011048] ACPI: Reserving SSDT table memory at [mem 0xcdfe7000-0xcdfe7209]
[    0.011049] ACPI: Reserving SSDT table memory at [mem 0xcdfe6000-0xcdfe65a0]
[    0.011050] ACPI: Reserving SSDT table memory at [mem 0xcdfbf000-0xcdfbf342]
[    0.011050] ACPI: Reserving SSDT table memory at [mem 0xcdfbe000-0xcdfbe07c]
[    0.011051] ACPI: Reserving SSDT table memory at [mem 0xcdfbd000-0xcdfbd821]
[    0.011052] ACPI: Reserving SSDT table memory at [mem 0xcdfbc000-0xcdfbc516]
[    0.011052] ACPI: Reserving BGRT table memory at [mem 0xcdfc1000-0xcdfc1037]
[    0.011107] No NUMA configuration found
[    0.011109] Faking a node at [mem 0x0000000000000000-0x000000040f33ffff]
[    0.011112] NODE_DATA(0) allocated [mem 0x40f33c000-0x40f33ffff]
[    0.011139] Zone ranges:
[    0.011140]   DMA      [mem 0x0000000000001000-0x0000000000ffffff]
[    0.011141]   DMA32    [mem 0x0000000001000000-0x00000000ffffffff]
[    0.011143]   Normal   [mem 0x0000000100000000-0x000000040f33ffff]
[    0.011144]   Device   empty
[    0.011145] Movable zone start for each node
[    0.011145] Early memory node ranges
[    0.011145]   node   0: [mem 0x0000000000001000-0x000000000009efff]
[    0.011147]   node   0: [mem 0x0000000000100000-0x0000000009afffff]
[    0.011148]   node   0: [mem 0x0000000009e00000-0x0000000009efffff]
[    0.011148]   node   0: [mem 0x0000000009f10000-0x00000000bab68fff]
[    0.011149]   node   0: [mem 0x00000000bbd69000-0x00000000c9f7efff]
[    0.011150]   node   0: [mem 0x00000000cdfff000-0x00000000cdffffff]
[    0.011150]   node   0: [mem 0x0000000100000000-0x000000040f33ffff]
[    0.011152] Initmem setup node 0 [mem 0x0000000000001000-0x000000040f33ffff]
[    0.011162] On node 0, zone DMA: 1 pages in unavailable ranges
[    0.011177] On node 0, zone DMA: 97 pages in unavailable ranges
[    0.011306] On node 0, zone DMA32: 768 pages in unavailable ranges
[    0.016343] On node 0, zone DMA32: 16 pages in unavailable ranges
[    0.016805] On node 0, zone DMA32: 4608 pages in unavailable ranges
[    0.016958] On node 0, zone DMA32: 16512 pages in unavailable ranges
[    0.039802] On node 0, zone Normal: 8192 pages in unavailable ranges
[    0.039836] On node 0, zone Normal: 3264 pages in unavailable ranges
[    0.039987] ACPI: PM-Timer IO Port: 0x408
[    0.039993] ACPI: LAPIC_NMI (acpi_id[0x00] high edge lint[0x1])
[    0.039995] ACPI: LAPIC_NMI (acpi_id[0x01] high edge lint[0x1])
[    0.039995] ACPI: LAPIC_NMI (acpi_id[0x02] high edge lint[0x1])
[    0.039996] ACPI: LAPIC_NMI (acpi_id[0x03] high edge lint[0x1])
[    0.039996] ACPI: LAPIC_NMI (acpi_id[0x04] high edge lint[0x1])
[    0.039997] ACPI: LAPIC_NMI (acpi_id[0x05] high edge lint[0x1])
[    0.039998] ACPI: LAPIC_NMI (acpi_id[0x06] high edge lint[0x1])
[    0.039998] ACPI: LAPIC_NMI (acpi_id[0x07] high edge lint[0x1])
[    0.039999] ACPI: LAPIC_NMI (acpi_id[0x08] high edge lint[0x1])
[    0.039999] ACPI: LAPIC_NMI (acpi_id[0x09] high edge lint[0x1])
[    0.040000] ACPI: LAPIC_NMI (acpi_id[0x0a] high edge lint[0x1])
[    0.040001] ACPI: LAPIC_NMI (acpi_id[0x0b] high edge lint[0x1])
[    0.040001] ACPI: LAPIC_NMI (acpi_id[0x0c] high edge lint[0x1])
[    0.040002] ACPI: LAPIC_NMI (acpi_id[0x0d] high edge lint[0x1])
[    0.040002] ACPI: LAPIC_NMI (acpi_id[0x0e] high edge lint[0x1])
[    0.040003] ACPI: LAPIC_NMI (acpi_id[0x0f] high edge lint[0x1])
[    0.040016] IOAPIC[0]: apic_id 33, version 33, address 0xfec00000, GSI 0-23
[    0.040021] IOAPIC[1]: apic_id 34, version 33, address 0xfec01000, GSI 24-55
[    0.040023] ACPI: INT_SRC_OVR (bus 0 bus_irq 0 global_irq 2 dfl dfl)
[    0.040024] ACPI: INT_SRC_OVR (bus 0 bus_irq 9 global_irq 9 low level)
[    0.040027] ACPI: Using ACPI (MADT) for SMP configuration information
[    0.040028] ACPI: HPET id: 0x10228210 base: 0xfed00000
[    0.040036] e820: update [mem 0xb3160000-0xb3165fff] usable ==> reserved
[    0.040045] smpboot: Allowing 16 CPUs, 10 hotplug CPUs
[    0.040070] PM: hibernation: Registered nosave memory: [mem 0x00000000-0x00000fff]
[    0.040072] PM: hibernation: Registered nosave memory: [mem 0x0009f000-0x000bffff]
[    0.040072] PM: hibernation: Registered nosave memory: [mem 0x000c0000-0x000fffff]
[    0.040074] PM: hibernation: Registered nosave memory: [mem 0x09b00000-0x09dfffff]
[    0.040075] PM: hibernation: Registered nosave memory: [mem 0x09f00000-0x09f0ffff]
[    0.040077] PM: hibernation: Registered nosave memory: [mem 0xb3160000-0xb3165fff]
[    0.040078] PM: hibernation: Registered nosave memory: [mem 0xbab69000-0xbbd68fff]
[    0.040080] PM: hibernation: Registered nosave memory: [mem 0xc9f7f000-0xcaf7efff]
[    0.040080] PM: hibernation: Registered nosave memory: [mem 0xcaf7f000-0xccf7efff]
[    0.040081] PM: hibernation: Registered nosave memory: [mem 0xccf7f000-0xcdf7efff]
[    0.040082] PM: hibernation: Registered nosave memory: [mem 0xcdf7f000-0xcdffefff]
[    0.040083] PM: hibernation: Registered nosave memory: [mem 0xce000000-0xceffffff]
[    0.040084] PM: hibernation: Registered nosave memory: [mem 0xcf000000-0xf7ffffff]
[    0.040084] PM: hibernation: Registered nosave memory: [mem 0xf8000000-0xfbffffff]
[    0.040085] PM: hibernation: Registered nosave memory: [mem 0xfc000000-0xfddfffff]
[    0.040086] PM: hibernation: Registered nosave memory: [mem 0xfde00000-0xfdefffff]
[    0.040086] PM: hibernation: Registered nosave memory: [mem 0xfdf00000-0xfebfffff]
[    0.040087] PM: hibernation: Registered nosave memory: [mem 0xfec00000-0xfec00fff]
[    0.040087] PM: hibernation: Registered nosave memory: [mem 0xfec01000-0xfec0ffff]
[    0.040088] PM: hibernation: Registered nosave memory: [mem 0xfec10000-0xfec10fff]
[    0.040088] PM: hibernation: Registered nosave memory: [mem 0xfec11000-0xfec1ffff]
[    0.040089] PM: hibernation: Registered nosave memory: [mem 0xfec20000-0xfec20fff]
[    0.040089] PM: hibernation: Registered nosave memory: [mem 0xfec21000-0xfed7ffff]
[    0.040090] PM: hibernation: Registered nosave memory: [mem 0xfed80000-0xfed80fff]
[    0.040090] PM: hibernation: Registered nosave memory: [mem 0xfed81000-0xfedfffff]
[    0.040091] PM: hibernation: Registered nosave memory: [mem 0xfee00000-0xfee00fff]
[    0.040091] PM: hibernation: Registered nosave memory: [mem 0xfee01000-0xfeffffff]
[    0.040092] PM: hibernation: Registered nosave memory: [mem 0xff000000-0xfff2ffff]
[    0.040092] PM: hibernation: Registered nosave memory: [mem 0xfff30000-0xffffffff]
[    0.040094] [mem 0xcf000000-0xf7ffffff] available for PCI devices
[    0.040095] Booting paravirtualized kernel on bare hardware
[    0.040098] clocksource: refined-jiffies: mask: 0xffffffff max_cycles: 0xffffffff, max_idle_ns: 6370452778343963 ns
[    0.043814] setup_percpu: NR_CPUS:320 nr_cpumask_bits:320 nr_cpu_ids:16 nr_node_ids:1
[    0.044417] percpu: Embedded 61 pages/cpu s212992 r8192 d28672 u262144
[    0.044426] pcpu-alloc: s212992 r8192 d28672 u262144 alloc=1*2097152
[    0.044428] pcpu-alloc: [0] 00 01 02 03 04 05 06 07 [0] 08 09 10 11 12 13 14 15 
[    0.044455] Built 1 zonelists, mobility grouping on.  Total pages: 3966649
[    0.044456] Policy zone: Normal
[    0.044457] Kernel command line: BOOT_IMAGE=/boot/vmlinuz-linux root=UUID=a1e2e1f9-dbcb-484e-a242-73d5754f8d98 rw quiet resume=UUID=36238c5a-d1ff-4e5f-986a-4d302098cfd7 loglevel=3 audit=0 lsm=landlock,lockdown,yama,apparmor,bpf l1tf=full,force mds=full,nosmt mitigations=auto,nosmt nosmt=force init_on_alloc=1 init_on_free=1 randomize_kstack_offset=on slab_nomerge pti=on slub_debug=ZF slub_debug=P page_poison=1 mem_encrypt=on
[    0.044512] audit: disabled (until reboot)
[    0.044610] mem auto-init: SLAB_POISON will take precedence over init_on_alloc/init_on_free
[    0.044629] Unknown kernel command line parameters "BOOT_IMAGE=/boot/vmlinuz-linux pti=on mem_encrypt=on", will be passed to user space.
[    0.046465] Dentry cache hash table entries: 2097152 (order: 12, 16777216 bytes, linear)
[    0.047379] Inode-cache hash table entries: 1048576 (order: 11, 8388608 bytes, linear)
[    0.047436] mem auto-init: CONFIG_PAGE_POISONING is on, will take precedence over init_on_alloc and init_on_free
[    0.047672] mem auto-init: stack:byref_all(zero), heap alloc:off, heap free:off
[    1.702976] Memory: 15481632K/16119096K available (14344K kernel code, 2071K rwdata, 10792K rodata, 1860K init, 3844K bss, 637204K reserved, 0K cma-reserved)
[    1.702982] **********************************************************
[    1.702982] **   NOTICE NOTICE NOTICE NOTICE NOTICE NOTICE NOTICE   **
[    1.702982] **                                                      **
[    1.702983] ** This system shows unhashed kernel memory addresses   **
[    1.702984] ** via the console, logs, and other interfaces. This    **
[    1.702984] ** might reduce the security of your system.            **
[    1.702984] **                                                      **
[    1.702985] ** If you see this message and you are not debugging    **
[    1.702985] ** the kernel, report this immediately to your system   **
[    1.702985] ** administrator!                                       **
[    1.702986] **                                                      **
[    1.702986] **   NOTICE NOTICE NOTICE NOTICE NOTICE NOTICE NOTICE   **
[    1.702986] **********************************************************
[    1.702990] random: get_random_u64 called from __kmem_cache_create+0x2a/0x540 with crng_init=0
[    1.703148] SLUB: HWalign=64, Order=0-3, MinObjects=0, CPUs=16, Nodes=1
[    1.703164] Kernel/User page tables isolation: enabled
[    1.703186] ftrace: allocating 44295 entries in 174 pages
[    1.715028] ftrace: allocated 174 pages with 5 groups
[    1.715178] rcu: Preemptible hierarchical RCU implementation.
[    1.715178] rcu: 	RCU dyntick-idle grace-period acceleration is enabled.
[    1.715179] rcu: 	RCU restricting CPUs from NR_CPUS=320 to nr_cpu_ids=16.
[    1.715179] rcu: 	RCU priority boosting: priority 1 delay 500 ms.
[    1.715180] 	Trampoline variant of Tasks RCU enabled.
[    1.715181] 	Rude variant of Tasks RCU enabled.
[    1.715181] 	Tracing variant of Tasks RCU enabled.
[    1.715182] rcu: RCU calculated value of scheduler-enlistment delay is 30 jiffies.
[    1.715183] rcu: Adjusting geometry for rcu_fanout_leaf=16, nr_cpu_ids=16
[    1.718673] NR_IRQS: 20736, nr_irqs: 1096, preallocated irqs: 16
[    1.718933] kfence: initialized - using 2097152 bytes for 255 objects at 0xffff9f3efdc00000-0xffff9f3efde00000
[    1.719100] Console: colour dummy device 80x25
[    1.719113] printk: console [tty0] enabled
[    1.719133] ACPI: Core revision 20210730
[    1.719358] clocksource: hpet: mask: 0xffffffff max_cycles: 0xffffffff, max_idle_ns: 133484873504 ns
[    1.719375] APIC: Switch to symmetric I/O mode setup
[    1.720219] AMD-Vi: ivrs, add hid:AMDI0020, uid:\_SB.FUR0, rdevid:160
[    1.720221] AMD-Vi: ivrs, add hid:AMDI0020, uid:\_SB.FUR1, rdevid:160
[    1.720222] AMD-Vi: ivrs, add hid:AMDI0020, uid:\_SB.FUR2, rdevid:160
[    1.720223] AMD-Vi: ivrs, add hid:AMDI0020, uid:\_SB.FUR3, rdevid:160
[    1.720534] Switched APIC routing to physical flat.
[    1.721292] ..TIMER: vector=0x30 apic1=0 pin1=2 apic2=-1 pin2=-1
[    1.736049] clocksource: tsc-early: mask: 0xffffffffffffffff max_cycles: 0x222bc869efb, max_idle_ns: 440795250042 ns
[    1.736056] Calibrating delay loop (skipped), value calculated using timer frequency.. 4743.78 BogoMIPS (lpj=7902050)
[    1.736058] pid_max: default: 32768 minimum: 301
[    1.766099] LSM: Security Framework initializing
[    1.766116] landlock: Up and running.
[    1.766117] Yama: becoming mindful.
[    1.766149] AppArmor: AppArmor initialized
[    1.766151] LSM support for eBPF active
[    1.766201] Mount-cache hash table entries: 32768 (order: 6, 262144 bytes, linear)
[    1.766237] Mountpoint-cache hash table entries: 32768 (order: 6, 262144 bytes, linear)
[    1.766496] x86/cpu: User Mode Instruction Prevention (UMIP) activated
[    1.766532] LVT offset 1 assigned for vector 0xf9
[    1.766592] LVT offset 2 assigned for vector 0xf4
[    1.766609] Last level iTLB entries: 4KB 1024, 2MB 1024, 4MB 512
[    1.766610] Last level dTLB entries: 4KB 2048, 2MB 2048, 4MB 1024, 1GB 0
[    1.766614] Spectre V1 : Mitigation: usercopy/swapgs barriers and __user pointer sanitization
[    1.766616] Spectre V2 : Mitigation: Full AMD retpoline
[    1.766617] Spectre V2 : Spectre v2 / SpectreRSB mitigation: Filling RSB on context switch
[    1.766617] Spectre V2 : Enabling Restricted Speculation for firmware calls
[    1.766619] Spectre V2 : mitigation: Enabling conditional Indirect Branch Prediction Barrier
[    1.766620] Speculative Store Bypass: Mitigation: Speculative Store Bypass disabled via prctl and seccomp
[    1.770632] Freeing SMP alternatives memory: 36K
[    1.880664] smpboot: CPU0: AMD Ryzen 5 4500U with Radeon Graphics (family: 0x17, model: 0x60, stepping: 0x1)
[    1.880830] Performance Events: Fam17h+ core perfctr, AMD PMU driver.
[    1.880836] ... version:                0
[    1.880837] ... bit width:              48
[    1.880837] ... generic registers:      6
[    1.880838] ... value mask:             0000ffffffffffff
[    1.880838] ... max period:             00007fffffffffff
[    1.880839] ... fixed-purpose events:   0
[    1.880839] ... event mask:             000000000000003f
[    1.880906] rcu: Hierarchical SRCU implementation.
[    1.881409] NMI watchdog: Enabled. Permanently consumes one hw-PMU counter.
[    1.881594] smp: Bringing up secondary CPUs ...
[    1.881727] x86: Booting SMP configuration:
[    1.881728] .... node  #0, CPUs:        #1  #2  #3
[    1.885133] TSC synchronization [CPU#0 -> CPU#3]:
[    1.885134] Measured 3729 cycles TSC warp between CPUs, turning off TSC clock.
[    1.885137] tsc: Marking TSC unstable due to check_tsc_sync_source failed
[    1.886189]   #4  #5
[    1.886447] smp: Brought up 1 node, 6 CPUs
[    1.886447] smpboot: Max logical packages: 3
[    1.886447] smpboot: Total of 6 processors activated (28458.68 BogoMIPS)
[    1.889811] devtmpfs: initialized
[    1.889811] x86/mm: Memory block size: 128MB
[    1.890573] ACPI: PM: Registering ACPI NVS region [mem 0x09f00000-0x09f0ffff] (65536 bytes)
[    1.890573] ACPI: PM: Registering ACPI NVS region [mem 0xccf7f000-0xcdf7efff] (16777216 bytes)
[    1.890573] clocksource: jiffies: mask: 0xffffffff max_cycles: 0xffffffff, max_idle_ns: 6370867519511994 ns
[    1.890573] futex hash table entries: 4096 (order: 6, 262144 bytes, linear)
[    1.890573] pinctrl core: initialized pinctrl subsystem
[    1.890573] PM: RTC time: 20:13:06, date: 2021-12-17
[    1.892731] NET: Registered PF_NETLINK/PF_ROUTE protocol family
[    1.893107] DMA: preallocated 2048 KiB GFP_KERNEL pool for atomic allocations
[    1.893360] DMA: preallocated 2048 KiB GFP_KERNEL|GFP_DMA pool for atomic allocations
[    1.893581] DMA: preallocated 2048 KiB GFP_KERNEL|GFP_DMA32 pool for atomic allocations
[    1.893734] thermal_sys: Registered thermal governor 'fair_share'
[    1.893735] thermal_sys: Registered thermal governor 'bang_bang'
[    1.893736] thermal_sys: Registered thermal governor 'step_wise'
[    1.893736] thermal_sys: Registered thermal governor 'user_space'
[    1.893737] thermal_sys: Registered thermal governor 'power_allocator'
[    1.893755] cpuidle: using governor ladder
[    1.893758] cpuidle: using governor menu
[    1.893785] Simple Boot Flag at 0x44 set to 0x1
[    1.893785] HugeTLB: can free 4094 vmemmap pages for hugepages-1048576kB
[    1.893785] ACPI: bus type PCI registered
[    1.893785] acpiphp: ACPI Hot Plug PCI Controller Driver version: 0.5
[    1.893785] PCI: MMCONFIG for domain 0000 [bus 00-3f] at [mem 0xf8000000-0xfbffffff] (base 0xf8000000)
[    1.893785] PCI: MMCONFIG at [mem 0xf8000000-0xfbffffff] reserved in E820
[    1.893785] PCI: Using configuration type 1 for base access
[    1.894631] Kprobes globally optimized
[    1.896158] HugeTLB: can free 6 vmemmap pages for hugepages-2048kB
[    1.896158] HugeTLB registered 1.00 GiB page size, pre-allocated 0 pages
[    1.896158] HugeTLB registered 2.00 MiB page size, pre-allocated 0 pages
[    1.899513] ACPI: Added _OSI(Module Device)
[    1.899514] ACPI: Added _OSI(Processor Device)
[    1.899515] ACPI: Added _OSI(3.0 _SCP Extensions)
[    1.899516] ACPI: Added _OSI(Processor Aggregator Device)
[    1.899517] ACPI: Added _OSI(Linux-Dell-Video)
[    1.899518] ACPI: Added _OSI(Linux-Lenovo-NV-HDMI-Audio)
[    1.899519] ACPI: Added _OSI(Linux-HPI-Hybrid-Graphics)
[    1.914925] ACPI: 18 ACPI AML tables successfully acquired and loaded
[    1.916588] ACPI: [Firmware Bug]: BIOS _OSI(Linux) query ignored
[    1.919840] ACPI: EC: EC started
[    1.919841] ACPI: EC: interrupt blocked
[    1.922370] ACPI: EC: EC_CMD/EC_SC=0x66, EC_DATA=0x62
[    1.922371] ACPI: \_SB_.PCI0.LPC0.EC0_: Boot DSDT EC used to handle transactions
[    1.922373] ACPI: Interpreter enabled
[    1.922389] ACPI: PM: (supports S0 S4 S5)
[    1.922390] ACPI: Using IOAPIC for interrupt routing
[    1.922611] PCI: Using host bridge windows from ACPI; if necessary, use "pci=nocrs" and report a bug
[    1.925847] ACPI: PM: Power Resource [P0U0]
[    1.925879] ACPI: PM: Power Resource [P3U0]
[    1.926682] ACPI: PM: Power Resource [P0U1]
[    1.926713] ACPI: PM: Power Resource [P3U1]
[    1.927484] ACPI: PM: Power Resource [P0S0]
[    1.927513] ACPI: PM: Power Resource [P3S0]
[    1.927685] ACPI: PM: Power Resource [P0S1]
[    1.927714] ACPI: PM: Power Resource [P3S1]
[    1.933802] ACPI: PCI Root Bridge [PCI0] (domain 0000 [bus 00-ff])
[    1.933808] acpi PNP0A08:00: _OSC: OS supports [ExtendedConfig ASPM ClockPM Segments MSI EDR HPX-Type3]
[    1.934049] acpi PNP0A08:00: _OSC: platform does not support [SHPCHotplug LTR DPC]
[    1.934278] acpi PNP0A08:00: _OSC: OS now controls [PCIeHotplug PME AER PCIeCapability]
[    1.934290] acpi PNP0A08:00: [Firmware Info]: MMCONFIG for domain 0000 [bus 00-3f] only partially covers this bridge
[    1.934652] PCI host bridge to bus 0000:00
[    1.934653] pci_bus 0000:00: root bus resource [io  0x0000-0x0cf7 window]
[    1.934655] pci_bus 0000:00: root bus resource [io  0x0d00-0xffff window]
[    1.934656] pci_bus 0000:00: root bus resource [mem 0x000a0000-0x000bffff window]
[    1.934657] pci_bus 0000:00: root bus resource [mem 0x000c0000-0x000c3fff window]
[    1.934659] pci_bus 0000:00: root bus resource [mem 0x000c4000-0x000c7fff window]
[    1.934660] pci_bus 0000:00: root bus resource [mem 0x000c8000-0x000cbfff window]
[    1.934661] pci_bus 0000:00: root bus resource [mem 0x000cc000-0x000cffff window]
[    1.934662] pci_bus 0000:00: root bus resource [mem 0x000d0000-0x000d3fff window]
[    1.934662] pci_bus 0000:00: root bus resource [mem 0x000d4000-0x000d7fff window]
[    1.934663] pci_bus 0000:00: root bus resource [mem 0x000d8000-0x000dbfff window]
[    1.934664] pci_bus 0000:00: root bus resource [mem 0x000dc000-0x000dffff window]
[    1.934665] pci_bus 0000:00: root bus resource [mem 0x000e0000-0x000e3fff window]
[    1.934666] pci_bus 0000:00: root bus resource [mem 0x000e4000-0x000e7fff window]
[    1.934667] pci_bus 0000:00: root bus resource [mem 0x000e8000-0x000ebfff window]
[    1.934668] pci_bus 0000:00: root bus resource [mem 0x000ec000-0x000effff window]
[    1.934669] pci_bus 0000:00: root bus resource [mem 0xd0000000-0xf7ffffff window]
[    1.934670] pci_bus 0000:00: root bus resource [mem 0xfc000000-0xfed3ffff window]
[    1.934671] pci_bus 0000:00: root bus resource [mem 0x450200000-0xfcffffffff window]
[    1.934673] pci_bus 0000:00: root bus resource [bus 00-ff]
[    1.934709] pci 0000:00:00.0: [1022:1630] type 00 class 0x060000
[    1.934825] pci 0000:00:00.2: [1022:1631] type 00 class 0x080600
[    1.934949] pci 0000:00:01.0: [1022:1632] type 00 class 0x060000
[    1.935050] pci 0000:00:02.0: [1022:1632] type 00 class 0x060000
[    1.935154] pci 0000:00:08.0: [1022:1632] type 00 class 0x060000
[    1.935278] pci 0000:00:08.1: [1022:1635] type 01 class 0x060400
[    1.935298] pci 0000:00:08.1: enabling Extended Tags
[    1.935328] pci 0000:00:08.1: PME# supported from D0 D3hot D3cold
[    1.935477] pci 0000:00:08.2: [1022:1635] type 01 class 0x060400
[    1.935496] pci 0000:00:08.2: enabling Extended Tags
[    1.935525] pci 0000:00:08.2: PME# supported from D0 D3hot D3cold
[    1.935671] pci 0000:00:14.0: [1022:790b] type 00 class 0x0c0500
[    1.935841] pci 0000:00:14.3: [1022:790e] type 00 class 0x060100
[    1.936000] pci 0000:00:18.0: [1022:1448] type 00 class 0x060000
[    1.936082] pci 0000:00:18.1: [1022:1449] type 00 class 0x060000
[    1.936159] pci 0000:00:18.2: [1022:144a] type 00 class 0x060000
[    1.936232] pci 0000:00:18.3: [1022:144b] type 00 class 0x060000
[    1.936306] pci 0000:00:18.4: [1022:144c] type 00 class 0x060000
[    1.936385] pci 0000:00:18.5: [1022:144d] type 00 class 0x060000
[    1.936459] pci 0000:00:18.6: [1022:144e] type 00 class 0x060000
[    1.936533] pci 0000:00:18.7: [1022:144f] type 00 class 0x060000
[    1.936710] pci 0000:01:00.0: [1002:1636] type 00 class 0x030000
[    1.936720] pci 0000:01:00.0: reg 0x10: [mem 0xfce0000000-0xfcefffffff 64bit pref]
[    1.936728] pci 0000:01:00.0: reg 0x18: [mem 0xfcf0000000-0xfcf01fffff 64bit pref]
[    1.936733] pci 0000:01:00.0: reg 0x20: [io  0x1000-0x10ff]
[    1.936738] pci 0000:01:00.0: reg 0x24: [mem 0xd0400000-0xd047ffff]
[    1.936746] pci 0000:01:00.0: enabling Extended Tags
[    1.936758] pci 0000:01:00.0: BAR 0: assigned to efifb
[    1.936793] pci 0000:01:00.0: PME# supported from D1 D2 D3hot D3cold
[    1.936921] pci 0000:01:00.1: [1002:1637] type 00 class 0x040300
[    1.936928] pci 0000:01:00.1: reg 0x10: [mem 0xd04c8000-0xd04cbfff]
[    1.936948] pci 0000:01:00.1: enabling Extended Tags
[    1.936976] pci 0000:01:00.1: PME# supported from D1 D2 D3hot D3cold
[    1.937076] pci 0000:01:00.2: [1022:15df] type 00 class 0x108000
[    1.937088] pci 0000:01:00.2: reg 0x18: [mem 0xd0300000-0xd03fffff]
[    1.937097] pci 0000:01:00.2: reg 0x24: [mem 0xd04cc000-0xd04cdfff]
[    1.937103] pci 0000:01:00.2: enabling Extended Tags
[    1.937226] pci 0000:01:00.3: [1022:1639] type 00 class 0x0c0330
[    1.937236] pci 0000:01:00.3: reg 0x10: [mem 0xd0100000-0xd01fffff 64bit]
[    1.937258] pci 0000:01:00.3: enabling Extended Tags
[    1.937288] pci 0000:01:00.3: PME# supported from D0 D3hot D3cold
[    1.937385] pci 0000:01:00.4: [1022:1639] type 00 class 0x0c0330
[    1.937395] pci 0000:01:00.4: reg 0x10: [mem 0xd0200000-0xd02fffff 64bit]
[    1.937418] pci 0000:01:00.4: enabling Extended Tags
[    1.937447] pci 0000:01:00.4: PME# supported from D0 D3hot D3cold
[    1.937549] pci 0000:01:00.5: [1022:15e2] type 00 class 0x048000
[    1.937556] pci 0000:01:00.5: reg 0x10: [mem 0xd0480000-0xd04bffff]
[    1.937575] pci 0000:01:00.5: enabling Extended Tags
[    1.937602] pci 0000:01:00.5: PME# supported from D0 D3hot D3cold
[    1.937700] pci 0000:01:00.6: [1022:15e3] type 00 class 0x040300
[    1.937707] pci 0000:01:00.6: reg 0x10: [mem 0xd04c0000-0xd04c7fff]
[    1.937727] pci 0000:01:00.6: enabling Extended Tags
[    1.937754] pci 0000:01:00.6: PME# supported from D0 D3hot D3cold
[    1.937843] pci 0000:00:08.1: PCI bridge to [bus 01]
[    1.937846] pci 0000:00:08.1:   bridge window [io  0x1000-0x1fff]
[    1.937848] pci 0000:00:08.1:   bridge window [mem 0xd0100000-0xd04fffff]
[    1.937851] pci 0000:00:08.1:   bridge window [mem 0xfce0000000-0xfcf01fffff 64bit pref]
[    1.937903] pci 0000:02:00.0: [1022:7901] type 00 class 0x010601
[    1.937929] pci 0000:02:00.0: reg 0x24: [mem 0xd0001000-0xd00017ff]
[    1.937937] pci 0000:02:00.0: enabling Extended Tags
[    1.938057] pci 0000:02:00.1: [1022:7901] type 00 class 0x010601
[    1.938083] pci 0000:02:00.1: reg 0x24: [mem 0xd0000000-0xd00007ff]
[    1.938091] pci 0000:02:00.1: enabling Extended Tags
[    1.938195] pci 0000:00:08.2: PCI bridge to [bus 02]
[    1.938198] pci 0000:00:08.2:   bridge window [mem 0xd0000000-0xd00fffff]
[    1.939972] ACPI: PCI: Interrupt link LNKA configured for IRQ 0
[    1.939974] ACPI: PCI: Interrupt link LNKA disabled
[    1.940068] ACPI: PCI: Interrupt link LNKB configured for IRQ 0
[    1.940069] ACPI: PCI: Interrupt link LNKB disabled
[    1.940144] ACPI: PCI: Interrupt link LNKC configured for IRQ 0
[    1.940145] ACPI: PCI: Interrupt link LNKC disabled
[    1.940238] ACPI: PCI: Interrupt link LNKD configured for IRQ 0
[    1.940238] ACPI: PCI: Interrupt link LNKD disabled
[    1.940325] ACPI: PCI: Interrupt link LNKE configured for IRQ 0
[    1.940326] ACPI: PCI: Interrupt link LNKE disabled
[    1.940394] ACPI: PCI: Interrupt link LNKF configured for IRQ 0
[    1.940395] ACPI: PCI: Interrupt link LNKF disabled
[    1.940464] ACPI: PCI: Interrupt link LNKG configured for IRQ 0
[    1.940465] ACPI: PCI: Interrupt link LNKG disabled
[    1.940534] ACPI: PCI: Interrupt link LNKH configured for IRQ 0
[    1.940535] ACPI: PCI: Interrupt link LNKH disabled
[    1.942628] ACPI: EC: interrupt unblocked
[    1.942629] ACPI: EC: event unblocked
[    1.942634] ACPI: EC: EC_CMD/EC_SC=0x66, EC_DATA=0x62
[    1.942634] ACPI: EC: GPE=0x3
[    1.942635] ACPI: \_SB_.PCI0.LPC0.EC0_: Boot DSDT EC initialization complete
[    1.942637] ACPI: \_SB_.PCI0.LPC0.EC0_: EC: Used to handle transactions and events
[    1.942721] iommu: Default domain type: Translated 
[    1.942721] iommu: DMA domain TLB invalidation policy: lazy mode 
[    1.942744] pci 0000:01:00.0: vgaarb: VGA device added: decodes=io+mem,owns=none,locks=none
[    1.942744] pci 0000:01:00.0: vgaarb: bridge control possible
[    1.942744] pci 0000:01:00.0: vgaarb: setting as boot device
[    1.942744] vgaarb: loaded
[    1.942948] SCSI subsystem initialized
[    1.942958] libata version 3.00 loaded.
[    1.942958] ACPI: bus type USB registered
[    1.942958] usbcore: registered new interface driver usbfs
[    1.942958] usbcore: registered new interface driver hub
[    1.942958] usbcore: registered new device driver usb
[    1.947657] pps_core: LinuxPPS API ver. 1 registered
[    1.947658] pps_core: Software ver. 5.3.6 - Copyright 2005-2007 Rodolfo Giometti <giometti@linux.it>
[    1.947661] PTP clock support registered
[    1.947670] EDAC MC: Ver: 3.0.0
[    1.949451] Registered efivars operations
[    1.949586] NetLabel: Initializing
[    1.949586] NetLabel:  domain hash size = 128
[    1.949586] NetLabel:  protocols = UNLABELED CIPSOv4 CALIPSO
[    1.949586] NetLabel:  unlabeled traffic allowed by default
[    1.949586] PCI: Using ACPI for IRQ routing
[    1.950286] PCI: pci_cache_line_size set to 64 bytes
[    1.950320] e820: reserve RAM buffer [mem 0x0009f000-0x0009ffff]
[    1.950322] e820: reserve RAM buffer [mem 0x09b00000-0x0bffffff]
[    1.950323] e820: reserve RAM buffer [mem 0x09f00000-0x0bffffff]
[    1.950324] e820: reserve RAM buffer [mem 0xb3160000-0xb3ffffff]
[    1.950325] e820: reserve RAM buffer [mem 0xbab69000-0xbbffffff]
[    1.950326] e820: reserve RAM buffer [mem 0xc9f7f000-0xcbffffff]
[    1.950327] e820: reserve RAM buffer [mem 0xce000000-0xcfffffff]
[    1.950327] e820: reserve RAM buffer [mem 0x40f340000-0x40fffffff]
[    1.950332] hpet0: at MMIO 0xfed00000, IRQs 2, 8, 0
[    1.950332] hpet0: 3 comparators, 32-bit 14.318180 MHz counter
[    1.953095] clocksource: Switched to clocksource hpet
[    1.966394] VFS: Disk quotas dquot_6.6.0
[    1.966409] VFS: Dquot-cache hash table entries: 512 (order 0, 4096 bytes)
[    1.966553] AppArmor: AppArmor Filesystem Enabled
[    1.966606] pnp: PnP ACPI init
[    1.966880] system 00:00: [mem 0xfec00000-0xfec01fff] could not be reserved
[    1.966884] system 00:00: [mem 0xfee00000-0xfee00fff] has been reserved
[    1.966886] system 00:00: [mem 0xfde00000-0xfdefffff] has been reserved
[    1.967126] system 00:03: [io  0x0400-0x04cf] has been reserved
[    1.967128] system 00:03: [io  0x04d0-0x04d1] has been reserved
[    1.967130] system 00:03: [io  0x04d6] has been reserved
[    1.967131] system 00:03: [io  0x0c00-0x0c01] has been reserved
[    1.967132] system 00:03: [io  0x0c14] has been reserved
[    1.967133] system 00:03: [io  0x0c50-0x0c52] has been reserved
[    1.967134] system 00:03: [io  0x0c6c] has been reserved
[    1.967135] system 00:03: [io  0x0c6f] has been reserved
[    1.967137] system 00:03: [io  0x0cd0-0x0cdb] has been reserved
[    1.967209] system 00:04: [mem 0x000e0000-0x000fffff] could not be reserved
[    1.967211] system 00:04: [mem 0xff000000-0xffffffff] could not be reserved
[    1.968729] pnp: PnP ACPI: found 5 devices
[    1.976673] clocksource: acpi_pm: mask: 0xffffff max_cycles: 0xffffff, max_idle_ns: 2085701024 ns
[    1.976830] NET: Registered PF_INET protocol family
[    1.977555] IP idents hash table entries: 262144 (order: 9, 2097152 bytes, linear)
[    1.979795] tcp_listen_portaddr_hash hash table entries: 8192 (order: 5, 131072 bytes, linear)
[    1.979954] TCP established hash table entries: 131072 (order: 8, 1048576 bytes, linear)
[    1.980200] TCP bind hash table entries: 65536 (order: 8, 1048576 bytes, linear)
[    1.980267] TCP: Hash tables configured (established 131072 bind 65536)
[    1.980426] MPTCP token hash table entries: 16384 (order: 6, 393216 bytes, linear)
[    1.980486] UDP hash table entries: 8192 (order: 6, 262144 bytes, linear)
[    1.980541] UDP-Lite hash table entries: 8192 (order: 6, 262144 bytes, linear)
[    1.980627] NET: Registered PF_UNIX/PF_LOCAL protocol family
[    1.980633] NET: Registered PF_XDP protocol family
[    1.980646] pci 0000:00:08.1: PCI bridge to [bus 01]
[    1.980650] pci 0000:00:08.1:   bridge window [io  0x1000-0x1fff]
[    1.980655] pci 0000:00:08.1:   bridge window [mem 0xd0100000-0xd04fffff]
[    1.980657] pci 0000:00:08.1:   bridge window [mem 0xfce0000000-0xfcf01fffff 64bit pref]
[    1.980660] pci 0000:00:08.2: PCI bridge to [bus 02]
[    1.980662] pci 0000:00:08.2:   bridge window [mem 0xd0000000-0xd00fffff]
[    1.980668] pci_bus 0000:00: resource 4 [io  0x0000-0x0cf7 window]
[    1.980669] pci_bus 0000:00: resource 5 [io  0x0d00-0xffff window]
[    1.980670] pci_bus 0000:00: resource 6 [mem 0x000a0000-0x000bffff window]
[    1.980671] pci_bus 0000:00: resource 7 [mem 0x000c0000-0x000c3fff window]
[    1.980672] pci_bus 0000:00: resource 8 [mem 0x000c4000-0x000c7fff window]
[    1.980673] pci_bus 0000:00: resource 9 [mem 0x000c8000-0x000cbfff window]
[    1.980674] pci_bus 0000:00: resource 10 [mem 0x000cc000-0x000cffff window]
[    1.980675] pci_bus 0000:00: resource 11 [mem 0x000d0000-0x000d3fff window]
[    1.980676] pci_bus 0000:00: resource 12 [mem 0x000d4000-0x000d7fff window]
[    1.980677] pci_bus 0000:00: resource 13 [mem 0x000d8000-0x000dbfff window]
[    1.980678] pci_bus 0000:00: resource 14 [mem 0x000dc000-0x000dffff window]
[    1.980679] pci_bus 0000:00: resource 15 [mem 0x000e0000-0x000e3fff window]
[    1.980680] pci_bus 0000:00: resource 16 [mem 0x000e4000-0x000e7fff window]
[    1.980681] pci_bus 0000:00: resource 17 [mem 0x000e8000-0x000ebfff window]
[    1.980681] pci_bus 0000:00: resource 18 [mem 0x000ec000-0x000effff window]
[    1.980682] pci_bus 0000:00: resource 19 [mem 0xd0000000-0xf7ffffff window]
[    1.980683] pci_bus 0000:00: resource 20 [mem 0xfc000000-0xfed3ffff window]
[    1.980684] pci_bus 0000:00: resource 21 [mem 0x450200000-0xfcffffffff window]
[    1.980685] pci_bus 0000:01: resource 0 [io  0x1000-0x1fff]
[    1.980686] pci_bus 0000:01: resource 1 [mem 0xd0100000-0xd04fffff]
[    1.980687] pci_bus 0000:01: resource 2 [mem 0xfce0000000-0xfcf01fffff 64bit pref]
[    1.980688] pci_bus 0000:02: resource 1 [mem 0xd0000000-0xd00fffff]
[    1.980836] pci 0000:01:00.1: D0 power state depends on 0000:01:00.0
[    1.980872] pci 0000:01:00.3: extending delay after power-on from D3hot to 20 msec
[    1.982575] pci 0000:01:00.4: extending delay after power-on from D3hot to 20 msec
[    2.163153] pci 0000:01:00.4: quirk_usb_early_handoff+0x0/0x750 took 176340 usecs
[    2.163167] PCI: CLS 64 bytes, default 64
[    2.163182] pci 0000:00:00.2: AMD-Vi: IOMMU performance counters supported
[    2.163241] Trying to unpack rootfs image as initramfs...
[    2.163245] pci 0000:00:00.2: can't derive routing for PCI INT A
[    2.163247] pci 0000:00:00.2: PCI INT A: not connected
[    2.163266] pci 0000:00:01.0: Adding to iommu group 0
[    2.163283] pci 0000:00:02.0: Adding to iommu group 1
[    2.163299] pci 0000:00:08.0: Adding to iommu group 2
[    2.163307] pci 0000:00:08.1: Adding to iommu group 2
[    2.163314] pci 0000:00:08.2: Adding to iommu group 2
[    2.163327] pci 0000:00:14.0: Adding to iommu group 3
[    2.163336] pci 0000:00:14.3: Adding to iommu group 3
[    2.163360] pci 0000:00:18.0: Adding to iommu group 4
[    2.163367] pci 0000:00:18.1: Adding to iommu group 4
[    2.163375] pci 0000:00:18.2: Adding to iommu group 4
[    2.163382] pci 0000:00:18.3: Adding to iommu group 4
[    2.163389] pci 0000:00:18.4: Adding to iommu group 4
[    2.163398] pci 0000:00:18.5: Adding to iommu group 4
[    2.163407] pci 0000:00:18.6: Adding to iommu group 4
[    2.163414] pci 0000:00:18.7: Adding to iommu group 4
[    2.163428] pci 0000:01:00.0: Adding to iommu group 2
[    2.163432] pci 0000:01:00.1: Adding to iommu group 2
[    2.163437] pci 0000:01:00.2: Adding to iommu group 2
[    2.163441] pci 0000:01:00.3: Adding to iommu group 2
[    2.163445] pci 0000:01:00.4: Adding to iommu group 2
[    2.163451] pci 0000:01:00.5: Adding to iommu group 2
[    2.163456] pci 0000:01:00.6: Adding to iommu group 2
[    2.163461] pci 0000:02:00.0: Adding to iommu group 2
[    2.163465] pci 0000:02:00.1: Adding to iommu group 2
[    2.164952] pci 0000:00:00.2: AMD-Vi: Found IOMMU cap 0x40
[    2.164957] AMD-Vi: Extended features (0x206d73ef22254ade): PPR X2APIC NX GT IA GA PC GA_vAPIC
[    2.164962] AMD-Vi: Interrupt remapping enabled
[    2.164962] AMD-Vi: Virtual APIC enabled
[    2.164963] AMD-Vi: X2APIC enabled
[    2.165343] software IO TLB: tearing down default memory pool
[    2.173357] LVT offset 0 assigned for vector 0x400
[    2.173757] perf: AMD IBS detected (0x000003ff)
[    2.173763] perf/amd_iommu: Detected AMD IOMMU #0 (2 banks, 4 counters/bank).
[    2.175679] Initialise system trusted keyrings
[    2.175693] Key type blacklist registered
[    2.175825] workingset: timestamp_bits=41 max_order=22 bucket_order=0
[    2.177356] zbud: loaded
[    2.180580] Key type asymmetric registered
[    2.180583] Asymmetric key parser 'x509' registered
[    2.180643] Block layer SCSI generic (bsg) driver version 0.4 loaded (major 242)
[    2.180834] io scheduler mq-deadline registered
[    2.180835] io scheduler kyber registered
[    2.180867] io scheduler bfq registered
[    2.181334] pcieport 0000:00:08.1: PME: Signaling with IRQ 26
[    2.181556] pcieport 0000:00:08.2: PME: Signaling with IRQ 27
[    2.181637] shpchp: Standard Hot Plug PCI Controller Driver version: 0.4
[    2.182971] ACPI: AC: AC Adapter [ACAD] (on-line)
[    2.183011] input: Power Button as /devices/LNXSYSTM:00/LNXSYBUS:00/PNP0C0C:00/input/input0
[    2.183028] ACPI: button: Power Button [PWRB]
[    2.183056] input: Lid Switch as /devices/LNXSYSTM:00/LNXSYBUS:00/PNP0A08:00/device:2a/PNP0C09:00/PNP0C0D:00/input/input1
[    2.183073] ACPI: button: Lid Switch [LID0]
[    2.183107] Monitor-Mwait will be used to enter C-1 state
[    2.183119] ACPI: \_SB_.PLTF.C000: Found 3 idle states
[    2.183125] ACPI: FW issue: working around C-state latencies out of order
[    2.183317] ACPI: \_SB_.PLTF.C001: Found 3 idle states
[    2.183323] ACPI: FW issue: working around C-state latencies out of order
[    2.183565] ACPI: \_SB_.PLTF.C002: Found 3 idle states
[    2.183572] ACPI: FW issue: working around C-state latencies out of order
[    2.183709] ACPI: \_SB_.PLTF.C003: Found 3 idle states
[    2.183716] ACPI: FW issue: working around C-state latencies out of order
[    2.183808] ACPI: \_SB_.PLTF.C004: Found 3 idle states
[    2.183813] ACPI: FW issue: working around C-state latencies out of order
[    2.183911] ACPI: \_SB_.PLTF.C005: Found 3 idle states
[    2.183915] ACPI: FW issue: working around C-state latencies out of order
[    2.185918] thermal LNXTHERM:00: registered as thermal_zone0
[    2.185920] ACPI: thermal: Thermal Zone [TZ0] (50 C)
[    2.186181] Serial: 8250/16550 driver, 32 ports, IRQ sharing enabled
[    2.188499] Non-volatile memory driver v1.3
[    2.188501] Linux agpgart interface v0.103
[    2.188590] AMD-Vi: AMD IOMMUv2 loaded and initialized
[    2.189436] ahci 0000:02:00.0: version 3.0
[    2.189616] ahci 0000:02:00.0: AHCI 0001.0301 32 slots 1 ports 6 Gbps 0x1 impl SATA mode
[    2.189619] ahci 0000:02:00.0: flags: 64bit ncq sntf ilck pm led clo only pmp fbs pio slum part 
[    2.189963] scsi host0: ahci
[    2.190041] ata1: SATA max UDMA/133 abar m2048@0xd0001000 port 0xd0001100 irq 29
[    2.190241] ahci 0000:02:00.1: AHCI 0001.0301 32 slots 1 ports 6 Gbps 0x1 impl SATA mode
[    2.190245] ahci 0000:02:00.1: flags: 64bit ncq sntf ilck pm led clo only pmp fbs pio slum part deso sadm sds 
[    2.190606] scsi host1: ahci
[    2.190668] ata2: SATA max UDMA/133 abar m2048@0xd0000000 port 0xd0000100 irq 31
[    2.190704] ehci_hcd: USB 2.0 'Enhanced' Host Controller (EHCI) Driver
[    2.190717] ehci-pci: EHCI PCI platform driver
[    2.190733] ohci_hcd: USB 1.1 'Open' Host Controller (OHCI) Driver
[    2.190734] ohci-pci: OHCI PCI platform driver
[    2.190740] uhci_hcd: USB Universal Host Controller Interface driver
[    2.190796] usbcore: registered new interface driver usbserial_generic
[    2.190800] usbserial: USB Serial support registered for generic
[    2.190898] rtc_cmos 00:01: RTC can wake from S4
[    2.191132] rtc_cmos 00:01: registered as rtc0
[    2.191177] rtc_cmos 00:01: setting system clock to 2021-12-17T20:13:06 UTC (1639771986)
[    2.191190] rtc_cmos 00:01: alarms up to one month, 114 bytes nvram, hpet irqs
[    2.191352] ledtrig-cpu: registered to indicate activity on CPUs
[    2.191590] efifb: probing for efifb
[    2.191601] efifb: framebuffer at 0xfce0000000, using 8128k, total 8128k
[    2.191602] efifb: mode is 1920x1080x32, linelength=7680, pages=1
[    2.191603] efifb: scrolling: redraw
[    2.191603] efifb: Truecolor: size=8:8:8:8, shift=24:16:8:0
[    2.191686] fbcon: Deferring console take-over
[    2.191687] fb0: EFI VGA frame buffer device
[    2.191723] hid: raw HID events driver (C) Jiri Kosina
[    2.191819] drop_monitor: Initializing network drop monitor service
[    2.191868] Initializing XFRM netlink socket
[    2.191975] NET: Registered PF_INET6 protocol family
[    2.205234] ACPI: battery: Slot [BATT] (battery present)
[    2.503634] ata1: SATA link down (SStatus 0 SControl 300)
[    2.551229] Freeing initrd memory: 10672K
[    2.557912] Segment Routing with IPv6
[    2.557915] RPL Segment Routing with IPv6
[    2.557932] In-situ OAM (IOAM) with IPv6
[    2.557958] NET: Registered PF_PACKET protocol family
[    2.559761] microcode: CPU0: patch_level=0x08600106
[    2.559788] microcode: CPU1: patch_level=0x08600106
[    2.559815] microcode: CPU2: patch_level=0x08600106
[    2.559823] microcode: CPU3: patch_level=0x08600106
[    2.559851] microcode: CPU4: patch_level=0x08600106
[    2.559873] microcode: CPU5: patch_level=0x08600106
[    2.559877] microcode: Microcode Update Driver: v2.2.
[    2.560311] resctrl: L3 allocation detected
[    2.560315] resctrl: MB allocation detected
[    2.560316] resctrl: L3 monitoring detected
[    2.560321] IPI shorthand broadcast: enabled
[    2.560648] registered taskstats version 1
[    2.561216] Loading compiled-in X.509 certificates
[    2.563520] Loaded X.509 cert 'Build time autogenerated kernel key: 655dcbaf4b3bf6119bc7288d5f70e33673dbe3a0'
[    2.565131] zswap: loaded using pool lz4/z3fold
[    2.566264] Key type ._fscrypt registered
[    2.566266] Key type .fscrypt registered
[    2.566267] Key type fscrypt-provisioning registered
[    2.566362] AppArmor: AppArmor sha1 policy hashing enabled
[    2.567058] PM:   Magic number: 1:605:245
[    2.567408] RAS: Correctable Errors collector initialized.
[    2.659650] ata2: SATA link up 6.0 Gbps (SStatus 133 SControl 300)
[    2.662516] ata2.00: ATA-11: SAMSUNG MZNLH512HALU-00000, RVT2200Q, max UDMA/133
[    2.663648] ata2.00: 1000215216 sectors, multi 16: LBA48 NCQ (depth 32), AA
[    2.665769] ata2.00: Features: Dev-Sleep NCQ-sndrcv
[    2.669212] ata2.00: configured for UDMA/133
[    2.669360] ata2.00: failed to enable DEVSLP
[    2.669362] ata2.00: failed to enable DIPM, Emask 0x40
[    8.212985] ata2: SATA link up 6.0 Gbps (SStatus 133 SControl 300)
[    8.221433] ata2.00: configured for UDMA/133
[    8.222052] scsi 1:0:0:0: Direct-Access     ATA      SAMSUNG MZNLH512 200Q PQ: 0 ANSI: 5
[    8.222408] sd 1:0:0:0: [sda] 1000215216 512-byte logical blocks: (512 GB/477 GiB)
[    8.222418] sd 1:0:0:0: [sda] Write Protect is off
[    8.222419] sd 1:0:0:0: [sda] Mode Sense: 00 3a 00 00
[    8.222431] sd 1:0:0:0: [sda] Write cache: enabled, read cache: enabled, doesn't support DPO or FUA
[    8.253137]  sda: sda1 sda2 sda3
[    8.266599] sd 1:0:0:0: [sda] Attached SCSI disk
[    8.266763] Unstable clock detected, switching default tracing clock to "global"
               If you want to keep using the local clock, then add:
                 "trace_clock=local"
               on the kernel command line
[    8.268936] Freeing unused decrypted memory: 2036K
[    8.269443] Freeing unused kernel image (initmem) memory: 1860K
[    8.289661] Write protecting the kernel read-only data: 28672k
[    8.290562] Freeing unused kernel image (text/rodata gap) memory: 2036K
[    8.291081] Freeing unused kernel image (rodata/data gap) memory: 1496K
[    8.316616] x86/mm: Checked W+X mappings: passed, no W+X pages found.
[    8.316623] rodata_test: all tests were successful
[    8.316625] x86/mm: Checking user space page tables
[    8.341024] x86/mm: Checked W+X mappings: passed, no W+X pages found.
[    8.341037] Run /init as init process
[    8.341039]   with arguments:
[    8.341040]     /init
[    8.341041]   with environment:
[    8.341042]     HOME=/
[    8.341042]     TERM=linux
[    8.341043]     BOOT_IMAGE=/boot/vmlinuz-linux
[    8.341043]     pti=on
[    8.341044]     mem_encrypt=on
[    8.367017] fbcon: Taking over console
[    8.367097] Console: switching to colour frame buffer device 240x67
[    8.466699] xhci_hcd 0000:01:00.3: xHCI Host Controller
[    8.466707] xhci_hcd 0000:01:00.3: new USB bus registered, assigned bus number 1
[    8.466807] xhci_hcd 0000:01:00.3: hcc params 0x0268ffe5 hci version 0x110 quirks 0x0000020000000410
[    8.467177] usb usb1: New USB device found, idVendor=1d6b, idProduct=0002, bcdDevice= 5.15
[    8.467183] usb usb1: New USB device strings: Mfr=3, Product=2, SerialNumber=1
[    8.467184] usb usb1: Product: xHCI Host Controller
[    8.467185] usb usb1: Manufacturer: Linux 5.15.10-arch1-1 xhci-hcd
[    8.467187] usb usb1: SerialNumber: 0000:01:00.3
[    8.467429] hub 1-0:1.0: USB hub found
[    8.467440] hub 1-0:1.0: 4 ports detected
[    8.467462] i8042: PNP: PS/2 Controller [PNP0303:KBC0] at 0x60,0x64 irq 1
[    8.467464] i8042: PNP: PS/2 appears to have AUX port disabled, if this is incorrect please boot with i8042.nopnp
[    8.467780] xhci_hcd 0000:01:00.3: xHCI Host Controller
[    8.467783] xhci_hcd 0000:01:00.3: new USB bus registered, assigned bus number 2
[    8.467787] xhci_hcd 0000:01:00.3: Host supports USB 3.1 Enhanced SuperSpeed
[    8.467803] usb usb2: We don't know the algorithms for LPM for this host, disabling LPM.
[    8.467827] usb usb2: New USB device found, idVendor=1d6b, idProduct=0003, bcdDevice= 5.15
[    8.467829] usb usb2: New USB device strings: Mfr=3, Product=2, SerialNumber=1
[    8.467830] usb usb2: Product: xHCI Host Controller
[    8.467831] usb usb2: Manufacturer: Linux 5.15.10-arch1-1 xhci-hcd
[    8.467832] usb usb2: SerialNumber: 0000:01:00.3
[    8.467919] hub 2-0:1.0: USB hub found
[    8.467926] hub 2-0:1.0: 2 ports detected
[    8.468197] xhci_hcd 0000:01:00.4: xHCI Host Controller
[    8.468201] xhci_hcd 0000:01:00.4: new USB bus registered, assigned bus number 3
[    8.468304] xhci_hcd 0000:01:00.4: hcc params 0x0268ffe5 hci version 0x110 quirks 0x0000020000000410
[    8.468633] usb usb3: New USB device found, idVendor=1d6b, idProduct=0002, bcdDevice= 5.15
[    8.468635] usb usb3: New USB device strings: Mfr=3, Product=2, SerialNumber=1
[    8.468636] usb usb3: Product: xHCI Host Controller
[    8.468637] usb usb3: Manufacturer: Linux 5.15.10-arch1-1 xhci-hcd
[    8.468637] usb usb3: SerialNumber: 0000:01:00.4
[    8.468729] hub 3-0:1.0: USB hub found
[    8.468737] hub 3-0:1.0: 4 ports detected
[    8.469136] xhci_hcd 0000:01:00.4: xHCI Host Controller
[    8.469140] xhci_hcd 0000:01:00.4: new USB bus registered, assigned bus number 4
[    8.469143] xhci_hcd 0000:01:00.4: Host supports USB 3.1 Enhanced SuperSpeed
[    8.469170] usb usb4: We don't know the algorithms for LPM for this host, disabling LPM.
[    8.469182] serio: i8042 KBD port at 0x60,0x64 irq 1
[    8.469191] usb usb4: New USB device found, idVendor=1d6b, idProduct=0003, bcdDevice= 5.15
[    8.469193] usb usb4: New USB device strings: Mfr=3, Product=2, SerialNumber=1
[    8.469194] usb usb4: Product: xHCI Host Controller
[    8.469194] usb usb4: Manufacturer: Linux 5.15.10-arch1-1 xhci-hcd
[    8.469195] usb usb4: SerialNumber: 0000:01:00.4
[    8.469494] hub 4-0:1.0: USB hub found
[    8.469570] hub 4-0:1.0: 2 ports detected
[    8.475014] random: fast init done
[    8.499057] input: AT Translated Set 2 keyboard as /devices/platform/i8042/serio0/input/input2
[    8.505307] PM: Image not found (code -22)
[    8.586321] EXT4-fs (sda2): mounted filesystem with ordered data mode. Opts: (null). Quota mode: none.
[    8.714047] systemd[1]: systemd 249.7-2-arch running in system mode (+PAM +AUDIT -SELINUX -APPARMOR -IMA +SMACK +SECCOMP +GCRYPT +GNUTLS +OPENSSL +ACL +BLKID +CURL +ELFUTILS +FIDO2 +IDN2 -IDN +IPTC +KMOD +LIBCRYPTSETUP +LIBFDISK +PCRE2 -PWQUALITY +P11KIT -QRENCODE +BZIP2 +LZ4 +XZ +ZLIB +ZSTD +XKBCOMMON +UTMP -SYSVINIT default-hierarchy=unified)
[    8.722988] usb 3-1: new high-speed USB device number 2 using xhci_hcd
[    8.729933] systemd[1]: Detected architecture x86-64.
[    8.730592] systemd[1]: Hostname set to <mksredmibook14ii>.
[    8.790049] random: lvmconfig: uninitialized urandom read (4 bytes read)
[    8.854430] systemd[1]: Queued start job for default target Graphical Interface.
[    8.855829] systemd[1]: Created slice Slice /system/getty.
[    8.856160] systemd[1]: Created slice Slice /system/modprobe.
[    8.856454] systemd[1]: Created slice Slice /system/systemd-fsck.
[    8.856645] systemd[1]: Created slice User and Session Slice.
[    8.856722] systemd[1]: Started Dispatch Password Requests to Console Directory Watch.
[    8.856784] systemd[1]: Started Forward Password Requests to Wall Directory Watch.
[    8.856956] systemd[1]: Set up automount Arbitrary Executable File Formats File System Automount Point.
[    8.857015] systemd[1]: Reached target Local Encrypted Volumes.
[    8.857039] systemd[1]: Reached target Login Prompts.
[    8.857071] systemd[1]: Reached target Path Units.
[    8.857095] systemd[1]: Reached target Remote File Systems.
[    8.857116] systemd[1]: Reached target Slice Units.
[    8.857149] systemd[1]: Reached target Local Verity Protected Volumes.
[    8.857219] systemd[1]: Listening on Device-mapper event daemon FIFOs.
[    8.857503] systemd[1]: Listening on LVM2 poll daemon socket.
[    8.858356] systemd[1]: Listening on Process Core Dump Socket.
[    8.862790] systemd[1]: Condition check resulted in Journal Audit Socket being skipped.
[    8.864157] systemd[1]: Listening on Journal Socket (/dev/log).
[    8.864380] systemd[1]: Listening on Journal Socket.
[    8.865150] systemd[1]: Listening on udev Control Socket.
[    8.865247] systemd[1]: Listening on udev Kernel Socket.
[    8.866090] systemd[1]: Mounting Huge Pages File System...
[    8.866764] systemd[1]: Mounting POSIX Message Queue File System...
[    8.867822] usb 3-1: New USB device found, idVendor=1a40, idProduct=0801, bcdDevice= 1.00
[    8.867832] usb 3-1: New USB device strings: Mfr=0, Product=1, SerialNumber=0
[    8.867836] usb 3-1: Product: USB 2.0 Hub
[    8.868268] systemd[1]: Mounting Kernel Debug File System...
[    8.869068] systemd[1]: Mounting Kernel Trace File System...
[    8.870304] systemd[1]: Starting Create List of Static Device Nodes...
[    8.871076] systemd[1]: Starting Monitoring of LVM2 mirrors, snapshots etc. using dmeventd or progress polling...
[    8.871900] systemd[1]: Starting Load Kernel Module configfs...
[    8.872632] systemd[1]: Starting Load Kernel Module drm...
[    8.873470] systemd[1]: Starting Load Kernel Module fuse...
[    8.874623] systemd[1]: Condition check resulted in Set Up Additional Binary Formats being skipped.
[    8.874662] systemd[1]: Condition check resulted in File System Check on Root Device being skipped.
[    8.874742] random: lvm: uninitialized urandom read (4 bytes read)
[    8.876109] systemd[1]: Starting Journal Service...
[    8.877907] systemd[1]: Starting Load Kernel Modules...
[    8.878635] systemd[1]: Starting Remount Root and Kernel File Systems...
[    8.878709] systemd[1]: Condition check resulted in Repartition Root Disk being skipped.
[    8.879360] systemd[1]: Starting Coldplug All udev Devices...
[    8.880682] systemd[1]: Mounted Huge Pages File System.
[    8.880781] systemd[1]: Mounted POSIX Message Queue File System.
[    8.880853] systemd[1]: Mounted Kernel Debug File System.
[    8.880923] systemd[1]: Mounted Kernel Trace File System.
[    8.881200] systemd[1]: Finished Create List of Static Device Nodes.
[    8.882780] fuse: init (API version 7.34)
[    8.882915] systemd[1]: modprobe@configfs.service: Deactivated successfully.
[    8.883250] systemd[1]: Finished Load Kernel Module configfs.
[    8.883622] systemd[1]: modprobe@drm.service: Deactivated successfully.
[    8.883877] systemd[1]: Finished Load Kernel Module drm.
[    8.884057] EXT4-fs (sda2): re-mounted. Opts: (null). Quota mode: none.
[    8.884092] systemd[1]: modprobe@fuse.service: Deactivated successfully.
[    8.884294] systemd[1]: Finished Load Kernel Module fuse.
[    8.885034] systemd[1]: Finished Remount Root and Kernel File Systems.
[    8.886282] systemd[1]: Mounting FUSE Control File System...
[    8.887089] systemd[1]: Mounting Kernel Configuration File System...
[    8.887171] systemd[1]: Condition check resulted in First Boot Wizard being skipped.
[    8.889065] systemd[1]: Condition check resulted in Rebuild Hardware Database being skipped.
[    8.889955] systemd[1]: Starting Load/Save Random Seed...
[    8.891014] systemd[1]: Starting Create System Users...
[    8.892105] systemd[1]: Finished Load Kernel Modules.
[    8.893084] systemd[1]: Mounted FUSE Control File System.
[    8.893180] systemd[1]: Mounted Kernel Configuration File System.
[    8.894050] systemd[1]: Starting Apply Kernel Variables...
[    8.903867] systemd[1]: Finished Apply Kernel Variables.
[    8.914095] systemd[1]: Finished Create System Users.
[    8.915378] systemd[1]: Starting Create Static Device Nodes in /dev...
[    8.917387] hub 3-1:1.0: USB hub found
[    8.917672] hub 3-1:1.0: 4 ports detected
[    8.925634] systemd[1]: Finished Monitoring of LVM2 mirrors, snapshots etc. using dmeventd or progress polling.
[    8.933616] systemd[1]: Started Journal Service.
[    8.938372] systemd-journald[240]: Received client request to flush runtime journal.
[    8.989933] usb 4-1: new SuperSpeed USB device number 2 using xhci_hcd
[    9.013152] usb 4-1: New USB device found, idVendor=05e3, idProduct=0626, bcdDevice= 6.63
[    9.013157] usb 4-1: New USB device strings: Mfr=1, Product=2, SerialNumber=0
[    9.013158] usb 4-1: Product: USB3.1 Hub
[    9.013159] usb 4-1: Manufacturer: GenesysLogic
[    9.046091] hub 4-1:1.0: USB hub found
[    9.046871] hub 4-1:1.0: 4 ports detected
[    9.055947] acpi_cpufreq: overriding BIOS provided _PSD data
[    9.081205] ACPI: video: Video Device [VGA] (multi-head: yes  rom: no  post: no)
[    9.084886] acpi device:0e: registered as cooling_device6
[    9.086086] acpi PNP0C14:01: duplicate WMI GUID 05901221-D566-11D1-B2F0-00A0C9062910 (first instance was on PNP0C14:00)
[    9.086247] input: Video Bus as /devices/LNXSYSTM:00/LNXSYBUS:00/PNP0A08:00/device:0d/LNXVIDEO:00/input/input3
[    9.120516] piix4_smbus 0000:00:14.0: SMBus Host Controller at 0xb00, revision 0
[    9.120520] piix4_smbus 0000:00:14.0: Using register 0x02 for SMBus port selection
[    9.120616] piix4_smbus 0000:00:14.0: Auxiliary SMBus Host Controller at 0xb20
[    9.132750] usb 3-2: new high-speed USB device number 3 using xhci_hcd
[    9.138061] sp5100_tco: SP5100/SB800 TCO WatchDog Timer Driver
[    9.138160] sp5100-tco sp5100-tco: Using 0xfeb00000 for watchdog MMIO address
[    9.138830] sp5100-tco sp5100-tco: initialized. heartbeat=60 sec (nowayout=0)
[    9.199634] ccp 0000:01:00.2: enabling device (0000 -> 0002)
[    9.199988] ccp 0000:01:00.2: ccp: unable to access the device: you might be running a broken BIOS.
[    9.201511] snd_rn_pci_acp3x 0000:01:00.5: enabling device (0000 -> 0002)
[    9.204151] input: GXT7863:00 27C6:01E0 Mouse as /devices/platform/AMDI0010:03/i2c-0/i2c-GXT7863:00/0018:27C6:01E0.0001/input/input4
[    9.204255] input: GXT7863:00 27C6:01E0 Touchpad as /devices/platform/AMDI0010:03/i2c-0/i2c-GXT7863:00/0018:27C6:01E0.0001/input/input5
[    9.204333] hid-generic 0018:27C6:01E0.0001: input,hidraw0: I2C HID v1.00 Mouse [GXT7863:00 27C6:01E0] on i2c-GXT7863:00
[    9.210150] ccp 0000:01:00.2: tee enabled
[    9.210155] ccp 0000:01:00.2: psp enabled
[    9.230614] Adding 17309968k swap on /dev/sda3.  Priority:-2 extents:1 across:17309968k SSFS
[    9.281537] usb 3-2: New USB device found, idVendor=0bda, idProduct=8152, bcdDevice=20.00
[    9.281547] usb 3-2: New USB device strings: Mfr=1, Product=2, SerialNumber=3
[    9.281551] usb 3-2: Product: USB 10/100 LAN
[    9.281554] usb 3-2: Manufacturer: Realtek
[    9.281556] usb 3-2: SerialNumber: 00E04C360696
[    9.334258] input: PC Speaker as /devices/platform/pcspkr/input/input7
[    9.366077] usb 3-1.1: new full-speed USB device number 4 using xhci_hcd
[    9.401169] snd_hda_intel 0000:01:00.1: enabling device (0000 -> 0002)
[    9.401346] snd_hda_intel 0000:01:00.1: Handle vga_switcheroo audio client
[    9.401555] snd_hda_intel 0000:01:00.6: enabling device (0000 -> 0002)
[    9.403797] [drm] amdgpu kernel modesetting enabled.
[    9.417927] amdgpu: Virtual CRAT table created for CPU
[    9.417958] amdgpu: Topology: Add CPU node
[    9.418059] checking generic (fce0000000 7f0000) vs hw (fce0000000 10000000)
[    9.418061] fb0: switching to amdgpu from EFI VGA
[    9.418136] Console: switching to colour dummy device 80x25
[    9.418167] amdgpu 0000:01:00.0: vgaarb: deactivate vga console
[    9.418255] amdgpu 0000:01:00.0: enabling device (0006 -> 0007)
[    9.418345] [drm] initializing kernel modesetting (RENOIR 0x1002:0x1636 0x1D72:0x1951 0xC3).
[    9.418349] amdgpu 0000:01:00.0: amdgpu: Trusted Memory Zone (TMZ) feature enabled
[    9.423742] [drm] register mmio base: 0xD0400000
[    9.423747] [drm] register mmio size: 524288
[    9.423751] [drm] PCIE atomic ops is not supported
[    9.424757] [drm] add ip block number 0 <soc15_common>
[    9.424759] [drm] add ip block number 1 <gmc_v9_0>
[    9.424759] [drm] add ip block number 2 <vega10_ih>
[    9.424760] [drm] add ip block number 3 <psp>
[    9.424761] [drm] add ip block number 4 <smu>
[    9.424762] [drm] add ip block number 5 <gfx_v9_0>
[    9.424763] [drm] add ip block number 6 <sdma_v4_0>
[    9.424764] [drm] add ip block number 7 <dm>
[    9.424764] [drm] add ip block number 8 <vcn_v2_0>
[    9.424765] [drm] add ip block number 9 <jpeg_v2_0>
[    9.424784] amdgpu 0000:01:00.0: amdgpu: Fetched VBIOS from VFCT
[    9.424788] amdgpu: ATOM BIOS: 113-RENOIR-026
[    9.426555] [drm] VCN decode is enabled in VM mode
[    9.426556] [drm] VCN encode is enabled in VM mode
[    9.426557] [drm] JPEG decode is enabled in VM mode
[    9.426592] [drm] vm size is 262144 GB, 4 levels, block size is 9-bit, fragment size is 9-bit
[    9.426599] amdgpu 0000:01:00.0: amdgpu: VRAM: 512M 0x000000F400000000 - 0x000000F41FFFFFFF (512M used)
[    9.426602] amdgpu 0000:01:00.0: amdgpu: GART: 1024M 0x0000000000000000 - 0x000000003FFFFFFF
[    9.426603] amdgpu 0000:01:00.0: amdgpu: AGP: 267419648M 0x000000F800000000 - 0x0000FFFFFFFFFFFF
[    9.426608] [drm] Detected VRAM RAM=512M, BAR=512M
[    9.426609] [drm] RAM width 128bits DDR4
[    9.426661] [drm] amdgpu: 512M of VRAM memory ready
[    9.426662] [drm] amdgpu: 3072M of GTT memory ready.
[    9.426670] [drm] GART: num cpu pages 262144, num gpu pages 262144
[    9.426764] [drm] PCIE GART of 1024M enabled.
[    9.426765] [drm] PTB located at 0x000000F400900000
[    9.428352] amdgpu 0000:01:00.0: amdgpu: PSP runtime database doesn't exist
[    9.432806] [drm] Loading DMUB firmware via PSP: version=0x01010019
[    9.434258] [drm] Found VCN firmware Version ENC: 1.16 DEC: 5 VEP: 0 Revision: 3
[    9.434275] amdgpu 0000:01:00.0: amdgpu: Will use PSP to load VCN firmware
[    9.442902] input: HD-Audio Generic HDMI/DP,pcm=3 as /devices/pci0000:00/0000:00:08.1/0000:01:00.1/sound/card0/input8
[    9.442959] input: HD-Audio Generic HDMI/DP,pcm=7 as /devices/pci0000:00/0000:00:08.1/0000:01:00.1/sound/card0/input9
[    9.458935] random: dbus-daemon: uninitialized urandom read (12 bytes read)
[    9.483349] snd_hda_codec_realtek hdaudioC1D0: autoconfig for ALC256: line_outs=1 (0x14/0x0/0x0/0x0/0x0) type:speaker
[    9.483355] snd_hda_codec_realtek hdaudioC1D0:    speaker_outs=0 (0x0/0x0/0x0/0x0/0x0)
[    9.483356] snd_hda_codec_realtek hdaudioC1D0:    hp_outs=1 (0x21/0x0/0x0/0x0/0x0)
[    9.483358] snd_hda_codec_realtek hdaudioC1D0:    mono: mono_out=0x0
[    9.483359] snd_hda_codec_realtek hdaudioC1D0:    inputs:
[    9.483360] snd_hda_codec_realtek hdaudioC1D0:      Mic=0x19
[    9.513194] usb 3-1.1: not running at top speed; connect to a high speed hub
[    9.533045] input: HD-Audio Generic Mic as /devices/pci0000:00/0000:00:08.1/0000:01:00.6/sound/card1/input10
[    9.533114] input: HD-Audio Generic Headphone as /devices/pci0000:00/0000:00:08.1/0000:01:00.6/sound/card1/input11
[    9.565213] usb 3-1.1: New USB device found, idVendor=25a4, idProduct=9311, bcdDevice= 2.01
[    9.565218] usb 3-1.1: New USB device strings: Mfr=1, Product=2, SerialNumber=3
[    9.565220] usb 3-1.1: Product: USB C Video Adaptor      
[    9.565221] usb 3-1.1: Manufacturer: USB C  
[    9.565222] usb 3-1.1: SerialNumber: 000000000001
[    9.579828] usb 4-1.1: new SuperSpeed USB device number 3 using xhci_hcd
[    9.599818] usb 4-1.1: New USB device found, idVendor=8564, idProduct=4000, bcdDevice= 0.04
[    9.599823] usb 4-1.1: New USB device strings: Mfr=3, Product=4, SerialNumber=2
[    9.599825] usb 4-1.1: Product: Transcend
[    9.599826] usb 4-1.1: Manufacturer: TS-RDF5A
[    9.599826] usb 4-1.1: SerialNumber: 000000000004
[    9.624502] RAPL PMU: API unit is 2^-32 Joules, 1 fixed counters, 163840 ms ovfl timer
[    9.624505] RAPL PMU: hw unit of domain package 2^-16 Joules
[    9.628788] cryptd: max_cpu_qlen set to 1000
[    9.656617] AVX2 version of gcm_enc/dec engaged.
[    9.656673] AES CTR mode by8 optimization enabled
[    9.669418] usb 3-1.2: new high-speed USB device number 5 using xhci_hcd
[    9.768289] usb 3-1.2: New USB device found, idVendor=05e3, idProduct=0610, bcdDevice= 6.63
[    9.768295] usb 3-1.2: New USB device strings: Mfr=1, Product=2, SerialNumber=0
[    9.768296] usb 3-1.2: Product: USB2.1 Hub
[    9.768298] usb 3-1.2: Manufacturer: GenesysLogic
[    9.813523] hub 3-1.2:1.0: USB hub found
[    9.814039] hub 3-1.2:1.0: 4 ports detected
[    9.836173] usb 4-1.2: new SuperSpeed USB device number 4 using xhci_hcd
[    9.853272] usb 4-1.2: New USB device found, idVendor=0bda, idProduct=8153, bcdDevice=30.00
[    9.853277] usb 4-1.2: New USB device strings: Mfr=1, Product=2, SerialNumber=6
[    9.853279] usb 4-1.2: Product: USB 10/100/1000 LAN
[    9.853280] usb 4-1.2: Manufacturer: Realtek
[    9.853281] usb 4-1.2: SerialNumber: 000001
[    9.933390] kvm: Nested Virtualization enabled
[    9.933393] SVM: kvm: Nested Paging enabled
[    9.933411] SVM: Virtual VMLOAD VMSAVE supported
[    9.933411] SVM: Virtual GIF supported
[    9.977271] MCE: In-kernel MCE decoding enabled.
[   10.045857] input: GXT7863:00 27C6:01E0 Mouse as /devices/platform/AMDI0010:03/i2c-0/i2c-GXT7863:00/0018:27C6:01E0.0001/input/input12
[   10.045940] input: GXT7863:00 27C6:01E0 Touchpad as /devices/platform/AMDI0010:03/i2c-0/i2c-GXT7863:00/0018:27C6:01E0.0001/input/input13
[   10.046687] hid-multitouch 0018:27C6:01E0.0001: input,hidraw0: I2C HID v1.00 Mouse [GXT7863:00 27C6:01E0] on i2c-GXT7863:00
[   10.084163] usb-storage 4-1.1:1.0: USB Mass Storage device detected
[   10.086700] scsi host2: usb-storage 4-1.1:1.0
[   10.086811] usbcore: registered new interface driver usb-storage
[   10.090766] [drm] reserve 0x400000 from 0xf41f800000 for PSP TMR
[   10.106763] intel_rapl_common: Found RAPL domain package
[   10.106767] intel_rapl_common: Found RAPL domain core
[   10.106991] mousedev: PS/2 mouse device common for all mice
[   10.119408] usb 3-1.2.3: new low-speed USB device number 6 using xhci_hcd
[   10.121731] urandom_read: 1 callbacks suppressed
[   10.121733] random: NetworkManager: uninitialized urandom read (16 bytes read)
[   10.130063] usbcore: registered new interface driver uas
[   10.172563] amdgpu 0000:01:00.0: amdgpu: RAS: optional ras ta ucode is not available
[   10.180501] amdgpu 0000:01:00.0: amdgpu: RAP: optional rap ta ucode is not available
[   10.180506] amdgpu 0000:01:00.0: amdgpu: SECUREDISPLAY: securedisplay ta ucode is not available
[   10.181276] amdgpu 0000:01:00.0: amdgpu: SMU is initialized successfully!
[   10.182691] [drm] kiq ring mec 2 pipe 1 q 0
[   10.183402] [drm] Display Core initialized with v3.2.149!
[   10.183833] [drm] DMUB hardware initialized: version=0x01010019
[   10.207253] snd_hda_intel 0000:01:00.1: bound 0000:01:00.0 (ops amdgpu_dm_audio_component_bind_ops [amdgpu])
[   10.249806] random: nm-dispatcher: uninitialized urandom read (16 bytes read)
[   10.266264] usb 3-1.2.3: New USB device found, idVendor=1bcf, idProduct=0005, bcdDevice= 0.90
[   10.266273] usb 3-1.2.3: New USB device strings: Mfr=0, Product=2, SerialNumber=0
[   10.266276] usb 3-1.2.3: Product: USB Optical Mouse
[   10.298222] [drm] VCN decode and encode initialized successfully(under DPG Mode).
[   10.298242] [drm] JPEG decode initialized successfully.
[   10.299804] kfd kfd: amdgpu: Allocated 3969056 bytes on gart
[   10.330766] memmap_init_zone_device initialised 131072 pages in 0ms
[   10.330778] amdgpu: HMM registered 512MB device memory
[   10.330831] amdgpu: SRAT table not found
[   10.330832] amdgpu: Virtual CRAT table created for GPU
[   10.333301] amdgpu: Topology: Add dGPU node [0x1636:0x1002]
[   10.333308] kfd kfd: amdgpu: added device 1002:1636
[   10.333725] amdgpu 0000:01:00.0: amdgpu: SE 1, SH per SE 2, CU per SH 18, active_cu_number 26
[   10.336076] [drm] fb mappable at 0x410CD1000
[   10.336078] [drm] vram apper at 0x410000000
[   10.336079] [drm] size 8294400
[   10.336080] [drm] fb depth is 24
[   10.336080] [drm]    pitch is 7680
[   10.336679] fbcon: amdgpu (fb0) is primary device
[   10.389249] usb 3-2: reset high-speed USB device number 3 using xhci_hcd
[   10.390993] Console: switching to colour frame buffer device 240x67
[   10.410404] amdgpu 0000:01:00.0: [drm] fb0: amdgpu frame buffer device
[   10.433020] amdgpu 0000:01:00.0: amdgpu: ring gfx uses VM inv eng 0 on hub 0
[   10.433027] amdgpu 0000:01:00.0: amdgpu: ring comp_1.0.0 uses VM inv eng 1 on hub 0
[   10.433030] amdgpu 0000:01:00.0: amdgpu: ring comp_1.1.0 uses VM inv eng 4 on hub 0
[   10.433032] amdgpu 0000:01:00.0: amdgpu: ring comp_1.2.0 uses VM inv eng 5 on hub 0
[   10.433034] amdgpu 0000:01:00.0: amdgpu: ring comp_1.3.0 uses VM inv eng 6 on hub 0
[   10.433035] amdgpu 0000:01:00.0: amdgpu: ring comp_1.0.1 uses VM inv eng 7 on hub 0
[   10.433037] amdgpu 0000:01:00.0: amdgpu: ring comp_1.1.1 uses VM inv eng 8 on hub 0
[   10.433039] amdgpu 0000:01:00.0: amdgpu: ring comp_1.2.1 uses VM inv eng 9 on hub 0
[   10.433041] amdgpu 0000:01:00.0: amdgpu: ring comp_1.3.1 uses VM inv eng 10 on hub 0
[   10.433043] amdgpu 0000:01:00.0: amdgpu: ring kiq_2.1.0 uses VM inv eng 11 on hub 0
[   10.433045] amdgpu 0000:01:00.0: amdgpu: ring sdma0 uses VM inv eng 0 on hub 1
[   10.433047] amdgpu 0000:01:00.0: amdgpu: ring vcn_dec uses VM inv eng 1 on hub 1
[   10.433049] amdgpu 0000:01:00.0: amdgpu: ring vcn_enc0 uses VM inv eng 4 on hub 1
[   10.433051] amdgpu 0000:01:00.0: amdgpu: ring vcn_enc1 uses VM inv eng 5 on hub 1
[   10.433053] amdgpu 0000:01:00.0: amdgpu: ring jpeg_dec uses VM inv eng 6 on hub 1
[   10.436207] [drm] Initialized amdgpu 3.42.0 20150101 for 0000:01:00.0 on minor 0
[   10.439804] input: USB Optical Mouse as /devices/pci0000:00/0000:00:08.1/0000:01:00.4/usb3/3-1/3-1.2/3-1.2.3/3-1.2.3:1.0/0003:1BCF:0005.0002/input/input15
[   10.439981] hid-generic 0003:1BCF:0005.0002: input,hidraw1: USB HID v1.10 Mouse [USB Optical Mouse] on usb-0000:01:00.4-1.2.3/input0
[   10.440014] usbcore: registered new interface driver usbhid
[   10.440016] usbhid: USB HID core driver
[   10.528978] random: Xorg: uninitialized urandom read (8 bytes read)
[   10.585833] r8152 3-2:1.0: skip request firmware
[   10.613279] usb 4-1.2: reset SuperSpeed USB device number 4 using xhci_hcd
[   10.625478] r8152 3-2:1.0 eth0: v1.12.11
[   10.662751] random: crng init done
[   10.669223] r8152 4-1.2:1.0: load rtl8153a-4 v2 02/07/20 successfully
[   10.696838] r8152 4-1.2:1.0 eth1: v1.12.11
[   10.696965] usbcore: registered new interface driver r8152
[   10.709023] usbcore: registered new interface driver cdc_ether
[   10.727415] r8152 3-2:1.0 enp1s0f4u2: renamed from eth0
[   10.764712] usbcore: registered new interface driver r8153_ecm
[   11.105213] scsi 2:0:0:0: Direct-Access     TS-RDF5A Transcend        0004 PQ: 0 ANSI: 6
[   11.343750] sd 2:0:0:0: [sdb] 60456960 512-byte logical blocks: (31.0 GB/28.8 GiB)
[   11.344857] sd 2:0:0:0: [sdb] Write Protect is off
[   11.344861] sd 2:0:0:0: [sdb] Mode Sense: 21 00 00 00
[   11.345926] sd 2:0:0:0: [sdb] Write cache: disabled, read cache: enabled, doesn't support DPO or FUA
[   11.351724]  sdb: sdb1 sdb2
[   11.355414] sd 2:0:0:0: [sdb] Attached SCSI removable disk
[   12.268482] IPv6: ADDRCONF(NETDEV_CHANGE): enp1s0f4u2: link becomes ready
[   12.269697] r8152 3-2:1.0 enp1s0f4u2: carrier on
[   16.087488] iptables reject: IN=enp1s0f4u2 OUT= MAC=ff:ff:ff:ff:ff:ff:c4:6e:1f:43:37:39:08:00 SRC=0.0.0.0 DST=255.255.255.255 LEN=331 TOS=0x00 PREC=0x00 TTL=16 ID=0 PROTO=UDP SPT=68 DPT=67 LEN=311 
[   19.980475] iptables reject: IN=enp1s0f4u2 OUT= MAC=ff:ff:ff:ff:ff:ff:b0:be:76:66:88:11:08:00 SRC=0.0.0.0 DST=255.255.255.255 LEN=576 TOS=0x00 PREC=0x00 TTL=64 ID=56058 PROTO=UDP SPT=68 DPT=67 LEN=556 
[   20.091010] iptables reject: IN=enp1s0f4u2 OUT= MAC=ff:ff:ff:ff:ff:ff:c4:6e:1f:43:37:39:08:00 SRC=0.0.0.0 DST=255.255.255.255 LEN=331 TOS=0x00 PREC=0x00 TTL=16 ID=0 PROTO=UDP SPT=68 DPT=67 LEN=311 
[   22.980745] iptables reject: IN=enp1s0f4u2 OUT= MAC=ff:ff:ff:ff:ff:ff:b0:be:76:66:88:11:08:00 SRC=0.0.0.0 DST=255.255.255.255 LEN=576 TOS=0x00 PREC=0x00 TTL=64 ID=22673 PROTO=UDP SPT=68 DPT=67 LEN=556 
[   23.631730] iptables reject: IN=enp1s0f4u2 OUT= MAC=ff:ff:ff:ff:ff:ff:c4:6e:1f:43:37:39:08:00 SRC=0.0.0.0 DST=255.255.255.255 LEN=331 TOS=0x00 PREC=0x00 TTL=16 ID=0 PROTO=UDP SPT=68 DPT=67 LEN=311 
[   24.552105] iptables reject: IN=enp1s0f4u2 OUT= MAC=ff:ff:ff:ff:ff:ff:b4:2e:99:64:f9:bd:08:00 SRC=0.0.0.0 DST=255.255.255.255 LEN=576 TOS=0x00 PREC=0x00 TTL=64 ID=4414 PROTO=UDP SPT=68 DPT=67 LEN=556 
[   25.980878] iptables reject: IN=enp1s0f4u2 OUT= MAC=ff:ff:ff:ff:ff:ff:b0:be:76:66:88:11:08:00 SRC=0.0.0.0 DST=255.255.255.255 LEN=576 TOS=0x00 PREC=0x00 TTL=64 ID=23788 PROTO=UDP SPT=68 DPT=67 LEN=556 
[   26.181516] iptables reject: IN=enp1s0f4u2 OUT= MAC=ff:ff:ff:ff:ff:ff:c4:6e:1f:43:37:39:08:00 SRC=0.0.0.0 DST=255.255.255.255 LEN=331 TOS=0x00 PREC=0x00 TTL=16 ID=0 PROTO=UDP SPT=68 DPT=67 LEN=311 
[   27.552039] iptables reject: IN=enp1s0f4u2 OUT= MAC=ff:ff:ff:ff:ff:ff:b4:2e:99:64:f9:bd:08:00 SRC=0.0.0.0 DST=255.255.255.255 LEN=576 TOS=0x00 PREC=0x00 TTL=64 ID=46893 PROTO=UDP SPT=68 DPT=67 LEN=556 
[   30.139661] PPP generic driver version 2.4.2
[   30.207510] NET: Registered PF_PPPOX protocol family
[   30.552239] iptables reject: IN=enp1s0f4u2 OUT= MAC=ff:ff:ff:ff:ff:ff:b4:2e:99:64:f9:bd:08:00 SRC=0.0.0.0 DST=255.255.255.255 LEN=576 TOS=0x00 PREC=0x00 TTL=64 ID=11451 PROTO=UDP SPT=68 DPT=67 LEN=556 
[   30.981105] iptables reject: IN=enp1s0f4u2 OUT= MAC=ff:ff:ff:ff:ff:ff:b0:be:76:66:88:11:08:00 SRC=0.0.0.0 DST=255.255.255.255 LEN=576 TOS=0x00 PREC=0x00 TTL=64 ID=9513 PROTO=UDP SPT=68 DPT=67 LEN=556 
[   31.021288] iptables reject: IN=enp1s0f4u2 OUT= MAC=ff:ff:ff:ff:ff:ff:c4:6e:1f:43:37:39:08:00 SRC=0.0.0.0 DST=255.255.255.255 LEN=331 TOS=0x00 PREC=0x00 TTL=16 ID=0 PROTO=UDP SPT=68 DPT=67 LEN=311 
[   33.003676] iptables reject: IN=enp1s0f4u2 OUT= MAC=ff:ff:ff:ff:ff:ff:c4:6e:1f:43:37:39:08:00 SRC=0.0.0.0 DST=255.255.255.255 LEN=331 TOS=0x00 PREC=0x00 TTL=16 ID=0 PROTO=UDP SPT=68 DPT=67 LEN=311 
[   33.981079] iptables reject: IN=enp1s0f4u2 OUT= MAC=ff:ff:ff:ff:ff:ff:b0:be:76:66:88:11:08:00 SRC=0.0.0.0 DST=255.255.255.255 LEN=576 TOS=0x00 PREC=0x00 TTL=64 ID=2895 PROTO=UDP SPT=68 DPT=67 LEN=556 
[   35.552206] iptables reject: IN=enp1s0f4u2 OUT= MAC=ff:ff:ff:ff:ff:ff:b4:2e:99:64:f9:bd:08:00 SRC=0.0.0.0 DST=255.255.255.255 LEN=576 TOS=0x00 PREC=0x00 TTL=64 ID=51654 PROTO=UDP SPT=68 DPT=67 LEN=556 
[   37.264959] iptables reject: IN=enp1s0f4u2 OUT= MAC=ff:ff:ff:ff:ff:ff:c4:6e:1f:43:37:39:08:00 SRC=0.0.0.0 DST=255.255.255.255 LEN=331 TOS=0x00 PREC=0x00 TTL=16 ID=0 PROTO=UDP SPT=68 DPT=67 LEN=311 
[   38.552577] iptables reject: IN=enp1s0f4u2 OUT= MAC=ff:ff:ff:ff:ff:ff:b4:2e:99:64:f9:bd:08:00 SRC=0.0.0.0 DST=255.255.255.255 LEN=576 TOS=0x00 PREC=0x00 TTL=64 ID=2912 PROTO=UDP SPT=68 DPT=67 LEN=556 
[   40.368089] iptables reject: IN=enp1s0f4u2 OUT= MAC=ff:ff:ff:ff:ff:ff:c4:6e:1f:43:37:39:08:00 SRC=0.0.0.0 DST=255.255.255.255 LEN=331 TOS=0x00 PREC=0x00 TTL=16 ID=0 PROTO=UDP SPT=68 DPT=67 LEN=311 
[   41.780179] iptables reject: IN=enp1s0f4u2 OUT= MAC=ff:ff:ff:ff:ff:ff:c4:6e:1f:43:37:39:08:00 SRC=0.0.0.0 DST=255.255.255.255 LEN=331 TOS=0x00 PREC=0x00 TTL=16 ID=0 PROTO=UDP SPT=68 DPT=67 LEN=311 
[   46.935514] iptables reject: IN=enp1s0f4u2 OUT= MAC=ff:ff:ff:ff:ff:ff:c4:6e:1f:43:37:39:08:00 SRC=0.0.0.0 DST=255.255.255.255 LEN=331 TOS=0x00 PREC=0x00 TTL=16 ID=0 PROTO=UDP SPT=68 DPT=67 LEN=311 
[   47.981264] iptables reject: IN=enp1s0f4u2 OUT= MAC=ff:ff:ff:ff:ff:ff:b0:be:76:66:88:11:08:00 SRC=0.0.0.0 DST=255.255.255.255 LEN=576 TOS=0x00 PREC=0x00 TTL=64 ID=4718 PROTO=UDP SPT=68 DPT=67 LEN=556 
[   48.531311] iptables reject: IN=ppp0 OUT= MAC= SRC=172.17.3.45 DST=224.0.0.251 LEN=68 TOS=0x00 PREC=0x00 TTL=1 ID=62733 DF PROTO=UDP SPT=5353 DPT=5353 LEN=48 
[   49.501583] iptables reject: IN=ppp0 OUT= MAC= SRC=172.17.3.45 DST=224.0.0.251 LEN=68 TOS=0x00 PREC=0x00 TTL=1 ID=62923 DF PROTO=UDP SPT=5353 DPT=5353 LEN=48 
[   50.924921] iptables reject: IN=enp1s0f4u2 OUT= MAC=ff:ff:ff:ff:ff:ff:c4:6e:1f:43:37:39:08:00 SRC=0.0.0.0 DST=255.255.255.255 LEN=331 TOS=0x00 PREC=0x00 TTL=16 ID=0 PROTO=UDP SPT=68 DPT=67 LEN=311 
[   50.981576] iptables reject: IN=enp1s0f4u2 OUT= MAC=ff:ff:ff:ff:ff:ff:b0:be:76:66:88:11:08:00 SRC=0.0.0.0 DST=255.255.255.255 LEN=576 TOS=0x00 PREC=0x00 TTL=64 ID=2464 PROTO=UDP SPT=68 DPT=67 LEN=556 
[   51.502274] iptables reject: IN=ppp0 OUT= MAC= SRC=172.17.3.45 DST=224.0.0.251 LEN=68 TOS=0x00 PREC=0x00 TTL=1 ID=63513 DF PROTO=UDP SPT=5353 DPT=5353 LEN=48 
[   51.922784] iptables reject: IN=enp1s0f4u2 OUT= MAC=ff:ff:ff:ff:ff:ff:c4:6e:1f:43:37:39:08:00 SRC=0.0.0.0 DST=255.255.255.255 LEN=331 TOS=0x00 PREC=0x00 TTL=16 ID=0 PROTO=UDP SPT=68 DPT=67 LEN=311 
[   52.552727] iptables reject: IN=enp1s0f4u2 OUT= MAC=ff:ff:ff:ff:ff:ff:b4:2e:99:64:f9:bd:08:00 SRC=0.0.0.0 DST=255.255.255.255 LEN=576 TOS=0x00 PREC=0x00 TTL=64 ID=52426 PROTO=UDP SPT=68 DPT=67 LEN=556 
[   52.923853] iptables reject: IN=enp1s0f4u2 OUT= MAC=ff:ff:ff:ff:ff:ff:c4:6e:1f:43:37:39:08:00 SRC=0.0.0.0 DST=255.255.255.255 LEN=331 TOS=0x00 PREC=0x00 TTL=16 ID=0 PROTO=UDP SPT=68 DPT=67 LEN=311 
[   53.981915] iptables reject: IN=enp1s0f4u2 OUT= MAC=ff:ff:ff:ff:ff:ff:b0:be:76:66:88:11:08:00 SRC=0.0.0.0 DST=255.255.255.255 LEN=576 TOS=0x00 PREC=0x00 TTL=64 ID=41738 PROTO=UDP SPT=68 DPT=67 LEN=556 
[   55.283602] iptables reject: IN=enp1s0f4u2 OUT= MAC=ff:ff:ff:ff:ff:ff:c4:6e:1f:43:37:39:08:00 SRC=0.0.0.0 DST=255.255.255.255 LEN=331 TOS=0x00 PREC=0x00 TTL=16 ID=0 PROTO=UDP SPT=68 DPT=67 LEN=311 
[   55.552666] iptables reject: IN=enp1s0f4u2 OUT= MAC=ff:ff:ff:ff:ff:ff:b4:2e:99:64:f9:bd:08:00 SRC=0.0.0.0 DST=255.255.255.255 LEN=576 TOS=0x00 PREC=0x00 TTL=64 ID=63095 PROTO=UDP SPT=68 DPT=67 LEN=556 
[   58.552705] iptables reject: IN=enp1s0f4u2 OUT= MAC=ff:ff:ff:ff:ff:ff:b4:2e:99:64:f9:bd:08:00 SRC=0.0.0.0 DST=255.255.255.255 LEN=576 TOS=0x00 PREC=0x00 TTL=64 ID=41208 PROTO=UDP SPT=68 DPT=67 LEN=556 
[   58.981579] iptables reject: IN=enp1s0f4u2 OUT= MAC=ff:ff:ff:ff:ff:ff:b0:be:76:66:88:11:08:00 SRC=0.0.0.0 DST=255.255.255.255 LEN=576 TOS=0x00 PREC=0x00 TTL=64 ID=8410 PROTO=UDP SPT=68 DPT=67 LEN=556 
[   60.113147] iptables reject: IN=enp1s0f4u2 OUT= MAC=ff:ff:ff:ff:ff:ff:c4:6e:1f:43:37:39:08:00 SRC=0.0.0.0 DST=255.255.255.255 LEN=331 TOS=0x00 PREC=0x00 TTL=16 ID=0 PROTO=UDP SPT=68 DPT=67 LEN=311 
[   61.981920] iptables reject: IN=enp1s0f4u2 OUT= MAC=ff:ff:ff:ff:ff:ff:b0:be:76:66:88:11:08:00 SRC=0.0.0.0 DST=255.255.255.255 LEN=576 TOS=0x00 PREC=0x00 TTL=64 ID=8803 PROTO=UDP SPT=68 DPT=67 LEN=556 
[   63.552840] iptables reject: IN=enp1s0f4u2 OUT= MAC=ff:ff:ff:ff:ff:ff:b4:2e:99:64:f9:bd:08:00 SRC=0.0.0.0 DST=255.255.255.255 LEN=576 TOS=0x00 PREC=0x00 TTL=64 ID=1101 PROTO=UDP SPT=68 DPT=67 LEN=556 
[   64.297629] Bluetooth: Core ver 2.22
[   64.297666] NET: Registered PF_BLUETOOTH protocol family
[   64.297666] Bluetooth: HCI device and connection manager initialized
[   64.297669] Bluetooth: HCI socket layer initialized
[   64.297671] Bluetooth: L2CAP socket layer initialized
[   64.297673] Bluetooth: SCO socket layer initialized
[   64.402121] iptables reject: IN=enp1s0f4u2 OUT= MAC=ff:ff:ff:ff:ff:ff:70:85:c2:a8:ed:1c:08:00 SRC=0.0.0.0 DST=255.255.255.255 LEN=328 TOS=0x00 PREC=0x00 TTL=128 ID=56749 PROTO=UDP SPT=68 DPT=67 LEN=308 
[   66.552959] iptables reject: IN=enp1s0f4u2 OUT= MAC=ff:ff:ff:ff:ff:ff:b4:2e:99:64:f9:bd:08:00 SRC=0.0.0.0 DST=255.255.255.255 LEN=576 TOS=0x00 PREC=0x00 TTL=64 ID=19597 PROTO=UDP SPT=68 DPT=67 LEN=556 
[   66.774630] iptables reject: IN=enp1s0f4u2 OUT= MAC=ff:ff:ff:ff:ff:ff:c4:6e:1f:43:37:39:08:00 SRC=0.0.0.0 DST=255.255.255.255 LEN=331 TOS=0x00 PREC=0x00 TTL=16 ID=0 PROTO=UDP SPT=68 DPT=67 LEN=311 
[   67.767760] iptables reject: IN=enp1s0f4u2 OUT= MAC=ff:ff:ff:ff:ff:ff:70:85:c2:a8:ed:1c:08:00 SRC=0.0.0.0 DST=255.255.255.255 LEN=328 TOS=0x00 PREC=0x00 TTL=128 ID=56750 PROTO=UDP SPT=68 DPT=67 LEN=308 
[   69.070120] iptables reject: IN=enp1s0f4u2 OUT= MAC=ff:ff:ff:ff:ff:ff:c4:6e:1f:43:37:39:08:00 SRC=0.0.0.0 DST=255.255.255.255 LEN=331 TOS=0x00 PREC=0x00 TTL=16 ID=0 PROTO=UDP SPT=68 DPT=67 LEN=311 
[   69.719641] ucsi_acpi USBC000:00: PPM init failed (-110)
[   72.637822] iptables reject: IN=enp1s0f4u2 OUT= MAC=ff:ff:ff:ff:ff:ff:70:85:c2:a8:ed:1c:08:00 SRC=0.0.0.0 DST=255.255.255.255 LEN=328 TOS=0x00 PREC=0x00 TTL=128 ID=56751 PROTO=UDP SPT=68 DPT=67 LEN=308 
[   73.158980] iptables reject: IN=enp1s0f4u2 OUT= MAC=ff:ff:ff:ff:ff:ff:c4:6e:1f:43:37:39:08:00 SRC=0.0.0.0 DST=255.255.255.255 LEN=331 TOS=0x00 PREC=0x00 TTL=16 ID=0 PROTO=UDP SPT=68 DPT=67 LEN=311 
[   75.541635] iptables reject: IN=enp1s0f4u2 OUT= MAC=ff:ff:ff:ff:ff:ff:c4:6e:1f:43:37:39:08:00 SRC=0.0.0.0 DST=255.255.255.255 LEN=331 TOS=0x00 PREC=0x00 TTL=16 ID=0 PROTO=UDP SPT=68 DPT=67 LEN=311 
[   75.982202] iptables reject: IN=enp1s0f4u2 OUT= MAC=ff:ff:ff:ff:ff:ff:b0:be:76:66:88:11:08:00 SRC=0.0.0.0 DST=255.255.255.255 LEN=576 TOS=0x00 PREC=0x00 TTL=64 ID=53371 PROTO=UDP SPT=68 DPT=67 LEN=556 
[   78.982214] iptables reject: IN=enp1s0f4u2 OUT= MAC=ff:ff:ff:ff:ff:ff:b0:be:76:66:88:11:08:00 SRC=0.0.0.0 DST=255.255.255.255 LEN=576 TOS=0x00 PREC=0x00 TTL=64 ID=26765 PROTO=UDP SPT=68 DPT=67 LEN=556 
[   80.543408] iptables reject: IN=enp1s0f4u2 OUT= MAC=ff:ff:ff:ff:ff:ff:70:85:c2:a8:ed:1c:08:00 SRC=0.0.0.0 DST=255.255.255.255 LEN=328 TOS=0x00 PREC=0x00 TTL=128 ID=56752 PROTO=UDP SPT=68 DPT=67 LEN=308 
[   80.553535] iptables reject: IN=enp1s0f4u2 OUT= MAC=ff:ff:ff:ff:ff:ff:b4:2e:99:64:f9:bd:08:00 SRC=0.0.0.0 DST=255.255.255.255 LEN=576 TOS=0x00 PREC=0x00 TTL=64 ID=42798 PROTO=UDP SPT=68 DPT=67 LEN=556 
[   80.854758] iptables reject: IN=enp1s0f4u2 OUT= MAC=ff:ff:ff:ff:ff:ff:c4:6e:1f:43:37:39:08:00 SRC=0.0.0.0 DST=255.255.255.255 LEN=331 TOS=0x00 PREC=0x00 TTL=16 ID=0 PROTO=UDP SPT=68 DPT=67 LEN=311 
[   81.982175] iptables reject: IN=enp1s0f4u2 OUT= MAC=ff:ff:ff:ff:ff:ff:b0:be:76:66:88:11:08:00 SRC=0.0.0.0 DST=255.255.255.255 LEN=576 TOS=0x00 PREC=0x00 TTL=64 ID=6749 PROTO=UDP SPT=68 DPT=67 LEN=556 
