[    0.000000] Linux version 5.15.10-arch1-1 (linux@archlinux) (gcc (GCC) 11.1.0, GNU ld (GNU Binutils) 2.36.1) #1 SMP PREEMPT Fri, 17 Dec 2021 11:17:37 +0000
[    0.000000] Command line: BOOT_IMAGE=/boot/vmlinuz-linux root=UUID=a1e2e1f9-dbcb-484e-a242-73d5754f8d98 rw quiet resume=UUID=36238c5a-d1ff-4e5f-986a-4d302098cfd7 loglevel=3 audit=0 lsm=landlock,lockdown,yama,apparmor,bpf l1tf=full,force mds=full,nosmt mitigations=auto,nosmt nosmt=force init_on_alloc=1 init_on_free=1 randomize_kstack_offset=on slab_nomerge pti=on slub_debug=ZF slub_debug=P page_poison=1 mem_encrypt=on
[    0.000000] x86/fpu: Supporting XSAVE feature 0x001: 'x87 floating point registers'
[    0.000000] x86/fpu: Supporting XSAVE feature 0x002: 'SSE registers'
[    0.000000] x86/fpu: Supporting XSAVE feature 0x004: 'AVX registers'
[    0.000000] x86/fpu: xstate_offset[2]:  576, xstate_sizes[2]:  256
[    0.000000] x86/fpu: Enabled xstate features 0x7, context size is 832 bytes, using 'compacted' format.
[    0.000000] signal: max sigframe size: 1776
[    0.000000] SMT: Force disabled
[    0.000000] BIOS-provided physical RAM map:
[    0.000000] BIOS-e820: [mem 0x0000000000000000-0x000000000009efff] usable
[    0.000000] BIOS-e820: [mem 0x000000000009f000-0x00000000000bffff] reserved
[    0.000000] BIOS-e820: [mem 0x0000000000100000-0x0000000009afffff] usable
[    0.000000] BIOS-e820: [mem 0x0000000009b00000-0x0000000009dfffff] reserved
[    0.000000] BIOS-e820: [mem 0x0000000009e00000-0x0000000009efffff] usable
[    0.000000] BIOS-e820: [mem 0x0000000009f00000-0x0000000009f0ffff] ACPI NVS
[    0.000000] BIOS-e820: [mem 0x0000000009f10000-0x00000000bab68fff] usable
[    0.000000] BIOS-e820: [mem 0x00000000bab69000-0x00000000bbd68fff] reserved
[    0.000000] BIOS-e820: [mem 0x00000000bbd69000-0x00000000c9f7efff] usable
[    0.000000] BIOS-e820: [mem 0x00000000c9f7f000-0x00000000caf7efff] type 20
[    0.000000] BIOS-e820: [mem 0x00000000caf7f000-0x00000000ccf7efff] reserved
[    0.000000] BIOS-e820: [mem 0x00000000ccf7f000-0x00000000cdf7efff] ACPI NVS
[    0.000000] BIOS-e820: [mem 0x00000000cdf7f000-0x00000000cdffefff] ACPI data
[    0.000000] BIOS-e820: [mem 0x00000000cdfff000-0x00000000cdffffff] usable
[    0.000000] BIOS-e820: [mem 0x00000000ce000000-0x00000000ceffffff] reserved
[    0.000000] BIOS-e820: [mem 0x00000000f8000000-0x00000000fbffffff] reserved
[    0.000000] BIOS-e820: [mem 0x00000000fde00000-0x00000000fdefffff] reserved
[    0.000000] BIOS-e820: [mem 0x00000000fec00000-0x00000000fec00fff] reserved
[    0.000000] BIOS-e820: [mem 0x00000000fec10000-0x00000000fec10fff] reserved
[    0.000000] BIOS-e820: [mem 0x00000000fec20000-0x00000000fec20fff] reserved
[    0.000000] BIOS-e820: [mem 0x00000000fed80000-0x00000000fed80fff] reserved
[    0.000000] BIOS-e820: [mem 0x00000000fee00000-0x00000000fee00fff] reserved
[    0.000000] BIOS-e820: [mem 0x00000000ff000000-0x00000000fff2ffff] reserved
[    0.000000] BIOS-e820: [mem 0x0000000100000000-0x000000040f33ffff] usable
[    0.000000] BIOS-e820: [mem 0x000000040f340000-0x000000042fffffff] reserved
[    0.000000] NX (Execute Disable) protection: active
[    0.000000] efi: EFI v2.70 by INSYDE Corp.
[    0.000000] efi: ACPI=0xcdffe000 ACPI 2.0=0xcdffe014 TPMFinalLog=0xcdf2c000 SMBIOS=0xcb70c000 SMBIOS 3.0=0xcb70a000 ESRT=0xcb70d418 
[    0.000000] SMBIOS 3.2.0 present.
[    0.000000] DMI: TIMI RedmiBook 14 II/TM1951, BIOS RMARN4B0P0909 08/19/2020
[    0.000000] tsc: Fast TSC calibration using PIT
[    0.000000] tsc: Detected 2370.712 MHz processor
[    0.000544] e820: update [mem 0x00000000-0x00000fff] usable ==> reserved
[    0.000546] e820: remove [mem 0x000a0000-0x000fffff] usable
[    0.000551] last_pfn = 0x40f340 max_arch_pfn = 0x400000000
[    0.000730] x86/PAT: Configuration [0-7]: WB  WC  UC- UC  WB  WP  UC- WT  
[    0.000951] last_pfn = 0xce000 max_arch_pfn = 0x400000000
[    0.010329] esrt: Reserving ESRT space from 0x00000000cb70d418 to 0x00000000cb70d450.
[    0.010338] Kernel/User page tables isolation: force enabled on command line.
[    0.010339] Using GB pages for direct mapping
[    0.010751] Secure boot disabled
[    0.010752] RAMDISK: [mem 0x36b19000-0x37583fff]
[    0.010757] ACPI: Early table checksum verification disabled
[    0.010761] ACPI: RSDP 0x00000000CDFFE014 000024 (v02 XMCC  )
[    0.010764] ACPI: XSDT 0x00000000CDFCE188 000134 (v01 XMCC   XMCC1951 00000002      01000013)
[    0.010769] ACPI: FACP 0x00000000CDFEC000 00010C (v05 XMCC   XMCC1951 00000002      01000013)
[    0.010773] ACPI: DSDT 0x00000000CDFDF000 006545 (v01 XMCC   XMCC1951 00000002      01000013)
[    0.010776] ACPI: FACS 0x00000000CDF29000 000040
[    0.010778] ACPI: UEFI 0x00000000CDF7E000 000236 (v01 INSYDE H2O BIOS 00000001 ACPI 00040000)
[    0.010780] ACPI: SSDT 0x00000000CDFF5000 007216 (v02 AMD    AmdTable 00000002 MSFT 04000000)
[    0.010782] ACPI: IVRS 0x00000000CDFF4000 0001A4 (v02 AMD    AmdTable 00000001 AMD  00000000)
[    0.010784] ACPI: SSDT 0x00000000CDFF3000 000228 (v01 AMD    STD3     00000001 INTL 20130117)
[    0.010787] ACPI: SSDT 0x00000000CDFF2000 000D61 (v01 XMCC   XMCC1806 00003000 INTL 20130117)
[    0.010789] ACPI: SSDT 0x00000000CDFF1000 00046D (v01 Insyde TPMACPI  00001000 INTL 20130117)
[    0.010791] ACPI: TPM2 0x00000000CDFF0000 000034 (v04 XMCC   XMCC1951 00000002      01000013)
[    0.010793] ACPI: MSDM 0x00000000CDFEF000 000055 (v03 INSYDE H2O BIOS 00000001 ACPI 00040000)
[    0.010796] ACPI: ASF! 0x00000000CDFEE000 0000A5 (v32 XMCC   XMCC1951 00000002      01000013)
[    0.010798] ACPI: BOOT 0x00000000CDFED000 000028 (v01 XMCC   XMCC1951 00000002      01000013)
[    0.010800] ACPI: HPET 0x00000000CDFEB000 000038 (v01 XMCC   XMCC1951 00000002      01000013)
[    0.010802] ACPI: APIC 0x00000000CDFEA000 000138 (v03 XMCC   XMCC1951 00000002      01000013)
[    0.010804] ACPI: MCFG 0x00000000CDFE9000 00003C (v01 XMCC   XMCC1951 00000002      01000013)
[    0.010806] ACPI: SLIC 0x00000000CDFE8000 000176 (v01 XMCC   XMCC1951 00000002      01000013)
[    0.010808] ACPI: SSDT 0x00000000CDFDE000 000080 (v01 XMCC   XMCC1951 00000002      01000013)
[    0.010811] ACPI: VFCT 0x00000000CDFD0000 00D484 (v01 XMCC   XMCC1951 00000001 AMD  31504F47)
[    0.010813] ACPI: SSDT 0x00000000CDFCF000 0000F8 (v01 XMCC   PcdTabl  00001000 INTL 20130117)
[    0.010815] ACPI: SSDT 0x00000000CDFCC000 001500 (v01 AMD    AmdTable 00000001 AMD  00000001)
[    0.010817] ACPI: CRAT 0x00000000CDFFD000 000BA8 (v01 AMD    AmdTable 00000001 AMD  00000001)
[    0.010819] ACPI: CDIT 0x00000000CDFCB000 000029 (v01 AMD    AmdTable 00000001 AMD  00000001)
[    0.010821] ACPI: SSDT 0x00000000CDFCA000 00028D (v01 AMD    AmdTable 00000001 INTL 20130117)
[    0.010824] ACPI: SSDT 0x00000000CDFC9000 000C78 (v01 AMD    AmdTable 00000001 INTL 20130117)
[    0.010826] ACPI: SSDT 0x00000000CDFC7000 0010A5 (v01 AMD    AmdTable 00000001 INTL 20130117)
[    0.010828] ACPI: SSDT 0x00000000CDFC3000 0030C8 (v01 AMD    AmdTable 00000001 INTL 20130117)
[    0.010830] ACPI: FPDT 0x00000000CDFC2000 000044 (v01 XMCC   XMCC1951 00000002      01000013)
[    0.010832] ACPI: WSMT 0x00000000CDFC0000 000028 (v01 INSYDE H2O BIOS 00000001 ACPI 00040000)
[    0.010834] ACPI: SSDT 0x00000000CDFE7000 00020A (v01 AMD    AmdTable 00000001 INTL 20130117)
[    0.010836] ACPI: SSDT 0x00000000CDFE6000 0005A1 (v01 AMD    AmdTable 00000001 INTL 20130117)
[    0.010838] ACPI: SSDT 0x00000000CDFBF000 000343 (v01 AMD    AmdTable 00000001 INTL 20130117)
[    0.010840] ACPI: SSDT 0x00000000CDFBE000 00007D (v01 AMD    AmdTable 00000001 INTL 20130117)
[    0.010842] ACPI: SSDT 0x00000000CDFBD000 000822 (v01 AMD    AmdTable 00000001 INTL 20130117)
[    0.010845] ACPI: SSDT 0x00000000CDFBC000 000517 (v01 AMD    AmdTable 00000001 INTL 20130117)
[    0.010847] ACPI: BGRT 0x00000000CDFC1000 000038 (v01 INSYDE H2O BIOS 00000001 ACPI 00040000)
[    0.010848] ACPI: Reserving FACP table memory at [mem 0xcdfec000-0xcdfec10b]
[    0.010850] ACPI: Reserving DSDT table memory at [mem 0xcdfdf000-0xcdfe5544]
[    0.010850] ACPI: Reserving FACS table memory at [mem 0xcdf29000-0xcdf2903f]
[    0.010851] ACPI: Reserving UEFI table memory at [mem 0xcdf7e000-0xcdf7e235]
[    0.010852] ACPI: Reserving SSDT table memory at [mem 0xcdff5000-0xcdffc215]
[    0.010852] ACPI: Reserving IVRS table memory at [mem 0xcdff4000-0xcdff41a3]
[    0.010853] ACPI: Reserving SSDT table memory at [mem 0xcdff3000-0xcdff3227]
[    0.010854] ACPI: Reserving SSDT table memory at [mem 0xcdff2000-0xcdff2d60]
[    0.010854] ACPI: Reserving SSDT table memory at [mem 0xcdff1000-0xcdff146c]
[    0.010855] ACPI: Reserving TPM2 table memory at [mem 0xcdff0000-0xcdff0033]
[    0.010856] ACPI: Reserving MSDM table memory at [mem 0xcdfef000-0xcdfef054]
[    0.010856] ACPI: Reserving ASF! table memory at [mem 0xcdfee000-0xcdfee0a4]
[    0.010857] ACPI: Reserving BOOT table memory at [mem 0xcdfed000-0xcdfed027]
[    0.010858] ACPI: Reserving HPET table memory at [mem 0xcdfeb000-0xcdfeb037]
[    0.010858] ACPI: Reserving APIC table memory at [mem 0xcdfea000-0xcdfea137]
[    0.010859] ACPI: Reserving MCFG table memory at [mem 0xcdfe9000-0xcdfe903b]
[    0.010860] ACPI: Reserving SLIC table memory at [mem 0xcdfe8000-0xcdfe8175]
[    0.010860] ACPI: Reserving SSDT table memory at [mem 0xcdfde000-0xcdfde07f]
[    0.010861] ACPI: Reserving VFCT table memory at [mem 0xcdfd0000-0xcdfdd483]
[    0.010862] ACPI: Reserving SSDT table memory at [mem 0xcdfcf000-0xcdfcf0f7]
[    0.010863] ACPI: Reserving SSDT table memory at [mem 0xcdfcc000-0xcdfcd4ff]
[    0.010863] ACPI: Reserving CRAT table memory at [mem 0xcdffd000-0xcdffdba7]
[    0.010864] ACPI: Reserving CDIT table memory at [mem 0xcdfcb000-0xcdfcb028]
[    0.010865] ACPI: Reserving SSDT table memory at [mem 0xcdfca000-0xcdfca28c]
[    0.010865] ACPI: Reserving SSDT table memory at [mem 0xcdfc9000-0xcdfc9c77]
[    0.010866] ACPI: Reserving SSDT table memory at [mem 0xcdfc7000-0xcdfc80a4]
[    0.010867] ACPI: Reserving SSDT table memory at [mem 0xcdfc3000-0xcdfc60c7]
[    0.010867] ACPI: Reserving FPDT table memory at [mem 0xcdfc2000-0xcdfc2043]
[    0.010868] ACPI: Reserving WSMT table memory at [mem 0xcdfc0000-0xcdfc0027]
[    0.010869] ACPI: Reserving SSDT table memory at [mem 0xcdfe7000-0xcdfe7209]
[    0.010870] ACPI: Reserving SSDT table memory at [mem 0xcdfe6000-0xcdfe65a0]
[    0.010871] ACPI: Reserving SSDT table memory at [mem 0xcdfbf000-0xcdfbf342]
[    0.010871] ACPI: Reserving SSDT table memory at [mem 0xcdfbe000-0xcdfbe07c]
[    0.010872] ACPI: Reserving SSDT table memory at [mem 0xcdfbd000-0xcdfbd821]
[    0.010873] ACPI: Reserving SSDT table memory at [mem 0xcdfbc000-0xcdfbc516]
[    0.010873] ACPI: Reserving BGRT table memory at [mem 0xcdfc1000-0xcdfc1037]
[    0.010926] No NUMA configuration found
[    0.010927] Faking a node at [mem 0x0000000000000000-0x000000040f33ffff]
[    0.010930] NODE_DATA(0) allocated [mem 0x40f33c000-0x40f33ffff]
[    0.010958] Zone ranges:
[    0.010958]   DMA      [mem 0x0000000000001000-0x0000000000ffffff]
[    0.010960]   DMA32    [mem 0x0000000001000000-0x00000000ffffffff]
[    0.010961]   Normal   [mem 0x0000000100000000-0x000000040f33ffff]
[    0.010962]   Device   empty
[    0.010963] Movable zone start for each node
[    0.010963] Early memory node ranges
[    0.010964]   node   0: [mem 0x0000000000001000-0x000000000009efff]
[    0.010965]   node   0: [mem 0x0000000000100000-0x0000000009afffff]
[    0.010966]   node   0: [mem 0x0000000009e00000-0x0000000009efffff]
[    0.010966]   node   0: [mem 0x0000000009f10000-0x00000000bab68fff]
[    0.010967]   node   0: [mem 0x00000000bbd69000-0x00000000c9f7efff]
[    0.010968]   node   0: [mem 0x00000000cdfff000-0x00000000cdffffff]
[    0.010968]   node   0: [mem 0x0000000100000000-0x000000040f33ffff]
[    0.010970] Initmem setup node 0 [mem 0x0000000000001000-0x000000040f33ffff]
[    0.010973] On node 0, zone DMA: 1 pages in unavailable ranges
[    0.010989] On node 0, zone DMA: 97 pages in unavailable ranges
[    0.011119] On node 0, zone DMA32: 768 pages in unavailable ranges
[    0.016176] On node 0, zone DMA32: 16 pages in unavailable ranges
[    0.016638] On node 0, zone DMA32: 4608 pages in unavailable ranges
[    0.016790] On node 0, zone DMA32: 16512 pages in unavailable ranges
[    0.039597] On node 0, zone Normal: 8192 pages in unavailable ranges
[    0.039631] On node 0, zone Normal: 3264 pages in unavailable ranges
[    0.039781] ACPI: PM-Timer IO Port: 0x408
[    0.039789] ACPI: LAPIC_NMI (acpi_id[0x00] high edge lint[0x1])
[    0.039790] ACPI: LAPIC_NMI (acpi_id[0x01] high edge lint[0x1])
[    0.039791] ACPI: LAPIC_NMI (acpi_id[0x02] high edge lint[0x1])
[    0.039791] ACPI: LAPIC_NMI (acpi_id[0x03] high edge lint[0x1])
[    0.039792] ACPI: LAPIC_NMI (acpi_id[0x04] high edge lint[0x1])
[    0.039793] ACPI: LAPIC_NMI (acpi_id[0x05] high edge lint[0x1])
[    0.039793] ACPI: LAPIC_NMI (acpi_id[0x06] high edge lint[0x1])
[    0.039794] ACPI: LAPIC_NMI (acpi_id[0x07] high edge lint[0x1])
[    0.039794] ACPI: LAPIC_NMI (acpi_id[0x08] high edge lint[0x1])
[    0.039795] ACPI: LAPIC_NMI (acpi_id[0x09] high edge lint[0x1])
[    0.039795] ACPI: LAPIC_NMI (acpi_id[0x0a] high edge lint[0x1])
[    0.039796] ACPI: LAPIC_NMI (acpi_id[0x0b] high edge lint[0x1])
[    0.039796] ACPI: LAPIC_NMI (acpi_id[0x0c] high edge lint[0x1])
[    0.039797] ACPI: LAPIC_NMI (acpi_id[0x0d] high edge lint[0x1])
[    0.039798] ACPI: LAPIC_NMI (acpi_id[0x0e] high edge lint[0x1])
[    0.039798] ACPI: LAPIC_NMI (acpi_id[0x0f] high edge lint[0x1])
[    0.039812] IOAPIC[0]: apic_id 33, version 33, address 0xfec00000, GSI 0-23
[    0.039817] IOAPIC[1]: apic_id 34, version 33, address 0xfec01000, GSI 24-55
[    0.039818] ACPI: INT_SRC_OVR (bus 0 bus_irq 0 global_irq 2 dfl dfl)
[    0.039820] ACPI: INT_SRC_OVR (bus 0 bus_irq 9 global_irq 9 low level)
[    0.039822] ACPI: Using ACPI (MADT) for SMP configuration information
[    0.039823] ACPI: HPET id: 0x10228210 base: 0xfed00000
[    0.039832] e820: update [mem 0xb325f000-0xb3264fff] usable ==> reserved
[    0.039841] smpboot: Allowing 16 CPUs, 10 hotplug CPUs
[    0.039867] PM: hibernation: Registered nosave memory: [mem 0x00000000-0x00000fff]
[    0.039868] PM: hibernation: Registered nosave memory: [mem 0x0009f000-0x000bffff]
[    0.039869] PM: hibernation: Registered nosave memory: [mem 0x000c0000-0x000fffff]
[    0.039871] PM: hibernation: Registered nosave memory: [mem 0x09b00000-0x09dfffff]
[    0.039872] PM: hibernation: Registered nosave memory: [mem 0x09f00000-0x09f0ffff]
[    0.039874] PM: hibernation: Registered nosave memory: [mem 0xb325f000-0xb3264fff]
[    0.039875] PM: hibernation: Registered nosave memory: [mem 0xbab69000-0xbbd68fff]
[    0.039877] PM: hibernation: Registered nosave memory: [mem 0xc9f7f000-0xcaf7efff]
[    0.039877] PM: hibernation: Registered nosave memory: [mem 0xcaf7f000-0xccf7efff]
[    0.039878] PM: hibernation: Registered nosave memory: [mem 0xccf7f000-0xcdf7efff]
[    0.039878] PM: hibernation: Registered nosave memory: [mem 0xcdf7f000-0xcdffefff]
[    0.039880] PM: hibernation: Registered nosave memory: [mem 0xce000000-0xceffffff]
[    0.039880] PM: hibernation: Registered nosave memory: [mem 0xcf000000-0xf7ffffff]
[    0.039881] PM: hibernation: Registered nosave memory: [mem 0xf8000000-0xfbffffff]
[    0.039881] PM: hibernation: Registered nosave memory: [mem 0xfc000000-0xfddfffff]
[    0.039882] PM: hibernation: Registered nosave memory: [mem 0xfde00000-0xfdefffff]
[    0.039882] PM: hibernation: Registered nosave memory: [mem 0xfdf00000-0xfebfffff]
[    0.039883] PM: hibernation: Registered nosave memory: [mem 0xfec00000-0xfec00fff]
[    0.039884] PM: hibernation: Registered nosave memory: [mem 0xfec01000-0xfec0ffff]
[    0.039884] PM: hibernation: Registered nosave memory: [mem 0xfec10000-0xfec10fff]
[    0.039885] PM: hibernation: Registered nosave memory: [mem 0xfec11000-0xfec1ffff]
[    0.039885] PM: hibernation: Registered nosave memory: [mem 0xfec20000-0xfec20fff]
[    0.039886] PM: hibernation: Registered nosave memory: [mem 0xfec21000-0xfed7ffff]
[    0.039886] PM: hibernation: Registered nosave memory: [mem 0xfed80000-0xfed80fff]
[    0.039887] PM: hibernation: Registered nosave memory: [mem 0xfed81000-0xfedfffff]
[    0.039887] PM: hibernation: Registered nosave memory: [mem 0xfee00000-0xfee00fff]
[    0.039888] PM: hibernation: Registered nosave memory: [mem 0xfee01000-0xfeffffff]
[    0.039888] PM: hibernation: Registered nosave memory: [mem 0xff000000-0xfff2ffff]
[    0.039889] PM: hibernation: Registered nosave memory: [mem 0xfff30000-0xffffffff]
[    0.039890] [mem 0xcf000000-0xf7ffffff] available for PCI devices
[    0.039891] Booting paravirtualized kernel on bare hardware
[    0.039894] clocksource: refined-jiffies: mask: 0xffffffff max_cycles: 0xffffffff, max_idle_ns: 6370452778343963 ns
[    0.043605] setup_percpu: NR_CPUS:320 nr_cpumask_bits:320 nr_cpu_ids:16 nr_node_ids:1
[    0.044212] percpu: Embedded 61 pages/cpu s212992 r8192 d28672 u262144
[    0.044221] pcpu-alloc: s212992 r8192 d28672 u262144 alloc=1*2097152
[    0.044222] pcpu-alloc: [0] 00 01 02 03 04 05 06 07 [0] 08 09 10 11 12 13 14 15 
[    0.044250] Built 1 zonelists, mobility grouping on.  Total pages: 3966649
[    0.044251] Policy zone: Normal
[    0.044252] Kernel command line: BOOT_IMAGE=/boot/vmlinuz-linux root=UUID=a1e2e1f9-dbcb-484e-a242-73d5754f8d98 rw quiet resume=UUID=36238c5a-d1ff-4e5f-986a-4d302098cfd7 loglevel=3 audit=0 lsm=landlock,lockdown,yama,apparmor,bpf l1tf=full,force mds=full,nosmt mitigations=auto,nosmt nosmt=force init_on_alloc=1 init_on_free=1 randomize_kstack_offset=on slab_nomerge pti=on slub_debug=ZF slub_debug=P page_poison=1 mem_encrypt=on
[    0.044310] audit: disabled (until reboot)
[    0.044408] mem auto-init: SLAB_POISON will take precedence over init_on_alloc/init_on_free
[    0.044427] Unknown kernel command line parameters "BOOT_IMAGE=/boot/vmlinuz-linux pti=on mem_encrypt=on", will be passed to user space.
[    0.046263] Dentry cache hash table entries: 2097152 (order: 12, 16777216 bytes, linear)
[    0.047185] Inode-cache hash table entries: 1048576 (order: 11, 8388608 bytes, linear)
[    0.047242] mem auto-init: CONFIG_PAGE_POISONING is on, will take precedence over init_on_alloc and init_on_free
[    0.047482] mem auto-init: stack:byref_all(zero), heap alloc:off, heap free:off
[    1.707103] Memory: 15517472K/16119096K available (14344K kernel code, 2071K rwdata, 10792K rodata, 1860K init, 3844K bss, 601364K reserved, 0K cma-reserved)
[    1.707109] **********************************************************
[    1.707109] **   NOTICE NOTICE NOTICE NOTICE NOTICE NOTICE NOTICE   **
[    1.707110] **                                                      **
[    1.707110] ** This system shows unhashed kernel memory addresses   **
[    1.707111] ** via the console, logs, and other interfaces. This    **
[    1.707111] ** might reduce the security of your system.            **
[    1.707111] **                                                      **
[    1.707112] ** If you see this message and you are not debugging    **
[    1.707112] ** the kernel, report this immediately to your system   **
[    1.707112] ** administrator!                                       **
[    1.707113] **                                                      **
[    1.707113] **   NOTICE NOTICE NOTICE NOTICE NOTICE NOTICE NOTICE   **
[    1.707113] **********************************************************
[    1.707116] random: get_random_u64 called from __kmem_cache_create+0x2a/0x540 with crng_init=0
[    1.707270] SLUB: HWalign=64, Order=0-3, MinObjects=0, CPUs=16, Nodes=1
[    1.707285] Kernel/User page tables isolation: enabled
[    1.707307] ftrace: allocating 44295 entries in 174 pages
[    1.718920] ftrace: allocated 174 pages with 5 groups
[    1.719065] rcu: Preemptible hierarchical RCU implementation.
[    1.719065] rcu: 	RCU dyntick-idle grace-period acceleration is enabled.
[    1.719066] rcu: 	RCU restricting CPUs from NR_CPUS=320 to nr_cpu_ids=16.
[    1.719067] rcu: 	RCU priority boosting: priority 1 delay 500 ms.
[    1.719067] 	Trampoline variant of Tasks RCU enabled.
[    1.719068] 	Rude variant of Tasks RCU enabled.
[    1.719068] 	Tracing variant of Tasks RCU enabled.
[    1.719069] rcu: RCU calculated value of scheduler-enlistment delay is 30 jiffies.
[    1.719070] rcu: Adjusting geometry for rcu_fanout_leaf=16, nr_cpu_ids=16
[    1.722538] NR_IRQS: 20736, nr_irqs: 1096, preallocated irqs: 16
[    1.722796] kfence: initialized - using 2097152 bytes for 255 objects at 0xffff8be2fdc00000-0xffff8be2fde00000
[    1.722964] Console: colour dummy device 80x25
[    1.722976] printk: console [tty0] enabled
[    1.722996] ACPI: Core revision 20210730
[    1.723217] clocksource: hpet: mask: 0xffffffff max_cycles: 0xffffffff, max_idle_ns: 133484873504 ns
[    1.723235] APIC: Switch to symmetric I/O mode setup
[    1.724080] AMD-Vi: ivrs, add hid:AMDI0020, uid:\_SB.FUR0, rdevid:160
[    1.724082] AMD-Vi: ivrs, add hid:AMDI0020, uid:\_SB.FUR1, rdevid:160
[    1.724083] AMD-Vi: ivrs, add hid:AMDI0020, uid:\_SB.FUR2, rdevid:160
[    1.724084] AMD-Vi: ivrs, add hid:AMDI0020, uid:\_SB.FUR3, rdevid:160
[    1.724390] Switched APIC routing to physical flat.
[    1.725141] ..TIMER: vector=0x30 apic1=0 pin1=2 apic2=-1 pin2=-1
[    1.739908] clocksource: tsc-early: mask: 0xffffffffffffffff max_cycles: 0x222c243609d, max_idle_ns: 440795262653 ns
[    1.739915] Calibrating delay loop (skipped), value calculated using timer frequency.. 4743.98 BogoMIPS (lpj=7902373)
[    1.739918] pid_max: default: 32768 minimum: 301
[    1.766624] LSM: Security Framework initializing
[    1.766642] landlock: Up and running.
[    1.766643] Yama: becoming mindful.
[    1.766677] AppArmor: AppArmor initialized
[    1.766679] LSM support for eBPF active
[    1.766726] Mount-cache hash table entries: 32768 (order: 6, 262144 bytes, linear)
[    1.766762] Mountpoint-cache hash table entries: 32768 (order: 6, 262144 bytes, linear)
[    1.767020] x86/cpu: User Mode Instruction Prevention (UMIP) activated
[    1.767057] LVT offset 1 assigned for vector 0xf9
[    1.767117] LVT offset 2 assigned for vector 0xf4
[    1.767134] Last level iTLB entries: 4KB 1024, 2MB 1024, 4MB 512
[    1.767135] Last level dTLB entries: 4KB 2048, 2MB 2048, 4MB 1024, 1GB 0
[    1.767140] Spectre V1 : Mitigation: usercopy/swapgs barriers and __user pointer sanitization
[    1.767142] Spectre V2 : Mitigation: Full AMD retpoline
[    1.767143] Spectre V2 : Spectre v2 / SpectreRSB mitigation: Filling RSB on context switch
[    1.767143] Spectre V2 : Enabling Restricted Speculation for firmware calls
[    1.767144] Spectre V2 : mitigation: Enabling conditional Indirect Branch Prediction Barrier
[    1.767146] Speculative Store Bypass: Mitigation: Speculative Store Bypass disabled via prctl and seccomp
[    1.770534] Freeing SMP alternatives memory: 36K
[    1.880682] smpboot: CPU0: AMD Ryzen 5 4500U with Radeon Graphics (family: 0x17, model: 0x60, stepping: 0x1)
[    1.880845] Performance Events: Fam17h+ core perfctr, AMD PMU driver.
[    1.880850] ... version:                0
[    1.880851] ... bit width:              48
[    1.880852] ... generic registers:      6
[    1.880852] ... value mask:             0000ffffffffffff
[    1.880853] ... max period:             00007fffffffffff
[    1.880853] ... fixed-purpose events:   0
[    1.880854] ... event mask:             000000000000003f
[    1.880918] rcu: Hierarchical SRCU implementation.
[    1.881419] NMI watchdog: Enabled. Permanently consumes one hw-PMU counter.
[    1.881635] smp: Bringing up secondary CPUs ...
[    1.881754] x86: Booting SMP configuration:
[    1.881755] .... node  #0, CPUs:        #1  #2  #3
[    1.885655] TSC synchronization [CPU#0 -> CPU#3]:
[    1.885656] Measured 3563 cycles TSC warp between CPUs, turning off TSC clock.
[    1.885658] tsc: Marking TSC unstable due to check_tsc_sync_source failed
[    1.886712]   #4  #5
[    1.886967] smp: Brought up 1 node, 6 CPUs
[    1.886967] smpboot: Max logical packages: 3
[    1.886967] smpboot: Total of 6 processors activated (28459.89 BogoMIPS)
[    1.890492] devtmpfs: initialized
[    1.890492] x86/mm: Memory block size: 128MB
[    1.891098] ACPI: PM: Registering ACPI NVS region [mem 0x09f00000-0x09f0ffff] (65536 bytes)
[    1.891098] ACPI: PM: Registering ACPI NVS region [mem 0xccf7f000-0xcdf7efff] (16777216 bytes)
[    1.891098] clocksource: jiffies: mask: 0xffffffff max_cycles: 0xffffffff, max_idle_ns: 6370867519511994 ns
[    1.891098] futex hash table entries: 4096 (order: 6, 262144 bytes, linear)
[    1.891098] pinctrl core: initialized pinctrl subsystem
[    1.891098] PM: RTC time: 17:41:49, date: 2021-12-20
[    1.893324] NET: Registered PF_NETLINK/PF_ROUTE protocol family
[    1.893702] DMA: preallocated 2048 KiB GFP_KERNEL pool for atomic allocations
[    1.893958] DMA: preallocated 2048 KiB GFP_KERNEL|GFP_DMA pool for atomic allocations
[    1.894178] DMA: preallocated 2048 KiB GFP_KERNEL|GFP_DMA32 pool for atomic allocations
[    1.894333] thermal_sys: Registered thermal governor 'fair_share'
[    1.894334] thermal_sys: Registered thermal governor 'bang_bang'
[    1.894334] thermal_sys: Registered thermal governor 'step_wise'
[    1.894335] thermal_sys: Registered thermal governor 'user_space'
[    1.894335] thermal_sys: Registered thermal governor 'power_allocator'
[    1.894354] cpuidle: using governor ladder
[    1.894357] cpuidle: using governor menu
[    1.894383] Simple Boot Flag at 0x44 set to 0x1
[    1.894383] HugeTLB: can free 4094 vmemmap pages for hugepages-1048576kB
[    1.894383] ACPI: bus type PCI registered
[    1.894383] acpiphp: ACPI Hot Plug PCI Controller Driver version: 0.5
[    1.894383] PCI: MMCONFIG for domain 0000 [bus 00-3f] at [mem 0xf8000000-0xfbffffff] (base 0xf8000000)
[    1.894383] PCI: MMCONFIG at [mem 0xf8000000-0xfbffffff] reserved in E820
[    1.894383] PCI: Using configuration type 1 for base access
[    1.895157] Kprobes globally optimized
[    1.896627] HugeTLB: can free 6 vmemmap pages for hugepages-2048kB
[    1.896627] HugeTLB registered 1.00 GiB page size, pre-allocated 0 pages
[    1.896627] HugeTLB registered 2.00 MiB page size, pre-allocated 0 pages
[    1.900027] ACPI: Added _OSI(Module Device)
[    1.900029] ACPI: Added _OSI(Processor Device)
[    1.900029] ACPI: Added _OSI(3.0 _SCP Extensions)
[    1.900030] ACPI: Added _OSI(Processor Aggregator Device)
[    1.900031] ACPI: Added _OSI(Linux-Dell-Video)
[    1.900032] ACPI: Added _OSI(Linux-Lenovo-NV-HDMI-Audio)
[    1.900033] ACPI: Added _OSI(Linux-HPI-Hybrid-Graphics)
[    1.918243] ACPI: 18 ACPI AML tables successfully acquired and loaded
[    1.919920] ACPI: [Firmware Bug]: BIOS _OSI(Linux) query ignored
[    1.923150] ACPI: EC: EC started
[    1.923151] ACPI: EC: interrupt blocked
[    1.925254] ACPI: EC: EC_CMD/EC_SC=0x66, EC_DATA=0x62
[    1.925256] ACPI: \_SB_.PCI0.LPC0.EC0_: Boot DSDT EC used to handle transactions
[    1.925257] ACPI: Interpreter enabled
[    1.925273] ACPI: PM: (supports S0 S4 S5)
[    1.925274] ACPI: Using IOAPIC for interrupt routing
[    1.925493] PCI: Using host bridge windows from ACPI; if necessary, use "pci=nocrs" and report a bug
[    1.928730] ACPI: PM: Power Resource [P0U0]
[    1.928763] ACPI: PM: Power Resource [P3U0]
[    1.929552] ACPI: PM: Power Resource [P0U1]
[    1.929585] ACPI: PM: Power Resource [P3U1]
[    1.930358] ACPI: PM: Power Resource [P0S0]
[    1.930388] ACPI: PM: Power Resource [P3S0]
[    1.930557] ACPI: PM: Power Resource [P0S1]
[    1.930585] ACPI: PM: Power Resource [P3S1]
[    1.936672] ACPI: PCI Root Bridge [PCI0] (domain 0000 [bus 00-ff])
[    1.936678] acpi PNP0A08:00: _OSC: OS supports [ExtendedConfig ASPM ClockPM Segments MSI EDR HPX-Type3]
[    1.936923] acpi PNP0A08:00: _OSC: platform does not support [SHPCHotplug LTR DPC]
[    1.937153] acpi PNP0A08:00: _OSC: OS now controls [PCIeHotplug PME AER PCIeCapability]
[    1.937164] acpi PNP0A08:00: [Firmware Info]: MMCONFIG for domain 0000 [bus 00-3f] only partially covers this bridge
[    1.937524] PCI host bridge to bus 0000:00
[    1.937525] pci_bus 0000:00: root bus resource [io  0x0000-0x0cf7 window]
[    1.937527] pci_bus 0000:00: root bus resource [io  0x0d00-0xffff window]
[    1.937528] pci_bus 0000:00: root bus resource [mem 0x000a0000-0x000bffff window]
[    1.937529] pci_bus 0000:00: root bus resource [mem 0x000c0000-0x000c3fff window]
[    1.937531] pci_bus 0000:00: root bus resource [mem 0x000c4000-0x000c7fff window]
[    1.937532] pci_bus 0000:00: root bus resource [mem 0x000c8000-0x000cbfff window]
[    1.937533] pci_bus 0000:00: root bus resource [mem 0x000cc000-0x000cffff window]
[    1.937534] pci_bus 0000:00: root bus resource [mem 0x000d0000-0x000d3fff window]
[    1.937535] pci_bus 0000:00: root bus resource [mem 0x000d4000-0x000d7fff window]
[    1.937536] pci_bus 0000:00: root bus resource [mem 0x000d8000-0x000dbfff window]
[    1.937536] pci_bus 0000:00: root bus resource [mem 0x000dc000-0x000dffff window]
[    1.937537] pci_bus 0000:00: root bus resource [mem 0x000e0000-0x000e3fff window]
[    1.937538] pci_bus 0000:00: root bus resource [mem 0x000e4000-0x000e7fff window]
[    1.937539] pci_bus 0000:00: root bus resource [mem 0x000e8000-0x000ebfff window]
[    1.937540] pci_bus 0000:00: root bus resource [mem 0x000ec000-0x000effff window]
[    1.937541] pci_bus 0000:00: root bus resource [mem 0xd0000000-0xf7ffffff window]
[    1.937542] pci_bus 0000:00: root bus resource [mem 0xfc000000-0xfed3ffff window]
[    1.937543] pci_bus 0000:00: root bus resource [mem 0x450200000-0xfcffffffff window]
[    1.937545] pci_bus 0000:00: root bus resource [bus 00-ff]
[    1.937581] pci 0000:00:00.0: [1022:1630] type 00 class 0x060000
[    1.937698] pci 0000:00:00.2: [1022:1631] type 00 class 0x080600
[    1.937821] pci 0000:00:01.0: [1022:1632] type 00 class 0x060000
[    1.937921] pci 0000:00:02.0: [1022:1632] type 00 class 0x060000
[    1.938025] pci 0000:00:08.0: [1022:1632] type 00 class 0x060000
[    1.938147] pci 0000:00:08.1: [1022:1635] type 01 class 0x060400
[    1.938166] pci 0000:00:08.1: enabling Extended Tags
[    1.938196] pci 0000:00:08.1: PME# supported from D0 D3hot D3cold
[    1.938346] pci 0000:00:08.2: [1022:1635] type 01 class 0x060400
[    1.938365] pci 0000:00:08.2: enabling Extended Tags
[    1.938393] pci 0000:00:08.2: PME# supported from D0 D3hot D3cold
[    1.938539] pci 0000:00:14.0: [1022:790b] type 00 class 0x0c0500
[    1.938709] pci 0000:00:14.3: [1022:790e] type 00 class 0x060100
[    1.938866] pci 0000:00:18.0: [1022:1448] type 00 class 0x060000
[    1.938945] pci 0000:00:18.1: [1022:1449] type 00 class 0x060000
[    1.939019] pci 0000:00:18.2: [1022:144a] type 00 class 0x060000
[    1.939094] pci 0000:00:18.3: [1022:144b] type 00 class 0x060000
[    1.939167] pci 0000:00:18.4: [1022:144c] type 00 class 0x060000
[    1.939247] pci 0000:00:18.5: [1022:144d] type 00 class 0x060000
[    1.939321] pci 0000:00:18.6: [1022:144e] type 00 class 0x060000
[    1.939394] pci 0000:00:18.7: [1022:144f] type 00 class 0x060000
[    1.939566] pci 0000:01:00.0: [1002:1636] type 00 class 0x030000
[    1.939577] pci 0000:01:00.0: reg 0x10: [mem 0xfce0000000-0xfcefffffff 64bit pref]
[    1.939584] pci 0000:01:00.0: reg 0x18: [mem 0xfcf0000000-0xfcf01fffff 64bit pref]
[    1.939589] pci 0000:01:00.0: reg 0x20: [io  0x1000-0x10ff]
[    1.939594] pci 0000:01:00.0: reg 0x24: [mem 0xd0400000-0xd047ffff]
[    1.939602] pci 0000:01:00.0: enabling Extended Tags
[    1.939613] pci 0000:01:00.0: BAR 0: assigned to efifb
[    1.939649] pci 0000:01:00.0: PME# supported from D1 D2 D3hot D3cold
[    1.939778] pci 0000:01:00.1: [1002:1637] type 00 class 0x040300
[    1.939785] pci 0000:01:00.1: reg 0x10: [mem 0xd04c8000-0xd04cbfff]
[    1.939805] pci 0000:01:00.1: enabling Extended Tags
[    1.939832] pci 0000:01:00.1: PME# supported from D1 D2 D3hot D3cold
[    1.939938] pci 0000:01:00.2: [1022:15df] type 00 class 0x108000
[    1.939950] pci 0000:01:00.2: reg 0x18: [mem 0xd0300000-0xd03fffff]
[    1.939959] pci 0000:01:00.2: reg 0x24: [mem 0xd04cc000-0xd04cdfff]
[    1.939966] pci 0000:01:00.2: enabling Extended Tags
[    1.940087] pci 0000:01:00.3: [1022:1639] type 00 class 0x0c0330
[    1.940097] pci 0000:01:00.3: reg 0x10: [mem 0xd0100000-0xd01fffff 64bit]
[    1.940119] pci 0000:01:00.3: enabling Extended Tags
[    1.940148] pci 0000:01:00.3: PME# supported from D0 D3hot D3cold
[    1.940247] pci 0000:01:00.4: [1022:1639] type 00 class 0x0c0330
[    1.940257] pci 0000:01:00.4: reg 0x10: [mem 0xd0200000-0xd02fffff 64bit]
[    1.940279] pci 0000:01:00.4: enabling Extended Tags
[    1.940308] pci 0000:01:00.4: PME# supported from D0 D3hot D3cold
[    1.940409] pci 0000:01:00.5: [1022:15e2] type 00 class 0x048000
[    1.940416] pci 0000:01:00.5: reg 0x10: [mem 0xd0480000-0xd04bffff]
[    1.940435] pci 0000:01:00.5: enabling Extended Tags
[    1.940462] pci 0000:01:00.5: PME# supported from D0 D3hot D3cold
[    1.940556] pci 0000:01:00.6: [1022:15e3] type 00 class 0x040300
[    1.940563] pci 0000:01:00.6: reg 0x10: [mem 0xd04c0000-0xd04c7fff]
[    1.940582] pci 0000:01:00.6: enabling Extended Tags
[    1.940609] pci 0000:01:00.6: PME# supported from D0 D3hot D3cold
[    1.940699] pci 0000:00:08.1: PCI bridge to [bus 01]
[    1.940702] pci 0000:00:08.1:   bridge window [io  0x1000-0x1fff]
[    1.940703] pci 0000:00:08.1:   bridge window [mem 0xd0100000-0xd04fffff]
[    1.940706] pci 0000:00:08.1:   bridge window [mem 0xfce0000000-0xfcf01fffff 64bit pref]
[    1.940758] pci 0000:02:00.0: [1022:7901] type 00 class 0x010601
[    1.940784] pci 0000:02:00.0: reg 0x24: [mem 0xd0001000-0xd00017ff]
[    1.940792] pci 0000:02:00.0: enabling Extended Tags
[    1.940914] pci 0000:02:00.1: [1022:7901] type 00 class 0x010601
[    1.940940] pci 0000:02:00.1: reg 0x24: [mem 0xd0000000-0xd00007ff]
[    1.940948] pci 0000:02:00.1: enabling Extended Tags
[    1.941050] pci 0000:00:08.2: PCI bridge to [bus 02]
[    1.941053] pci 0000:00:08.2:   bridge window [mem 0xd0000000-0xd00fffff]
[    1.948234] ACPI: PCI: Interrupt link LNKA configured for IRQ 0
[    1.948236] ACPI: PCI: Interrupt link LNKA disabled
[    1.948330] ACPI: PCI: Interrupt link LNKB configured for IRQ 0
[    1.948331] ACPI: PCI: Interrupt link LNKB disabled
[    1.948405] ACPI: PCI: Interrupt link LNKC configured for IRQ 0
[    1.948406] ACPI: PCI: Interrupt link LNKC disabled
[    1.948499] ACPI: PCI: Interrupt link LNKD configured for IRQ 0
[    1.948500] ACPI: PCI: Interrupt link LNKD disabled
[    1.948586] ACPI: PCI: Interrupt link LNKE configured for IRQ 0
[    1.948587] ACPI: PCI: Interrupt link LNKE disabled
[    1.948656] ACPI: PCI: Interrupt link LNKF configured for IRQ 0
[    1.948657] ACPI: PCI: Interrupt link LNKF disabled
[    1.948725] ACPI: PCI: Interrupt link LNKG configured for IRQ 0
[    1.948726] ACPI: PCI: Interrupt link LNKG disabled
[    1.948795] ACPI: PCI: Interrupt link LNKH configured for IRQ 0
[    1.948795] ACPI: PCI: Interrupt link LNKH disabled
[    1.950892] ACPI: EC: interrupt unblocked
[    1.950893] ACPI: EC: event unblocked
[    1.950898] ACPI: EC: EC_CMD/EC_SC=0x66, EC_DATA=0x62
[    1.950899] ACPI: EC: GPE=0x3
[    1.950900] ACPI: \_SB_.PCI0.LPC0.EC0_: Boot DSDT EC initialization complete
[    1.950901] ACPI: \_SB_.PCI0.LPC0.EC0_: EC: Used to handle transactions and events
[    1.950928] iommu: Default domain type: Translated 
[    1.950928] iommu: DMA domain TLB invalidation policy: lazy mode 
[    1.950928] pci 0000:01:00.0: vgaarb: VGA device added: decodes=io+mem,owns=none,locks=none
[    1.950928] pci 0000:01:00.0: vgaarb: bridge control possible
[    1.950928] pci 0000:01:00.0: vgaarb: setting as boot device
[    1.950928] vgaarb: loaded
[    1.950928] SCSI subsystem initialized
[    1.950928] libata version 3.00 loaded.
[    1.950928] ACPI: bus type USB registered
[    1.950928] usbcore: registered new interface driver usbfs
[    1.950928] usbcore: registered new interface driver hub
[    1.950928] usbcore: registered new device driver usb
[    1.954544] pps_core: LinuxPPS API ver. 1 registered
[    1.954545] pps_core: Software ver. 5.3.6 - Copyright 2005-2007 Rodolfo Giometti <giometti@linux.it>
[    1.954548] PTP clock support registered
[    1.954558] EDAC MC: Ver: 3.0.0
[    1.954602] Registered efivars operations
[    1.954602] NetLabel: Initializing
[    1.954602] NetLabel:  domain hash size = 128
[    1.954602] NetLabel:  protocols = UNLABELED CIPSOv4 CALIPSO
[    1.954602] NetLabel:  unlabeled traffic allowed by default
[    1.954602] PCI: Using ACPI for IRQ routing
[    1.957110] PCI: pci_cache_line_size set to 64 bytes
[    1.957143] e820: reserve RAM buffer [mem 0x0009f000-0x0009ffff]
[    1.957146] e820: reserve RAM buffer [mem 0x09b00000-0x0bffffff]
[    1.957147] e820: reserve RAM buffer [mem 0x09f00000-0x0bffffff]
[    1.957148] e820: reserve RAM buffer [mem 0xb325f000-0xb3ffffff]
[    1.957149] e820: reserve RAM buffer [mem 0xbab69000-0xbbffffff]
[    1.957149] e820: reserve RAM buffer [mem 0xc9f7f000-0xcbffffff]
[    1.957150] e820: reserve RAM buffer [mem 0xce000000-0xcfffffff]
[    1.957151] e820: reserve RAM buffer [mem 0x40f340000-0x40fffffff]
[    1.957155] hpet0: at MMIO 0xfed00000, IRQs 2, 8, 0
[    1.957155] hpet0: 3 comparators, 32-bit 14.318180 MHz counter
[    1.959017] clocksource: Switched to clocksource hpet
[    1.967056] VFS: Disk quotas dquot_6.6.0
[    1.967074] VFS: Dquot-cache hash table entries: 512 (order 0, 4096 bytes)
[    1.967218] AppArmor: AppArmor Filesystem Enabled
[    1.967268] pnp: PnP ACPI init
[    1.967549] system 00:00: [mem 0xfec00000-0xfec01fff] could not be reserved
[    1.967553] system 00:00: [mem 0xfee00000-0xfee00fff] has been reserved
[    1.967555] system 00:00: [mem 0xfde00000-0xfdefffff] has been reserved
[    1.967802] system 00:03: [io  0x0400-0x04cf] has been reserved
[    1.967805] system 00:03: [io  0x04d0-0x04d1] has been reserved
[    1.967807] system 00:03: [io  0x04d6] has been reserved
[    1.967808] system 00:03: [io  0x0c00-0x0c01] has been reserved
[    1.967809] system 00:03: [io  0x0c14] has been reserved
[    1.967810] system 00:03: [io  0x0c50-0x0c52] has been reserved
[    1.967811] system 00:03: [io  0x0c6c] has been reserved
[    1.967812] system 00:03: [io  0x0c6f] has been reserved
[    1.967814] system 00:03: [io  0x0cd0-0x0cdb] has been reserved
[    1.967887] system 00:04: [mem 0x000e0000-0x000fffff] could not be reserved
[    1.967888] system 00:04: [mem 0xff000000-0xffffffff] could not be reserved
[    1.969797] pnp: PnP ACPI: found 5 devices
[    1.978488] clocksource: acpi_pm: mask: 0xffffff max_cycles: 0xffffff, max_idle_ns: 2085701024 ns
[    1.978651] NET: Registered PF_INET protocol family
[    1.979375] IP idents hash table entries: 262144 (order: 9, 2097152 bytes, linear)
[    1.980725] tcp_listen_portaddr_hash hash table entries: 8192 (order: 5, 131072 bytes, linear)
[    1.980851] TCP established hash table entries: 131072 (order: 8, 1048576 bytes, linear)
[    1.981083] TCP bind hash table entries: 65536 (order: 8, 1048576 bytes, linear)
[    1.981310] TCP: Hash tables configured (established 131072 bind 65536)
[    1.981490] MPTCP token hash table entries: 16384 (order: 6, 393216 bytes, linear)
[    1.981553] UDP hash table entries: 8192 (order: 6, 262144 bytes, linear)
[    1.981608] UDP-Lite hash table entries: 8192 (order: 6, 262144 bytes, linear)
[    1.981697] NET: Registered PF_UNIX/PF_LOCAL protocol family
[    1.981704] NET: Registered PF_XDP protocol family
[    1.981718] pci 0000:00:08.1: PCI bridge to [bus 01]
[    1.981722] pci 0000:00:08.1:   bridge window [io  0x1000-0x1fff]
[    1.981726] pci 0000:00:08.1:   bridge window [mem 0xd0100000-0xd04fffff]
[    1.981729] pci 0000:00:08.1:   bridge window [mem 0xfce0000000-0xfcf01fffff 64bit pref]
[    1.981732] pci 0000:00:08.2: PCI bridge to [bus 02]
[    1.981734] pci 0000:00:08.2:   bridge window [mem 0xd0000000-0xd00fffff]
[    1.981740] pci_bus 0000:00: resource 4 [io  0x0000-0x0cf7 window]
[    1.981741] pci_bus 0000:00: resource 5 [io  0x0d00-0xffff window]
[    1.981742] pci_bus 0000:00: resource 6 [mem 0x000a0000-0x000bffff window]
[    1.981744] pci_bus 0000:00: resource 7 [mem 0x000c0000-0x000c3fff window]
[    1.981745] pci_bus 0000:00: resource 8 [mem 0x000c4000-0x000c7fff window]
[    1.981746] pci_bus 0000:00: resource 9 [mem 0x000c8000-0x000cbfff window]
[    1.981746] pci_bus 0000:00: resource 10 [mem 0x000cc000-0x000cffff window]
[    1.981747] pci_bus 0000:00: resource 11 [mem 0x000d0000-0x000d3fff window]
[    1.981748] pci_bus 0000:00: resource 12 [mem 0x000d4000-0x000d7fff window]
[    1.981749] pci_bus 0000:00: resource 13 [mem 0x000d8000-0x000dbfff window]
[    1.981750] pci_bus 0000:00: resource 14 [mem 0x000dc000-0x000dffff window]
[    1.981751] pci_bus 0000:00: resource 15 [mem 0x000e0000-0x000e3fff window]
[    1.981752] pci_bus 0000:00: resource 16 [mem 0x000e4000-0x000e7fff window]
[    1.981753] pci_bus 0000:00: resource 17 [mem 0x000e8000-0x000ebfff window]
[    1.981754] pci_bus 0000:00: resource 18 [mem 0x000ec000-0x000effff window]
[    1.981755] pci_bus 0000:00: resource 19 [mem 0xd0000000-0xf7ffffff window]
[    1.981756] pci_bus 0000:00: resource 20 [mem 0xfc000000-0xfed3ffff window]
[    1.981757] pci_bus 0000:00: resource 21 [mem 0x450200000-0xfcffffffff window]
[    1.981758] pci_bus 0000:01: resource 0 [io  0x1000-0x1fff]
[    1.981759] pci_bus 0000:01: resource 1 [mem 0xd0100000-0xd04fffff]
[    1.981760] pci_bus 0000:01: resource 2 [mem 0xfce0000000-0xfcf01fffff 64bit pref]
[    1.981761] pci_bus 0000:02: resource 1 [mem 0xd0000000-0xd00fffff]
[    1.981914] pci 0000:01:00.1: D0 power state depends on 0000:01:00.0
[    1.981950] pci 0000:01:00.3: extending delay after power-on from D3hot to 20 msec
[    1.983360] pci 0000:01:00.4: extending delay after power-on from D3hot to 20 msec
[    2.122207] pci 0000:01:00.4: quirk_usb_early_handoff+0x0/0x750 took 135589 usecs
[    2.122221] PCI: CLS 64 bytes, default 64
[    2.122234] pci 0000:00:00.2: AMD-Vi: IOMMU performance counters supported
[    2.122295] Trying to unpack rootfs image as initramfs...
[    2.122297] pci 0000:00:00.2: can't derive routing for PCI INT A
[    2.122298] pci 0000:00:00.2: PCI INT A: not connected
[    2.122316] pci 0000:00:01.0: Adding to iommu group 0
[    2.122332] pci 0000:00:02.0: Adding to iommu group 1
[    2.122348] pci 0000:00:08.0: Adding to iommu group 2
[    2.122355] pci 0000:00:08.1: Adding to iommu group 2
[    2.122362] pci 0000:00:08.2: Adding to iommu group 2
[    2.122376] pci 0000:00:14.0: Adding to iommu group 3
[    2.122385] pci 0000:00:14.3: Adding to iommu group 3
[    2.122409] pci 0000:00:18.0: Adding to iommu group 4
[    2.122416] pci 0000:00:18.1: Adding to iommu group 4
[    2.122423] pci 0000:00:18.2: Adding to iommu group 4
[    2.122431] pci 0000:00:18.3: Adding to iommu group 4
[    2.122438] pci 0000:00:18.4: Adding to iommu group 4
[    2.122445] pci 0000:00:18.5: Adding to iommu group 4
[    2.122454] pci 0000:00:18.6: Adding to iommu group 4
[    2.122462] pci 0000:00:18.7: Adding to iommu group 4
[    2.122475] pci 0000:01:00.0: Adding to iommu group 2
[    2.122479] pci 0000:01:00.1: Adding to iommu group 2
[    2.122484] pci 0000:01:00.2: Adding to iommu group 2
[    2.122489] pci 0000:01:00.3: Adding to iommu group 2
[    2.122493] pci 0000:01:00.4: Adding to iommu group 2
[    2.122500] pci 0000:01:00.5: Adding to iommu group 2
[    2.122505] pci 0000:01:00.6: Adding to iommu group 2
[    2.122510] pci 0000:02:00.0: Adding to iommu group 2
[    2.122514] pci 0000:02:00.1: Adding to iommu group 2
[    2.124050] pci 0000:00:00.2: AMD-Vi: Found IOMMU cap 0x40
[    2.124055] AMD-Vi: Extended features (0x206d73ef22254ade): PPR X2APIC NX GT IA GA PC GA_vAPIC
[    2.124061] AMD-Vi: Interrupt remapping enabled
[    2.124061] AMD-Vi: Virtual APIC enabled
[    2.124062] AMD-Vi: X2APIC enabled
[    2.124306] software IO TLB: tearing down default memory pool
[    2.132268] LVT offset 0 assigned for vector 0x400
[    2.132642] perf: AMD IBS detected (0x000003ff)
[    2.132648] perf/amd_iommu: Detected AMD IOMMU #0 (2 banks, 4 counters/bank).
[    2.134815] Initialise system trusted keyrings
[    2.134829] Key type blacklist registered
[    2.134964] workingset: timestamp_bits=41 max_order=22 bucket_order=0
[    2.136476] zbud: loaded
[    2.139593] Key type asymmetric registered
[    2.139595] Asymmetric key parser 'x509' registered
[    2.139627] Block layer SCSI generic (bsg) driver version 0.4 loaded (major 242)
[    2.139750] io scheduler mq-deadline registered
[    2.139751] io scheduler kyber registered
[    2.139783] io scheduler bfq registered
[    2.140326] pcieport 0000:00:08.1: PME: Signaling with IRQ 26
[    2.140541] pcieport 0000:00:08.2: PME: Signaling with IRQ 27
[    2.140624] shpchp: Standard Hot Plug PCI Controller Driver version: 0.4
[    2.141776] ACPI: AC: AC Adapter [ACAD] (on-line)
[    2.141815] input: Power Button as /devices/LNXSYSTM:00/LNXSYBUS:00/PNP0C0C:00/input/input0
[    2.141833] ACPI: button: Power Button [PWRB]
[    2.141861] input: Lid Switch as /devices/LNXSYSTM:00/LNXSYBUS:00/PNP0A08:00/device:2a/PNP0C09:00/PNP0C0D:00/input/input1
[    2.141875] ACPI: button: Lid Switch [LID0]
[    2.141913] Monitor-Mwait will be used to enter C-1 state
[    2.141923] ACPI: \_SB_.PLTF.C000: Found 3 idle states
[    2.141929] ACPI: FW issue: working around C-state latencies out of order
[    2.142130] ACPI: \_SB_.PLTF.C001: Found 3 idle states
[    2.142136] ACPI: FW issue: working around C-state latencies out of order
[    2.142237] ACPI: \_SB_.PLTF.C002: Found 3 idle states
[    2.142242] ACPI: FW issue: working around C-state latencies out of order
[    2.142347] ACPI: \_SB_.PLTF.C003: Found 3 idle states
[    2.142352] ACPI: FW issue: working around C-state latencies out of order
[    2.142568] ACPI: \_SB_.PLTF.C004: Found 3 idle states
[    2.142572] ACPI: FW issue: working around C-state latencies out of order
[    2.142763] ACPI: \_SB_.PLTF.C005: Found 3 idle states
[    2.142767] ACPI: FW issue: working around C-state latencies out of order
[    2.144768] thermal LNXTHERM:00: registered as thermal_zone0
[    2.144772] ACPI: thermal: Thermal Zone [TZ0] (49 C)
[    2.145061] Serial: 8250/16550 driver, 32 ports, IRQ sharing enabled
[    2.147603] Non-volatile memory driver v1.3
[    2.147605] Linux agpgart interface v0.103
[    2.147684] AMD-Vi: AMD IOMMUv2 loaded and initialized
[    2.148702] ahci 0000:02:00.0: version 3.0
[    2.148935] ahci 0000:02:00.0: AHCI 0001.0301 32 slots 1 ports 6 Gbps 0x1 impl SATA mode
[    2.148937] ahci 0000:02:00.0: flags: 64bit ncq sntf ilck pm led clo only pmp fbs pio slum part 
[    2.149120] scsi host0: ahci
[    2.149181] ata1: SATA max UDMA/133 abar m2048@0xd0001000 port 0xd0001100 irq 29
[    2.149303] ahci 0000:02:00.1: AHCI 0001.0301 32 slots 1 ports 6 Gbps 0x1 impl SATA mode
[    2.149305] ahci 0000:02:00.1: flags: 64bit ncq sntf ilck pm led clo only pmp fbs pio slum part deso sadm sds 
[    2.149494] scsi host1: ahci
[    2.149535] ata2: SATA max UDMA/133 abar m2048@0xd0000000 port 0xd0000100 irq 31
[    2.149563] ehci_hcd: USB 2.0 'Enhanced' Host Controller (EHCI) Driver
[    2.149571] ehci-pci: EHCI PCI platform driver
[    2.149581] ohci_hcd: USB 1.1 'Open' Host Controller (OHCI) Driver
[    2.149583] ohci-pci: OHCI PCI platform driver
[    2.149588] uhci_hcd: USB Universal Host Controller Interface driver
[    2.149636] usbcore: registered new interface driver usbserial_generic
[    2.149641] usbserial: USB Serial support registered for generic
[    2.149727] rtc_cmos 00:01: RTC can wake from S4
[    2.149954] rtc_cmos 00:01: registered as rtc0
[    2.150001] rtc_cmos 00:01: setting system clock to 2021-12-20T17:41:49 UTC (1640022109)
[    2.150023] rtc_cmos 00:01: alarms up to one month, 114 bytes nvram, hpet irqs
[    2.150192] ledtrig-cpu: registered to indicate activity on CPUs
[    2.150421] efifb: probing for efifb
[    2.150432] efifb: framebuffer at 0xfce0000000, using 8128k, total 8128k
[    2.150433] efifb: mode is 1920x1080x32, linelength=7680, pages=1
[    2.150434] efifb: scrolling: redraw
[    2.150434] efifb: Truecolor: size=8:8:8:8, shift=24:16:8:0
[    2.150472] fbcon: Deferring console take-over
[    2.150473] fb0: EFI VGA frame buffer device
[    2.150505] hid: raw HID events driver (C) Jiri Kosina
[    2.150593] drop_monitor: Initializing network drop monitor service
[    2.150641] Initializing XFRM netlink socket
[    2.150741] NET: Registered PF_INET6 protocol family
[    2.164087] ACPI: battery: Slot [BATT] (battery present)
[    2.464039] ata1: SATA link down (SStatus 0 SControl 300)
[    2.510164] Freeing initrd memory: 10668K
[    2.516980] Segment Routing with IPv6
[    2.516983] RPL Segment Routing with IPv6
[    2.517000] In-situ OAM (IOAM) with IPv6
[    2.517025] NET: Registered PF_PACKET protocol family
[    2.518599] microcode: CPU0: patch_level=0x08600106
[    2.518625] microcode: CPU1: patch_level=0x08600106
[    2.518630] microcode: CPU2: patch_level=0x08600106
[    2.518655] microcode: CPU3: patch_level=0x08600106
[    2.518682] microcode: CPU4: patch_level=0x08600106
[    2.518714] microcode: CPU5: patch_level=0x08600106
[    2.518722] microcode: Microcode Update Driver: v2.2.
[    2.519130] resctrl: L3 allocation detected
[    2.519134] resctrl: MB allocation detected
[    2.519135] resctrl: L3 monitoring detected
[    2.519140] IPI shorthand broadcast: enabled
[    2.519428] registered taskstats version 1
[    2.519760] Loading compiled-in X.509 certificates
[    2.522618] Loaded X.509 cert 'Build time autogenerated kernel key: 655dcbaf4b3bf6119bc7288d5f70e33673dbe3a0'
[    2.524226] zswap: loaded using pool lz4/z3fold
[    2.525171] Key type ._fscrypt registered
[    2.525174] Key type .fscrypt registered
[    2.525175] Key type fscrypt-provisioning registered
[    2.525243] AppArmor: AppArmor sha1 policy hashing enabled
[    2.525616] PM:   Magic number: 1:477:694
[    2.525909] RAS: Correctable Errors collector initialized.
[    2.620243] ata2: SATA link up 6.0 Gbps (SStatus 133 SControl 300)
[    2.623101] ata2.00: ATA-11: SAMSUNG MZNLH512HALU-00000, RVT2200Q, max UDMA/133
[    2.624216] ata2.00: 1000215216 sectors, multi 16: LBA48 NCQ (depth 32), AA
[    2.626392] ata2.00: Features: Dev-Sleep NCQ-sndrcv
[    2.629982] ata2.00: configured for UDMA/133
[    2.630150] ata2.00: failed to enable DEVSLP
[    2.630159] ata2.00: failed to enable DIPM, Emask 0x40
[    8.220177] ata2: SATA link up 6.0 Gbps (SStatus 133 SControl 300)
[    8.228202] ata2.00: configured for UDMA/133
[    8.228900] scsi 1:0:0:0: Direct-Access     ATA      SAMSUNG MZNLH512 200Q PQ: 0 ANSI: 5
[    8.229241] sd 1:0:0:0: [sda] 1000215216 512-byte logical blocks: (512 GB/477 GiB)
[    8.229253] sd 1:0:0:0: [sda] Write Protect is off
[    8.229254] sd 1:0:0:0: [sda] Mode Sense: 00 3a 00 00
[    8.229267] sd 1:0:0:0: [sda] Write cache: enabled, read cache: enabled, doesn't support DPO or FUA
[    8.257051]  sda: sda1 sda2 sda3
[    8.270342] sd 1:0:0:0: [sda] Attached SCSI disk
[    8.270505] Unstable clock detected, switching default tracing clock to "global"
               If you want to keep using the local clock, then add:
                 "trace_clock=local"
               on the kernel command line
[    8.273039] Freeing unused decrypted memory: 2036K
[    8.273469] Freeing unused kernel image (initmem) memory: 1860K
[    8.296842] Write protecting the kernel read-only data: 28672k
[    8.297837] Freeing unused kernel image (text/rodata gap) memory: 2036K
[    8.298393] Freeing unused kernel image (rodata/data gap) memory: 1496K
[    8.323870] x86/mm: Checked W+X mappings: passed, no W+X pages found.
[    8.323879] rodata_test: all tests were successful
[    8.323881] x86/mm: Checking user space page tables
[    8.348268] x86/mm: Checked W+X mappings: passed, no W+X pages found.
[    8.348294] Run /init as init process
[    8.348296]   with arguments:
[    8.348297]     /init
[    8.348298]   with environment:
[    8.348299]     HOME=/
[    8.348299]     TERM=linux
[    8.348300]     BOOT_IMAGE=/boot/vmlinuz-linux
[    8.348300]     pti=on
[    8.348301]     mem_encrypt=on
[    8.374650] fbcon: Taking over console
[    8.374730] Console: switching to colour frame buffer device 240x67
[    8.479275] xhci_hcd 0000:01:00.3: xHCI Host Controller
[    8.479282] xhci_hcd 0000:01:00.3: new USB bus registered, assigned bus number 1
[    8.479388] xhci_hcd 0000:01:00.3: hcc params 0x0268ffe5 hci version 0x110 quirks 0x0000020000000410
[    8.479750] i8042: PNP: PS/2 Controller [PNP0303:KBC0] at 0x60,0x64 irq 1
[    8.479754] i8042: PNP: PS/2 appears to have AUX port disabled, if this is incorrect please boot with i8042.nopnp
[    8.481498] serio: i8042 KBD port at 0x60,0x64 irq 1
[    8.482458] usb usb1: New USB device found, idVendor=1d6b, idProduct=0002, bcdDevice= 5.15
[    8.482461] usb usb1: New USB device strings: Mfr=3, Product=2, SerialNumber=1
[    8.482463] usb usb1: Product: xHCI Host Controller
[    8.482464] usb usb1: Manufacturer: Linux 5.15.10-arch1-1 xhci-hcd
[    8.482465] usb usb1: SerialNumber: 0000:01:00.3
[    8.482647] hub 1-0:1.0: USB hub found
[    8.482657] hub 1-0:1.0: 4 ports detected
[    8.482987] xhci_hcd 0000:01:00.3: xHCI Host Controller
[    8.482990] xhci_hcd 0000:01:00.3: new USB bus registered, assigned bus number 2
[    8.482994] xhci_hcd 0000:01:00.3: Host supports USB 3.1 Enhanced SuperSpeed
[    8.483013] usb usb2: We don't know the algorithms for LPM for this host, disabling LPM.
[    8.483037] usb usb2: New USB device found, idVendor=1d6b, idProduct=0003, bcdDevice= 5.15
[    8.483039] usb usb2: New USB device strings: Mfr=3, Product=2, SerialNumber=1
[    8.483040] usb usb2: Product: xHCI Host Controller
[    8.483041] usb usb2: Manufacturer: Linux 5.15.10-arch1-1 xhci-hcd
[    8.483042] usb usb2: SerialNumber: 0000:01:00.3
[    8.483140] hub 2-0:1.0: USB hub found
[    8.483147] hub 2-0:1.0: 2 ports detected
[    8.483440] xhci_hcd 0000:01:00.4: xHCI Host Controller
[    8.483444] xhci_hcd 0000:01:00.4: new USB bus registered, assigned bus number 3
[    8.483538] xhci_hcd 0000:01:00.4: hcc params 0x0268ffe5 hci version 0x110 quirks 0x0000020000000410
[    8.483875] usb usb3: New USB device found, idVendor=1d6b, idProduct=0002, bcdDevice= 5.15
[    8.483876] usb usb3: New USB device strings: Mfr=3, Product=2, SerialNumber=1
[    8.483877] usb usb3: Product: xHCI Host Controller
[    8.483878] usb usb3: Manufacturer: Linux 5.15.10-arch1-1 xhci-hcd
[    8.483879] usb usb3: SerialNumber: 0000:01:00.4
[    8.484002] hub 3-0:1.0: USB hub found
[    8.484010] hub 3-0:1.0: 4 ports detected
[    8.484439] xhci_hcd 0000:01:00.4: xHCI Host Controller
[    8.484445] xhci_hcd 0000:01:00.4: new USB bus registered, assigned bus number 4
[    8.484448] xhci_hcd 0000:01:00.4: Host supports USB 3.1 Enhanced SuperSpeed
[    8.484465] usb usb4: We don't know the algorithms for LPM for this host, disabling LPM.
[    8.484487] usb usb4: New USB device found, idVendor=1d6b, idProduct=0003, bcdDevice= 5.15
[    8.484488] usb usb4: New USB device strings: Mfr=3, Product=2, SerialNumber=1
[    8.484489] usb usb4: Product: xHCI Host Controller
[    8.484490] usb usb4: Manufacturer: Linux 5.15.10-arch1-1 xhci-hcd
[    8.484491] usb usb4: SerialNumber: 0000:01:00.4
[    8.484671] hub 4-0:1.0: USB hub found
[    8.484679] hub 4-0:1.0: 2 ports detected
[    8.487437] random: fast init done
[    8.502612] input: AT Translated Set 2 keyboard as /devices/platform/i8042/serio0/input/input2
[    8.519070] PM: Image not found (code -22)
[    8.604829] EXT4-fs (sda2): mounted filesystem with ordered data mode. Opts: (null). Quota mode: none.
[    8.733279] systemd[1]: systemd 249.7-2-arch running in system mode (+PAM +AUDIT -SELINUX -APPARMOR -IMA +SMACK +SECCOMP +GCRYPT +GNUTLS +OPENSSL +ACL +BLKID +CURL +ELFUTILS +FIDO2 +IDN2 -IDN +IPTC +KMOD +LIBCRYPTSETUP +LIBFDISK +PCRE2 -PWQUALITY +P11KIT -QRENCODE +BZIP2 +LZ4 +XZ +ZLIB +ZSTD +XKBCOMMON +UTMP -SYSVINIT default-hierarchy=unified)
[    8.740182] usb 3-1: new high-speed USB device number 2 using xhci_hcd
[    8.750513] systemd[1]: Detected architecture x86-64.
[    8.751246] systemd[1]: Hostname set to <mksredmibook14ii>.
[    8.806776] random: lvmconfig: uninitialized urandom read (4 bytes read)
[    8.868309] systemd[1]: Queued start job for default target Graphical Interface.
[    8.869788] systemd[1]: Created slice Slice /system/getty.
[    8.870120] systemd[1]: Created slice Slice /system/modprobe.
[    8.870421] systemd[1]: Created slice Slice /system/systemd-fsck.
[    8.870603] systemd[1]: Created slice User and Session Slice.
[    8.870682] systemd[1]: Started Dispatch Password Requests to Console Directory Watch.
[    8.870743] systemd[1]: Started Forward Password Requests to Wall Directory Watch.
[    8.870912] systemd[1]: Set up automount Arbitrary Executable File Formats File System Automount Point.
[    8.870971] systemd[1]: Reached target Local Encrypted Volumes.
[    8.870997] systemd[1]: Reached target Login Prompts.
[    8.871031] systemd[1]: Reached target Path Units.
[    8.871053] systemd[1]: Reached target Remote File Systems.
[    8.871075] systemd[1]: Reached target Slice Units.
[    8.871108] systemd[1]: Reached target Local Verity Protected Volumes.
[    8.871179] systemd[1]: Listening on Device-mapper event daemon FIFOs.
[    8.871459] systemd[1]: Listening on LVM2 poll daemon socket.
[    8.872336] systemd[1]: Listening on Process Core Dump Socket.
[    8.875961] systemd[1]: Condition check resulted in Journal Audit Socket being skipped.
[    8.877120] systemd[1]: Listening on Journal Socket (/dev/log).
[    8.877265] systemd[1]: Listening on Journal Socket.
[    8.878284] systemd[1]: Listening on udev Control Socket.
[    8.878380] systemd[1]: Listening on udev Kernel Socket.
[    8.879227] systemd[1]: Mounting Huge Pages File System...
[    8.880166] systemd[1]: Mounting POSIX Message Queue File System...
[    8.881090] systemd[1]: Mounting Kernel Debug File System...
[    8.881795] systemd[1]: Mounting Kernel Trace File System...
[    8.881855] usb 3-1: New USB device found, idVendor=1a40, idProduct=0801, bcdDevice= 1.00
[    8.881862] usb 3-1: New USB device strings: Mfr=0, Product=1, SerialNumber=0
[    8.881865] usb 3-1: Product: USB 2.0 Hub
[    8.882993] systemd[1]: Starting Create List of Static Device Nodes...
[    8.883807] systemd[1]: Starting Monitoring of LVM2 mirrors, snapshots etc. using dmeventd or progress polling...
[    8.884736] systemd[1]: Starting Load Kernel Module configfs...
[    8.885592] systemd[1]: Starting Load Kernel Module drm...
[    8.886343] systemd[1]: Starting Load Kernel Module fuse...
[    8.886499] random: lvm: uninitialized urandom read (4 bytes read)
[    8.886900] systemd[1]: Condition check resulted in Set Up Additional Binary Formats being skipped.
[    8.886952] systemd[1]: Condition check resulted in File System Check on Root Device being skipped.
[    8.888769] systemd[1]: Starting Journal Service...
[    8.890306] systemd[1]: Starting Load Kernel Modules...
[    8.891016] systemd[1]: Starting Remount Root and Kernel File Systems...
[    8.891085] systemd[1]: Condition check resulted in Repartition Root Disk being skipped.
[    8.891803] systemd[1]: Starting Coldplug All udev Devices...
[    8.893193] systemd[1]: Mounted Huge Pages File System.
[    8.893322] systemd[1]: Mounted POSIX Message Queue File System.
[    8.893499] systemd[1]: Mounted Kernel Debug File System.
[    8.893602] systemd[1]: Mounted Kernel Trace File System.
[    8.893941] systemd[1]: Finished Create List of Static Device Nodes.
[    8.895513] fuse: init (API version 7.34)
[    8.895696] systemd[1]: modprobe@configfs.service: Deactivated successfully.
[    8.895955] systemd[1]: Finished Load Kernel Module configfs.
[    8.895969] EXT4-fs (sda2): re-mounted. Opts: (null). Quota mode: none.
[    8.896787] systemd[1]: modprobe@drm.service: Deactivated successfully.
[    8.897067] systemd[1]: Finished Load Kernel Module drm.
[    8.897346] systemd[1]: modprobe@fuse.service: Deactivated successfully.
[    8.897654] systemd[1]: Finished Load Kernel Module fuse.
[    8.898027] systemd[1]: Finished Remount Root and Kernel File Systems.
[    8.899057] systemd[1]: Mounting FUSE Control File System...
[    8.899994] systemd[1]: Mounting Kernel Configuration File System...
[    8.900090] systemd[1]: Condition check resulted in First Boot Wizard being skipped.
[    8.902080] systemd[1]: Condition check resulted in Rebuild Hardware Database being skipped.
[    8.902523] vboxdrv: loading out-of-tree module taints kernel.
[    8.902734] vboxdrv: module verification failed: signature and/or required key missing - tainting kernel
[    8.903066] systemd[1]: Starting Load/Save Random Seed...
[    8.904229] systemd[1]: Starting Create System Users...
[    8.904921] systemd[1]: Mounted FUSE Control File System.
[    8.905579] vboxdrv: Found 6 processor cores
[    8.905708] systemd[1]: Mounted Kernel Configuration File System.
[    8.911952] systemd[1]: Finished Monitoring of LVM2 mirrors, snapshots etc. using dmeventd or progress polling.
[    8.922060] systemd[1]: Finished Create System Users.
[    8.922999] systemd[1]: Starting Create Static Device Nodes in /dev...
[    8.930287] vboxdrv: TSC mode is Invariant, tentative frequency 2370610313 Hz
[    8.930293] vboxdrv: Successfully loaded version 6.1.30 r148432 (interface 0x00320000)
[    8.932274] VBoxNetAdp: Successfully started.
[    8.932685] hub 3-1:1.0: USB hub found
[    8.932966] hub 3-1:1.0: 4 ports detected
[    8.933895] VBoxNetFlt: Successfully started.
[    8.935167] systemd[1]: Finished Load Kernel Modules.
[    8.936257] systemd[1]: Starting Apply Kernel Variables...
[    8.943918] systemd[1]: Finished Apply Kernel Variables.
[    8.944871] systemd[1]: Started Journal Service.
[    8.949333] systemd-journald[243]: Received client request to flush runtime journal.
[    9.003391] usb 4-1: new SuperSpeed USB device number 2 using xhci_hcd
[    9.027055] usb 4-1: New USB device found, idVendor=05e3, idProduct=0626, bcdDevice= 6.63
[    9.027062] usb 4-1: New USB device strings: Mfr=1, Product=2, SerialNumber=0
[    9.027063] usb 4-1: Product: USB3.1 Hub
[    9.027064] usb 4-1: Manufacturer: GenesysLogic
[    9.045428] hub 4-1:1.0: USB hub found
[    9.046216] hub 4-1:1.0: 4 ports detected
[    9.055744] acpi_cpufreq: overriding BIOS provided _PSD data
[    9.083962] ACPI: video: Video Device [VGA] (multi-head: yes  rom: no  post: no)
[    9.085799] acpi device:0e: registered as cooling_device6
[    9.085863] input: Video Bus as /devices/LNXSYSTM:00/LNXSYBUS:00/PNP0A08:00/device:0d/LNXVIDEO:00/input/input3
[    9.097506] acpi PNP0C14:01: duplicate WMI GUID 05901221-D566-11D1-B2F0-00A0C9062910 (first instance was on PNP0C14:00)
[    9.139565] ccp 0000:01:00.2: enabling device (0000 -> 0002)
[    9.140504] ccp 0000:01:00.2: ccp: unable to access the device: you might be running a broken BIOS.
[    9.143224] snd_rn_pci_acp3x 0000:01:00.5: enabling device (0000 -> 0002)
[    9.150657] ccp 0000:01:00.2: tee enabled
[    9.150663] ccp 0000:01:00.2: psp enabled
[    9.207723] Adding 17309968k swap on /dev/sda3.  Priority:-2 extents:1 across:17309968k SSFS
[    9.217213] piix4_smbus 0000:00:14.0: SMBus Host Controller at 0xb00, revision 0
[    9.217218] piix4_smbus 0000:00:14.0: Using register 0x02 for SMBus port selection
[    9.217296] piix4_smbus 0000:00:14.0: Auxiliary SMBus Host Controller at 0xb20
[    9.223298] sp5100_tco: SP5100/SB800 TCO WatchDog Timer Driver
[    9.223423] sp5100-tco sp5100-tco: Using 0xfeb00000 for watchdog MMIO address
[    9.223533] sp5100-tco sp5100-tco: initialized. heartbeat=60 sec (nowayout=0)
[    9.233305] usb 3-1.1: new full-speed USB device number 3 using xhci_hcd
[    9.251319] input: GXT7863:00 27C6:01E0 Mouse as /devices/platform/AMDI0010:03/i2c-0/i2c-GXT7863:00/0018:27C6:01E0.0001/input/input4
[    9.251409] input: GXT7863:00 27C6:01E0 Touchpad as /devices/platform/AMDI0010:03/i2c-0/i2c-GXT7863:00/0018:27C6:01E0.0001/input/input5
[    9.251477] hid-generic 0018:27C6:01E0.0001: input,hidraw0: I2C HID v1.00 Mouse [GXT7863:00 27C6:01E0] on i2c-GXT7863:00
[    9.343213] random: dbus-daemon: uninitialized urandom read (12 bytes read)
[    9.351295] snd_hda_intel 0000:01:00.1: enabling device (0000 -> 0002)
[    9.351398] snd_hda_intel 0000:01:00.1: Handle vga_switcheroo audio client
[    9.352590] snd_hda_intel 0000:01:00.6: enabling device (0000 -> 0002)
[    9.354737] [drm] amdgpu kernel modesetting enabled.
[    9.378486] usb 3-1.1: not running at top speed; connect to a high speed hub
[    9.378911] input: HD-Audio Generic HDMI/DP,pcm=3 as /devices/pci0000:00/0000:00:08.1/0000:01:00.1/sound/card0/input7
[    9.378969] input: HD-Audio Generic HDMI/DP,pcm=7 as /devices/pci0000:00/0000:00:08.1/0000:01:00.1/sound/card0/input8
[    9.385602] amdgpu: Virtual CRAT table created for CPU
[    9.385632] amdgpu: Topology: Add CPU node
[    9.385723] checking generic (fce0000000 7f0000) vs hw (fce0000000 10000000)
[    9.385725] fb0: switching to amdgpu from EFI VGA
[    9.385784] Console: switching to colour dummy device 80x25
[    9.385816] amdgpu 0000:01:00.0: vgaarb: deactivate vga console
[    9.385927] amdgpu 0000:01:00.0: enabling device (0006 -> 0007)
[    9.385988] [drm] initializing kernel modesetting (RENOIR 0x1002:0x1636 0x1D72:0x1951 0xC3).
[    9.385991] amdgpu 0000:01:00.0: amdgpu: Trusted Memory Zone (TMZ) feature enabled
[    9.429490] usb 3-1.1: New USB device found, idVendor=25a4, idProduct=9311, bcdDevice= 2.01
[    9.429496] usb 3-1.1: New USB device strings: Mfr=1, Product=2, SerialNumber=3
[    9.429498] usb 3-1.1: Product: USB C Video Adaptor      
[    9.429499] usb 3-1.1: Manufacturer: USB C  
[    9.429500] usb 3-1.1: SerialNumber: 000000000001
[    9.431275] snd_hda_codec_realtek hdaudioC1D0: autoconfig for ALC256: line_outs=1 (0x14/0x0/0x0/0x0/0x0) type:speaker
[    9.431279] snd_hda_codec_realtek hdaudioC1D0:    speaker_outs=0 (0x0/0x0/0x0/0x0/0x0)
[    9.431281] snd_hda_codec_realtek hdaudioC1D0:    hp_outs=1 (0x21/0x0/0x0/0x0/0x0)
[    9.431282] snd_hda_codec_realtek hdaudioC1D0:    mono: mono_out=0x0
[    9.431283] snd_hda_codec_realtek hdaudioC1D0:    inputs:
[    9.431284] snd_hda_codec_realtek hdaudioC1D0:      Mic=0x19
[    9.447017] usb 4-1.1: new SuperSpeed USB device number 3 using xhci_hcd
[    9.450164] [drm] register mmio base: 0xD0400000
[    9.450169] [drm] register mmio size: 524288
[    9.450172] [drm] PCIE atomic ops is not supported
[    9.451107] [drm] add ip block number 0 <soc15_common>
[    9.451108] [drm] add ip block number 1 <gmc_v9_0>
[    9.451109] [drm] add ip block number 2 <vega10_ih>
[    9.451109] [drm] add ip block number 3 <psp>
[    9.451110] [drm] add ip block number 4 <smu>
[    9.451111] [drm] add ip block number 5 <gfx_v9_0>
[    9.451112] [drm] add ip block number 6 <sdma_v4_0>
[    9.451113] [drm] add ip block number 7 <dm>
[    9.451113] [drm] add ip block number 8 <vcn_v2_0>
[    9.451114] [drm] add ip block number 9 <jpeg_v2_0>
[    9.451132] amdgpu 0000:01:00.0: amdgpu: Fetched VBIOS from VFCT
[    9.451136] amdgpu: ATOM BIOS: 113-RENOIR-026
[    9.452503] [drm] VCN decode is enabled in VM mode
[    9.452505] [drm] VCN encode is enabled in VM mode
[    9.452505] [drm] JPEG decode is enabled in VM mode
[    9.452540] [drm] vm size is 262144 GB, 4 levels, block size is 9-bit, fragment size is 9-bit
[    9.452546] amdgpu 0000:01:00.0: amdgpu: VRAM: 512M 0x000000F400000000 - 0x000000F41FFFFFFF (512M used)
[    9.452548] amdgpu 0000:01:00.0: amdgpu: GART: 1024M 0x0000000000000000 - 0x000000003FFFFFFF
[    9.452549] amdgpu 0000:01:00.0: amdgpu: AGP: 267419648M 0x000000F800000000 - 0x0000FFFFFFFFFFFF
[    9.452554] [drm] Detected VRAM RAM=512M, BAR=512M
[    9.452555] [drm] RAM width 128bits DDR4
[    9.452600] [drm] amdgpu: 512M of VRAM memory ready
[    9.452601] [drm] amdgpu: 3072M of GTT memory ready.
[    9.452608] [drm] GART: num cpu pages 262144, num gpu pages 262144
[    9.452699] [drm] PCIE GART of 1024M enabled.
[    9.452700] [drm] PTB located at 0x000000F400900000
[    9.454344] amdgpu 0000:01:00.0: amdgpu: PSP runtime database doesn't exist
[    9.459541] [drm] Loading DMUB firmware via PSP: version=0x01010019
[    9.460795] [drm] Found VCN firmware Version ENC: 1.16 DEC: 5 VEP: 0 Revision: 3
[    9.460818] amdgpu 0000:01:00.0: amdgpu: Will use PSP to load VCN firmware
[    9.470436] usb 4-1.1: New USB device found, idVendor=8564, idProduct=4000, bcdDevice= 0.04
[    9.470441] usb 4-1.1: New USB device strings: Mfr=3, Product=4, SerialNumber=2
[    9.470443] usb 4-1.1: Product: Transcend
[    9.470444] usb 4-1.1: Manufacturer: TS-RDF5A
[    9.470445] usb 4-1.1: SerialNumber: 000000000004
[    9.476280] input: HD-Audio Generic Mic as /devices/pci0000:00/0000:00:08.1/0000:01:00.6/sound/card1/input9
[    9.476328] input: HD-Audio Generic Headphone as /devices/pci0000:00/0000:00:08.1/0000:01:00.6/sound/card1/input10
[    9.539939] usb 3-1.2: new high-speed USB device number 4 using xhci_hcd
[    9.580554] RAPL PMU: API unit is 2^-32 Joules, 1 fixed counters, 163840 ms ovfl timer
[    9.580558] RAPL PMU: hw unit of domain package 2^-16 Joules
[    9.587680] cryptd: max_cpu_qlen set to 1000
[    9.608623] AVX2 version of gcm_enc/dec engaged.
[    9.608655] AES CTR mode by8 optimization enabled
[    9.638594] usb 3-1.2: New USB device found, idVendor=05e3, idProduct=0610, bcdDevice= 6.63
[    9.638600] usb 3-1.2: New USB device strings: Mfr=1, Product=2, SerialNumber=0
[    9.638601] usb 3-1.2: Product: USB2.1 Hub
[    9.638603] usb 3-1.2: Manufacturer: GenesysLogic
[    9.700789] hub 3-1.2:1.0: USB hub found
[    9.701346] hub 3-1.2:1.0: 4 ports detected
[    9.710107] usb 4-1.2: new SuperSpeed USB device number 4 using xhci_hcd
[    9.728069] usb 4-1.2: New USB device found, idVendor=0bda, idProduct=8153, bcdDevice=30.00
[    9.728074] usb 4-1.2: New USB device strings: Mfr=1, Product=2, SerialNumber=6
[    9.728076] usb 4-1.2: Product: USB 10/100/1000 LAN
[    9.728077] usb 4-1.2: Manufacturer: Realtek
[    9.728078] usb 4-1.2: SerialNumber: 000001
[    9.856664] kvm: Nested Virtualization enabled
[    9.856668] SVM: kvm: Nested Paging enabled
[    9.856686] SVM: Virtual VMLOAD VMSAVE supported
[    9.856687] SVM: Virtual GIF supported
[    9.864199] MCE: In-kernel MCE decoding enabled.
[    9.952440] input: GXT7863:00 27C6:01E0 Mouse as /devices/platform/AMDI0010:03/i2c-0/i2c-GXT7863:00/0018:27C6:01E0.0001/input/input11
[    9.952511] input: GXT7863:00 27C6:01E0 Touchpad as /devices/platform/AMDI0010:03/i2c-0/i2c-GXT7863:00/0018:27C6:01E0.0001/input/input12
[    9.952569] hid-multitouch 0018:27C6:01E0.0001: input,hidraw0: I2C HID v1.00 Mouse [GXT7863:00 27C6:01E0] on i2c-GXT7863:00
[    9.959489] urandom_read: 1 callbacks suppressed
[    9.959492] random: NetworkManager: uninitialized urandom read (16 bytes read)
[    9.994817] mousedev: PS/2 mouse device common for all mice
[   10.006611] usb 3-1.2.3: new low-speed USB device number 5 using xhci_hcd
[   10.101467] [drm] reserve 0x400000 from 0xf41f800000 for PSP TMR
[   10.123902] intel_rapl_common: Found RAPL domain package
[   10.123905] intel_rapl_common: Found RAPL domain core
[   10.125968] usb-storage 4-1.1:1.0: USB Mass Storage device detected
[   10.128551] scsi host2: usb-storage 4-1.1:1.0
[   10.128662] usbcore: registered new interface driver usb-storage
[   10.133751] usbcore: registered new interface driver uas
[   10.134925] usbcore: registered new interface driver cdc_ether
[   10.140553] usb 3-1.2.3: New USB device found, idVendor=1bcf, idProduct=0005, bcdDevice= 0.90
[   10.140559] usb 3-1.2.3: New USB device strings: Mfr=0, Product=2, SerialNumber=0
[   10.140560] usb 3-1.2.3: Product: USB Optical Mouse
[   10.164489] random: nm-dispatcher: uninitialized urandom read (16 bytes read)
[   10.183267] amdgpu 0000:01:00.0: amdgpu: RAS: optional ras ta ucode is not available
[   10.191332] amdgpu 0000:01:00.0: amdgpu: RAP: optional rap ta ucode is not available
[   10.191337] amdgpu 0000:01:00.0: amdgpu: SECUREDISPLAY: securedisplay ta ucode is not available
[   10.191942] amdgpu 0000:01:00.0: amdgpu: SMU is initialized successfully!
[   10.193356] [drm] kiq ring mec 2 pipe 1 q 0
[   10.194005] [drm] Display Core initialized with v3.2.149!
[   10.194440] [drm] DMUB hardware initialized: version=0x01010019
[   10.212843] usb 4-1.2: reset SuperSpeed USB device number 4 using xhci_hcd
[   10.215751] snd_hda_intel 0000:01:00.1: bound 0000:01:00.0 (ops amdgpu_dm_audio_component_bind_ops [amdgpu])
[   10.269400] input: USB Optical Mouse as /devices/pci0000:00/0000:00:08.1/0000:01:00.4/usb3/3-1/3-1.2/3-1.2.3/3-1.2.3:1.0/0003:1BCF:0005.0002/input/input14
[   10.270238] hid-generic 0003:1BCF:0005.0002: input,hidraw1: USB HID v1.10 Mouse [USB Optical Mouse] on usb-0000:01:00.4-1.2.3/input0
[   10.271758] usbcore: registered new interface driver usbhid
[   10.271762] usbhid: USB HID core driver
[   10.283808] r8152 4-1.2:1.0 eth0: v2.15.0 (2021/04/15)
[   10.283815] r8152 4-1.2:1.0 eth0: This product is covered by one or more of the following patents:
               		US6,570,884, US6,115,776, and US6,327,625.

[   10.283853] usbcore: registered new interface driver r8152
[   10.305360] [drm] VCN decode and encode initialized successfully(under DPG Mode).
[   10.305381] [drm] JPEG decode initialized successfully.
[   10.306995] kfd kfd: amdgpu: Allocated 3969056 bytes on gart
[   10.332773] memmap_init_zone_device initialised 131072 pages in 0ms
[   10.332786] amdgpu: HMM registered 512MB device memory
[   10.332835] amdgpu: SRAT table not found
[   10.332835] amdgpu: Virtual CRAT table created for GPU
[   10.333029] amdgpu: Topology: Add dGPU node [0x1636:0x1002]
[   10.333033] kfd kfd: amdgpu: added device 1002:1636
[   10.333182] amdgpu 0000:01:00.0: amdgpu: SE 1, SH per SE 2, CU per SH 18, active_cu_number 26
[   10.335132] usbcore: registered new interface driver r8153_ecm
[   10.335731] [drm] fb mappable at 0x410CD1000
[   10.335734] [drm] vram apper at 0x410000000
[   10.335736] [drm] size 8294400
[   10.335737] [drm] fb depth is 24
[   10.335738] [drm]    pitch is 7680
[   10.336046] fbcon: amdgpu (fb0) is primary device
[   10.352469] r8152 4-1.2:1.0 enp1s0f4u1u2: renamed from eth0
[   10.398986] Console: switching to colour frame buffer device 240x67
[   10.418521] amdgpu 0000:01:00.0: [drm] fb0: amdgpu frame buffer device
[   10.446786] amdgpu 0000:01:00.0: amdgpu: ring gfx uses VM inv eng 0 on hub 0
[   10.446792] amdgpu 0000:01:00.0: amdgpu: ring comp_1.0.0 uses VM inv eng 1 on hub 0
[   10.446795] amdgpu 0000:01:00.0: amdgpu: ring comp_1.1.0 uses VM inv eng 4 on hub 0
[   10.446797] amdgpu 0000:01:00.0: amdgpu: ring comp_1.2.0 uses VM inv eng 5 on hub 0
[   10.446799] amdgpu 0000:01:00.0: amdgpu: ring comp_1.3.0 uses VM inv eng 6 on hub 0
[   10.446801] amdgpu 0000:01:00.0: amdgpu: ring comp_1.0.1 uses VM inv eng 7 on hub 0
[   10.446803] amdgpu 0000:01:00.0: amdgpu: ring comp_1.1.1 uses VM inv eng 8 on hub 0
[   10.446805] amdgpu 0000:01:00.0: amdgpu: ring comp_1.2.1 uses VM inv eng 9 on hub 0
[   10.446806] amdgpu 0000:01:00.0: amdgpu: ring comp_1.3.1 uses VM inv eng 10 on hub 0
[   10.446809] amdgpu 0000:01:00.0: amdgpu: ring kiq_2.1.0 uses VM inv eng 11 on hub 0
[   10.446811] amdgpu 0000:01:00.0: amdgpu: ring sdma0 uses VM inv eng 0 on hub 1
[   10.446813] amdgpu 0000:01:00.0: amdgpu: ring vcn_dec uses VM inv eng 1 on hub 1
[   10.446815] amdgpu 0000:01:00.0: amdgpu: ring vcn_enc0 uses VM inv eng 4 on hub 1
[   10.446817] amdgpu 0000:01:00.0: amdgpu: ring vcn_enc1 uses VM inv eng 5 on hub 1
[   10.446819] amdgpu 0000:01:00.0: amdgpu: ring jpeg_dec uses VM inv eng 6 on hub 1
[   10.449263] [drm] Initialized amdgpu 3.42.0 20150101 for 0000:01:00.0 on minor 0
[   10.556611] random: crng init done
[   11.139050] scsi 2:0:0:0: Direct-Access     TS-RDF5A Transcend        0004 PQ: 0 ANSI: 6
[   11.378922] sd 2:0:0:0: [sdb] 60456960 512-byte logical blocks: (31.0 GB/28.8 GiB)
[   11.379885] sd 2:0:0:0: [sdb] Write Protect is off
[   11.379889] sd 2:0:0:0: [sdb] Mode Sense: 21 00 00 00
[   11.381091] sd 2:0:0:0: [sdb] Write cache: disabled, read cache: enabled, doesn't support DPO or FUA
[   11.387626]  sdb: sdb1 sdb2
[   11.391052] sd 2:0:0:0: [sdb] Attached SCSI removable disk
[   13.237999] IPv6: ADDRCONF(NETDEV_CHANGE): enp1s0f4u1u2: link becomes ready
[   13.238290] r8152 4-1.2:1.0 enp1s0f4u1u2: carrier on
[   45.823260] iptables reject: IN=enp1s0f4u1u2 OUT= MAC=01:00:5e:00:00:01:00:5f:67:2a:b5:34:08:00 SRC=192.168.0.1 DST=224.0.0.1 LEN=32 TOS=0x1C PREC=0x40 TTL=1 ID=17604 PROTO=2 
[   69.730193] ucsi_acpi USBC000:00: PPM init failed (-110)
[   82.571289] iptables reject: IN=enp1s0f4u1u2 OUT= MAC= SRC=192.168.0.102 DST=224.0.0.251 LEN=68 TOS=0x00 PREC=0x00 TTL=1 ID=19762 DF PROTO=UDP SPT=5353 DPT=5353 LEN=48 
[   83.546312] iptables reject: IN=enp1s0f4u1u2 OUT= MAC= SRC=192.168.0.102 DST=224.0.0.251 LEN=68 TOS=0x00 PREC=0x00 TTL=1 ID=19920 DF PROTO=UDP SPT=5353 DPT=5353 LEN=48 
[   85.547524] iptables reject: IN=enp1s0f4u1u2 OUT= MAC= SRC=192.168.0.102 DST=224.0.0.251 LEN=68 TOS=0x00 PREC=0x00 TTL=1 ID=20167 DF PROTO=UDP SPT=5353 DPT=5353 LEN=48 
[  170.825582] iptables reject: IN=enp1s0f4u1u2 OUT= MAC=01:00:5e:00:00:01:00:5f:67:2a:b5:34:08:00 SRC=192.168.0.1 DST=224.0.0.1 LEN=32 TOS=0x00 PREC=0x00 TTL=1 ID=37089 PROTO=2 
[  234.820988] Bluetooth: Core ver 2.22
[  234.821034] NET: Registered PF_BLUETOOTH protocol family
[  234.821035] Bluetooth: HCI device and connection manager initialized
[  234.821040] Bluetooth: HCI socket layer initialized
[  234.821042] Bluetooth: L2CAP socket layer initialized
[  234.821045] Bluetooth: SCO socket layer initialized
[  285.889919] SUPR0GipMap: fGetGipCpu=0x1b
[  288.846288] vboxdrv: 0000000000000000 VMMR0.r0
[  289.014983] vboxdrv: 0000000000000000 VBoxDDR0.r0
[  289.061051] vboxdrv: 0000000000000000 VBoxEhciR0.r0
[  289.063181] VMMR0InitVM: eflags=246 fKernelFeatures=0x0 (SUPKERNELFEATURES_SMAP=0)
[  295.827197] iptables reject: IN=enp1s0f4u1u2 OUT= MAC=01:00:5e:00:00:01:00:5f:67:2a:b5:34:08:00 SRC=192.168.0.1 DST=224.0.0.1 LEN=32 TOS=0x00 PREC=0x00 TTL=1 ID=56574 PROTO=2 
[  420.828774] iptables reject: IN=enp1s0f4u1u2 OUT= MAC=01:00:5e:00:00:01:00:5f:67:2a:b5:34:08:00 SRC=192.168.0.1 DST=224.0.0.1 LEN=32 TOS=0x00 PREC=0x00 TTL=1 ID=10268 PROTO=2 
[  545.830756] iptables reject: IN=enp1s0f4u1u2 OUT= MAC=01:00:5e:00:00:01:00:5f:67:2a:b5:34:08:00 SRC=192.168.0.1 DST=224.0.0.1 LEN=32 TOS=0x06 PREC=0xA0 TTL=1 ID=29753 PROTO=2 
[  588.454652] iptables reject: IN=enp1s0f4u1u2 OUT= MAC=01:00:5e:00:00:fb:a8:9c:ed:48:06:29:08:00 SRC=192.168.0.101 DST=224.0.0.251 LEN=32 TOS=0x00 PREC=0xC0 TTL=1 ID=0 DF PROTO=2 
[  670.832685] iptables reject: IN=enp1s0f4u1u2 OUT= MAC=01:00:5e:00:00:01:00:5f:67:2a:b5:34:08:00 SRC=192.168.0.1 DST=224.0.0.1 LEN=32 TOS=0x18 PREC=0x40 TTL=1 ID=49238 PROTO=2 
[  675.820162] iptables reject: IN=enp1s0f4u1u2 OUT= MAC=01:00:5e:00:00:fb:a8:9c:ed:48:06:29:08:00 SRC=192.168.0.101 DST=224.0.0.251 LEN=32 TOS=0x00 PREC=0xC0 TTL=1 ID=0 DF PROTO=2 
[  795.834613] iptables reject: IN=enp1s0f4u1u2 OUT= MAC=01:00:5e:00:00:01:00:5f:67:2a:b5:34:08:00 SRC=192.168.0.1 DST=224.0.0.1 LEN=32 TOS=0x00 PREC=0x00 TTL=1 ID=3188 PROTO=2 
[  920.836743] iptables reject: IN=enp1s0f4u1u2 OUT= MAC=01:00:5e:00:00:01:00:5f:67:2a:b5:34:08:00 SRC=192.168.0.1 DST=224.0.0.1 LEN=32 TOS=0x00 PREC=0x00 TTL=1 ID=22673 PROTO=2 
[  998.966723] iptables reject: IN=enp1s0f4u1u2 OUT= MAC=ff:ff:ff:ff:ff:ff:a8:9c:ed:48:06:29:08:00 SRC=0.0.0.0 DST=255.255.255.255 LEN=326 TOS=0x10 PREC=0x00 TTL=64 ID=0 DF PROTO=UDP SPT=68 DPT=67 LEN=306 
[  998.990490] iptables reject: IN=enp1s0f4u1u2 OUT= MAC=ff:ff:ff:ff:ff:ff:a8:9c:ed:48:06:29:08:00 SRC=0.0.0.0 DST=255.255.255.255 LEN=338 TOS=0x10 PREC=0x00 TTL=64 ID=0 DF PROTO=UDP SPT=68 DPT=67 LEN=318 
[ 1028.338877] iptables reject: IN=enp1s0f4u1u2 OUT= MAC=01:00:5e:00:00:fb:a8:9c:ed:48:06:29:08:00 SRC=192.168.0.101 DST=224.0.0.251 LEN=109 TOS=0x00 PREC=0x00 TTL=255 ID=54999 DF PROTO=UDP SPT=5353 DPT=5353 LEN=89 
[ 1028.578471] iptables reject: IN=enp1s0f4u1u2 OUT= MAC=01:00:5e:00:00:fb:a8:9c:ed:48:06:29:08:00 SRC=192.168.0.101 DST=224.0.0.251 LEN=109 TOS=0x00 PREC=0x00 TTL=255 ID=55022 DF PROTO=UDP SPT=5353 DPT=5353 LEN=89 
[ 1028.827880] iptables reject: IN=enp1s0f4u1u2 OUT= MAC=01:00:5e:00:00:fb:a8:9c:ed:48:06:29:08:00 SRC=192.168.0.101 DST=224.0.0.251 LEN=109 TOS=0x00 PREC=0x00 TTL=255 ID=55026 DF PROTO=UDP SPT=5353 DPT=5353 LEN=89 
[ 1029.079416] iptables reject: IN=enp1s0f4u1u2 OUT= MAC=01:00:5e:00:00:fb:a8:9c:ed:48:06:29:08:00 SRC=192.168.0.101 DST=224.0.0.251 LEN=275 TOS=0x00 PREC=0x00 TTL=255 ID=55048 DF PROTO=UDP SPT=5353 DPT=5353 LEN=255 
[ 1030.002487] iptables reject: IN=enp1s0f4u1u2 OUT= MAC=01:00:5e:00:00:fb:a8:9c:ed:48:06:29:08:00 SRC=192.168.0.101 DST=224.0.0.251 LEN=275 TOS=0x00 PREC=0x00 TTL=255 ID=55135 DF PROTO=UDP SPT=5353 DPT=5353 LEN=255 
[ 1031.993436] iptables reject: IN=enp1s0f4u1u2 OUT= MAC=01:00:5e:00:00:fb:a8:9c:ed:48:06:29:08:00 SRC=192.168.0.101 DST=224.0.0.251 LEN=275 TOS=0x00 PREC=0x00 TTL=255 ID=55269 DF PROTO=UDP SPT=5353 DPT=5353 LEN=255 
[ 1035.183433] iptables reject: IN=enp1s0f4u1u2 OUT= MAC=01:00:5e:00:00:fb:a8:9c:ed:48:06:29:08:00 SRC=192.168.0.101 DST=224.0.0.251 LEN=89 TOS=0x00 PREC=0x00 TTL=255 ID=55331 DF PROTO=UDP SPT=5353 DPT=5353 LEN=69 
[ 1035.185017] iptables reject: IN=enp1s0f4u1u2 OUT= MAC=01:00:5e:00:00:fb:a8:9c:ed:48:06:29:08:00 SRC=192.168.0.101 DST=224.0.0.251 LEN=89 TOS=0x00 PREC=0x00 TTL=255 ID=55332 DF PROTO=UDP SPT=5353 DPT=5353 LEN=69 
[ 1036.025377] iptables reject: IN=enp1s0f4u1u2 OUT= MAC=01:00:5e:00:00:fb:a8:9c:ed:48:06:29:08:00 SRC=192.168.0.101 DST=224.0.0.251 LEN=275 TOS=0x00 PREC=0x00 TTL=255 ID=55389 DF PROTO=UDP SPT=5353 DPT=5353 LEN=255 
[ 1036.191208] iptables reject: IN=enp1s0f4u1u2 OUT= MAC=01:00:5e:00:00:fb:a8:9c:ed:48:06:29:08:00 SRC=192.168.0.101 DST=224.0.0.251 LEN=89 TOS=0x00 PREC=0x00 TTL=255 ID=55392 DF PROTO=UDP SPT=5353 DPT=5353 LEN=69 
[ 1037.185344] iptables reject: IN=enp1s0f4u1u2 OUT= MAC=01:00:5e:00:00:fb:a8:9c:ed:48:06:29:08:00 SRC=192.168.0.101 DST=224.0.0.251 LEN=89 TOS=0x00 PREC=0x00 TTL=255 ID=55484 DF PROTO=UDP SPT=5353 DPT=5353 LEN=69 
[ 1042.800596] iptables reject: IN=enp1s0f4u1u2 OUT= MAC=01:00:5e:00:00:fb:a8:9c:ed:48:06:29:08:00 SRC=192.168.0.101 DST=224.0.0.251 LEN=89 TOS=0x00 PREC=0x00 TTL=255 ID=55807 DF PROTO=UDP SPT=5353 DPT=5353 LEN=69 
[ 1044.050959] iptables reject: IN=enp1s0f4u1u2 OUT= MAC=01:00:5e:00:00:fb:a8:9c:ed:48:06:29:08:00 SRC=192.168.0.101 DST=224.0.0.251 LEN=275 TOS=0x00 PREC=0x00 TTL=255 ID=55860 DF PROTO=UDP SPT=5353 DPT=5353 LEN=255 
[ 1045.838677] iptables reject: IN=enp1s0f4u1u2 OUT= MAC=01:00:5e:00:00:01:00:5f:67:2a:b5:34:08:00 SRC=192.168.0.1 DST=224.0.0.1 LEN=32 TOS=0x00 PREC=0x00 TTL=1 ID=42158 PROTO=2 
[ 1060.088566] iptables reject: IN=enp1s0f4u1u2 OUT= MAC=01:00:5e:00:00:fb:a8:9c:ed:48:06:29:08:00 SRC=192.168.0.101 DST=224.0.0.251 LEN=275 TOS=0x00 PREC=0x00 TTL=255 ID=56886 DF PROTO=UDP SPT=5353 DPT=5353 LEN=255 
[ 1092.046966] iptables reject: IN=enp1s0f4u1u2 OUT= MAC=01:00:5e:00:00:fb:a8:9c:ed:48:06:29:08:00 SRC=192.168.0.101 DST=224.0.0.251 LEN=275 TOS=0x00 PREC=0x00 TTL=255 ID=57154 DF PROTO=UDP SPT=5353 DPT=5353 LEN=255 
[ 1156.113271] iptables reject: IN=enp1s0f4u1u2 OUT= MAC=01:00:5e:00:00:fb:a8:9c:ed:48:06:29:08:00 SRC=192.168.0.101 DST=224.0.0.251 LEN=275 TOS=0x00 PREC=0x00 TTL=255 ID=62365 DF PROTO=UDP SPT=5353 DPT=5353 LEN=255 
[ 1170.840479] iptables reject: IN=enp1s0f4u1u2 OUT= MAC=01:00:5e:00:00:01:00:5f:67:2a:b5:34:08:00 SRC=192.168.0.1 DST=224.0.0.1 LEN=32 TOS=0x00 PREC=0x00 TTL=1 ID=61643 PROTO=2 
[ 1230.948528] iptables reject: IN=enp1s0f4u1u2 OUT= MAC= SRC=192.168.0.102 DST=255.255.255.255 LEN=96 TOS=0x00 PREC=0x00 TTL=127 ID=36209 PROTO=UDP SPT=43074 DPT=137 LEN=76 
[ 1231.599859] iptables reject: IN=enp1s0f4u1u2 OUT= MAC= SRC=192.168.0.102 DST=255.255.255.255 LEN=78 TOS=0x00 PREC=0x00 TTL=127 ID=36787 PROTO=UDP SPT=43074 DPT=137 LEN=58 
[ 1232.667646] iptables reject: IN=enp1s0f4u1u2 OUT= MAC= SRC=192.168.0.102 DST=255.255.255.255 LEN=78 TOS=0x00 PREC=0x00 TTL=127 ID=37001 PROTO=UDP SPT=43074 DPT=137 LEN=58 
[ 1233.413032] iptables reject: IN=enp1s0f4u1u2 OUT= MAC= SRC=192.168.0.102 DST=255.255.255.255 LEN=78 TOS=0x00 PREC=0x00 TTL=127 ID=37150 PROTO=UDP SPT=43074 DPT=137 LEN=58 
[ 1234.160666] iptables reject: IN=enp1s0f4u1u2 OUT= MAC= SRC=192.168.0.102 DST=255.255.255.255 LEN=78 TOS=0x00 PREC=0x00 TTL=127 ID=37163 PROTO=UDP SPT=43074 DPT=137 LEN=58 
[ 1235.223618] iptables reject: IN=enp1s0f4u1u2 OUT= MAC= SRC=192.168.0.102 DST=255.255.255.255 LEN=78 TOS=0x00 PREC=0x00 TTL=127 ID=37199 PROTO=UDP SPT=43074 DPT=137 LEN=58 
[ 1235.973783] iptables reject: IN=enp1s0f4u1u2 OUT= MAC= SRC=192.168.0.102 DST=255.255.255.255 LEN=78 TOS=0x00 PREC=0x00 TTL=127 ID=37351 PROTO=UDP SPT=43074 DPT=137 LEN=58 
