[    0.000000] Linux version 5.15.7-arch1-1 (linux@archlinux) (gcc (GCC) 11.1.0, GNU ld (GNU Binutils) 2.36.1) #1 SMP PREEMPT Wed, 08 Dec 2021 14:33:16 +0000
[    0.000000] Command line: BOOT_IMAGE=/boot/vmlinuz-linux root=UUID=a1e2e1f9-dbcb-484e-a242-73d5754f8d98 rw quiet resume=UUID=36238c5a-d1ff-4e5f-986a-4d302098cfd7 loglevel=3 audit=0 lsm=landlock,lockdown,yama,apparmor,bpf l1tf=full,force mds=full,nosmt mitigations=auto,nosmt nosmt=force init_on_alloc=1 init_on_free=1 randomize_kstack_offset=on slab_nomerge pti=on slub_debug=ZF slub_debug=P page_poison=1 mem_encrypt=on
[    0.000000] x86/fpu: Supporting XSAVE feature 0x001: 'x87 floating point registers'
[    0.000000] x86/fpu: Supporting XSAVE feature 0x002: 'SSE registers'
[    0.000000] x86/fpu: Supporting XSAVE feature 0x004: 'AVX registers'
[    0.000000] x86/fpu: xstate_offset[2]:  576, xstate_sizes[2]:  256
[    0.000000] x86/fpu: Enabled xstate features 0x7, context size is 832 bytes, using 'compacted' format.
[    0.000000] signal: max sigframe size: 1776
[    0.000000] SMT: Force disabled
[    0.000000] BIOS-provided physical RAM map:
[    0.000000] BIOS-e820: [mem 0x0000000000000000-0x000000000009efff] usable
[    0.000000] BIOS-e820: [mem 0x000000000009f000-0x00000000000bffff] reserved
[    0.000000] BIOS-e820: [mem 0x0000000000100000-0x0000000009afffff] usable
[    0.000000] BIOS-e820: [mem 0x0000000009b00000-0x0000000009dfffff] reserved
[    0.000000] BIOS-e820: [mem 0x0000000009e00000-0x0000000009efffff] usable
[    0.000000] BIOS-e820: [mem 0x0000000009f00000-0x0000000009f0ffff] ACPI NVS
[    0.000000] BIOS-e820: [mem 0x0000000009f10000-0x00000000bab68fff] usable
[    0.000000] BIOS-e820: [mem 0x00000000bab69000-0x00000000bbd68fff] reserved
[    0.000000] BIOS-e820: [mem 0x00000000bbd69000-0x00000000c9f7efff] usable
[    0.000000] BIOS-e820: [mem 0x00000000c9f7f000-0x00000000caf7efff] type 20
[    0.000000] BIOS-e820: [mem 0x00000000caf7f000-0x00000000ccf7efff] reserved
[    0.000000] BIOS-e820: [mem 0x00000000ccf7f000-0x00000000cdf7efff] ACPI NVS
[    0.000000] BIOS-e820: [mem 0x00000000cdf7f000-0x00000000cdffefff] ACPI data
[    0.000000] BIOS-e820: [mem 0x00000000cdfff000-0x00000000cdffffff] usable
[    0.000000] BIOS-e820: [mem 0x00000000ce000000-0x00000000ceffffff] reserved
[    0.000000] BIOS-e820: [mem 0x00000000f8000000-0x00000000fbffffff] reserved
[    0.000000] BIOS-e820: [mem 0x00000000fde00000-0x00000000fdefffff] reserved
[    0.000000] BIOS-e820: [mem 0x00000000fec00000-0x00000000fec00fff] reserved
[    0.000000] BIOS-e820: [mem 0x00000000fec10000-0x00000000fec10fff] reserved
[    0.000000] BIOS-e820: [mem 0x00000000fec20000-0x00000000fec20fff] reserved
[    0.000000] BIOS-e820: [mem 0x00000000fed80000-0x00000000fed80fff] reserved
[    0.000000] BIOS-e820: [mem 0x00000000fee00000-0x00000000fee00fff] reserved
[    0.000000] BIOS-e820: [mem 0x00000000ff000000-0x00000000fff2ffff] reserved
[    0.000000] BIOS-e820: [mem 0x0000000100000000-0x000000040f33ffff] usable
[    0.000000] BIOS-e820: [mem 0x000000040f340000-0x000000042fffffff] reserved
[    0.000000] NX (Execute Disable) protection: active
[    0.000000] efi: EFI v2.70 by INSYDE Corp.
[    0.000000] efi: ACPI=0xcdffe000 ACPI 2.0=0xcdffe014 TPMFinalLog=0xcdf2c000 SMBIOS=0xcb70c000 SMBIOS 3.0=0xcb70a000 ESRT=0xcb70d418 
[    0.000000] SMBIOS 3.2.0 present.
[    0.000000] DMI: TIMI RedmiBook 14 II/TM1951, BIOS RMARN4B0P0909 08/19/2020
[    0.000000] tsc: Fast TSC calibration using PIT
[    0.000000] tsc: Detected 2370.665 MHz processor
[    0.000544] e820: update [mem 0x00000000-0x00000fff] usable ==> reserved
[    0.000546] e820: remove [mem 0x000a0000-0x000fffff] usable
[    0.000551] last_pfn = 0x40f340 max_arch_pfn = 0x400000000
[    0.000731] x86/PAT: Configuration [0-7]: WB  WC  UC- UC  WB  WP  UC- WT  
[    0.000953] last_pfn = 0xce000 max_arch_pfn = 0x400000000
[    0.010342] esrt: Reserving ESRT space from 0x00000000cb70d418 to 0x00000000cb70d450.
[    0.010350] Kernel/User page tables isolation: force enabled on command line.
[    0.010352] Using GB pages for direct mapping
[    0.011098] Secure boot disabled
[    0.011099] RAMDISK: [mem 0x36b1f000-0x37586fff]
[    0.011104] ACPI: Early table checksum verification disabled
[    0.011107] ACPI: RSDP 0x00000000CDFFE014 000024 (v02 XMCC  )
[    0.011111] ACPI: XSDT 0x00000000CDFCE188 000134 (v01 XMCC   XMCC1951 00000002      01000013)
[    0.011115] ACPI: FACP 0x00000000CDFEC000 00010C (v05 XMCC   XMCC1951 00000002      01000013)
[    0.011119] ACPI: DSDT 0x00000000CDFDF000 006545 (v01 XMCC   XMCC1951 00000002      01000013)
[    0.011122] ACPI: FACS 0x00000000CDF29000 000040
[    0.011123] ACPI: UEFI 0x00000000CDF7E000 000236 (v01 INSYDE H2O BIOS 00000001 ACPI 00040000)
[    0.011126] ACPI: SSDT 0x00000000CDFF5000 007216 (v02 AMD    AmdTable 00000002 MSFT 04000000)
[    0.011128] ACPI: IVRS 0x00000000CDFF4000 0001A4 (v02 AMD    AmdTable 00000001 AMD  00000000)
[    0.011130] ACPI: SSDT 0x00000000CDFF3000 000228 (v01 AMD    STD3     00000001 INTL 20130117)
[    0.011133] ACPI: SSDT 0x00000000CDFF2000 000D61 (v01 XMCC   XMCC1806 00003000 INTL 20130117)
[    0.011135] ACPI: SSDT 0x00000000CDFF1000 00046D (v01 Insyde TPMACPI  00001000 INTL 20130117)
[    0.011137] ACPI: TPM2 0x00000000CDFF0000 000034 (v04 XMCC   XMCC1951 00000002      01000013)
[    0.011139] ACPI: MSDM 0x00000000CDFEF000 000055 (v03 INSYDE H2O BIOS 00000001 ACPI 00040000)
[    0.011141] ACPI: ASF! 0x00000000CDFEE000 0000A5 (v32 XMCC   XMCC1951 00000002      01000013)
[    0.011143] ACPI: BOOT 0x00000000CDFED000 000028 (v01 XMCC   XMCC1951 00000002      01000013)
[    0.011145] ACPI: HPET 0x00000000CDFEB000 000038 (v01 XMCC   XMCC1951 00000002      01000013)
[    0.011147] ACPI: APIC 0x00000000CDFEA000 000138 (v03 XMCC   XMCC1951 00000002      01000013)
[    0.011149] ACPI: MCFG 0x00000000CDFE9000 00003C (v01 XMCC   XMCC1951 00000002      01000013)
[    0.011152] ACPI: SLIC 0x00000000CDFE8000 000176 (v01 XMCC   XMCC1951 00000002      01000013)
[    0.011154] ACPI: SSDT 0x00000000CDFDE000 000080 (v01 XMCC   XMCC1951 00000002      01000013)
[    0.011156] ACPI: VFCT 0x00000000CDFD0000 00D484 (v01 XMCC   XMCC1951 00000001 AMD  31504F47)
[    0.011158] ACPI: SSDT 0x00000000CDFCF000 0000F8 (v01 XMCC   PcdTabl  00001000 INTL 20130117)
[    0.011160] ACPI: SSDT 0x00000000CDFCC000 001500 (v01 AMD    AmdTable 00000001 AMD  00000001)
[    0.011162] ACPI: CRAT 0x00000000CDFFD000 000BA8 (v01 AMD    AmdTable 00000001 AMD  00000001)
[    0.011164] ACPI: CDIT 0x00000000CDFCB000 000029 (v01 AMD    AmdTable 00000001 AMD  00000001)
[    0.011166] ACPI: SSDT 0x00000000CDFCA000 00028D (v01 AMD    AmdTable 00000001 INTL 20130117)
[    0.011168] ACPI: SSDT 0x00000000CDFC9000 000C78 (v01 AMD    AmdTable 00000001 INTL 20130117)
[    0.011170] ACPI: SSDT 0x00000000CDFC7000 0010A5 (v01 AMD    AmdTable 00000001 INTL 20130117)
[    0.011172] ACPI: SSDT 0x00000000CDFC3000 0030C8 (v01 AMD    AmdTable 00000001 INTL 20130117)
[    0.011174] ACPI: FPDT 0x00000000CDFC2000 000044 (v01 XMCC   XMCC1951 00000002      01000013)
[    0.011177] ACPI: WSMT 0x00000000CDFC0000 000028 (v01 INSYDE H2O BIOS 00000001 ACPI 00040000)
[    0.011179] ACPI: SSDT 0x00000000CDFE7000 00020A (v01 AMD    AmdTable 00000001 INTL 20130117)
[    0.011181] ACPI: SSDT 0x00000000CDFE6000 0005A1 (v01 AMD    AmdTable 00000001 INTL 20130117)
[    0.011183] ACPI: SSDT 0x00000000CDFBF000 000343 (v01 AMD    AmdTable 00000001 INTL 20130117)
[    0.011185] ACPI: SSDT 0x00000000CDFBE000 00007D (v01 AMD    AmdTable 00000001 INTL 20130117)
[    0.011187] ACPI: SSDT 0x00000000CDFBD000 000822 (v01 AMD    AmdTable 00000001 INTL 20130117)
[    0.011189] ACPI: SSDT 0x00000000CDFBC000 000517 (v01 AMD    AmdTable 00000001 INTL 20130117)
[    0.011191] ACPI: BGRT 0x00000000CDFC1000 000038 (v01 INSYDE H2O BIOS 00000001 ACPI 00040000)
[    0.011193] ACPI: Reserving FACP table memory at [mem 0xcdfec000-0xcdfec10b]
[    0.011194] ACPI: Reserving DSDT table memory at [mem 0xcdfdf000-0xcdfe5544]
[    0.011195] ACPI: Reserving FACS table memory at [mem 0xcdf29000-0xcdf2903f]
[    0.011195] ACPI: Reserving UEFI table memory at [mem 0xcdf7e000-0xcdf7e235]
[    0.011196] ACPI: Reserving SSDT table memory at [mem 0xcdff5000-0xcdffc215]
[    0.011197] ACPI: Reserving IVRS table memory at [mem 0xcdff4000-0xcdff41a3]
[    0.011197] ACPI: Reserving SSDT table memory at [mem 0xcdff3000-0xcdff3227]
[    0.011198] ACPI: Reserving SSDT table memory at [mem 0xcdff2000-0xcdff2d60]
[    0.011199] ACPI: Reserving SSDT table memory at [mem 0xcdff1000-0xcdff146c]
[    0.011199] ACPI: Reserving TPM2 table memory at [mem 0xcdff0000-0xcdff0033]
[    0.011200] ACPI: Reserving MSDM table memory at [mem 0xcdfef000-0xcdfef054]
[    0.011201] ACPI: Reserving ASF! table memory at [mem 0xcdfee000-0xcdfee0a4]
[    0.011201] ACPI: Reserving BOOT table memory at [mem 0xcdfed000-0xcdfed027]
[    0.011202] ACPI: Reserving HPET table memory at [mem 0xcdfeb000-0xcdfeb037]
[    0.011203] ACPI: Reserving APIC table memory at [mem 0xcdfea000-0xcdfea137]
[    0.011203] ACPI: Reserving MCFG table memory at [mem 0xcdfe9000-0xcdfe903b]
[    0.011204] ACPI: Reserving SLIC table memory at [mem 0xcdfe8000-0xcdfe8175]
[    0.011205] ACPI: Reserving SSDT table memory at [mem 0xcdfde000-0xcdfde07f]
[    0.011205] ACPI: Reserving VFCT table memory at [mem 0xcdfd0000-0xcdfdd483]
[    0.011206] ACPI: Reserving SSDT table memory at [mem 0xcdfcf000-0xcdfcf0f7]
[    0.011207] ACPI: Reserving SSDT table memory at [mem 0xcdfcc000-0xcdfcd4ff]
[    0.011207] ACPI: Reserving CRAT table memory at [mem 0xcdffd000-0xcdffdba7]
[    0.011208] ACPI: Reserving CDIT table memory at [mem 0xcdfcb000-0xcdfcb028]
[    0.011209] ACPI: Reserving SSDT table memory at [mem 0xcdfca000-0xcdfca28c]
[    0.011209] ACPI: Reserving SSDT table memory at [mem 0xcdfc9000-0xcdfc9c77]
[    0.011210] ACPI: Reserving SSDT table memory at [mem 0xcdfc7000-0xcdfc80a4]
[    0.011211] ACPI: Reserving SSDT table memory at [mem 0xcdfc3000-0xcdfc60c7]
[    0.011211] ACPI: Reserving FPDT table memory at [mem 0xcdfc2000-0xcdfc2043]
[    0.011212] ACPI: Reserving WSMT table memory at [mem 0xcdfc0000-0xcdfc0027]
[    0.011213] ACPI: Reserving SSDT table memory at [mem 0xcdfe7000-0xcdfe7209]
[    0.011214] ACPI: Reserving SSDT table memory at [mem 0xcdfe6000-0xcdfe65a0]
[    0.011215] ACPI: Reserving SSDT table memory at [mem 0xcdfbf000-0xcdfbf342]
[    0.011215] ACPI: Reserving SSDT table memory at [mem 0xcdfbe000-0xcdfbe07c]
[    0.011216] ACPI: Reserving SSDT table memory at [mem 0xcdfbd000-0xcdfbd821]
[    0.011217] ACPI: Reserving SSDT table memory at [mem 0xcdfbc000-0xcdfbc516]
[    0.011217] ACPI: Reserving BGRT table memory at [mem 0xcdfc1000-0xcdfc1037]
[    0.011269] No NUMA configuration found
[    0.011270] Faking a node at [mem 0x0000000000000000-0x000000040f33ffff]
[    0.011273] NODE_DATA(0) allocated [mem 0x40f33c000-0x40f33ffff]
[    0.011299] Zone ranges:
[    0.011300]   DMA      [mem 0x0000000000001000-0x0000000000ffffff]
[    0.011301]   DMA32    [mem 0x0000000001000000-0x00000000ffffffff]
[    0.011302]   Normal   [mem 0x0000000100000000-0x000000040f33ffff]
[    0.011303]   Device   empty
[    0.011304] Movable zone start for each node
[    0.011305] Early memory node ranges
[    0.011305]   node   0: [mem 0x0000000000001000-0x000000000009efff]
[    0.011306]   node   0: [mem 0x0000000000100000-0x0000000009afffff]
[    0.011307]   node   0: [mem 0x0000000009e00000-0x0000000009efffff]
[    0.011308]   node   0: [mem 0x0000000009f10000-0x00000000bab68fff]
[    0.011309]   node   0: [mem 0x00000000bbd69000-0x00000000c9f7efff]
[    0.011309]   node   0: [mem 0x00000000cdfff000-0x00000000cdffffff]
[    0.011310]   node   0: [mem 0x0000000100000000-0x000000040f33ffff]
[    0.011312] Initmem setup node 0 [mem 0x0000000000001000-0x000000040f33ffff]
[    0.011315] On node 0, zone DMA: 1 pages in unavailable ranges
[    0.011330] On node 0, zone DMA: 97 pages in unavailable ranges
[    0.011460] On node 0, zone DMA32: 768 pages in unavailable ranges
[    0.016500] On node 0, zone DMA32: 16 pages in unavailable ranges
[    0.016965] On node 0, zone DMA32: 4608 pages in unavailable ranges
[    0.017116] On node 0, zone DMA32: 16512 pages in unavailable ranges
[    0.039918] On node 0, zone Normal: 8192 pages in unavailable ranges
[    0.039953] On node 0, zone Normal: 3264 pages in unavailable ranges
[    0.040103] ACPI: PM-Timer IO Port: 0x408
[    0.040110] ACPI: LAPIC_NMI (acpi_id[0x00] high edge lint[0x1])
[    0.040111] ACPI: LAPIC_NMI (acpi_id[0x01] high edge lint[0x1])
[    0.040112] ACPI: LAPIC_NMI (acpi_id[0x02] high edge lint[0x1])
[    0.040112] ACPI: LAPIC_NMI (acpi_id[0x03] high edge lint[0x1])
[    0.040113] ACPI: LAPIC_NMI (acpi_id[0x04] high edge lint[0x1])
[    0.040113] ACPI: LAPIC_NMI (acpi_id[0x05] high edge lint[0x1])
[    0.040114] ACPI: LAPIC_NMI (acpi_id[0x06] high edge lint[0x1])
[    0.040114] ACPI: LAPIC_NMI (acpi_id[0x07] high edge lint[0x1])
[    0.040115] ACPI: LAPIC_NMI (acpi_id[0x08] high edge lint[0x1])
[    0.040116] ACPI: LAPIC_NMI (acpi_id[0x09] high edge lint[0x1])
[    0.040116] ACPI: LAPIC_NMI (acpi_id[0x0a] high edge lint[0x1])
[    0.040117] ACPI: LAPIC_NMI (acpi_id[0x0b] high edge lint[0x1])
[    0.040117] ACPI: LAPIC_NMI (acpi_id[0x0c] high edge lint[0x1])
[    0.040118] ACPI: LAPIC_NMI (acpi_id[0x0d] high edge lint[0x1])
[    0.040118] ACPI: LAPIC_NMI (acpi_id[0x0e] high edge lint[0x1])
[    0.040119] ACPI: LAPIC_NMI (acpi_id[0x0f] high edge lint[0x1])
[    0.040132] IOAPIC[0]: apic_id 33, version 33, address 0xfec00000, GSI 0-23
[    0.040137] IOAPIC[1]: apic_id 34, version 33, address 0xfec01000, GSI 24-55
[    0.040138] ACPI: INT_SRC_OVR (bus 0 bus_irq 0 global_irq 2 dfl dfl)
[    0.040140] ACPI: INT_SRC_OVR (bus 0 bus_irq 9 global_irq 9 low level)
[    0.040142] ACPI: Using ACPI (MADT) for SMP configuration information
[    0.040144] ACPI: HPET id: 0x10228210 base: 0xfed00000
[    0.040152] e820: update [mem 0xb3288000-0xb328dfff] usable ==> reserved
[    0.040161] smpboot: Allowing 16 CPUs, 10 hotplug CPUs
[    0.040186] PM: hibernation: Registered nosave memory: [mem 0x00000000-0x00000fff]
[    0.040188] PM: hibernation: Registered nosave memory: [mem 0x0009f000-0x000bffff]
[    0.040188] PM: hibernation: Registered nosave memory: [mem 0x000c0000-0x000fffff]
[    0.040190] PM: hibernation: Registered nosave memory: [mem 0x09b00000-0x09dfffff]
[    0.040191] PM: hibernation: Registered nosave memory: [mem 0x09f00000-0x09f0ffff]
[    0.040193] PM: hibernation: Registered nosave memory: [mem 0xb3288000-0xb328dfff]
[    0.040194] PM: hibernation: Registered nosave memory: [mem 0xbab69000-0xbbd68fff]
[    0.040196] PM: hibernation: Registered nosave memory: [mem 0xc9f7f000-0xcaf7efff]
[    0.040196] PM: hibernation: Registered nosave memory: [mem 0xcaf7f000-0xccf7efff]
[    0.040197] PM: hibernation: Registered nosave memory: [mem 0xccf7f000-0xcdf7efff]
[    0.040198] PM: hibernation: Registered nosave memory: [mem 0xcdf7f000-0xcdffefff]
[    0.040199] PM: hibernation: Registered nosave memory: [mem 0xce000000-0xceffffff]
[    0.040200] PM: hibernation: Registered nosave memory: [mem 0xcf000000-0xf7ffffff]
[    0.040200] PM: hibernation: Registered nosave memory: [mem 0xf8000000-0xfbffffff]
[    0.040201] PM: hibernation: Registered nosave memory: [mem 0xfc000000-0xfddfffff]
[    0.040201] PM: hibernation: Registered nosave memory: [mem 0xfde00000-0xfdefffff]
[    0.040202] PM: hibernation: Registered nosave memory: [mem 0xfdf00000-0xfebfffff]
[    0.040202] PM: hibernation: Registered nosave memory: [mem 0xfec00000-0xfec00fff]
[    0.040203] PM: hibernation: Registered nosave memory: [mem 0xfec01000-0xfec0ffff]
[    0.040203] PM: hibernation: Registered nosave memory: [mem 0xfec10000-0xfec10fff]
[    0.040204] PM: hibernation: Registered nosave memory: [mem 0xfec11000-0xfec1ffff]
[    0.040204] PM: hibernation: Registered nosave memory: [mem 0xfec20000-0xfec20fff]
[    0.040205] PM: hibernation: Registered nosave memory: [mem 0xfec21000-0xfed7ffff]
[    0.040205] PM: hibernation: Registered nosave memory: [mem 0xfed80000-0xfed80fff]
[    0.040206] PM: hibernation: Registered nosave memory: [mem 0xfed81000-0xfedfffff]
[    0.040206] PM: hibernation: Registered nosave memory: [mem 0xfee00000-0xfee00fff]
[    0.040207] PM: hibernation: Registered nosave memory: [mem 0xfee01000-0xfeffffff]
[    0.040207] PM: hibernation: Registered nosave memory: [mem 0xff000000-0xfff2ffff]
[    0.040208] PM: hibernation: Registered nosave memory: [mem 0xfff30000-0xffffffff]
[    0.040210] [mem 0xcf000000-0xf7ffffff] available for PCI devices
[    0.040211] Booting paravirtualized kernel on bare hardware
[    0.040213] clocksource: refined-jiffies: mask: 0xffffffff max_cycles: 0xffffffff, max_idle_ns: 6370452778343963 ns
[    0.043937] setup_percpu: NR_CPUS:320 nr_cpumask_bits:320 nr_cpu_ids:16 nr_node_ids:1
[    0.044553] percpu: Embedded 61 pages/cpu s212992 r8192 d28672 u262144
[    0.044562] pcpu-alloc: s212992 r8192 d28672 u262144 alloc=1*2097152
[    0.044564] pcpu-alloc: [0] 00 01 02 03 04 05 06 07 [0] 08 09 10 11 12 13 14 15 
[    0.044591] Built 1 zonelists, mobility grouping on.  Total pages: 3966649
[    0.044592] Policy zone: Normal
[    0.044593] Kernel command line: BOOT_IMAGE=/boot/vmlinuz-linux root=UUID=a1e2e1f9-dbcb-484e-a242-73d5754f8d98 rw quiet resume=UUID=36238c5a-d1ff-4e5f-986a-4d302098cfd7 loglevel=3 audit=0 lsm=landlock,lockdown,yama,apparmor,bpf l1tf=full,force mds=full,nosmt mitigations=auto,nosmt nosmt=force init_on_alloc=1 init_on_free=1 randomize_kstack_offset=on slab_nomerge pti=on slub_debug=ZF slub_debug=P page_poison=1 mem_encrypt=on
[    0.044646] audit: disabled (until reboot)
[    0.044735] mem auto-init: SLAB_POISON will take precedence over init_on_alloc/init_on_free
[    0.044753] Unknown kernel command line parameters "BOOT_IMAGE=/boot/vmlinuz-linux pti=on mem_encrypt=on", will be passed to user space.
[    0.046595] Dentry cache hash table entries: 2097152 (order: 12, 16777216 bytes, linear)
[    0.047513] Inode-cache hash table entries: 1048576 (order: 11, 8388608 bytes, linear)
[    0.047571] mem auto-init: CONFIG_PAGE_POISONING is on, will take precedence over init_on_alloc and init_on_free
[    0.047805] mem auto-init: stack:byref_all(zero), heap alloc:off, heap free:off
[    1.656001] Memory: 15522260K/16119096K available (14344K kernel code, 2071K rwdata, 10792K rodata, 1860K init, 3844K bss, 596576K reserved, 0K cma-reserved)
[    1.656006] **********************************************************
[    1.656006] **   NOTICE NOTICE NOTICE NOTICE NOTICE NOTICE NOTICE   **
[    1.656007] **                                                      **
[    1.656007] ** This system shows unhashed kernel memory addresses   **
[    1.656008] ** via the console, logs, and other interfaces. This    **
[    1.656008] ** might reduce the security of your system.            **
[    1.656008] **                                                      **
[    1.656009] ** If you see this message and you are not debugging    **
[    1.656009] ** the kernel, report this immediately to your system   **
[    1.656009] ** administrator!                                       **
[    1.656010] **                                                      **
[    1.656010] **   NOTICE NOTICE NOTICE NOTICE NOTICE NOTICE NOTICE   **
[    1.656010] **********************************************************
[    1.656013] random: get_random_u64 called from __kmem_cache_create+0x2a/0x540 with crng_init=0
[    1.656169] SLUB: HWalign=64, Order=0-3, MinObjects=0, CPUs=16, Nodes=1
[    1.656184] Kernel/User page tables isolation: enabled
[    1.656206] ftrace: allocating 44294 entries in 174 pages
[    1.667634] ftrace: allocated 174 pages with 5 groups
[    1.667780] rcu: Preemptible hierarchical RCU implementation.
[    1.667780] rcu: 	RCU dyntick-idle grace-period acceleration is enabled.
[    1.667781] rcu: 	RCU restricting CPUs from NR_CPUS=320 to nr_cpu_ids=16.
[    1.667781] rcu: 	RCU priority boosting: priority 1 delay 500 ms.
[    1.667782] 	Trampoline variant of Tasks RCU enabled.
[    1.667783] 	Rude variant of Tasks RCU enabled.
[    1.667783] 	Tracing variant of Tasks RCU enabled.
[    1.667784] rcu: RCU calculated value of scheduler-enlistment delay is 30 jiffies.
[    1.667784] rcu: Adjusting geometry for rcu_fanout_leaf=16, nr_cpu_ids=16
[    1.671191] NR_IRQS: 20736, nr_irqs: 1096, preallocated irqs: 16
[    1.671450] kfence: initialized - using 2097152 bytes for 255 objects at 0xffff9c97fdc00000-0xffff9c97fde00000
[    1.671618] Console: colour dummy device 80x25
[    1.671631] printk: console [tty0] enabled
[    1.671652] ACPI: Core revision 20210730
[    1.671873] clocksource: hpet: mask: 0xffffffff max_cycles: 0xffffffff, max_idle_ns: 133484873504 ns
[    1.671891] APIC: Switch to symmetric I/O mode setup
[    1.672752] AMD-Vi: ivrs, add hid:AMDI0020, uid:\_SB.FUR0, rdevid:160
[    1.672753] AMD-Vi: ivrs, add hid:AMDI0020, uid:\_SB.FUR1, rdevid:160
[    1.672754] AMD-Vi: ivrs, add hid:AMDI0020, uid:\_SB.FUR2, rdevid:160
[    1.672755] AMD-Vi: ivrs, add hid:AMDI0020, uid:\_SB.FUR3, rdevid:160
[    1.673060] Switched APIC routing to physical flat.
[    1.673816] ..TIMER: vector=0x30 apic1=0 pin1=2 apic2=-1 pin2=-1
[    1.688563] clocksource: tsc-early: mask: 0xffffffffffffffff max_cycles: 0x222bf805a31, max_idle_ns: 440795313091 ns
[    1.688570] Calibrating delay loop (skipped), value calculated using timer frequency.. 4743.88 BogoMIPS (lpj=7902216)
[    1.688573] pid_max: default: 32768 minimum: 301
[    1.715280] LSM: Security Framework initializing
[    1.715296] landlock: Up and running.
[    1.715297] Yama: becoming mindful.
[    1.715330] AppArmor: AppArmor initialized
[    1.715333] LSM support for eBPF active
[    1.715380] Mount-cache hash table entries: 32768 (order: 6, 262144 bytes, linear)
[    1.715416] Mountpoint-cache hash table entries: 32768 (order: 6, 262144 bytes, linear)
[    1.715677] x86/cpu: User Mode Instruction Prevention (UMIP) activated
[    1.715713] LVT offset 1 assigned for vector 0xf9
[    1.715773] LVT offset 2 assigned for vector 0xf4
[    1.715791] Last level iTLB entries: 4KB 1024, 2MB 1024, 4MB 512
[    1.715792] Last level dTLB entries: 4KB 2048, 2MB 2048, 4MB 1024, 1GB 0
[    1.715796] Spectre V1 : Mitigation: usercopy/swapgs barriers and __user pointer sanitization
[    1.715798] Spectre V2 : Mitigation: Full AMD retpoline
[    1.715798] Spectre V2 : Spectre v2 / SpectreRSB mitigation: Filling RSB on context switch
[    1.715799] Spectre V2 : Enabling Restricted Speculation for firmware calls
[    1.715801] Spectre V2 : mitigation: Enabling conditional Indirect Branch Prediction Barrier
[    1.715802] Speculative Store Bypass: Mitigation: Speculative Store Bypass disabled via prctl and seccomp
[    1.717967] Freeing SMP alternatives memory: 36K
[    1.828402] smpboot: CPU0: AMD Ryzen 5 4500U with Radeon Graphics (family: 0x17, model: 0x60, stepping: 0x1)
[    1.828563] Performance Events: Fam17h+ core perfctr, AMD PMU driver.
[    1.828567] ... version:                0
[    1.828567] ... bit width:              48
[    1.828567] ... generic registers:      6
[    1.828567] ... value mask:             0000ffffffffffff
[    1.828567] ... max period:             00007fffffffffff
[    1.828567] ... fixed-purpose events:   0
[    1.828567] ... event mask:             000000000000003f
[    1.828567] rcu: Hierarchical SRCU implementation.
[    1.828567] NMI watchdog: Enabled. Permanently consumes one hw-PMU counter.
[    1.828567] smp: Bringing up secondary CPUs ...
[    1.828567] x86: Booting SMP configuration:
[    1.828567] .... node  #0, CPUs:        #1  #2  #3
[    1.830974] TSC synchronization [CPU#0 -> CPU#3]:
[    1.830975] Measured 3563 cycles TSC warp between CPUs, turning off TSC clock.
[    1.830977] tsc: Marking TSC unstable due to check_tsc_sync_source failed
[    1.832033]   #4  #5
[    1.832287] smp: Brought up 1 node, 6 CPUs
[    1.832287] smpboot: Max logical packages: 3
[    1.832287] smpboot: Total of 6 processors activated (28459.31 BogoMIPS)
[    1.835815] devtmpfs: initialized
[    1.835815] x86/mm: Memory block size: 128MB
[    1.836411] ACPI: PM: Registering ACPI NVS region [mem 0x09f00000-0x09f0ffff] (65536 bytes)
[    1.836411] ACPI: PM: Registering ACPI NVS region [mem 0xccf7f000-0xcdf7efff] (16777216 bytes)
[    1.836411] clocksource: jiffies: mask: 0xffffffff max_cycles: 0xffffffff, max_idle_ns: 6370867519511994 ns
[    1.836411] futex hash table entries: 4096 (order: 6, 262144 bytes, linear)
[    1.836411] pinctrl core: initialized pinctrl subsystem
[    1.836411] PM: RTC time: 15:12:39, date: 2021-12-10
[    1.838696] NET: Registered PF_NETLINK/PF_ROUTE protocol family
[    1.839064] DMA: preallocated 2048 KiB GFP_KERNEL pool for atomic allocations
[    1.839314] DMA: preallocated 2048 KiB GFP_KERNEL|GFP_DMA pool for atomic allocations
[    1.839532] DMA: preallocated 2048 KiB GFP_KERNEL|GFP_DMA32 pool for atomic allocations
[    1.839687] thermal_sys: Registered thermal governor 'fair_share'
[    1.839688] thermal_sys: Registered thermal governor 'bang_bang'
[    1.839689] thermal_sys: Registered thermal governor 'step_wise'
[    1.839689] thermal_sys: Registered thermal governor 'user_space'
[    1.839690] thermal_sys: Registered thermal governor 'power_allocator'
[    1.839708] cpuidle: using governor ladder
[    1.839711] cpuidle: using governor menu
[    1.839737] Simple Boot Flag at 0x44 set to 0x80
[    1.839737] HugeTLB: can free 4094 vmemmap pages for hugepages-1048576kB
[    1.839737] ACPI: bus type PCI registered
[    1.839737] acpiphp: ACPI Hot Plug PCI Controller Driver version: 0.5
[    1.839737] PCI: MMCONFIG for domain 0000 [bus 00-3f] at [mem 0xf8000000-0xfbffffff] (base 0xf8000000)
[    1.839737] PCI: MMCONFIG at [mem 0xf8000000-0xfbffffff] reserved in E820
[    1.839737] PCI: Using configuration type 1 for base access
[    1.840460] Kprobes globally optimized
[    1.841995] HugeTLB: can free 6 vmemmap pages for hugepages-2048kB
[    1.841995] HugeTLB registered 1.00 GiB page size, pre-allocated 0 pages
[    1.841995] HugeTLB registered 2.00 MiB page size, pre-allocated 0 pages
[    1.845365] ACPI: Added _OSI(Module Device)
[    1.845366] ACPI: Added _OSI(Processor Device)
[    1.845367] ACPI: Added _OSI(3.0 _SCP Extensions)
[    1.845368] ACPI: Added _OSI(Processor Aggregator Device)
[    1.845369] ACPI: Added _OSI(Linux-Dell-Video)
[    1.845370] ACPI: Added _OSI(Linux-Lenovo-NV-HDMI-Audio)
[    1.845371] ACPI: Added _OSI(Linux-HPI-Hybrid-Graphics)
[    1.860692] ACPI: 18 ACPI AML tables successfully acquired and loaded
[    1.862354] ACPI: [Firmware Bug]: BIOS _OSI(Linux) query ignored
[    1.865576] ACPI: EC: EC started
[    1.865577] ACPI: EC: interrupt blocked
[    1.867676] ACPI: EC: EC_CMD/EC_SC=0x66, EC_DATA=0x62
[    1.867678] ACPI: \_SB_.PCI0.LPC0.EC0_: Boot DSDT EC used to handle transactions
[    1.867679] ACPI: Interpreter enabled
[    1.867695] ACPI: PM: (supports S0 S4 S5)
[    1.867696] ACPI: Using IOAPIC for interrupt routing
[    1.867915] PCI: Using host bridge windows from ACPI; if necessary, use "pci=nocrs" and report a bug
[    1.871147] ACPI: PM: Power Resource [P0U0]
[    1.871180] ACPI: PM: Power Resource [P3U0]
[    1.871975] ACPI: PM: Power Resource [P0U1]
[    1.872005] ACPI: PM: Power Resource [P3U1]
[    1.872783] ACPI: PM: Power Resource [P0S0]
[    1.872812] ACPI: PM: Power Resource [P3S0]
[    1.872980] ACPI: PM: Power Resource [P0S1]
[    1.873009] ACPI: PM: Power Resource [P3S1]
[    1.879079] ACPI: PCI Root Bridge [PCI0] (domain 0000 [bus 00-ff])
[    1.879085] acpi PNP0A08:00: _OSC: OS supports [ExtendedConfig ASPM ClockPM Segments MSI EDR HPX-Type3]
[    1.879326] acpi PNP0A08:00: _OSC: platform does not support [SHPCHotplug LTR DPC]
[    1.879555] acpi PNP0A08:00: _OSC: OS now controls [PCIeHotplug PME AER PCIeCapability]
[    1.879567] acpi PNP0A08:00: [Firmware Info]: MMCONFIG for domain 0000 [bus 00-3f] only partially covers this bridge
[    1.879930] PCI host bridge to bus 0000:00
[    1.879931] pci_bus 0000:00: root bus resource [io  0x0000-0x0cf7 window]
[    1.879933] pci_bus 0000:00: root bus resource [io  0x0d00-0xffff window]
[    1.879934] pci_bus 0000:00: root bus resource [mem 0x000a0000-0x000bffff window]
[    1.879936] pci_bus 0000:00: root bus resource [mem 0x000c0000-0x000c3fff window]
[    1.879937] pci_bus 0000:00: root bus resource [mem 0x000c4000-0x000c7fff window]
[    1.879938] pci_bus 0000:00: root bus resource [mem 0x000c8000-0x000cbfff window]
[    1.879939] pci_bus 0000:00: root bus resource [mem 0x000cc000-0x000cffff window]
[    1.879940] pci_bus 0000:00: root bus resource [mem 0x000d0000-0x000d3fff window]
[    1.879941] pci_bus 0000:00: root bus resource [mem 0x000d4000-0x000d7fff window]
[    1.879942] pci_bus 0000:00: root bus resource [mem 0x000d8000-0x000dbfff window]
[    1.879943] pci_bus 0000:00: root bus resource [mem 0x000dc000-0x000dffff window]
[    1.879944] pci_bus 0000:00: root bus resource [mem 0x000e0000-0x000e3fff window]
[    1.879945] pci_bus 0000:00: root bus resource [mem 0x000e4000-0x000e7fff window]
[    1.879946] pci_bus 0000:00: root bus resource [mem 0x000e8000-0x000ebfff window]
[    1.879947] pci_bus 0000:00: root bus resource [mem 0x000ec000-0x000effff window]
[    1.879948] pci_bus 0000:00: root bus resource [mem 0xd0000000-0xf7ffffff window]
[    1.879949] pci_bus 0000:00: root bus resource [mem 0xfc000000-0xfed3ffff window]
[    1.879950] pci_bus 0000:00: root bus resource [mem 0x450200000-0xfcffffffff window]
[    1.879951] pci_bus 0000:00: root bus resource [bus 00-ff]
[    1.879987] pci 0000:00:00.0: [1022:1630] type 00 class 0x060000
[    1.880103] pci 0000:00:00.2: [1022:1631] type 00 class 0x080600
[    1.880226] pci 0000:00:01.0: [1022:1632] type 00 class 0x060000
[    1.880328] pci 0000:00:02.0: [1022:1632] type 00 class 0x060000
[    1.880432] pci 0000:00:08.0: [1022:1632] type 00 class 0x060000
[    1.880552] pci 0000:00:08.1: [1022:1635] type 01 class 0x060400
[    1.880572] pci 0000:00:08.1: enabling Extended Tags
[    1.880602] pci 0000:00:08.1: PME# supported from D0 D3hot D3cold
[    1.880750] pci 0000:00:08.2: [1022:1635] type 01 class 0x060400
[    1.880769] pci 0000:00:08.2: enabling Extended Tags
[    1.880798] pci 0000:00:08.2: PME# supported from D0 D3hot D3cold
[    1.880943] pci 0000:00:14.0: [1022:790b] type 00 class 0x0c0500
[    1.881115] pci 0000:00:14.3: [1022:790e] type 00 class 0x060100
[    1.881274] pci 0000:00:18.0: [1022:1448] type 00 class 0x060000
[    1.881352] pci 0000:00:18.1: [1022:1449] type 00 class 0x060000
[    1.881426] pci 0000:00:18.2: [1022:144a] type 00 class 0x060000
[    1.881499] pci 0000:00:18.3: [1022:144b] type 00 class 0x060000
[    1.881571] pci 0000:00:18.4: [1022:144c] type 00 class 0x060000
[    1.881650] pci 0000:00:18.5: [1022:144d] type 00 class 0x060000
[    1.881723] pci 0000:00:18.6: [1022:144e] type 00 class 0x060000
[    1.881795] pci 0000:00:18.7: [1022:144f] type 00 class 0x060000
[    1.881970] pci 0000:01:00.0: [1002:1636] type 00 class 0x030000
[    1.881981] pci 0000:01:00.0: reg 0x10: [mem 0xfce0000000-0xfcefffffff 64bit pref]
[    1.881988] pci 0000:01:00.0: reg 0x18: [mem 0xfcf0000000-0xfcf01fffff 64bit pref]
[    1.881993] pci 0000:01:00.0: reg 0x20: [io  0x1000-0x10ff]
[    1.881998] pci 0000:01:00.0: reg 0x24: [mem 0xd0400000-0xd047ffff]
[    1.882006] pci 0000:01:00.0: enabling Extended Tags
[    1.882018] pci 0000:01:00.0: BAR 0: assigned to efifb
[    1.882053] pci 0000:01:00.0: PME# supported from D1 D2 D3hot D3cold
[    1.882183] pci 0000:01:00.1: [1002:1637] type 00 class 0x040300
[    1.882190] pci 0000:01:00.1: reg 0x10: [mem 0xd04c8000-0xd04cbfff]
[    1.882210] pci 0000:01:00.1: enabling Extended Tags
[    1.882237] pci 0000:01:00.1: PME# supported from D1 D2 D3hot D3cold
[    1.882337] pci 0000:01:00.2: [1022:15df] type 00 class 0x108000
[    1.882349] pci 0000:01:00.2: reg 0x18: [mem 0xd0300000-0xd03fffff]
[    1.882358] pci 0000:01:00.2: reg 0x24: [mem 0xd04cc000-0xd04cdfff]
[    1.882364] pci 0000:01:00.2: enabling Extended Tags
[    1.882484] pci 0000:01:00.3: [1022:1639] type 00 class 0x0c0330
[    1.882494] pci 0000:01:00.3: reg 0x10: [mem 0xd0100000-0xd01fffff 64bit]
[    1.882516] pci 0000:01:00.3: enabling Extended Tags
[    1.882546] pci 0000:01:00.3: PME# supported from D0 D3hot D3cold
[    1.882646] pci 0000:01:00.4: [1022:1639] type 00 class 0x0c0330
[    1.882656] pci 0000:01:00.4: reg 0x10: [mem 0xd0200000-0xd02fffff 64bit]
[    1.882678] pci 0000:01:00.4: enabling Extended Tags
[    1.882707] pci 0000:01:00.4: PME# supported from D0 D3hot D3cold
[    1.882807] pci 0000:01:00.5: [1022:15e2] type 00 class 0x048000
[    1.882814] pci 0000:01:00.5: reg 0x10: [mem 0xd0480000-0xd04bffff]
[    1.882834] pci 0000:01:00.5: enabling Extended Tags
[    1.882861] pci 0000:01:00.5: PME# supported from D0 D3hot D3cold
[    1.882958] pci 0000:01:00.6: [1022:15e3] type 00 class 0x040300
[    1.882965] pci 0000:01:00.6: reg 0x10: [mem 0xd04c0000-0xd04c7fff]
[    1.882985] pci 0000:01:00.6: enabling Extended Tags
[    1.883012] pci 0000:01:00.6: PME# supported from D0 D3hot D3cold
[    1.883102] pci 0000:00:08.1: PCI bridge to [bus 01]
[    1.883105] pci 0000:00:08.1:   bridge window [io  0x1000-0x1fff]
[    1.883107] pci 0000:00:08.1:   bridge window [mem 0xd0100000-0xd04fffff]
[    1.883109] pci 0000:00:08.1:   bridge window [mem 0xfce0000000-0xfcf01fffff 64bit pref]
[    1.883161] pci 0000:02:00.0: [1022:7901] type 00 class 0x010601
[    1.883187] pci 0000:02:00.0: reg 0x24: [mem 0xd0001000-0xd00017ff]
[    1.883195] pci 0000:02:00.0: enabling Extended Tags
[    1.883315] pci 0000:02:00.1: [1022:7901] type 00 class 0x010601
[    1.883342] pci 0000:02:00.1: reg 0x24: [mem 0xd0000000-0xd00007ff]
[    1.883349] pci 0000:02:00.1: enabling Extended Tags
[    1.883451] pci 0000:00:08.2: PCI bridge to [bus 02]
[    1.883455] pci 0000:00:08.2:   bridge window [mem 0xd0000000-0xd00fffff]
[    1.885229] ACPI: PCI: Interrupt link LNKA configured for IRQ 0
[    1.885231] ACPI: PCI: Interrupt link LNKA disabled
[    1.885329] ACPI: PCI: Interrupt link LNKB configured for IRQ 0
[    1.885330] ACPI: PCI: Interrupt link LNKB disabled
[    1.885404] ACPI: PCI: Interrupt link LNKC configured for IRQ 0
[    1.885405] ACPI: PCI: Interrupt link LNKC disabled
[    1.885498] ACPI: PCI: Interrupt link LNKD configured for IRQ 0
[    1.885498] ACPI: PCI: Interrupt link LNKD disabled
[    1.885589] ACPI: PCI: Interrupt link LNKE configured for IRQ 0
[    1.885589] ACPI: PCI: Interrupt link LNKE disabled
[    1.885658] ACPI: PCI: Interrupt link LNKF configured for IRQ 0
[    1.885659] ACPI: PCI: Interrupt link LNKF disabled
[    1.885728] ACPI: PCI: Interrupt link LNKG configured for IRQ 0
[    1.885729] ACPI: PCI: Interrupt link LNKG disabled
[    1.885797] ACPI: PCI: Interrupt link LNKH configured for IRQ 0
[    1.885798] ACPI: PCI: Interrupt link LNKH disabled
[    1.887875] ACPI: EC: interrupt unblocked
[    1.887877] ACPI: EC: event unblocked
[    1.887881] ACPI: EC: EC_CMD/EC_SC=0x66, EC_DATA=0x62
[    1.887882] ACPI: EC: GPE=0x3
[    1.887883] ACPI: \_SB_.PCI0.LPC0.EC0_: Boot DSDT EC initialization complete
[    1.887884] ACPI: \_SB_.PCI0.LPC0.EC0_: EC: Used to handle transactions and events
[    1.888569] iommu: Default domain type: Translated 
[    1.888569] iommu: DMA domain TLB invalidation policy: lazy mode 
[    1.888591] pci 0000:01:00.0: vgaarb: VGA device added: decodes=io+mem,owns=none,locks=none
[    1.888591] pci 0000:01:00.0: vgaarb: bridge control possible
[    1.888591] pci 0000:01:00.0: vgaarb: setting as boot device
[    1.888591] vgaarb: loaded
[    1.888788] SCSI subsystem initialized
[    1.888796] libata version 3.00 loaded.
[    1.888796] ACPI: bus type USB registered
[    1.888796] usbcore: registered new interface driver usbfs
[    1.888796] usbcore: registered new interface driver hub
[    1.888796] usbcore: registered new device driver usb
[    1.892323] pps_core: LinuxPPS API ver. 1 registered
[    1.892325] pps_core: Software ver. 5.3.6 - Copyright 2005-2007 Rodolfo Giometti <giometti@linux.it>
[    1.892327] PTP clock support registered
[    1.892337] EDAC MC: Ver: 3.0.0
[    1.892383] Registered efivars operations
[    1.892383] NetLabel: Initializing
[    1.892383] NetLabel:  domain hash size = 128
[    1.892383] NetLabel:  protocols = UNLABELED CIPSOv4 CALIPSO
[    1.892383] NetLabel:  unlabeled traffic allowed by default
[    1.892383] PCI: Using ACPI for IRQ routing
[    1.894331] PCI: pci_cache_line_size set to 64 bytes
[    1.894366] e820: reserve RAM buffer [mem 0x0009f000-0x0009ffff]
[    1.894368] e820: reserve RAM buffer [mem 0x09b00000-0x0bffffff]
[    1.894369] e820: reserve RAM buffer [mem 0x09f00000-0x0bffffff]
[    1.894369] e820: reserve RAM buffer [mem 0xb3288000-0xb3ffffff]
[    1.894370] e820: reserve RAM buffer [mem 0xbab69000-0xbbffffff]
[    1.894371] e820: reserve RAM buffer [mem 0xc9f7f000-0xcbffffff]
[    1.894372] e820: reserve RAM buffer [mem 0xce000000-0xcfffffff]
[    1.894373] e820: reserve RAM buffer [mem 0x40f340000-0x40fffffff]
[    1.895403] hpet0: at MMIO 0xfed00000, IRQs 2, 8, 0
[    1.895411] hpet0: 3 comparators, 32-bit 14.318180 MHz counter
[    1.898912] clocksource: Switched to clocksource hpet
[    1.909128] VFS: Disk quotas dquot_6.6.0
[    1.909146] VFS: Dquot-cache hash table entries: 512 (order 0, 4096 bytes)
[    1.909293] AppArmor: AppArmor Filesystem Enabled
[    1.909346] pnp: PnP ACPI init
[    1.909625] system 00:00: [mem 0xfec00000-0xfec01fff] could not be reserved
[    1.909629] system 00:00: [mem 0xfee00000-0xfee00fff] has been reserved
[    1.909631] system 00:00: [mem 0xfde00000-0xfdefffff] has been reserved
[    1.909884] system 00:03: [io  0x0400-0x04cf] has been reserved
[    1.909886] system 00:03: [io  0x04d0-0x04d1] has been reserved
[    1.909887] system 00:03: [io  0x04d6] has been reserved
[    1.909888] system 00:03: [io  0x0c00-0x0c01] has been reserved
[    1.909890] system 00:03: [io  0x0c14] has been reserved
[    1.909891] system 00:03: [io  0x0c50-0x0c52] has been reserved
[    1.909892] system 00:03: [io  0x0c6c] has been reserved
[    1.909893] system 00:03: [io  0x0c6f] has been reserved
[    1.909894] system 00:03: [io  0x0cd0-0x0cdb] has been reserved
[    1.909969] system 00:04: [mem 0x000e0000-0x000fffff] could not be reserved
[    1.909971] system 00:04: [mem 0xff000000-0xffffffff] could not be reserved
[    1.911515] pnp: PnP ACPI: found 5 devices
[    1.919661] clocksource: acpi_pm: mask: 0xffffff max_cycles: 0xffffff, max_idle_ns: 2085701024 ns
[    1.919819] NET: Registered PF_INET protocol family
[    1.920544] IP idents hash table entries: 262144 (order: 9, 2097152 bytes, linear)
[    1.921922] tcp_listen_portaddr_hash hash table entries: 8192 (order: 5, 131072 bytes, linear)
[    1.922083] TCP established hash table entries: 131072 (order: 8, 1048576 bytes, linear)
[    1.922322] TCP bind hash table entries: 65536 (order: 8, 1048576 bytes, linear)
[    1.922388] TCP: Hash tables configured (established 131072 bind 65536)
[    1.922547] MPTCP token hash table entries: 16384 (order: 6, 393216 bytes, linear)
[    1.922608] UDP hash table entries: 8192 (order: 6, 262144 bytes, linear)
[    1.922661] UDP-Lite hash table entries: 8192 (order: 6, 262144 bytes, linear)
[    1.922747] NET: Registered PF_UNIX/PF_LOCAL protocol family
[    1.922753] NET: Registered PF_XDP protocol family
[    1.922767] pci 0000:00:08.1: PCI bridge to [bus 01]
[    1.922771] pci 0000:00:08.1:   bridge window [io  0x1000-0x1fff]
[    1.922775] pci 0000:00:08.1:   bridge window [mem 0xd0100000-0xd04fffff]
[    1.922777] pci 0000:00:08.1:   bridge window [mem 0xfce0000000-0xfcf01fffff 64bit pref]
[    1.922781] pci 0000:00:08.2: PCI bridge to [bus 02]
[    1.922783] pci 0000:00:08.2:   bridge window [mem 0xd0000000-0xd00fffff]
[    1.922789] pci_bus 0000:00: resource 4 [io  0x0000-0x0cf7 window]
[    1.922790] pci_bus 0000:00: resource 5 [io  0x0d00-0xffff window]
[    1.922791] pci_bus 0000:00: resource 6 [mem 0x000a0000-0x000bffff window]
[    1.922792] pci_bus 0000:00: resource 7 [mem 0x000c0000-0x000c3fff window]
[    1.922793] pci_bus 0000:00: resource 8 [mem 0x000c4000-0x000c7fff window]
[    1.922794] pci_bus 0000:00: resource 9 [mem 0x000c8000-0x000cbfff window]
[    1.922795] pci_bus 0000:00: resource 10 [mem 0x000cc000-0x000cffff window]
[    1.922796] pci_bus 0000:00: resource 11 [mem 0x000d0000-0x000d3fff window]
[    1.922797] pci_bus 0000:00: resource 12 [mem 0x000d4000-0x000d7fff window]
[    1.922798] pci_bus 0000:00: resource 13 [mem 0x000d8000-0x000dbfff window]
[    1.922799] pci_bus 0000:00: resource 14 [mem 0x000dc000-0x000dffff window]
[    1.922800] pci_bus 0000:00: resource 15 [mem 0x000e0000-0x000e3fff window]
[    1.922801] pci_bus 0000:00: resource 16 [mem 0x000e4000-0x000e7fff window]
[    1.922802] pci_bus 0000:00: resource 17 [mem 0x000e8000-0x000ebfff window]
[    1.922803] pci_bus 0000:00: resource 18 [mem 0x000ec000-0x000effff window]
[    1.922804] pci_bus 0000:00: resource 19 [mem 0xd0000000-0xf7ffffff window]
[    1.922805] pci_bus 0000:00: resource 20 [mem 0xfc000000-0xfed3ffff window]
[    1.922806] pci_bus 0000:00: resource 21 [mem 0x450200000-0xfcffffffff window]
[    1.922807] pci_bus 0000:01: resource 0 [io  0x1000-0x1fff]
[    1.922808] pci_bus 0000:01: resource 1 [mem 0xd0100000-0xd04fffff]
[    1.922809] pci_bus 0000:01: resource 2 [mem 0xfce0000000-0xfcf01fffff 64bit pref]
[    1.922810] pci_bus 0000:02: resource 1 [mem 0xd0000000-0xd00fffff]
[    1.922960] pci 0000:01:00.1: D0 power state depends on 0000:01:00.0
[    1.922995] pci 0000:01:00.3: extending delay after power-on from D3hot to 20 msec
[    1.924362] pci 0000:01:00.4: extending delay after power-on from D3hot to 20 msec
[    1.962504] pci 0000:01:00.4: quirk_usb_early_handoff+0x0/0x750 took 37245 usecs
[    1.962518] PCI: CLS 64 bytes, default 64
[    1.962532] pci 0000:00:00.2: AMD-Vi: IOMMU performance counters supported
[    1.962594] Trying to unpack rootfs image as initramfs...
[    1.962595] pci 0000:00:00.2: can't derive routing for PCI INT A
[    1.962596] pci 0000:00:00.2: PCI INT A: not connected
[    1.962616] pci 0000:00:01.0: Adding to iommu group 0
[    1.962633] pci 0000:00:02.0: Adding to iommu group 1
[    1.962649] pci 0000:00:08.0: Adding to iommu group 2
[    1.962656] pci 0000:00:08.1: Adding to iommu group 2
[    1.962663] pci 0000:00:08.2: Adding to iommu group 2
[    1.962676] pci 0000:00:14.0: Adding to iommu group 3
[    1.962684] pci 0000:00:14.3: Adding to iommu group 3
[    1.962708] pci 0000:00:18.0: Adding to iommu group 4
[    1.962715] pci 0000:00:18.1: Adding to iommu group 4
[    1.962722] pci 0000:00:18.2: Adding to iommu group 4
[    1.962729] pci 0000:00:18.3: Adding to iommu group 4
[    1.962736] pci 0000:00:18.4: Adding to iommu group 4
[    1.962743] pci 0000:00:18.5: Adding to iommu group 4
[    1.962753] pci 0000:00:18.6: Adding to iommu group 4
[    1.962760] pci 0000:00:18.7: Adding to iommu group 4
[    1.962773] pci 0000:01:00.0: Adding to iommu group 2
[    1.962777] pci 0000:01:00.1: Adding to iommu group 2
[    1.962782] pci 0000:01:00.2: Adding to iommu group 2
[    1.962786] pci 0000:01:00.3: Adding to iommu group 2
[    1.962790] pci 0000:01:00.4: Adding to iommu group 2
[    1.962797] pci 0000:01:00.5: Adding to iommu group 2
[    1.962801] pci 0000:01:00.6: Adding to iommu group 2
[    1.962805] pci 0000:02:00.0: Adding to iommu group 2
[    1.962810] pci 0000:02:00.1: Adding to iommu group 2
[    1.964256] pci 0000:00:00.2: AMD-Vi: Found IOMMU cap 0x40
[    1.964262] AMD-Vi: Extended features (0x206d73ef22254ade): PPR X2APIC NX GT IA GA PC GA_vAPIC
[    1.964266] AMD-Vi: Interrupt remapping enabled
[    1.964266] AMD-Vi: Virtual APIC enabled
[    1.964267] AMD-Vi: X2APIC enabled
[    1.964638] software IO TLB: tearing down default memory pool
[    1.972756] LVT offset 0 assigned for vector 0x400
[    1.973131] perf: AMD IBS detected (0x000003ff)
[    1.973137] perf/amd_iommu: Detected AMD IOMMU #0 (2 banks, 4 counters/bank).
[    1.974941] Initialise system trusted keyrings
[    1.974956] Key type blacklist registered
[    1.975102] workingset: timestamp_bits=41 max_order=22 bucket_order=0
[    1.976623] zbud: loaded
[    1.980111] Key type asymmetric registered
[    1.980114] Asymmetric key parser 'x509' registered
[    1.980175] Block layer SCSI generic (bsg) driver version 0.4 loaded (major 242)
[    1.980320] io scheduler mq-deadline registered
[    1.980322] io scheduler kyber registered
[    1.980354] io scheduler bfq registered
[    1.980833] pcieport 0000:00:08.1: PME: Signaling with IRQ 26
[    1.981052] pcieport 0000:00:08.2: PME: Signaling with IRQ 27
[    1.981134] shpchp: Standard Hot Plug PCI Controller Driver version: 0.4
[    1.982390] ACPI: AC: AC Adapter [ACAD] (off-line)
[    1.982430] input: Power Button as /devices/LNXSYSTM:00/LNXSYBUS:00/PNP0C0C:00/input/input0
[    1.982446] ACPI: button: Power Button [PWRB]
[    1.982476] input: Lid Switch as /devices/LNXSYSTM:00/LNXSYBUS:00/PNP0A08:00/device:2a/PNP0C09:00/PNP0C0D:00/input/input1
[    1.982492] ACPI: button: Lid Switch [LID0]
[    1.982527] Monitor-Mwait will be used to enter C-1 state
[    1.982538] ACPI: \_SB_.PLTF.C000: Found 3 idle states
[    1.982544] ACPI: FW issue: working around C-state latencies out of order
[    1.982731] ACPI: \_SB_.PLTF.C001: Found 3 idle states
[    1.982737] ACPI: FW issue: working around C-state latencies out of order
[    1.982969] ACPI: \_SB_.PLTF.C002: Found 3 idle states
[    1.982976] ACPI: FW issue: working around C-state latencies out of order
[    1.983150] ACPI: \_SB_.PLTF.C003: Found 3 idle states
[    1.983156] ACPI: FW issue: working around C-state latencies out of order
[    1.983281] ACPI: \_SB_.PLTF.C004: Found 3 idle states
[    1.983287] ACPI: FW issue: working around C-state latencies out of order
[    1.983372] ACPI: \_SB_.PLTF.C005: Found 3 idle states
[    1.983376] ACPI: FW issue: working around C-state latencies out of order
[    1.986104] thermal LNXTHERM:00: registered as thermal_zone0
[    1.986106] ACPI: thermal: Thermal Zone [TZ0] (44 C)
[    1.986374] Serial: 8250/16550 driver, 32 ports, IRQ sharing enabled
[    1.988619] Non-volatile memory driver v1.3
[    1.988622] Linux agpgart interface v0.103
[    1.988738] AMD-Vi: AMD IOMMUv2 loaded and initialized
[    1.990061] ahci 0000:02:00.0: version 3.0
[    1.990228] ahci 0000:02:00.0: AHCI 0001.0301 32 slots 1 ports 6 Gbps 0x1 impl SATA mode
[    1.990231] ahci 0000:02:00.0: flags: 64bit ncq sntf ilck pm led clo only pmp fbs pio slum part 
[    1.990476] scsi host0: ahci
[    1.990538] ata1: SATA max UDMA/133 abar m2048@0xd0001000 port 0xd0001100 irq 29
[    1.990675] ahci 0000:02:00.1: AHCI 0001.0301 32 slots 1 ports 6 Gbps 0x1 impl SATA mode
[    1.990677] ahci 0000:02:00.1: flags: 64bit ncq sntf ilck pm led clo only pmp fbs pio slum part deso sadm sds 
[    1.990947] scsi host1: ahci
[    1.990994] ata2: SATA max UDMA/133 abar m2048@0xd0000000 port 0xd0000100 irq 31
[    1.991027] ehci_hcd: USB 2.0 'Enhanced' Host Controller (EHCI) Driver
[    1.991039] ehci-pci: EHCI PCI platform driver
[    1.991055] ohci_hcd: USB 1.1 'Open' Host Controller (OHCI) Driver
[    1.991056] ohci-pci: OHCI PCI platform driver
[    1.991061] uhci_hcd: USB Universal Host Controller Interface driver
[    1.991113] usbcore: registered new interface driver usbserial_generic
[    1.991118] usbserial: USB Serial support registered for generic
[    1.991213] rtc_cmos 00:01: RTC can wake from S4
[    1.991444] rtc_cmos 00:01: registered as rtc0
[    1.991480] rtc_cmos 00:01: setting system clock to 2021-12-10T15:12:39 UTC (1639149159)
[    1.991493] rtc_cmos 00:01: alarms up to one month, 114 bytes nvram, hpet irqs
[    1.991633] ledtrig-cpu: registered to indicate activity on CPUs
[    1.991847] efifb: probing for efifb
[    1.991857] efifb: framebuffer at 0xfce0000000, using 8128k, total 8128k
[    1.991858] efifb: mode is 1920x1080x32, linelength=7680, pages=1
[    1.991858] efifb: scrolling: redraw
[    1.991859] efifb: Truecolor: size=8:8:8:8, shift=24:16:8:0
[    1.991898] fbcon: Deferring console take-over
[    1.991899] fb0: EFI VGA frame buffer device
[    1.991938] hid: raw HID events driver (C) Jiri Kosina
[    1.992040] drop_monitor: Initializing network drop monitor service
[    1.992092] Initializing XFRM netlink socket
[    1.992193] NET: Registered PF_INET6 protocol family
[    2.005855] ACPI: battery: Slot [BATT] (battery present)
[    2.302353] ata1: SATA link down (SStatus 0 SControl 300)
[    2.349330] Freeing initrd memory: 10656K
[    2.356257] Segment Routing with IPv6
[    2.356260] RPL Segment Routing with IPv6
[    2.356274] In-situ OAM (IOAM) with IPv6
[    2.356299] NET: Registered PF_PACKET protocol family
[    2.357566] microcode: CPU0: patch_level=0x08600106
[    2.357598] microcode: CPU1: patch_level=0x08600106
[    2.357626] microcode: CPU2: patch_level=0x08600106
[    2.357654] microcode: CPU3: patch_level=0x08600106
[    2.357662] microcode: CPU4: patch_level=0x08600106
[    2.357670] microcode: CPU5: patch_level=0x08600106
[    2.357675] microcode: Microcode Update Driver: v2.2.
[    2.357916] resctrl: L3 allocation detected
[    2.357917] resctrl: MB allocation detected
[    2.357918] resctrl: L3 monitoring detected
[    2.357922] IPI shorthand broadcast: enabled
[    2.358178] registered taskstats version 1
[    2.358448] Loading compiled-in X.509 certificates
[    2.360743] Loaded X.509 cert 'Build time autogenerated kernel key: ffeacdc3b63e16caac9462699fabf7f282bd1360'
[    2.362231] zswap: loaded using pool lz4/z3fold
[    2.363386] Key type ._fscrypt registered
[    2.363389] Key type .fscrypt registered
[    2.363390] Key type fscrypt-provisioning registered
[    2.363468] AppArmor: AppArmor sha1 policy hashing enabled
[    2.363843] PM:   Magic number: 1:547:234
[    2.363896] memory memory112: hash matches
[    2.364202] RAS: Correctable Errors collector initialized.
[    2.462162] ata2: SATA link up 6.0 Gbps (SStatus 133 SControl 300)
[    2.465036] ata2.00: ATA-11: SAMSUNG MZNLH512HALU-00000, RVT2200Q, max UDMA/133
[    2.466137] ata2.00: 1000215216 sectors, multi 16: LBA48 NCQ (depth 32), AA
[    2.468276] ata2.00: Features: Dev-Sleep NCQ-sndrcv
[    2.472312] ata2.00: configured for UDMA/133
[    2.472485] ata2.00: failed to enable DEVSLP
[    2.472495] ata2.00: failed to enable DIPM, Emask 0x40
[    7.952181] ata2: SATA link up 6.0 Gbps (SStatus 133 SControl 300)
[    7.960260] ata2.00: configured for UDMA/133
[    7.961041] scsi 1:0:0:0: Direct-Access     ATA      SAMSUNG MZNLH512 200Q PQ: 0 ANSI: 5
[    7.961658] sd 1:0:0:0: [sda] 1000215216 512-byte logical blocks: (512 GB/477 GiB)
[    7.961674] sd 1:0:0:0: [sda] Write Protect is off
[    7.961677] sd 1:0:0:0: [sda] Mode Sense: 00 3a 00 00
[    7.961695] sd 1:0:0:0: [sda] Write cache: enabled, read cache: enabled, doesn't support DPO or FUA
[    7.994822]  sda: sda1 sda2 sda3
[    8.028990] sd 1:0:0:0: [sda] Attached SCSI disk
[    8.029153] Unstable clock detected, switching default tracing clock to "global"
               If you want to keep using the local clock, then add:
                 "trace_clock=local"
               on the kernel command line
[    8.032455] Freeing unused decrypted memory: 2036K
[    8.033020] Freeing unused kernel image (initmem) memory: 1860K
[    8.042314] Write protecting the kernel read-only data: 28672k
[    8.043313] Freeing unused kernel image (text/rodata gap) memory: 2036K
[    8.044053] Freeing unused kernel image (rodata/data gap) memory: 1496K
[    8.086316] x86/mm: Checked W+X mappings: passed, no W+X pages found.
[    8.086324] rodata_test: all tests were successful
[    8.086327] x86/mm: Checking user space page tables
[    8.126537] x86/mm: Checked W+X mappings: passed, no W+X pages found.
[    8.126570] Run /init as init process
[    8.126572]   with arguments:
[    8.126573]     /init
[    8.126574]   with environment:
[    8.126575]     HOME=/
[    8.126576]     TERM=linux
[    8.126577]     BOOT_IMAGE=/boot/vmlinuz-linux
[    8.126578]     pti=on
[    8.126579]     mem_encrypt=on
[    8.163788] fbcon: Taking over console
[    8.163917] Console: switching to colour frame buffer device 240x67
[    8.331163] xhci_hcd 0000:01:00.3: xHCI Host Controller
[    8.331177] xhci_hcd 0000:01:00.3: new USB bus registered, assigned bus number 1
[    8.331305] xhci_hcd 0000:01:00.3: hcc params 0x0268ffe5 hci version 0x110 quirks 0x0000020000000410
[    8.331915] usb usb1: New USB device found, idVendor=1d6b, idProduct=0002, bcdDevice= 5.15
[    8.331918] usb usb1: New USB device strings: Mfr=3, Product=2, SerialNumber=1
[    8.331920] usb usb1: Product: xHCI Host Controller
[    8.331922] usb usb1: Manufacturer: Linux 5.15.7-arch1-1 xhci-hcd
[    8.331924] usb usb1: SerialNumber: 0000:01:00.3
[    8.332539] hub 1-0:1.0: USB hub found
[    8.332557] hub 1-0:1.0: 4 ports detected
[    8.333190] xhci_hcd 0000:01:00.3: xHCI Host Controller
[    8.333200] xhci_hcd 0000:01:00.3: new USB bus registered, assigned bus number 2
[    8.333206] xhci_hcd 0000:01:00.3: Host supports USB 3.1 Enhanced SuperSpeed
[    8.333244] usb usb2: We don't know the algorithms for LPM for this host, disabling LPM.
[    8.333289] usb usb2: New USB device found, idVendor=1d6b, idProduct=0003, bcdDevice= 5.15
[    8.333291] usb usb2: New USB device strings: Mfr=3, Product=2, SerialNumber=1
[    8.333293] usb usb2: Product: xHCI Host Controller
[    8.333294] usb usb2: Manufacturer: Linux 5.15.7-arch1-1 xhci-hcd
[    8.333296] usb usb2: SerialNumber: 0000:01:00.3
[    8.333707] i8042: PNP: PS/2 Controller [PNP0303:KBC0] at 0x60,0x64 irq 1
[    8.333714] i8042: PNP: PS/2 appears to have AUX port disabled, if this is incorrect please boot with i8042.nopnp
[    8.333907] hub 2-0:1.0: USB hub found
[    8.333923] hub 2-0:1.0: 2 ports detected
[    8.335206] xhci_hcd 0000:01:00.4: xHCI Host Controller
[    8.335221] xhci_hcd 0000:01:00.4: new USB bus registered, assigned bus number 3
[    8.335386] xhci_hcd 0000:01:00.4: hcc params 0x0268ffe5 hci version 0x110 quirks 0x0000020000000410
[    8.335673] serio: i8042 KBD port at 0x60,0x64 irq 1
[    8.336577] usb usb3: New USB device found, idVendor=1d6b, idProduct=0002, bcdDevice= 5.15
[    8.336587] usb usb3: New USB device strings: Mfr=3, Product=2, SerialNumber=1
[    8.336589] usb usb3: Product: xHCI Host Controller
[    8.336591] usb usb3: Manufacturer: Linux 5.15.7-arch1-1 xhci-hcd
[    8.336592] usb usb3: SerialNumber: 0000:01:00.4
[    8.336904] hub 3-0:1.0: USB hub found
[    8.337030] hub 3-0:1.0: 4 ports detected
[    8.337511] xhci_hcd 0000:01:00.4: xHCI Host Controller
[    8.337516] xhci_hcd 0000:01:00.4: new USB bus registered, assigned bus number 4
[    8.337521] xhci_hcd 0000:01:00.4: Host supports USB 3.1 Enhanced SuperSpeed
[    8.337547] usb usb4: We don't know the algorithms for LPM for this host, disabling LPM.
[    8.337579] usb usb4: New USB device found, idVendor=1d6b, idProduct=0003, bcdDevice= 5.15
[    8.337582] usb usb4: New USB device strings: Mfr=3, Product=2, SerialNumber=1
[    8.337584] usb usb4: Product: xHCI Host Controller
[    8.337585] usb usb4: Manufacturer: Linux 5.15.7-arch1-1 xhci-hcd
[    8.337586] usb usb4: SerialNumber: 0000:01:00.4
[    8.337834] hub 4-0:1.0: USB hub found
[    8.337845] hub 4-0:1.0: 2 ports detected
[    8.338080] random: fast init done
[    8.382344] input: AT Translated Set 2 keyboard as /devices/platform/i8042/serio0/input/input2
[    8.403266] PM: Image not found (code -22)
[    8.529894] EXT4-fs (sda2): mounted filesystem with ordered data mode. Opts: (null). Quota mode: none.
[    8.585553] usb 3-2: new high-speed USB device number 2 using xhci_hcd
[    8.698059] systemd[1]: systemd 249.7-2-arch running in system mode (+PAM +AUDIT -SELINUX -APPARMOR -IMA +SMACK +SECCOMP +GCRYPT +GNUTLS +OPENSSL +ACL +BLKID +CURL +ELFUTILS +FIDO2 +IDN2 -IDN +IPTC +KMOD +LIBCRYPTSETUP +LIBFDISK +PCRE2 -PWQUALITY +P11KIT -QRENCODE +BZIP2 +LZ4 +XZ +ZLIB +ZSTD +XKBCOMMON +UTMP -SYSVINIT default-hierarchy=unified)
[    8.712424] systemd[1]: Detected architecture x86-64.
[    8.713226] systemd[1]: Hostname set to <mksredmibook14ii>.
[    8.731050] usb 3-2: New USB device found, idVendor=0bda, idProduct=8152, bcdDevice=20.00
[    8.731061] usb 3-2: New USB device strings: Mfr=1, Product=2, SerialNumber=3
[    8.731065] usb 3-2: Product: USB 10/100 LAN
[    8.731068] usb 3-2: Manufacturer: Realtek
[    8.731070] usb 3-2: SerialNumber: 00E04C360696
[    8.782491] random: lvmconfig: uninitialized urandom read (4 bytes read)
[    8.868643] systemd[1]: Queued start job for default target Graphical Interface.
[    8.870829] systemd[1]: Created slice Slice /system/getty.
[    8.871360] systemd[1]: Created slice Slice /system/modprobe.
[    8.871845] systemd[1]: Created slice Slice /system/systemd-fsck.
[    8.872161] systemd[1]: Created slice User and Session Slice.
[    8.872291] systemd[1]: Started Dispatch Password Requests to Console Directory Watch.
[    8.872379] systemd[1]: Started Forward Password Requests to Wall Directory Watch.
[    8.872660] systemd[1]: Set up automount Arbitrary Executable File Formats File System Automount Point.
[    8.872751] systemd[1]: Reached target Local Encrypted Volumes.
[    8.872785] systemd[1]: Reached target Login Prompts.
[    8.872832] systemd[1]: Reached target Path Units.
[    8.872865] systemd[1]: Reached target Remote File Systems.
[    8.872894] systemd[1]: Reached target Slice Units.
[    8.872947] systemd[1]: Reached target Local Verity Protected Volumes.
[    8.873056] systemd[1]: Listening on Device-mapper event daemon FIFOs.
[    8.873450] systemd[1]: Listening on LVM2 poll daemon socket.
[    8.874886] systemd[1]: Listening on Process Core Dump Socket.
[    8.878671] systemd[1]: Condition check resulted in Journal Audit Socket being skipped.
[    8.879032] systemd[1]: Listening on Journal Socket (/dev/log).
[    8.879230] systemd[1]: Listening on Journal Socket.
[    8.880165] systemd[1]: Listening on udev Control Socket.
[    8.880338] systemd[1]: Listening on udev Kernel Socket.
[    8.881649] systemd[1]: Mounting Huge Pages File System...
[    8.882714] systemd[1]: Mounting POSIX Message Queue File System...
[    8.883895] systemd[1]: Mounting Kernel Debug File System...
[    8.885121] systemd[1]: Mounting Kernel Trace File System...
[    8.887293] systemd[1]: Starting Create List of Static Device Nodes...
[    8.888609] systemd[1]: Starting Monitoring of LVM2 mirrors, snapshots etc. using dmeventd or progress polling...
[    8.890526] systemd[1]: Starting Load Kernel Module configfs...
[    8.892497] systemd[1]: Starting Load Kernel Module drm...
[    8.893400] random: lvm: uninitialized urandom read (4 bytes read)
[    8.894123] systemd[1]: Starting Load Kernel Module fuse...
[    8.895557] systemd[1]: Condition check resulted in Set Up Additional Binary Formats being skipped.
[    8.895651] systemd[1]: Condition check resulted in File System Check on Root Device being skipped.
[    8.899071] systemd[1]: Starting Journal Service...
[    8.902510] systemd[1]: Starting Load Kernel Modules...
[    8.903619] systemd[1]: Starting Remount Root and Kernel File Systems...
[    8.903748] systemd[1]: Condition check resulted in Repartition Root Disk being skipped.
[    8.905028] systemd[1]: Starting Coldplug All udev Devices...
[    8.907309] systemd[1]: Mounted Huge Pages File System.
[    8.907483] systemd[1]: Mounted POSIX Message Queue File System.
[    8.907658] systemd[1]: Mounted Kernel Debug File System.
[    8.907841] systemd[1]: Mounted Kernel Trace File System.
[    8.908149] fuse: init (API version 7.34)
[    8.908678] systemd[1]: Finished Create List of Static Device Nodes.
[    8.911294] EXT4-fs (sda2): re-mounted. Opts: (null). Quota mode: none.
[    8.911430] systemd[1]: modprobe@configfs.service: Deactivated successfully.
[    8.911763] systemd[1]: Finished Load Kernel Module configfs.
[    8.913454] systemd[1]: modprobe@drm.service: Deactivated successfully.
[    8.913995] systemd[1]: Finished Load Kernel Module drm.
[    8.914641] systemd[1]: modprobe@fuse.service: Deactivated successfully.
[    8.915175] systemd[1]: Finished Load Kernel Module fuse.
[    8.916095] systemd[1]: Finished Load Kernel Modules.
[    8.916811] systemd[1]: Finished Remount Root and Kernel File Systems.
[    8.918740] systemd[1]: Mounting FUSE Control File System...
[    8.920807] systemd[1]: Mounting Kernel Configuration File System...
[    8.920992] systemd[1]: Condition check resulted in First Boot Wizard being skipped.
[    8.922978] systemd[1]: Condition check resulted in Rebuild Hardware Database being skipped.
[    8.924698] systemd[1]: Starting Load/Save Random Seed...
[    8.926270] systemd[1]: Starting Apply Kernel Variables...
[    8.928719] systemd[1]: Starting Create System Users...
[    8.931242] systemd[1]: Mounted FUSE Control File System.
[    8.931432] systemd[1]: Mounted Kernel Configuration File System.
[    8.942098] systemd[1]: Finished Monitoring of LVM2 mirrors, snapshots etc. using dmeventd or progress polling.
[    8.945058] systemd[1]: Finished Apply Kernel Variables.
[    8.954605] systemd[1]: Finished Create System Users.
[    8.956242] systemd[1]: Starting Create Static Device Nodes in /dev...
[    8.996059] systemd[1]: Started Journal Service.
[    9.004404] systemd-journald[241]: Received client request to flush runtime journal.
[    9.171356] acpi_cpufreq: overriding BIOS provided _PSD data
[    9.183232] acpi PNP0C14:01: duplicate WMI GUID 05901221-D566-11D1-B2F0-00A0C9062910 (first instance was on PNP0C14:00)
[    9.242559] ACPI: video: Video Device [VGA] (multi-head: yes  rom: no  post: no)
[    9.243221] acpi device:0e: registered as cooling_device6
[    9.243290] input: Video Bus as /devices/LNXSYSTM:00/LNXSYBUS:00/PNP0A08:00/device:0d/LNXVIDEO:00/input/input3
[    9.316776] ccp 0000:01:00.2: enabling device (0000 -> 0002)
[    9.317111] ccp 0000:01:00.2: ccp: unable to access the device: you might be running a broken BIOS.
[    9.317203] snd_rn_pci_acp3x 0000:01:00.5: enabling device (0000 -> 0002)
[    9.327279] ccp 0000:01:00.2: tee enabled
[    9.327286] ccp 0000:01:00.2: psp enabled
[    9.360243] input: GXT7863:00 27C6:01E0 Mouse as /devices/platform/AMDI0010:03/i2c-0/i2c-GXT7863:00/0018:27C6:01E0.0001/input/input4
[    9.360528] input: GXT7863:00 27C6:01E0 Touchpad as /devices/platform/AMDI0010:03/i2c-0/i2c-GXT7863:00/0018:27C6:01E0.0001/input/input5
[    9.360773] hid-generic 0018:27C6:01E0.0001: input,hidraw0: I2C HID v1.00 Mouse [GXT7863:00 27C6:01E0] on i2c-GXT7863:00
[    9.431947] usbcore: registered new interface driver r8152
[    9.462748] Adding 17309968k swap on /dev/sda3.  Priority:-2 extents:1 across:17309968k SSFS
[    9.514516] piix4_smbus 0000:00:14.0: SMBus Host Controller at 0xb00, revision 0
[    9.514523] piix4_smbus 0000:00:14.0: Using register 0x02 for SMBus port selection
[    9.514631] piix4_smbus 0000:00:14.0: Auxiliary SMBus Host Controller at 0xb20
[    9.515617] usbcore: registered new interface driver cdc_ether
[    9.520375] sp5100_tco: SP5100/SB800 TCO WatchDog Timer Driver
[    9.520535] sp5100-tco sp5100-tco: Using 0xfeb00000 for watchdog MMIO address
[    9.520716] sp5100-tco sp5100-tco: initialized. heartbeat=60 sec (nowayout=0)
[    9.601707] usb 3-2: reset high-speed USB device number 2 using xhci_hcd
[    9.621679] snd_hda_intel 0000:01:00.1: enabling device (0000 -> 0002)
[    9.621870] snd_hda_intel 0000:01:00.1: Handle vga_switcheroo audio client
[    9.622313] snd_hda_intel 0000:01:00.6: enabling device (0000 -> 0002)
[    9.688256] input: HD-Audio Generic HDMI/DP,pcm=3 as /devices/pci0000:00/0000:00:08.1/0000:01:00.1/sound/card0/input7
[    9.688320] input: HD-Audio Generic HDMI/DP,pcm=7 as /devices/pci0000:00/0000:00:08.1/0000:01:00.1/sound/card0/input8
[    9.702869] [drm] amdgpu kernel modesetting enabled.
[    9.713256] snd_hda_codec_realtek hdaudioC1D0: autoconfig for ALC256: line_outs=1 (0x14/0x0/0x0/0x0/0x0) type:speaker
[    9.713268] snd_hda_codec_realtek hdaudioC1D0:    speaker_outs=0 (0x0/0x0/0x0/0x0/0x0)
[    9.713273] snd_hda_codec_realtek hdaudioC1D0:    hp_outs=1 (0x21/0x0/0x0/0x0/0x0)
[    9.713276] snd_hda_codec_realtek hdaudioC1D0:    mono: mono_out=0x0
[    9.713278] snd_hda_codec_realtek hdaudioC1D0:    inputs:
[    9.713280] snd_hda_codec_realtek hdaudioC1D0:      Mic=0x19
[    9.720816] random: dbus-daemon: uninitialized urandom read (12 bytes read)
[    9.723730] amdgpu: Virtual CRAT table created for CPU
[    9.723858] amdgpu: Topology: Add CPU node
[    9.724077] checking generic (fce0000000 7f0000) vs hw (fce0000000 10000000)
[    9.724081] fb0: switching to amdgpu from EFI VGA
[    9.724261] Console: switching to colour dummy device 80x25
[    9.724319] amdgpu 0000:01:00.0: vgaarb: deactivate vga console
[    9.724587] amdgpu 0000:01:00.0: enabling device (0006 -> 0007)
[    9.724732] [drm] initializing kernel modesetting (RENOIR 0x1002:0x1636 0x1D72:0x1951 0xC3).
[    9.724737] amdgpu 0000:01:00.0: amdgpu: Trusted Memory Zone (TMZ) feature enabled
[    9.725258] [drm] register mmio base: 0xD0400000
[    9.725260] [drm] register mmio size: 524288
[    9.725264] [drm] PCIE atomic ops is not supported
[    9.726826] [drm] add ip block number 0 <soc15_common>
[    9.726828] [drm] add ip block number 1 <gmc_v9_0>
[    9.726829] [drm] add ip block number 2 <vega10_ih>
[    9.726831] [drm] add ip block number 3 <psp>
[    9.726832] [drm] add ip block number 4 <smu>
[    9.726833] [drm] add ip block number 5 <gfx_v9_0>
[    9.726834] [drm] add ip block number 6 <sdma_v4_0>
[    9.726836] [drm] add ip block number 7 <dm>
[    9.726837] [drm] add ip block number 8 <vcn_v2_0>
[    9.726838] [drm] add ip block number 9 <jpeg_v2_0>
[    9.726865] amdgpu 0000:01:00.0: amdgpu: Fetched VBIOS from VFCT
[    9.726870] amdgpu: ATOM BIOS: 113-RENOIR-026
[    9.729979] [drm] VCN decode is enabled in VM mode
[    9.729983] [drm] VCN encode is enabled in VM mode
[    9.729984] [drm] JPEG decode is enabled in VM mode
[    9.730074] [drm] vm size is 262144 GB, 4 levels, block size is 9-bit, fragment size is 9-bit
[    9.730087] amdgpu 0000:01:00.0: amdgpu: VRAM: 512M 0x000000F400000000 - 0x000000F41FFFFFFF (512M used)
[    9.730091] amdgpu 0000:01:00.0: amdgpu: GART: 1024M 0x0000000000000000 - 0x000000003FFFFFFF
[    9.730093] amdgpu 0000:01:00.0: amdgpu: AGP: 267419648M 0x000000F800000000 - 0x0000FFFFFFFFFFFF
[    9.730102] [drm] Detected VRAM RAM=512M, BAR=512M
[    9.730104] [drm] RAM width 128bits DDR4
[    9.730178] [drm] amdgpu: 512M of VRAM memory ready
[    9.730179] [drm] amdgpu: 3072M of GTT memory ready.
[    9.730194] [drm] GART: num cpu pages 262144, num gpu pages 262144
[    9.730369] [drm] PCIE GART of 1024M enabled.
[    9.730370] [drm] PTB located at 0x000000F400900000
[    9.735644] amdgpu 0000:01:00.0: amdgpu: PSP runtime database doesn't exist
[    9.747825] [drm] Loading DMUB firmware via PSP: version=0x01010019
[    9.749195] [drm] Found VCN firmware Version ENC: 1.16 DEC: 5 VEP: 0 Revision: 3
[    9.749214] amdgpu 0000:01:00.0: amdgpu: Will use PSP to load VCN firmware
[    9.759703] input: HD-Audio Generic Mic as /devices/pci0000:00/0000:00:08.1/0000:01:00.6/sound/card1/input9
[    9.759778] input: HD-Audio Generic Headphone as /devices/pci0000:00/0000:00:08.1/0000:01:00.6/sound/card1/input10
[    9.763510] input: PC Speaker as /devices/platform/pcspkr/input/input11
[    9.782224] r8152 3-2:1.0: skip request firmware
[    9.824091] r8152 3-2:1.0 eth0: v1.12.11
[    9.878693] RAPL PMU: API unit is 2^-32 Joules, 1 fixed counters, 163840 ms ovfl timer
[    9.878698] RAPL PMU: hw unit of domain package 2^-16 Joules
[    9.925927] cryptd: max_cpu_qlen set to 1000
[    9.986464] AVX2 version of gcm_enc/dec engaged.
[    9.986517] AES CTR mode by8 optimization enabled
[   10.244440] input: GXT7863:00 27C6:01E0 Mouse as /devices/platform/AMDI0010:03/i2c-0/i2c-GXT7863:00/0018:27C6:01E0.0001/input/input12
[   10.244842] input: GXT7863:00 27C6:01E0 Touchpad as /devices/platform/AMDI0010:03/i2c-0/i2c-GXT7863:00/0018:27C6:01E0.0001/input/input13
[   10.248326] hid-multitouch 0018:27C6:01E0.0001: input,hidraw0: I2C HID v1.00 Mouse [GXT7863:00 27C6:01E0] on i2c-GXT7863:00
[   10.305934] r8152 3-2:1.0 enp1s0f4u2: renamed from eth0
[   10.312806] mousedev: PS/2 mouse device common for all mice
[   10.398667] kvm: Nested Virtualization enabled
[   10.398672] SVM: kvm: Nested Paging enabled
[   10.398709] SVM: Virtual VMLOAD VMSAVE supported
[   10.398710] SVM: Virtual GIF supported
[   10.429283] MCE: In-kernel MCE decoding enabled.
[   10.513416] intel_rapl_common: Found RAPL domain package
[   10.513422] intel_rapl_common: Found RAPL domain core
[   10.549703] urandom_read: 1 callbacks suppressed
[   10.549711] random: NetworkManager: uninitialized urandom read (16 bytes read)
[   10.583389] [drm] reserve 0x400000 from 0xf41f800000 for PSP TMR
[   10.675261] amdgpu 0000:01:00.0: amdgpu: RAS: optional ras ta ucode is not available
[   10.684611] amdgpu 0000:01:00.0: amdgpu: RAP: optional rap ta ucode is not available
[   10.684620] amdgpu 0000:01:00.0: amdgpu: SECUREDISPLAY: securedisplay ta ucode is not available
[   10.684987] amdgpu 0000:01:00.0: amdgpu: SMU is initialized successfully!
[   10.686404] [drm] kiq ring mec 2 pipe 1 q 0
[   10.687257] [drm] Display Core initialized with v3.2.149!
[   10.688018] [drm] DMUB hardware initialized: version=0x01010019
[   10.714867] snd_hda_intel 0000:01:00.1: bound 0000:01:00.0 (ops amdgpu_dm_audio_component_bind_ops [amdgpu])
[   10.726464] random: nm-dispatcher: uninitialized urandom read (16 bytes read)
[   10.804479] [drm] VCN decode and encode initialized successfully(under DPG Mode).
[   10.804509] [drm] JPEG decode initialized successfully.
[   10.806777] kfd kfd: amdgpu: Allocated 3969056 bytes on gart
[   10.835735] memmap_init_zone_device initialised 131072 pages in 4ms
[   10.835752] amdgpu: HMM registered 512MB device memory
[   10.835827] amdgpu: SRAT table not found
[   10.835828] amdgpu: Virtual CRAT table created for GPU
[   10.836146] amdgpu: Topology: Add dGPU node [0x1636:0x1002]
[   10.836153] kfd kfd: amdgpu: added device 1002:1636
[   10.836178] amdgpu 0000:01:00.0: amdgpu: SE 1, SH per SE 2, CU per SH 18, active_cu_number 26
[   10.839355] [drm] fb mappable at 0x410CD1000
[   10.839362] [drm] vram apper at 0x410000000
[   10.839363] [drm] size 8294400
[   10.839364] [drm] fb depth is 24
[   10.839365] [drm]    pitch is 7680
[   10.839549] fbcon: amdgpu (fb0) is primary device
[   10.855284] random: crng init done
[   10.898181] Console: switching to colour frame buffer device 240x67
[   10.918871] amdgpu 0000:01:00.0: [drm] fb0: amdgpu frame buffer device
[   10.939852] amdgpu 0000:01:00.0: amdgpu: ring gfx uses VM inv eng 0 on hub 0
[   10.939859] amdgpu 0000:01:00.0: amdgpu: ring comp_1.0.0 uses VM inv eng 1 on hub 0
[   10.939861] amdgpu 0000:01:00.0: amdgpu: ring comp_1.1.0 uses VM inv eng 4 on hub 0
[   10.939863] amdgpu 0000:01:00.0: amdgpu: ring comp_1.2.0 uses VM inv eng 5 on hub 0
[   10.939864] amdgpu 0000:01:00.0: amdgpu: ring comp_1.3.0 uses VM inv eng 6 on hub 0
[   10.939866] amdgpu 0000:01:00.0: amdgpu: ring comp_1.0.1 uses VM inv eng 7 on hub 0
[   10.939867] amdgpu 0000:01:00.0: amdgpu: ring comp_1.1.1 uses VM inv eng 8 on hub 0
[   10.939868] amdgpu 0000:01:00.0: amdgpu: ring comp_1.2.1 uses VM inv eng 9 on hub 0
[   10.939870] amdgpu 0000:01:00.0: amdgpu: ring comp_1.3.1 uses VM inv eng 10 on hub 0
[   10.939872] amdgpu 0000:01:00.0: amdgpu: ring kiq_2.1.0 uses VM inv eng 11 on hub 0
[   10.939874] amdgpu 0000:01:00.0: amdgpu: ring sdma0 uses VM inv eng 0 on hub 1
[   10.939876] amdgpu 0000:01:00.0: amdgpu: ring vcn_dec uses VM inv eng 1 on hub 1
[   10.939877] amdgpu 0000:01:00.0: amdgpu: ring vcn_enc0 uses VM inv eng 4 on hub 1
[   10.939879] amdgpu 0000:01:00.0: amdgpu: ring vcn_enc1 uses VM inv eng 5 on hub 1
[   10.939881] amdgpu 0000:01:00.0: amdgpu: ring jpeg_dec uses VM inv eng 6 on hub 1
[   10.947255] [drm] Initialized amdgpu 3.42.0 20150101 for 0000:01:00.0 on minor 0
[   11.693849] IPv6: ADDRCONF(NETDEV_CHANGE): enp1s0f4u2: link becomes ready
[   11.695188] r8152 3-2:1.0 enp1s0f4u2: carrier on
[   45.868502] iptables reject: IN=enp1s0f4u2 OUT= MAC= SRC=192.168.88.247 DST=224.0.0.251 LEN=68 TOS=0x00 PREC=0x00 TTL=1 ID=44248 DF PROTO=UDP SPT=5353 DPT=5353 LEN=48 
[   46.845097] iptables reject: IN=enp1s0f4u2 OUT= MAC= SRC=192.168.88.247 DST=224.0.0.251 LEN=68 TOS=0x00 PREC=0x00 TTL=1 ID=44421 DF PROTO=UDP SPT=5353 DPT=5353 LEN=48 
[   48.850425] iptables reject: IN=enp1s0f4u2 OUT= MAC= SRC=192.168.88.247 DST=224.0.0.251 LEN=68 TOS=0x00 PREC=0x00 TTL=1 ID=44956 DF PROTO=UDP SPT=5353 DPT=5353 LEN=48 
[   69.681941] ucsi_acpi USBC000:00: PPM init failed (-110)
[  204.394903] Bluetooth: Core ver 2.22
[  204.394965] NET: Registered PF_BLUETOOTH protocol family
[  204.394967] Bluetooth: HCI device and connection manager initialized
[  204.394977] Bluetooth: HCI socket layer initialized
[  204.394982] Bluetooth: L2CAP socket layer initialized
[  204.394988] Bluetooth: SCO socket layer initialized
[  239.699029] device enp1s0f4u2 entered promiscuous mode
[  239.699252] r8152 3-2:1.0 enp1s0f4u2: Promiscuous mode enabled
[  246.042021] device enp1s0f4u2 left promiscuous mode
[ 3486.961918] atkbd serio0: Unknown key pressed (translated set 2, code 0xf6 on isa0060/serio0).
[ 3486.961933] atkbd serio0: Use 'setkeycodes e076 <keycode>' to make it known.
[ 3488.420564] atkbd serio0: Unknown key released (translated set 2, code 0xf6 on isa0060/serio0).
[ 3488.420573] atkbd serio0: Use 'setkeycodes e076 <keycode>' to make it known.
[ 8540.047163] atkbd serio0: Unknown key pressed (translated set 2, code 0xf6 on isa0060/serio0).
[ 8540.047172] atkbd serio0: Use 'setkeycodes e076 <keycode>' to make it known.
[ 8542.738763] atkbd serio0: Unknown key released (translated set 2, code 0xf6 on isa0060/serio0).
[ 8542.738777] atkbd serio0: Use 'setkeycodes e076 <keycode>' to make it known.
[11720.674462] r8152 3-2:1.0 enp1s0f4u2: carrier off
[11726.283602] r8152 3-2:1.0 enp1s0f4u2: carrier on
[11743.234942] r8152 3-2:1.0 enp1s0f4u2: carrier off
[11752.363862] r8152 3-2:1.0 enp1s0f4u2: carrier on
[11770.313946] iptables reject: IN=enp1s0f4u2 OUT= MAC= SRC=192.168.88.247 DST=224.0.0.251 LEN=68 TOS=0x00 PREC=0x00 TTL=1 ID=15423 DF PROTO=UDP SPT=5353 DPT=5353 LEN=48 
[11770.314588] iptables reject: IN=enp1s0f4u2 OUT= MAC= SRC=192.168.88.247 DST=224.0.0.251 LEN=68 TOS=0x00 PREC=0x00 TTL=1 ID=15424 DF PROTO=UDP SPT=5353 DPT=5353 LEN=48 
[11771.308875] iptables reject: IN=enp1s0f4u2 OUT= MAC= SRC=192.168.88.247 DST=224.0.0.251 LEN=68 TOS=0x00 PREC=0x00 TTL=1 ID=15710 DF PROTO=UDP SPT=5353 DPT=5353 LEN=48 
[11771.309382] iptables reject: IN=enp1s0f4u2 OUT= MAC= SRC=192.168.88.247 DST=224.0.0.251 LEN=68 TOS=0x00 PREC=0x00 TTL=1 ID=15711 DF PROTO=UDP SPT=5353 DPT=5353 LEN=48 
[11773.310208] iptables reject: IN=enp1s0f4u2 OUT= MAC= SRC=192.168.88.247 DST=224.0.0.251 LEN=68 TOS=0x00 PREC=0x00 TTL=1 ID=15754 DF PROTO=UDP SPT=5353 DPT=5353 LEN=48 
[11773.310689] iptables reject: IN=enp1s0f4u2 OUT= MAC= SRC=192.168.88.247 DST=224.0.0.251 LEN=68 TOS=0x00 PREC=0x00 TTL=1 ID=15755 DF PROTO=UDP SPT=5353 DPT=5353 LEN=48 
[13228.284766] atkbd serio0: Unknown key pressed (translated set 2, code 0xf6 on isa0060/serio0).
[13228.284777] atkbd serio0: Use 'setkeycodes e076 <keycode>' to make it known.
[13233.618394] atkbd serio0: Unknown key released (translated set 2, code 0xf6 on isa0060/serio0).
[13233.618402] atkbd serio0: Use 'setkeycodes e076 <keycode>' to make it known.
[13764.994426] atkbd serio0: Unknown key pressed (translated set 2, code 0xf6 on isa0060/serio0).
[13764.994437] atkbd serio0: Use 'setkeycodes e076 <keycode>' to make it known.
[13766.560693] atkbd serio0: Unknown key released (translated set 2, code 0xf6 on isa0060/serio0).
[13766.560705] atkbd serio0: Use 'setkeycodes e076 <keycode>' to make it known.
[13767.559697] atkbd serio0: Unknown key pressed (translated set 2, code 0xf6 on isa0060/serio0).
[13767.559709] atkbd serio0: Use 'setkeycodes e076 <keycode>' to make it known.
[13768.458950] atkbd serio0: Unknown key released (translated set 2, code 0xf6 on isa0060/serio0).
[13768.458960] atkbd serio0: Use 'setkeycodes e076 <keycode>' to make it known.
[14858.936998] atkbd serio0: Unknown key pressed (translated set 2, code 0xf6 on isa0060/serio0).
[14858.937010] atkbd serio0: Use 'setkeycodes e076 <keycode>' to make it known.
[14859.392225] atkbd serio0: Unknown key released (translated set 2, code 0xf6 on isa0060/serio0).
[14859.392238] atkbd serio0: Use 'setkeycodes e076 <keycode>' to make it known.
[21056.277585] atkbd serio0: Unknown key pressed (translated set 2, code 0xf6 on isa0060/serio0).
[21056.277591] atkbd serio0: Use 'setkeycodes e076 <keycode>' to make it known.
[21058.007068] atkbd serio0: Unknown key released (translated set 2, code 0xf6 on isa0060/serio0).
[21058.007080] atkbd serio0: Use 'setkeycodes e076 <keycode>' to make it known.
[23178.089305] atkbd serio0: Unknown key pressed (translated set 2, code 0xf6 on isa0060/serio0).
[23178.089314] atkbd serio0: Use 'setkeycodes e076 <keycode>' to make it known.
[23178.108810] atkbd serio0: Unknown key released (translated set 2, code 0xf6 on isa0060/serio0).
[23178.108814] atkbd serio0: Use 'setkeycodes e076 <keycode>' to make it known.
[29792.155614] usb 1-2: new low-speed USB device number 2 using xhci_hcd
[29792.313081] usb 1-2: New USB device found, idVendor=1bcf, idProduct=0005, bcdDevice= 0.90
[29792.313087] usb 1-2: New USB device strings: Mfr=0, Product=2, SerialNumber=0
[29792.313088] usb 1-2: Product: USB Optical Mouse
[29792.313233] usb 1-2: Device is not authorized for usage
[29886.971960] atkbd serio0: Unknown key pressed (translated set 2, code 0xf6 on isa0060/serio0).
[29886.971969] atkbd serio0: Use 'setkeycodes e076 <keycode>' to make it known.
[29889.178255] atkbd serio0: Unknown key released (translated set 2, code 0xf6 on isa0060/serio0).
[29889.178263] atkbd serio0: Use 'setkeycodes e076 <keycode>' to make it known.
[30581.905039] usb 1-2: USB disconnect, device number 2
[30584.536049] usb 1-2: new low-speed USB device number 3 using xhci_hcd
[30584.689254] usb 1-2: New USB device found, idVendor=1bcf, idProduct=0005, bcdDevice= 0.90
[30584.689260] usb 1-2: New USB device strings: Mfr=0, Product=2, SerialNumber=0
[30584.689261] usb 1-2: Product: USB Optical Mouse
[30584.689378] usb 1-2: Device is not authorized for usage
[30590.301729] atkbd serio0: Unknown key pressed (translated set 2, code 0xf6 on isa0060/serio0).
[30590.301737] atkbd serio0: Use 'setkeycodes e076 <keycode>' to make it known.
[30590.341283] atkbd serio0: Unknown key released (translated set 2, code 0xf6 on isa0060/serio0).
[30590.341292] atkbd serio0: Use 'setkeycodes e076 <keycode>' to make it known.
[30630.362445] atkbd serio0: Unknown key pressed (translated set 2, code 0xf6 on isa0060/serio0).
[30630.362451] atkbd serio0: Use 'setkeycodes e076 <keycode>' to make it known.
[30630.839779] atkbd serio0: Unknown key released (translated set 2, code 0xf6 on isa0060/serio0).
[30630.839787] atkbd serio0: Use 'setkeycodes e076 <keycode>' to make it known.
[30633.872592] atkbd serio0: Unknown key pressed (translated set 2, code 0xf6 on isa0060/serio0).
[30633.872597] atkbd serio0: Use 'setkeycodes e076 <keycode>' to make it known.
[30634.258173] atkbd serio0: Unknown key released (translated set 2, code 0xf6 on isa0060/serio0).
[30634.258181] atkbd serio0: Use 'setkeycodes e076 <keycode>' to make it known.
[30648.783361] usb 1-2: authorized to connect
[30648.830485] input: USB Optical Mouse as /devices/pci0000:00/0000:00:08.1/0000:01:00.3/usb1/1-2/1-2:1.0/0003:1BCF:0005.0002/input/input15
[30648.830707] hid-generic 0003:1BCF:0005.0002: input,hidraw1: USB HID v1.10 Mouse [USB Optical Mouse] on usb-0000:01:00.3-2/input0
[30648.830740] usbcore: registered new interface driver usbhid
[30648.830741] usbhid: USB HID core driver
[36118.567048] StrikeSuitZero[28436]: segfault at 68 ip 00000000f7e9d8f5 sp 00000000fff9a640 error 4 in libpthread-2.33.so[f7e9a000+11000]
[36118.567065] Code: 55 01 00 55 57 56 53 83 ec 3c 8b 5c 24 50 8b 7c 24 54 89 44 24 08 8b 74 24 5c 8b 4c 24 60 65 a1 14 00 00 00 89 44 24 2c 31 c0 <8b> 43 68 85 c0 0f 88 40 01 00 00 39 9b 24 02 00 00 0f 84 24 01 00
[36236.568420] usb 1-2: USB disconnect, device number 3
[36821.313234] traps: gdbus[3248] trap int3 ip:7f06f0408200 sp:7f06ea3f22d0 error:0 in libglib-2.0.so.0.7000.1[7f06f03ca000+8d000]
[36824.872040] device enp1s0f4u2 entered promiscuous mode
[36824.872288] r8152 3-2:1.0 enp1s0f4u2: Promiscuous mode enabled
[36828.842034] device enp1s0f4u2 left promiscuous mode
[37422.689986] atkbd serio0: Unknown key pressed (translated set 2, code 0xf6 on isa0060/serio0).
[37422.689995] atkbd serio0: Use 'setkeycodes e076 <keycode>' to make it known.
[37423.160150] atkbd serio0: Unknown key released (translated set 2, code 0xf6 on isa0060/serio0).
[37423.160158] atkbd serio0: Use 'setkeycodes e076 <keycode>' to make it known.
[37441.832848] atkbd serio0: Unknown key pressed (translated set 2, code 0xf6 on isa0060/serio0).
[37441.832853] atkbd serio0: Use 'setkeycodes e076 <keycode>' to make it known.
[37442.412456] atkbd serio0: Unknown key released (translated set 2, code 0xf6 on isa0060/serio0).
[37442.412461] atkbd serio0: Use 'setkeycodes e076 <keycode>' to make it known.
[37574.987930] atkbd serio0: Unknown key pressed (translated set 2, code 0xf6 on isa0060/serio0).
[37574.987938] atkbd serio0: Use 'setkeycodes e076 <keycode>' to make it known.
[37576.397260] atkbd serio0: Unknown key released (translated set 2, code 0xf6 on isa0060/serio0).
[37576.397265] atkbd serio0: Use 'setkeycodes e076 <keycode>' to make it known.
[37576.981446] atkbd serio0: Unknown key pressed (translated set 2, code 0xf6 on isa0060/serio0).
[37576.981451] atkbd serio0: Use 'setkeycodes e076 <keycode>' to make it known.
[37587.119131] atkbd serio0: Unknown key released (translated set 2, code 0xf6 on isa0060/serio0).
[37587.119136] atkbd serio0: Use 'setkeycodes e076 <keycode>' to make it known.
[38095.239958] atkbd serio0: Unknown key pressed (translated set 2, code 0xf6 on isa0060/serio0).
[38095.239962] atkbd serio0: Use 'setkeycodes e076 <keycode>' to make it known.
[38095.780006] atkbd serio0: Unknown key released (translated set 2, code 0xf6 on isa0060/serio0).
[38095.780015] atkbd serio0: Use 'setkeycodes e076 <keycode>' to make it known.
[38099.542054] atkbd serio0: Unknown key pressed (translated set 2, code 0xf6 on isa0060/serio0).
[38099.542059] atkbd serio0: Use 'setkeycodes e076 <keycode>' to make it known.
[38100.206469] atkbd serio0: Unknown key released (translated set 2, code 0xf6 on isa0060/serio0).
[38100.206474] atkbd serio0: Use 'setkeycodes e076 <keycode>' to make it known.
[38101.320983] atkbd serio0: Unknown key pressed (translated set 2, code 0xf6 on isa0060/serio0).
[38101.320992] atkbd serio0: Use 'setkeycodes e076 <keycode>' to make it known.
[38101.450866] atkbd serio0: Unknown key released (translated set 2, code 0xf6 on isa0060/serio0).
[38101.450875] atkbd serio0: Use 'setkeycodes e076 <keycode>' to make it known.
[38101.512679] atkbd serio0: Unknown key pressed (translated set 2, code 0xf6 on isa0060/serio0).
[38101.512689] atkbd serio0: Use 'setkeycodes e076 <keycode>' to make it known.
[38102.540312] atkbd serio0: Unknown key released (translated set 2, code 0xf6 on isa0060/serio0).
[38102.540320] atkbd serio0: Use 'setkeycodes e076 <keycode>' to make it known.
[38126.070014] atkbd serio0: Unknown key pressed (translated set 2, code 0xf6 on isa0060/serio0).
[38126.070020] atkbd serio0: Use 'setkeycodes e076 <keycode>' to make it known.
[38126.502668] atkbd serio0: Unknown key released (translated set 2, code 0xf6 on isa0060/serio0).
[38126.502673] atkbd serio0: Use 'setkeycodes e076 <keycode>' to make it known.
[38137.450139] atkbd serio0: Unknown key pressed (translated set 2, code 0xf6 on isa0060/serio0).
[38137.450148] atkbd serio0: Use 'setkeycodes e076 <keycode>' to make it known.
[38138.031034] atkbd serio0: Unknown key released (translated set 2, code 0xf6 on isa0060/serio0).
[38138.031040] atkbd serio0: Use 'setkeycodes e076 <keycode>' to make it known.
[38138.185577] atkbd serio0: Unknown key pressed (translated set 2, code 0xf6 on isa0060/serio0).
[38138.185586] atkbd serio0: Use 'setkeycodes e076 <keycode>' to make it known.
[38138.879030] atkbd serio0: Unknown key released (translated set 2, code 0xf6 on isa0060/serio0).
[38138.879035] atkbd serio0: Use 'setkeycodes e076 <keycode>' to make it known.
[38140.841536] atkbd serio0: Unknown key pressed (translated set 2, code 0xf6 on isa0060/serio0).
[38140.841542] atkbd serio0: Use 'setkeycodes e076 <keycode>' to make it known.
[38141.333880] atkbd serio0: Unknown key released (translated set 2, code 0xf6 on isa0060/serio0).
[38141.333885] atkbd serio0: Use 'setkeycodes e076 <keycode>' to make it known.
[38150.547041] atkbd serio0: Unknown key pressed (translated set 2, code 0xf6 on isa0060/serio0).
[38150.547048] atkbd serio0: Use 'setkeycodes e076 <keycode>' to make it known.
[38151.376202] atkbd serio0: Unknown key released (translated set 2, code 0xf6 on isa0060/serio0).
[38151.376211] atkbd serio0: Use 'setkeycodes e076 <keycode>' to make it known.
[38151.828317] atkbd serio0: Unknown key pressed (translated set 2, code 0xf6 on isa0060/serio0).
[38151.828326] atkbd serio0: Use 'setkeycodes e076 <keycode>' to make it known.
[38151.896250] atkbd serio0: Unknown key released (translated set 2, code 0xf6 on isa0060/serio0).
[38151.896256] atkbd serio0: Use 'setkeycodes e076 <keycode>' to make it known.
[38152.486795] atkbd serio0: Unknown key pressed (translated set 2, code 0xf6 on isa0060/serio0).
[38152.486805] atkbd serio0: Use 'setkeycodes e076 <keycode>' to make it known.
[38153.117546] atkbd serio0: Unknown key released (translated set 2, code 0xf6 on isa0060/serio0).
[38153.117551] atkbd serio0: Use 'setkeycodes e076 <keycode>' to make it known.
[38155.255986] atkbd serio0: Unknown key pressed (translated set 2, code 0xf6 on isa0060/serio0).
[38155.255994] atkbd serio0: Use 'setkeycodes e076 <keycode>' to make it known.
[38155.806035] atkbd serio0: Unknown key released (translated set 2, code 0xf6 on isa0060/serio0).
[38155.806044] atkbd serio0: Use 'setkeycodes e076 <keycode>' to make it known.
[38197.537696] atkbd serio0: Unknown key pressed (translated set 2, code 0xf6 on isa0060/serio0).
[38197.537701] atkbd serio0: Use 'setkeycodes e076 <keycode>' to make it known.
[38197.930571] atkbd serio0: Unknown key released (translated set 2, code 0xf6 on isa0060/serio0).
[38197.930577] atkbd serio0: Use 'setkeycodes e076 <keycode>' to make it known.
[38433.590669] atkbd serio0: Unknown key pressed (translated set 2, code 0xf6 on isa0060/serio0).
[38433.590674] atkbd serio0: Use 'setkeycodes e076 <keycode>' to make it known.
[38433.957088] atkbd serio0: Unknown key released (translated set 2, code 0xf6 on isa0060/serio0).
[38433.957097] atkbd serio0: Use 'setkeycodes e076 <keycode>' to make it known.
