[    0.000000] Linux version 5.16.11-arch1-2 (linux@archlinux) (gcc (GCC) 11.2.0, GNU ld (GNU Binutils) 2.38) #1 SMP PREEMPT Mon, 28 Feb 2022 10:17:30 +0000
[    0.000000] Command line: BOOT_IMAGE=/boot/vmlinuz-linux root=UUID=4a1e3b32-c022-4157-be6c-5f37d4e06cdf rw quiet resume=UUID=d8ba5b72-ed10-49e7-94e8-1b4f0c08b046 loglevel=3 audit=1 lsm=landlock,lockdown,yama,apparmor,bpf l1tf=full,force mds=full,nosmt mitigations=auto,nosmt nosmt=force pcie_aspm=force init_on_alloc=1 init_on_free=1 randomize_kstack_offset=on slab_nomerge pti=on slub_debug=ZF slub_debug=P page_poison=1 mem_encrypt=on vsyscall=nonei amd_iommu=force_isolation amdgpu.gpu_recovery=1 amdgpu.virtual_display=NULL amdgpu.audio=0 amdgpu.lbpw=1 amdgpu.tmz=1 amdgpu.freesync_video=1 fsck.mode=force fsck.repair=yes efi=disable_early_pci_dma
[    0.000000] x86/fpu: Supporting XSAVE feature 0x001: 'x87 floating point registers'
[    0.000000] x86/fpu: Supporting XSAVE feature 0x002: 'SSE registers'
[    0.000000] x86/fpu: Supporting XSAVE feature 0x004: 'AVX registers'
[    0.000000] x86/fpu: xstate_offset[2]:  576, xstate_sizes[2]:  256
[    0.000000] x86/fpu: Enabled xstate features 0x7, context size is 832 bytes, using 'compacted' format.
[    0.000000] signal: max sigframe size: 1776
[    0.000000] BIOS-provided physical RAM map:
[    0.000000] BIOS-e820: [mem 0x0000000000000000-0x000000000009efff] usable
[    0.000000] BIOS-e820: [mem 0x000000000009f000-0x00000000000bffff] reserved
[    0.000000] BIOS-e820: [mem 0x0000000000100000-0x0000000009afffff] usable
[    0.000000] BIOS-e820: [mem 0x0000000009b00000-0x0000000009dfffff] reserved
[    0.000000] BIOS-e820: [mem 0x0000000009e00000-0x0000000009efffff] usable
[    0.000000] BIOS-e820: [mem 0x0000000009f00000-0x0000000009f0ffff] ACPI NVS
[    0.000000] BIOS-e820: [mem 0x0000000009f10000-0x00000000bab68fff] usable
[    0.000000] BIOS-e820: [mem 0x00000000bab69000-0x00000000bbd68fff] reserved
[    0.000000] BIOS-e820: [mem 0x00000000bbd69000-0x00000000c9f7efff] usable
[    0.000000] BIOS-e820: [mem 0x00000000c9f7f000-0x00000000caf7efff] type 20
[    0.000000] BIOS-e820: [mem 0x00000000caf7f000-0x00000000ccf7efff] reserved
[    0.000000] BIOS-e820: [mem 0x00000000ccf7f000-0x00000000cdf7efff] ACPI NVS
[    0.000000] BIOS-e820: [mem 0x00000000cdf7f000-0x00000000cdffefff] ACPI data
[    0.000000] BIOS-e820: [mem 0x00000000cdfff000-0x00000000cdffffff] usable
[    0.000000] BIOS-e820: [mem 0x00000000ce000000-0x00000000ceffffff] reserved
[    0.000000] BIOS-e820: [mem 0x00000000f8000000-0x00000000fbffffff] reserved
[    0.000000] BIOS-e820: [mem 0x00000000fde00000-0x00000000fdefffff] reserved
[    0.000000] BIOS-e820: [mem 0x00000000fec00000-0x00000000fec00fff] reserved
[    0.000000] BIOS-e820: [mem 0x00000000fec10000-0x00000000fec10fff] reserved
[    0.000000] BIOS-e820: [mem 0x00000000fec20000-0x00000000fec20fff] reserved
[    0.000000] BIOS-e820: [mem 0x00000000fed80000-0x00000000fed80fff] reserved
[    0.000000] BIOS-e820: [mem 0x00000000fee00000-0x00000000fee00fff] reserved
[    0.000000] BIOS-e820: [mem 0x00000000ff000000-0x00000000fff2ffff] reserved
[    0.000000] BIOS-e820: [mem 0x0000000100000000-0x000000040f33ffff] usable
[    0.000000] BIOS-e820: [mem 0x000000040f340000-0x000000042fffffff] reserved
[    0.000000] SMT: Force disabled
[    0.000000] Malformed early option 'vsyscall'
[    0.000000] NX (Execute Disable) protection: active
[    0.000000] efi: EFI v2.70 by INSYDE Corp.
[    0.000000] efi: ACPI=0xcdffe000 ACPI 2.0=0xcdffe014 TPMFinalLog=0xcdf2c000 SMBIOS=0xcb70c000 SMBIOS 3.0=0xcb70a000 ESRT=0xcb70d418 
[    0.000000] SMBIOS 3.2.0 present.
[    0.000000] DMI: TIMI RedmiBook 14 II/TM1951, BIOS RMARN4B0P0909 08/19/2020
[    0.000000] tsc: Fast TSC calibration using PIT
[    0.000000] tsc: Detected 2370.620 MHz processor
[    0.000544] e820: update [mem 0x00000000-0x00000fff] usable ==> reserved
[    0.000546] e820: remove [mem 0x000a0000-0x000fffff] usable
[    0.000551] last_pfn = 0x40f340 max_arch_pfn = 0x400000000
[    0.000731] x86/PAT: Configuration [0-7]: WB  WC  UC- UC  WB  WP  UC- WT  
[    0.000955] last_pfn = 0xce000 max_arch_pfn = 0x400000000
[    0.010378] esrt: Reserving ESRT space from 0x00000000cb70d418 to 0x00000000cb70d450.
[    0.010387] Kernel/User page tables isolation: force enabled on command line.
[    0.010388] Using GB pages for direct mapping
[    0.010677] Secure boot disabled
[    0.010678] RAMDISK: [mem 0x373f5000-0x379f1fff]
[    0.010682] ACPI: Early table checksum verification disabled
[    0.010686] ACPI: RSDP 0x00000000CDFFE014 000024 (v02 XMCC  )
[    0.010689] ACPI: XSDT 0x00000000CDFCE188 000134 (v01 XMCC   XMCC1951 00000002      01000013)
[    0.010694] ACPI: FACP 0x00000000CDFEC000 00010C (v05 XMCC   XMCC1951 00000002      01000013)
[    0.010698] ACPI: DSDT 0x00000000CDFDF000 006545 (v01 XMCC   XMCC1951 00000002      01000013)
[    0.010700] ACPI: FACS 0x00000000CDF29000 000040
[    0.010702] ACPI: UEFI 0x00000000CDF7E000 000236 (v01 INSYDE H2O BIOS 00000001 ACPI 00040000)
[    0.010704] ACPI: SSDT 0x00000000CDFF5000 007216 (v02 AMD    AmdTable 00000002 MSFT 04000000)
[    0.010706] ACPI: IVRS 0x00000000CDFF4000 0001A4 (v02 AMD    AmdTable 00000001 AMD  00000000)
[    0.010709] ACPI: SSDT 0x00000000CDFF3000 000228 (v01 AMD    STD3     00000001 INTL 20130117)
[    0.010711] ACPI: SSDT 0x00000000CDFF2000 000D61 (v01 XMCC   XMCC1806 00003000 INTL 20130117)
[    0.010713] ACPI: SSDT 0x00000000CDFF1000 00046D (v01 Insyde TPMACPI  00001000 INTL 20130117)
[    0.010715] ACPI: TPM2 0x00000000CDFF0000 000034 (v04 XMCC   XMCC1951 00000002      01000013)
[    0.010717] ACPI: MSDM 0x00000000CDFEF000 000055 (v03 INSYDE H2O BIOS 00000001 ACPI 00040000)
[    0.010719] ACPI: ASF! 0x00000000CDFEE000 0000A5 (v32 XMCC   XMCC1951 00000002      01000013)
[    0.010722] ACPI: BOOT 0x00000000CDFED000 000028 (v01 XMCC   XMCC1951 00000002      01000013)
[    0.010724] ACPI: HPET 0x00000000CDFEB000 000038 (v01 XMCC   XMCC1951 00000002      01000013)
[    0.010726] ACPI: APIC 0x00000000CDFEA000 000138 (v03 XMCC   XMCC1951 00000002      01000013)
[    0.010728] ACPI: MCFG 0x00000000CDFE9000 00003C (v01 XMCC   XMCC1951 00000002      01000013)
[    0.010730] ACPI: SLIC 0x00000000CDFE8000 000176 (v01 XMCC   XMCC1951 00000002      01000013)
[    0.010732] ACPI: SSDT 0x00000000CDFDE000 000080 (v01 XMCC   XMCC1951 00000002      01000013)
[    0.010734] ACPI: VFCT 0x00000000CDFD0000 00D484 (v01 XMCC   XMCC1951 00000001 AMD  31504F47)
[    0.010736] ACPI: SSDT 0x00000000CDFCF000 0000F8 (v01 XMCC   PcdTabl  00001000 INTL 20130117)
[    0.010739] ACPI: SSDT 0x00000000CDFCC000 001500 (v01 AMD    AmdTable 00000001 AMD  00000001)
[    0.010741] ACPI: CRAT 0x00000000CDFFD000 000BA8 (v01 AMD    AmdTable 00000001 AMD  00000001)
[    0.010743] ACPI: CDIT 0x00000000CDFCB000 000029 (v01 AMD    AmdTable 00000001 AMD  00000001)
[    0.010745] ACPI: SSDT 0x00000000CDFCA000 00028D (v01 AMD    AmdTable 00000001 INTL 20130117)
[    0.010747] ACPI: SSDT 0x00000000CDFC9000 000C78 (v01 AMD    AmdTable 00000001 INTL 20130117)
[    0.010749] ACPI: SSDT 0x00000000CDFC7000 0010A5 (v01 AMD    AmdTable 00000001 INTL 20130117)
[    0.010751] ACPI: SSDT 0x00000000CDFC3000 0030C8 (v01 AMD    AmdTable 00000001 INTL 20130117)
[    0.010753] ACPI: FPDT 0x00000000CDFC2000 000044 (v01 XMCC   XMCC1951 00000002      01000013)
[    0.010755] ACPI: WSMT 0x00000000CDFC0000 000028 (v01 INSYDE H2O BIOS 00000001 ACPI 00040000)
[    0.010757] ACPI: SSDT 0x00000000CDFE7000 00020A (v01 AMD    AmdTable 00000001 INTL 20130117)
[    0.010759] ACPI: SSDT 0x00000000CDFE6000 0005A1 (v01 AMD    AmdTable 00000001 INTL 20130117)
[    0.010761] ACPI: SSDT 0x00000000CDFBF000 000343 (v01 AMD    AmdTable 00000001 INTL 20130117)
[    0.010764] ACPI: SSDT 0x00000000CDFBE000 00007D (v01 AMD    AmdTable 00000001 INTL 20130117)
[    0.010766] ACPI: SSDT 0x00000000CDFBD000 000822 (v01 AMD    AmdTable 00000001 INTL 20130117)
[    0.010768] ACPI: SSDT 0x00000000CDFBC000 000517 (v01 AMD    AmdTable 00000001 INTL 20130117)
[    0.010770] ACPI: BGRT 0x00000000CDFC1000 000038 (v01 INSYDE H2O BIOS 00000001 ACPI 00040000)
[    0.010771] ACPI: Reserving FACP table memory at [mem 0xcdfec000-0xcdfec10b]
[    0.010773] ACPI: Reserving DSDT table memory at [mem 0xcdfdf000-0xcdfe5544]
[    0.010773] ACPI: Reserving FACS table memory at [mem 0xcdf29000-0xcdf2903f]
[    0.010774] ACPI: Reserving UEFI table memory at [mem 0xcdf7e000-0xcdf7e235]
[    0.010775] ACPI: Reserving SSDT table memory at [mem 0xcdff5000-0xcdffc215]
[    0.010775] ACPI: Reserving IVRS table memory at [mem 0xcdff4000-0xcdff41a3]
[    0.010776] ACPI: Reserving SSDT table memory at [mem 0xcdff3000-0xcdff3227]
[    0.010777] ACPI: Reserving SSDT table memory at [mem 0xcdff2000-0xcdff2d60]
[    0.010777] ACPI: Reserving SSDT table memory at [mem 0xcdff1000-0xcdff146c]
[    0.010778] ACPI: Reserving TPM2 table memory at [mem 0xcdff0000-0xcdff0033]
[    0.010779] ACPI: Reserving MSDM table memory at [mem 0xcdfef000-0xcdfef054]
[    0.010779] ACPI: Reserving ASF! table memory at [mem 0xcdfee000-0xcdfee0a4]
[    0.010780] ACPI: Reserving BOOT table memory at [mem 0xcdfed000-0xcdfed027]
[    0.010781] ACPI: Reserving HPET table memory at [mem 0xcdfeb000-0xcdfeb037]
[    0.010781] ACPI: Reserving APIC table memory at [mem 0xcdfea000-0xcdfea137]
[    0.010782] ACPI: Reserving MCFG table memory at [mem 0xcdfe9000-0xcdfe903b]
[    0.010783] ACPI: Reserving SLIC table memory at [mem 0xcdfe8000-0xcdfe8175]
[    0.010783] ACPI: Reserving SSDT table memory at [mem 0xcdfde000-0xcdfde07f]
[    0.010784] ACPI: Reserving VFCT table memory at [mem 0xcdfd0000-0xcdfdd483]
[    0.010785] ACPI: Reserving SSDT table memory at [mem 0xcdfcf000-0xcdfcf0f7]
[    0.010786] ACPI: Reserving SSDT table memory at [mem 0xcdfcc000-0xcdfcd4ff]
[    0.010786] ACPI: Reserving CRAT table memory at [mem 0xcdffd000-0xcdffdba7]
[    0.010787] ACPI: Reserving CDIT table memory at [mem 0xcdfcb000-0xcdfcb028]
[    0.010788] ACPI: Reserving SSDT table memory at [mem 0xcdfca000-0xcdfca28c]
[    0.010789] ACPI: Reserving SSDT table memory at [mem 0xcdfc9000-0xcdfc9c77]
[    0.010789] ACPI: Reserving SSDT table memory at [mem 0xcdfc7000-0xcdfc80a4]
[    0.010790] ACPI: Reserving SSDT table memory at [mem 0xcdfc3000-0xcdfc60c7]
[    0.010791] ACPI: Reserving FPDT table memory at [mem 0xcdfc2000-0xcdfc2043]
[    0.010791] ACPI: Reserving WSMT table memory at [mem 0xcdfc0000-0xcdfc0027]
[    0.010792] ACPI: Reserving SSDT table memory at [mem 0xcdfe7000-0xcdfe7209]
[    0.010793] ACPI: Reserving SSDT table memory at [mem 0xcdfe6000-0xcdfe65a0]
[    0.010794] ACPI: Reserving SSDT table memory at [mem 0xcdfbf000-0xcdfbf342]
[    0.010794] ACPI: Reserving SSDT table memory at [mem 0xcdfbe000-0xcdfbe07c]
[    0.010795] ACPI: Reserving SSDT table memory at [mem 0xcdfbd000-0xcdfbd821]
[    0.010796] ACPI: Reserving SSDT table memory at [mem 0xcdfbc000-0xcdfbc516]
[    0.010797] ACPI: Reserving BGRT table memory at [mem 0xcdfc1000-0xcdfc1037]
[    0.010849] No NUMA configuration found
[    0.010849] Faking a node at [mem 0x0000000000000000-0x000000040f33ffff]
[    0.010853] NODE_DATA(0) allocated [mem 0x40f33c000-0x40f33ffff]
[    0.010882] Zone ranges:
[    0.010883]   DMA      [mem 0x0000000000001000-0x0000000000ffffff]
[    0.010884]   DMA32    [mem 0x0000000001000000-0x00000000ffffffff]
[    0.010885]   Normal   [mem 0x0000000100000000-0x000000040f33ffff]
[    0.010886]   Device   empty
[    0.010887] Movable zone start for each node
[    0.010888] Early memory node ranges
[    0.010888]   node   0: [mem 0x0000000000001000-0x000000000009efff]
[    0.010889]   node   0: [mem 0x0000000000100000-0x0000000009afffff]
[    0.010890]   node   0: [mem 0x0000000009e00000-0x0000000009efffff]
[    0.010890]   node   0: [mem 0x0000000009f10000-0x00000000bab68fff]
[    0.010891]   node   0: [mem 0x00000000bbd69000-0x00000000c9f7efff]
[    0.010892]   node   0: [mem 0x00000000cdfff000-0x00000000cdffffff]
[    0.010893]   node   0: [mem 0x0000000100000000-0x000000040f33ffff]
[    0.010894] Initmem setup node 0 [mem 0x0000000000001000-0x000000040f33ffff]
[    0.010898] On node 0, zone DMA: 1 pages in unavailable ranges
[    0.010915] On node 0, zone DMA: 97 pages in unavailable ranges
[    0.011061] On node 0, zone DMA32: 768 pages in unavailable ranges
[    0.016276] On node 0, zone DMA32: 16 pages in unavailable ranges
[    0.016747] On node 0, zone DMA32: 4608 pages in unavailable ranges
[    0.016884] On node 0, zone DMA32: 16512 pages in unavailable ranges
[    0.040501] On node 0, zone Normal: 8192 pages in unavailable ranges
[    0.040533] On node 0, zone Normal: 3264 pages in unavailable ranges
[    0.040684] ACPI: PM-Timer IO Port: 0x408
[    0.040690] ACPI: LAPIC_NMI (acpi_id[0x00] high edge lint[0x1])
[    0.040692] ACPI: LAPIC_NMI (acpi_id[0x01] high edge lint[0x1])
[    0.040692] ACPI: LAPIC_NMI (acpi_id[0x02] high edge lint[0x1])
[    0.040693] ACPI: LAPIC_NMI (acpi_id[0x03] high edge lint[0x1])
[    0.040694] ACPI: LAPIC_NMI (acpi_id[0x04] high edge lint[0x1])
[    0.040694] ACPI: LAPIC_NMI (acpi_id[0x05] high edge lint[0x1])
[    0.040695] ACPI: LAPIC_NMI (acpi_id[0x06] high edge lint[0x1])
[    0.040695] ACPI: LAPIC_NMI (acpi_id[0x07] high edge lint[0x1])
[    0.040696] ACPI: LAPIC_NMI (acpi_id[0x08] high edge lint[0x1])
[    0.040696] ACPI: LAPIC_NMI (acpi_id[0x09] high edge lint[0x1])
[    0.040697] ACPI: LAPIC_NMI (acpi_id[0x0a] high edge lint[0x1])
[    0.040697] ACPI: LAPIC_NMI (acpi_id[0x0b] high edge lint[0x1])
[    0.040698] ACPI: LAPIC_NMI (acpi_id[0x0c] high edge lint[0x1])
[    0.040699] ACPI: LAPIC_NMI (acpi_id[0x0d] high edge lint[0x1])
[    0.040699] ACPI: LAPIC_NMI (acpi_id[0x0e] high edge lint[0x1])
[    0.040700] ACPI: LAPIC_NMI (acpi_id[0x0f] high edge lint[0x1])
[    0.040712] IOAPIC[0]: apic_id 33, version 33, address 0xfec00000, GSI 0-23
[    0.040718] IOAPIC[1]: apic_id 34, version 33, address 0xfec01000, GSI 24-55
[    0.040720] ACPI: INT_SRC_OVR (bus 0 bus_irq 0 global_irq 2 dfl dfl)
[    0.040721] ACPI: INT_SRC_OVR (bus 0 bus_irq 9 global_irq 9 low level)
[    0.040724] ACPI: Using ACPI (MADT) for SMP configuration information
[    0.040725] ACPI: HPET id: 0x10228210 base: 0xfed00000
[    0.040733] e820: update [mem 0xb3621000-0xb3626fff] usable ==> reserved
[    0.040742] smpboot: Allowing 16 CPUs, 10 hotplug CPUs
[    0.040766] PM: hibernation: Registered nosave memory: [mem 0x00000000-0x00000fff]
[    0.040768] PM: hibernation: Registered nosave memory: [mem 0x0009f000-0x000bffff]
[    0.040769] PM: hibernation: Registered nosave memory: [mem 0x000c0000-0x000fffff]
[    0.040770] PM: hibernation: Registered nosave memory: [mem 0x09b00000-0x09dfffff]
[    0.040772] PM: hibernation: Registered nosave memory: [mem 0x09f00000-0x09f0ffff]
[    0.040773] PM: hibernation: Registered nosave memory: [mem 0xb3621000-0xb3626fff]
[    0.040775] PM: hibernation: Registered nosave memory: [mem 0xbab69000-0xbbd68fff]
[    0.040776] PM: hibernation: Registered nosave memory: [mem 0xc9f7f000-0xcaf7efff]
[    0.040777] PM: hibernation: Registered nosave memory: [mem 0xcaf7f000-0xccf7efff]
[    0.040777] PM: hibernation: Registered nosave memory: [mem 0xccf7f000-0xcdf7efff]
[    0.040778] PM: hibernation: Registered nosave memory: [mem 0xcdf7f000-0xcdffefff]
[    0.040779] PM: hibernation: Registered nosave memory: [mem 0xce000000-0xceffffff]
[    0.040780] PM: hibernation: Registered nosave memory: [mem 0xcf000000-0xf7ffffff]
[    0.040780] PM: hibernation: Registered nosave memory: [mem 0xf8000000-0xfbffffff]
[    0.040781] PM: hibernation: Registered nosave memory: [mem 0xfc000000-0xfddfffff]
[    0.040781] PM: hibernation: Registered nosave memory: [mem 0xfde00000-0xfdefffff]
[    0.040782] PM: hibernation: Registered nosave memory: [mem 0xfdf00000-0xfebfffff]
[    0.040782] PM: hibernation: Registered nosave memory: [mem 0xfec00000-0xfec00fff]
[    0.040783] PM: hibernation: Registered nosave memory: [mem 0xfec01000-0xfec0ffff]
[    0.040783] PM: hibernation: Registered nosave memory: [mem 0xfec10000-0xfec10fff]
[    0.040784] PM: hibernation: Registered nosave memory: [mem 0xfec11000-0xfec1ffff]
[    0.040784] PM: hibernation: Registered nosave memory: [mem 0xfec20000-0xfec20fff]
[    0.040785] PM: hibernation: Registered nosave memory: [mem 0xfec21000-0xfed7ffff]
[    0.040785] PM: hibernation: Registered nosave memory: [mem 0xfed80000-0xfed80fff]
[    0.040786] PM: hibernation: Registered nosave memory: [mem 0xfed81000-0xfedfffff]
[    0.040786] PM: hibernation: Registered nosave memory: [mem 0xfee00000-0xfee00fff]
[    0.040787] PM: hibernation: Registered nosave memory: [mem 0xfee01000-0xfeffffff]
[    0.040787] PM: hibernation: Registered nosave memory: [mem 0xff000000-0xfff2ffff]
[    0.040788] PM: hibernation: Registered nosave memory: [mem 0xfff30000-0xffffffff]
[    0.040789] [mem 0xcf000000-0xf7ffffff] available for PCI devices
[    0.040790] Booting paravirtualized kernel on bare hardware
[    0.040793] clocksource: refined-jiffies: mask: 0xffffffff max_cycles: 0xffffffff, max_idle_ns: 6370452778343963 ns
[    0.044467] setup_percpu: NR_CPUS:320 nr_cpumask_bits:320 nr_cpu_ids:16 nr_node_ids:1
[    0.045091] percpu: Embedded 61 pages/cpu s212992 r8192 d28672 u262144
[    0.045100] pcpu-alloc: s212992 r8192 d28672 u262144 alloc=1*2097152
[    0.045102] pcpu-alloc: [0] 00 01 02 03 04 05 06 07 [0] 08 09 10 11 12 13 14 15 
[    0.045127] Fallback order for Node 0: 0 
[    0.045131] Built 1 zonelists, mobility grouping on.  Total pages: 3966649
[    0.045132] Policy zone: Normal
[    0.045133] Kernel command line: BOOT_IMAGE=/boot/vmlinuz-linux root=UUID=4a1e3b32-c022-4157-be6c-5f37d4e06cdf rw quiet resume=UUID=d8ba5b72-ed10-49e7-94e8-1b4f0c08b046 loglevel=3 audit=1 lsm=landlock,lockdown,yama,apparmor,bpf l1tf=full,force mds=full,nosmt mitigations=auto,nosmt nosmt=force pcie_aspm=force init_on_alloc=1 init_on_free=1 randomize_kstack_offset=on slab_nomerge pti=on slub_debug=ZF slub_debug=P page_poison=1 mem_encrypt=on vsyscall=nonei amd_iommu=force_isolation amdgpu.gpu_recovery=1 amdgpu.virtual_display=NULL amdgpu.audio=0 amdgpu.lbpw=1 amdgpu.tmz=1 amdgpu.freesync_video=1 fsck.mode=force fsck.repair=yes efi=disable_early_pci_dma
[    0.045185] audit: enabled (after initialization)
[    0.045226] PCIe ASPM is forcibly enabled
[    0.045284] mem auto-init: SLAB_POISON will take precedence over init_on_alloc/init_on_free
[    0.045381] Unknown kernel command line parameters "BOOT_IMAGE=/boot/vmlinuz-linux pti=on mem_encrypt=on", will be passed to user space.
[    0.047200] Dentry cache hash table entries: 2097152 (order: 12, 16777216 bytes, linear)
[    0.048111] Inode-cache hash table entries: 1048576 (order: 11, 8388608 bytes, linear)
[    0.048167] mem auto-init: CONFIG_PAGE_POISONING is on, will take precedence over init_on_alloc and init_on_free
[    0.048401] mem auto-init: stack:byref_all(zero), heap alloc:off, heap free:off
[    1.657482] Memory: 15562536K/16119096K available (14344K kernel code, 2079K rwdata, 10936K rodata, 1784K init, 3864K bss, 556300K reserved, 0K cma-reserved)
[    1.657487] **********************************************************
[    1.657488] **   NOTICE NOTICE NOTICE NOTICE NOTICE NOTICE NOTICE   **
[    1.657489] **                                                      **
[    1.657489] ** This system shows unhashed kernel memory addresses   **
[    1.657490] ** via the console, logs, and other interfaces. This    **
[    1.657490] ** might reduce the security of your system.            **
[    1.657490] **                                                      **
[    1.657491] ** If you see this message and you are not debugging    **
[    1.657491] ** the kernel, report this immediately to your system   **
[    1.657491] ** administrator!                                       **
[    1.657492] **                                                      **
[    1.657492] **   NOTICE NOTICE NOTICE NOTICE NOTICE NOTICE NOTICE   **
[    1.657492] **********************************************************
[    1.657495] random: get_random_u64 called from __kmem_cache_create+0x2a/0x550 with crng_init=0
[    1.657651] SLUB: HWalign=64, Order=0-3, MinObjects=0, CPUs=16, Nodes=1
[    1.657667] Kernel/User page tables isolation: enabled
[    1.657685] ftrace: allocating 45021 entries in 176 pages
[    1.669439] ftrace: allocated 176 pages with 3 groups
[    1.669541] Dynamic Preempt: full
[    1.669586] rcu: Preemptible hierarchical RCU implementation.
[    1.669587] rcu: 	RCU dyntick-idle grace-period acceleration is enabled.
[    1.669587] rcu: 	RCU restricting CPUs from NR_CPUS=320 to nr_cpu_ids=16.
[    1.669588] rcu: 	RCU priority boosting: priority 1 delay 500 ms.
[    1.669589] 	Trampoline variant of Tasks RCU enabled.
[    1.669590] 	Rude variant of Tasks RCU enabled.
[    1.669590] 	Tracing variant of Tasks RCU enabled.
[    1.669591] rcu: RCU calculated value of scheduler-enlistment delay is 30 jiffies.
[    1.669592] rcu: Adjusting geometry for rcu_fanout_leaf=16, nr_cpu_ids=16
[    1.673003] NR_IRQS: 20736, nr_irqs: 1096, preallocated irqs: 16
[    1.673257] kfence: initialized - using 2097152 bytes for 255 objects at 0xffff9d7bbda00000-0xffff9d7bbdc00000
[    1.673423] Console: colour dummy device 80x25
[    1.673434] printk: console [tty0] enabled
[    1.673455] ACPI: Core revision 20210930
[    1.673672] clocksource: hpet: mask: 0xffffffff max_cycles: 0xffffffff, max_idle_ns: 133484873504 ns
[    1.673691] APIC: Switch to symmetric I/O mode setup
[    1.674443] AMD-Vi: ivrs, add hid:AMDI0020, uid:\_SB.FUR0, rdevid:160
[    1.674444] AMD-Vi: ivrs, add hid:AMDI0020, uid:\_SB.FUR1, rdevid:160
[    1.674445] AMD-Vi: ivrs, add hid:AMDI0020, uid:\_SB.FUR2, rdevid:160
[    1.674446] AMD-Vi: ivrs, add hid:AMDI0020, uid:\_SB.FUR3, rdevid:160
[    1.674743] Switched APIC routing to physical flat.
[    1.675494] ..TIMER: vector=0x30 apic1=0 pin1=2 apic2=-1 pin2=-1
[    1.690364] clocksource: tsc-early: mask: 0xffffffffffffffff max_cycles: 0x222bcd4293a, max_idle_ns: 440795294175 ns
[    1.690373] Calibrating delay loop (skipped), value calculated using timer frequency.. 4743.79 BogoMIPS (lpj=7902066)
[    1.690375] pid_max: default: 32768 minimum: 301
[    1.713747] LSM: Security Framework initializing
[    1.713763] landlock: Up and running.
[    1.713764] Yama: becoming mindful.
[    1.713795] AppArmor: AppArmor initialized
[    1.713798] LSM support for eBPF active
[    1.713838] Mount-cache hash table entries: 32768 (order: 6, 262144 bytes, linear)
[    1.713866] Mountpoint-cache hash table entries: 32768 (order: 6, 262144 bytes, linear)
[    1.714112] x86/cpu: User Mode Instruction Prevention (UMIP) activated
[    1.714148] LVT offset 1 assigned for vector 0xf9
[    1.714208] LVT offset 2 assigned for vector 0xf4
[    1.714225] Last level iTLB entries: 4KB 1024, 2MB 1024, 4MB 512
[    1.714226] Last level dTLB entries: 4KB 2048, 2MB 2048, 4MB 1024, 1GB 0
[    1.714230] Spectre V1 : Mitigation: usercopy/swapgs barriers and __user pointer sanitization
[    1.714233] Spectre V2 : Mitigation: Full AMD retpoline
[    1.714234] Spectre V2 : Spectre v2 / SpectreRSB mitigation: Filling RSB on context switch
[    1.714234] Spectre V2 : Enabling Restricted Speculation for firmware calls
[    1.714236] Spectre V2 : mitigation: Enabling conditional Indirect Branch Prediction Barrier
[    1.714239] Speculative Store Bypass: Mitigation: Speculative Store Bypass disabled via prctl
[    1.718562] Freeing SMP alternatives memory: 36K
[    1.828594] smpboot: CPU0: AMD Ryzen 5 4500U with Radeon Graphics (family: 0x17, model: 0x60, stepping: 0x1)
[    1.828759] Performance Events: Fam17h+ core perfctr, AMD PMU driver.
[    1.828764] ... version:                0
[    1.828764] ... bit width:              48
[    1.828765] ... generic registers:      6
[    1.828765] ... value mask:             0000ffffffffffff
[    1.828766] ... max period:             00007fffffffffff
[    1.828766] ... fixed-purpose events:   0
[    1.828767] ... event mask:             000000000000003f
[    1.828831] rcu: Hierarchical SRCU implementation.
[    1.829341] NMI watchdog: Enabled. Permanently consumes one hw-PMU counter.
[    1.829537] smp: Bringing up secondary CPUs ...
[    1.829666] x86: Booting SMP configuration:
[    1.829667] .... node  #0, CPUs:        #1  #2  #3  #4  #5
[    1.840432] smp: Brought up 1 node, 6 CPUs
[    1.840432] smpboot: Max logical packages: 3
[    1.840432] smpboot: Total of 6 processors activated (28458.74 BogoMIPS)
[    1.841271] devtmpfs: initialized
[    1.841271] x86/mm: Memory block size: 128MB
[    1.841511] ACPI: PM: Registering ACPI NVS region [mem 0x09f00000-0x09f0ffff] (65536 bytes)
[    1.841511] ACPI: PM: Registering ACPI NVS region [mem 0xccf7f000-0xcdf7efff] (16777216 bytes)
[    1.841511] clocksource: jiffies: mask: 0xffffffff max_cycles: 0xffffffff, max_idle_ns: 6370867519511994 ns
[    1.841511] futex hash table entries: 4096 (order: 6, 262144 bytes, linear)
[    1.843725] pinctrl core: initialized pinctrl subsystem
[    1.843830] PM: RTC time: 15:32:40, date: 2022-03-04
[    1.844428] NET: Registered PF_NETLINK/PF_ROUTE protocol family
[    1.844787] DMA: preallocated 2048 KiB GFP_KERNEL pool for atomic allocations
[    1.845011] DMA: preallocated 2048 KiB GFP_KERNEL|GFP_DMA pool for atomic allocations
[    1.845171] DMA: preallocated 2048 KiB GFP_KERNEL|GFP_DMA32 pool for atomic allocations
[    1.845192] audit: initializing netlink subsys (enabled)
[    1.845215] audit: type=2000 audit(1646407958.169:1): state=initialized audit_enabled=1 res=1
[    1.845215] thermal_sys: Registered thermal governor 'fair_share'
[    1.845215] thermal_sys: Registered thermal governor 'bang_bang'
[    1.845215] thermal_sys: Registered thermal governor 'step_wise'
[    1.845215] thermal_sys: Registered thermal governor 'user_space'
[    1.845215] thermal_sys: Registered thermal governor 'power_allocator'
[    1.845215] cpuidle: using governor ladder
[    1.845215] cpuidle: using governor menu
[    1.845215] Simple Boot Flag at 0x44 set to 0x1
[    1.845215] HugeTLB: can free 4094 vmemmap pages for hugepages-1048576kB
[    1.845215] acpiphp: ACPI Hot Plug PCI Controller Driver version: 0.5
[    1.845215] PCI: MMCONFIG for domain 0000 [bus 00-3f] at [mem 0xf8000000-0xfbffffff] (base 0xf8000000)
[    1.845215] PCI: MMCONFIG at [mem 0xf8000000-0xfbffffff] reserved in E820
[    1.845215] PCI: Using configuration type 1 for base access
[    1.847683] kprobes: kprobe jump-optimization is enabled. All kprobes are optimized if possible.
[    1.847688] HugeTLB: can free 6 vmemmap pages for hugepages-2048kB
[    1.847688] HugeTLB registered 1.00 GiB page size, pre-allocated 0 pages
[    1.847688] HugeTLB registered 2.00 MiB page size, pre-allocated 0 pages
[    1.847688] ACPI: Added _OSI(Module Device)
[    1.847688] ACPI: Added _OSI(Processor Device)
[    1.847688] ACPI: Added _OSI(3.0 _SCP Extensions)
[    1.847688] ACPI: Added _OSI(Processor Aggregator Device)
[    1.847688] ACPI: Added _OSI(Linux-Dell-Video)
[    1.847688] ACPI: Added _OSI(Linux-Lenovo-NV-HDMI-Audio)
[    1.847688] ACPI: Added _OSI(Linux-HPI-Hybrid-Graphics)
[    1.865573] ACPI: 18 ACPI AML tables successfully acquired and loaded
[    1.867156] ACPI: [Firmware Bug]: BIOS _OSI(Linux) query ignored
[    1.870282] ACPI: EC: EC started
[    1.870283] ACPI: EC: interrupt blocked
[    1.872371] ACPI: EC: EC_CMD/EC_SC=0x66, EC_DATA=0x62
[    1.872373] ACPI: \_SB_.PCI0.LPC0.EC0_: Boot DSDT EC used to handle transactions
[    1.872374] ACPI: Interpreter enabled
[    1.872389] ACPI: PM: (supports S0 S4 S5)
[    1.872390] ACPI: Using IOAPIC for interrupt routing
[    1.872600] PCI: Using host bridge windows from ACPI; if necessary, use "pci=nocrs" and report a bug
[    1.875750] ACPI: PM: Power Resource [P0U0]
[    1.875884] ACPI: PM: Power Resource [P3U0]
[    1.876631] ACPI: PM: Power Resource [P0U1]
[    1.876764] ACPI: PM: Power Resource [P3U1]
[    1.877411] ACPI: PM: Power Resource [P0S0]
[    1.877449] ACPI: PM: Power Resource [P3S0]
[    1.877605] ACPI: PM: Power Resource [P0S1]
[    1.877642] ACPI: PM: Power Resource [P3S1]
[    1.883775] ACPI: PCI Root Bridge [PCI0] (domain 0000 [bus 00-ff])
[    1.883781] acpi PNP0A08:00: _OSC: OS supports [ExtendedConfig ASPM ClockPM Segments MSI EDR HPX-Type3]
[    1.883903] acpi PNP0A08:00: _OSC: platform does not support [SHPCHotplug LTR DPC]
[    1.884124] acpi PNP0A08:00: _OSC: OS now controls [PCIeHotplug PME AER PCIeCapability]
[    1.884135] acpi PNP0A08:00: [Firmware Info]: MMCONFIG for domain 0000 [bus 00-3f] only partially covers this bridge
[    1.884481] PCI host bridge to bus 0000:00
[    1.884482] pci_bus 0000:00: root bus resource [io  0x0000-0x0cf7 window]
[    1.884484] pci_bus 0000:00: root bus resource [io  0x0d00-0xffff window]
[    1.884485] pci_bus 0000:00: root bus resource [mem 0x000a0000-0x000bffff window]
[    1.884486] pci_bus 0000:00: root bus resource [mem 0x000c0000-0x000cffff window]
[    1.884487] pci_bus 0000:00: root bus resource [mem 0x000d0000-0x000effff window]
[    1.884488] pci_bus 0000:00: root bus resource [mem 0xd0000000-0xf7ffffff window]
[    1.884489] pci_bus 0000:00: root bus resource [mem 0xfc000000-0xfed3ffff window]
[    1.884490] pci_bus 0000:00: root bus resource [mem 0x450200000-0xfcffffffff window]
[    1.884492] pci_bus 0000:00: root bus resource [bus 00-ff]
[    1.884503] pci 0000:00:00.0: [1022:1630] type 00 class 0x060000
[    1.884565] pci 0000:00:00.2: [1022:1631] type 00 class 0x080600
[    1.884635] pci 0000:00:01.0: [1022:1632] type 00 class 0x060000
[    1.884685] pci 0000:00:02.0: [1022:1632] type 00 class 0x060000
[    1.884741] pci 0000:00:08.0: [1022:1632] type 00 class 0x060000
[    1.884787] pci 0000:00:08.1: [1022:1635] type 01 class 0x060400
[    1.884807] pci 0000:00:08.1: enabling Extended Tags
[    1.884836] pci 0000:00:08.1: PME# supported from D0 D3hot D3cold
[    1.884937] pci 0000:00:08.2: [1022:1635] type 01 class 0x060400
[    1.884956] pci 0000:00:08.2: enabling Extended Tags
[    1.884984] pci 0000:00:08.2: PME# supported from D0 D3hot D3cold
[    1.885081] pci 0000:00:14.0: [1022:790b] type 00 class 0x0c0500
[    1.885203] pci 0000:00:14.3: [1022:790e] type 00 class 0x060100
[    1.885331] pci 0000:00:18.0: [1022:1448] type 00 class 0x060000
[    1.885363] pci 0000:00:18.1: [1022:1449] type 00 class 0x060000
[    1.885390] pci 0000:00:18.2: [1022:144a] type 00 class 0x060000
[    1.885417] pci 0000:00:18.3: [1022:144b] type 00 class 0x060000
[    1.885446] pci 0000:00:18.4: [1022:144c] type 00 class 0x060000
[    1.885477] pci 0000:00:18.5: [1022:144d] type 00 class 0x060000
[    1.885505] pci 0000:00:18.6: [1022:144e] type 00 class 0x060000
[    1.885531] pci 0000:00:18.7: [1022:144f] type 00 class 0x060000
[    1.885652] pci 0000:01:00.0: [1002:1636] type 00 class 0x030000
[    1.885663] pci 0000:01:00.0: reg 0x10: [mem 0xfce0000000-0xfcefffffff 64bit pref]
[    1.885670] pci 0000:01:00.0: reg 0x18: [mem 0xfcf0000000-0xfcf01fffff 64bit pref]
[    1.885675] pci 0000:01:00.0: reg 0x20: [io  0x1000-0x10ff]
[    1.885680] pci 0000:01:00.0: reg 0x24: [mem 0xd0400000-0xd047ffff]
[    1.885688] pci 0000:01:00.0: enabling Extended Tags
[    1.885699] pci 0000:01:00.0: BAR 0: assigned to efifb
[    1.885735] pci 0000:01:00.0: PME# supported from D1 D2 D3hot D3cold
[    1.885832] pci 0000:01:00.1: [1002:1637] type 00 class 0x040300
[    1.885839] pci 0000:01:00.1: reg 0x10: [mem 0xd04c8000-0xd04cbfff]
[    1.885858] pci 0000:01:00.1: enabling Extended Tags
[    1.885885] pci 0000:01:00.1: PME# supported from D1 D2 D3hot D3cold
[    1.885950] pci 0000:01:00.2: [1022:15df] type 00 class 0x108000
[    1.885962] pci 0000:01:00.2: reg 0x18: [mem 0xd0300000-0xd03fffff]
[    1.885971] pci 0000:01:00.2: reg 0x24: [mem 0xd04cc000-0xd04cdfff]
[    1.885977] pci 0000:01:00.2: enabling Extended Tags
[    1.886068] pci 0000:01:00.3: [1022:1639] type 00 class 0x0c0330
[    1.886078] pci 0000:01:00.3: reg 0x10: [mem 0xd0100000-0xd01fffff 64bit]
[    1.886100] pci 0000:01:00.3: enabling Extended Tags
[    1.886129] pci 0000:01:00.3: PME# supported from D0 D3hot D3cold
[    1.886199] pci 0000:01:00.4: [1022:1639] type 00 class 0x0c0330
[    1.886209] pci 0000:01:00.4: reg 0x10: [mem 0xd0200000-0xd02fffff 64bit]
[    1.886231] pci 0000:01:00.4: enabling Extended Tags
[    1.886260] pci 0000:01:00.4: PME# supported from D0 D3hot D3cold
[    1.886333] pci 0000:01:00.5: [1022:15e2] type 00 class 0x048000
[    1.886340] pci 0000:01:00.5: reg 0x10: [mem 0xd0480000-0xd04bffff]
[    1.886359] pci 0000:01:00.5: enabling Extended Tags
[    1.886386] pci 0000:01:00.5: PME# supported from D0 D3hot D3cold
[    1.886455] pci 0000:01:00.6: [1022:15e3] type 00 class 0x040300
[    1.886462] pci 0000:01:00.6: reg 0x10: [mem 0xd04c0000-0xd04c7fff]
[    1.886481] pci 0000:01:00.6: enabling Extended Tags
[    1.886508] pci 0000:01:00.6: PME# supported from D0 D3hot D3cold
[    1.886592] pci 0000:00:08.1: PCI bridge to [bus 01]
[    1.886595] pci 0000:00:08.1:   bridge window [io  0x1000-0x1fff]
[    1.886596] pci 0000:00:08.1:   bridge window [mem 0xd0100000-0xd04fffff]
[    1.886599] pci 0000:00:08.1:   bridge window [mem 0xfce0000000-0xfcf01fffff 64bit pref]
[    1.886650] pci 0000:02:00.0: [1022:7901] type 00 class 0x010601
[    1.886676] pci 0000:02:00.0: reg 0x24: [mem 0xd0001000-0xd00017ff]
[    1.886683] pci 0000:02:00.0: enabling Extended Tags
[    1.886797] pci 0000:02:00.1: [1022:7901] type 00 class 0x010601
[    1.886822] pci 0000:02:00.1: reg 0x24: [mem 0xd0000000-0xd00007ff]
[    1.886830] pci 0000:02:00.1: enabling Extended Tags
[    1.886928] pci 0000:00:08.2: PCI bridge to [bus 02]
[    1.886931] pci 0000:00:08.2:   bridge window [mem 0xd0000000-0xd00fffff]
[    1.888647] ACPI: PCI: Interrupt link LNKA configured for IRQ 0
[    1.888648] ACPI: PCI: Interrupt link LNKA disabled
[    1.888740] ACPI: PCI: Interrupt link LNKB configured for IRQ 0
[    1.888740] ACPI: PCI: Interrupt link LNKB disabled
[    1.888813] ACPI: PCI: Interrupt link LNKC configured for IRQ 0
[    1.888814] ACPI: PCI: Interrupt link LNKC disabled
[    1.888903] ACPI: PCI: Interrupt link LNKD configured for IRQ 0
[    1.888904] ACPI: PCI: Interrupt link LNKD disabled
[    1.888988] ACPI: PCI: Interrupt link LNKE configured for IRQ 0
[    1.888989] ACPI: PCI: Interrupt link LNKE disabled
[    1.889056] ACPI: PCI: Interrupt link LNKF configured for IRQ 0
[    1.889056] ACPI: PCI: Interrupt link LNKF disabled
[    1.889123] ACPI: PCI: Interrupt link LNKG configured for IRQ 0
[    1.889124] ACPI: PCI: Interrupt link LNKG disabled
[    1.889190] ACPI: PCI: Interrupt link LNKH configured for IRQ 0
[    1.889191] ACPI: PCI: Interrupt link LNKH disabled
[    1.891219] ACPI: EC: interrupt unblocked
[    1.891220] ACPI: EC: event unblocked
[    1.891228] ACPI: EC: EC_CMD/EC_SC=0x66, EC_DATA=0x62
[    1.891229] ACPI: EC: GPE=0x3
[    1.891230] ACPI: \_SB_.PCI0.LPC0.EC0_: Boot DSDT EC initialization complete
[    1.891232] ACPI: \_SB_.PCI0.LPC0.EC0_: EC: Used to handle transactions and events
[    1.891277] iommu: Default domain type: Translated 
[    1.891277] iommu: DMA domain TLB invalidation policy: lazy mode 
[    1.891289] pci 0000:01:00.0: vgaarb: VGA device added: decodes=io+mem,owns=none,locks=none
[    1.891289] pci 0000:01:00.0: vgaarb: bridge control possible
[    1.891289] pci 0000:01:00.0: vgaarb: setting as boot device
[    1.891289] vgaarb: loaded
[    1.891289] SCSI subsystem initialized
[    1.891289] libata version 3.00 loaded.
[    1.891289] ACPI: bus type USB registered
[    1.891289] usbcore: registered new interface driver usbfs
[    1.891289] usbcore: registered new interface driver hub
[    1.891289] usbcore: registered new device driver usb
[    1.902996] pps_core: LinuxPPS API ver. 1 registered
[    1.902997] pps_core: Software ver. 5.3.6 - Copyright 2005-2007 Rodolfo Giometti <giometti@linux.it>
[    1.903000] PTP clock support registered
[    1.903007] EDAC MC: Ver: 3.0.0
[    1.903055] Registered efivars operations
[    1.903055] NetLabel: Initializing
[    1.903055] NetLabel:  domain hash size = 128
[    1.903055] NetLabel:  protocols = UNLABELED CIPSOv4 CALIPSO
[    1.903055] NetLabel:  unlabeled traffic allowed by default
[    1.903055] mctp: management component transport protocol core
[    1.903055] NET: Registered PF_MCTP protocol family
[    1.903055] PCI: Using ACPI for IRQ routing
[    1.903055] audit: type=1409 audit(1646407958.226:2): netlabel: auid=0 ses=0 subj==unconfined nlbl_domain=(default) nlbl_protocol=unlbl res=1
[    1.903055] audit: type=1406 audit(1646407958.226:3): netlabel: auid=0 ses=0 subj==unconfined unlbl_accept=1 old=0
[    1.905652] PCI: pci_cache_line_size set to 64 bytes
[    1.905684] e820: reserve RAM buffer [mem 0x0009f000-0x0009ffff]
[    1.905686] e820: reserve RAM buffer [mem 0x09b00000-0x0bffffff]
[    1.905687] e820: reserve RAM buffer [mem 0x09f00000-0x0bffffff]
[    1.905688] e820: reserve RAM buffer [mem 0xb3621000-0xb3ffffff]
[    1.905689] e820: reserve RAM buffer [mem 0xbab69000-0xbbffffff]
[    1.905690] e820: reserve RAM buffer [mem 0xc9f7f000-0xcbffffff]
[    1.905691] e820: reserve RAM buffer [mem 0xce000000-0xcfffffff]
[    1.905691] e820: reserve RAM buffer [mem 0x40f340000-0x40fffffff]
[    1.905696] hpet0: at MMIO 0xfed00000, IRQs 2, 8, 0
[    1.905696] hpet0: 3 comparators, 32-bit 14.318180 MHz counter
[    1.907476] clocksource: Switched to clocksource tsc-early
[    1.916792] VFS: Disk quotas dquot_6.6.0
[    1.916811] VFS: Dquot-cache hash table entries: 512 (order 0, 4096 bytes)
[    1.916952] AppArmor: AppArmor Filesystem Enabled
[    1.917004] pnp: PnP ACPI init
[    1.917039] audit: type=1400 audit(1646407958.239:4): apparmor="STATUS" info="AppArmor Filesystem Enabled" pid=1 comm="swapper/0"
[    1.917278] system 00:00: [mem 0xfec00000-0xfec01fff] could not be reserved
[    1.917283] system 00:00: [mem 0xfee00000-0xfee00fff] has been reserved
[    1.917285] system 00:00: [mem 0xfde00000-0xfdefffff] has been reserved
[    1.917519] system 00:03: [io  0x0400-0x04cf] has been reserved
[    1.917521] system 00:03: [io  0x04d0-0x04d1] has been reserved
[    1.917522] system 00:03: [io  0x04d6] has been reserved
[    1.917523] system 00:03: [io  0x0c00-0x0c01] has been reserved
[    1.917525] system 00:03: [io  0x0c14] has been reserved
[    1.917526] system 00:03: [io  0x0c50-0x0c52] has been reserved
[    1.917527] system 00:03: [io  0x0c6c] has been reserved
[    1.917528] system 00:03: [io  0x0c6f] has been reserved
[    1.917529] system 00:03: [io  0x0cd0-0x0cdb] has been reserved
[    1.917599] system 00:04: [mem 0x000e0000-0x000fffff] could not be reserved
[    1.917601] system 00:04: [mem 0xff000000-0xffffffff] could not be reserved
[    1.918735] pnp: PnP ACPI: found 5 devices
[    1.926623] clocksource: acpi_pm: mask: 0xffffff max_cycles: 0xffffff, max_idle_ns: 2085701024 ns
[    1.926782] NET: Registered PF_INET protocol family
[    1.927327] IP idents hash table entries: 262144 (order: 9, 2097152 bytes, linear)
[    1.929651] tcp_listen_portaddr_hash hash table entries: 8192 (order: 5, 131072 bytes, linear)
[    1.929826] TCP established hash table entries: 131072 (order: 8, 1048576 bytes, linear)
[    1.930046] TCP bind hash table entries: 65536 (order: 8, 1048576 bytes, linear)
[    1.930113] TCP: Hash tables configured (established 131072 bind 65536)
[    1.930253] MPTCP token hash table entries: 16384 (order: 6, 393216 bytes, linear)
[    1.930309] UDP hash table entries: 8192 (order: 6, 262144 bytes, linear)
[    1.930356] UDP-Lite hash table entries: 8192 (order: 6, 262144 bytes, linear)
[    1.930431] NET: Registered PF_UNIX/PF_LOCAL protocol family
[    1.930436] NET: Registered PF_XDP protocol family
[    1.930450] pci 0000:00:08.1: PCI bridge to [bus 01]
[    1.930455] pci 0000:00:08.1:   bridge window [io  0x1000-0x1fff]
[    1.930458] pci 0000:00:08.1:   bridge window [mem 0xd0100000-0xd04fffff]
[    1.930460] pci 0000:00:08.1:   bridge window [mem 0xfce0000000-0xfcf01fffff 64bit pref]
[    1.930463] pci 0000:00:08.2: PCI bridge to [bus 02]
[    1.930466] pci 0000:00:08.2:   bridge window [mem 0xd0000000-0xd00fffff]
[    1.930471] pci_bus 0000:00: resource 4 [io  0x0000-0x0cf7 window]
[    1.930472] pci_bus 0000:00: resource 5 [io  0x0d00-0xffff window]
[    1.930473] pci_bus 0000:00: resource 6 [mem 0x000a0000-0x000bffff window]
[    1.930474] pci_bus 0000:00: resource 7 [mem 0x000c0000-0x000cffff window]
[    1.930475] pci_bus 0000:00: resource 8 [mem 0x000d0000-0x000effff window]
[    1.930476] pci_bus 0000:00: resource 9 [mem 0xd0000000-0xf7ffffff window]
[    1.930477] pci_bus 0000:00: resource 10 [mem 0xfc000000-0xfed3ffff window]
[    1.930478] pci_bus 0000:00: resource 11 [mem 0x450200000-0xfcffffffff window]
[    1.930479] pci_bus 0000:01: resource 0 [io  0x1000-0x1fff]
[    1.930480] pci_bus 0000:01: resource 1 [mem 0xd0100000-0xd04fffff]
[    1.930481] pci_bus 0000:01: resource 2 [mem 0xfce0000000-0xfcf01fffff 64bit pref]
[    1.930482] pci_bus 0000:02: resource 1 [mem 0xd0000000-0xd00fffff]
[    1.930632] pci 0000:01:00.1: D0 power state depends on 0000:01:00.0
[    1.930667] pci 0000:01:00.3: extending delay after power-on from D3hot to 20 msec
[    1.932275] pci 0000:01:00.4: extending delay after power-on from D3hot to 20 msec
[    1.943492] pci 0000:01:00.4: quirk_usb_early_handoff+0x0/0x750 took 10952 usecs
[    1.943504] PCI: CLS 64 bytes, default 64
[    1.943516] pci 0000:00:00.2: AMD-Vi: IOMMU performance counters supported
[    1.943567] Trying to unpack rootfs image as initramfs...
[    1.943576] pci 0000:00:00.2: can't derive routing for PCI INT A
[    1.943577] pci 0000:00:00.2: PCI INT A: not connected
[    1.943594] pci 0000:00:01.0: Adding to iommu group 0
[    1.943607] pci 0000:00:02.0: Adding to iommu group 1
[    1.943623] pci 0000:00:08.0: Adding to iommu group 2
[    1.943630] pci 0000:00:08.1: Adding to iommu group 2
[    1.943637] pci 0000:00:08.2: Adding to iommu group 2
[    1.943650] pci 0000:00:14.0: Adding to iommu group 3
[    1.943657] pci 0000:00:14.3: Adding to iommu group 3
[    1.943681] pci 0000:00:18.0: Adding to iommu group 4
[    1.943688] pci 0000:00:18.1: Adding to iommu group 4
[    1.943695] pci 0000:00:18.2: Adding to iommu group 4
[    1.943703] pci 0000:00:18.3: Adding to iommu group 4
[    1.943710] pci 0000:00:18.4: Adding to iommu group 4
[    1.943717] pci 0000:00:18.5: Adding to iommu group 4
[    1.943724] pci 0000:00:18.6: Adding to iommu group 4
[    1.943733] pci 0000:00:18.7: Adding to iommu group 4
[    1.943739] pci 0000:01:00.0: Adding to iommu group 2
[    1.943743] pci 0000:01:00.1: Adding to iommu group 2
[    1.943748] pci 0000:01:00.2: Adding to iommu group 2
[    1.943753] pci 0000:01:00.3: Adding to iommu group 2
[    1.943758] pci 0000:01:00.4: Adding to iommu group 2
[    1.943763] pci 0000:01:00.5: Adding to iommu group 2
[    1.943771] pci 0000:01:00.6: Adding to iommu group 2
[    1.943778] pci 0000:02:00.0: Adding to iommu group 2
[    1.943783] pci 0000:02:00.1: Adding to iommu group 2
[    1.945297] pci 0000:00:00.2: AMD-Vi: Found IOMMU cap 0x40
[    1.945300] AMD-Vi: Extended features (0x206d73ef22254ade): PPR X2APIC NX GT IA GA PC GA_vAPIC
[    1.945305] AMD-Vi: Interrupt remapping enabled
[    1.945305] AMD-Vi: Virtual APIC enabled
[    1.945305] AMD-Vi: X2APIC enabled
[    1.945472] software IO TLB: tearing down default memory pool
[    1.953306] LVT offset 0 assigned for vector 0x400
[    1.953491] perf: AMD IBS detected (0x000003ff)
[    1.953498] perf/amd_iommu: Detected AMD IOMMU #0 (2 banks, 4 counters/bank).
[    1.955426] Initialise system trusted keyrings
[    1.955441] Key type blacklist registered
[    1.955530] workingset: timestamp_bits=41 max_order=22 bucket_order=0
[    1.956943] zbud: loaded
[    1.959830] Key type asymmetric registered
[    1.959832] Asymmetric key parser 'x509' registered
[    1.959858] Block layer SCSI generic (bsg) driver version 0.4 loaded (major 242)
[    1.959968] io scheduler mq-deadline registered
[    1.959970] io scheduler kyber registered
[    1.960001] io scheduler bfq registered
[    1.960622] pcieport 0000:00:08.1: PME: Signaling with IRQ 26
[    1.960837] pcieport 0000:00:08.2: PME: Signaling with IRQ 27
[    1.960919] shpchp: Standard Hot Plug PCI Controller Driver version: 0.4
[    1.962218] ACPI: AC: AC Adapter [ACAD] (off-line)
[    1.962258] input: Power Button as /devices/LNXSYSTM:00/LNXSYBUS:00/PNP0C0C:00/input/input0
[    1.962281] ACPI: button: Power Button [PWRB]
[    1.962310] input: Lid Switch as /devices/LNXSYSTM:00/LNXSYBUS:00/PNP0A08:00/device:2a/PNP0C09:00/PNP0C0D:00/input/input1
[    1.962323] ACPI: button: Lid Switch [LID0]
[    1.962368] Monitor-Mwait will be used to enter C-1 state
[    1.962374] ACPI: \_SB_.PLTF.C000: Found 3 idle states
[    1.962384] ACPI: FW issue: working around C-state latencies out of order
[    1.962463] ACPI: \_SB_.PLTF.C001: Found 3 idle states
[    1.962468] ACPI: FW issue: working around C-state latencies out of order
[    1.962531] ACPI: \_SB_.PLTF.C002: Found 3 idle states
[    1.962535] ACPI: FW issue: working around C-state latencies out of order
[    1.962673] ACPI: \_SB_.PLTF.C003: Found 3 idle states
[    1.962682] ACPI: FW issue: working around C-state latencies out of order
[    1.962792] ACPI: \_SB_.PLTF.C004: Found 3 idle states
[    1.962801] ACPI: FW issue: working around C-state latencies out of order
[    1.962928] ACPI: \_SB_.PLTF.C005: Found 3 idle states
[    1.962936] ACPI: FW issue: working around C-state latencies out of order
[    1.965149] thermal LNXTHERM:00: registered as thermal_zone0
[    1.965150] ACPI: thermal: Thermal Zone [TZ0] (0 C)
[    1.965290] Serial: 8250/16550 driver, 32 ports, IRQ sharing enabled
[    1.966795] Non-volatile memory driver v1.3
[    1.966796] Linux agpgart interface v0.103
[    1.966855] AMD-Vi: AMD IOMMUv2 loaded and initialized
[    1.966903] ACPI: bus type drm_connector registered
[    1.967696] ahci 0000:02:00.0: version 3.0
[    1.967841] ahci 0000:02:00.0: AHCI 0001.0301 32 slots 1 ports 6 Gbps 0x1 impl SATA mode
[    1.967844] ahci 0000:02:00.0: flags: 64bit ncq sntf ilck pm led clo only pmp fbs pio slum part 
[    1.967992] scsi host0: ahci
[    1.968045] ata1: SATA max UDMA/133 abar m2048@0xd0001000 port 0xd0001100 irq 29
[    1.968168] ahci 0000:02:00.1: AHCI 0001.0301 32 slots 1 ports 6 Gbps 0x1 impl SATA mode
[    1.968170] ahci 0000:02:00.1: flags: 64bit ncq sntf ilck pm led clo only pmp fbs pio slum part deso sadm sds 
[    1.968328] scsi host1: ahci
[    1.968364] ata2: SATA max UDMA/133 abar m2048@0xd0000000 port 0xd0000100 irq 31
[    1.968388] ehci_hcd: USB 2.0 'Enhanced' Host Controller (EHCI) Driver
[    1.968394] ehci-pci: EHCI PCI platform driver
[    1.968402] ohci_hcd: USB 1.1 'Open' Host Controller (OHCI) Driver
[    1.968404] ohci-pci: OHCI PCI platform driver
[    1.968409] uhci_hcd: USB Universal Host Controller Interface driver
[    1.968452] usbcore: registered new interface driver usbserial_generic
[    1.968455] usbserial: USB Serial support registered for generic
[    1.968523] rtc_cmos 00:01: RTC can wake from S4
[    1.968740] rtc_cmos 00:01: registered as rtc0
[    1.968777] rtc_cmos 00:01: setting system clock to 2022-03-04T15:32:40 UTC (1646407960)
[    1.968779] audit: type=1332 audit(1646407960.500:5): sec=2 nsec=204934823
[    1.968789] rtc_cmos 00:01: alarms up to one month, 114 bytes nvram, hpet irqs
[    1.968919] ledtrig-cpu: registered to indicate activity on CPUs
[    1.969112] efifb: probing for efifb
[    1.969119] efifb: framebuffer at 0xfce0000000, using 8128k, total 8128k
[    1.969120] efifb: mode is 1920x1080x32, linelength=7680, pages=1
[    1.969121] efifb: scrolling: redraw
[    1.969121] efifb: Truecolor: size=8:8:8:8, shift=24:16:8:0
[    1.969155] fbcon: Deferring console take-over
[    1.969156] fb0: EFI VGA frame buffer device
[    1.969177] hid: raw HID events driver (C) Jiri Kosina
[    1.969243] drop_monitor: Initializing network drop monitor service
[    1.969288] Initializing XFRM netlink socket
[    1.969381] NET: Registered PF_INET6 protocol family
[    1.983803] ACPI: battery: Slot [BATT] (battery present)
[    2.284184] ata1: SATA link down (SStatus 0 SControl 300)
[    2.328841] Freeing initrd memory: 6132K
[    2.335053] Segment Routing with IPv6
[    2.335055] RPL Segment Routing with IPv6
[    2.335068] In-situ OAM (IOAM) with IPv6
[    2.335092] NET: Registered PF_PACKET protocol family
[    2.336130] microcode: CPU0: patch_level=0x08600106
[    2.336152] microcode: CPU1: patch_level=0x08600106
[    2.336157] microcode: CPU2: patch_level=0x08600106
[    2.336162] microcode: CPU3: patch_level=0x08600106
[    2.336176] microcode: CPU4: patch_level=0x08600106
[    2.336196] microcode: CPU5: patch_level=0x08600106
[    2.336202] microcode: Microcode Update Driver: v2.2.
[    2.336359] resctrl: L3 allocation detected
[    2.336360] resctrl: MB allocation detected
[    2.336361] resctrl: L3 monitoring detected
[    2.336364] IPI shorthand broadcast: enabled
[    2.336377] sched_clock: Marking stable (2335852060, 497708)->(3439180122, -1102830354)
[    2.336623] registered taskstats version 1
[    2.336841] Loading compiled-in X.509 certificates
[    2.339229] Loaded X.509 cert 'Build time autogenerated kernel key: 41aaa93a06b8c46916ca4fe17d8c71626506e8b5'
[    2.339921] zswap: loaded using pool lz4/z3fold
[    2.340303] Key type ._fscrypt registered
[    2.340304] Key type .fscrypt registered
[    2.340304] Key type fscrypt-provisioning registered
[    2.340367] AppArmor: AppArmor sha1 policy hashing enabled
[    2.340400] audit: type=1400 audit(1646407960.870:6): apparmor="STATUS" info="AppArmor sha1 policy hashing enabled" pid=1 comm="swapper/0"
[    2.342051] PM:   Magic number: 14:349:537
[    2.342059] tty ttyS17: hash matches
[    2.342240] RAS: Correctable Errors collector initialized.
[    2.733157] ata2: SATA link up 6.0 Gbps (SStatus 133 SControl 300)
[    2.733762] ata2.00: ATA-11: SAMSUNG MZNLH512HALU-00000, RVT2200Q, max UDMA/133
[    2.734827] ata2.00: 1000215216 sectors, multi 16: LBA48 NCQ (depth 32), AA
[    2.736866] ata2.00: Features: Dev-Sleep NCQ-sndrcv
[    2.740928] ata2.00: configured for UDMA/133
[    2.741059] ata2.00: failed to enable DEVSLP
[    2.741066] ata2.00: failed to enable DIPM, Emask 0x40
[    3.008809] clocksource: timekeeping watchdog on CPU1: Marking clocksource 'tsc-early' as unstable because the skew is too large:
[    3.008818] clocksource:                       'hpet' wd_nsec: 506841023 wd_now: 1d61d7f wd_last: 16761ae mask: ffffffff
[    3.008822] clocksource:                       'tsc-early' cs_nsec: 793078528 cs_now: 6c623c3b1 cs_last: 65613e6f7 mask: ffffffffffffffff
[    3.008825] clocksource:                       'tsc-early' is current clocksource.
[    3.008835] tsc: Marking TSC unstable due to clocksource watchdog
[    3.008852] TSC found unstable after boot, most likely due to broken BIOS. Use 'tsc=unstable'.
[    3.008853] sched_clock: Marking unstable (3008353308, 497708)<-(4111681316, -1102830354)
[    3.009183] clocksource: Switched to clocksource hpet
[    7.953965] ata2: SATA link up 6.0 Gbps (SStatus 133 SControl 300)
[    7.962841] ata2.00: configured for UDMA/133
[    7.963517] scsi 1:0:0:0: Direct-Access     ATA      SAMSUNG MZNLH512 200Q PQ: 0 ANSI: 5
[    7.964364] sd 1:0:0:0: [sda] 1000215216 512-byte logical blocks: (512 GB/477 GiB)
[    7.964387] sd 1:0:0:0: [sda] Write Protect is off
[    7.964391] sd 1:0:0:0: [sda] Mode Sense: 00 3a 00 00
[    7.964415] sd 1:0:0:0: [sda] Write cache: enabled, read cache: enabled, doesn't support DPO or FUA
[    7.994327]  sda: sda1 sda2 sda3 sda4 sda5
[    8.017532] sd 1:0:0:0: [sda] Attached SCSI disk
[    8.017656] Unstable clock detected, switching default tracing clock to "global"
               If you want to keep using the local clock, then add:
                 "trace_clock=local"
               on the kernel command line
[    8.022099] Freeing unused decrypted memory: 2036K
[    8.022525] Freeing unused kernel image (initmem) memory: 1784K
[    8.030702] Write protecting the kernel read-only data: 28672k
[    8.031655] Freeing unused kernel image (text/rodata gap) memory: 2036K
[    8.032169] Freeing unused kernel image (rodata/data gap) memory: 1352K
[    8.072745] x86/mm: Checked W+X mappings: passed, no W+X pages found.
[    8.072752] rodata_test: all tests were successful
[    8.072754] x86/mm: Checking user space page tables
[    8.111239] x86/mm: Checked W+X mappings: passed, no W+X pages found.
[    8.111271] Run /init as init process
[    8.111273]   with arguments:
[    8.111274]     /init
[    8.111275]   with environment:
[    8.111276]     HOME=/
[    8.111277]     TERM=linux
[    8.111278]     BOOT_IMAGE=/boot/vmlinuz-linux
[    8.111279]     pti=on
[    8.111280]     mem_encrypt=on
[    8.142751] fbcon: Taking over console
[    8.142882] Console: switching to colour frame buffer device 240x67
[    8.299620] xhci_hcd 0000:01:00.3: xHCI Host Controller
[    8.299636] xhci_hcd 0000:01:00.3: new USB bus registered, assigned bus number 1
[    8.299784] xhci_hcd 0000:01:00.3: hcc params 0x0268ffe5 hci version 0x110 quirks 0x0000020000000410
[    8.299788] i8042: PNP: PS/2 Controller [PNP0303:KBC0] at 0x60,0x64 irq 1
[    8.299794] i8042: PNP: PS/2 appears to have AUX port disabled, if this is incorrect please boot with i8042.nopnp
[    8.300578] usb usb1: New USB device found, idVendor=1d6b, idProduct=0002, bcdDevice= 5.16
[    8.300583] usb usb1: New USB device strings: Mfr=3, Product=2, SerialNumber=1
[    8.300585] usb usb1: Product: xHCI Host Controller
[    8.300586] usb usb1: Manufacturer: Linux 5.16.11-arch1-2 xhci-hcd
[    8.300588] usb usb1: SerialNumber: 0000:01:00.3
[    8.300790] hub 1-0:1.0: USB hub found
[    8.300802] hub 1-0:1.0: 4 ports detected
[    8.301249] xhci_hcd 0000:01:00.3: xHCI Host Controller
[    8.301255] xhci_hcd 0000:01:00.3: new USB bus registered, assigned bus number 2
[    8.301259] xhci_hcd 0000:01:00.3: Host supports USB 3.1 Enhanced SuperSpeed
[    8.301280] usb usb2: We don't know the algorithms for LPM for this host, disabling LPM.
[    8.301314] usb usb2: New USB device found, idVendor=1d6b, idProduct=0003, bcdDevice= 5.16
[    8.301316] usb usb2: New USB device strings: Mfr=3, Product=2, SerialNumber=1
[    8.301318] usb usb2: Product: xHCI Host Controller
[    8.301319] usb usb2: Manufacturer: Linux 5.16.11-arch1-2 xhci-hcd
[    8.301320] usb usb2: SerialNumber: 0000:01:00.3
[    8.301466] hub 2-0:1.0: USB hub found
[    8.301476] hub 2-0:1.0: 2 ports detected
[    8.301563] serio: i8042 KBD port at 0x60,0x64 irq 1
[    8.301888] xhci_hcd 0000:01:00.4: xHCI Host Controller
[    8.301906] xhci_hcd 0000:01:00.4: new USB bus registered, assigned bus number 3
[    8.302036] xhci_hcd 0000:01:00.4: hcc params 0x0268ffe5 hci version 0x110 quirks 0x0000020000000410
[    8.302494] usb usb3: New USB device found, idVendor=1d6b, idProduct=0002, bcdDevice= 5.16
[    8.302496] usb usb3: New USB device strings: Mfr=3, Product=2, SerialNumber=1
[    8.302498] usb usb3: Product: xHCI Host Controller
[    8.302499] usb usb3: Manufacturer: Linux 5.16.11-arch1-2 xhci-hcd
[    8.302500] usb usb3: SerialNumber: 0000:01:00.4
[    8.302653] hub 3-0:1.0: USB hub found
[    8.302666] hub 3-0:1.0: 4 ports detected
[    8.303092] xhci_hcd 0000:01:00.4: xHCI Host Controller
[    8.303097] xhci_hcd 0000:01:00.4: new USB bus registered, assigned bus number 4
[    8.303101] xhci_hcd 0000:01:00.4: Host supports USB 3.1 Enhanced SuperSpeed
[    8.303124] usb usb4: We don't know the algorithms for LPM for this host, disabling LPM.
[    8.303155] usb usb4: New USB device found, idVendor=1d6b, idProduct=0003, bcdDevice= 5.16
[    8.303157] usb usb4: New USB device strings: Mfr=3, Product=2, SerialNumber=1
[    8.303158] usb usb4: Product: xHCI Host Controller
[    8.303159] usb usb4: Manufacturer: Linux 5.16.11-arch1-2 xhci-hcd
[    8.303161] usb usb4: SerialNumber: 0000:01:00.4
[    8.303303] hub 4-0:1.0: USB hub found
[    8.303312] hub 4-0:1.0: 2 ports detected
[    8.331827] input: AT Translated Set 2 keyboard as /devices/platform/i8042/serio0/input/input2
[    8.337554] random: fast init done
[    8.439935] PM: Image not found (code -22)
[    9.918709] REISERFS (device sda2): found reiserfs format "3.6" with standard journal
[    9.918726] REISERFS (device sda2): using ordered data mode
[    9.918728] reiserfs: using flush barriers
[    9.918974] REISERFS (device sda2): journal params: device sda2, size 8192, journal first block 18, max trans len 1024, max batch 900, max commit age 30, max trans age 30
[    9.919231] REISERFS (device sda2): checking transaction log (sda2)
[    9.924111] REISERFS (device sda2): Using r5 hash to sort names
[   10.054553] audit: type=1334 audit(1646407968.583:7): prog-id=1 op=LOAD
[   10.054559] audit: type=1300 audit(1646407968.583:7): arch=c000003e syscall=321 success=yes exit=4 a0=5 a1=7ffcc30c3da0 a2=80 a3=0 items=0 ppid=2 pid=209 auid=4294967295 uid=0 gid=0 euid=0 suid=0 fsuid=0 egid=0 sgid=0 fsgid=0 tty=(none) ses=4294967295 comm="bpf_preload" exe="/bpf_preload" subj==unconfined key=(null)
[   10.054562] audit: type=1327 audit(1646407968.583:7): proctitle="bpf_preload"
[   10.054565] audit: type=1334 audit(1646407968.583:8): prog-id=0 op=UNLOAD
[   10.064353] audit: type=1334 audit(1646407968.593:9): prog-id=2 op=LOAD
[   10.064362] audit: type=1300 audit(1646407968.593:9): arch=c000003e syscall=321 success=yes exit=6 a0=5 a1=7ffcc30c3ab0 a2=80 a3=0 items=0 ppid=2 pid=209 auid=4294967295 uid=0 gid=0 euid=0 suid=0 fsuid=0 egid=0 sgid=0 fsgid=0 tty=(none) ses=4294967295 comm="bpf_preload" exe="/bpf_preload" subj==unconfined key=(null)
[   10.064366] audit: type=1327 audit(1646407968.593:9): proctitle="bpf_preload"
[   10.064387] audit: type=1334 audit(1646407968.593:10): prog-id=0 op=UNLOAD
[   10.064507] audit: type=1334 audit(1646407968.593:11): prog-id=3 op=LOAD
[   10.064512] audit: type=1300 audit(1646407968.593:11): arch=c000003e syscall=321 success=yes exit=5 a0=5 a1=7ffcc30c3a80 a2=80 a3=0 items=0 ppid=2 pid=209 auid=4294967295 uid=0 gid=0 euid=0 suid=0 fsuid=0 egid=0 sgid=0 fsgid=0 tty=(none) ses=4294967295 comm="bpf_preload" exe="/bpf_preload" subj==unconfined key=(null)
[   10.081735] systemd[1]: systemd 250.3-4-arch running in system mode (+PAM +AUDIT -SELINUX -APPARMOR -IMA +SMACK +SECCOMP +GCRYPT +GNUTLS +OPENSSL +ACL +BLKID +CURL +ELFUTILS +FIDO2 +IDN2 -IDN +IPTC +KMOD +LIBCRYPTSETUP +LIBFDISK +PCRE2 -PWQUALITY +P11KIT -QRENCODE +BZIP2 +LZ4 +XZ +ZLIB +ZSTD -BPF_FRAMEWORK +XKBCOMMON +UTMP -SYSVINIT default-hierarchy=unified)
[   10.097554] systemd[1]: Detected architecture x86-64.
[   10.098326] systemd[1]: Hostname set to <mksredmibook14ii>.
[   10.256453] systemd[1]: Queued start job for default target Graphical Interface.
[   10.258196] systemd[1]: Created slice Slice /system/getty.
[   10.258640] systemd[1]: Created slice Slice /system/modprobe.
[   10.259137] systemd[1]: Created slice Slice /system/systemd-fsck.
[   10.259511] systemd[1]: Created slice User and Session Slice.
[   10.259632] systemd[1]: Started Dispatch Password Requests to Console Directory Watch.
[   10.259711] systemd[1]: Started Forward Password Requests to Wall Directory Watch.
[   10.259960] systemd[1]: Set up automount Arbitrary Executable File Formats File System Automount Point.
[   10.260049] systemd[1]: Reached target Local Encrypted Volumes.
[   10.260093] systemd[1]: Reached target Local Integrity Protected Volumes.
[   10.260136] systemd[1]: Reached target Remote File Systems.
[   10.260167] systemd[1]: Reached target Slice Units.
[   10.260219] systemd[1]: Reached target Local Verity Protected Volumes.
[   10.260338] systemd[1]: Listening on Device-mapper event daemon FIFOs.
[   10.260963] systemd[1]: Listening on LVM2 poll daemon socket.
[   10.262109] systemd[1]: Listening on Process Core Dump Socket.
[   10.262598] systemd[1]: Listening on Journal Audit Socket.
[   10.262766] systemd[1]: Listening on Journal Socket (/dev/log).
[   10.262927] systemd[1]: Listening on Journal Socket.
[   10.263277] systemd[1]: Listening on Userspace Out-Of-Memory (OOM) Killer Socket.
[   10.264122] systemd[1]: Listening on udev Control Socket.
[   10.264366] systemd[1]: Listening on udev Kernel Socket.
[   10.265618] systemd[1]: Mounting Huge Pages File System...
[   10.266978] systemd[1]: Mounting POSIX Message Queue File System...
[   10.268301] systemd[1]: Mounting Kernel Debug File System...
[   10.269535] systemd[1]: Mounting Kernel Trace File System...
[   10.271205] systemd[1]: Starting Load AppArmor profiles...
[   10.272601] systemd[1]: Starting Create List of Static Device Nodes...
[   10.273902] systemd[1]: Starting Monitoring of LVM2 mirrors, snapshots etc. using dmeventd or progress polling...
[   10.275168] systemd[1]: Starting Load Kernel Module configfs...
[   10.276669] systemd[1]: Starting Load Kernel Module drm...
[   10.277989] systemd[1]: Starting Load Kernel Module fuse...
[   10.278090] systemd[1]: File System Check on Root Device was skipped because of a failed condition check (ConditionPathIsReadWrite=!/).
[   10.281124] systemd[1]: Starting Journal Service...
[   10.282990] systemd[1]: Starting Load Kernel Modules...
[   10.284515] systemd[1]: Starting Remount Root and Kernel File Systems...
[   10.284645] systemd[1]: Repartition Root Disk was skipped because all trigger condition checks failed.
[   10.286171] systemd[1]: Starting Coldplug All udev Devices...
[   10.288712] systemd[1]: Mounted Huge Pages File System.
[   10.288924] systemd[1]: Mounted POSIX Message Queue File System.
[   10.289124] systemd[1]: Mounted Kernel Debug File System.
[   10.289301] systemd[1]: Mounted Kernel Trace File System.
[   10.289730] systemd[1]: Finished Create List of Static Device Nodes.
[   10.290331] systemd[1]: modprobe@configfs.service: Deactivated successfully.
[   10.290739] systemd[1]: Finished Load Kernel Module configfs.
[   10.291261] systemd[1]: modprobe@drm.service: Deactivated successfully.
[   10.291508] systemd[1]: Finished Load Kernel Module drm.
[   10.292922] fuse: init (API version 7.35)
[   10.293597] systemd[1]: Mounting Kernel Configuration File System...
[   10.295066] systemd[1]: modprobe@fuse.service: Deactivated successfully.
[   10.295347] systemd[1]: Finished Load Kernel Module fuse.
[   10.295428] vboxdrv: loading out-of-tree module taints kernel.
[   10.295687] vboxdrv: module verification failed: signature and/or required key missing - tainting kernel
[   10.296879] systemd[1]: Mounting FUSE Control File System...
[   10.297958] systemd[1]: Mounted Kernel Configuration File System.
[   10.299533] systemd[1]: Mounted FUSE Control File System.
[   10.299932] vboxdrv: Found 6 processor cores
[   10.302237] systemd[1]: Finished Remount Root and Kernel File Systems.
[   10.302616] systemd[1]: First Boot Wizard was skipped because of a failed condition check (ConditionFirstBoot=yes).
[   10.303658] systemd[1]: Rebuild Hardware Database was skipped because of a failed condition check (ConditionNeedsUpdate=/etc).
[   10.306050] random: lvm: uninitialized urandom read (4 bytes read)
[   10.306095] systemd[1]: Starting Load/Save Random Seed...
[   10.306280] systemd[1]: Create System Users was skipped because of a failed condition check (ConditionNeedsUpdate=/etc).
[   10.308260] systemd[1]: Starting Create Static Device Nodes in /dev...
[   10.323979] vboxdrv: TSC mode is Invariant, tentative frequency 2370663715 Hz
[   10.323985] vboxdrv: Successfully loaded version 6.1.32 r149290 (interface 0x00320000)
[   10.326678] VBoxNetAdp: Successfully started.
[   10.333066] VBoxNetFlt: Successfully started.
[   10.342124] systemd[1]: Finished Load Kernel Modules.
[   10.345933] systemd[1]: Starting Linux Kernel Runtime Guard...
[   10.348330] systemd[1]: Starting Apply user script...
[   10.366936] systemd[1]: Finished Create Static Device Nodes in /dev.
[   10.370958] systemd[1]: Finished Monitoring of LVM2 mirrors, snapshots etc. using dmeventd or progress polling.
[   10.371207] systemd[1]: Reached target Preparation for Local File Systems.
[   10.371275] systemd[1]: Virtual Machine and Container Storage (Compatibility) was skipped because of a failed condition check (ConditionPathExists=/var/lib/machines.raw).
[   10.373885] systemd[1]: Starting Rule-based Manager for Device Events and Files...
[   10.408746] systemd[1]: Started Journal Service.
[   10.424250] [p_lkrg] Loading LKRG...
[   10.424787] systemd-journald[235]: Received client request to flush runtime journal.
[   10.428856] Freezing user space processes ... (elapsed 0.001 seconds) done.
[   10.429956] OOM killer disabled.
[   10.652119] [p_lkrg] [kretprobe] register_kretprobe() for <ovl_create_or_link> failed! [err=-2]
[   10.652126] [p_lkrg] Can't hook 'ovl_create_or_link' function. This is expected if you are not using OverlayFS.
[   10.703645] [p_lkrg] [kretprobe] register_kretprobe() for <lookup_fast> failed! [err=-2]
[   10.703650] [p_lkrg] LKRG won't enforce pCFI validation on 'lookup_fast'
[   11.089026] [p_lkrg] LKRG initialized successfully!
[   11.089062] OOM killer enabled.
[   11.089063] Restarting tasks ... done.
[   11.114023] [p_lkrg] [kINT] New interval => 15
[   11.114125] [p_lkrg] New log level => 3 (WARN)
[   11.114195] [p_lkrg] Module is already unhidden (visible)!
[   11.114281] [p_lkrg] Changing "pint_validate" logic. From Old[1 | CURRENT] to new[2 | CURRENT] one.
[   11.114538] [p_lkrg] Disabling SMAP validation feature.
[   11.114588] [p_lkrg] Changing "smap_enforce" logic. From Old[2 | PANIC] to new[0 | LOG & ACCEPT] one.
[   11.143510] [p_lkrg] Changing "profile_validate" logic. From Old[9 | Custom] to new[3 | Heavy] one.
[   11.143598] [p_lkrg] Changing "profile_enforce" logic. From Old[9 | Custom] to new[2 | Strict] one.
[   11.143871] [p_lkrg] Changing "pint_validate" logic. From Old[1 | CURRENT] to new[2 | CURRENT] one.
[   11.144076] [p_lkrg] Disabling SMAP validation feature.
[   11.144128] [p_lkrg] Changing "smap_enforce" logic. From Old[2 | PANIC] to new[0 | LOG & ACCEPT] one.
[   11.353819] piix4_smbus 0000:00:14.0: SMBus Host Controller at 0xb00, revision 0
[   11.353827] piix4_smbus 0000:00:14.0: Using register 0x02 for SMBus port selection
[   11.353909] piix4_smbus 0000:00:14.0: Auxiliary SMBus Host Controller at 0xb20
[   11.389940] acpi PNP0C14:01: duplicate WMI GUID 05901221-D566-11D1-B2F0-00A0C9062910 (first instance was on PNP0C14:00)
[   11.445635] acpi_cpufreq: overriding BIOS provided _PSD data
[   11.445675] cpufreq: CPU0: Fast frequency switching not enabled
[   11.445677] cpufreq: Registered transition notifiers:
[   11.445678] cpufreq: p_freq_transition_notifier+0x0/0x20 [p_lkrg]
[   11.450874] cpufreq: CPU1: Fast frequency switching not enabled
[   11.450878] cpufreq: Registered transition notifiers:
[   11.450879] cpufreq: p_freq_transition_notifier+0x0/0x20 [p_lkrg]
[   11.454652] cpufreq: CPU2: Fast frequency switching not enabled
[   11.454657] cpufreq: Registered transition notifiers:
[   11.454658] cpufreq: p_freq_transition_notifier+0x0/0x20 [p_lkrg]
[   11.459696] cpufreq: CPU3: Fast frequency switching not enabled
[   11.459700] cpufreq: Registered transition notifiers:
[   11.459701] cpufreq: p_freq_transition_notifier+0x0/0x20 [p_lkrg]
[   11.473861] cpufreq: CPU4: Fast frequency switching not enabled
[   11.473866] cpufreq: Registered transition notifiers:
[   11.473867] cpufreq: p_freq_transition_notifier+0x0/0x20 [p_lkrg]
[   11.477413] cpufreq: CPU5: Fast frequency switching not enabled
[   11.477417] cpufreq: Registered transition notifiers:
[   11.477418] cpufreq: p_freq_transition_notifier+0x0/0x20 [p_lkrg]
[   11.625410] ACPI: video: Video Device [VGA] (multi-head: yes  rom: no  post: no)
[   11.625778] acpi device:0e: registered as cooling_device6
[   11.625849] input: Video Bus as /devices/LNXSYSTM:00/LNXSYBUS:00/PNP0A08:00/device:0d/LNXVIDEO:00/input/input3
[   11.642397] sp5100_tco: SP5100/SB800 TCO WatchDog Timer Driver
[   11.642588] sp5100-tco sp5100-tco: Using 0xfeb00000 for watchdog MMIO address
[   11.643055] sp5100-tco sp5100-tco: initialized. heartbeat=60 sec (nowayout=0)
[   11.744844] input: GXT7863:00 27C6:01E0 Mouse as /devices/platform/AMDI0010:03/i2c-0/i2c-GXT7863:00/0018:27C6:01E0.0001/input/input4
[   11.744944] input: GXT7863:00 27C6:01E0 Touchpad as /devices/platform/AMDI0010:03/i2c-0/i2c-GXT7863:00/0018:27C6:01E0.0001/input/input5
[   11.745016] hid-generic 0018:27C6:01E0.0001: input,hidraw0: I2C HID v1.00 Mouse [GXT7863:00 27C6:01E0] on i2c-GXT7863:00
[   11.857309] ccp 0000:01:00.2: enabling device (0000 -> 0002)
[   11.857728] ccp 0000:01:00.2: ccp: unable to access the device: you might be running a broken BIOS.
[   11.868591] ccp 0000:01:00.2: tee enabled
[   11.868595] ccp 0000:01:00.2: psp enabled
[   12.147084] random: crng init done
[   12.545005] [drm] amdgpu kernel modesetting enabled.
[   12.562385] amdgpu: Virtual CRAT table created for CPU
[   12.562425] amdgpu: Topology: Add CPU node
[   12.562595] checking generic (fce0000000 7f0000) vs hw (fce0000000 10000000)
[   12.562599] checking generic (fce0000000 7f0000) vs hw (fce0000000 10000000)
[   12.562601] fb0: switching to amdgpu from EFI VGA
[   12.564149] Console: switching to colour dummy device 80x25
[   12.564224] amdgpu 0000:01:00.0: vgaarb: deactivate vga console
[   12.564520] amdgpu 0000:01:00.0: enabling device (0006 -> 0007)
[   12.565013] [drm] initializing kernel modesetting (RENOIR 0x1002:0x1636 0x1D72:0x1951 0xC3).
[   12.565020] amdgpu 0000:01:00.0: amdgpu: Trusted Memory Zone (TMZ) feature enabled
[   12.565672] [drm] register mmio base: 0xD0400000
[   12.565674] [drm] register mmio size: 524288
[   12.565681] [drm] virtual display string:NULL, 0000:01:00.0:virtual_display:0, num_crtc:0
[   12.567279] [drm] add ip block number 0 <soc15_common>
[   12.567282] [drm] add ip block number 1 <gmc_v9_0>
[   12.567283] [drm] add ip block number 2 <vega10_ih>
[   12.567285] [drm] add ip block number 3 <psp>
[   12.567286] [drm] add ip block number 4 <smu>
[   12.567288] [drm] add ip block number 5 <dm>
[   12.567289] [drm] add ip block number 6 <gfx_v9_0>
[   12.567291] [drm] add ip block number 7 <sdma_v4_0>
[   12.567292] [drm] add ip block number 8 <vcn_v2_0>
[   12.567293] [drm] add ip block number 9 <jpeg_v2_0>
[   12.567319] amdgpu 0000:01:00.0: amdgpu: Fetched VBIOS from VFCT
[   12.567323] amdgpu: ATOM BIOS: 113-RENOIR-026
[   12.579092] [drm] VCN decode is enabled in VM mode
[   12.579099] [drm] VCN encode is enabled in VM mode
[   12.579101] [drm] JPEG decode is enabled in VM mode
[   12.579122] amdgpu 0000:01:00.0: amdgpu: PCIE atomic ops is not supported
[   12.579241] [drm] vm size is 262144 GB, 4 levels, block size is 9-bit, fragment size is 9-bit
[   12.579256] amdgpu 0000:01:00.0: amdgpu: VRAM: 512M 0x000000F400000000 - 0x000000F41FFFFFFF (512M used)
[   12.579259] amdgpu 0000:01:00.0: amdgpu: GART: 1024M 0x0000000000000000 - 0x000000003FFFFFFF
[   12.579261] amdgpu 0000:01:00.0: amdgpu: AGP: 267419648M 0x000000F800000000 - 0x0000FFFFFFFFFFFF
[   12.579270] [drm] Detected VRAM RAM=512M, BAR=512M
[   12.579272] [drm] RAM width 128bits DDR4
[   12.579371] [drm] amdgpu: 512M of VRAM memory ready
[   12.579373] [drm] amdgpu: 3072M of GTT memory ready.
[   12.579392] [drm] GART: num cpu pages 262144, num gpu pages 262144
[   12.579572] [drm] PCIE GART of 1024M enabled.
[   12.579573] [drm] PTB located at 0x000000F400900000
[   12.594824] amdgpu 0000:01:00.0: amdgpu: PSP runtime database doesn't exist
[   12.598280] snd_rn_pci_acp3x 0000:01:00.5: enabling device (0000 -> 0002)
[   12.607431] [drm] Loading DMUB firmware via PSP: version=0x0101001C
[   12.689690] [drm] Found VCN firmware Version ENC: 1.16 DEC: 5 VEP: 0 Revision: 3
[   12.689738] amdgpu 0000:01:00.0: amdgpu: Will use PSP to load VCN firmware
[   12.708788] Adding 17309976k swap on /dev/sda3.  Priority:-2 extents:1 across:17309976k SSFS
[   12.774416] snd_hda_intel 0000:01:00.1: enabling device (0000 -> 0002)
[   12.774635] snd_hda_intel 0000:01:00.1: Handle vga_switcheroo audio client
[   12.774919] snd_hda_intel 0000:01:00.6: enabling device (0000 -> 0002)
[   12.894001] input: HD-Audio Generic HDMI/DP,pcm=3 as /devices/pci0000:00/0000:00:08.1/0000:01:00.1/sound/card0/input7
[   12.894115] input: HD-Audio Generic HDMI/DP,pcm=7 as /devices/pci0000:00/0000:00:08.1/0000:01:00.1/sound/card0/input8
[   13.060318] snd_hda_codec_realtek hdaudioC1D0: autoconfig for ALC256: line_outs=1 (0x14/0x0/0x0/0x0/0x0) type:speaker
[   13.060330] snd_hda_codec_realtek hdaudioC1D0:    speaker_outs=0 (0x0/0x0/0x0/0x0/0x0)
[   13.060335] snd_hda_codec_realtek hdaudioC1D0:    hp_outs=1 (0x21/0x0/0x0/0x0/0x0)
[   13.060339] snd_hda_codec_realtek hdaudioC1D0:    mono: mono_out=0x0
[   13.060341] snd_hda_codec_realtek hdaudioC1D0:    inputs:
[   13.060343] snd_hda_codec_realtek hdaudioC1D0:      Mic=0x19
[   13.068335] RAPL PMU: API unit is 2^-32 Joules, 1 fixed counters, 163840 ms ovfl timer
[   13.068340] RAPL PMU: hw unit of domain package 2^-16 Joules
[   13.136820] cryptd: max_cpu_qlen set to 1000
[   13.152695] input: HD-Audio Generic Mic as /devices/pci0000:00/0000:00:08.1/0000:01:00.6/sound/card1/input9
[   13.153218] input: HD-Audio Generic Headphone as /devices/pci0000:00/0000:00:08.1/0000:01:00.6/sound/card1/input10
[   13.153262] cfg80211: Loading compiled-in X.509 certificates for regulatory database
[   13.157154] cfg80211: Loaded X.509 cert 'sforshee: 00b28ddf47aef9cea7'
[   13.157232] platform regulatory.0: Direct firmware load for regulatory.db failed with error -2
[   13.157236] cfg80211: failed to load regulatory.db
[   13.336725] AVX2 version of gcm_enc/dec engaged.
[   13.391780] AES CTR mode by8 optimization enabled
[   13.434109] [drm] reserve 0x400000 from 0xf41f800000 for PSP TMR
[   13.524068] amdgpu 0000:01:00.0: amdgpu: RAS: optional ras ta ucode is not available
[   13.530394] ucsi_acpi USBC000:00: PPM init failed (-110)
[   13.532817] amdgpu 0000:01:00.0: amdgpu: RAP: optional rap ta ucode is not available
[   13.532820] amdgpu 0000:01:00.0: amdgpu: SECUREDISPLAY: securedisplay ta ucode is not available
[   13.533112] amdgpu 0000:01:00.0: amdgpu: SMU is initialized successfully!
[   13.533941] [drm] Display Core initialized with v3.2.160!
[   13.534487] [drm] DMUB hardware initialized: version=0x0101001C
[   13.690313] [drm] kiq ring mec 2 pipe 1 q 0
[   13.693379] [drm] VCN decode and encode initialized successfully(under DPG Mode).
[   13.693400] [drm] JPEG decode initialized successfully.
[   13.695145] kfd kfd: amdgpu: Allocated 3969056 bytes on gart
[   13.806636] memmap_init_zone_device initialised 131072 pages in 0ms
[   13.806647] amdgpu: HMM registered 512MB device memory
[   13.806691] amdgpu: SRAT table not found
[   13.806693] amdgpu: Virtual CRAT table created for GPU
[   13.807272] amdgpu: Topology: Add dGPU node [0x1636:0x1002]
[   13.807277] kfd kfd: amdgpu: added device 1002:1636
[   13.807289] amdgpu 0000:01:00.0: amdgpu: SE 1, SH per SE 1, CU per SH 8, active_cu_number 6
[   13.810129] [drm] fb mappable at 0x410CD2000
[   13.810131] [drm] vram apper at 0x410000000
[   13.810132] [drm] size 8294400
[   13.810133] [drm] fb depth is 24
[   13.810134] [drm]    pitch is 7680
[   13.810248] fbcon: amdgpudrmfb (fb0) is primary device
[   13.880683] Console: switching to colour frame buffer device 240x67
[   13.907006] amdgpu 0000:01:00.0: [drm] fb0: amdgpudrmfb frame buffer device
[   13.909292] input: GXT7863:00 27C6:01E0 Mouse as /devices/platform/AMDI0010:03/i2c-0/i2c-GXT7863:00/0018:27C6:01E0.0001/input/input11
[   13.909435] input: GXT7863:00 27C6:01E0 Touchpad as /devices/platform/AMDI0010:03/i2c-0/i2c-GXT7863:00/0018:27C6:01E0.0001/input/input12
[   13.909539] hid-multitouch 0018:27C6:01E0.0001: input,hidraw0: I2C HID v1.00 Mouse [GXT7863:00 27C6:01E0] on i2c-GXT7863:00
[   13.944448] amdgpu 0000:01:00.0: amdgpu: ring gfx uses VM inv eng 0 on hub 0
[   13.944455] amdgpu 0000:01:00.0: amdgpu: ring comp_1.0.0 uses VM inv eng 1 on hub 0
[   13.944458] amdgpu 0000:01:00.0: amdgpu: ring comp_1.1.0 uses VM inv eng 4 on hub 0
[   13.944460] amdgpu 0000:01:00.0: amdgpu: ring comp_1.2.0 uses VM inv eng 5 on hub 0
[   13.944462] amdgpu 0000:01:00.0: amdgpu: ring comp_1.3.0 uses VM inv eng 6 on hub 0
[   13.944464] amdgpu 0000:01:00.0: amdgpu: ring comp_1.0.1 uses VM inv eng 7 on hub 0
[   13.944466] amdgpu 0000:01:00.0: amdgpu: ring comp_1.1.1 uses VM inv eng 8 on hub 0
[   13.944467] amdgpu 0000:01:00.0: amdgpu: ring comp_1.2.1 uses VM inv eng 9 on hub 0
[   13.944469] amdgpu 0000:01:00.0: amdgpu: ring comp_1.3.1 uses VM inv eng 10 on hub 0
[   13.944472] amdgpu 0000:01:00.0: amdgpu: ring kiq_2.1.0 uses VM inv eng 11 on hub 0
[   13.944474] amdgpu 0000:01:00.0: amdgpu: ring sdma0 uses VM inv eng 0 on hub 1
[   13.944476] amdgpu 0000:01:00.0: amdgpu: ring vcn_dec uses VM inv eng 1 on hub 1
[   13.944478] amdgpu 0000:01:00.0: amdgpu: ring vcn_enc0 uses VM inv eng 4 on hub 1
[   13.944480] amdgpu 0000:01:00.0: amdgpu: ring vcn_enc1 uses VM inv eng 5 on hub 1
[   13.944482] amdgpu 0000:01:00.0: amdgpu: ring jpeg_dec uses VM inv eng 6 on hub 1
[   13.948589] [drm] Initialized amdgpu 3.44.0 20150101 for 0000:01:00.0 on minor 0
[   14.119044] MCE: In-kernel MCE decoding enabled.
[   14.150726] mousedev: PS/2 mouse device common for all mice
[   14.524860] intel_rapl_common: Found RAPL domain package
[   14.524865] intel_rapl_common: Found RAPL domain core
[   37.723991] usb 3-2: new high-speed USB device number 2 using xhci_hcd
[   37.867126] usb 3-2: New USB device found, idVendor=2357, idProduct=011e, bcdDevice= 2.00
[   37.867138] usb 3-2: New USB device strings: Mfr=1, Product=2, SerialNumber=3
[   37.867142] usb 3-2: Product: 802.11ac WLAN Adapter 
[   37.867145] usb 3-2: Manufacturer: Realtek 
[   37.867148] usb 3-2: SerialNumber: 00e04c000001
[   39.072921] usbcore: registered new interface driver rtl8821au
[   39.775026] rtl8821au 3-2:1.0 wlp1s0f4u2: renamed from wlan0
[   46.862939] IPv6: ADDRCONF(NETDEV_CHANGE): wlp1s0f4u2: link becomes ready
[ 1340.719132] atkbd serio0: Unknown key pressed (translated set 2, code 0xf6 on isa0060/serio0).
[ 1340.719143] atkbd serio0: Use 'setkeycodes e076 <keycode>' to make it known.
[ 1341.221421] atkbd serio0: Unknown key released (translated set 2, code 0xf6 on isa0060/serio0).
[ 1341.221431] atkbd serio0: Use 'setkeycodes e076 <keycode>' to make it known.
[ 1452.615339] atkbd serio0: Unknown key pressed (translated set 2, code 0xf6 on isa0060/serio0).
[ 1452.615354] atkbd serio0: Use 'setkeycodes e076 <keycode>' to make it known.
[ 1453.356789] atkbd serio0: Unknown key released (translated set 2, code 0xf6 on isa0060/serio0).
[ 1453.356801] atkbd serio0: Use 'setkeycodes e076 <keycode>' to make it known.
[ 1455.446002] atkbd serio0: Unknown key pressed (translated set 2, code 0xf6 on isa0060/serio0).
[ 1455.446015] atkbd serio0: Use 'setkeycodes e076 <keycode>' to make it known.
[ 1455.958909] atkbd serio0: Unknown key released (translated set 2, code 0xf6 on isa0060/serio0).
[ 1455.958921] atkbd serio0: Use 'setkeycodes e076 <keycode>' to make it known.
[ 1458.343378] atkbd serio0: Unknown key pressed (translated set 2, code 0xf6 on isa0060/serio0).
[ 1458.343391] atkbd serio0: Use 'setkeycodes e076 <keycode>' to make it known.
[ 1458.732880] atkbd serio0: Unknown key released (translated set 2, code 0xf6 on isa0060/serio0).
[ 1458.732891] atkbd serio0: Use 'setkeycodes e076 <keycode>' to make it known.
[ 1460.436052] atkbd serio0: Unknown key pressed (translated set 2, code 0xf6 on isa0060/serio0).
[ 1460.436061] atkbd serio0: Use 'setkeycodes e076 <keycode>' to make it known.
[ 1460.879160] atkbd serio0: Unknown key released (translated set 2, code 0xf6 on isa0060/serio0).
[ 1460.879173] atkbd serio0: Use 'setkeycodes e076 <keycode>' to make it known.
[ 1465.397227] atkbd serio0: Unknown key pressed (translated set 2, code 0xf6 on isa0060/serio0).
[ 1465.397237] atkbd serio0: Use 'setkeycodes e076 <keycode>' to make it known.
[ 1465.882918] atkbd serio0: Unknown key released (translated set 2, code 0xf6 on isa0060/serio0).
[ 1465.882930] atkbd serio0: Use 'setkeycodes e076 <keycode>' to make it known.
[ 1466.595223] atkbd serio0: Unknown key pressed (translated set 2, code 0xf6 on isa0060/serio0).
[ 1466.595236] atkbd serio0: Use 'setkeycodes e076 <keycode>' to make it known.
[ 1467.124017] atkbd serio0: Unknown key released (translated set 2, code 0xf6 on isa0060/serio0).
[ 1467.124030] atkbd serio0: Use 'setkeycodes e076 <keycode>' to make it known.
[ 1468.858867] atkbd serio0: Unknown key pressed (translated set 2, code 0xf6 on isa0060/serio0).
[ 1468.858879] atkbd serio0: Use 'setkeycodes e076 <keycode>' to make it known.
[ 1469.820006] atkbd serio0: Unknown key released (translated set 2, code 0xf6 on isa0060/serio0).
[ 1469.820017] atkbd serio0: Use 'setkeycodes e076 <keycode>' to make it known.
[ 1471.322088] atkbd serio0: Unknown key pressed (translated set 2, code 0xf6 on isa0060/serio0).
[ 1471.322100] atkbd serio0: Use 'setkeycodes e076 <keycode>' to make it known.
[ 1472.129085] atkbd serio0: Unknown key released (translated set 2, code 0xf6 on isa0060/serio0).
[ 1472.129093] atkbd serio0: Use 'setkeycodes e076 <keycode>' to make it known.
[ 1472.569814] atkbd serio0: Unknown key pressed (translated set 2, code 0xf6 on isa0060/serio0).
[ 1472.569825] atkbd serio0: Use 'setkeycodes e076 <keycode>' to make it known.
[ 1473.046113] atkbd serio0: Unknown key released (translated set 2, code 0xf6 on isa0060/serio0).
[ 1473.046127] atkbd serio0: Use 'setkeycodes e076 <keycode>' to make it known.
[ 1693.217316] atkbd serio0: Unknown key pressed (translated set 2, code 0xf6 on isa0060/serio0).
[ 1693.217326] atkbd serio0: Use 'setkeycodes e076 <keycode>' to make it known.
[ 1693.636826] atkbd serio0: Unknown key released (translated set 2, code 0xf6 on isa0060/serio0).
[ 1693.636836] atkbd serio0: Use 'setkeycodes e076 <keycode>' to make it known.
[ 1694.147598] atkbd serio0: Unknown key pressed (translated set 2, code 0xf6 on isa0060/serio0).
[ 1694.147608] atkbd serio0: Use 'setkeycodes e076 <keycode>' to make it known.
[ 1694.398900] atkbd serio0: Unknown key released (translated set 2, code 0xf6 on isa0060/serio0).
[ 1694.398909] atkbd serio0: Use 'setkeycodes e076 <keycode>' to make it known.
[ 1981.638135] atkbd serio0: Unknown key pressed (translated set 2, code 0xf6 on isa0060/serio0).
[ 1981.638148] atkbd serio0: Use 'setkeycodes e076 <keycode>' to make it known.
[ 1982.260210] atkbd serio0: Unknown key released (translated set 2, code 0xf6 on isa0060/serio0).
[ 1982.260219] atkbd serio0: Use 'setkeycodes e076 <keycode>' to make it known.
[ 1984.432819] atkbd serio0: Unknown key pressed (translated set 2, code 0xf6 on isa0060/serio0).
[ 1984.432832] atkbd serio0: Use 'setkeycodes e076 <keycode>' to make it known.
[ 1985.070174] atkbd serio0: Unknown key released (translated set 2, code 0xf6 on isa0060/serio0).
[ 1985.070189] atkbd serio0: Use 'setkeycodes e076 <keycode>' to make it known.
[ 2052.188837] atkbd serio0: Unknown key pressed (translated set 2, code 0xf6 on isa0060/serio0).
[ 2052.188849] atkbd serio0: Use 'setkeycodes e076 <keycode>' to make it known.
[ 2052.749969] atkbd serio0: Unknown key released (translated set 2, code 0xf6 on isa0060/serio0).
[ 2052.749984] atkbd serio0: Use 'setkeycodes e076 <keycode>' to make it known.
[ 2091.233084] atkbd serio0: Unknown key pressed (translated set 2, code 0xf6 on isa0060/serio0).
[ 2091.233097] atkbd serio0: Use 'setkeycodes e076 <keycode>' to make it known.
[ 2091.736179] atkbd serio0: Unknown key released (translated set 2, code 0xf6 on isa0060/serio0).
[ 2091.736190] atkbd serio0: Use 'setkeycodes e076 <keycode>' to make it known.
[ 2917.422632] atkbd serio0: Unknown key pressed (translated set 2, code 0xf6 on isa0060/serio0).
[ 2917.422645] atkbd serio0: Use 'setkeycodes e076 <keycode>' to make it known.
[ 2917.708530] atkbd serio0: Unknown key released (translated set 2, code 0xf6 on isa0060/serio0).
[ 2917.708542] atkbd serio0: Use 'setkeycodes e076 <keycode>' to make it known.
[ 3244.588435] atkbd serio0: Unknown key pressed (translated set 2, code 0xf6 on isa0060/serio0).
[ 3244.588451] atkbd serio0: Use 'setkeycodes e076 <keycode>' to make it known.
[ 3244.993350] atkbd serio0: Unknown key released (translated set 2, code 0xf6 on isa0060/serio0).
[ 3244.993361] atkbd serio0: Use 'setkeycodes e076 <keycode>' to make it known.
[ 3307.379653] atkbd serio0: Unknown key pressed (translated set 2, code 0xf6 on isa0060/serio0).
[ 3307.379668] atkbd serio0: Use 'setkeycodes e076 <keycode>' to make it known.
[ 3308.845883] atkbd serio0: Unknown key released (translated set 2, code 0xf6 on isa0060/serio0).
[ 3308.845892] atkbd serio0: Use 'setkeycodes e076 <keycode>' to make it known.
[ 3311.734890] atkbd serio0: Unknown key pressed (translated set 2, code 0xf6 on isa0060/serio0).
[ 3311.734905] atkbd serio0: Use 'setkeycodes e076 <keycode>' to make it known.
[ 3312.078621] atkbd serio0: Unknown key released (translated set 2, code 0xf6 on isa0060/serio0).
[ 3312.078634] atkbd serio0: Use 'setkeycodes e076 <keycode>' to make it known.
[ 3338.525171] atkbd serio0: Unknown key pressed (translated set 2, code 0xf6 on isa0060/serio0).
[ 3338.525187] atkbd serio0: Use 'setkeycodes e076 <keycode>' to make it known.
[ 3338.903158] atkbd serio0: Unknown key released (translated set 2, code 0xf6 on isa0060/serio0).
[ 3338.903173] atkbd serio0: Use 'setkeycodes e076 <keycode>' to make it known.
[ 3342.939605] atkbd serio0: Unknown key pressed (translated set 2, code 0xf6 on isa0060/serio0).
[ 3342.939617] atkbd serio0: Use 'setkeycodes e076 <keycode>' to make it known.
[ 3343.290880] atkbd serio0: Unknown key released (translated set 2, code 0xf6 on isa0060/serio0).
[ 3343.290896] atkbd serio0: Use 'setkeycodes e076 <keycode>' to make it known.
[ 3355.134294] atkbd serio0: Unknown key pressed (translated set 2, code 0xf6 on isa0060/serio0).
[ 3355.134307] atkbd serio0: Use 'setkeycodes e076 <keycode>' to make it known.
[ 3355.712918] atkbd serio0: Unknown key released (translated set 2, code 0xf6 on isa0060/serio0).
[ 3355.712931] atkbd serio0: Use 'setkeycodes e076 <keycode>' to make it known.
[ 3370.723819] atkbd serio0: Unknown key pressed (translated set 2, code 0xf6 on isa0060/serio0).
[ 3370.723831] atkbd serio0: Use 'setkeycodes e076 <keycode>' to make it known.
[ 3371.721458] atkbd serio0: Unknown key released (translated set 2, code 0xf6 on isa0060/serio0).
[ 3371.721472] atkbd serio0: Use 'setkeycodes e076 <keycode>' to make it known.
[ 3407.562969] atkbd serio0: Unknown key pressed (translated set 2, code 0xf6 on isa0060/serio0).
[ 3407.562984] atkbd serio0: Use 'setkeycodes e076 <keycode>' to make it known.
[ 3408.042673] atkbd serio0: Unknown key released (translated set 2, code 0xf6 on isa0060/serio0).
[ 3408.042687] atkbd serio0: Use 'setkeycodes e076 <keycode>' to make it known.
[ 3427.335835] atkbd serio0: Unknown key pressed (translated set 2, code 0xf6 on isa0060/serio0).
[ 3427.335851] atkbd serio0: Use 'setkeycodes e076 <keycode>' to make it known.
[ 3428.176450] atkbd serio0: Unknown key released (translated set 2, code 0xf6 on isa0060/serio0).
[ 3428.176462] atkbd serio0: Use 'setkeycodes e076 <keycode>' to make it known.
[ 3430.749404] atkbd serio0: Unknown key pressed (translated set 2, code 0xf6 on isa0060/serio0).
[ 3430.749419] atkbd serio0: Use 'setkeycodes e076 <keycode>' to make it known.
[ 3431.022483] atkbd serio0: Unknown key released (translated set 2, code 0xf6 on isa0060/serio0).
[ 3431.022497] atkbd serio0: Use 'setkeycodes e076 <keycode>' to make it known.
[ 3431.771586] atkbd serio0: Unknown key pressed (translated set 2, code 0xf6 on isa0060/serio0).
[ 3431.771600] atkbd serio0: Use 'setkeycodes e076 <keycode>' to make it known.
[ 3432.339173] atkbd serio0: Unknown key released (translated set 2, code 0xf6 on isa0060/serio0).
[ 3432.339188] atkbd serio0: Use 'setkeycodes e076 <keycode>' to make it known.
[ 3443.409577] atkbd serio0: Unknown key pressed (translated set 2, code 0xf6 on isa0060/serio0).
[ 3443.409592] atkbd serio0: Use 'setkeycodes e076 <keycode>' to make it known.
[ 3443.897991] atkbd serio0: Unknown key released (translated set 2, code 0xf6 on isa0060/serio0).
[ 3443.898006] atkbd serio0: Use 'setkeycodes e076 <keycode>' to make it known.
[ 3448.602136] atkbd serio0: Unknown key pressed (translated set 2, code 0xf6 on isa0060/serio0).
[ 3448.602151] atkbd serio0: Use 'setkeycodes e076 <keycode>' to make it known.
[ 3449.756909] atkbd serio0: Unknown key released (translated set 2, code 0xf6 on isa0060/serio0).
[ 3449.756924] atkbd serio0: Use 'setkeycodes e076 <keycode>' to make it known.
[ 3815.476846] usb 3-2: USB disconnect, device number 2
[ 3818.173398] usb 3-2: new high-speed USB device number 3 using xhci_hcd
[ 3818.317489] usb 3-2: New USB device found, idVendor=2357, idProduct=011e, bcdDevice= 2.00
[ 3818.317503] usb 3-2: New USB device strings: Mfr=1, Product=2, SerialNumber=3
[ 3818.317507] usb 3-2: Product: 802.11ac WLAN Adapter 
[ 3818.317510] usb 3-2: Manufacturer: Realtek 
[ 3818.317512] usb 3-2: SerialNumber: 00e04c000001
[ 3820.173006] rtl8821au 3-2:1.0 wlp1s0f4u2: renamed from wlan0
[ 3821.511222] IPv6: ADDRCONF(NETDEV_CHANGE): wlp1s0f4u2: link becomes ready
[ 3832.557461] IPv6: ADDRCONF(NETDEV_CHANGE): wlp1s0f4u2: link becomes ready
[ 3903.241349] usb 3-2: USB disconnect, device number 3
[ 3913.949241] systemd[1]: systemd 250.3-4-arch running in system mode (+PAM +AUDIT -SELINUX -APPARMOR -IMA +SMACK +SECCOMP +GCRYPT +GNUTLS +OPENSSL +ACL +BLKID +CURL +ELFUTILS +FIDO2 +IDN2 -IDN +IPTC +KMOD +LIBCRYPTSETUP +LIBFDISK +PCRE2 -PWQUALITY +P11KIT -QRENCODE +BZIP2 +LZ4 +XZ +ZLIB +ZSTD -BPF_FRAMEWORK +XKBCOMMON +UTMP -SYSVINIT default-hierarchy=unified)
[ 3913.963902] systemd[1]: Detected architecture x86-64.
[ 3916.890042] usb 3-2: new high-speed USB device number 4 using xhci_hcd
[ 3917.033336] usb 3-2: New USB device found, idVendor=2357, idProduct=011e, bcdDevice= 2.00
[ 3917.033347] usb 3-2: New USB device strings: Mfr=1, Product=2, SerialNumber=3
[ 3917.033352] usb 3-2: Product: 802.11ac WLAN Adapter 
[ 3917.033355] usb 3-2: Manufacturer: Realtek 
[ 3917.033358] usb 3-2: SerialNumber: 00e04c000001
[ 3918.760623] rtl8821au 3-2:1.0 wlp1s0f4u2: renamed from wlan0
[ 3922.724355] usb 3-2: USB disconnect, device number 4
[ 3982.393363] usb 3-2: new high-speed USB device number 5 using xhci_hcd
[ 3982.541527] usb 3-2: New USB device found, idVendor=2357, idProduct=011e, bcdDevice= 2.00
[ 3982.541537] usb 3-2: New USB device strings: Mfr=1, Product=2, SerialNumber=3
[ 3982.541541] usb 3-2: Product: 802.11ac WLAN Adapter 
[ 3982.541544] usb 3-2: Manufacturer: Realtek 
[ 3982.541546] usb 3-2: SerialNumber: 00e04c000001
[ 3984.480195] rtl8821au 3-2:1.0 wlp1s0f4u2: renamed from wlan0
[ 3985.791958] IPv6: ADDRCONF(NETDEV_CHANGE): wlp1s0f4u2: link becomes ready
[ 3991.390232] IPv6: ADDRCONF(NETDEV_CHANGE): wlp1s0f4u2: link becomes ready
[ 3998.417727] NMI watchdog: Enabled. Permanently consumes one hw-PMU counter.
[ 3998.419018] [p_lkrg] Changing "profile_validate" logic. From Old[9 | Custom] to new[3 | Heavy] one.
[ 3998.419097] [p_lkrg] Changing "profile_enforce" logic. From Old[9 | Custom] to new[2 | Strict] one.
[ 3998.419432] [p_lkrg] Changing "pint_validate" logic. From Old[1 | CURRENT] to new[2 | CURRENT] one.
[ 3998.419722] [p_lkrg] Disabling SMAP validation feature.
[ 3998.419780] [p_lkrg] Changing "smap_enforce" logic. From Old[2 | PANIC] to new[0 | LOG & ACCEPT] one.
[ 4050.762744] usb 3-2: USB disconnect, device number 5
