[    0.000000] Linux version 5.15.10-arch1-1 (linux@archlinux) (gcc (GCC) 11.1.0, GNU ld (GNU Binutils) 2.36.1) #1 SMP PREEMPT Fri, 17 Dec 2021 11:17:37 +0000
[    0.000000] Command line: BOOT_IMAGE=/boot/vmlinuz-linux root=UUID=a1e2e1f9-dbcb-484e-a242-73d5754f8d98 rw quiet resume=UUID=36238c5a-d1ff-4e5f-986a-4d302098cfd7 loglevel=3 audit=0 lsm=landlock,lockdown,yama,apparmor,bpf l1tf=full,force mds=full,nosmt mitigations=auto,nosmt nosmt=force init_on_alloc=1 init_on_free=1 randomize_kstack_offset=on slab_nomerge pti=on slub_debug=ZF slub_debug=P page_poison=1 mem_encrypt=on
[    0.000000] x86/fpu: Supporting XSAVE feature 0x001: 'x87 floating point registers'
[    0.000000] x86/fpu: Supporting XSAVE feature 0x002: 'SSE registers'
[    0.000000] x86/fpu: Supporting XSAVE feature 0x004: 'AVX registers'
[    0.000000] x86/fpu: xstate_offset[2]:  576, xstate_sizes[2]:  256
[    0.000000] x86/fpu: Enabled xstate features 0x7, context size is 832 bytes, using 'compacted' format.
[    0.000000] signal: max sigframe size: 1776
[    0.000000] SMT: Force disabled
[    0.000000] BIOS-provided physical RAM map:
[    0.000000] BIOS-e820: [mem 0x0000000000000000-0x000000000009efff] usable
[    0.000000] BIOS-e820: [mem 0x000000000009f000-0x00000000000bffff] reserved
[    0.000000] BIOS-e820: [mem 0x0000000000100000-0x0000000009afffff] usable
[    0.000000] BIOS-e820: [mem 0x0000000009b00000-0x0000000009dfffff] reserved
[    0.000000] BIOS-e820: [mem 0x0000000009e00000-0x0000000009efffff] usable
[    0.000000] BIOS-e820: [mem 0x0000000009f00000-0x0000000009f0ffff] ACPI NVS
[    0.000000] BIOS-e820: [mem 0x0000000009f10000-0x00000000bab68fff] usable
[    0.000000] BIOS-e820: [mem 0x00000000bab69000-0x00000000bbd68fff] reserved
[    0.000000] BIOS-e820: [mem 0x00000000bbd69000-0x00000000c9f7efff] usable
[    0.000000] BIOS-e820: [mem 0x00000000c9f7f000-0x00000000caf7efff] type 20
[    0.000000] BIOS-e820: [mem 0x00000000caf7f000-0x00000000ccf7efff] reserved
[    0.000000] BIOS-e820: [mem 0x00000000ccf7f000-0x00000000cdf7efff] ACPI NVS
[    0.000000] BIOS-e820: [mem 0x00000000cdf7f000-0x00000000cdffefff] ACPI data
[    0.000000] BIOS-e820: [mem 0x00000000cdfff000-0x00000000cdffffff] usable
[    0.000000] BIOS-e820: [mem 0x00000000ce000000-0x00000000ceffffff] reserved
[    0.000000] BIOS-e820: [mem 0x00000000f8000000-0x00000000fbffffff] reserved
[    0.000000] BIOS-e820: [mem 0x00000000fde00000-0x00000000fdefffff] reserved
[    0.000000] BIOS-e820: [mem 0x00000000fec00000-0x00000000fec00fff] reserved
[    0.000000] BIOS-e820: [mem 0x00000000fec10000-0x00000000fec10fff] reserved
[    0.000000] BIOS-e820: [mem 0x00000000fec20000-0x00000000fec20fff] reserved
[    0.000000] BIOS-e820: [mem 0x00000000fed80000-0x00000000fed80fff] reserved
[    0.000000] BIOS-e820: [mem 0x00000000fee00000-0x00000000fee00fff] reserved
[    0.000000] BIOS-e820: [mem 0x00000000ff000000-0x00000000fff2ffff] reserved
[    0.000000] BIOS-e820: [mem 0x0000000100000000-0x000000040f33ffff] usable
[    0.000000] BIOS-e820: [mem 0x000000040f340000-0x000000042fffffff] reserved
[    0.000000] NX (Execute Disable) protection: active
[    0.000000] efi: EFI v2.70 by INSYDE Corp.
[    0.000000] efi: ACPI=0xcdffe000 ACPI 2.0=0xcdffe014 TPMFinalLog=0xcdf2c000 SMBIOS=0xcb70c000 SMBIOS 3.0=0xcb70a000 ESRT=0xcb70d418 
[    0.000000] SMBIOS 3.2.0 present.
[    0.000000] DMI: TIMI RedmiBook 14 II/TM1951, BIOS RMARN4B0P0909 08/19/2020
[    0.000000] tsc: Fast TSC calibration using PIT
[    0.000000] tsc: Detected 2370.670 MHz processor
[    0.000544] e820: update [mem 0x00000000-0x00000fff] usable ==> reserved
[    0.000546] e820: remove [mem 0x000a0000-0x000fffff] usable
[    0.000551] last_pfn = 0x40f340 max_arch_pfn = 0x400000000
[    0.000729] x86/PAT: Configuration [0-7]: WB  WC  UC- UC  WB  WP  UC- WT  
[    0.000952] last_pfn = 0xce000 max_arch_pfn = 0x400000000
[    0.010588] esrt: Reserving ESRT space from 0x00000000cb70d418 to 0x00000000cb70d450.
[    0.010596] Kernel/User page tables isolation: force enabled on command line.
[    0.010598] Using GB pages for direct mapping
[    0.011028] Secure boot disabled
[    0.011029] RAMDISK: [mem 0x36b19000-0x37583fff]
[    0.011034] ACPI: Early table checksum verification disabled
[    0.011037] ACPI: RSDP 0x00000000CDFFE014 000024 (v02 XMCC  )
[    0.011041] ACPI: XSDT 0x00000000CDFCE188 000134 (v01 XMCC   XMCC1951 00000002      01000013)
[    0.011045] ACPI: FACP 0x00000000CDFEC000 00010C (v05 XMCC   XMCC1951 00000002      01000013)
[    0.011049] ACPI: DSDT 0x00000000CDFDF000 006545 (v01 XMCC   XMCC1951 00000002      01000013)
[    0.011052] ACPI: FACS 0x00000000CDF29000 000040
[    0.011054] ACPI: UEFI 0x00000000CDF7E000 000236 (v01 INSYDE H2O BIOS 00000001 ACPI 00040000)
[    0.011056] ACPI: SSDT 0x00000000CDFF5000 007216 (v02 AMD    AmdTable 00000002 MSFT 04000000)
[    0.011058] ACPI: IVRS 0x00000000CDFF4000 0001A4 (v02 AMD    AmdTable 00000001 AMD  00000000)
[    0.011061] ACPI: SSDT 0x00000000CDFF3000 000228 (v01 AMD    STD3     00000001 INTL 20130117)
[    0.011063] ACPI: SSDT 0x00000000CDFF2000 000D61 (v01 XMCC   XMCC1806 00003000 INTL 20130117)
[    0.011065] ACPI: SSDT 0x00000000CDFF1000 00046D (v01 Insyde TPMACPI  00001000 INTL 20130117)
[    0.011067] ACPI: TPM2 0x00000000CDFF0000 000034 (v04 XMCC   XMCC1951 00000002      01000013)
[    0.011070] ACPI: MSDM 0x00000000CDFEF000 000055 (v03 INSYDE H2O BIOS 00000001 ACPI 00040000)
[    0.011072] ACPI: ASF! 0x00000000CDFEE000 0000A5 (v32 XMCC   XMCC1951 00000002      01000013)
[    0.011074] ACPI: BOOT 0x00000000CDFED000 000028 (v01 XMCC   XMCC1951 00000002      01000013)
[    0.011076] ACPI: HPET 0x00000000CDFEB000 000038 (v01 XMCC   XMCC1951 00000002      01000013)
[    0.011078] ACPI: APIC 0x00000000CDFEA000 000138 (v03 XMCC   XMCC1951 00000002      01000013)
[    0.011080] ACPI: MCFG 0x00000000CDFE9000 00003C (v01 XMCC   XMCC1951 00000002      01000013)
[    0.011082] ACPI: SLIC 0x00000000CDFE8000 000176 (v01 XMCC   XMCC1951 00000002      01000013)
[    0.011085] ACPI: SSDT 0x00000000CDFDE000 000080 (v01 XMCC   XMCC1951 00000002      01000013)
[    0.011087] ACPI: VFCT 0x00000000CDFD0000 00D484 (v01 XMCC   XMCC1951 00000001 AMD  31504F47)
[    0.011089] ACPI: SSDT 0x00000000CDFCF000 0000F8 (v01 XMCC   PcdTabl  00001000 INTL 20130117)
[    0.011091] ACPI: SSDT 0x00000000CDFCC000 001500 (v01 AMD    AmdTable 00000001 AMD  00000001)
[    0.011093] ACPI: CRAT 0x00000000CDFFD000 000BA8 (v01 AMD    AmdTable 00000001 AMD  00000001)
[    0.011095] ACPI: CDIT 0x00000000CDFCB000 000029 (v01 AMD    AmdTable 00000001 AMD  00000001)
[    0.011097] ACPI: SSDT 0x00000000CDFCA000 00028D (v01 AMD    AmdTable 00000001 INTL 20130117)
[    0.011100] ACPI: SSDT 0x00000000CDFC9000 000C78 (v01 AMD    AmdTable 00000001 INTL 20130117)
[    0.011102] ACPI: SSDT 0x00000000CDFC7000 0010A5 (v01 AMD    AmdTable 00000001 INTL 20130117)
[    0.011104] ACPI: SSDT 0x00000000CDFC3000 0030C8 (v01 AMD    AmdTable 00000001 INTL 20130117)
[    0.011106] ACPI: FPDT 0x00000000CDFC2000 000044 (v01 XMCC   XMCC1951 00000002      01000013)
[    0.011108] ACPI: WSMT 0x00000000CDFC0000 000028 (v01 INSYDE H2O BIOS 00000001 ACPI 00040000)
[    0.011110] ACPI: SSDT 0x00000000CDFE7000 00020A (v01 AMD    AmdTable 00000001 INTL 20130117)
[    0.011112] ACPI: SSDT 0x00000000CDFE6000 0005A1 (v01 AMD    AmdTable 00000001 INTL 20130117)
[    0.011114] ACPI: SSDT 0x00000000CDFBF000 000343 (v01 AMD    AmdTable 00000001 INTL 20130117)
[    0.011116] ACPI: SSDT 0x00000000CDFBE000 00007D (v01 AMD    AmdTable 00000001 INTL 20130117)
[    0.011119] ACPI: SSDT 0x00000000CDFBD000 000822 (v01 AMD    AmdTable 00000001 INTL 20130117)
[    0.011121] ACPI: SSDT 0x00000000CDFBC000 000517 (v01 AMD    AmdTable 00000001 INTL 20130117)
[    0.011123] ACPI: BGRT 0x00000000CDFC1000 000038 (v01 INSYDE H2O BIOS 00000001 ACPI 00040000)
[    0.011125] ACPI: Reserving FACP table memory at [mem 0xcdfec000-0xcdfec10b]
[    0.011126] ACPI: Reserving DSDT table memory at [mem 0xcdfdf000-0xcdfe5544]
[    0.011127] ACPI: Reserving FACS table memory at [mem 0xcdf29000-0xcdf2903f]
[    0.011127] ACPI: Reserving UEFI table memory at [mem 0xcdf7e000-0xcdf7e235]
[    0.011128] ACPI: Reserving SSDT table memory at [mem 0xcdff5000-0xcdffc215]
[    0.011129] ACPI: Reserving IVRS table memory at [mem 0xcdff4000-0xcdff41a3]
[    0.011129] ACPI: Reserving SSDT table memory at [mem 0xcdff3000-0xcdff3227]
[    0.011130] ACPI: Reserving SSDT table memory at [mem 0xcdff2000-0xcdff2d60]
[    0.011131] ACPI: Reserving SSDT table memory at [mem 0xcdff1000-0xcdff146c]
[    0.011131] ACPI: Reserving TPM2 table memory at [mem 0xcdff0000-0xcdff0033]
[    0.011132] ACPI: Reserving MSDM table memory at [mem 0xcdfef000-0xcdfef054]
[    0.011133] ACPI: Reserving ASF! table memory at [mem 0xcdfee000-0xcdfee0a4]
[    0.011133] ACPI: Reserving BOOT table memory at [mem 0xcdfed000-0xcdfed027]
[    0.011134] ACPI: Reserving HPET table memory at [mem 0xcdfeb000-0xcdfeb037]
[    0.011135] ACPI: Reserving APIC table memory at [mem 0xcdfea000-0xcdfea137]
[    0.011136] ACPI: Reserving MCFG table memory at [mem 0xcdfe9000-0xcdfe903b]
[    0.011136] ACPI: Reserving SLIC table memory at [mem 0xcdfe8000-0xcdfe8175]
[    0.011137] ACPI: Reserving SSDT table memory at [mem 0xcdfde000-0xcdfde07f]
[    0.011138] ACPI: Reserving VFCT table memory at [mem 0xcdfd0000-0xcdfdd483]
[    0.011138] ACPI: Reserving SSDT table memory at [mem 0xcdfcf000-0xcdfcf0f7]
[    0.011139] ACPI: Reserving SSDT table memory at [mem 0xcdfcc000-0xcdfcd4ff]
[    0.011140] ACPI: Reserving CRAT table memory at [mem 0xcdffd000-0xcdffdba7]
[    0.011140] ACPI: Reserving CDIT table memory at [mem 0xcdfcb000-0xcdfcb028]
[    0.011141] ACPI: Reserving SSDT table memory at [mem 0xcdfca000-0xcdfca28c]
[    0.011142] ACPI: Reserving SSDT table memory at [mem 0xcdfc9000-0xcdfc9c77]
[    0.011143] ACPI: Reserving SSDT table memory at [mem 0xcdfc7000-0xcdfc80a4]
[    0.011143] ACPI: Reserving SSDT table memory at [mem 0xcdfc3000-0xcdfc60c7]
[    0.011144] ACPI: Reserving FPDT table memory at [mem 0xcdfc2000-0xcdfc2043]
[    0.011145] ACPI: Reserving WSMT table memory at [mem 0xcdfc0000-0xcdfc0027]
[    0.011145] ACPI: Reserving SSDT table memory at [mem 0xcdfe7000-0xcdfe7209]
[    0.011146] ACPI: Reserving SSDT table memory at [mem 0xcdfe6000-0xcdfe65a0]
[    0.011147] ACPI: Reserving SSDT table memory at [mem 0xcdfbf000-0xcdfbf342]
[    0.011148] ACPI: Reserving SSDT table memory at [mem 0xcdfbe000-0xcdfbe07c]
[    0.011149] ACPI: Reserving SSDT table memory at [mem 0xcdfbd000-0xcdfbd821]
[    0.011149] ACPI: Reserving SSDT table memory at [mem 0xcdfbc000-0xcdfbc516]
[    0.011150] ACPI: Reserving BGRT table memory at [mem 0xcdfc1000-0xcdfc1037]
[    0.011202] No NUMA configuration found
[    0.011203] Faking a node at [mem 0x0000000000000000-0x000000040f33ffff]
[    0.011206] NODE_DATA(0) allocated [mem 0x40f33c000-0x40f33ffff]
[    0.011233] Zone ranges:
[    0.011234]   DMA      [mem 0x0000000000001000-0x0000000000ffffff]
[    0.011235]   DMA32    [mem 0x0000000001000000-0x00000000ffffffff]
[    0.011236]   Normal   [mem 0x0000000100000000-0x000000040f33ffff]
[    0.011237]   Device   empty
[    0.011238] Movable zone start for each node
[    0.011239] Early memory node ranges
[    0.011239]   node   0: [mem 0x0000000000001000-0x000000000009efff]
[    0.011240]   node   0: [mem 0x0000000000100000-0x0000000009afffff]
[    0.011241]   node   0: [mem 0x0000000009e00000-0x0000000009efffff]
[    0.011242]   node   0: [mem 0x0000000009f10000-0x00000000bab68fff]
[    0.011242]   node   0: [mem 0x00000000bbd69000-0x00000000c9f7efff]
[    0.011243]   node   0: [mem 0x00000000cdfff000-0x00000000cdffffff]
[    0.011244]   node   0: [mem 0x0000000100000000-0x000000040f33ffff]
[    0.011246] Initmem setup node 0 [mem 0x0000000000001000-0x000000040f33ffff]
[    0.011249] On node 0, zone DMA: 1 pages in unavailable ranges
[    0.011264] On node 0, zone DMA: 97 pages in unavailable ranges
[    0.011395] On node 0, zone DMA32: 768 pages in unavailable ranges
[    0.016443] On node 0, zone DMA32: 16 pages in unavailable ranges
[    0.016904] On node 0, zone DMA32: 4608 pages in unavailable ranges
[    0.017056] On node 0, zone DMA32: 16512 pages in unavailable ranges
[    0.039869] On node 0, zone Normal: 8192 pages in unavailable ranges
[    0.039902] On node 0, zone Normal: 3264 pages in unavailable ranges
[    0.040053] ACPI: PM-Timer IO Port: 0x408
[    0.040060] ACPI: LAPIC_NMI (acpi_id[0x00] high edge lint[0x1])
[    0.040061] ACPI: LAPIC_NMI (acpi_id[0x01] high edge lint[0x1])
[    0.040062] ACPI: LAPIC_NMI (acpi_id[0x02] high edge lint[0x1])
[    0.040063] ACPI: LAPIC_NMI (acpi_id[0x03] high edge lint[0x1])
[    0.040063] ACPI: LAPIC_NMI (acpi_id[0x04] high edge lint[0x1])
[    0.040064] ACPI: LAPIC_NMI (acpi_id[0x05] high edge lint[0x1])
[    0.040065] ACPI: LAPIC_NMI (acpi_id[0x06] high edge lint[0x1])
[    0.040065] ACPI: LAPIC_NMI (acpi_id[0x07] high edge lint[0x1])
[    0.040066] ACPI: LAPIC_NMI (acpi_id[0x08] high edge lint[0x1])
[    0.040066] ACPI: LAPIC_NMI (acpi_id[0x09] high edge lint[0x1])
[    0.040067] ACPI: LAPIC_NMI (acpi_id[0x0a] high edge lint[0x1])
[    0.040067] ACPI: LAPIC_NMI (acpi_id[0x0b] high edge lint[0x1])
[    0.040068] ACPI: LAPIC_NMI (acpi_id[0x0c] high edge lint[0x1])
[    0.040069] ACPI: LAPIC_NMI (acpi_id[0x0d] high edge lint[0x1])
[    0.040069] ACPI: LAPIC_NMI (acpi_id[0x0e] high edge lint[0x1])
[    0.040070] ACPI: LAPIC_NMI (acpi_id[0x0f] high edge lint[0x1])
[    0.040083] IOAPIC[0]: apic_id 33, version 33, address 0xfec00000, GSI 0-23
[    0.040088] IOAPIC[1]: apic_id 34, version 33, address 0xfec01000, GSI 24-55
[    0.040089] ACPI: INT_SRC_OVR (bus 0 bus_irq 0 global_irq 2 dfl dfl)
[    0.040091] ACPI: INT_SRC_OVR (bus 0 bus_irq 9 global_irq 9 low level)
[    0.040094] ACPI: Using ACPI (MADT) for SMP configuration information
[    0.040095] ACPI: HPET id: 0x10228210 base: 0xfed00000
[    0.040103] e820: update [mem 0xb3241000-0xb3246fff] usable ==> reserved
[    0.040113] smpboot: Allowing 16 CPUs, 10 hotplug CPUs
[    0.040139] PM: hibernation: Registered nosave memory: [mem 0x00000000-0x00000fff]
[    0.040141] PM: hibernation: Registered nosave memory: [mem 0x0009f000-0x000bffff]
[    0.040141] PM: hibernation: Registered nosave memory: [mem 0x000c0000-0x000fffff]
[    0.040143] PM: hibernation: Registered nosave memory: [mem 0x09b00000-0x09dfffff]
[    0.040144] PM: hibernation: Registered nosave memory: [mem 0x09f00000-0x09f0ffff]
[    0.040146] PM: hibernation: Registered nosave memory: [mem 0xb3241000-0xb3246fff]
[    0.040147] PM: hibernation: Registered nosave memory: [mem 0xbab69000-0xbbd68fff]
[    0.040149] PM: hibernation: Registered nosave memory: [mem 0xc9f7f000-0xcaf7efff]
[    0.040150] PM: hibernation: Registered nosave memory: [mem 0xcaf7f000-0xccf7efff]
[    0.040150] PM: hibernation: Registered nosave memory: [mem 0xccf7f000-0xcdf7efff]
[    0.040151] PM: hibernation: Registered nosave memory: [mem 0xcdf7f000-0xcdffefff]
[    0.040152] PM: hibernation: Registered nosave memory: [mem 0xce000000-0xceffffff]
[    0.040153] PM: hibernation: Registered nosave memory: [mem 0xcf000000-0xf7ffffff]
[    0.040153] PM: hibernation: Registered nosave memory: [mem 0xf8000000-0xfbffffff]
[    0.040154] PM: hibernation: Registered nosave memory: [mem 0xfc000000-0xfddfffff]
[    0.040154] PM: hibernation: Registered nosave memory: [mem 0xfde00000-0xfdefffff]
[    0.040155] PM: hibernation: Registered nosave memory: [mem 0xfdf00000-0xfebfffff]
[    0.040155] PM: hibernation: Registered nosave memory: [mem 0xfec00000-0xfec00fff]
[    0.040156] PM: hibernation: Registered nosave memory: [mem 0xfec01000-0xfec0ffff]
[    0.040157] PM: hibernation: Registered nosave memory: [mem 0xfec10000-0xfec10fff]
[    0.040157] PM: hibernation: Registered nosave memory: [mem 0xfec11000-0xfec1ffff]
[    0.040158] PM: hibernation: Registered nosave memory: [mem 0xfec20000-0xfec20fff]
[    0.040158] PM: hibernation: Registered nosave memory: [mem 0xfec21000-0xfed7ffff]
[    0.040159] PM: hibernation: Registered nosave memory: [mem 0xfed80000-0xfed80fff]
[    0.040159] PM: hibernation: Registered nosave memory: [mem 0xfed81000-0xfedfffff]
[    0.040160] PM: hibernation: Registered nosave memory: [mem 0xfee00000-0xfee00fff]
[    0.040160] PM: hibernation: Registered nosave memory: [mem 0xfee01000-0xfeffffff]
[    0.040161] PM: hibernation: Registered nosave memory: [mem 0xff000000-0xfff2ffff]
[    0.040161] PM: hibernation: Registered nosave memory: [mem 0xfff30000-0xffffffff]
[    0.040163] [mem 0xcf000000-0xf7ffffff] available for PCI devices
[    0.040164] Booting paravirtualized kernel on bare hardware
[    0.040167] clocksource: refined-jiffies: mask: 0xffffffff max_cycles: 0xffffffff, max_idle_ns: 6370452778343963 ns
[    0.043892] setup_percpu: NR_CPUS:320 nr_cpumask_bits:320 nr_cpu_ids:16 nr_node_ids:1
[    0.044499] percpu: Embedded 61 pages/cpu s212992 r8192 d28672 u262144
[    0.044508] pcpu-alloc: s212992 r8192 d28672 u262144 alloc=1*2097152
[    0.044510] pcpu-alloc: [0] 00 01 02 03 04 05 06 07 [0] 08 09 10 11 12 13 14 15 
[    0.044537] Built 1 zonelists, mobility grouping on.  Total pages: 3966649
[    0.044538] Policy zone: Normal
[    0.044539] Kernel command line: BOOT_IMAGE=/boot/vmlinuz-linux root=UUID=a1e2e1f9-dbcb-484e-a242-73d5754f8d98 rw quiet resume=UUID=36238c5a-d1ff-4e5f-986a-4d302098cfd7 loglevel=3 audit=0 lsm=landlock,lockdown,yama,apparmor,bpf l1tf=full,force mds=full,nosmt mitigations=auto,nosmt nosmt=force init_on_alloc=1 init_on_free=1 randomize_kstack_offset=on slab_nomerge pti=on slub_debug=ZF slub_debug=P page_poison=1 mem_encrypt=on
[    0.044594] audit: disabled (until reboot)
[    0.044692] mem auto-init: SLAB_POISON will take precedence over init_on_alloc/init_on_free
[    0.044711] Unknown kernel command line parameters "BOOT_IMAGE=/boot/vmlinuz-linux pti=on mem_encrypt=on", will be passed to user space.
[    0.046556] Dentry cache hash table entries: 2097152 (order: 12, 16777216 bytes, linear)
[    0.047470] Inode-cache hash table entries: 1048576 (order: 11, 8388608 bytes, linear)
[    0.047528] mem auto-init: CONFIG_PAGE_POISONING is on, will take precedence over init_on_alloc and init_on_free
[    0.047765] mem auto-init: stack:byref_all(zero), heap alloc:off, heap free:off
[    1.704497] Memory: 15517352K/16119096K available (14344K kernel code, 2071K rwdata, 10792K rodata, 1860K init, 3844K bss, 601484K reserved, 0K cma-reserved)
[    1.704503] **********************************************************
[    1.704504] **   NOTICE NOTICE NOTICE NOTICE NOTICE NOTICE NOTICE   **
[    1.704504] **                                                      **
[    1.704505] ** This system shows unhashed kernel memory addresses   **
[    1.704505] ** via the console, logs, and other interfaces. This    **
[    1.704506] ** might reduce the security of your system.            **
[    1.704506] **                                                      **
[    1.704506] ** If you see this message and you are not debugging    **
[    1.704507] ** the kernel, report this immediately to your system   **
[    1.704507] ** administrator!                                       **
[    1.704508] **                                                      **
[    1.704508] **   NOTICE NOTICE NOTICE NOTICE NOTICE NOTICE NOTICE   **
[    1.704508] **********************************************************
[    1.704511] random: get_random_u64 called from __kmem_cache_create+0x2a/0x540 with crng_init=0
[    1.704672] SLUB: HWalign=64, Order=0-3, MinObjects=0, CPUs=16, Nodes=1
[    1.704687] Kernel/User page tables isolation: enabled
[    1.704711] ftrace: allocating 44295 entries in 174 pages
[    1.716615] ftrace: allocated 174 pages with 5 groups
[    1.716766] rcu: Preemptible hierarchical RCU implementation.
[    1.716767] rcu: 	RCU dyntick-idle grace-period acceleration is enabled.
[    1.716767] rcu: 	RCU restricting CPUs from NR_CPUS=320 to nr_cpu_ids=16.
[    1.716768] rcu: 	RCU priority boosting: priority 1 delay 500 ms.
[    1.716769] 	Trampoline variant of Tasks RCU enabled.
[    1.716769] 	Rude variant of Tasks RCU enabled.
[    1.716770] 	Tracing variant of Tasks RCU enabled.
[    1.716771] rcu: RCU calculated value of scheduler-enlistment delay is 30 jiffies.
[    1.716772] rcu: Adjusting geometry for rcu_fanout_leaf=16, nr_cpu_ids=16
[    1.720259] NR_IRQS: 20736, nr_irqs: 1096, preallocated irqs: 16
[    1.720519] kfence: initialized - using 2097152 bytes for 255 objects at 0xffff97823dc00000-0xffff97823de00000
[    1.720686] Console: colour dummy device 80x25
[    1.720699] printk: console [tty0] enabled
[    1.720720] ACPI: Core revision 20210730
[    1.720941] clocksource: hpet: mask: 0xffffffff max_cycles: 0xffffffff, max_idle_ns: 133484873504 ns
[    1.720959] APIC: Switch to symmetric I/O mode setup
[    1.721806] AMD-Vi: ivrs, add hid:AMDI0020, uid:\_SB.FUR0, rdevid:160
[    1.721808] AMD-Vi: ivrs, add hid:AMDI0020, uid:\_SB.FUR1, rdevid:160
[    1.721809] AMD-Vi: ivrs, add hid:AMDI0020, uid:\_SB.FUR2, rdevid:160
[    1.721810] AMD-Vi: ivrs, add hid:AMDI0020, uid:\_SB.FUR3, rdevid:160
[    1.722118] Switched APIC routing to physical flat.
[    1.722874] ..TIMER: vector=0x30 apic1=0 pin1=2 apic2=-1 pin2=-1
[    1.737632] clocksource: tsc-early: mask: 0xffffffffffffffff max_cycles: 0x222bfc95592, max_idle_ns: 440795231128 ns
[    1.737640] Calibrating delay loop (skipped), value calculated using timer frequency.. 4743.89 BogoMIPS (lpj=7902233)
[    1.737642] pid_max: default: 32768 minimum: 301
[    1.764348] LSM: Security Framework initializing
[    1.764365] landlock: Up and running.
[    1.764366] Yama: becoming mindful.
[    1.764400] AppArmor: AppArmor initialized
[    1.764403] LSM support for eBPF active
[    1.764452] Mount-cache hash table entries: 32768 (order: 6, 262144 bytes, linear)
[    1.764491] Mountpoint-cache hash table entries: 32768 (order: 6, 262144 bytes, linear)
[    1.764754] x86/cpu: User Mode Instruction Prevention (UMIP) activated
[    1.764790] LVT offset 1 assigned for vector 0xf9
[    1.764850] LVT offset 2 assigned for vector 0xf4
[    1.764867] Last level iTLB entries: 4KB 1024, 2MB 1024, 4MB 512
[    1.764868] Last level dTLB entries: 4KB 2048, 2MB 2048, 4MB 1024, 1GB 0
[    1.764872] Spectre V1 : Mitigation: usercopy/swapgs barriers and __user pointer sanitization
[    1.764874] Spectre V2 : Mitigation: Full AMD retpoline
[    1.764875] Spectre V2 : Spectre v2 / SpectreRSB mitigation: Filling RSB on context switch
[    1.764875] Spectre V2 : Enabling Restricted Speculation for firmware calls
[    1.764877] Spectre V2 : mitigation: Enabling conditional Indirect Branch Prediction Barrier
[    1.764878] Speculative Store Bypass: Mitigation: Speculative Store Bypass disabled via prctl and seccomp
[    1.768255] Freeing SMP alternatives memory: 36K
[    1.878297] smpboot: CPU0: AMD Ryzen 5 4500U with Radeon Graphics (family: 0x17, model: 0x60, stepping: 0x1)
[    1.878458] Performance Events: Fam17h+ core perfctr, AMD PMU driver.
[    1.878462] ... version:                0
[    1.878463] ... bit width:              48
[    1.878464] ... generic registers:      6
[    1.878464] ... value mask:             0000ffffffffffff
[    1.878465] ... max period:             00007fffffffffff
[    1.878465] ... fixed-purpose events:   0
[    1.878466] ... event mask:             000000000000003f
[    1.878532] rcu: Hierarchical SRCU implementation.
[    1.879037] NMI watchdog: Enabled. Permanently consumes one hw-PMU counter.
[    1.879238] smp: Bringing up secondary CPUs ...
[    1.879354] x86: Booting SMP configuration:
[    1.879355] .... node  #0, CPUs:        #1  #2  #3  #4  #5
[    1.891038] smp: Brought up 1 node, 6 CPUs
[    1.891038] smpboot: Max logical packages: 3
[    1.891038] smpboot: Total of 6 processors activated (28459.37 BogoMIPS)
[    1.891870] devtmpfs: initialized
[    1.891870] x86/mm: Memory block size: 128MB
[    1.892154] ACPI: PM: Registering ACPI NVS region [mem 0x09f00000-0x09f0ffff] (65536 bytes)
[    1.892154] ACPI: PM: Registering ACPI NVS region [mem 0xccf7f000-0xcdf7efff] (16777216 bytes)
[    1.892154] clocksource: jiffies: mask: 0xffffffff max_cycles: 0xffffffff, max_idle_ns: 6370867519511994 ns
[    1.892154] futex hash table entries: 4096 (order: 6, 262144 bytes, linear)
[    1.894324] pinctrl core: initialized pinctrl subsystem
[    1.894436] PM: RTC time: 22:51:28, date: 2021-12-21
[    1.895064] NET: Registered PF_NETLINK/PF_ROUTE protocol family
[    1.895439] DMA: preallocated 2048 KiB GFP_KERNEL pool for atomic allocations
[    1.895692] DMA: preallocated 2048 KiB GFP_KERNEL|GFP_DMA pool for atomic allocations
[    1.895912] DMA: preallocated 2048 KiB GFP_KERNEL|GFP_DMA32 pool for atomic allocations
[    1.896065] thermal_sys: Registered thermal governor 'fair_share'
[    1.896066] thermal_sys: Registered thermal governor 'bang_bang'
[    1.896067] thermal_sys: Registered thermal governor 'step_wise'
[    1.896067] thermal_sys: Registered thermal governor 'user_space'
[    1.896068] thermal_sys: Registered thermal governor 'power_allocator'
[    1.896086] cpuidle: using governor ladder
[    1.896088] cpuidle: using governor menu
[    1.896115] Simple Boot Flag at 0x44 set to 0x1
[    1.896115] HugeTLB: can free 4094 vmemmap pages for hugepages-1048576kB
[    1.896115] ACPI: bus type PCI registered
[    1.896115] acpiphp: ACPI Hot Plug PCI Controller Driver version: 0.5
[    1.896115] PCI: MMCONFIG for domain 0000 [bus 00-3f] at [mem 0xf8000000-0xfbffffff] (base 0xf8000000)
[    1.896115] PCI: MMCONFIG at [mem 0xf8000000-0xfbffffff] reserved in E820
[    1.896115] PCI: Using configuration type 1 for base access
[    1.898213] Kprobes globally optimized
[    1.898216] HugeTLB: can free 6 vmemmap pages for hugepages-2048kB
[    1.898216] HugeTLB registered 1.00 GiB page size, pre-allocated 0 pages
[    1.898216] HugeTLB registered 2.00 MiB page size, pre-allocated 0 pages
[    1.901085] ACPI: Added _OSI(Module Device)
[    1.901086] ACPI: Added _OSI(Processor Device)
[    1.901087] ACPI: Added _OSI(3.0 _SCP Extensions)
[    1.901087] ACPI: Added _OSI(Processor Aggregator Device)
[    1.901089] ACPI: Added _OSI(Linux-Dell-Video)
[    1.901090] ACPI: Added _OSI(Linux-Lenovo-NV-HDMI-Audio)
[    1.901091] ACPI: Added _OSI(Linux-HPI-Hybrid-Graphics)
[    1.919681] ACPI: 18 ACPI AML tables successfully acquired and loaded
[    1.921357] ACPI: [Firmware Bug]: BIOS _OSI(Linux) query ignored
[    1.924601] ACPI: EC: EC started
[    1.924602] ACPI: EC: interrupt blocked
[    1.926688] ACPI: EC: EC_CMD/EC_SC=0x66, EC_DATA=0x62
[    1.926690] ACPI: \_SB_.PCI0.LPC0.EC0_: Boot DSDT EC used to handle transactions
[    1.926691] ACPI: Interpreter enabled
[    1.926707] ACPI: PM: (supports S0 S4 S5)
[    1.926708] ACPI: Using IOAPIC for interrupt routing
[    1.926924] PCI: Using host bridge windows from ACPI; if necessary, use "pci=nocrs" and report a bug
[    1.930161] ACPI: PM: Power Resource [P0U0]
[    1.930193] ACPI: PM: Power Resource [P3U0]
[    1.930987] ACPI: PM: Power Resource [P0U1]
[    1.931018] ACPI: PM: Power Resource [P3U1]
[    1.931794] ACPI: PM: Power Resource [P0S0]
[    1.931823] ACPI: PM: Power Resource [P3S0]
[    1.931991] ACPI: PM: Power Resource [P0S1]
[    1.932020] ACPI: PM: Power Resource [P3S1]
[    1.938168] ACPI: PCI Root Bridge [PCI0] (domain 0000 [bus 00-ff])
[    1.938173] acpi PNP0A08:00: _OSC: OS supports [ExtendedConfig ASPM ClockPM Segments MSI EDR HPX-Type3]
[    1.938414] acpi PNP0A08:00: _OSC: platform does not support [SHPCHotplug LTR DPC]
[    1.938644] acpi PNP0A08:00: _OSC: OS now controls [PCIeHotplug PME AER PCIeCapability]
[    1.938655] acpi PNP0A08:00: [Firmware Info]: MMCONFIG for domain 0000 [bus 00-3f] only partially covers this bridge
[    1.939016] PCI host bridge to bus 0000:00
[    1.939017] pci_bus 0000:00: root bus resource [io  0x0000-0x0cf7 window]
[    1.939019] pci_bus 0000:00: root bus resource [io  0x0d00-0xffff window]
[    1.939020] pci_bus 0000:00: root bus resource [mem 0x000a0000-0x000bffff window]
[    1.939021] pci_bus 0000:00: root bus resource [mem 0x000c0000-0x000c3fff window]
[    1.939023] pci_bus 0000:00: root bus resource [mem 0x000c4000-0x000c7fff window]
[    1.939024] pci_bus 0000:00: root bus resource [mem 0x000c8000-0x000cbfff window]
[    1.939025] pci_bus 0000:00: root bus resource [mem 0x000cc000-0x000cffff window]
[    1.939026] pci_bus 0000:00: root bus resource [mem 0x000d0000-0x000d3fff window]
[    1.939027] pci_bus 0000:00: root bus resource [mem 0x000d4000-0x000d7fff window]
[    1.939028] pci_bus 0000:00: root bus resource [mem 0x000d8000-0x000dbfff window]
[    1.939029] pci_bus 0000:00: root bus resource [mem 0x000dc000-0x000dffff window]
[    1.939030] pci_bus 0000:00: root bus resource [mem 0x000e0000-0x000e3fff window]
[    1.939031] pci_bus 0000:00: root bus resource [mem 0x000e4000-0x000e7fff window]
[    1.939032] pci_bus 0000:00: root bus resource [mem 0x000e8000-0x000ebfff window]
[    1.939033] pci_bus 0000:00: root bus resource [mem 0x000ec000-0x000effff window]
[    1.939034] pci_bus 0000:00: root bus resource [mem 0xd0000000-0xf7ffffff window]
[    1.939035] pci_bus 0000:00: root bus resource [mem 0xfc000000-0xfed3ffff window]
[    1.939036] pci_bus 0000:00: root bus resource [mem 0x450200000-0xfcffffffff window]
[    1.939037] pci_bus 0000:00: root bus resource [bus 00-ff]
[    1.939073] pci 0000:00:00.0: [1022:1630] type 00 class 0x060000
[    1.939187] pci 0000:00:00.2: [1022:1631] type 00 class 0x080600
[    1.939310] pci 0000:00:01.0: [1022:1632] type 00 class 0x060000
[    1.939410] pci 0000:00:02.0: [1022:1632] type 00 class 0x060000
[    1.939514] pci 0000:00:08.0: [1022:1632] type 00 class 0x060000
[    1.939637] pci 0000:00:08.1: [1022:1635] type 01 class 0x060400
[    1.939658] pci 0000:00:08.1: enabling Extended Tags
[    1.939687] pci 0000:00:08.1: PME# supported from D0 D3hot D3cold
[    1.939837] pci 0000:00:08.2: [1022:1635] type 01 class 0x060400
[    1.939857] pci 0000:00:08.2: enabling Extended Tags
[    1.939885] pci 0000:00:08.2: PME# supported from D0 D3hot D3cold
[    1.940030] pci 0000:00:14.0: [1022:790b] type 00 class 0x0c0500
[    1.940200] pci 0000:00:14.3: [1022:790e] type 00 class 0x060100
[    1.940357] pci 0000:00:18.0: [1022:1448] type 00 class 0x060000
[    1.940436] pci 0000:00:18.1: [1022:1449] type 00 class 0x060000
[    1.940510] pci 0000:00:18.2: [1022:144a] type 00 class 0x060000
[    1.940585] pci 0000:00:18.3: [1022:144b] type 00 class 0x060000
[    1.940659] pci 0000:00:18.4: [1022:144c] type 00 class 0x060000
[    1.940738] pci 0000:00:18.5: [1022:144d] type 00 class 0x060000
[    1.940811] pci 0000:00:18.6: [1022:144e] type 00 class 0x060000
[    1.940884] pci 0000:00:18.7: [1022:144f] type 00 class 0x060000
[    1.941067] pci 0000:01:00.0: [1002:1636] type 00 class 0x030000
[    1.941078] pci 0000:01:00.0: reg 0x10: [mem 0xfce0000000-0xfcefffffff 64bit pref]
[    1.941086] pci 0000:01:00.0: reg 0x18: [mem 0xfcf0000000-0xfcf01fffff 64bit pref]
[    1.941091] pci 0000:01:00.0: reg 0x20: [io  0x1000-0x10ff]
[    1.941096] pci 0000:01:00.0: reg 0x24: [mem 0xd0400000-0xd047ffff]
[    1.941104] pci 0000:01:00.0: enabling Extended Tags
[    1.941116] pci 0000:01:00.0: BAR 0: assigned to efifb
[    1.941151] pci 0000:01:00.0: PME# supported from D1 D2 D3hot D3cold
[    1.941281] pci 0000:01:00.1: [1002:1637] type 00 class 0x040300
[    1.941288] pci 0000:01:00.1: reg 0x10: [mem 0xd04c8000-0xd04cbfff]
[    1.941308] pci 0000:01:00.1: enabling Extended Tags
[    1.941335] pci 0000:01:00.1: PME# supported from D1 D2 D3hot D3cold
[    1.941431] pci 0000:01:00.2: [1022:15df] type 00 class 0x108000
[    1.941443] pci 0000:01:00.2: reg 0x18: [mem 0xd0300000-0xd03fffff]
[    1.941452] pci 0000:01:00.2: reg 0x24: [mem 0xd04cc000-0xd04cdfff]
[    1.941458] pci 0000:01:00.2: enabling Extended Tags
[    1.941578] pci 0000:01:00.3: [1022:1639] type 00 class 0x0c0330
[    1.941588] pci 0000:01:00.3: reg 0x10: [mem 0xd0100000-0xd01fffff 64bit]
[    1.941610] pci 0000:01:00.3: enabling Extended Tags
[    1.941639] pci 0000:01:00.3: PME# supported from D0 D3hot D3cold
[    1.941739] pci 0000:01:00.4: [1022:1639] type 00 class 0x0c0330
[    1.941749] pci 0000:01:00.4: reg 0x10: [mem 0xd0200000-0xd02fffff 64bit]
[    1.941771] pci 0000:01:00.4: enabling Extended Tags
[    1.941800] pci 0000:01:00.4: PME# supported from D0 D3hot D3cold
[    1.941901] pci 0000:01:00.5: [1022:15e2] type 00 class 0x048000
[    1.941908] pci 0000:01:00.5: reg 0x10: [mem 0xd0480000-0xd04bffff]
[    1.941927] pci 0000:01:00.5: enabling Extended Tags
[    1.941954] pci 0000:01:00.5: PME# supported from D0 D3hot D3cold
[    1.942047] pci 0000:01:00.6: [1022:15e3] type 00 class 0x040300
[    1.942054] pci 0000:01:00.6: reg 0x10: [mem 0xd04c0000-0xd04c7fff]
[    1.942074] pci 0000:01:00.6: enabling Extended Tags
[    1.942101] pci 0000:01:00.6: PME# supported from D0 D3hot D3cold
[    1.942189] pci 0000:00:08.1: PCI bridge to [bus 01]
[    1.942192] pci 0000:00:08.1:   bridge window [io  0x1000-0x1fff]
[    1.942194] pci 0000:00:08.1:   bridge window [mem 0xd0100000-0xd04fffff]
[    1.942196] pci 0000:00:08.1:   bridge window [mem 0xfce0000000-0xfcf01fffff 64bit pref]
[    1.942249] pci 0000:02:00.0: [1022:7901] type 00 class 0x010601
[    1.942275] pci 0000:02:00.0: reg 0x24: [mem 0xd0001000-0xd00017ff]
[    1.942282] pci 0000:02:00.0: enabling Extended Tags
[    1.942402] pci 0000:02:00.1: [1022:7901] type 00 class 0x010601
[    1.942428] pci 0000:02:00.1: reg 0x24: [mem 0xd0000000-0xd00007ff]
[    1.942436] pci 0000:02:00.1: enabling Extended Tags
[    1.942539] pci 0000:00:08.2: PCI bridge to [bus 02]
[    1.942542] pci 0000:00:08.2:   bridge window [mem 0xd0000000-0xd00fffff]
[    1.944443] ACPI: PCI: Interrupt link LNKA configured for IRQ 0
[    1.944445] ACPI: PCI: Interrupt link LNKA disabled
[    1.944539] ACPI: PCI: Interrupt link LNKB configured for IRQ 0
[    1.944540] ACPI: PCI: Interrupt link LNKB disabled
[    1.944615] ACPI: PCI: Interrupt link LNKC configured for IRQ 0
[    1.944616] ACPI: PCI: Interrupt link LNKC disabled
[    1.944712] ACPI: PCI: Interrupt link LNKD configured for IRQ 0
[    1.944713] ACPI: PCI: Interrupt link LNKD disabled
[    1.944799] ACPI: PCI: Interrupt link LNKE configured for IRQ 0
[    1.944800] ACPI: PCI: Interrupt link LNKE disabled
[    1.944869] ACPI: PCI: Interrupt link LNKF configured for IRQ 0
[    1.944870] ACPI: PCI: Interrupt link LNKF disabled
[    1.944939] ACPI: PCI: Interrupt link LNKG configured for IRQ 0
[    1.944940] ACPI: PCI: Interrupt link LNKG disabled
[    1.945009] ACPI: PCI: Interrupt link LNKH configured for IRQ 0
[    1.945009] ACPI: PCI: Interrupt link LNKH disabled
[    1.947094] ACPI: EC: interrupt unblocked
[    1.947095] ACPI: EC: event unblocked
[    1.947103] ACPI: EC: EC_CMD/EC_SC=0x66, EC_DATA=0x62
[    1.947104] ACPI: EC: GPE=0x3
[    1.947104] ACPI: \_SB_.PCI0.LPC0.EC0_: Boot DSDT EC initialization complete
[    1.947106] ACPI: \_SB_.PCI0.LPC0.EC0_: EC: Used to handle transactions and events
[    1.947153] iommu: Default domain type: Translated 
[    1.947154] iommu: DMA domain TLB invalidation policy: lazy mode 
[    1.947170] pci 0000:01:00.0: vgaarb: VGA device added: decodes=io+mem,owns=none,locks=none
[    1.947170] pci 0000:01:00.0: vgaarb: bridge control possible
[    1.947170] pci 0000:01:00.0: vgaarb: setting as boot device
[    1.947170] vgaarb: loaded
[    1.947170] SCSI subsystem initialized
[    1.947170] libata version 3.00 loaded.
[    1.947170] ACPI: bus type USB registered
[    1.947654] usbcore: registered new interface driver usbfs
[    1.947660] usbcore: registered new interface driver hub
[    1.947666] usbcore: registered new device driver usb
[    1.954586] pps_core: LinuxPPS API ver. 1 registered
[    1.954587] pps_core: Software ver. 5.3.6 - Copyright 2005-2007 Rodolfo Giometti <giometti@linux.it>
[    1.954591] PTP clock support registered
[    1.954600] EDAC MC: Ver: 3.0.0
[    1.954644] Registered efivars operations
[    1.954644] NetLabel: Initializing
[    1.954644] NetLabel:  domain hash size = 128
[    1.954644] NetLabel:  protocols = UNLABELED CIPSOv4 CALIPSO
[    1.954644] NetLabel:  unlabeled traffic allowed by default
[    1.954644] PCI: Using ACPI for IRQ routing
[    1.956551] PCI: pci_cache_line_size set to 64 bytes
[    1.956584] e820: reserve RAM buffer [mem 0x0009f000-0x0009ffff]
[    1.956585] e820: reserve RAM buffer [mem 0x09b00000-0x0bffffff]
[    1.956586] e820: reserve RAM buffer [mem 0x09f00000-0x0bffffff]
[    1.956587] e820: reserve RAM buffer [mem 0xb3241000-0xb3ffffff]
[    1.956588] e820: reserve RAM buffer [mem 0xbab69000-0xbbffffff]
[    1.956589] e820: reserve RAM buffer [mem 0xc9f7f000-0xcbffffff]
[    1.956590] e820: reserve RAM buffer [mem 0xce000000-0xcfffffff]
[    1.956591] e820: reserve RAM buffer [mem 0x40f340000-0x40fffffff]
[    1.956595] hpet0: at MMIO 0xfed00000, IRQs 2, 8, 0
[    1.956595] hpet0: 3 comparators, 32-bit 14.318180 MHz counter
[    1.958972] clocksource: Switched to clocksource tsc-early
[    1.968054] VFS: Disk quotas dquot_6.6.0
[    1.968071] VFS: Dquot-cache hash table entries: 512 (order 0, 4096 bytes)
[    1.968217] AppArmor: AppArmor Filesystem Enabled
[    1.968271] pnp: PnP ACPI init
[    1.968548] system 00:00: [mem 0xfec00000-0xfec01fff] could not be reserved
[    1.968553] system 00:00: [mem 0xfee00000-0xfee00fff] has been reserved
[    1.968555] system 00:00: [mem 0xfde00000-0xfdefffff] has been reserved
[    1.968799] system 00:03: [io  0x0400-0x04cf] has been reserved
[    1.968801] system 00:03: [io  0x04d0-0x04d1] has been reserved
[    1.968802] system 00:03: [io  0x04d6] has been reserved
[    1.968803] system 00:03: [io  0x0c00-0x0c01] has been reserved
[    1.968804] system 00:03: [io  0x0c14] has been reserved
[    1.968805] system 00:03: [io  0x0c50-0x0c52] has been reserved
[    1.968806] system 00:03: [io  0x0c6c] has been reserved
[    1.968808] system 00:03: [io  0x0c6f] has been reserved
[    1.968809] system 00:03: [io  0x0cd0-0x0cdb] has been reserved
[    1.968882] system 00:04: [mem 0x000e0000-0x000fffff] could not be reserved
[    1.968884] system 00:04: [mem 0xff000000-0xffffffff] could not be reserved
[    1.970016] pnp: PnP ACPI: found 5 devices
[    1.977861] clocksource: acpi_pm: mask: 0xffffff max_cycles: 0xffffff, max_idle_ns: 2085701024 ns
[    1.978013] NET: Registered PF_INET protocol family
[    1.978717] IP idents hash table entries: 262144 (order: 9, 2097152 bytes, linear)
[    1.980519] tcp_listen_portaddr_hash hash table entries: 8192 (order: 5, 131072 bytes, linear)
[    1.980660] TCP established hash table entries: 131072 (order: 8, 1048576 bytes, linear)
[    1.980908] TCP bind hash table entries: 65536 (order: 8, 1048576 bytes, linear)
[    1.980975] TCP: Hash tables configured (established 131072 bind 65536)
[    1.981129] MPTCP token hash table entries: 16384 (order: 6, 393216 bytes, linear)
[    1.981192] UDP hash table entries: 8192 (order: 6, 262144 bytes, linear)
[    1.981245] UDP-Lite hash table entries: 8192 (order: 6, 262144 bytes, linear)
[    1.981330] NET: Registered PF_UNIX/PF_LOCAL protocol family
[    1.981336] NET: Registered PF_XDP protocol family
[    1.981349] pci 0000:00:08.1: PCI bridge to [bus 01]
[    1.981354] pci 0000:00:08.1:   bridge window [io  0x1000-0x1fff]
[    1.981358] pci 0000:00:08.1:   bridge window [mem 0xd0100000-0xd04fffff]
[    1.981360] pci 0000:00:08.1:   bridge window [mem 0xfce0000000-0xfcf01fffff 64bit pref]
[    1.981363] pci 0000:00:08.2: PCI bridge to [bus 02]
[    1.981366] pci 0000:00:08.2:   bridge window [mem 0xd0000000-0xd00fffff]
[    1.981372] pci_bus 0000:00: resource 4 [io  0x0000-0x0cf7 window]
[    1.981373] pci_bus 0000:00: resource 5 [io  0x0d00-0xffff window]
[    1.981374] pci_bus 0000:00: resource 6 [mem 0x000a0000-0x000bffff window]
[    1.981375] pci_bus 0000:00: resource 7 [mem 0x000c0000-0x000c3fff window]
[    1.981376] pci_bus 0000:00: resource 8 [mem 0x000c4000-0x000c7fff window]
[    1.981377] pci_bus 0000:00: resource 9 [mem 0x000c8000-0x000cbfff window]
[    1.981378] pci_bus 0000:00: resource 10 [mem 0x000cc000-0x000cffff window]
[    1.981379] pci_bus 0000:00: resource 11 [mem 0x000d0000-0x000d3fff window]
[    1.981380] pci_bus 0000:00: resource 12 [mem 0x000d4000-0x000d7fff window]
[    1.981381] pci_bus 0000:00: resource 13 [mem 0x000d8000-0x000dbfff window]
[    1.981381] pci_bus 0000:00: resource 14 [mem 0x000dc000-0x000dffff window]
[    1.981382] pci_bus 0000:00: resource 15 [mem 0x000e0000-0x000e3fff window]
[    1.981383] pci_bus 0000:00: resource 16 [mem 0x000e4000-0x000e7fff window]
[    1.981384] pci_bus 0000:00: resource 17 [mem 0x000e8000-0x000ebfff window]
[    1.981385] pci_bus 0000:00: resource 18 [mem 0x000ec000-0x000effff window]
[    1.981386] pci_bus 0000:00: resource 19 [mem 0xd0000000-0xf7ffffff window]
[    1.981387] pci_bus 0000:00: resource 20 [mem 0xfc000000-0xfed3ffff window]
[    1.981388] pci_bus 0000:00: resource 21 [mem 0x450200000-0xfcffffffff window]
[    1.981389] pci_bus 0000:01: resource 0 [io  0x1000-0x1fff]
[    1.981390] pci_bus 0000:01: resource 1 [mem 0xd0100000-0xd04fffff]
[    1.981391] pci_bus 0000:01: resource 2 [mem 0xfce0000000-0xfcf01fffff 64bit pref]
[    1.981392] pci_bus 0000:02: resource 1 [mem 0xd0000000-0xd00fffff]
[    1.981540] pci 0000:01:00.1: D0 power state depends on 0000:01:00.0
[    1.981573] pci 0000:01:00.3: extending delay after power-on from D3hot to 20 msec
[    1.983224] pci 0000:01:00.4: extending delay after power-on from D3hot to 20 msec
[    2.118282] pci 0000:01:00.4: quirk_usb_early_handoff+0x0/0x750 took 131890 usecs
[    2.118295] PCI: CLS 64 bytes, default 64
[    2.118310] pci 0000:00:00.2: AMD-Vi: IOMMU performance counters supported
[    2.118361] Trying to unpack rootfs image as initramfs...
[    2.118377] pci 0000:00:00.2: can't derive routing for PCI INT A
[    2.118378] pci 0000:00:00.2: PCI INT A: not connected
[    2.118399] pci 0000:00:01.0: Adding to iommu group 0
[    2.118415] pci 0000:00:02.0: Adding to iommu group 1
[    2.118432] pci 0000:00:08.0: Adding to iommu group 2
[    2.118439] pci 0000:00:08.1: Adding to iommu group 2
[    2.118447] pci 0000:00:08.2: Adding to iommu group 2
[    2.118460] pci 0000:00:14.0: Adding to iommu group 3
[    2.118469] pci 0000:00:14.3: Adding to iommu group 3
[    2.118494] pci 0000:00:18.0: Adding to iommu group 4
[    2.118502] pci 0000:00:18.1: Adding to iommu group 4
[    2.118510] pci 0000:00:18.2: Adding to iommu group 4
[    2.118517] pci 0000:00:18.3: Adding to iommu group 4
[    2.118524] pci 0000:00:18.4: Adding to iommu group 4
[    2.118532] pci 0000:00:18.5: Adding to iommu group 4
[    2.118543] pci 0000:00:18.6: Adding to iommu group 4
[    2.118550] pci 0000:00:18.7: Adding to iommu group 4
[    2.118568] pci 0000:01:00.0: Adding to iommu group 2
[    2.118572] pci 0000:01:00.1: Adding to iommu group 2
[    2.118577] pci 0000:01:00.2: Adding to iommu group 2
[    2.118582] pci 0000:01:00.3: Adding to iommu group 2
[    2.118587] pci 0000:01:00.4: Adding to iommu group 2
[    2.118594] pci 0000:01:00.5: Adding to iommu group 2
[    2.118599] pci 0000:01:00.6: Adding to iommu group 2
[    2.118604] pci 0000:02:00.0: Adding to iommu group 2
[    2.118609] pci 0000:02:00.1: Adding to iommu group 2
[    2.120133] pci 0000:00:00.2: AMD-Vi: Found IOMMU cap 0x40
[    2.120138] AMD-Vi: Extended features (0x206d73ef22254ade): PPR X2APIC NX GT IA GA PC GA_vAPIC
[    2.120144] AMD-Vi: Interrupt remapping enabled
[    2.120144] AMD-Vi: Virtual APIC enabled
[    2.120145] AMD-Vi: X2APIC enabled
[    2.120389] software IO TLB: tearing down default memory pool
[    2.128422] LVT offset 0 assigned for vector 0x400
[    2.128601] perf: AMD IBS detected (0x000003ff)
[    2.128607] perf/amd_iommu: Detected AMD IOMMU #0 (2 banks, 4 counters/bank).
[    2.130610] Initialise system trusted keyrings
[    2.130626] Key type blacklist registered
[    2.130734] workingset: timestamp_bits=41 max_order=22 bucket_order=0
[    2.132255] zbud: loaded
[    2.136567] Key type asymmetric registered
[    2.136571] Asymmetric key parser 'x509' registered
[    2.136649] Block layer SCSI generic (bsg) driver version 0.4 loaded (major 242)
[    2.136754] io scheduler mq-deadline registered
[    2.136756] io scheduler kyber registered
[    2.136789] io scheduler bfq registered
[    2.137243] pcieport 0000:00:08.1: PME: Signaling with IRQ 26
[    2.137458] pcieport 0000:00:08.2: PME: Signaling with IRQ 27
[    2.137538] shpchp: Standard Hot Plug PCI Controller Driver version: 0.4
[    2.139213] ACPI: AC: AC Adapter [ACAD] (on-line)
[    2.139252] input: Power Button as /devices/LNXSYSTM:00/LNXSYBUS:00/PNP0C0C:00/input/input0
[    2.139270] ACPI: button: Power Button [PWRB]
[    2.139298] input: Lid Switch as /devices/LNXSYSTM:00/LNXSYBUS:00/PNP0A08:00/device:2a/PNP0C09:00/PNP0C0D:00/input/input1
[    2.139313] ACPI: button: Lid Switch [LID0]
[    2.139366] Monitor-Mwait will be used to enter C-1 state
[    2.139386] ACPI: \_SB_.PLTF.C000: Found 3 idle states
[    2.139397] ACPI: FW issue: working around C-state latencies out of order
[    2.139504] ACPI: \_SB_.PLTF.C001: Found 3 idle states
[    2.139513] ACPI: FW issue: working around C-state latencies out of order
[    2.139674] ACPI: \_SB_.PLTF.C002: Found 3 idle states
[    2.139685] ACPI: FW issue: working around C-state latencies out of order
[    2.139774] ACPI: \_SB_.PLTF.C003: Found 3 idle states
[    2.139779] ACPI: FW issue: working around C-state latencies out of order
[    2.139944] ACPI: \_SB_.PLTF.C004: Found 3 idle states
[    2.139952] ACPI: FW issue: working around C-state latencies out of order
[    2.140079] ACPI: \_SB_.PLTF.C005: Found 3 idle states
[    2.140088] ACPI: FW issue: working around C-state latencies out of order
[    2.142237] thermal LNXTHERM:00: registered as thermal_zone0
[    2.142241] ACPI: thermal: Thermal Zone [TZ0] (0 C)
[    2.142496] Serial: 8250/16550 driver, 32 ports, IRQ sharing enabled
[    2.144450] Non-volatile memory driver v1.3
[    2.144452] Linux agpgart interface v0.103
[    2.144557] AMD-Vi: AMD IOMMUv2 loaded and initialized
[    2.146082] ahci 0000:02:00.0: version 3.0
[    2.146434] ahci 0000:02:00.0: AHCI 0001.0301 32 slots 1 ports 6 Gbps 0x1 impl SATA mode
[    2.146439] ahci 0000:02:00.0: flags: 64bit ncq sntf ilck pm led clo only pmp fbs pio slum part 
[    2.146872] scsi host0: ahci
[    2.146956] ata1: SATA max UDMA/133 abar m2048@0xd0001000 port 0xd0001100 irq 29
[    2.147252] ahci 0000:02:00.1: AHCI 0001.0301 32 slots 1 ports 6 Gbps 0x1 impl SATA mode
[    2.147257] ahci 0000:02:00.1: flags: 64bit ncq sntf ilck pm led clo only pmp fbs pio slum part deso sadm sds 
[    2.147772] scsi host1: ahci
[    2.147884] ata2: SATA max UDMA/133 abar m2048@0xd0000000 port 0xd0000100 irq 31
[    2.147947] ehci_hcd: USB 2.0 'Enhanced' Host Controller (EHCI) Driver
[    2.147961] ehci-pci: EHCI PCI platform driver
[    2.147983] ohci_hcd: USB 1.1 'Open' Host Controller (OHCI) Driver
[    2.147994] ohci-pci: OHCI PCI platform driver
[    2.148005] uhci_hcd: USB Universal Host Controller Interface driver
[    2.148074] usbcore: registered new interface driver usbserial_generic
[    2.148079] usbserial: USB Serial support registered for generic
[    2.148333] rtc_cmos 00:01: RTC can wake from S4
[    2.148574] rtc_cmos 00:01: registered as rtc0
[    2.148603] rtc_cmos 00:01: setting system clock to 2021-12-21T22:51:29 UTC (1640127089)
[    2.148617] rtc_cmos 00:01: alarms up to one month, 114 bytes nvram, hpet irqs
[    2.148755] ledtrig-cpu: registered to indicate activity on CPUs
[    2.148991] efifb: probing for efifb
[    2.149004] efifb: framebuffer at 0xfce0000000, using 8128k, total 8128k
[    2.149005] efifb: mode is 1920x1080x32, linelength=7680, pages=1
[    2.149006] efifb: scrolling: redraw
[    2.149006] efifb: Truecolor: size=8:8:8:8, shift=24:16:8:0
[    2.149071] fbcon: Deferring console take-over
[    2.149072] fb0: EFI VGA frame buffer device
[    2.149110] hid: raw HID events driver (C) Jiri Kosina
[    2.149207] drop_monitor: Initializing network drop monitor service
[    2.149257] Initializing XFRM netlink socket
[    2.149357] NET: Registered PF_INET6 protocol family
[    2.161292] ACPI: battery: Slot [BATT] (battery present)
[    2.464043] ata1: SATA link down (SStatus 0 SControl 300)
[    2.517385] Freeing initrd memory: 10668K
[    2.524527] Segment Routing with IPv6
[    2.524532] RPL Segment Routing with IPv6
[    2.524560] In-situ OAM (IOAM) with IPv6
[    2.524612] NET: Registered PF_PACKET protocol family
[    2.526304] microcode: CPU0: patch_level=0x08600106
[    2.526328] microcode: CPU1: patch_level=0x08600106
[    2.526358] microcode: CPU2: patch_level=0x08600106
[    2.526385] microcode: CPU3: patch_level=0x08600106
[    2.526392] microcode: CPU4: patch_level=0x08600106
[    2.526420] microcode: CPU5: patch_level=0x08600106
[    2.526428] microcode: Microcode Update Driver: v2.2.
[    2.526851] resctrl: L3 allocation detected
[    2.526855] resctrl: MB allocation detected
[    2.526856] resctrl: L3 monitoring detected
[    2.526861] IPI shorthand broadcast: enabled
[    2.526875] sched_clock: Marking stable (2526304130, 506783)->(3632794707, -1105983794)
[    2.527275] registered taskstats version 1
[    2.527692] Loading compiled-in X.509 certificates
[    2.529991] Loaded X.509 cert 'Build time autogenerated kernel key: 655dcbaf4b3bf6119bc7288d5f70e33673dbe3a0'
[    2.531586] zswap: loaded using pool lz4/z3fold
[    2.532337] Key type ._fscrypt registered
[    2.532339] Key type .fscrypt registered
[    2.532339] Key type fscrypt-provisioning registered
[    2.532392] AppArmor: AppArmor sha1 policy hashing enabled
[    2.532710] PM:   Magic number: 1:291:907
[    2.533035] RAS: Correctable Errors collector initialized.
[    2.919648] ata2: SATA link up 6.0 Gbps (SStatus 133 SControl 300)
[    2.920194] ata2.00: ATA-11: SAMSUNG MZNLH512HALU-00000, RVT2200Q, max UDMA/133
[    2.921211] ata2.00: 1000215216 sectors, multi 16: LBA48 NCQ (depth 32), AA
[    2.922936] ata2.00: Features: Dev-Sleep NCQ-sndrcv
[    2.926315] ata2.00: configured for UDMA/133
[    2.926467] ata2.00: failed to enable DEVSLP
[    2.926477] ata2.00: failed to enable DIPM, Emask 0x40
[    3.179613] clocksource: timekeeping watchdog on CPU1: Marking clocksource 'tsc-early' as unstable because the skew is too large:
[    3.179621] clocksource:                       'hpet' wd_nsec: 506781029 wd_now: 1f0de8e wd_last: 1822618 mask: ffffffff
[    3.179625] clocksource:                       'tsc-early' cs_nsec: 797292833 cs_now: 82987a563 cs_last: 7b8debab9 mask: ffffffffffffffff
[    3.179629] clocksource:                       'tsc-early' is current clocksource.
[    3.179639] tsc: Marking TSC unstable due to clocksource watchdog
[    3.179658] TSC found unstable after boot, most likely due to broken BIOS. Use 'tsc=unstable'.
[    3.179659] sched_clock: Marking unstable (3179150538, 506783)<-(4285641099, -1105983794)
[    3.180115] clocksource: Switched to clocksource hpet
[    8.001338] ata2: SATA link up 6.0 Gbps (SStatus 133 SControl 300)
[    8.009042] ata2.00: configured for UDMA/133
[    8.009883] scsi 1:0:0:0: Direct-Access     ATA      SAMSUNG MZNLH512 200Q PQ: 0 ANSI: 5
[    8.010414] sd 1:0:0:0: [sda] 1000215216 512-byte logical blocks: (512 GB/477 GiB)
[    8.010427] sd 1:0:0:0: [sda] Write Protect is off
[    8.010429] sd 1:0:0:0: [sda] Mode Sense: 00 3a 00 00
[    8.010443] sd 1:0:0:0: [sda] Write cache: enabled, read cache: enabled, doesn't support DPO or FUA
[    8.041598]  sda: sda1 sda2 sda3 sda4 sda5
[    8.064773] sd 1:0:0:0: [sda] Attached SCSI disk
[    8.064927] Unstable clock detected, switching default tracing clock to "global"
               If you want to keep using the local clock, then add:
                 "trace_clock=local"
               on the kernel command line
[    8.067448] Freeing unused decrypted memory: 2036K
[    8.067969] Freeing unused kernel image (initmem) memory: 1860K
[    8.091235] Write protecting the kernel read-only data: 28672k
[    8.092237] Freeing unused kernel image (text/rodata gap) memory: 2036K
[    8.092784] Freeing unused kernel image (rodata/data gap) memory: 1496K
[    8.118296] x86/mm: Checked W+X mappings: passed, no W+X pages found.
[    8.118302] rodata_test: all tests were successful
[    8.118305] x86/mm: Checking user space page tables
[    8.142691] x86/mm: Checked W+X mappings: passed, no W+X pages found.
[    8.142704] Run /init as init process
[    8.142706]   with arguments:
[    8.142707]     /init
[    8.142708]   with environment:
[    8.142708]     HOME=/
[    8.142709]     TERM=linux
[    8.142710]     BOOT_IMAGE=/boot/vmlinuz-linux
[    8.142711]     pti=on
[    8.142711]     mem_encrypt=on
[    8.168155] fbcon: Taking over console
[    8.168236] Console: switching to colour frame buffer device 240x67
[    8.274142] xhci_hcd 0000:01:00.3: xHCI Host Controller
[    8.274152] xhci_hcd 0000:01:00.3: new USB bus registered, assigned bus number 1
[    8.274250] xhci_hcd 0000:01:00.3: hcc params 0x0268ffe5 hci version 0x110 quirks 0x0000020000000410
[    8.274674] i8042: PNP: PS/2 Controller [PNP0303:KBC0] at 0x60,0x64 irq 1
[    8.274676] i8042: PNP: PS/2 appears to have AUX port disabled, if this is incorrect please boot with i8042.nopnp
[    8.274679] usb usb1: New USB device found, idVendor=1d6b, idProduct=0002, bcdDevice= 5.15
[    8.274682] usb usb1: New USB device strings: Mfr=3, Product=2, SerialNumber=1
[    8.274683] usb usb1: Product: xHCI Host Controller
[    8.274684] usb usb1: Manufacturer: Linux 5.15.10-arch1-1 xhci-hcd
[    8.274685] usb usb1: SerialNumber: 0000:01:00.3
[    8.275381] hub 1-0:1.0: USB hub found
[    8.275394] hub 1-0:1.0: 4 ports detected
[    8.275753] xhci_hcd 0000:01:00.3: xHCI Host Controller
[    8.275757] xhci_hcd 0000:01:00.3: new USB bus registered, assigned bus number 2
[    8.275760] xhci_hcd 0000:01:00.3: Host supports USB 3.1 Enhanced SuperSpeed
[    8.275776] usb usb2: We don't know the algorithms for LPM for this host, disabling LPM.
[    8.275801] usb usb2: New USB device found, idVendor=1d6b, idProduct=0003, bcdDevice= 5.15
[    8.275802] usb usb2: New USB device strings: Mfr=3, Product=2, SerialNumber=1
[    8.275804] usb usb2: Product: xHCI Host Controller
[    8.275805] usb usb2: Manufacturer: Linux 5.15.10-arch1-1 xhci-hcd
[    8.275805] usb usb2: SerialNumber: 0000:01:00.3
[    8.276001] hub 2-0:1.0: USB hub found
[    8.276010] hub 2-0:1.0: 2 ports detected
[    8.276630] xhci_hcd 0000:01:00.4: xHCI Host Controller
[    8.276635] xhci_hcd 0000:01:00.4: new USB bus registered, assigned bus number 3
[    8.276742] xhci_hcd 0000:01:00.4: hcc params 0x0268ffe5 hci version 0x110 quirks 0x0000020000000410
[    8.276778] serio: i8042 KBD port at 0x60,0x64 irq 1
[    8.277094] usb usb3: New USB device found, idVendor=1d6b, idProduct=0002, bcdDevice= 5.15
[    8.277096] usb usb3: New USB device strings: Mfr=3, Product=2, SerialNumber=1
[    8.277098] usb usb3: Product: xHCI Host Controller
[    8.277098] usb usb3: Manufacturer: Linux 5.15.10-arch1-1 xhci-hcd
[    8.277099] usb usb3: SerialNumber: 0000:01:00.4
[    8.277234] hub 3-0:1.0: USB hub found
[    8.277245] hub 3-0:1.0: 4 ports detected
[    8.277527] xhci_hcd 0000:01:00.4: xHCI Host Controller
[    8.277532] xhci_hcd 0000:01:00.4: new USB bus registered, assigned bus number 4
[    8.277534] xhci_hcd 0000:01:00.4: Host supports USB 3.1 Enhanced SuperSpeed
[    8.277558] usb usb4: We don't know the algorithms for LPM for this host, disabling LPM.
[    8.277583] usb usb4: New USB device found, idVendor=1d6b, idProduct=0003, bcdDevice= 5.15
[    8.277585] usb usb4: New USB device strings: Mfr=3, Product=2, SerialNumber=1
[    8.277586] usb usb4: Product: xHCI Host Controller
[    8.277587] usb usb4: Manufacturer: Linux 5.15.10-arch1-1 xhci-hcd
[    8.277588] usb usb4: SerialNumber: 0000:01:00.4
[    8.277702] hub 4-0:1.0: USB hub found
[    8.277709] hub 4-0:1.0: 2 ports detected
[    8.289551] random: fast init done
[    8.301439] input: AT Translated Set 2 keyboard as /devices/platform/i8042/serio0/input/input2
[    8.320506] PM: Image not found (code -22)
[    8.527661] usb 3-1: new high-speed USB device number 2 using xhci_hcd
[    8.669481] usb 3-1: New USB device found, idVendor=1a40, idProduct=0801, bcdDevice= 1.00
[    8.669488] usb 3-1: New USB device strings: Mfr=0, Product=1, SerialNumber=0
[    8.669491] usb 3-1: Product: USB 2.0 Hub
[    8.725781] hub 3-1:1.0: USB hub found
[    8.726190] hub 3-1:1.0: 4 ports detected
[    8.791132] usb 4-1: new SuperSpeed USB device number 2 using xhci_hcd
[    8.814927] usb 4-1: New USB device found, idVendor=05e3, idProduct=0626, bcdDevice= 6.63
[    8.814932] usb 4-1: New USB device strings: Mfr=1, Product=2, SerialNumber=0
[    8.814933] usb 4-1: Product: USB3.1 Hub
[    8.814934] usb 4-1: Manufacturer: GenesysLogic
[    8.838871] hub 4-1:1.0: USB hub found
[    8.839686] hub 4-1:1.0: 4 ports detected
[    9.027657] usb 3-1.1: new full-speed USB device number 3 using xhci_hcd
[    9.178692] usb 3-1.1: not running at top speed; connect to a high speed hub
[    9.231590] usb 3-1.1: New USB device found, idVendor=25a4, idProduct=9311, bcdDevice= 2.01
[    9.231596] usb 3-1.1: New USB device strings: Mfr=1, Product=2, SerialNumber=3
[    9.231597] usb 3-1.1: Product: USB C Video Adaptor      
[    9.231598] usb 3-1.1: Manufacturer: USB C  
[    9.231600] usb 3-1.1: SerialNumber: 000000000001
[    9.241400] usb 4-1.1: new SuperSpeed USB device number 3 using xhci_hcd
[    9.248719] EXT4-fs (sda2): mounted filesystem with ordered data mode. Opts: (null). Quota mode: none.
[    9.261422] usb 4-1.1: New USB device found, idVendor=8564, idProduct=4000, bcdDevice= 0.04
[    9.261427] usb 4-1.1: New USB device strings: Mfr=3, Product=4, SerialNumber=2
[    9.261429] usb 4-1.1: Product: Transcend
[    9.261430] usb 4-1.1: Manufacturer: TS-RDF5A
[    9.261430] usb 4-1.1: SerialNumber: 000000000004
[    9.330996] usb 3-1.2: new high-speed USB device number 4 using xhci_hcd
[    9.365898] systemd[1]: systemd 249.7-2-arch running in system mode (+PAM +AUDIT -SELINUX -APPARMOR -IMA +SMACK +SECCOMP +GCRYPT +GNUTLS +OPENSSL +ACL +BLKID +CURL +ELFUTILS +FIDO2 +IDN2 -IDN +IPTC +KMOD +LIBCRYPTSETUP +LIBFDISK +PCRE2 -PWQUALITY +P11KIT -QRENCODE +BZIP2 +LZ4 +XZ +ZLIB +ZSTD +XKBCOMMON +UTMP -SYSVINIT default-hierarchy=unified)
[    9.381488] systemd[1]: Detected architecture x86-64.
[    9.382102] systemd[1]: Hostname set to <mksredmibook14ii>.
[    9.426584] usb 3-1.2: New USB device found, idVendor=05e3, idProduct=0610, bcdDevice= 6.63
[    9.426589] usb 3-1.2: New USB device strings: Mfr=1, Product=2, SerialNumber=0
[    9.426591] usb 3-1.2: Product: USB2.1 Hub
[    9.426592] usb 3-1.2: Manufacturer: GenesysLogic
[    9.431097] random: lvmconfig: uninitialized urandom read (4 bytes read)
[    9.462075] hub 3-1.2:1.0: USB hub found
[    9.462624] hub 3-1.2:1.0: 4 ports detected
[    9.494550] usb 4-1.2: new SuperSpeed USB device number 4 using xhci_hcd
[    9.497736] systemd[1]: Queued start job for default target Graphical Interface.
[    9.499197] systemd[1]: Created slice Slice /system/getty.
[    9.499512] systemd[1]: Created slice Slice /system/modprobe.
[    9.499814] systemd[1]: Created slice Slice /system/systemd-fsck.
[    9.499991] systemd[1]: Created slice User and Session Slice.
[    9.500072] systemd[1]: Started Dispatch Password Requests to Console Directory Watch.
[    9.500132] systemd[1]: Started Forward Password Requests to Wall Directory Watch.
[    9.500301] systemd[1]: Set up automount Arbitrary Executable File Formats File System Automount Point.
[    9.500360] systemd[1]: Reached target Local Encrypted Volumes.
[    9.500384] systemd[1]: Reached target Login Prompts.
[    9.500418] systemd[1]: Reached target Path Units.
[    9.500442] systemd[1]: Reached target Remote File Systems.
[    9.500463] systemd[1]: Reached target Slice Units.
[    9.500497] systemd[1]: Reached target Local Verity Protected Volumes.
[    9.500572] systemd[1]: Listening on Device-mapper event daemon FIFOs.
[    9.500827] systemd[1]: Listening on LVM2 poll daemon socket.
[    9.502367] systemd[1]: Listening on Process Core Dump Socket.
[    9.504935] systemd[1]: Condition check resulted in Journal Audit Socket being skipped.
[    9.505150] systemd[1]: Listening on Journal Socket (/dev/log).
[    9.505262] systemd[1]: Listening on Journal Socket.
[    9.505929] systemd[1]: Listening on udev Control Socket.
[    9.506026] systemd[1]: Listening on udev Kernel Socket.
[    9.506826] systemd[1]: Mounting Huge Pages File System...
[    9.507722] systemd[1]: Mounting POSIX Message Queue File System...
[    9.508613] systemd[1]: Mounting Kernel Debug File System...
[    9.509351] systemd[1]: Mounting Kernel Trace File System...
[    9.510547] systemd[1]: Starting Create List of Static Device Nodes...
[    9.511367] systemd[1]: Starting Monitoring of LVM2 mirrors, snapshots etc. using dmeventd or progress polling...
[    9.512271] systemd[1]: Starting Load Kernel Module configfs...
[    9.513034] systemd[1]: Starting Load Kernel Module drm...
[    9.513855] systemd[1]: Starting Load Kernel Module fuse...
[    9.514017] random: lvm: uninitialized urandom read (4 bytes read)
[    9.514318] systemd[1]: Condition check resulted in Set Up Additional Binary Formats being skipped.
[    9.514407] systemd[1]: Condition check resulted in File System Check on Root Device being skipped.
[    9.516046] systemd[1]: Starting Journal Service...
[    9.517410] systemd[1]: Starting Load Kernel Modules...
[    9.517673] usb 4-1.2: New USB device found, idVendor=0bda, idProduct=8153, bcdDevice=30.00
[    9.517677] usb 4-1.2: New USB device strings: Mfr=1, Product=2, SerialNumber=6
[    9.517678] usb 4-1.2: Product: USB 10/100/1000 LAN
[    9.517679] usb 4-1.2: Manufacturer: Realtek
[    9.517680] usb 4-1.2: SerialNumber: 000001
[    9.518210] systemd[1]: Starting Remount Root and Kernel File Systems...
[    9.518298] systemd[1]: Condition check resulted in Repartition Root Disk being skipped.
[    9.518956] systemd[1]: Starting Coldplug All udev Devices...
[    9.520407] systemd[1]: Mounted Huge Pages File System.
[    9.520525] systemd[1]: Mounted POSIX Message Queue File System.
[    9.520617] systemd[1]: Mounted Kernel Debug File System.
[    9.520706] systemd[1]: Mounted Kernel Trace File System.
[    9.521039] systemd[1]: Finished Create List of Static Device Nodes.
[    9.522986] fuse: init (API version 7.34)
[    9.524047] EXT4-fs (sda2): re-mounted. Opts: (null). Quota mode: none.
[    9.525129] systemd[1]: modprobe@configfs.service: Deactivated successfully.
[    9.525513] systemd[1]: Finished Load Kernel Module configfs.
[    9.525771] systemd[1]: modprobe@drm.service: Deactivated successfully.
[    9.526067] systemd[1]: Finished Load Kernel Module drm.
[    9.526295] systemd[1]: modprobe@fuse.service: Deactivated successfully.
[    9.526604] systemd[1]: Finished Load Kernel Module fuse.
[    9.527169] systemd[1]: Finished Remount Root and Kernel File Systems.
[    9.528352] systemd[1]: Mounting FUSE Control File System...
[    9.529101] systemd[1]: Mounting Kernel Configuration File System...
[    9.529188] systemd[1]: Condition check resulted in First Boot Wizard being skipped.
[    9.530987] systemd[1]: Condition check resulted in Rebuild Hardware Database being skipped.
[    9.531312] vboxdrv: loading out-of-tree module taints kernel.
[    9.531517] vboxdrv: module verification failed: signature and/or required key missing - tainting kernel
[    9.532025] systemd[1]: Starting Load/Save Random Seed...
[    9.533251] systemd[1]: Starting Create System Users...
[    9.533960] systemd[1]: Mounted FUSE Control File System.
[    9.534092] systemd[1]: Mounted Kernel Configuration File System.
[    9.534468] vboxdrv: Found 6 processor cores
[    9.550701] systemd[1]: Finished Create System Users.
[    9.551753] systemd[1]: Starting Create Static Device Nodes in /dev...
[    9.553635] systemd[1]: Finished Monitoring of LVM2 mirrors, snapshots etc. using dmeventd or progress polling.
[    9.561320] vboxdrv: TSC mode is Invariant, tentative frequency 2370617926 Hz
[    9.561325] vboxdrv: Successfully loaded version 6.1.30 r148432 (interface 0x00320000)
[    9.563316] VBoxNetAdp: Successfully started.
[    9.564932] VBoxNetFlt: Successfully started.
[    9.566089] systemd[1]: Finished Load Kernel Modules.
[    9.567131] systemd[1]: Starting Apply Kernel Variables...
[    9.574464] systemd[1]: Finished Apply Kernel Variables.
[    9.582388] systemd[1]: Finished Create Static Device Nodes in /dev.
[    9.582551] systemd[1]: Reached target Preparation for Local File Systems.
[    9.582616] systemd[1]: Condition check resulted in Virtual Machine and Container Storage (Compatibility) being skipped.
[    9.584183] systemd[1]: Starting Rule-based Manager for Device Events and Files...
[    9.584330] systemd[1]: Started Journal Service.
[    9.589907] systemd-journald[250]: Received client request to flush runtime journal.
[    9.690505] acpi_cpufreq: overriding BIOS provided _PSD data
[    9.724727] acpi PNP0C14:01: duplicate WMI GUID 05901221-D566-11D1-B2F0-00A0C9062910 (first instance was on PNP0C14:00)
[    9.740698] ACPI: video: Video Device [VGA] (multi-head: yes  rom: no  post: no)
[    9.741954] acpi device:0e: registered as cooling_device6
[    9.744914] input: Video Bus as /devices/LNXSYSTM:00/LNXSYBUS:00/PNP0A08:00/device:0d/LNXVIDEO:00/input/input3
[    9.781004] usb 3-1.2.3: new low-speed USB device number 5 using xhci_hcd
[    9.798596] piix4_smbus 0000:00:14.0: SMBus Host Controller at 0xb00, revision 0
[    9.798601] piix4_smbus 0000:00:14.0: Using register 0x02 for SMBus port selection
[    9.798697] piix4_smbus 0000:00:14.0: Auxiliary SMBus Host Controller at 0xb20
[    9.809924] sp5100_tco: SP5100/SB800 TCO WatchDog Timer Driver
[    9.810022] sp5100-tco sp5100-tco: Using 0xfeb00000 for watchdog MMIO address
[    9.810133] sp5100-tco sp5100-tco: initialized. heartbeat=60 sec (nowayout=0)
[    9.810505] usbcore: registered new interface driver cdc_ether
[    9.812687] Adding 17309968k swap on /dev/sda3.  Priority:-2 extents:1 across:17309968k SSFS
[    9.882583] input: GXT7863:00 27C6:01E0 Mouse as /devices/platform/AMDI0010:03/i2c-0/i2c-GXT7863:00/0018:27C6:01E0.0001/input/input4
[    9.882712] input: GXT7863:00 27C6:01E0 Touchpad as /devices/platform/AMDI0010:03/i2c-0/i2c-GXT7863:00/0018:27C6:01E0.0001/input/input5
[    9.882783] hid-generic 0018:27C6:01E0.0001: input,hidraw0: I2C HID v1.00 Mouse [GXT7863:00 27C6:01E0] on i2c-GXT7863:00
[    9.911640] usb 3-1.2.3: New USB device found, idVendor=1bcf, idProduct=0005, bcdDevice= 0.90
[    9.911646] usb 3-1.2.3: New USB device strings: Mfr=0, Product=2, SerialNumber=0
[    9.911648] usb 3-1.2.3: Product: USB Optical Mouse
[    9.989863] usb 4-1.2: reset SuperSpeed USB device number 4 using xhci_hcd
[    9.998204] random: dbus-daemon: uninitialized urandom read (12 bytes read)
[   10.076809] r8152 4-1.2:1.0 eth0: v2.15.0 (2021/04/15)
[   10.076814] r8152 4-1.2:1.0 eth0: This product is covered by one or more of the following patents:
               		US6,570,884, US6,115,776, and US6,327,625.

[   10.076852] usbcore: registered new interface driver r8152
[   10.145569] RAPL PMU: API unit is 2^-32 Joules, 1 fixed counters, 163840 ms ovfl timer
[   10.145575] RAPL PMU: hw unit of domain package 2^-16 Joules
[   10.153752] usbcore: registered new interface driver r8153_ecm
[   10.155018] cryptd: max_cpu_qlen set to 1000
[   10.178477] AVX2 version of gcm_enc/dec engaged.
[   10.178531] AES CTR mode by8 optimization enabled
[   10.262747] ccp 0000:01:00.2: enabling device (0000 -> 0002)
[   10.263055] ccp 0000:01:00.2: ccp: unable to access the device: you might be running a broken BIOS.
[   10.274338] ccp 0000:01:00.2: tee enabled
[   10.274344] ccp 0000:01:00.2: psp enabled
[   10.381282] snd_rn_pci_acp3x 0000:01:00.5: enabling device (0000 -> 0002)
[   10.423874] usb-storage 4-1.1:1.0: USB Mass Storage device detected
[   10.433704] scsi host2: usb-storage 4-1.1:1.0
[   10.433920] usbcore: registered new interface driver usb-storage
[   10.477175] kvm: Nested Virtualization enabled
[   10.477179] SVM: kvm: Nested Paging enabled
[   10.477198] SVM: Virtual VMLOAD VMSAVE supported
[   10.477199] SVM: Virtual GIF supported
[   10.495695] usbcore: registered new interface driver uas
[   10.498548] [drm] amdgpu kernel modesetting enabled.
[   10.500190] MCE: In-kernel MCE decoding enabled.
[   10.516734] amdgpu: Virtual CRAT table created for CPU
[   10.516762] amdgpu: Topology: Add CPU node
[   10.516848] checking generic (fce0000000 7f0000) vs hw (fce0000000 10000000)
[   10.516850] fb0: switching to amdgpu from EFI VGA
[   10.518454] Console: switching to colour dummy device 80x25
[   10.518512] amdgpu 0000:01:00.0: vgaarb: deactivate vga console
[   10.518617] amdgpu 0000:01:00.0: enabling device (0006 -> 0007)
[   10.518726] [drm] initializing kernel modesetting (RENOIR 0x1002:0x1636 0x1D72:0x1951 0xC3).
[   10.518730] amdgpu 0000:01:00.0: amdgpu: Trusted Memory Zone (TMZ) feature enabled
[   10.519494] [drm] register mmio base: 0xD0400000
[   10.519496] [drm] register mmio size: 524288
[   10.519498] [drm] PCIE atomic ops is not supported
[   10.520589] [drm] add ip block number 0 <soc15_common>
[   10.520591] [drm] add ip block number 1 <gmc_v9_0>
[   10.520591] [drm] add ip block number 2 <vega10_ih>
[   10.520592] [drm] add ip block number 3 <psp>
[   10.520593] [drm] add ip block number 4 <smu>
[   10.520594] [drm] add ip block number 5 <gfx_v9_0>
[   10.520595] [drm] add ip block number 6 <sdma_v4_0>
[   10.520597] [drm] add ip block number 7 <dm>
[   10.520598] [drm] add ip block number 8 <vcn_v2_0>
[   10.520599] [drm] add ip block number 9 <jpeg_v2_0>
[   10.520617] amdgpu 0000:01:00.0: amdgpu: Fetched VBIOS from VFCT
[   10.520621] amdgpu: ATOM BIOS: 113-RENOIR-026
[   10.522961] [drm] VCN decode is enabled in VM mode
[   10.522963] [drm] VCN encode is enabled in VM mode
[   10.522964] [drm] JPEG decode is enabled in VM mode
[   10.523009] [drm] vm size is 262144 GB, 4 levels, block size is 9-bit, fragment size is 9-bit
[   10.523018] amdgpu 0000:01:00.0: amdgpu: VRAM: 512M 0x000000F400000000 - 0x000000F41FFFFFFF (512M used)
[   10.523021] amdgpu 0000:01:00.0: amdgpu: GART: 1024M 0x0000000000000000 - 0x000000003FFFFFFF
[   10.523023] amdgpu 0000:01:00.0: amdgpu: AGP: 267419648M 0x000000F800000000 - 0x0000FFFFFFFFFFFF
[   10.523029] [drm] Detected VRAM RAM=512M, BAR=512M
[   10.523030] [drm] RAM width 128bits DDR4
[   10.523092] [drm] amdgpu: 512M of VRAM memory ready
[   10.523093] [drm] amdgpu: 3072M of GTT memory ready.
[   10.523099] [drm] GART: num cpu pages 262144, num gpu pages 262144
[   10.523225] [drm] PCIE GART of 1024M enabled.
[   10.523226] [drm] PTB located at 0x000000F400900000
[   10.525391] amdgpu 0000:01:00.0: amdgpu: PSP runtime database doesn't exist
[   10.529845] [drm] Loading DMUB firmware via PSP: version=0x01010019
[   10.531012] [drm] Found VCN firmware Version ENC: 1.16 DEC: 5 VEP: 0 Revision: 3
[   10.531021] amdgpu 0000:01:00.0: amdgpu: Will use PSP to load VCN firmware
[   10.557601] usb 4-1.2: reset SuperSpeed USB device number 4 using xhci_hcd
[   10.574810] usb 4-1.2: device firmware changed
[   10.575044] r8152 4-1.2:1.0 (unnamed net_device) (uninitialized): get_registers -19
[   10.575052] r8152 4-1.2:1.0 (unnamed net_device) (uninitialized): Get ether addr fail
[   10.575252] usb 4-1.2: USB disconnect, device number 4
[   10.575357] r8152 4-1.2:1.0 eth0: v2.15.0 (2021/04/15)
[   10.575360] r8152 4-1.2:1.0 eth0: This product is covered by one or more of the following patents:
               		US6,570,884, US6,115,776, and US6,327,625.

[   10.669023] snd_hda_intel 0000:01:00.1: enabling device (0000 -> 0002)
[   10.669156] snd_hda_intel 0000:01:00.1: Handle vga_switcheroo audio client
[   10.669375] snd_hda_intel 0000:01:00.6: enabling device (0000 -> 0002)
[   10.686347] input: HD-Audio Generic HDMI/DP,pcm=3 as /devices/pci0000:00/0000:00:08.1/0000:01:00.1/sound/card0/input7
[   10.686416] input: HD-Audio Generic HDMI/DP,pcm=7 as /devices/pci0000:00/0000:00:08.1/0000:01:00.1/sound/card0/input8
[   10.738190] snd_hda_codec_realtek hdaudioC1D0: autoconfig for ALC256: line_outs=1 (0x14/0x0/0x0/0x0/0x0) type:speaker
[   10.738196] snd_hda_codec_realtek hdaudioC1D0:    speaker_outs=0 (0x0/0x0/0x0/0x0/0x0)
[   10.738198] snd_hda_codec_realtek hdaudioC1D0:    hp_outs=1 (0x21/0x0/0x0/0x0/0x0)
[   10.738200] snd_hda_codec_realtek hdaudioC1D0:    mono: mono_out=0x0
[   10.738201] snd_hda_codec_realtek hdaudioC1D0:    inputs:
[   10.738202] snd_hda_codec_realtek hdaudioC1D0:      Mic=0x19
[   10.767097] urandom_read: 1 callbacks suppressed
[   10.767100] random: NetworkManager: uninitialized urandom read (16 bytes read)
[   10.776927] input: GXT7863:00 27C6:01E0 Mouse as /devices/platform/AMDI0010:03/i2c-0/i2c-GXT7863:00/0018:27C6:01E0.0001/input/input9
[   10.776996] input: GXT7863:00 27C6:01E0 Touchpad as /devices/platform/AMDI0010:03/i2c-0/i2c-GXT7863:00/0018:27C6:01E0.0001/input/input10
[   10.777050] hid-multitouch 0018:27C6:01E0.0001: input,hidraw0: I2C HID v1.00 Mouse [GXT7863:00 27C6:01E0] on i2c-GXT7863:00
[   10.778590] random: nm-online: uninitialized urandom read (16 bytes read)
[   10.801004] random: crng init done
[   10.802172] intel_rapl_common: Found RAPL domain package
[   10.802178] intel_rapl_common: Found RAPL domain core
[   10.803404] input: HD-Audio Generic Mic as /devices/pci0000:00/0000:00:08.1/0000:01:00.6/sound/card1/input12
[   10.803456] input: HD-Audio Generic Headphone as /devices/pci0000:00/0000:00:08.1/0000:01:00.6/sound/card1/input13
[   10.817189] input: USB Optical Mouse as /devices/pci0000:00/0000:00:08.1/0000:01:00.4/usb3/3-1/3-1.2/3-1.2.3/3-1.2.3:1.0/0003:1BCF:0005.0002/input/input14
[   10.817497] hid-generic 0003:1BCF:0005.0002: input,hidraw1: USB HID v1.10 Mouse [USB Optical Mouse] on usb-0000:01:00.4-1.2.3/input0
[   10.817539] usbcore: registered new interface driver usbhid
[   10.817540] usbhid: USB HID core driver
[   10.871639] mousedev: PS/2 mouse device common for all mice
[   10.941096] usb 4-1.2: new SuperSpeed USB device number 5 using xhci_hcd
[   10.962470] usb 4-1.2: New USB device found, idVendor=0bda, idProduct=8153, bcdDevice=30.00
[   10.962473] usb 4-1.2: New USB device strings: Mfr=1, Product=2, SerialNumber=6
[   10.962475] usb 4-1.2: Product: USB 10/100/1000 LAN
[   10.962476] usb 4-1.2: Manufacturer: Realtek
[   10.962477] usb 4-1.2: SerialNumber: 000001
[   11.109723] usb 4-1.2: reset SuperSpeed USB device number 5 using xhci_hcd
[   11.181363] r8152 4-1.2:1.0 eth0: v2.15.0 (2021/04/15)
[   11.181367] r8152 4-1.2:1.0 eth0: This product is covered by one or more of the following patents:
               		US6,570,884, US6,115,776, and US6,327,625.

[   11.234072] [drm] reserve 0x400000 from 0xf41f800000 for PSP TMR
[   11.312636] amdgpu 0000:01:00.0: amdgpu: RAS: optional ras ta ucode is not available
[   11.320753] amdgpu 0000:01:00.0: amdgpu: RAP: optional rap ta ucode is not available
[   11.320761] amdgpu 0000:01:00.0: amdgpu: SECUREDISPLAY: securedisplay ta ucode is not available
[   11.321073] amdgpu 0000:01:00.0: amdgpu: SMU is initialized successfully!
[   11.322445] [drm] kiq ring mec 2 pipe 1 q 0
[   11.323918] [drm] Display Core initialized with v3.2.149!
[   11.324355] [drm] DMUB hardware initialized: version=0x01010019
[   11.344111] snd_hda_intel 0000:01:00.1: bound 0000:01:00.0 (ops amdgpu_dm_audio_component_bind_ops [amdgpu])
[   11.365818] usb 4-1.2: reset SuperSpeed USB device number 5 using xhci_hcd
[   11.433874] [drm] VCN decode and encode initialized successfully(under DPG Mode).
[   11.433899] [drm] JPEG decode initialized successfully.
[   11.435857] kfd kfd: amdgpu: Allocated 3969056 bytes on gart
[   11.449910] r8152 4-1.2:1.0 eth0: v2.15.0 (2021/04/15)
[   11.449917] r8152 4-1.2:1.0 eth0: This product is covered by one or more of the following patents:
               		US6,570,884, US6,115,776, and US6,327,625.

[   11.453001] scsi 2:0:0:0: Direct-Access     TS-RDF5A Transcend        0004 PQ: 0 ANSI: 6
[   11.455658] memmap_init_zone_device initialised 131072 pages in 0ms
[   11.455669] amdgpu: HMM registered 512MB device memory
[   11.455715] amdgpu: SRAT table not found
[   11.455716] amdgpu: Virtual CRAT table created for GPU
[   11.455949] amdgpu: Topology: Add dGPU node [0x1636:0x1002]
[   11.455952] kfd kfd: amdgpu: added device 1002:1636
[   11.456062] amdgpu 0000:01:00.0: amdgpu: SE 1, SH per SE 2, CU per SH 18, active_cu_number 26
[   11.458587] [drm] fb mappable at 0x410CD1000
[   11.458590] [drm] vram apper at 0x410000000
[   11.458591] [drm] size 8294400
[   11.458591] [drm] fb depth is 24
[   11.458592] [drm]    pitch is 7680
[   11.458863] fbcon: amdgpu (fb0) is primary device
[   11.504721] r8152 4-1.2:1.0 enp1s0f4u1u2: renamed from eth0
[   11.511117] Console: switching to colour frame buffer device 240x67
[   11.529683] amdgpu 0000:01:00.0: [drm] fb0: amdgpu frame buffer device
[   11.547766] amdgpu 0000:01:00.0: amdgpu: ring gfx uses VM inv eng 0 on hub 0
[   11.547771] amdgpu 0000:01:00.0: amdgpu: ring comp_1.0.0 uses VM inv eng 1 on hub 0
[   11.547772] amdgpu 0000:01:00.0: amdgpu: ring comp_1.1.0 uses VM inv eng 4 on hub 0
[   11.547773] amdgpu 0000:01:00.0: amdgpu: ring comp_1.2.0 uses VM inv eng 5 on hub 0
[   11.547774] amdgpu 0000:01:00.0: amdgpu: ring comp_1.3.0 uses VM inv eng 6 on hub 0
[   11.547775] amdgpu 0000:01:00.0: amdgpu: ring comp_1.0.1 uses VM inv eng 7 on hub 0
[   11.547776] amdgpu 0000:01:00.0: amdgpu: ring comp_1.1.1 uses VM inv eng 8 on hub 0
[   11.547777] amdgpu 0000:01:00.0: amdgpu: ring comp_1.2.1 uses VM inv eng 9 on hub 0
[   11.547778] amdgpu 0000:01:00.0: amdgpu: ring comp_1.3.1 uses VM inv eng 10 on hub 0
[   11.547779] amdgpu 0000:01:00.0: amdgpu: ring kiq_2.1.0 uses VM inv eng 11 on hub 0
[   11.547780] amdgpu 0000:01:00.0: amdgpu: ring sdma0 uses VM inv eng 0 on hub 1
[   11.547781] amdgpu 0000:01:00.0: amdgpu: ring vcn_dec uses VM inv eng 1 on hub 1
[   11.547782] amdgpu 0000:01:00.0: amdgpu: ring vcn_enc0 uses VM inv eng 4 on hub 1
[   11.547783] amdgpu 0000:01:00.0: amdgpu: ring vcn_enc1 uses VM inv eng 5 on hub 1
[   11.547784] amdgpu 0000:01:00.0: amdgpu: ring jpeg_dec uses VM inv eng 6 on hub 1
[   11.550055] [drm] Initialized amdgpu 3.42.0 20150101 for 0000:01:00.0 on minor 0
[   11.691093] sd 2:0:0:0: [sdb] 60456960 512-byte logical blocks: (31.0 GB/28.8 GiB)
[   11.692029] sd 2:0:0:0: [sdb] Write Protect is off
[   11.692034] sd 2:0:0:0: [sdb] Mode Sense: 21 00 00 00
[   11.692891] sd 2:0:0:0: [sdb] Write cache: disabled, read cache: enabled, doesn't support DPO or FUA
[   11.698559]  sdb: sdb1 sdb2 sdb3
[   11.704335] sd 2:0:0:0: [sdb] Attached SCSI removable disk
[   14.134957] IPv6: ADDRCONF(NETDEV_CHANGE): enp1s0f4u1u2: link becomes ready
[   14.135238] r8152 4-1.2:1.0 enp1s0f4u1u2: carrier on
[   40.862384] atkbd serio0: Unknown key pressed (translated set 2, code 0xf6 on isa0060/serio0).
[   40.862396] atkbd serio0: Use 'setkeycodes e076 <keycode>' to make it known.
[   41.331838] atkbd serio0: Unknown key released (translated set 2, code 0xf6 on isa0060/serio0).
[   41.331849] atkbd serio0: Use 'setkeycodes e076 <keycode>' to make it known.
[   46.664431] iptables reject: IN=enp1s0f4u1u2 OUT= MAC= SRC=192.168.0.101 DST=224.0.0.251 LEN=68 TOS=0x00 PREC=0x00 TTL=1 ID=48677 DF PROTO=UDP SPT=5353 DPT=5353 LEN=48 
[   47.636222] iptables reject: IN=enp1s0f4u1u2 OUT= MAC= SRC=192.168.0.101 DST=224.0.0.251 LEN=68 TOS=0x00 PREC=0x00 TTL=1 ID=48696 DF PROTO=UDP SPT=5353 DPT=5353 LEN=48 
[   49.636814] iptables reject: IN=enp1s0f4u1u2 OUT= MAC= SRC=192.168.0.101 DST=224.0.0.251 LEN=68 TOS=0x00 PREC=0x00 TTL=1 ID=49223 DF PROTO=UDP SPT=5353 DPT=5353 LEN=48 
[   71.437665] ucsi_acpi USBC000:00: PPM init failed (-110)
[   71.618238] iptables reject: IN=enp1s0f4u1u2 OUT= MAC=01:00:5e:00:00:fb:c0:ee:fb:03:5d:aa:08:00 SRC=192.168.0.100 DST=224.0.0.251 LEN=89 TOS=0x00 PREC=0x00 TTL=255 ID=16522 DF PROTO=UDP SPT=5353 DPT=5353 LEN=69 
[   72.615937] iptables reject: IN=enp1s0f4u1u2 OUT= MAC=01:00:5e:00:00:fb:c0:ee:fb:03:5d:aa:08:00 SRC=192.168.0.100 DST=224.0.0.251 LEN=89 TOS=0x00 PREC=0x00 TTL=255 ID=16725 DF PROTO=UDP SPT=5353 DPT=5353 LEN=69 
[   73.630364] iptables reject: IN=enp1s0f4u1u2 OUT= MAC=01:00:5e:00:00:fb:c0:ee:fb:03:5d:aa:08:00 SRC=192.168.0.100 DST=224.0.0.251 LEN=89 TOS=0x00 PREC=0x00 TTL=255 ID=16893 DF PROTO=UDP SPT=5353 DPT=5353 LEN=69 
[   92.732260] iptables reject: IN=enp1s0f4u1u2 OUT= MAC=01:00:5e:00:00:01:00:5f:67:2a:b5:34:08:00 SRC=192.168.0.1 DST=224.0.0.1 LEN=32 TOS=0x1C PREC=0x80 TTL=1 ID=32977 PROTO=2 
[   93.653978] iptables reject: IN=enp1s0f4u1u2 OUT= MAC=01:00:5e:00:00:fb:c0:ee:fb:03:5d:aa:08:00 SRC=192.168.0.100 DST=224.0.0.251 LEN=89 TOS=0x00 PREC=0x00 TTL=255 ID=18605 DF PROTO=UDP SPT=5353 DPT=5353 LEN=69 
[  162.856632] iptables reject: IN=enp1s0f4u1u2 OUT= MAC=01:00:5e:00:00:fb:c0:ee:fb:03:5d:aa:08:00 SRC=192.168.0.100 DST=224.0.0.251 LEN=32 TOS=0x00 PREC=0xC0 TTL=1 ID=0 DF PROTO=2 
[  162.856658] iptables reject: IN=enp1s0f4u1u2 OUT= MAC=01:00:5e:00:00:fb:c0:ee:fb:03:5d:aa:08:00 SRC=192.168.0.100 DST=224.0.0.251 LEN=89 TOS=0x00 PREC=0x00 TTL=255 ID=26648 DF PROTO=UDP SPT=5353 DPT=5353 LEN=69 
[  163.870483] iptables reject: IN=enp1s0f4u1u2 OUT= MAC=01:00:5e:00:00:fb:c0:ee:fb:03:5d:aa:08:00 SRC=192.168.0.100 DST=224.0.0.251 LEN=89 TOS=0x00 PREC=0x00 TTL=255 ID=26865 DF PROTO=UDP SPT=5353 DPT=5353 LEN=69 
[  164.859979] iptables reject: IN=enp1s0f4u1u2 OUT= MAC=01:00:5e:00:00:fb:c0:ee:fb:03:5d:aa:08:00 SRC=192.168.0.100 DST=224.0.0.251 LEN=89 TOS=0x00 PREC=0x00 TTL=255 ID=27022 DF PROTO=UDP SPT=5353 DPT=5353 LEN=69 
[  166.971357] iptables reject: IN=enp1s0f4u1u2 OUT= MAC=01:00:5e:00:00:fb:c0:ee:fb:03:5d:aa:08:00 SRC=192.168.0.100 DST=224.0.0.251 LEN=32 TOS=0x00 PREC=0xC0 TTL=1 ID=0 DF PROTO=2 
[  175.811812] iptables reject: IN=enp1s0f4u1u2 OUT= MAC=01:00:5e:00:00:fb:c0:ee:fb:03:5d:aa:08:00 SRC=192.168.0.100 DST=224.0.0.251 LEN=32 TOS=0x00 PREC=0xC0 TTL=1 ID=0 DF PROTO=2 
[  184.889311] iptables reject: IN=enp1s0f4u1u2 OUT= MAC=01:00:5e:00:00:fb:c0:ee:fb:03:5d:aa:08:00 SRC=192.168.0.100 DST=224.0.0.251 LEN=89 TOS=0x00 PREC=0x00 TTL=255 ID=32480 DF PROTO=UDP SPT=5353 DPT=5353 LEN=69 
[  187.974662] iptables reject: IN=enp1s0f4u1u2 OUT= MAC=01:00:5e:00:00:fb:00:5f:67:2a:b5:34:08:00 SRC=192.168.0.1 DST=224.0.0.251 LEN=32 TOS=0x00 PREC=0x00 TTL=1 ID=53991 PROTO=2 
[  189.233452] iptables reject: IN=enp1s0f4u1u2 OUT= MAC=01:00:5e:00:00:fb:00:5f:67:2a:b5:34:08:00 SRC=192.168.0.1 DST=224.0.0.251 LEN=32 TOS=0x00 PREC=0x00 TTL=1 ID=7912 PROTO=2 
[  217.734061] iptables reject: IN=enp1s0f4u1u2 OUT= MAC=01:00:5e:00:00:01:00:5f:67:2a:b5:34:08:00 SRC=192.168.0.1 DST=224.0.0.1 LEN=32 TOS=0x06 PREC=0x60 TTL=1 ID=52462 PROTO=2 
[  342.736081] iptables reject: IN=enp1s0f4u1u2 OUT= MAC=01:00:5e:00:00:01:00:5f:67:2a:b5:34:08:00 SRC=192.168.0.1 DST=224.0.0.1 LEN=32 TOS=0x1E PREC=0x40 TTL=1 ID=6156 PROTO=2 
[  343.686420] Bluetooth: Core ver 2.22
[  343.686453] NET: Registered PF_BLUETOOTH protocol family
[  343.686454] Bluetooth: HCI device and connection manager initialized
[  343.686458] Bluetooth: HCI socket layer initialized
[  343.686460] Bluetooth: L2CAP socket layer initialized
[  343.686463] Bluetooth: SCO socket layer initialized
