[    0.000000] Linux version 5.16.12-arch1-1 (linux@archlinux) (gcc (GCC) 11.2.0, GNU ld (GNU Binutils) 2.38) #1 SMP PREEMPT Wed, 02 Mar 2022 12:22:51 +0000
[    0.000000] Command line: BOOT_IMAGE=/boot/vmlinuz-linux root=UUID=4a1e3b32-c022-4157-be6c-5f37d4e06cdf rw quiet resume=UUID=d8ba5b72-ed10-49e7-94e8-1b4f0c08b046 loglevel=3 audit=1 lsm=landlock,lockdown,yama,apparmor,bpf l1tf=full,force mds=full,nosmt mitigations=auto,nosmt nosmt=force pcie_aspm=force init_on_alloc=1 init_on_free=1 randomize_kstack_offset=on slab_nomerge pti=on slub_debug=ZF slub_debug=P page_poison=1 mem_encrypt=on vsyscall=nonei amd_iommu=force_isolation amdgpu.gpu_recovery=1 amdgpu.virtual_display=NULL amdgpu.audio=0 amdgpu.lbpw=1 amdgpu.tmz=1 amdgpu.freesync_video=1 fsck.mode=force fsck.repair=yes efi=disable_early_pci_dma
[    0.000000] x86/fpu: Supporting XSAVE feature 0x001: 'x87 floating point registers'
[    0.000000] x86/fpu: Supporting XSAVE feature 0x002: 'SSE registers'
[    0.000000] x86/fpu: Supporting XSAVE feature 0x004: 'AVX registers'
[    0.000000] x86/fpu: xstate_offset[2]:  576, xstate_sizes[2]:  256
[    0.000000] x86/fpu: Enabled xstate features 0x7, context size is 832 bytes, using 'compacted' format.
[    0.000000] signal: max sigframe size: 1776
[    0.000000] BIOS-provided physical RAM map:
[    0.000000] BIOS-e820: [mem 0x0000000000000000-0x000000000009efff] usable
[    0.000000] BIOS-e820: [mem 0x000000000009f000-0x00000000000bffff] reserved
[    0.000000] BIOS-e820: [mem 0x0000000000100000-0x0000000009afffff] usable
[    0.000000] BIOS-e820: [mem 0x0000000009b00000-0x0000000009dfffff] reserved
[    0.000000] BIOS-e820: [mem 0x0000000009e00000-0x0000000009efffff] usable
[    0.000000] BIOS-e820: [mem 0x0000000009f00000-0x0000000009f0ffff] ACPI NVS
[    0.000000] BIOS-e820: [mem 0x0000000009f10000-0x00000000bab68fff] usable
[    0.000000] BIOS-e820: [mem 0x00000000bab69000-0x00000000bbd68fff] reserved
[    0.000000] BIOS-e820: [mem 0x00000000bbd69000-0x00000000c9f7efff] usable
[    0.000000] BIOS-e820: [mem 0x00000000c9f7f000-0x00000000caf7efff] type 20
[    0.000000] BIOS-e820: [mem 0x00000000caf7f000-0x00000000ccf7efff] reserved
[    0.000000] BIOS-e820: [mem 0x00000000ccf7f000-0x00000000cdf7efff] ACPI NVS
[    0.000000] BIOS-e820: [mem 0x00000000cdf7f000-0x00000000cdffefff] ACPI data
[    0.000000] BIOS-e820: [mem 0x00000000cdfff000-0x00000000cdffffff] usable
[    0.000000] BIOS-e820: [mem 0x00000000ce000000-0x00000000ceffffff] reserved
[    0.000000] BIOS-e820: [mem 0x00000000f8000000-0x00000000fbffffff] reserved
[    0.000000] BIOS-e820: [mem 0x00000000fde00000-0x00000000fdefffff] reserved
[    0.000000] BIOS-e820: [mem 0x00000000fec00000-0x00000000fec00fff] reserved
[    0.000000] BIOS-e820: [mem 0x00000000fec10000-0x00000000fec10fff] reserved
[    0.000000] BIOS-e820: [mem 0x00000000fec20000-0x00000000fec20fff] reserved
[    0.000000] BIOS-e820: [mem 0x00000000fed80000-0x00000000fed80fff] reserved
[    0.000000] BIOS-e820: [mem 0x00000000fee00000-0x00000000fee00fff] reserved
[    0.000000] BIOS-e820: [mem 0x00000000ff000000-0x00000000fff2ffff] reserved
[    0.000000] BIOS-e820: [mem 0x0000000100000000-0x000000040f33ffff] usable
[    0.000000] BIOS-e820: [mem 0x000000040f340000-0x000000042fffffff] reserved
[    0.000000] SMT: Force disabled
[    0.000000] Malformed early option 'vsyscall'
[    0.000000] NX (Execute Disable) protection: active
[    0.000000] efi: EFI v2.70 by INSYDE Corp.
[    0.000000] efi: ACPI=0xcdffe000 ACPI 2.0=0xcdffe014 TPMFinalLog=0xcdf2c000 SMBIOS=0xcb70c000 SMBIOS 3.0=0xcb70a000 ESRT=0xcb70d418 
[    0.000000] SMBIOS 3.2.0 present.
[    0.000000] DMI: TIMI RedmiBook 14 II/TM1951, BIOS RMARN4B0P0909 08/19/2020
[    0.000000] tsc: Fast TSC calibration using PIT
[    0.000000] tsc: Detected 2370.380 MHz processor
[    0.000544] e820: update [mem 0x00000000-0x00000fff] usable ==> reserved
[    0.000546] e820: remove [mem 0x000a0000-0x000fffff] usable
[    0.000550] last_pfn = 0x40f340 max_arch_pfn = 0x400000000
[    0.000727] x86/PAT: Configuration [0-7]: WB  WC  UC- UC  WB  WP  UC- WT  
[    0.000949] last_pfn = 0xce000 max_arch_pfn = 0x400000000
[    0.010334] esrt: Reserving ESRT space from 0x00000000cb70d418 to 0x00000000cb70d450.
[    0.010343] Kernel/User page tables isolation: force enabled on command line.
[    0.010344] Using GB pages for direct mapping
[    0.010821] Secure boot disabled
[    0.010821] RAMDISK: [mem 0x373f5000-0x379f1fff]
[    0.010826] ACPI: Early table checksum verification disabled
[    0.010829] ACPI: RSDP 0x00000000CDFFE014 000024 (v02 XMCC  )
[    0.010832] ACPI: XSDT 0x00000000CDFCE188 000134 (v01 XMCC   XMCC1951 00000002      01000013)
[    0.010837] ACPI: FACP 0x00000000CDFEC000 00010C (v05 XMCC   XMCC1951 00000002      01000013)
[    0.010841] ACPI: DSDT 0x00000000CDFDF000 006545 (v01 XMCC   XMCC1951 00000002      01000013)
[    0.010843] ACPI: FACS 0x00000000CDF29000 000040
[    0.010845] ACPI: UEFI 0x00000000CDF7E000 000236 (v01 INSYDE H2O BIOS 00000001 ACPI 00040000)
[    0.010847] ACPI: SSDT 0x00000000CDFF5000 007216 (v02 AMD    AmdTable 00000002 MSFT 04000000)
[    0.010849] ACPI: IVRS 0x00000000CDFF4000 0001A4 (v02 AMD    AmdTable 00000001 AMD  00000000)
[    0.010852] ACPI: SSDT 0x00000000CDFF3000 000228 (v01 AMD    STD3     00000001 INTL 20130117)
[    0.010854] ACPI: SSDT 0x00000000CDFF2000 000D61 (v01 XMCC   XMCC1806 00003000 INTL 20130117)
[    0.010856] ACPI: SSDT 0x00000000CDFF1000 00046D (v01 Insyde TPMACPI  00001000 INTL 20130117)
[    0.010858] ACPI: TPM2 0x00000000CDFF0000 000034 (v04 XMCC   XMCC1951 00000002      01000013)
[    0.010860] ACPI: MSDM 0x00000000CDFEF000 000055 (v03 INSYDE H2O BIOS 00000001 ACPI 00040000)
[    0.010862] ACPI: ASF! 0x00000000CDFEE000 0000A5 (v32 XMCC   XMCC1951 00000002      01000013)
[    0.010865] ACPI: BOOT 0x00000000CDFED000 000028 (v01 XMCC   XMCC1951 00000002      01000013)
[    0.010867] ACPI: HPET 0x00000000CDFEB000 000038 (v01 XMCC   XMCC1951 00000002      01000013)
[    0.010869] ACPI: APIC 0x00000000CDFEA000 000138 (v03 XMCC   XMCC1951 00000002      01000013)
[    0.010871] ACPI: MCFG 0x00000000CDFE9000 00003C (v01 XMCC   XMCC1951 00000002      01000013)
[    0.010873] ACPI: SLIC 0x00000000CDFE8000 000176 (v01 XMCC   XMCC1951 00000002      01000013)
[    0.010875] ACPI: SSDT 0x00000000CDFDE000 000080 (v01 XMCC   XMCC1951 00000002      01000013)
[    0.010877] ACPI: VFCT 0x00000000CDFD0000 00D484 (v01 XMCC   XMCC1951 00000001 AMD  31504F47)
[    0.010879] ACPI: SSDT 0x00000000CDFCF000 0000F8 (v01 XMCC   PcdTabl  00001000 INTL 20130117)
[    0.010881] ACPI: SSDT 0x00000000CDFCC000 001500 (v01 AMD    AmdTable 00000001 AMD  00000001)
[    0.010883] ACPI: CRAT 0x00000000CDFFD000 000BA8 (v01 AMD    AmdTable 00000001 AMD  00000001)
[    0.010886] ACPI: CDIT 0x00000000CDFCB000 000029 (v01 AMD    AmdTable 00000001 AMD  00000001)
[    0.010888] ACPI: SSDT 0x00000000CDFCA000 00028D (v01 AMD    AmdTable 00000001 INTL 20130117)
[    0.010890] ACPI: SSDT 0x00000000CDFC9000 000C78 (v01 AMD    AmdTable 00000001 INTL 20130117)
[    0.010892] ACPI: SSDT 0x00000000CDFC7000 0010A5 (v01 AMD    AmdTable 00000001 INTL 20130117)
[    0.010894] ACPI: SSDT 0x00000000CDFC3000 0030C8 (v01 AMD    AmdTable 00000001 INTL 20130117)
[    0.010896] ACPI: FPDT 0x00000000CDFC2000 000044 (v01 XMCC   XMCC1951 00000002      01000013)
[    0.010898] ACPI: WSMT 0x00000000CDFC0000 000028 (v01 INSYDE H2O BIOS 00000001 ACPI 00040000)
[    0.010900] ACPI: SSDT 0x00000000CDFE7000 00020A (v01 AMD    AmdTable 00000001 INTL 20130117)
[    0.010902] ACPI: SSDT 0x00000000CDFE6000 0005A1 (v01 AMD    AmdTable 00000001 INTL 20130117)
[    0.010904] ACPI: SSDT 0x00000000CDFBF000 000343 (v01 AMD    AmdTable 00000001 INTL 20130117)
[    0.010906] ACPI: SSDT 0x00000000CDFBE000 00007D (v01 AMD    AmdTable 00000001 INTL 20130117)
[    0.010908] ACPI: SSDT 0x00000000CDFBD000 000822 (v01 AMD    AmdTable 00000001 INTL 20130117)
[    0.010910] ACPI: SSDT 0x00000000CDFBC000 000517 (v01 AMD    AmdTable 00000001 INTL 20130117)
[    0.010913] ACPI: BGRT 0x00000000CDFC1000 000038 (v01 INSYDE H2O BIOS 00000001 ACPI 00040000)
[    0.010914] ACPI: Reserving FACP table memory at [mem 0xcdfec000-0xcdfec10b]
[    0.010915] ACPI: Reserving DSDT table memory at [mem 0xcdfdf000-0xcdfe5544]
[    0.010916] ACPI: Reserving FACS table memory at [mem 0xcdf29000-0xcdf2903f]
[    0.010917] ACPI: Reserving UEFI table memory at [mem 0xcdf7e000-0xcdf7e235]
[    0.010917] ACPI: Reserving SSDT table memory at [mem 0xcdff5000-0xcdffc215]
[    0.010918] ACPI: Reserving IVRS table memory at [mem 0xcdff4000-0xcdff41a3]
[    0.010919] ACPI: Reserving SSDT table memory at [mem 0xcdff3000-0xcdff3227]
[    0.010919] ACPI: Reserving SSDT table memory at [mem 0xcdff2000-0xcdff2d60]
[    0.010920] ACPI: Reserving SSDT table memory at [mem 0xcdff1000-0xcdff146c]
[    0.010921] ACPI: Reserving TPM2 table memory at [mem 0xcdff0000-0xcdff0033]
[    0.010921] ACPI: Reserving MSDM table memory at [mem 0xcdfef000-0xcdfef054]
[    0.010922] ACPI: Reserving ASF! table memory at [mem 0xcdfee000-0xcdfee0a4]
[    0.010923] ACPI: Reserving BOOT table memory at [mem 0xcdfed000-0xcdfed027]
[    0.010923] ACPI: Reserving HPET table memory at [mem 0xcdfeb000-0xcdfeb037]
[    0.010924] ACPI: Reserving APIC table memory at [mem 0xcdfea000-0xcdfea137]
[    0.010925] ACPI: Reserving MCFG table memory at [mem 0xcdfe9000-0xcdfe903b]
[    0.010925] ACPI: Reserving SLIC table memory at [mem 0xcdfe8000-0xcdfe8175]
[    0.010926] ACPI: Reserving SSDT table memory at [mem 0xcdfde000-0xcdfde07f]
[    0.010927] ACPI: Reserving VFCT table memory at [mem 0xcdfd0000-0xcdfdd483]
[    0.010927] ACPI: Reserving SSDT table memory at [mem 0xcdfcf000-0xcdfcf0f7]
[    0.010928] ACPI: Reserving SSDT table memory at [mem 0xcdfcc000-0xcdfcd4ff]
[    0.010929] ACPI: Reserving CRAT table memory at [mem 0xcdffd000-0xcdffdba7]
[    0.010930] ACPI: Reserving CDIT table memory at [mem 0xcdfcb000-0xcdfcb028]
[    0.010930] ACPI: Reserving SSDT table memory at [mem 0xcdfca000-0xcdfca28c]
[    0.010931] ACPI: Reserving SSDT table memory at [mem 0xcdfc9000-0xcdfc9c77]
[    0.010932] ACPI: Reserving SSDT table memory at [mem 0xcdfc7000-0xcdfc80a4]
[    0.010932] ACPI: Reserving SSDT table memory at [mem 0xcdfc3000-0xcdfc60c7]
[    0.010933] ACPI: Reserving FPDT table memory at [mem 0xcdfc2000-0xcdfc2043]
[    0.010934] ACPI: Reserving WSMT table memory at [mem 0xcdfc0000-0xcdfc0027]
[    0.010935] ACPI: Reserving SSDT table memory at [mem 0xcdfe7000-0xcdfe7209]
[    0.010936] ACPI: Reserving SSDT table memory at [mem 0xcdfe6000-0xcdfe65a0]
[    0.010936] ACPI: Reserving SSDT table memory at [mem 0xcdfbf000-0xcdfbf342]
[    0.010937] ACPI: Reserving SSDT table memory at [mem 0xcdfbe000-0xcdfbe07c]
[    0.010938] ACPI: Reserving SSDT table memory at [mem 0xcdfbd000-0xcdfbd821]
[    0.010938] ACPI: Reserving SSDT table memory at [mem 0xcdfbc000-0xcdfbc516]
[    0.010939] ACPI: Reserving BGRT table memory at [mem 0xcdfc1000-0xcdfc1037]
[    0.010991] No NUMA configuration found
[    0.010991] Faking a node at [mem 0x0000000000000000-0x000000040f33ffff]
[    0.010995] NODE_DATA(0) allocated [mem 0x40f33c000-0x40f33ffff]
[    0.011023] Zone ranges:
[    0.011024]   DMA      [mem 0x0000000000001000-0x0000000000ffffff]
[    0.011026]   DMA32    [mem 0x0000000001000000-0x00000000ffffffff]
[    0.011027]   Normal   [mem 0x0000000100000000-0x000000040f33ffff]
[    0.011028]   Device   empty
[    0.011029] Movable zone start for each node
[    0.011029] Early memory node ranges
[    0.011030]   node   0: [mem 0x0000000000001000-0x000000000009efff]
[    0.011031]   node   0: [mem 0x0000000000100000-0x0000000009afffff]
[    0.011031]   node   0: [mem 0x0000000009e00000-0x0000000009efffff]
[    0.011032]   node   0: [mem 0x0000000009f10000-0x00000000bab68fff]
[    0.011033]   node   0: [mem 0x00000000bbd69000-0x00000000c9f7efff]
[    0.011033]   node   0: [mem 0x00000000cdfff000-0x00000000cdffffff]
[    0.011034]   node   0: [mem 0x0000000100000000-0x000000040f33ffff]
[    0.011036] Initmem setup node 0 [mem 0x0000000000001000-0x000000040f33ffff]
[    0.011039] On node 0, zone DMA: 1 pages in unavailable ranges
[    0.011056] On node 0, zone DMA: 97 pages in unavailable ranges
[    0.011202] On node 0, zone DMA32: 768 pages in unavailable ranges
[    0.016409] On node 0, zone DMA32: 16 pages in unavailable ranges
[    0.016884] On node 0, zone DMA32: 4608 pages in unavailable ranges
[    0.017031] On node 0, zone DMA32: 16512 pages in unavailable ranges
[    0.040516] On node 0, zone Normal: 8192 pages in unavailable ranges
[    0.040553] On node 0, zone Normal: 3264 pages in unavailable ranges
[    0.040702] ACPI: PM-Timer IO Port: 0x408
[    0.040709] ACPI: LAPIC_NMI (acpi_id[0x00] high edge lint[0x1])
[    0.040711] ACPI: LAPIC_NMI (acpi_id[0x01] high edge lint[0x1])
[    0.040711] ACPI: LAPIC_NMI (acpi_id[0x02] high edge lint[0x1])
[    0.040712] ACPI: LAPIC_NMI (acpi_id[0x03] high edge lint[0x1])
[    0.040713] ACPI: LAPIC_NMI (acpi_id[0x04] high edge lint[0x1])
[    0.040713] ACPI: LAPIC_NMI (acpi_id[0x05] high edge lint[0x1])
[    0.040714] ACPI: LAPIC_NMI (acpi_id[0x06] high edge lint[0x1])
[    0.040714] ACPI: LAPIC_NMI (acpi_id[0x07] high edge lint[0x1])
[    0.040715] ACPI: LAPIC_NMI (acpi_id[0x08] high edge lint[0x1])
[    0.040715] ACPI: LAPIC_NMI (acpi_id[0x09] high edge lint[0x1])
[    0.040716] ACPI: LAPIC_NMI (acpi_id[0x0a] high edge lint[0x1])
[    0.040716] ACPI: LAPIC_NMI (acpi_id[0x0b] high edge lint[0x1])
[    0.040717] ACPI: LAPIC_NMI (acpi_id[0x0c] high edge lint[0x1])
[    0.040718] ACPI: LAPIC_NMI (acpi_id[0x0d] high edge lint[0x1])
[    0.040718] ACPI: LAPIC_NMI (acpi_id[0x0e] high edge lint[0x1])
[    0.040719] ACPI: LAPIC_NMI (acpi_id[0x0f] high edge lint[0x1])
[    0.040732] IOAPIC[0]: apic_id 33, version 33, address 0xfec00000, GSI 0-23
[    0.040737] IOAPIC[1]: apic_id 34, version 33, address 0xfec01000, GSI 24-55
[    0.040738] ACPI: INT_SRC_OVR (bus 0 bus_irq 0 global_irq 2 dfl dfl)
[    0.040740] ACPI: INT_SRC_OVR (bus 0 bus_irq 9 global_irq 9 low level)
[    0.040743] ACPI: Using ACPI (MADT) for SMP configuration information
[    0.040744] ACPI: HPET id: 0x10228210 base: 0xfed00000
[    0.040752] e820: update [mem 0xb3621000-0xb3626fff] usable ==> reserved
[    0.040762] smpboot: Allowing 16 CPUs, 10 hotplug CPUs
[    0.040786] PM: hibernation: Registered nosave memory: [mem 0x00000000-0x00000fff]
[    0.040788] PM: hibernation: Registered nosave memory: [mem 0x0009f000-0x000bffff]
[    0.040789] PM: hibernation: Registered nosave memory: [mem 0x000c0000-0x000fffff]
[    0.040790] PM: hibernation: Registered nosave memory: [mem 0x09b00000-0x09dfffff]
[    0.040792] PM: hibernation: Registered nosave memory: [mem 0x09f00000-0x09f0ffff]
[    0.040793] PM: hibernation: Registered nosave memory: [mem 0xb3621000-0xb3626fff]
[    0.040795] PM: hibernation: Registered nosave memory: [mem 0xbab69000-0xbbd68fff]
[    0.040796] PM: hibernation: Registered nosave memory: [mem 0xc9f7f000-0xcaf7efff]
[    0.040797] PM: hibernation: Registered nosave memory: [mem 0xcaf7f000-0xccf7efff]
[    0.040797] PM: hibernation: Registered nosave memory: [mem 0xccf7f000-0xcdf7efff]
[    0.040798] PM: hibernation: Registered nosave memory: [mem 0xcdf7f000-0xcdffefff]
[    0.040799] PM: hibernation: Registered nosave memory: [mem 0xce000000-0xceffffff]
[    0.040800] PM: hibernation: Registered nosave memory: [mem 0xcf000000-0xf7ffffff]
[    0.040800] PM: hibernation: Registered nosave memory: [mem 0xf8000000-0xfbffffff]
[    0.040801] PM: hibernation: Registered nosave memory: [mem 0xfc000000-0xfddfffff]
[    0.040801] PM: hibernation: Registered nosave memory: [mem 0xfde00000-0xfdefffff]
[    0.040802] PM: hibernation: Registered nosave memory: [mem 0xfdf00000-0xfebfffff]
[    0.040802] PM: hibernation: Registered nosave memory: [mem 0xfec00000-0xfec00fff]
[    0.040803] PM: hibernation: Registered nosave memory: [mem 0xfec01000-0xfec0ffff]
[    0.040803] PM: hibernation: Registered nosave memory: [mem 0xfec10000-0xfec10fff]
[    0.040804] PM: hibernation: Registered nosave memory: [mem 0xfec11000-0xfec1ffff]
[    0.040804] PM: hibernation: Registered nosave memory: [mem 0xfec20000-0xfec20fff]
[    0.040805] PM: hibernation: Registered nosave memory: [mem 0xfec21000-0xfed7ffff]
[    0.040805] PM: hibernation: Registered nosave memory: [mem 0xfed80000-0xfed80fff]
[    0.040806] PM: hibernation: Registered nosave memory: [mem 0xfed81000-0xfedfffff]
[    0.040806] PM: hibernation: Registered nosave memory: [mem 0xfee00000-0xfee00fff]
[    0.040807] PM: hibernation: Registered nosave memory: [mem 0xfee01000-0xfeffffff]
[    0.040807] PM: hibernation: Registered nosave memory: [mem 0xff000000-0xfff2ffff]
[    0.040808] PM: hibernation: Registered nosave memory: [mem 0xfff30000-0xffffffff]
[    0.040809] [mem 0xcf000000-0xf7ffffff] available for PCI devices
[    0.040810] Booting paravirtualized kernel on bare hardware
[    0.040813] clocksource: refined-jiffies: mask: 0xffffffff max_cycles: 0xffffffff, max_idle_ns: 6370452778343963 ns
[    0.044490] setup_percpu: NR_CPUS:320 nr_cpumask_bits:320 nr_cpu_ids:16 nr_node_ids:1
[    0.045108] percpu: Embedded 61 pages/cpu s212992 r8192 d28672 u262144
[    0.045117] pcpu-alloc: s212992 r8192 d28672 u262144 alloc=1*2097152
[    0.045119] pcpu-alloc: [0] 00 01 02 03 04 05 06 07 [0] 08 09 10 11 12 13 14 15 
[    0.045145] Fallback order for Node 0: 0 
[    0.045148] Built 1 zonelists, mobility grouping on.  Total pages: 3966649
[    0.045149] Policy zone: Normal
[    0.045150] Kernel command line: BOOT_IMAGE=/boot/vmlinuz-linux root=UUID=4a1e3b32-c022-4157-be6c-5f37d4e06cdf rw quiet resume=UUID=d8ba5b72-ed10-49e7-94e8-1b4f0c08b046 loglevel=3 audit=1 lsm=landlock,lockdown,yama,apparmor,bpf l1tf=full,force mds=full,nosmt mitigations=auto,nosmt nosmt=force pcie_aspm=force init_on_alloc=1 init_on_free=1 randomize_kstack_offset=on slab_nomerge pti=on slub_debug=ZF slub_debug=P page_poison=1 mem_encrypt=on vsyscall=nonei amd_iommu=force_isolation amdgpu.gpu_recovery=1 amdgpu.virtual_display=NULL amdgpu.audio=0 amdgpu.lbpw=1 amdgpu.tmz=1 amdgpu.freesync_video=1 fsck.mode=force fsck.repair=yes efi=disable_early_pci_dma
[    0.045201] audit: enabled (after initialization)
[    0.045241] PCIe ASPM is forcibly enabled
[    0.045298] mem auto-init: SLAB_POISON will take precedence over init_on_alloc/init_on_free
[    0.045394] Unknown kernel command line parameters "BOOT_IMAGE=/boot/vmlinuz-linux pti=on mem_encrypt=on", will be passed to user space.
[    0.047222] Dentry cache hash table entries: 2097152 (order: 12, 16777216 bytes, linear)
[    0.048139] Inode-cache hash table entries: 1048576 (order: 11, 8388608 bytes, linear)
[    0.048194] mem auto-init: CONFIG_PAGE_POISONING is on, will take precedence over init_on_alloc and init_on_free
[    0.048427] mem auto-init: stack:byref_all(zero), heap alloc:off, heap free:off
[    1.654491] Memory: 15562532K/16119096K available (14344K kernel code, 2079K rwdata, 10936K rodata, 1780K init, 3864K bss, 556304K reserved, 0K cma-reserved)
[    1.654497] **********************************************************
[    1.654497] **   NOTICE NOTICE NOTICE NOTICE NOTICE NOTICE NOTICE   **
[    1.654498] **                                                      **
[    1.654498] ** This system shows unhashed kernel memory addresses   **
[    1.654499] ** via the console, logs, and other interfaces. This    **
[    1.654499] ** might reduce the security of your system.            **
[    1.654499] **                                                      **
[    1.654500] ** If you see this message and you are not debugging    **
[    1.654500] ** the kernel, report this immediately to your system   **
[    1.654501] ** administrator!                                       **
[    1.654501] **                                                      **
[    1.654501] **   NOTICE NOTICE NOTICE NOTICE NOTICE NOTICE NOTICE   **
[    1.654502] **********************************************************
[    1.654504] random: get_random_u64 called from __kmem_cache_create+0x2a/0x550 with crng_init=0
[    1.654661] SLUB: HWalign=64, Order=0-3, MinObjects=0, CPUs=16, Nodes=1
[    1.654676] Kernel/User page tables isolation: enabled
[    1.654693] ftrace: allocating 45023 entries in 176 pages
[    1.666248] ftrace: allocated 176 pages with 3 groups
[    1.666344] Dynamic Preempt: full
[    1.666389] rcu: Preemptible hierarchical RCU implementation.
[    1.666390] rcu: 	RCU dyntick-idle grace-period acceleration is enabled.
[    1.666390] rcu: 	RCU restricting CPUs from NR_CPUS=320 to nr_cpu_ids=16.
[    1.666391] rcu: 	RCU priority boosting: priority 1 delay 500 ms.
[    1.666392] 	Trampoline variant of Tasks RCU enabled.
[    1.666392] 	Rude variant of Tasks RCU enabled.
[    1.666393] 	Tracing variant of Tasks RCU enabled.
[    1.666393] rcu: RCU calculated value of scheduler-enlistment delay is 30 jiffies.
[    1.666394] rcu: Adjusting geometry for rcu_fanout_leaf=16, nr_cpu_ids=16
[    1.669741] NR_IRQS: 20736, nr_irqs: 1096, preallocated irqs: 16
[    1.669993] kfence: initialized - using 2097152 bytes for 255 objects at 0xffff984dbda00000-0xffff984dbdc00000
[    1.670160] Console: colour dummy device 80x25
[    1.670172] printk: console [tty0] enabled
[    1.670191] ACPI: Core revision 20210930
[    1.670409] clocksource: hpet: mask: 0xffffffff max_cycles: 0xffffffff, max_idle_ns: 133484873504 ns
[    1.670428] APIC: Switch to symmetric I/O mode setup
[    1.671179] AMD-Vi: ivrs, add hid:AMDI0020, uid:\_SB.FUR0, rdevid:160
[    1.671180] AMD-Vi: ivrs, add hid:AMDI0020, uid:\_SB.FUR1, rdevid:160
[    1.671181] AMD-Vi: ivrs, add hid:AMDI0020, uid:\_SB.FUR2, rdevid:160
[    1.671182] AMD-Vi: ivrs, add hid:AMDI0020, uid:\_SB.FUR3, rdevid:160
[    1.671484] Switched APIC routing to physical flat.
[    1.672238] ..TIMER: vector=0x30 apic1=0 pin1=2 apic2=-1 pin2=-1
[    1.687102] clocksource: tsc-early: mask: 0xffffffffffffffff max_cycles: 0x222aeaa622e, max_idle_ns: 440795263906 ns
[    1.687110] Calibrating delay loop (skipped), value calculated using timer frequency.. 4742.29 BogoMIPS (lpj=7901266)
[    1.687113] pid_max: default: 32768 minimum: 301
[    1.710485] LSM: Security Framework initializing
[    1.710501] landlock: Up and running.
[    1.710503] Yama: becoming mindful.
[    1.710534] AppArmor: AppArmor initialized
[    1.710537] LSM support for eBPF active
[    1.710576] Mount-cache hash table entries: 32768 (order: 6, 262144 bytes, linear)
[    1.710604] Mountpoint-cache hash table entries: 32768 (order: 6, 262144 bytes, linear)
[    1.710853] x86/cpu: User Mode Instruction Prevention (UMIP) activated
[    1.710889] LVT offset 1 assigned for vector 0xf9
[    1.710949] LVT offset 2 assigned for vector 0xf4
[    1.710966] Last level iTLB entries: 4KB 1024, 2MB 1024, 4MB 512
[    1.710966] Last level dTLB entries: 4KB 2048, 2MB 2048, 4MB 1024, 1GB 0
[    1.710971] Spectre V1 : Mitigation: usercopy/swapgs barriers and __user pointer sanitization
[    1.710974] Spectre V2 : Mitigation: Full AMD retpoline
[    1.710974] Spectre V2 : Spectre v2 / SpectreRSB mitigation: Filling RSB on context switch
[    1.710975] Spectre V2 : Enabling Restricted Speculation for firmware calls
[    1.710977] Spectre V2 : mitigation: Enabling conditional Indirect Branch Prediction Barrier
[    1.710979] Speculative Store Bypass: Mitigation: Speculative Store Bypass disabled via prctl
[    1.715242] Freeing SMP alternatives memory: 36K
[    1.825264] smpboot: CPU0: AMD Ryzen 5 4500U with Radeon Graphics (family: 0x17, model: 0x60, stepping: 0x1)
[    1.825430] Performance Events: Fam17h+ core perfctr, AMD PMU driver.
[    1.825434] ... version:                0
[    1.825435] ... bit width:              48
[    1.825435] ... generic registers:      6
[    1.825436] ... value mask:             0000ffffffffffff
[    1.825436] ... max period:             00007fffffffffff
[    1.825437] ... fixed-purpose events:   0
[    1.825438] ... event mask:             000000000000003f
[    1.825503] rcu: Hierarchical SRCU implementation.
[    1.826021] NMI watchdog: Enabled. Permanently consumes one hw-PMU counter.
[    1.826237] smp: Bringing up secondary CPUs ...
[    1.826365] x86: Booting SMP configuration:
[    1.826367] .... node  #0, CPUs:        #1  #2  #3
[    1.829540] TSC synchronization [CPU#0 -> CPU#3]:
[    1.829542] Measured 3563 cycles TSC warp between CPUs, turning off TSC clock.
[    1.829543] tsc: Marking TSC unstable due to check_tsc_sync_source failed
[    1.830570]   #4  #5
[    1.830840] smp: Brought up 1 node, 6 CPUs
[    1.830840] smpboot: Max logical packages: 3
[    1.830840] smpboot: Total of 6 processors activated (28455.74 BogoMIPS)
[    1.834432] devtmpfs: initialized
[    1.834432] x86/mm: Memory block size: 128MB
[    1.834915] ACPI: PM: Registering ACPI NVS region [mem 0x09f00000-0x09f0ffff] (65536 bytes)
[    1.834915] ACPI: PM: Registering ACPI NVS region [mem 0xccf7f000-0xcdf7efff] (16777216 bytes)
[    1.834915] clocksource: jiffies: mask: 0xffffffff max_cycles: 0xffffffff, max_idle_ns: 6370867519511994 ns
[    1.834915] futex hash table entries: 4096 (order: 6, 262144 bytes, linear)
[    1.834915] pinctrl core: initialized pinctrl subsystem
[    1.834915] PM: RTC time: 16:55:57, date: 2022-03-04
[    1.837694] NET: Registered PF_NETLINK/PF_ROUTE protocol family
[    1.838052] DMA: preallocated 2048 KiB GFP_KERNEL pool for atomic allocations
[    1.838274] DMA: preallocated 2048 KiB GFP_KERNEL|GFP_DMA pool for atomic allocations
[    1.838431] DMA: preallocated 2048 KiB GFP_KERNEL|GFP_DMA32 pool for atomic allocations
[    1.838452] audit: initializing netlink subsys (enabled)
[    1.838473] audit: type=2000 audit(1646412956.166:1): state=initialized audit_enabled=1 res=1
[    1.838473] thermal_sys: Registered thermal governor 'fair_share'
[    1.838473] thermal_sys: Registered thermal governor 'bang_bang'
[    1.838473] thermal_sys: Registered thermal governor 'step_wise'
[    1.838473] thermal_sys: Registered thermal governor 'user_space'
[    1.838473] thermal_sys: Registered thermal governor 'power_allocator'
[    1.838473] cpuidle: using governor ladder
[    1.838473] cpuidle: using governor menu
[    1.838473] Simple Boot Flag at 0x44 set to 0x1
[    1.838473] HugeTLB: can free 4094 vmemmap pages for hugepages-1048576kB
[    1.838473] acpiphp: ACPI Hot Plug PCI Controller Driver version: 0.5
[    1.838473] PCI: MMCONFIG for domain 0000 [bus 00-3f] at [mem 0xf8000000-0xfbffffff] (base 0xf8000000)
[    1.838473] PCI: MMCONFIG at [mem 0xf8000000-0xfbffffff] reserved in E820
[    1.838473] PCI: Using configuration type 1 for base access
[    1.840938] kprobes: kprobe jump-optimization is enabled. All kprobes are optimized if possible.
[    1.841020] HugeTLB: can free 6 vmemmap pages for hugepages-2048kB
[    1.841020] HugeTLB registered 1.00 GiB page size, pre-allocated 0 pages
[    1.841020] HugeTLB registered 2.00 MiB page size, pre-allocated 0 pages
[    1.841020] ACPI: Added _OSI(Module Device)
[    1.841020] ACPI: Added _OSI(Processor Device)
[    1.841020] ACPI: Added _OSI(3.0 _SCP Extensions)
[    1.841020] ACPI: Added _OSI(Processor Aggregator Device)
[    1.841020] ACPI: Added _OSI(Linux-Dell-Video)
[    1.841020] ACPI: Added _OSI(Linux-Lenovo-NV-HDMI-Audio)
[    1.841020] ACPI: Added _OSI(Linux-HPI-Hybrid-Graphics)
[    1.858760] ACPI: 18 ACPI AML tables successfully acquired and loaded
[    1.860365] ACPI: [Firmware Bug]: BIOS _OSI(Linux) query ignored
[    1.863464] ACPI: EC: EC started
[    1.863465] ACPI: EC: interrupt blocked
[    1.865560] ACPI: EC: EC_CMD/EC_SC=0x66, EC_DATA=0x62
[    1.865562] ACPI: \_SB_.PCI0.LPC0.EC0_: Boot DSDT EC used to handle transactions
[    1.865563] ACPI: Interpreter enabled
[    1.865578] ACPI: PM: (supports S0 S4 S5)
[    1.865579] ACPI: Using IOAPIC for interrupt routing
[    1.865786] PCI: Using host bridge windows from ACPI; if necessary, use "pci=nocrs" and report a bug
[    1.868920] ACPI: PM: Power Resource [P0U0]
[    1.869053] ACPI: PM: Power Resource [P3U0]
[    1.869799] ACPI: PM: Power Resource [P0U1]
[    1.869932] ACPI: PM: Power Resource [P3U1]
[    1.870578] ACPI: PM: Power Resource [P0S0]
[    1.870615] ACPI: PM: Power Resource [P3S0]
[    1.870770] ACPI: PM: Power Resource [P0S1]
[    1.870807] ACPI: PM: Power Resource [P3S1]
[    1.876743] ACPI: PCI Root Bridge [PCI0] (domain 0000 [bus 00-ff])
[    1.876749] acpi PNP0A08:00: _OSC: OS supports [ExtendedConfig ASPM ClockPM Segments MSI EDR HPX-Type3]
[    1.876869] acpi PNP0A08:00: _OSC: platform does not support [SHPCHotplug LTR DPC]
[    1.877089] acpi PNP0A08:00: _OSC: OS now controls [PCIeHotplug PME AER PCIeCapability]
[    1.877099] acpi PNP0A08:00: [Firmware Info]: MMCONFIG for domain 0000 [bus 00-3f] only partially covers this bridge
[    1.877452] PCI host bridge to bus 0000:00
[    1.877453] pci_bus 0000:00: root bus resource [io  0x0000-0x0cf7 window]
[    1.877455] pci_bus 0000:00: root bus resource [io  0x0d00-0xffff window]
[    1.877456] pci_bus 0000:00: root bus resource [mem 0x000a0000-0x000bffff window]
[    1.877457] pci_bus 0000:00: root bus resource [mem 0x000c0000-0x000cffff window]
[    1.877458] pci_bus 0000:00: root bus resource [mem 0x000d0000-0x000effff window]
[    1.877459] pci_bus 0000:00: root bus resource [mem 0xd0000000-0xf7ffffff window]
[    1.877460] pci_bus 0000:00: root bus resource [mem 0xfc000000-0xfed3ffff window]
[    1.877461] pci_bus 0000:00: root bus resource [mem 0x450200000-0xfcffffffff window]
[    1.877462] pci_bus 0000:00: root bus resource [bus 00-ff]
[    1.877475] pci 0000:00:00.0: [1022:1630] type 00 class 0x060000
[    1.877536] pci 0000:00:00.2: [1022:1631] type 00 class 0x080600
[    1.877605] pci 0000:00:01.0: [1022:1632] type 00 class 0x060000
[    1.877655] pci 0000:00:02.0: [1022:1632] type 00 class 0x060000
[    1.877711] pci 0000:00:08.0: [1022:1632] type 00 class 0x060000
[    1.877758] pci 0000:00:08.1: [1022:1635] type 01 class 0x060400
[    1.877777] pci 0000:00:08.1: enabling Extended Tags
[    1.877806] pci 0000:00:08.1: PME# supported from D0 D3hot D3cold
[    1.877907] pci 0000:00:08.2: [1022:1635] type 01 class 0x060400
[    1.877926] pci 0000:00:08.2: enabling Extended Tags
[    1.877954] pci 0000:00:08.2: PME# supported from D0 D3hot D3cold
[    1.878051] pci 0000:00:14.0: [1022:790b] type 00 class 0x0c0500
[    1.878174] pci 0000:00:14.3: [1022:790e] type 00 class 0x060100
[    1.878302] pci 0000:00:18.0: [1022:1448] type 00 class 0x060000
[    1.878333] pci 0000:00:18.1: [1022:1449] type 00 class 0x060000
[    1.878361] pci 0000:00:18.2: [1022:144a] type 00 class 0x060000
[    1.878388] pci 0000:00:18.3: [1022:144b] type 00 class 0x060000
[    1.878417] pci 0000:00:18.4: [1022:144c] type 00 class 0x060000
[    1.878447] pci 0000:00:18.5: [1022:144d] type 00 class 0x060000
[    1.878475] pci 0000:00:18.6: [1022:144e] type 00 class 0x060000
[    1.878502] pci 0000:00:18.7: [1022:144f] type 00 class 0x060000
[    1.878623] pci 0000:01:00.0: [1002:1636] type 00 class 0x030000
[    1.878633] pci 0000:01:00.0: reg 0x10: [mem 0xfce0000000-0xfcefffffff 64bit pref]
[    1.878640] pci 0000:01:00.0: reg 0x18: [mem 0xfcf0000000-0xfcf01fffff 64bit pref]
[    1.878645] pci 0000:01:00.0: reg 0x20: [io  0x1000-0x10ff]
[    1.878650] pci 0000:01:00.0: reg 0x24: [mem 0xd0400000-0xd047ffff]
[    1.878658] pci 0000:01:00.0: enabling Extended Tags
[    1.878669] pci 0000:01:00.0: BAR 0: assigned to efifb
[    1.878705] pci 0000:01:00.0: PME# supported from D1 D2 D3hot D3cold
[    1.878802] pci 0000:01:00.1: [1002:1637] type 00 class 0x040300
[    1.878809] pci 0000:01:00.1: reg 0x10: [mem 0xd04c8000-0xd04cbfff]
[    1.878829] pci 0000:01:00.1: enabling Extended Tags
[    1.878856] pci 0000:01:00.1: PME# supported from D1 D2 D3hot D3cold
[    1.878921] pci 0000:01:00.2: [1022:15df] type 00 class 0x108000
[    1.878933] pci 0000:01:00.2: reg 0x18: [mem 0xd0300000-0xd03fffff]
[    1.878941] pci 0000:01:00.2: reg 0x24: [mem 0xd04cc000-0xd04cdfff]
[    1.878948] pci 0000:01:00.2: enabling Extended Tags
[    1.879039] pci 0000:01:00.3: [1022:1639] type 00 class 0x0c0330
[    1.879049] pci 0000:01:00.3: reg 0x10: [mem 0xd0100000-0xd01fffff 64bit]
[    1.879071] pci 0000:01:00.3: enabling Extended Tags
[    1.879100] pci 0000:01:00.3: PME# supported from D0 D3hot D3cold
[    1.879170] pci 0000:01:00.4: [1022:1639] type 00 class 0x0c0330
[    1.879179] pci 0000:01:00.4: reg 0x10: [mem 0xd0200000-0xd02fffff 64bit]
[    1.879201] pci 0000:01:00.4: enabling Extended Tags
[    1.879230] pci 0000:01:00.4: PME# supported from D0 D3hot D3cold
[    1.879302] pci 0000:01:00.5: [1022:15e2] type 00 class 0x048000
[    1.879308] pci 0000:01:00.5: reg 0x10: [mem 0xd0480000-0xd04bffff]
[    1.879328] pci 0000:01:00.5: enabling Extended Tags
[    1.879355] pci 0000:01:00.5: PME# supported from D0 D3hot D3cold
[    1.879424] pci 0000:01:00.6: [1022:15e3] type 00 class 0x040300
[    1.879430] pci 0000:01:00.6: reg 0x10: [mem 0xd04c0000-0xd04c7fff]
[    1.879450] pci 0000:01:00.6: enabling Extended Tags
[    1.879477] pci 0000:01:00.6: PME# supported from D0 D3hot D3cold
[    1.879561] pci 0000:00:08.1: PCI bridge to [bus 01]
[    1.879564] pci 0000:00:08.1:   bridge window [io  0x1000-0x1fff]
[    1.879565] pci 0000:00:08.1:   bridge window [mem 0xd0100000-0xd04fffff]
[    1.879568] pci 0000:00:08.1:   bridge window [mem 0xfce0000000-0xfcf01fffff 64bit pref]
[    1.879619] pci 0000:02:00.0: [1022:7901] type 00 class 0x010601
[    1.879645] pci 0000:02:00.0: reg 0x24: [mem 0xd0001000-0xd00017ff]
[    1.879652] pci 0000:02:00.0: enabling Extended Tags
[    1.879766] pci 0000:02:00.1: [1022:7901] type 00 class 0x010601
[    1.879792] pci 0000:02:00.1: reg 0x24: [mem 0xd0000000-0xd00007ff]
[    1.879800] pci 0000:02:00.1: enabling Extended Tags
[    1.879897] pci 0000:00:08.2: PCI bridge to [bus 02]
[    1.879901] pci 0000:00:08.2:   bridge window [mem 0xd0000000-0xd00fffff]
[    1.881615] ACPI: PCI: Interrupt link LNKA configured for IRQ 0
[    1.881617] ACPI: PCI: Interrupt link LNKA disabled
[    1.881707] ACPI: PCI: Interrupt link LNKB configured for IRQ 0
[    1.881708] ACPI: PCI: Interrupt link LNKB disabled
[    1.881780] ACPI: PCI: Interrupt link LNKC configured for IRQ 0
[    1.881781] ACPI: PCI: Interrupt link LNKC disabled
[    1.881870] ACPI: PCI: Interrupt link LNKD configured for IRQ 0
[    1.881871] ACPI: PCI: Interrupt link LNKD disabled
[    1.881954] ACPI: PCI: Interrupt link LNKE configured for IRQ 0
[    1.881955] ACPI: PCI: Interrupt link LNKE disabled
[    1.882021] ACPI: PCI: Interrupt link LNKF configured for IRQ 0
[    1.882022] ACPI: PCI: Interrupt link LNKF disabled
[    1.882088] ACPI: PCI: Interrupt link LNKG configured for IRQ 0
[    1.882089] ACPI: PCI: Interrupt link LNKG disabled
[    1.882155] ACPI: PCI: Interrupt link LNKH configured for IRQ 0
[    1.882155] ACPI: PCI: Interrupt link LNKH disabled
[    1.884187] ACPI: EC: interrupt unblocked
[    1.884188] ACPI: EC: event unblocked
[    1.884193] ACPI: EC: EC_CMD/EC_SC=0x66, EC_DATA=0x62
[    1.884194] ACPI: EC: GPE=0x3
[    1.884195] ACPI: \_SB_.PCI0.LPC0.EC0_: Boot DSDT EC initialization complete
[    1.884196] ACPI: \_SB_.PCI0.LPC0.EC0_: EC: Used to handle transactions and events
[    1.884222] iommu: Default domain type: Translated 
[    1.884222] iommu: DMA domain TLB invalidation policy: lazy mode 
[    1.884222] pci 0000:01:00.0: vgaarb: VGA device added: decodes=io+mem,owns=none,locks=none
[    1.884222] pci 0000:01:00.0: vgaarb: bridge control possible
[    1.884222] pci 0000:01:00.0: vgaarb: setting as boot device
[    1.884222] vgaarb: loaded
[    1.884222] SCSI subsystem initialized
[    1.884222] libata version 3.00 loaded.
[    1.884222] ACPI: bus type USB registered
[    1.884222] usbcore: registered new interface driver usbfs
[    1.884222] usbcore: registered new interface driver hub
[    1.884222] usbcore: registered new device driver usb
[    1.887353] pps_core: LinuxPPS API ver. 1 registered
[    1.887354] pps_core: Software ver. 5.3.6 - Copyright 2005-2007 Rodolfo Giometti <giometti@linux.it>
[    1.887357] PTP clock support registered
[    1.887364] EDAC MC: Ver: 3.0.0
[    1.887412] Registered efivars operations
[    1.887412] NetLabel: Initializing
[    1.887412] NetLabel:  domain hash size = 128
[    1.887412] NetLabel:  protocols = UNLABELED CIPSOv4 CALIPSO
[    1.887412] NetLabel:  unlabeled traffic allowed by default
[    1.887412] mctp: management component transport protocol core
[    1.887412] NET: Registered PF_MCTP protocol family
[    1.887412] PCI: Using ACPI for IRQ routing
[    1.887412] audit: type=1409 audit(1646412956.216:2): netlabel: auid=0 ses=0 subj==unconfined nlbl_domain=(default) nlbl_protocol=unlbl res=1
[    1.887412] audit: type=1406 audit(1646412956.216:3): netlabel: auid=0 ses=0 subj==unconfined unlbl_accept=1 old=0
[    1.889357] PCI: pci_cache_line_size set to 64 bytes
[    1.889390] e820: reserve RAM buffer [mem 0x0009f000-0x0009ffff]
[    1.889391] e820: reserve RAM buffer [mem 0x09b00000-0x0bffffff]
[    1.889392] e820: reserve RAM buffer [mem 0x09f00000-0x0bffffff]
[    1.889393] e820: reserve RAM buffer [mem 0xb3621000-0xb3ffffff]
[    1.889394] e820: reserve RAM buffer [mem 0xbab69000-0xbbffffff]
[    1.889395] e820: reserve RAM buffer [mem 0xc9f7f000-0xcbffffff]
[    1.889396] e820: reserve RAM buffer [mem 0xce000000-0xcfffffff]
[    1.889397] e820: reserve RAM buffer [mem 0x40f340000-0x40fffffff]
[    1.889402] hpet0: at MMIO 0xfed00000, IRQs 2, 8, 0
[    1.889402] hpet0: 3 comparators, 32-bit 14.318180 MHz counter
[    1.891877] clocksource: Switched to clocksource hpet
[    1.900259] VFS: Disk quotas dquot_6.6.0
[    1.900278] VFS: Dquot-cache hash table entries: 512 (order 0, 4096 bytes)
[    1.900419] AppArmor: AppArmor Filesystem Enabled
[    1.900483] pnp: PnP ACPI init
[    1.900696] audit: type=1400 audit(1646412956.219:4): apparmor="STATUS" info="AppArmor Filesystem Enabled" pid=1 comm="swapper/0"
[    1.900756] system 00:00: [mem 0xfec00000-0xfec01fff] could not be reserved
[    1.900760] system 00:00: [mem 0xfee00000-0xfee00fff] has been reserved
[    1.900762] system 00:00: [mem 0xfde00000-0xfdefffff] has been reserved
[    1.900987] system 00:03: [io  0x0400-0x04cf] has been reserved
[    1.900989] system 00:03: [io  0x04d0-0x04d1] has been reserved
[    1.900991] system 00:03: [io  0x04d6] has been reserved
[    1.900992] system 00:03: [io  0x0c00-0x0c01] has been reserved
[    1.900993] system 00:03: [io  0x0c14] has been reserved
[    1.900994] system 00:03: [io  0x0c50-0x0c52] has been reserved
[    1.900995] system 00:03: [io  0x0c6c] has been reserved
[    1.900996] system 00:03: [io  0x0c6f] has been reserved
[    1.900997] system 00:03: [io  0x0cd0-0x0cdb] has been reserved
[    1.901066] system 00:04: [mem 0x000e0000-0x000fffff] could not be reserved
[    1.901068] system 00:04: [mem 0xff000000-0xffffffff] could not be reserved
[    1.902479] pnp: PnP ACPI: found 5 devices
[    1.911211] clocksource: acpi_pm: mask: 0xffffff max_cycles: 0xffffff, max_idle_ns: 2085701024 ns
[    1.911369] NET: Registered PF_INET protocol family
[    1.911933] IP idents hash table entries: 262144 (order: 9, 2097152 bytes, linear)
[    1.913138] tcp_listen_portaddr_hash hash table entries: 8192 (order: 5, 131072 bytes, linear)
[    1.913257] TCP established hash table entries: 131072 (order: 8, 1048576 bytes, linear)
[    1.913645] TCP bind hash table entries: 65536 (order: 8, 1048576 bytes, linear)
[    1.913714] TCP: Hash tables configured (established 131072 bind 65536)
[    1.913883] MPTCP token hash table entries: 16384 (order: 6, 393216 bytes, linear)
[    1.913939] UDP hash table entries: 8192 (order: 6, 262144 bytes, linear)
[    1.913991] UDP-Lite hash table entries: 8192 (order: 6, 262144 bytes, linear)
[    1.914072] NET: Registered PF_UNIX/PF_LOCAL protocol family
[    1.914077] NET: Registered PF_XDP protocol family
[    1.914091] pci 0000:00:08.1: PCI bridge to [bus 01]
[    1.914094] pci 0000:00:08.1:   bridge window [io  0x1000-0x1fff]
[    1.914098] pci 0000:00:08.1:   bridge window [mem 0xd0100000-0xd04fffff]
[    1.914100] pci 0000:00:08.1:   bridge window [mem 0xfce0000000-0xfcf01fffff 64bit pref]
[    1.914104] pci 0000:00:08.2: PCI bridge to [bus 02]
[    1.914106] pci 0000:00:08.2:   bridge window [mem 0xd0000000-0xd00fffff]
[    1.914112] pci_bus 0000:00: resource 4 [io  0x0000-0x0cf7 window]
[    1.914113] pci_bus 0000:00: resource 5 [io  0x0d00-0xffff window]
[    1.914114] pci_bus 0000:00: resource 6 [mem 0x000a0000-0x000bffff window]
[    1.914115] pci_bus 0000:00: resource 7 [mem 0x000c0000-0x000cffff window]
[    1.914116] pci_bus 0000:00: resource 8 [mem 0x000d0000-0x000effff window]
[    1.914117] pci_bus 0000:00: resource 9 [mem 0xd0000000-0xf7ffffff window]
[    1.914118] pci_bus 0000:00: resource 10 [mem 0xfc000000-0xfed3ffff window]
[    1.914119] pci_bus 0000:00: resource 11 [mem 0x450200000-0xfcffffffff window]
[    1.914121] pci_bus 0000:01: resource 0 [io  0x1000-0x1fff]
[    1.914121] pci_bus 0000:01: resource 1 [mem 0xd0100000-0xd04fffff]
[    1.914122] pci_bus 0000:01: resource 2 [mem 0xfce0000000-0xfcf01fffff 64bit pref]
[    1.914124] pci_bus 0000:02: resource 1 [mem 0xd0000000-0xd00fffff]
[    1.914271] pci 0000:01:00.1: D0 power state depends on 0000:01:00.0
[    1.914307] pci 0000:01:00.3: extending delay after power-on from D3hot to 20 msec
[    1.915676] pci 0000:01:00.4: extending delay after power-on from D3hot to 20 msec
[    1.926916] pci 0000:01:00.4: quirk_usb_early_handoff+0x0/0x750 took 10974 usecs
[    1.926929] PCI: CLS 64 bytes, default 64
[    1.926942] pci 0000:00:00.2: AMD-Vi: IOMMU performance counters supported
[    1.927001] Trying to unpack rootfs image as initramfs...
[    1.927002] pci 0000:00:00.2: can't derive routing for PCI INT A
[    1.927003] pci 0000:00:00.2: PCI INT A: not connected
[    1.927021] pci 0000:00:01.0: Adding to iommu group 0
[    1.927034] pci 0000:00:02.0: Adding to iommu group 1
[    1.927049] pci 0000:00:08.0: Adding to iommu group 2
[    1.927056] pci 0000:00:08.1: Adding to iommu group 2
[    1.927063] pci 0000:00:08.2: Adding to iommu group 2
[    1.927076] pci 0000:00:14.0: Adding to iommu group 3
[    1.927083] pci 0000:00:14.3: Adding to iommu group 3
[    1.927122] pci 0000:00:18.0: Adding to iommu group 4
[    1.927130] pci 0000:00:18.1: Adding to iommu group 4
[    1.927137] pci 0000:00:18.2: Adding to iommu group 4
[    1.927145] pci 0000:00:18.3: Adding to iommu group 4
[    1.927152] pci 0000:00:18.4: Adding to iommu group 4
[    1.927160] pci 0000:00:18.5: Adding to iommu group 4
[    1.927167] pci 0000:00:18.6: Adding to iommu group 4
[    1.927176] pci 0000:00:18.7: Adding to iommu group 4
[    1.927182] pci 0000:01:00.0: Adding to iommu group 2
[    1.927186] pci 0000:01:00.1: Adding to iommu group 2
[    1.927191] pci 0000:01:00.2: Adding to iommu group 2
[    1.927196] pci 0000:01:00.3: Adding to iommu group 2
[    1.927201] pci 0000:01:00.4: Adding to iommu group 2
[    1.927206] pci 0000:01:00.5: Adding to iommu group 2
[    1.927213] pci 0000:01:00.6: Adding to iommu group 2
[    1.927220] pci 0000:02:00.0: Adding to iommu group 2
[    1.927225] pci 0000:02:00.1: Adding to iommu group 2
[    1.928707] pci 0000:00:00.2: AMD-Vi: Found IOMMU cap 0x40
[    1.928711] AMD-Vi: Extended features (0x206d73ef22254ade): PPR X2APIC NX GT IA GA PC GA_vAPIC
[    1.928715] AMD-Vi: Interrupt remapping enabled
[    1.928716] AMD-Vi: Virtual APIC enabled
[    1.928716] AMD-Vi: X2APIC enabled
[    1.928886] software IO TLB: tearing down default memory pool
[    1.936732] LVT offset 0 assigned for vector 0x400
[    1.937126] perf: AMD IBS detected (0x000003ff)
[    1.937132] perf/amd_iommu: Detected AMD IOMMU #0 (2 banks, 4 counters/bank).
[    1.938713] Initialise system trusted keyrings
[    1.938731] Key type blacklist registered
[    1.938815] workingset: timestamp_bits=41 max_order=22 bucket_order=0
[    1.940237] zbud: loaded
[    1.943386] Key type asymmetric registered
[    1.943387] Asymmetric key parser 'x509' registered
[    1.943414] Block layer SCSI generic (bsg) driver version 0.4 loaded (major 242)
[    1.943598] io scheduler mq-deadline registered
[    1.943600] io scheduler kyber registered
[    1.943630] io scheduler bfq registered
[    1.944270] pcieport 0000:00:08.1: PME: Signaling with IRQ 26
[    1.944477] pcieport 0000:00:08.2: PME: Signaling with IRQ 27
[    1.944558] shpchp: Standard Hot Plug PCI Controller Driver version: 0.4
[    1.946474] ACPI: AC: AC Adapter [ACAD] (off-line)
[    1.946513] input: Power Button as /devices/LNXSYSTM:00/LNXSYBUS:00/PNP0C0C:00/input/input0
[    1.946536] ACPI: button: Power Button [PWRB]
[    1.946567] input: Lid Switch as /devices/LNXSYSTM:00/LNXSYBUS:00/PNP0A08:00/device:2a/PNP0C09:00/PNP0C0D:00/input/input1
[    1.946580] ACPI: button: Lid Switch [LID0]
[    1.946634] Monitor-Mwait will be used to enter C-1 state
[    1.946649] ACPI: \_SB_.PLTF.C000: Found 3 idle states
[    1.946655] ACPI: FW issue: working around C-state latencies out of order
[    1.946772] ACPI: \_SB_.PLTF.C001: Found 3 idle states
[    1.946778] ACPI: FW issue: working around C-state latencies out of order
[    1.946860] ACPI: \_SB_.PLTF.C002: Found 3 idle states
[    1.946865] ACPI: FW issue: working around C-state latencies out of order
[    1.947033] ACPI: \_SB_.PLTF.C003: Found 3 idle states
[    1.947037] ACPI: FW issue: working around C-state latencies out of order
[    1.947131] ACPI: \_SB_.PLTF.C004: Found 3 idle states
[    1.947135] ACPI: FW issue: working around C-state latencies out of order
[    1.947283] ACPI: \_SB_.PLTF.C005: Found 3 idle states
[    1.947288] ACPI: FW issue: working around C-state latencies out of order
[    1.949147] thermal LNXTHERM:00: registered as thermal_zone0
[    1.949149] ACPI: thermal: Thermal Zone [TZ0] (41 C)
[    1.949296] Serial: 8250/16550 driver, 32 ports, IRQ sharing enabled
[    1.951026] Non-volatile memory driver v1.3
[    1.951027] Linux agpgart interface v0.103
[    1.951083] AMD-Vi: AMD IOMMUv2 loaded and initialized
[    1.951151] ACPI: bus type drm_connector registered
[    1.951834] ahci 0000:02:00.0: version 3.0
[    1.951973] ahci 0000:02:00.0: AHCI 0001.0301 32 slots 1 ports 6 Gbps 0x1 impl SATA mode
[    1.951976] ahci 0000:02:00.0: flags: 64bit ncq sntf ilck pm led clo only pmp fbs pio slum part 
[    1.952168] scsi host0: ahci
[    1.952226] ata1: SATA max UDMA/133 abar m2048@0xd0001000 port 0xd0001100 irq 29
[    1.952349] ahci 0000:02:00.1: AHCI 0001.0301 32 slots 1 ports 6 Gbps 0x1 impl SATA mode
[    1.952351] ahci 0000:02:00.1: flags: 64bit ncq sntf ilck pm led clo only pmp fbs pio slum part deso sadm sds 
[    1.952526] scsi host1: ahci
[    1.952564] ata2: SATA max UDMA/133 abar m2048@0xd0000000 port 0xd0000100 irq 31
[    1.952588] ehci_hcd: USB 2.0 'Enhanced' Host Controller (EHCI) Driver
[    1.952592] ehci-pci: EHCI PCI platform driver
[    1.952599] ohci_hcd: USB 1.1 'Open' Host Controller (OHCI) Driver
[    1.952601] ohci-pci: OHCI PCI platform driver
[    1.952606] uhci_hcd: USB Universal Host Controller Interface driver
[    1.952648] usbcore: registered new interface driver usbserial_generic
[    1.952652] usbserial: USB Serial support registered for generic
[    1.952731] rtc_cmos 00:01: RTC can wake from S4
[    1.952942] rtc_cmos 00:01: registered as rtc0
[    1.952984] rtc_cmos 00:01: setting system clock to 2022-03-04T16:55:57 UTC (1646412957)
[    1.952989] audit: type=1332 audit(1646412957.500:5): sec=1 nsec=217470819
[    1.952996] rtc_cmos 00:01: alarms up to one month, 114 bytes nvram, hpet irqs
[    1.953130] ledtrig-cpu: registered to indicate activity on CPUs
[    1.953318] efifb: probing for efifb
[    1.953325] efifb: framebuffer at 0xfce0000000, using 8128k, total 8128k
[    1.953326] efifb: mode is 1920x1080x32, linelength=7680, pages=1
[    1.953327] efifb: scrolling: redraw
[    1.953327] efifb: Truecolor: size=8:8:8:8, shift=24:16:8:0
[    1.953363] fbcon: Deferring console take-over
[    1.953364] fb0: EFI VGA frame buffer device
[    1.953384] hid: raw HID events driver (C) Jiri Kosina
[    1.953453] drop_monitor: Initializing network drop monitor service
[    1.953497] Initializing XFRM netlink socket
[    1.953591] NET: Registered PF_INET6 protocol family
[    1.967927] ACPI: battery: Slot [BATT] (battery present)
[    2.264251] ata1: SATA link down (SStatus 0 SControl 300)
[    2.311153] Freeing initrd memory: 6132K
[    2.316830] Segment Routing with IPv6
[    2.316831] RPL Segment Routing with IPv6
[    2.316841] In-situ OAM (IOAM) with IPv6
[    2.316861] NET: Registered PF_PACKET protocol family
[    2.318079] microcode: CPU0: patch_level=0x08600106
[    2.318098] microcode: CPU1: patch_level=0x08600106
[    2.318102] microcode: CPU2: patch_level=0x08600106
[    2.318125] microcode: CPU3: patch_level=0x08600106
[    2.318144] microcode: CPU4: patch_level=0x08600106
[    2.318167] microcode: CPU5: patch_level=0x08600106
[    2.318173] microcode: Microcode Update Driver: v2.2.
[    2.318392] resctrl: L3 allocation detected
[    2.318394] resctrl: MB allocation detected
[    2.318395] resctrl: L3 monitoring detected
[    2.318398] IPI shorthand broadcast: enabled
[    2.318602] registered taskstats version 1
[    2.318973] Loading compiled-in X.509 certificates
[    2.322395] Loaded X.509 cert 'Build time autogenerated kernel key: e42b6a7cdcd8c12ecc918f7cf79c7b955068df40'
[    2.323522] zswap: loaded using pool lz4/z3fold
[    2.324001] Key type ._fscrypt registered
[    2.324002] Key type .fscrypt registered
[    2.324003] Key type fscrypt-provisioning registered
[    2.324061] AppArmor: AppArmor sha1 policy hashing enabled
[    2.324078] audit: type=1400 audit(1646412957.869:6): apparmor="STATUS" info="AppArmor sha1 policy hashing enabled" pid=1 comm="swapper/0"
[    2.326539] PM:   Magic number: 14:867:943
[    2.326565] tty tty0: hash matches
[    2.326566] tty console: hash matches
[    2.326728] RAS: Correctable Errors collector initialized.
[    2.420692] ata2: SATA link up 6.0 Gbps (SStatus 133 SControl 300)
[    2.421320] ata2.00: ATA-11: SAMSUNG MZNLH512HALU-00000, RVT2200Q, max UDMA/133
[    2.422349] ata2.00: 1000215216 sectors, multi 16: LBA48 NCQ (depth 32), AA
[    2.424803] ata2.00: Features: Dev-Sleep NCQ-sndrcv
[    2.429305] ata2.00: configured for UDMA/133
[    2.429453] ata2.00: failed to enable DEVSLP
[    2.429459] ata2.00: failed to enable DIPM, Emask 0x40
[    7.950680] ata2: SATA link up 6.0 Gbps (SStatus 133 SControl 300)
[    7.959273] ata2.00: configured for UDMA/133
[    7.959998] scsi 1:0:0:0: Direct-Access     ATA      SAMSUNG MZNLH512 200Q PQ: 0 ANSI: 5
[    7.960956] sd 1:0:0:0: [sda] 1000215216 512-byte logical blocks: (512 GB/477 GiB)
[    7.960977] sd 1:0:0:0: [sda] Write Protect is off
[    7.960984] sd 1:0:0:0: [sda] Mode Sense: 00 3a 00 00
[    7.961048] sd 1:0:0:0: [sda] Write cache: enabled, read cache: enabled, doesn't support DPO or FUA
[    7.993321]  sda: sda1 sda2 sda3 sda4 sda5
[    8.028043] sd 1:0:0:0: [sda] Attached SCSI disk
[    8.028212] Unstable clock detected, switching default tracing clock to "global"
               If you want to keep using the local clock, then add:
                 "trace_clock=local"
               on the kernel command line
[    8.031956] Freeing unused decrypted memory: 2036K
[    8.032365] Freeing unused kernel image (initmem) memory: 1780K
[    8.040779] Write protecting the kernel read-only data: 28672k
[    8.041737] Freeing unused kernel image (text/rodata gap) memory: 2036K
[    8.042223] Freeing unused kernel image (rodata/data gap) memory: 1352K
[    8.082637] x86/mm: Checked W+X mappings: passed, no W+X pages found.
[    8.082644] rodata_test: all tests were successful
[    8.082646] x86/mm: Checking user space page tables
[    8.121215] x86/mm: Checked W+X mappings: passed, no W+X pages found.
[    8.121229] Run /init as init process
[    8.121230]   with arguments:
[    8.121232]     /init
[    8.121233]   with environment:
[    8.121233]     HOME=/
[    8.121234]     TERM=linux
[    8.121235]     BOOT_IMAGE=/boot/vmlinuz-linux
[    8.121236]     pti=on
[    8.121236]     mem_encrypt=on
[    8.153238] fbcon: Taking over console
[    8.153370] Console: switching to colour frame buffer device 240x67
[    8.309401] xhci_hcd 0000:01:00.3: xHCI Host Controller
[    8.309413] xhci_hcd 0000:01:00.3: new USB bus registered, assigned bus number 1
[    8.309545] xhci_hcd 0000:01:00.3: hcc params 0x0268ffe5 hci version 0x110 quirks 0x0000020000000410
[    8.310045] usb usb1: New USB device found, idVendor=1d6b, idProduct=0002, bcdDevice= 5.16
[    8.310048] usb usb1: New USB device strings: Mfr=3, Product=2, SerialNumber=1
[    8.310050] usb usb1: Product: xHCI Host Controller
[    8.310052] usb usb1: Manufacturer: Linux 5.16.12-arch1-1 xhci-hcd
[    8.310053] usb usb1: SerialNumber: 0000:01:00.3
[    8.310099] i8042: PNP: PS/2 Controller [PNP0303:KBC0] at 0x60,0x64 irq 1
[    8.310106] i8042: PNP: PS/2 appears to have AUX port disabled, if this is incorrect please boot with i8042.nopnp
[    8.310322] hub 1-0:1.0: USB hub found
[    8.310335] hub 1-0:1.0: 4 ports detected
[    8.310787] xhci_hcd 0000:01:00.3: xHCI Host Controller
[    8.310792] xhci_hcd 0000:01:00.3: new USB bus registered, assigned bus number 2
[    8.310796] xhci_hcd 0000:01:00.3: Host supports USB 3.1 Enhanced SuperSpeed
[    8.310818] usb usb2: We don't know the algorithms for LPM for this host, disabling LPM.
[    8.310855] usb usb2: New USB device found, idVendor=1d6b, idProduct=0003, bcdDevice= 5.16
[    8.310858] usb usb2: New USB device strings: Mfr=3, Product=2, SerialNumber=1
[    8.310859] usb usb2: Product: xHCI Host Controller
[    8.310861] usb usb2: Manufacturer: Linux 5.16.12-arch1-1 xhci-hcd
[    8.310862] usb usb2: SerialNumber: 0000:01:00.3
[    8.310998] hub 2-0:1.0: USB hub found
[    8.311007] hub 2-0:1.0: 2 ports detected
[    8.311343] xhci_hcd 0000:01:00.4: xHCI Host Controller
[    8.311349] xhci_hcd 0000:01:00.4: new USB bus registered, assigned bus number 3
[    8.311481] xhci_hcd 0000:01:00.4: hcc params 0x0268ffe5 hci version 0x110 quirks 0x0000020000000410
[    8.311925] usb usb3: New USB device found, idVendor=1d6b, idProduct=0002, bcdDevice= 5.16
[    8.311928] usb usb3: New USB device strings: Mfr=3, Product=2, SerialNumber=1
[    8.311929] usb usb3: Product: xHCI Host Controller
[    8.311931] usb usb3: Manufacturer: Linux 5.16.12-arch1-1 xhci-hcd
[    8.311932] usb usb3: SerialNumber: 0000:01:00.4
[    8.311996] serio: i8042 KBD port at 0x60,0x64 irq 1
[    8.312146] hub 3-0:1.0: USB hub found
[    8.312160] hub 3-0:1.0: 4 ports detected
[    8.312559] xhci_hcd 0000:01:00.4: xHCI Host Controller
[    8.312565] xhci_hcd 0000:01:00.4: new USB bus registered, assigned bus number 4
[    8.312568] xhci_hcd 0000:01:00.4: Host supports USB 3.1 Enhanced SuperSpeed
[    8.312588] usb usb4: We don't know the algorithms for LPM for this host, disabling LPM.
[    8.312619] usb usb4: New USB device found, idVendor=1d6b, idProduct=0003, bcdDevice= 5.16
[    8.312621] usb usb4: New USB device strings: Mfr=3, Product=2, SerialNumber=1
[    8.312623] usb usb4: Product: xHCI Host Controller
[    8.312624] usb usb4: Manufacturer: Linux 5.16.12-arch1-1 xhci-hcd
[    8.312625] usb usb4: SerialNumber: 0000:01:00.4
[    8.312792] hub 4-0:1.0: USB hub found
[    8.312801] hub 4-0:1.0: 2 ports detected
[    8.348194] input: AT Translated Set 2 keyboard as /devices/platform/i8042/serio0/input/input2
[    8.352139] random: fast init done
[    8.450149] PM: Image not found (code -22)
[   10.941558] REISERFS (device sda2): found reiserfs format "3.6" with standard journal
[   10.941572] REISERFS (device sda2): using ordered data mode
[   10.941574] reiserfs: using flush barriers
[   10.941797] REISERFS (device sda2): journal params: device sda2, size 8192, journal first block 18, max trans len 1024, max batch 900, max commit age 30, max trans age 30
[   10.942073] REISERFS (device sda2): checking transaction log (sda2)
[   10.943495] REISERFS (device sda2): Using r5 hash to sort names
[   10.944410] REISERFS (device sda2): Removing [1034 870008 0x0 SD]..
[   10.944590] done
[   10.944596] REISERFS (device sda2): Removing [1034 870005 0x0 SD]..
[   10.945202] done
[   10.945207] REISERFS (device sda2): Removing [1034 864765 0x0 SD]..
[   10.945355] done
[   10.945484] REISERFS (device sda2): Removing [1034 864602 0x0 SD]..
[   10.945524] done
[   10.945528] REISERFS (device sda2): Removing [1034 864601 0x0 SD]..
[   10.945554] done
[   10.945835] REISERFS (device sda2): Removing [35092 863931 0x0 SD]..
[   10.946855] done
[   10.946984] REISERFS (device sda2): Removing [1034 848138 0x0 SD]..
[   10.947005] done
[   10.947009] REISERFS (device sda2): Removing [1034 848137 0x0 SD]..
[   10.947041] done
[   10.947417] REISERFS (device sda2): Removing [177350 848041 0x0 SD]..
[   10.947569] done
[   10.947573] REISERFS (device sda2): Removing [177350 848040 0x0 SD]..
[   10.947597] done
[   10.947601] REISERFS (device sda2): Removing [177350 848039 0x0 SD]..
[   10.947620] done
[   10.947623] REISERFS (device sda2): Removing [177350 848038 0x0 SD]..
[   10.947641] done
[   10.947776] REISERFS (device sda2): Removing [1034 847946 0x0 SD]..
[   10.947814] done
[   10.947818] REISERFS (device sda2): Removing [1034 847945 0x0 SD]..
[   10.947842] done
[   10.948015] REISERFS (device sda2): Removing [177326 816764 0x0 SD]..
[   10.948186] done
[   10.948290] REISERFS (device sda2): Removing [1034 816477 0x0 SD]..
[   10.948319] done
[   10.948327] REISERFS (device sda2): Removing [1034 816476 0x0 SD]..
[   10.948356] done
[   10.948486] REISERFS (device sda2): Removing [177350 816404 0x0 SD]..
[   10.948510] done
[   10.948513] REISERFS (device sda2): Removing [177350 816403 0x0 SD]..
[   10.948571] done
[   10.948574] REISERFS (device sda2): Removing [177350 816402 0x0 SD]..
[   10.948632] done
[   10.948636] REISERFS (device sda2): Removing [177326 816396 0x0 SD]..
[   10.948657] done
[   10.948660] REISERFS (device sda2): Removing [177326 816394 0x0 SD]..
[   10.948678] done
[   10.948681] REISERFS (device sda2): Removing [177326 816393 0x0 SD]..
[   10.948709] done
[   10.948712] REISERFS (device sda2): Removing [177326 816392 0x0 SD]..
[   10.948991] done
[   10.948997] REISERFS (device sda2): Removing [177326 816391 0x0 SD]..
[   10.949018] done
[   10.949173] REISERFS (device sda2): Removing [177326 816388 0x0 SD]..
[   10.949217] done
[   10.949221] REISERFS (device sda2): Removing [177326 816387 0x0 SD]..
[   10.949245] done
[   10.949349] REISERFS (device sda2): Removing [1034 816377 0x0 SD]..
[   10.949381] done
[   10.949633] REISERFS (device sda2): Removing [61371 816206 0x0 SD]..
[   10.949780] done
[   10.949935] REISERFS (device sda2): Removing [1034 816031 0x0 SD]..
[   10.949970] done
[   10.950227] REISERFS (device sda2): Removing [1032 811962 0x0 SD]..
[   10.950376] done
[   10.950502] REISERFS (device sda2): Removing [1034 811905 0x0 SD]..
[   10.950651] done
[   10.950655] REISERFS (device sda2): Removing [1034 811360 0x0 SD]..
[   10.950831] done
[   10.950960] REISERFS (device sda2): Removing [1034 811214 0x0 SD]..
[   10.951187] done
[   10.951192] REISERFS (device sda2): Removing [177326 811142 0x0 SD]..
[   10.951214] done
[   10.951222] REISERFS (device sda2): Removing [177326 811135 0x0 SD]..
[   10.951243] done
[   10.951247] REISERFS (device sda2): Removing [177326 811130 0x0 SD]..
[   10.951267] done
[   10.951271] REISERFS (device sda2): Removing [177326 811128 0x0 SD]..
[   10.951290] done
[   10.951293] REISERFS (device sda2): Removing [177326 811125 0x0 SD]..
[   10.951327] done
[   10.951331] REISERFS (device sda2): Removing [177326 811120 0x0 SD]..
[   10.951351] done
[   10.951355] REISERFS (device sda2): Removing [177326 811119 0x0 SD]..
[   10.951381] done
[   10.951545] REISERFS (device sda2): Removing [1034 811031 0x0 SD]..
[   10.951571] done
[   10.951852] REISERFS (device sda2): Removing [1034 800631 0x0 SD]..
[   10.951895] done
[   10.952024] REISERFS (device sda2): Removing [1034 800389 0x0 SD]..
[   10.952047] done
[   10.952052] REISERFS (device sda2): Removing [177326 800217 0x0 SD]..
[   10.952071] done
[   10.952200] REISERFS (device sda2): Removing [1034 800215 0x0 SD]..
[   10.952272] done
[   10.952276] REISERFS (device sda2): Removing [1034 799971 0x0 SD]..
[   10.952480] done
[   10.952611] REISERFS (device sda2): Removing [1034 791663 0x0 SD]..
[   10.952897] done
[   10.953025] REISERFS (device sda2): Removing [1034 791269 0x0 SD]..
[   10.953045] done
[   10.953172] REISERFS (device sda2): Removing [1034 791064 0x0 SD]..
[   10.955022] done
[   10.955191] REISERFS (device sda2): Removing [1034 765220 0x0 SD]..
[   10.955215] done
[   10.955372] REISERFS (device sda2): Removing [1034 765206 0x0 SD]..
[   10.955398] done
[   10.955526] REISERFS (device sda2): Removing [1034 730770 0x0 SD]..
[   10.955874] done
[   10.955878] REISERFS (device sda2): Removing [1034 726259 0x0 SD]..
[   10.955932] done
[   10.956089] REISERFS (device sda2): Removing [1034 726257 0x0 SD]..
[   10.956415] done
[   10.956549] REISERFS (device sda2): Removing [1034 719243 0x0 SD]..
[   10.956610] done
[   10.956739] REISERFS (device sda2): Removing [1034 713798 0x0 SD]..
[   10.956767] done
[   10.956900] REISERFS (device sda2): Removing [1034 712346 0x0 SD]..
[   10.956948] done
[   10.957104] REISERFS (device sda2): Removing [1034 693157 0x0 SD]..
[   10.957411] done
[   10.957568] REISERFS (device sda2): Removing [1034 683326 0x0 SD]..
[   10.957592] done
[   10.957749] REISERFS (device sda2): Removing [1034 683300 0x0 SD]..
[   10.957777] done
[   10.957781] REISERFS (device sda2): Removing [1034 683297 0x0 SD]..
[   10.957799] done
[   10.957802] REISERFS (device sda2): Removing [1034 683289 0x0 SD]..
[   10.957839] done
[   10.957978] REISERFS (device sda2): Removing [1034 683261 0x0 SD]..
[   10.958036] done
[   10.958040] REISERFS (device sda2): Removing [1034 682605 0x0 SD]..
[   10.958061] done
[   10.958216] REISERFS (device sda2): Removing [1034 682247 0x0 SD]..
[   10.958254] done
[   10.958257] REISERFS (device sda2): Removing [1034 682084 0x0 SD]..
[   10.958284] done
[   10.958288] REISERFS (device sda2): Removing [1034 682081 0x0 SD]..
[   10.958307] done
[   10.958445] REISERFS (device sda2): Removing [1034 679840 0x0 SD]..
[   10.958465] done
[   10.958469] REISERFS (device sda2): Removing [1034 679747 0x0 SD]..
[   10.958543] done
[   10.958704] REISERFS (device sda2): Removing [1034 676770 0x0 SD]..
[   10.958727] done
[   10.959173] REISERFS (device sda2): Removing [292257 676769 0x0 SD]..
[   10.959379] done
[   10.959384] REISERFS (device sda2): Removing [292257 676768 0x0 SD]..
[   10.959415] done
[   10.959672] REISERFS (device sda2): Removing [40646 676765 0x0 SD]..
[   10.959705] done
[   10.959835] REISERFS (device sda2): Removing [1034 666673 0x0 SD]..
[   10.959982] done
[   10.960110] REISERFS (device sda2): Removing [1034 655821 0x0 SD]..
[   10.960135] done
[   10.960389] REISERFS (device sda2): Removing [35124 655801 0x0 SD]..
[   10.960534] done
[   10.960539] REISERFS (device sda2): Removing [35124 655799 0x0 SD]..
[   10.960562] done
[   10.960565] REISERFS (device sda2): Removing [35124 655795 0x0 SD]..
[   10.960587] done
[   10.960591] REISERFS (device sda2): Removing [35124 646831 0x0 SD]..
[   10.960611] done
[   10.960614] REISERFS (device sda2): Removing [35124 646830 0x0 SD]..
[   10.960634] done
[   10.960637] REISERFS (device sda2): Removing [35124 646826 0x0 SD]..
[   10.960657] done
[   10.960660] REISERFS (device sda2): Removing [35124 646824 0x0 SD]..
[   10.960680] done
[   10.960683] REISERFS (device sda2): Removing [35124 646821 0x0 SD]..
[   10.960702] done
[   10.960953] REISERFS (device sda2): Removing [35057 640539 0x0 SD]..
[   10.961106] done
[   10.961111] REISERFS (device sda2): Removing [35124 640368 0x0 SD]..
[   10.961131] done
[   10.961135] REISERFS (device sda2): Removing [35124 640366 0x0 SD]..
[   10.961154] done
[   10.961283] REISERFS (device sda2): Removing [1034 621813 0x0 SD]..
[   10.961434] done
[   10.961438] REISERFS (device sda2): Removing [1034 621697 0x0 SD]..
[   10.961461] done
[   10.961589] REISERFS (device sda2): Removing [35124 621628 0x0 SD]..
[   10.961607] done
[   10.961740] REISERFS (device sda2): Removing [1034 619130 0x0 SD]..
[   10.961766] done
[   10.961770] REISERFS (device sda2): Removing [35124 619069 0x0 SD]..
[   10.961787] done
[   10.961795] REISERFS (device sda2): Removing [35124 618133 0x0 SD]..
[   10.961812] done
[   10.961943] REISERFS (device sda2): Removing [1034 606911 0x0 SD]..
[   10.962094] done
[   10.962098] REISERFS (device sda2): Removing [1034 606481 0x0 SD]..
[   10.962128] done
[   10.962287] REISERFS (device sda2): Removing [1034 590436 0x0 SD]..
[   10.962666] done
[   10.962976] REISERFS (device sda2): Removing [175588 585700 0x0 SD]..
[   10.963130] done
[   10.963259] REISERFS (device sda2): Removing [1034 585423 0x0 SD]..
[   10.963280] done
[   10.963407] REISERFS (device sda2): Removing [1034 564721 0x0 SD]..
[   10.963432] done
[   10.963435] REISERFS (device sda2): Removing [1034 564203 0x0 SD]..
[   10.963471] done
[   10.963630] REISERFS (device sda2): Removing [1032 550414 0x0 SD]..
[   10.964270] done
[   10.964399] REISERFS (device sda2): Removing [1034 539468 0x0 SD]..
[   10.964422] done
[   10.964426] REISERFS (device sda2): Removing [35057 539033 0x0 SD]..
[   10.964445] done
[   10.964616] REISERFS (device sda2): Removing [1034 538579 0x0 SD]..
[   10.964635] done
[   10.964639] REISERFS (device sda2): Removing [1034 538155 0x0 SD]..
[   10.964663] done
[   10.964666] REISERFS (device sda2): Removing [1034 537508 0x0 SD]..
[   10.964682] done
[   10.964686] REISERFS (device sda2): Removing [1034 537447 0x0 SD]..
[   10.964722] done
[   10.964882] REISERFS (device sda2): Removing [1034 536417 0x0 SD]..
[   10.964901] done
[   10.965027] REISERFS (device sda2): Removing [1034 518659 0x0 SD]..
[   10.965290] done
[   10.965294] REISERFS (device sda2): Removing [1034 427147 0x0 SD]..
[   10.965318] done
[   10.965322] REISERFS (device sda2): Removing [1034 426972 0x0 SD]..
[   10.965349] done
[   10.965640] REISERFS (device sda2): Removing [115892 424276 0x0 SD]..
[   10.965826] done
[   10.965830] REISERFS (device sda2): Removing [115892 424274 0x0 SD]..
[   10.965852] done
[   10.965855] REISERFS (device sda2): Removing [115892 424273 0x0 SD]..
[   10.965890] done
[   10.965893] REISERFS (device sda2): Removing [115892 424272 0x0 SD]..
[   10.965912] done
[   10.965916] REISERFS (device sda2): Removing [115892 424271 0x0 SD]..
[   10.965937] done
[   10.965940] REISERFS (device sda2): Removing [115892 424270 0x0 SD]..
[   10.965962] done
[   10.966123] REISERFS (device sda2): Removing [115892 424269 0x0 SD]..
[   10.966143] done
[   10.966271] REISERFS (device sda2): Removing [1034 392622 0x0 SD]..
[   10.966293] done
[   10.966422] REISERFS (device sda2): Removing [1034 339516 0x0 SD]..
[   10.966441] done
[   10.966445] REISERFS (device sda2): Removing [1034 339486 0x0 SD]..
[   10.966474] done
[   10.966477] REISERFS (device sda2): Removing [1034 339472 0x0 SD]..
[   10.966495] done
[   10.966499] REISERFS (device sda2): Removing [1034 339462 0x0 SD]..
[   10.966526] done
[   10.966661] REISERFS (device sda2): Removing [1034 224852 0x0 SD]..
[   10.966680] done
[   10.966683] REISERFS (device sda2): Removing [1034 224850 0x0 SD]..
[   10.966704] done
[   10.966707] REISERFS (device sda2): Removing [1034 224847 0x0 SD]..
[   10.966725] done
[   10.966897] REISERFS (device sda2): Removing [1034 224819 0x0 SD]..
[   10.967079] done
[   10.967083] REISERFS (device sda2): Removing [1034 224810 0x0 SD]..
[   10.967097] done
[   10.967244] REISERFS (device sda2): Removing [1034 224796 0x0 SD]..
[   10.967560] done
[   10.967564] REISERFS (device sda2): Removing [1034 224757 0x0 SD]..
[   10.967594] done
[   10.967757] REISERFS (device sda2): Removing [1034 215528 0x0 SD]..
[   10.967803] done
[   10.968099] REISERFS (device sda2): Removing [1034 191821 0x0 SD]..
[   10.968227] done
[   10.968511] REISERFS (device sda2): Removing [1032 177522 0x0 SD]..
[   10.968685] done
[   10.968812] REISERFS (device sda2): Removing [1032 177192 0x0 SD]..
[   10.968831] done
[   10.968963] REISERFS (device sda2): Removing [1034 175512 0x0 SD]..
[   10.968987] done
[   10.969141] REISERFS (device sda2): Removing [1032 160189 0x0 SD]..
[   10.969170] done
[   10.969299] REISERFS (device sda2): Removing [1034 146747 0x0 SD]..
[   10.969391] done
[   10.969552] REISERFS (device sda2): Removing [1034 142183 0x0 SD]..
[   10.969732] done
[   10.969736] REISERFS (device sda2): Removing [1034 142175 0x0 SD]..
[   10.969755] done
[   10.969758] REISERFS (device sda2): Removing [1034 142095 0x0 SD]..
[   10.969780] done
[   10.969783] REISERFS (device sda2): Removing [1034 141110 0x0 SD]..
[   10.969842] done
[   10.969976] REISERFS (device sda2): Removing [1034 139362 0x0 SD]..
[   10.970005] done
[   10.970157] REISERFS (device sda2): Removing [35130 137675 0x0 SD]..
[   10.970304] done
[   10.970479] REISERFS (device sda2): Removing [35130 137649 0x0 SD]..
[   10.970514] done
[   10.970517] REISERFS (device sda2): Removing [35130 137645 0x0 SD]..
[   10.970543] done
[   10.970698] REISERFS (device sda2): Removing [35130 137605 0x0 SD]..
[   10.970824] done
[   10.970957] REISERFS (device sda2): Removing [1034 136731 0x0 SD]..
[   10.970990] done
[   10.970993] REISERFS (device sda2): Removing [1034 135930 0x0 SD]..
[   10.971016] done
[   10.971019] REISERFS (device sda2): Removing [1034 133925 0x0 SD]..
[   10.971036] done
[   10.971191] REISERFS (device sda2): Removing [1032 133777 0x0 SD]..
[   10.971339] done
[   10.971465] REISERFS (device sda2): Removing [1034 129774 0x0 SD]..
[   10.971522] done
[   10.971649] REISERFS (device sda2): Removing [1034 122071 0x0 SD]..
[   10.971668] done
[   10.971797] REISERFS (device sda2): Removing [1034 121580 0x0 SD]..
[   10.971927] done
[   10.971931] REISERFS (device sda2): Removing [1034 121384 0x0 SD]..
[   10.971950] done
[   10.972243] REISERFS (device sda2): Removing [1034 72868 0x0 SD]..
[   10.972287] done
[   10.972390] REISERFS (device sda2): Removing [1034 72119 0x0 SD]..
[   10.972468] done
[   10.972596] REISERFS (device sda2): Removing [1034 71707 0x0 SD]..
[   10.972821] done
[   10.972825] REISERFS (device sda2): Removing [1034 71702 0x0 SD]..
[   10.972852] done
[   10.972978] REISERFS (device sda2): Removing [1032 70743 0x0 SD]..
[   10.973347] done
[   10.973504] REISERFS (device sda2): Removing [1034 68102 0x0 SD]..
[   10.973550] done
[   10.973554] REISERFS (device sda2): Removing [1034 68099 0x0 SD]..
[   10.973573] done
[   10.973701] REISERFS (device sda2): Removing [1034 63322 0x0 SD]..
[   10.973784] done
[   10.973906] REISERFS (device sda2): Removing [1034 62548 0x0 SD]..
[   10.974001] done
[   10.974005] REISERFS (device sda2): Removing [1034 62256 0x0 SD]..
[   10.974023] done
[   10.974182] REISERFS (device sda2): Removing [35130 61218 0x0 SD]..
[   10.974496] done
[   10.974501] REISERFS (device sda2): Removing [35124 61139 0x0 SD]..
[   10.974807] done
[   10.974812] REISERFS (device sda2): Removing [35124 61132 0x0 SD]..
[   10.974859] done
[   10.975031] REISERFS (device sda2): Removing [1032 60759 0x0 SD]..
[   10.975079] done
[   10.975233] REISERFS (device sda2): Removing [1034 60334 0x0 SD]..
[   10.975252] done
[   10.975254] REISERFS (device sda2): There were 169 uncompleted unlinks/truncates. Completed
[   11.102508] audit: type=1334 audit(1646412966.646:7): prog-id=1 op=LOAD
[   11.102514] audit: type=1300 audit(1646412966.646:7): arch=c000003e syscall=321 success=yes exit=4 a0=5 a1=7ffd7f24ce40 a2=80 a3=0 items=0 ppid=2 pid=208 auid=4294967295 uid=0 gid=0 euid=0 suid=0 fsuid=0 egid=0 sgid=0 fsgid=0 tty=(none) ses=4294967295 comm="bpf_preload" exe="/bpf_preload" subj==unconfined key=(null)
[   11.102517] audit: type=1327 audit(1646412966.646:7): proctitle="bpf_preload"
[   11.102532] audit: type=1334 audit(1646412966.646:8): prog-id=0 op=UNLOAD
[   11.112522] audit: type=1334 audit(1646412966.656:9): prog-id=2 op=LOAD
[   11.112530] audit: type=1300 audit(1646412966.656:9): arch=c000003e syscall=321 success=yes exit=6 a0=5 a1=7ffd7f24cb50 a2=80 a3=0 items=0 ppid=2 pid=208 auid=4294967295 uid=0 gid=0 euid=0 suid=0 fsuid=0 egid=0 sgid=0 fsgid=0 tty=(none) ses=4294967295 comm="bpf_preload" exe="/bpf_preload" subj==unconfined key=(null)
[   11.112556] audit: type=1327 audit(1646412966.656:9): proctitle="bpf_preload"
[   11.112568] audit: type=1334 audit(1646412966.656:10): prog-id=0 op=UNLOAD
[   11.112670] audit: type=1334 audit(1646412966.656:11): prog-id=3 op=LOAD
[   11.112680] audit: type=1300 audit(1646412966.656:11): arch=c000003e syscall=321 success=yes exit=5 a0=5 a1=7ffd7f24cb20 a2=80 a3=0 items=0 ppid=2 pid=208 auid=4294967295 uid=0 gid=0 euid=0 suid=0 fsuid=0 egid=0 sgid=0 fsgid=0 tty=(none) ses=4294967295 comm="bpf_preload" exe="/bpf_preload" subj==unconfined key=(null)
[   11.130296] systemd[1]: systemd 250.3-4-arch running in system mode (+PAM +AUDIT -SELINUX -APPARMOR -IMA +SMACK +SECCOMP +GCRYPT +GNUTLS +OPENSSL +ACL +BLKID +CURL +ELFUTILS +FIDO2 +IDN2 -IDN +IPTC +KMOD +LIBCRYPTSETUP +LIBFDISK +PCRE2 -PWQUALITY +P11KIT -QRENCODE +BZIP2 +LZ4 +XZ +ZLIB +ZSTD -BPF_FRAMEWORK +XKBCOMMON +UTMP -SYSVINIT default-hierarchy=unified)
[   11.144334] systemd[1]: Detected architecture x86-64.
[   11.145134] systemd[1]: Hostname set to <mksredmibook14ii>.
[   11.299398] systemd[1]: Queued start job for default target Graphical Interface.
[   11.301400] systemd[1]: Created slice Slice /system/getty.
[   11.301847] systemd[1]: Created slice Slice /system/modprobe.
[   11.302341] systemd[1]: Created slice Slice /system/systemd-fsck.
[   11.302719] systemd[1]: Created slice User and Session Slice.
[   11.302839] systemd[1]: Started Dispatch Password Requests to Console Directory Watch.
[   11.302923] systemd[1]: Started Forward Password Requests to Wall Directory Watch.
[   11.303183] systemd[1]: Set up automount Arbitrary Executable File Formats File System Automount Point.
[   11.303270] systemd[1]: Reached target Local Encrypted Volumes.
[   11.303308] systemd[1]: Reached target Local Integrity Protected Volumes.
[   11.303356] systemd[1]: Reached target Remote File Systems.
[   11.303387] systemd[1]: Reached target Slice Units.
[   11.303433] systemd[1]: Reached target Local Verity Protected Volumes.
[   11.303549] systemd[1]: Listening on Device-mapper event daemon FIFOs.
[   11.304154] systemd[1]: Listening on LVM2 poll daemon socket.
[   11.305320] systemd[1]: Listening on Process Core Dump Socket.
[   11.305803] systemd[1]: Listening on Journal Audit Socket.
[   11.305974] systemd[1]: Listening on Journal Socket (/dev/log).
[   11.306137] systemd[1]: Listening on Journal Socket.
[   11.306298] systemd[1]: Listening on Userspace Out-Of-Memory (OOM) Killer Socket.
[   11.306687] systemd[1]: Listening on udev Control Socket.
[   11.306839] systemd[1]: Listening on udev Kernel Socket.
[   11.308068] systemd[1]: Mounting Huge Pages File System...
[   11.309487] systemd[1]: Mounting POSIX Message Queue File System...
[   11.310546] systemd[1]: Mounting Kernel Debug File System...
[   11.311709] systemd[1]: Mounting Kernel Trace File System...
[   11.313065] systemd[1]: Starting Load AppArmor profiles...
[   11.314362] systemd[1]: Starting Create List of Static Device Nodes...
[   11.315572] systemd[1]: Starting Monitoring of LVM2 mirrors, snapshots etc. using dmeventd or progress polling...
[   11.316683] systemd[1]: Starting Load Kernel Module configfs...
[   11.317748] systemd[1]: Starting Load Kernel Module drm...
[   11.318914] systemd[1]: Starting Load Kernel Module fuse...
[   11.319000] systemd[1]: File System Check on Root Device was skipped because of a failed condition check (ConditionPathIsReadWrite=!/).
[   11.321294] systemd[1]: Starting Journal Service...
[   11.322606] systemd[1]: Starting Load Kernel Modules...
[   11.323743] systemd[1]: Starting Remount Root and Kernel File Systems...
[   11.323954] systemd[1]: Repartition Root Disk was skipped because all trigger condition checks failed.
[   11.326436] systemd[1]: Starting Coldplug All udev Devices...
[   11.329702] systemd[1]: Mounted Huge Pages File System.
[   11.329851] systemd[1]: Mounted POSIX Message Queue File System.
[   11.329978] systemd[1]: Mounted Kernel Debug File System.
[   11.330091] systemd[1]: Mounted Kernel Trace File System.
[   11.330369] systemd[1]: Finished Create List of Static Device Nodes.
[   11.330863] systemd[1]: modprobe@configfs.service: Deactivated successfully.
[   11.331043] systemd[1]: Finished Load Kernel Module configfs.
[   11.331572] systemd[1]: modprobe@drm.service: Deactivated successfully.
[   11.331602] fuse: init (API version 7.35)
[   11.331848] systemd[1]: Finished Load Kernel Module drm.
[   11.333294] systemd[1]: Mounting Kernel Configuration File System...
[   11.334028] systemd[1]: modprobe@fuse.service: Deactivated successfully.
[   11.334225] systemd[1]: Finished Load Kernel Module fuse.
[   11.335516] systemd[1]: Mounting FUSE Control File System...
[   11.336265] systemd[1]: Mounted Kernel Configuration File System.
[   11.337452] systemd[1]: Mounted FUSE Control File System.
[   11.339638] vboxdrv: loading out-of-tree module taints kernel.
[   11.339890] vboxdrv: module verification failed: signature and/or required key missing - tainting kernel
[   11.343860] vboxdrv: Found 6 processor cores
[   11.345552] random: lvm: uninitialized urandom read (4 bytes read)
[   11.349239] systemd[1]: Finished Remount Root and Kernel File Systems.
[   11.349509] systemd[1]: First Boot Wizard was skipped because of a failed condition check (ConditionFirstBoot=yes).
[   11.350545] systemd[1]: Rebuild Hardware Database was skipped because all trigger condition checks failed.
[   11.351655] systemd[1]: Starting Load/Save Random Seed...
[   11.352825] systemd[1]: Starting Create System Users...
[   11.370719] vboxdrv: TSC mode is Invariant, tentative frequency 2370658492 Hz
[   11.370724] vboxdrv: Successfully loaded version 6.1.32 r149290 (interface 0x00320000)
[   11.372551] VBoxNetAdp: Successfully started.
[   11.374751] VBoxNetFlt: Successfully started.
[   11.378101] systemd[1]: Finished Load Kernel Modules.
[   11.379459] systemd[1]: Starting Linux Kernel Runtime Guard...
[   11.397311] systemd[1]: Finished Create System Users.
[   11.398589] systemd[1]: Starting Create Static Device Nodes in /dev...
[   11.407536] systemd[1]: Finished Monitoring of LVM2 mirrors, snapshots etc. using dmeventd or progress polling.
[   11.434735] systemd[1]: Finished Create Static Device Nodes in /dev.
[   11.434913] systemd[1]: Reached target Preparation for Local File Systems.
[   11.434970] systemd[1]: Virtual Machine and Container Storage (Compatibility) was skipped because of a failed condition check (ConditionPathExists=/var/lib/machines.raw).
[   11.436784] systemd[1]: Starting Rule-based Manager for Device Events and Files...
[   11.436956] systemd[1]: Started Journal Service.
[   11.453971] systemd-journald[234]: Received client request to flush runtime journal.
[   11.459256] [p_lkrg] Loading LKRG...
[   11.464504] Freezing user space processes ... (elapsed 0.001 seconds) done.
[   11.465586] OOM killer disabled.
[   11.690617] [p_lkrg] [kretprobe] register_kretprobe() for <ovl_create_or_link> failed! [err=-2]
[   11.690624] [p_lkrg] Can't hook 'ovl_create_or_link' function. This is expected if you are not using OverlayFS.
[   11.742282] [p_lkrg] [kretprobe] register_kretprobe() for <lookup_fast> failed! [err=-2]
[   11.742286] [p_lkrg] LKRG won't enforce pCFI validation on 'lookup_fast'
[   12.126112] [p_lkrg] LKRG initialized successfully!
[   12.126786] OOM killer enabled.
[   12.126787] Restarting tasks ... done.
[   12.147606] [p_lkrg] [kINT] New interval => 15
[   12.148362] [p_lkrg] New log level => 3 (WARN)
[   12.149077] [p_lkrg] Module is already unhidden (visible)!
[   12.149151] [p_lkrg] Changing "pint_validate" logic. From Old[1 | CURRENT] to new[2 | CURRENT] one.
[   12.164653] [p_lkrg] Disabling SMAP validation feature.
[   12.165374] [p_lkrg] Changing "smap_enforce" logic. From Old[2 | PANIC] to new[0 | LOG & ACCEPT] one.
[   12.181596] [p_lkrg] Changing "profile_validate" logic. From Old[9 | Custom] to new[3 | Heavy] one.
[   12.182402] [p_lkrg] Changing "profile_enforce" logic. From Old[9 | Custom] to new[2 | Strict] one.
[   12.183394] [p_lkrg] Changing "pint_validate" logic. From Old[1 | CURRENT] to new[2 | CURRENT] one.
[   12.185732] [p_lkrg] Disabling SMAP validation feature.
[   12.186541] [p_lkrg] Changing "smap_enforce" logic. From Old[2 | PANIC] to new[0 | LOG & ACCEPT] one.
[   12.332784] acpi PNP0C14:01: duplicate WMI GUID 05901221-D566-11D1-B2F0-00A0C9062910 (first instance was on PNP0C14:00)
[   12.340590] acpi_cpufreq: overriding BIOS provided _PSD data
[   12.340619] cpufreq: CPU0: Fast frequency switching not enabled
[   12.340620] cpufreq: Registered transition notifiers:
[   12.340621] cpufreq: p_freq_transition_notifier+0x0/0x20 [p_lkrg]
[   12.341383] cpufreq: CPU1: Fast frequency switching not enabled
[   12.341385] cpufreq: Registered transition notifiers:
[   12.341386] cpufreq: p_freq_transition_notifier+0x0/0x20 [p_lkrg]
[   12.344020] cpufreq: CPU2: Fast frequency switching not enabled
[   12.344025] cpufreq: Registered transition notifiers:
[   12.344026] cpufreq: p_freq_transition_notifier+0x0/0x20 [p_lkrg]
[   12.349411] random: crng init done
[   12.349921] cpufreq: CPU3: Fast frequency switching not enabled
[   12.349923] cpufreq: Registered transition notifiers:
[   12.349924] cpufreq: p_freq_transition_notifier+0x0/0x20 [p_lkrg]
[   12.360798] cpufreq: CPU4: Fast frequency switching not enabled
[   12.360804] cpufreq: Registered transition notifiers:
[   12.360805] cpufreq: p_freq_transition_notifier+0x0/0x20 [p_lkrg]
[   12.444519] cpufreq: CPU5: Fast frequency switching not enabled
[   12.444526] cpufreq: Registered transition notifiers:
[   12.444527] cpufreq: p_freq_transition_notifier+0x0/0x20 [p_lkrg]
[   12.461207] ACPI: video: Video Device [VGA] (multi-head: yes  rom: no  post: no)
[   12.461697] acpi device:0e: registered as cooling_device6
[   12.461770] input: Video Bus as /devices/LNXSYSTM:00/LNXSYBUS:00/PNP0A08:00/device:0d/LNXVIDEO:00/input/input3
[   12.711576] input: GXT7863:00 27C6:01E0 Mouse as /devices/platform/AMDI0010:03/i2c-0/i2c-GXT7863:00/0018:27C6:01E0.0001/input/input4
[   12.711710] input: GXT7863:00 27C6:01E0 Touchpad as /devices/platform/AMDI0010:03/i2c-0/i2c-GXT7863:00/0018:27C6:01E0.0001/input/input5
[   12.711775] hid-generic 0018:27C6:01E0.0001: input,hidraw0: I2C HID v1.00 Mouse [GXT7863:00 27C6:01E0] on i2c-GXT7863:00
[   12.779593] ccp 0000:01:00.2: enabling device (0000 -> 0002)
[   12.779941] ccp 0000:01:00.2: ccp: unable to access the device: you might be running a broken BIOS.
[   12.782811] piix4_smbus 0000:00:14.0: SMBus Host Controller at 0xb00, revision 0
[   12.782815] piix4_smbus 0000:00:14.0: Using register 0x02 for SMBus port selection
[   12.782935] piix4_smbus 0000:00:14.0: Auxiliary SMBus Host Controller at 0xb20
[   12.804605] ccp 0000:01:00.2: tee enabled
[   12.804615] ccp 0000:01:00.2: psp enabled
[   12.903977] sp5100_tco: SP5100/SB800 TCO WatchDog Timer Driver
[   12.904588] sp5100-tco sp5100-tco: Using 0xfeb00000 for watchdog MMIO address
[   12.910589] sp5100-tco sp5100-tco: initialized. heartbeat=60 sec (nowayout=0)
[   13.405566] snd_rn_pci_acp3x 0000:01:00.5: enabling device (0000 -> 0002)
[   13.613712] Adding 17309976k swap on /dev/sda3.  Priority:-2 extents:1 across:17309976k SSFS
[   13.747934] [drm] amdgpu kernel modesetting enabled.
[   13.770503] amdgpu: Virtual CRAT table created for CPU
[   13.770538] amdgpu: Topology: Add CPU node
[   13.770683] checking generic (fce0000000 7f0000) vs hw (fce0000000 10000000)
[   13.770687] checking generic (fce0000000 7f0000) vs hw (fce0000000 10000000)
[   13.770689] fb0: switching to amdgpu from EFI VGA
[   13.770852] Console: switching to colour dummy device 80x25
[   13.770918] amdgpu 0000:01:00.0: vgaarb: deactivate vga console
[   13.771051] amdgpu 0000:01:00.0: enabling device (0006 -> 0007)
[   13.771163] [drm] initializing kernel modesetting (RENOIR 0x1002:0x1636 0x1D72:0x1951 0xC3).
[   13.771168] amdgpu 0000:01:00.0: amdgpu: Trusted Memory Zone (TMZ) feature enabled
[   13.771665] [drm] register mmio base: 0xD0400000
[   13.771667] [drm] register mmio size: 524288
[   13.771673] [drm] virtual display string:NULL, 0000:01:00.0:virtual_display:0, num_crtc:0
[   13.773215] [drm] add ip block number 0 <soc15_common>
[   13.773217] [drm] add ip block number 1 <gmc_v9_0>
[   13.773219] [drm] add ip block number 2 <vega10_ih>
[   13.773220] [drm] add ip block number 3 <psp>
[   13.773222] [drm] add ip block number 4 <smu>
[   13.773223] [drm] add ip block number 5 <dm>
[   13.773225] [drm] add ip block number 6 <gfx_v9_0>
[   13.773226] [drm] add ip block number 7 <sdma_v4_0>
[   13.773228] [drm] add ip block number 8 <vcn_v2_0>
[   13.773229] [drm] add ip block number 9 <jpeg_v2_0>
[   13.773258] amdgpu 0000:01:00.0: amdgpu: Fetched VBIOS from VFCT
[   13.773263] amdgpu: ATOM BIOS: 113-RENOIR-026
[   13.779768] [drm] VCN decode is enabled in VM mode
[   13.779774] [drm] VCN encode is enabled in VM mode
[   13.779776] [drm] JPEG decode is enabled in VM mode
[   13.779784] amdgpu 0000:01:00.0: amdgpu: PCIE atomic ops is not supported
[   13.779873] [drm] vm size is 262144 GB, 4 levels, block size is 9-bit, fragment size is 9-bit
[   13.779898] amdgpu 0000:01:00.0: amdgpu: VRAM: 512M 0x000000F400000000 - 0x000000F41FFFFFFF (512M used)
[   13.779902] amdgpu 0000:01:00.0: amdgpu: GART: 1024M 0x0000000000000000 - 0x000000003FFFFFFF
[   13.779904] amdgpu 0000:01:00.0: amdgpu: AGP: 267419648M 0x000000F800000000 - 0x0000FFFFFFFFFFFF
[   13.779913] [drm] Detected VRAM RAM=512M, BAR=512M
[   13.779915] [drm] RAM width 128bits DDR4
[   13.780013] [drm] amdgpu: 512M of VRAM memory ready
[   13.780015] [drm] amdgpu: 3072M of GTT memory ready.
[   13.794360] [drm] GART: num cpu pages 262144, num gpu pages 262144
[   13.794516] [drm] PCIE GART of 1024M enabled.
[   13.794517] [drm] PTB located at 0x000000F400900000
[   13.813336] amdgpu 0000:01:00.0: amdgpu: PSP runtime database doesn't exist
[   13.823393] [drm] Loading DMUB firmware via PSP: version=0x0101001C
[   13.876496] [drm] Found VCN firmware Version ENC: 1.16 DEC: 5 VEP: 0 Revision: 3
[   13.876529] amdgpu 0000:01:00.0: amdgpu: Will use PSP to load VCN firmware
[   14.052656] cfg80211: Loading compiled-in X.509 certificates for regulatory database
[   14.066005] cfg80211: Loaded X.509 cert 'sforshee: 00b28ddf47aef9cea7'
[   14.067154] platform regulatory.0: Direct firmware load for regulatory.db failed with error -2
[   14.067158] cfg80211: failed to load regulatory.db
[   14.128588] snd_hda_intel 0000:01:00.1: enabling device (0000 -> 0002)
[   14.128746] snd_hda_intel 0000:01:00.1: Handle vga_switcheroo audio client
[   14.130270] snd_hda_intel 0000:01:00.6: enabling device (0000 -> 0002)
[   14.215489] RAPL PMU: API unit is 2^-32 Joules, 1 fixed counters, 163840 ms ovfl timer
[   14.215494] RAPL PMU: hw unit of domain package 2^-16 Joules
[   14.257142] cryptd: max_cpu_qlen set to 1000
[   14.468473] input: HD-Audio Generic HDMI/DP,pcm=3 as /devices/pci0000:00/0000:00:08.1/0000:01:00.1/sound/card0/input7
[   14.468545] input: HD-Audio Generic HDMI/DP,pcm=7 as /devices/pci0000:00/0000:00:08.1/0000:01:00.1/sound/card0/input8
[   14.557303] AVX2 version of gcm_enc/dec engaged.
[   14.597522] AES CTR mode by8 optimization enabled
[   14.618219] snd_hda_codec_realtek hdaudioC1D0: autoconfig for ALC256: line_outs=1 (0x14/0x0/0x0/0x0/0x0) type:speaker
[   14.618225] snd_hda_codec_realtek hdaudioC1D0:    speaker_outs=0 (0x0/0x0/0x0/0x0/0x0)
[   14.618228] snd_hda_codec_realtek hdaudioC1D0:    hp_outs=1 (0x21/0x0/0x0/0x0/0x0)
[   14.618230] snd_hda_codec_realtek hdaudioC1D0:    mono: mono_out=0x0
[   14.618231] snd_hda_codec_realtek hdaudioC1D0:    inputs:
[   14.618232] snd_hda_codec_realtek hdaudioC1D0:      Mic=0x19
[   14.667346] ucsi_acpi USBC000:00: PPM init failed (-110)
[   14.756982] input: HD-Audio Generic Mic as /devices/pci0000:00/0000:00:08.1/0000:01:00.6/sound/card1/input9
[   14.757054] input: HD-Audio Generic Headphone as /devices/pci0000:00/0000:00:08.1/0000:01:00.6/sound/card1/input10
[   14.772095] [drm] reserve 0x400000 from 0xf41f800000 for PSP TMR
[   14.874201] amdgpu 0000:01:00.0: amdgpu: RAS: optional ras ta ucode is not available
[   14.887060] amdgpu 0000:01:00.0: amdgpu: RAP: optional rap ta ucode is not available
[   14.887065] amdgpu 0000:01:00.0: amdgpu: SECUREDISPLAY: securedisplay ta ucode is not available
[   14.887371] amdgpu 0000:01:00.0: amdgpu: SMU is initialized successfully!
[   14.888284] [drm] Display Core initialized with v3.2.160!
[   14.888831] [drm] DMUB hardware initialized: version=0x0101001C
[   15.003863] input: GXT7863:00 27C6:01E0 Mouse as /devices/platform/AMDI0010:03/i2c-0/i2c-GXT7863:00/0018:27C6:01E0.0001/input/input11
[   15.004754] input: GXT7863:00 27C6:01E0 Touchpad as /devices/platform/AMDI0010:03/i2c-0/i2c-GXT7863:00/0018:27C6:01E0.0001/input/input12
[   15.005107] hid-multitouch 0018:27C6:01E0.0001: input,hidraw0: I2C HID v1.00 Mouse [GXT7863:00 27C6:01E0] on i2c-GXT7863:00
[   15.007955] [drm] kiq ring mec 2 pipe 1 q 0
[   15.010682] [drm] VCN decode and encode initialized successfully(under DPG Mode).
[   15.010705] [drm] JPEG decode initialized successfully.
[   15.012340] kfd kfd: amdgpu: Allocated 3969056 bytes on gart
[   15.114003] memmap_init_zone_device initialised 131072 pages in 4ms
[   15.114018] amdgpu: HMM registered 512MB device memory
[   15.114065] amdgpu: SRAT table not found
[   15.114066] amdgpu: Virtual CRAT table created for GPU
[   15.114681] amdgpu: Topology: Add dGPU node [0x1636:0x1002]
[   15.114685] kfd kfd: amdgpu: added device 1002:1636
[   15.114776] amdgpu 0000:01:00.0: amdgpu: SE 1, SH per SE 1, CU per SH 8, active_cu_number 6
[   15.123517] [drm] fb mappable at 0x410CD2000
[   15.123521] [drm] vram apper at 0x410000000
[   15.123522] [drm] size 8294400
[   15.123523] [drm] fb depth is 24
[   15.123523] [drm]    pitch is 7680
[   15.123608] fbcon: amdgpudrmfb (fb0) is primary device
[   15.181326] Console: switching to colour frame buffer device 240x67
