[    0.000000] Linux version 5.16.5-arch1-1 (linux@archlinux) (gcc (GCC) 11.1.0, GNU ld (GNU Binutils) 2.36.1) #1 SMP PREEMPT Tue, 01 Feb 2022 21:42:50 +0000
[    0.000000] Command line: BOOT_IMAGE=/boot/vmlinuz-linux root=UUID=a1e2e1f9-dbcb-484e-a242-73d5754f8d98 rw quiet resume=UUID=36238c5a-d1ff-4e5f-986a-4d302098cfd7 loglevel=3 audit=0 lsm=landlock,lockdown,yama,apparmor,bpf l1tf=full,force mds=full,nosmt mitigations=auto,nosmt nosmt=force pcie_aspm=force init_on_alloc=1 init_on_free=1 randomize_kstack_offset=on slab_nomerge pti=on slub_debug=ZF slub_debug=P page_poison=1 mem_encrypt=on vsyscall=nonei amd_iommu=force_isolation amdgpu.vm_update_mode=0 amdgpu.gpu_recovery=1 amdgpu.fw_load_type=2 amdgpu.virtual_display=NULL amdgpu.audio=0 amdgpu.lbpw=1 amdgpu.tmz=1 amdgpu.freesync_video=1 fsck.mode=force fsck.repair=yes
[    0.000000] x86/fpu: Supporting XSAVE feature 0x001: 'x87 floating point registers'
[    0.000000] x86/fpu: Supporting XSAVE feature 0x002: 'SSE registers'
[    0.000000] x86/fpu: Supporting XSAVE feature 0x004: 'AVX registers'
[    0.000000] x86/fpu: xstate_offset[2]:  576, xstate_sizes[2]:  256
[    0.000000] x86/fpu: Enabled xstate features 0x7, context size is 832 bytes, using 'compacted' format.
[    0.000000] signal: max sigframe size: 1776
[    0.000000] BIOS-provided physical RAM map:
[    0.000000] BIOS-e820: [mem 0x0000000000000000-0x000000000009efff] usable
[    0.000000] BIOS-e820: [mem 0x000000000009f000-0x00000000000bffff] reserved
[    0.000000] BIOS-e820: [mem 0x0000000000100000-0x0000000009afffff] usable
[    0.000000] BIOS-e820: [mem 0x0000000009b00000-0x0000000009dfffff] reserved
[    0.000000] BIOS-e820: [mem 0x0000000009e00000-0x0000000009efffff] usable
[    0.000000] BIOS-e820: [mem 0x0000000009f00000-0x0000000009f0ffff] ACPI NVS
[    0.000000] BIOS-e820: [mem 0x0000000009f10000-0x00000000bab68fff] usable
[    0.000000] BIOS-e820: [mem 0x00000000bab69000-0x00000000bbd68fff] reserved
[    0.000000] BIOS-e820: [mem 0x00000000bbd69000-0x00000000c9f7efff] usable
[    0.000000] BIOS-e820: [mem 0x00000000c9f7f000-0x00000000caf7efff] type 20
[    0.000000] BIOS-e820: [mem 0x00000000caf7f000-0x00000000ccf7efff] reserved
[    0.000000] BIOS-e820: [mem 0x00000000ccf7f000-0x00000000cdf7efff] ACPI NVS
[    0.000000] BIOS-e820: [mem 0x00000000cdf7f000-0x00000000cdffefff] ACPI data
[    0.000000] BIOS-e820: [mem 0x00000000cdfff000-0x00000000cdffffff] usable
[    0.000000] BIOS-e820: [mem 0x00000000ce000000-0x00000000ceffffff] reserved
[    0.000000] BIOS-e820: [mem 0x00000000f8000000-0x00000000fbffffff] reserved
[    0.000000] BIOS-e820: [mem 0x00000000fde00000-0x00000000fdefffff] reserved
[    0.000000] BIOS-e820: [mem 0x00000000fec00000-0x00000000fec00fff] reserved
[    0.000000] BIOS-e820: [mem 0x00000000fec10000-0x00000000fec10fff] reserved
[    0.000000] BIOS-e820: [mem 0x00000000fec20000-0x00000000fec20fff] reserved
[    0.000000] BIOS-e820: [mem 0x00000000fed80000-0x00000000fed80fff] reserved
[    0.000000] BIOS-e820: [mem 0x00000000fee00000-0x00000000fee00fff] reserved
[    0.000000] BIOS-e820: [mem 0x00000000ff000000-0x00000000fff2ffff] reserved
[    0.000000] BIOS-e820: [mem 0x0000000100000000-0x000000040f33ffff] usable
[    0.000000] BIOS-e820: [mem 0x000000040f340000-0x000000042fffffff] reserved
[    0.000000] SMT: Force disabled
[    0.000000] Malformed early option 'vsyscall'
[    0.000000] NX (Execute Disable) protection: active
[    0.000000] efi: EFI v2.70 by INSYDE Corp.
[    0.000000] efi: ACPI=0xcdffe000 ACPI 2.0=0xcdffe014 TPMFinalLog=0xcdf2c000 SMBIOS=0xcb70c000 SMBIOS 3.0=0xcb70a000 ESRT=0xcb70d418 
[    0.000000] SMBIOS 3.2.0 present.
[    0.000000] DMI: TIMI RedmiBook 14 II/TM1951, BIOS RMARN4B0P0909 08/19/2020
[    0.000000] tsc: Fast TSC calibration using PIT
[    0.000000] tsc: Detected 2370.620 MHz processor
[    0.000543] e820: update [mem 0x00000000-0x00000fff] usable ==> reserved
[    0.000546] e820: remove [mem 0x000a0000-0x000fffff] usable
[    0.000551] last_pfn = 0x40f340 max_arch_pfn = 0x400000000
[    0.000723] x86/PAT: Configuration [0-7]: WB  WC  UC- UC  WB  WP  UC- WT  
[    0.000949] last_pfn = 0xce000 max_arch_pfn = 0x400000000
[    0.010345] esrt: Reserving ESRT space from 0x00000000cb70d418 to 0x00000000cb70d450.
[    0.010355] Kernel/User page tables isolation: force enabled on command line.
[    0.010356] Using GB pages for direct mapping
[    0.010726] Secure boot disabled
[    0.010727] RAMDISK: [mem 0x37315000-0x37981fff]
[    0.010731] ACPI: Early table checksum verification disabled
[    0.010734] ACPI: RSDP 0x00000000CDFFE014 000024 (v02 XMCC  )
[    0.010738] ACPI: XSDT 0x00000000CDFCE188 000134 (v01 XMCC   XMCC1951 00000002      01000013)
[    0.010742] ACPI: FACP 0x00000000CDFEC000 00010C (v05 XMCC   XMCC1951 00000002      01000013)
[    0.010746] ACPI: DSDT 0x00000000CDFDF000 006545 (v01 XMCC   XMCC1951 00000002      01000013)
[    0.010749] ACPI: FACS 0x00000000CDF29000 000040
[    0.010751] ACPI: UEFI 0x00000000CDF7E000 000236 (v01 INSYDE H2O BIOS 00000001 ACPI 00040000)
[    0.010753] ACPI: SSDT 0x00000000CDFF5000 007216 (v02 AMD    AmdTable 00000002 MSFT 04000000)
[    0.010755] ACPI: IVRS 0x00000000CDFF4000 0001A4 (v02 AMD    AmdTable 00000001 AMD  00000000)
[    0.010758] ACPI: SSDT 0x00000000CDFF3000 000228 (v01 AMD    STD3     00000001 INTL 20130117)
[    0.010760] ACPI: SSDT 0x00000000CDFF2000 000D61 (v01 XMCC   XMCC1806 00003000 INTL 20130117)
[    0.010762] ACPI: SSDT 0x00000000CDFF1000 00046D (v01 Insyde TPMACPI  00001000 INTL 20130117)
[    0.010764] ACPI: TPM2 0x00000000CDFF0000 000034 (v04 XMCC   XMCC1951 00000002      01000013)
[    0.010766] ACPI: MSDM 0x00000000CDFEF000 000055 (v03 INSYDE H2O BIOS 00000001 ACPI 00040000)
[    0.010769] ACPI: ASF! 0x00000000CDFEE000 0000A5 (v32 XMCC   XMCC1951 00000002      01000013)
[    0.010771] ACPI: BOOT 0x00000000CDFED000 000028 (v01 XMCC   XMCC1951 00000002      01000013)
[    0.010773] ACPI: HPET 0x00000000CDFEB000 000038 (v01 XMCC   XMCC1951 00000002      01000013)
[    0.010775] ACPI: APIC 0x00000000CDFEA000 000138 (v03 XMCC   XMCC1951 00000002      01000013)
[    0.010777] ACPI: MCFG 0x00000000CDFE9000 00003C (v01 XMCC   XMCC1951 00000002      01000013)
[    0.010779] ACPI: SLIC 0x00000000CDFE8000 000176 (v01 XMCC   XMCC1951 00000002      01000013)
[    0.010782] ACPI: SSDT 0x00000000CDFDE000 000080 (v01 XMCC   XMCC1951 00000002      01000013)
[    0.010784] ACPI: VFCT 0x00000000CDFD0000 00D484 (v01 XMCC   XMCC1951 00000001 AMD  31504F47)
[    0.010786] ACPI: SSDT 0x00000000CDFCF000 0000F8 (v01 XMCC   PcdTabl  00001000 INTL 20130117)
[    0.010788] ACPI: SSDT 0x00000000CDFCC000 001500 (v01 AMD    AmdTable 00000001 AMD  00000001)
[    0.010790] ACPI: CRAT 0x00000000CDFFD000 000BA8 (v01 AMD    AmdTable 00000001 AMD  00000001)
[    0.010792] ACPI: CDIT 0x00000000CDFCB000 000029 (v01 AMD    AmdTable 00000001 AMD  00000001)
[    0.010794] ACPI: SSDT 0x00000000CDFCA000 00028D (v01 AMD    AmdTable 00000001 INTL 20130117)
[    0.010797] ACPI: SSDT 0x00000000CDFC9000 000C78 (v01 AMD    AmdTable 00000001 INTL 20130117)
[    0.010799] ACPI: SSDT 0x00000000CDFC7000 0010A5 (v01 AMD    AmdTable 00000001 INTL 20130117)
[    0.010801] ACPI: SSDT 0x00000000CDFC3000 0030C8 (v01 AMD    AmdTable 00000001 INTL 20130117)
[    0.010803] ACPI: FPDT 0x00000000CDFC2000 000044 (v01 XMCC   XMCC1951 00000002      01000013)
[    0.010805] ACPI: WSMT 0x00000000CDFC0000 000028 (v01 INSYDE H2O BIOS 00000001 ACPI 00040000)
[    0.010807] ACPI: SSDT 0x00000000CDFE7000 00020A (v01 AMD    AmdTable 00000001 INTL 20130117)
[    0.010809] ACPI: SSDT 0x00000000CDFE6000 0005A1 (v01 AMD    AmdTable 00000001 INTL 20130117)
[    0.010811] ACPI: SSDT 0x00000000CDFBF000 000343 (v01 AMD    AmdTable 00000001 INTL 20130117)
[    0.010814] ACPI: SSDT 0x00000000CDFBE000 00007D (v01 AMD    AmdTable 00000001 INTL 20130117)
[    0.010816] ACPI: SSDT 0x00000000CDFBD000 000822 (v01 AMD    AmdTable 00000001 INTL 20130117)
[    0.010818] ACPI: SSDT 0x00000000CDFBC000 000517 (v01 AMD    AmdTable 00000001 INTL 20130117)
[    0.010820] ACPI: BGRT 0x00000000CDFC1000 000038 (v01 INSYDE H2O BIOS 00000001 ACPI 00040000)
[    0.010822] ACPI: Reserving FACP table memory at [mem 0xcdfec000-0xcdfec10b]
[    0.010823] ACPI: Reserving DSDT table memory at [mem 0xcdfdf000-0xcdfe5544]
[    0.010824] ACPI: Reserving FACS table memory at [mem 0xcdf29000-0xcdf2903f]
[    0.010824] ACPI: Reserving UEFI table memory at [mem 0xcdf7e000-0xcdf7e235]
[    0.010825] ACPI: Reserving SSDT table memory at [mem 0xcdff5000-0xcdffc215]
[    0.010826] ACPI: Reserving IVRS table memory at [mem 0xcdff4000-0xcdff41a3]
[    0.010827] ACPI: Reserving SSDT table memory at [mem 0xcdff3000-0xcdff3227]
[    0.010827] ACPI: Reserving SSDT table memory at [mem 0xcdff2000-0xcdff2d60]
[    0.010828] ACPI: Reserving SSDT table memory at [mem 0xcdff1000-0xcdff146c]
[    0.010829] ACPI: Reserving TPM2 table memory at [mem 0xcdff0000-0xcdff0033]
[    0.010829] ACPI: Reserving MSDM table memory at [mem 0xcdfef000-0xcdfef054]
[    0.010830] ACPI: Reserving ASF! table memory at [mem 0xcdfee000-0xcdfee0a4]
[    0.010831] ACPI: Reserving BOOT table memory at [mem 0xcdfed000-0xcdfed027]
[    0.010831] ACPI: Reserving HPET table memory at [mem 0xcdfeb000-0xcdfeb037]
[    0.010832] ACPI: Reserving APIC table memory at [mem 0xcdfea000-0xcdfea137]
[    0.010833] ACPI: Reserving MCFG table memory at [mem 0xcdfe9000-0xcdfe903b]
[    0.010833] ACPI: Reserving SLIC table memory at [mem 0xcdfe8000-0xcdfe8175]
[    0.010834] ACPI: Reserving SSDT table memory at [mem 0xcdfde000-0xcdfde07f]
[    0.010835] ACPI: Reserving VFCT table memory at [mem 0xcdfd0000-0xcdfdd483]
[    0.010836] ACPI: Reserving SSDT table memory at [mem 0xcdfcf000-0xcdfcf0f7]
[    0.010836] ACPI: Reserving SSDT table memory at [mem 0xcdfcc000-0xcdfcd4ff]
[    0.010837] ACPI: Reserving CRAT table memory at [mem 0xcdffd000-0xcdffdba7]
[    0.010838] ACPI: Reserving CDIT table memory at [mem 0xcdfcb000-0xcdfcb028]
[    0.010839] ACPI: Reserving SSDT table memory at [mem 0xcdfca000-0xcdfca28c]
[    0.010839] ACPI: Reserving SSDT table memory at [mem 0xcdfc9000-0xcdfc9c77]
[    0.010840] ACPI: Reserving SSDT table memory at [mem 0xcdfc7000-0xcdfc80a4]
[    0.010841] ACPI: Reserving SSDT table memory at [mem 0xcdfc3000-0xcdfc60c7]
[    0.010841] ACPI: Reserving FPDT table memory at [mem 0xcdfc2000-0xcdfc2043]
[    0.010842] ACPI: Reserving WSMT table memory at [mem 0xcdfc0000-0xcdfc0027]
[    0.010843] ACPI: Reserving SSDT table memory at [mem 0xcdfe7000-0xcdfe7209]
[    0.010844] ACPI: Reserving SSDT table memory at [mem 0xcdfe6000-0xcdfe65a0]
[    0.010844] ACPI: Reserving SSDT table memory at [mem 0xcdfbf000-0xcdfbf342]
[    0.010845] ACPI: Reserving SSDT table memory at [mem 0xcdfbe000-0xcdfbe07c]
[    0.010846] ACPI: Reserving SSDT table memory at [mem 0xcdfbd000-0xcdfbd821]
[    0.010847] ACPI: Reserving SSDT table memory at [mem 0xcdfbc000-0xcdfbc516]
[    0.010847] ACPI: Reserving BGRT table memory at [mem 0xcdfc1000-0xcdfc1037]
[    0.010900] No NUMA configuration found
[    0.010901] Faking a node at [mem 0x0000000000000000-0x000000040f33ffff]
[    0.010904] NODE_DATA(0) allocated [mem 0x40f33c000-0x40f33ffff]
[    0.010934] Zone ranges:
[    0.010934]   DMA      [mem 0x0000000000001000-0x0000000000ffffff]
[    0.010936]   DMA32    [mem 0x0000000001000000-0x00000000ffffffff]
[    0.010937]   Normal   [mem 0x0000000100000000-0x000000040f33ffff]
[    0.010938]   Device   empty
[    0.010939] Movable zone start for each node
[    0.010939] Early memory node ranges
[    0.010940]   node   0: [mem 0x0000000000001000-0x000000000009efff]
[    0.010941]   node   0: [mem 0x0000000000100000-0x0000000009afffff]
[    0.010942]   node   0: [mem 0x0000000009e00000-0x0000000009efffff]
[    0.010942]   node   0: [mem 0x0000000009f10000-0x00000000bab68fff]
[    0.010943]   node   0: [mem 0x00000000bbd69000-0x00000000c9f7efff]
[    0.010944]   node   0: [mem 0x00000000cdfff000-0x00000000cdffffff]
[    0.010945]   node   0: [mem 0x0000000100000000-0x000000040f33ffff]
[    0.010946] Initmem setup node 0 [mem 0x0000000000001000-0x000000040f33ffff]
[    0.010949] On node 0, zone DMA: 1 pages in unavailable ranges
[    0.010966] On node 0, zone DMA: 97 pages in unavailable ranges
[    0.011114] On node 0, zone DMA32: 768 pages in unavailable ranges
[    0.016383] On node 0, zone DMA32: 16 pages in unavailable ranges
[    0.016850] On node 0, zone DMA32: 4608 pages in unavailable ranges
[    0.017002] On node 0, zone DMA32: 16512 pages in unavailable ranges
[    0.040747] On node 0, zone Normal: 8192 pages in unavailable ranges
[    0.040782] On node 0, zone Normal: 3264 pages in unavailable ranges
[    0.040932] ACPI: PM-Timer IO Port: 0x408
[    0.040938] ACPI: LAPIC_NMI (acpi_id[0x00] high edge lint[0x1])
[    0.040940] ACPI: LAPIC_NMI (acpi_id[0x01] high edge lint[0x1])
[    0.040940] ACPI: LAPIC_NMI (acpi_id[0x02] high edge lint[0x1])
[    0.040941] ACPI: LAPIC_NMI (acpi_id[0x03] high edge lint[0x1])
[    0.040941] ACPI: LAPIC_NMI (acpi_id[0x04] high edge lint[0x1])
[    0.040942] ACPI: LAPIC_NMI (acpi_id[0x05] high edge lint[0x1])
[    0.040942] ACPI: LAPIC_NMI (acpi_id[0x06] high edge lint[0x1])
[    0.040943] ACPI: LAPIC_NMI (acpi_id[0x07] high edge lint[0x1])
[    0.040944] ACPI: LAPIC_NMI (acpi_id[0x08] high edge lint[0x1])
[    0.040944] ACPI: LAPIC_NMI (acpi_id[0x09] high edge lint[0x1])
[    0.040945] ACPI: LAPIC_NMI (acpi_id[0x0a] high edge lint[0x1])
[    0.040945] ACPI: LAPIC_NMI (acpi_id[0x0b] high edge lint[0x1])
[    0.040946] ACPI: LAPIC_NMI (acpi_id[0x0c] high edge lint[0x1])
[    0.040946] ACPI: LAPIC_NMI (acpi_id[0x0d] high edge lint[0x1])
[    0.040947] ACPI: LAPIC_NMI (acpi_id[0x0e] high edge lint[0x1])
[    0.040947] ACPI: LAPIC_NMI (acpi_id[0x0f] high edge lint[0x1])
[    0.040961] IOAPIC[0]: apic_id 33, version 33, address 0xfec00000, GSI 0-23
[    0.040966] IOAPIC[1]: apic_id 34, version 33, address 0xfec01000, GSI 24-55
[    0.040968] ACPI: INT_SRC_OVR (bus 0 bus_irq 0 global_irq 2 dfl dfl)
[    0.040969] ACPI: INT_SRC_OVR (bus 0 bus_irq 9 global_irq 9 low level)
[    0.040972] ACPI: Using ACPI (MADT) for SMP configuration information
[    0.040973] ACPI: HPET id: 0x10228210 base: 0xfed00000
[    0.040982] e820: update [mem 0xb3636000-0xb363bfff] usable ==> reserved
[    0.040991] smpboot: Allowing 16 CPUs, 10 hotplug CPUs
[    0.041015] PM: hibernation: Registered nosave memory: [mem 0x00000000-0x00000fff]
[    0.041017] PM: hibernation: Registered nosave memory: [mem 0x0009f000-0x000bffff]
[    0.041018] PM: hibernation: Registered nosave memory: [mem 0x000c0000-0x000fffff]
[    0.041019] PM: hibernation: Registered nosave memory: [mem 0x09b00000-0x09dfffff]
[    0.041021] PM: hibernation: Registered nosave memory: [mem 0x09f00000-0x09f0ffff]
[    0.041022] PM: hibernation: Registered nosave memory: [mem 0xb3636000-0xb363bfff]
[    0.041024] PM: hibernation: Registered nosave memory: [mem 0xbab69000-0xbbd68fff]
[    0.041025] PM: hibernation: Registered nosave memory: [mem 0xc9f7f000-0xcaf7efff]
[    0.041026] PM: hibernation: Registered nosave memory: [mem 0xcaf7f000-0xccf7efff]
[    0.041026] PM: hibernation: Registered nosave memory: [mem 0xccf7f000-0xcdf7efff]
[    0.041027] PM: hibernation: Registered nosave memory: [mem 0xcdf7f000-0xcdffefff]
[    0.041028] PM: hibernation: Registered nosave memory: [mem 0xce000000-0xceffffff]
[    0.041029] PM: hibernation: Registered nosave memory: [mem 0xcf000000-0xf7ffffff]
[    0.041030] PM: hibernation: Registered nosave memory: [mem 0xf8000000-0xfbffffff]
[    0.041030] PM: hibernation: Registered nosave memory: [mem 0xfc000000-0xfddfffff]
[    0.041031] PM: hibernation: Registered nosave memory: [mem 0xfde00000-0xfdefffff]
[    0.041032] PM: hibernation: Registered nosave memory: [mem 0xfdf00000-0xfebfffff]
[    0.041032] PM: hibernation: Registered nosave memory: [mem 0xfec00000-0xfec00fff]
[    0.041033] PM: hibernation: Registered nosave memory: [mem 0xfec01000-0xfec0ffff]
[    0.041033] PM: hibernation: Registered nosave memory: [mem 0xfec10000-0xfec10fff]
[    0.041034] PM: hibernation: Registered nosave memory: [mem 0xfec11000-0xfec1ffff]
[    0.041034] PM: hibernation: Registered nosave memory: [mem 0xfec20000-0xfec20fff]
[    0.041035] PM: hibernation: Registered nosave memory: [mem 0xfec21000-0xfed7ffff]
[    0.041035] PM: hibernation: Registered nosave memory: [mem 0xfed80000-0xfed80fff]
[    0.041036] PM: hibernation: Registered nosave memory: [mem 0xfed81000-0xfedfffff]
[    0.041036] PM: hibernation: Registered nosave memory: [mem 0xfee00000-0xfee00fff]
[    0.041037] PM: hibernation: Registered nosave memory: [mem 0xfee01000-0xfeffffff]
[    0.041037] PM: hibernation: Registered nosave memory: [mem 0xff000000-0xfff2ffff]
[    0.041038] PM: hibernation: Registered nosave memory: [mem 0xfff30000-0xffffffff]
[    0.041039] [mem 0xcf000000-0xf7ffffff] available for PCI devices
[    0.041040] Booting paravirtualized kernel on bare hardware
[    0.041043] clocksource: refined-jiffies: mask: 0xffffffff max_cycles: 0xffffffff, max_idle_ns: 6370452778343963 ns
[    0.044754] setup_percpu: NR_CPUS:320 nr_cpumask_bits:320 nr_cpu_ids:16 nr_node_ids:1
[    0.045413] percpu: Embedded 61 pages/cpu s212992 r8192 d28672 u262144
[    0.045422] pcpu-alloc: s212992 r8192 d28672 u262144 alloc=1*2097152
[    0.045424] pcpu-alloc: [0] 00 01 02 03 04 05 06 07 [0] 08 09 10 11 12 13 14 15 
[    0.045450] Fallback order for Node 0: 0 
[    0.045453] Built 1 zonelists, mobility grouping on.  Total pages: 3966649
[    0.045454] Policy zone: Normal
[    0.045455] Kernel command line: BOOT_IMAGE=/boot/vmlinuz-linux root=UUID=a1e2e1f9-dbcb-484e-a242-73d5754f8d98 rw quiet resume=UUID=36238c5a-d1ff-4e5f-986a-4d302098cfd7 loglevel=3 audit=0 lsm=landlock,lockdown,yama,apparmor,bpf l1tf=full,force mds=full,nosmt mitigations=auto,nosmt nosmt=force pcie_aspm=force init_on_alloc=1 init_on_free=1 randomize_kstack_offset=on slab_nomerge pti=on slub_debug=ZF slub_debug=P page_poison=1 mem_encrypt=on vsyscall=nonei amd_iommu=force_isolation amdgpu.vm_update_mode=0 amdgpu.gpu_recovery=1 amdgpu.fw_load_type=2 amdgpu.virtual_display=NULL amdgpu.audio=0 amdgpu.lbpw=1 amdgpu.tmz=1 amdgpu.freesync_video=1 fsck.mode=force fsck.repair=yes
[    0.045507] audit: disabled (until reboot)
[    0.045548] PCIe ASPM is forcibly enabled
[    0.045606] mem auto-init: SLAB_POISON will take precedence over init_on_alloc/init_on_free
[    0.045717] Unknown kernel command line parameters "BOOT_IMAGE=/boot/vmlinuz-linux pti=on mem_encrypt=on", will be passed to user space.
[    0.047549] Dentry cache hash table entries: 2097152 (order: 12, 16777216 bytes, linear)
[    0.048467] Inode-cache hash table entries: 1048576 (order: 11, 8388608 bytes, linear)
[    0.048525] mem auto-init: CONFIG_PAGE_POISONING is on, will take precedence over init_on_alloc and init_on_free
[    0.048758] mem auto-init: stack:byref_all(zero), heap alloc:off, heap free:off
[    1.655249] Memory: 15562176K/16119096K available (14344K kernel code, 2078K rwdata, 10920K rodata, 1800K init, 3856K bss, 556660K reserved, 0K cma-reserved)
[    1.655255] **********************************************************
[    1.655256] **   NOTICE NOTICE NOTICE NOTICE NOTICE NOTICE NOTICE   **
[    1.655256] **                                                      **
[    1.655257] ** This system shows unhashed kernel memory addresses   **
[    1.655257] ** via the console, logs, and other interfaces. This    **
[    1.655258] ** might reduce the security of your system.            **
[    1.655258] **                                                      **
[    1.655258] ** If you see this message and you are not debugging    **
[    1.655259] ** the kernel, report this immediately to your system   **
[    1.655259] ** administrator!                                       **
[    1.655259] **                                                      **
[    1.655260] **   NOTICE NOTICE NOTICE NOTICE NOTICE NOTICE NOTICE   **
[    1.655260] **********************************************************
[    1.655263] random: get_random_u64 called from __kmem_cache_create+0x2a/0x560 with crng_init=0
[    1.655418] SLUB: HWalign=64, Order=0-3, MinObjects=0, CPUs=16, Nodes=1
[    1.655433] Kernel/User page tables isolation: enabled
[    1.655457] ftrace: allocating 45001 entries in 176 pages
[    1.666699] ftrace: allocated 176 pages with 3 groups
[    1.666799] Dynamic Preempt: full
[    1.666846] rcu: Preemptible hierarchical RCU implementation.
[    1.666847] rcu: 	RCU dyntick-idle grace-period acceleration is enabled.
[    1.666847] rcu: 	RCU restricting CPUs from NR_CPUS=320 to nr_cpu_ids=16.
[    1.666848] rcu: 	RCU priority boosting: priority 1 delay 500 ms.
[    1.666849] 	Trampoline variant of Tasks RCU enabled.
[    1.666849] 	Rude variant of Tasks RCU enabled.
[    1.666850] 	Tracing variant of Tasks RCU enabled.
[    1.666850] rcu: RCU calculated value of scheduler-enlistment delay is 30 jiffies.
[    1.666851] rcu: Adjusting geometry for rcu_fanout_leaf=16, nr_cpu_ids=16
[    1.670241] NR_IRQS: 20736, nr_irqs: 1096, preallocated irqs: 16
[    1.670495] kfence: initialized - using 2097152 bytes for 255 objects at 0xffff9f6cfdc00000-0xffff9f6cfde00000
[    1.670664] Console: colour dummy device 80x25
[    1.670676] printk: console [tty0] enabled
[    1.670697] ACPI: Core revision 20210930
[    1.670916] clocksource: hpet: mask: 0xffffffff max_cycles: 0xffffffff, max_idle_ns: 133484873504 ns
[    1.670934] APIC: Switch to symmetric I/O mode setup
[    1.671814] AMD-Vi: ivrs, add hid:AMDI0020, uid:\_SB.FUR0, rdevid:160
[    1.671816] AMD-Vi: ivrs, add hid:AMDI0020, uid:\_SB.FUR1, rdevid:160
[    1.671816] AMD-Vi: ivrs, add hid:AMDI0020, uid:\_SB.FUR2, rdevid:160
[    1.671817] AMD-Vi: ivrs, add hid:AMDI0020, uid:\_SB.FUR3, rdevid:160
[    1.672124] Switched APIC routing to physical flat.
[    1.672877] ..TIMER: vector=0x30 apic1=0 pin1=2 apic2=-1 pin2=-1
[    1.687608] clocksource: tsc-early: mask: 0xffffffffffffffff max_cycles: 0x222bcd4293a, max_idle_ns: 440795294175 ns
[    1.687616] Calibrating delay loop (skipped), value calculated using timer frequency.. 4743.79 BogoMIPS (lpj=7902066)
[    1.687619] pid_max: default: 32768 minimum: 301
[    1.710697] LSM: Security Framework initializing
[    1.710714] landlock: Up and running.
[    1.710715] Yama: becoming mindful.
[    1.710749] AppArmor: AppArmor initialized
[    1.710751] LSM support for eBPF active
[    1.710797] Mount-cache hash table entries: 32768 (order: 6, 262144 bytes, linear)
[    1.710833] Mountpoint-cache hash table entries: 32768 (order: 6, 262144 bytes, linear)
[    1.711097] x86/cpu: User Mode Instruction Prevention (UMIP) activated
[    1.711133] LVT offset 1 assigned for vector 0xf9
[    1.711193] LVT offset 2 assigned for vector 0xf4
[    1.711210] Last level iTLB entries: 4KB 1024, 2MB 1024, 4MB 512
[    1.711211] Last level dTLB entries: 4KB 2048, 2MB 2048, 4MB 1024, 1GB 0
[    1.711215] Spectre V1 : Mitigation: usercopy/swapgs barriers and __user pointer sanitization
[    1.711217] Spectre V2 : Mitigation: Full AMD retpoline
[    1.711218] Spectre V2 : Spectre v2 / SpectreRSB mitigation: Filling RSB on context switch
[    1.711219] Spectre V2 : Enabling Restricted Speculation for firmware calls
[    1.711220] Spectre V2 : mitigation: Enabling conditional Indirect Branch Prediction Barrier
[    1.711223] Speculative Store Bypass: Mitigation: Speculative Store Bypass disabled via prctl
[    1.715040] Freeing SMP alternatives memory: 36K
[    1.825080] smpboot: CPU0: AMD Ryzen 5 4500U with Radeon Graphics (family: 0x17, model: 0x60, stepping: 0x1)
[    1.825250] Performance Events: Fam17h+ core perfctr, AMD PMU driver.
[    1.825255] ... version:                0
[    1.825256] ... bit width:              48
[    1.825256] ... generic registers:      6
[    1.825257] ... value mask:             0000ffffffffffff
[    1.825257] ... max period:             00007fffffffffff
[    1.825258] ... fixed-purpose events:   0
[    1.825258] ... event mask:             000000000000003f
[    1.825325] rcu: Hierarchical SRCU implementation.
[    1.825830] NMI watchdog: Enabled. Permanently consumes one hw-PMU counter.
[    1.826025] smp: Bringing up secondary CPUs ...
[    1.826152] x86: Booting SMP configuration:
[    1.826153] .... node  #0, CPUs:        #1  #2  #3  #4  #5
[    1.837665] smp: Brought up 1 node, 6 CPUs
[    1.837667] smpboot: Max logical packages: 3
[    1.837668] smpboot: Total of 6 processors activated (28458.74 BogoMIPS)
[    1.838545] devtmpfs: initialized
[    1.838545] x86/mm: Memory block size: 128MB
[    1.838818] ACPI: PM: Registering ACPI NVS region [mem 0x09f00000-0x09f0ffff] (65536 bytes)
[    1.838818] ACPI: PM: Registering ACPI NVS region [mem 0xccf7f000-0xcdf7efff] (16777216 bytes)
[    1.838818] clocksource: jiffies: mask: 0xffffffff max_cycles: 0xffffffff, max_idle_ns: 6370867519511994 ns
[    1.840977] futex hash table entries: 4096 (order: 6, 262144 bytes, linear)
[    1.841040] pinctrl core: initialized pinctrl subsystem
[    1.841149] PM: RTC time: 23:50:38, date: 2022-02-03
[    1.841685] NET: Registered PF_NETLINK/PF_ROUTE protocol family
[    1.842092] DMA: preallocated 2048 KiB GFP_KERNEL pool for atomic allocations
[    1.842331] DMA: preallocated 2048 KiB GFP_KERNEL|GFP_DMA pool for atomic allocations
[    1.842551] DMA: preallocated 2048 KiB GFP_KERNEL|GFP_DMA32 pool for atomic allocations
[    1.842700] thermal_sys: Registered thermal governor 'fair_share'
[    1.842701] thermal_sys: Registered thermal governor 'bang_bang'
[    1.842701] thermal_sys: Registered thermal governor 'step_wise'
[    1.842702] thermal_sys: Registered thermal governor 'user_space'
[    1.842702] thermal_sys: Registered thermal governor 'power_allocator'
[    1.842721] cpuidle: using governor ladder
[    1.842724] cpuidle: using governor menu
[    1.842754] Simple Boot Flag at 0x44 set to 0x1
[    1.842754] HugeTLB: can free 4094 vmemmap pages for hugepages-1048576kB
[    1.842754] acpiphp: ACPI Hot Plug PCI Controller Driver version: 0.5
[    1.842754] PCI: MMCONFIG for domain 0000 [bus 00-3f] at [mem 0xf8000000-0xfbffffff] (base 0xf8000000)
[    1.842754] PCI: MMCONFIG at [mem 0xf8000000-0xfbffffff] reserved in E820
[    1.842754] PCI: Using configuration type 1 for base access
[    1.844915] kprobes: kprobe jump-optimization is enabled. All kprobes are optimized if possible.
[    1.844920] HugeTLB: can free 6 vmemmap pages for hugepages-2048kB
[    1.844920] HugeTLB registered 1.00 GiB page size, pre-allocated 0 pages
[    1.844920] HugeTLB registered 2.00 MiB page size, pre-allocated 0 pages
[    1.844920] ACPI: Added _OSI(Module Device)
[    1.844920] ACPI: Added _OSI(Processor Device)
[    1.844920] ACPI: Added _OSI(3.0 _SCP Extensions)
[    1.844920] ACPI: Added _OSI(Processor Aggregator Device)
[    1.844920] ACPI: Added _OSI(Linux-Dell-Video)
[    1.844920] ACPI: Added _OSI(Linux-Lenovo-NV-HDMI-Audio)
[    1.844920] ACPI: Added _OSI(Linux-HPI-Hybrid-Graphics)
[    1.863251] ACPI: 18 ACPI AML tables successfully acquired and loaded
[    1.864846] ACPI: [Firmware Bug]: BIOS _OSI(Linux) query ignored
[    1.868013] ACPI: EC: EC started
[    1.868014] ACPI: EC: interrupt blocked
[    1.870108] ACPI: EC: EC_CMD/EC_SC=0x66, EC_DATA=0x62
[    1.870109] ACPI: \_SB_.PCI0.LPC0.EC0_: Boot DSDT EC used to handle transactions
[    1.870111] ACPI: Interpreter enabled
[    1.870126] ACPI: PM: (supports S0 S4 S5)
[    1.870126] ACPI: Using IOAPIC for interrupt routing
[    1.870344] PCI: Using host bridge windows from ACPI; if necessary, use "pci=nocrs" and report a bug
[    1.873520] ACPI: PM: Power Resource [P0U0]
[    1.873652] ACPI: PM: Power Resource [P3U0]
[    1.874415] ACPI: PM: Power Resource [P0U1]
[    1.874546] ACPI: PM: Power Resource [P3U1]
[    1.875201] ACPI: PM: Power Resource [P0S0]
[    1.875238] ACPI: PM: Power Resource [P3S0]
[    1.875401] ACPI: PM: Power Resource [P0S1]
[    1.875437] ACPI: PM: Power Resource [P3S1]
[    1.881340] ACPI: PCI Root Bridge [PCI0] (domain 0000 [bus 00-ff])
[    1.881346] acpi PNP0A08:00: _OSC: OS supports [ExtendedConfig ASPM ClockPM Segments MSI EDR HPX-Type3]
[    1.881469] acpi PNP0A08:00: _OSC: platform does not support [SHPCHotplug LTR DPC]
[    1.881692] acpi PNP0A08:00: _OSC: OS now controls [PCIeHotplug PME AER PCIeCapability]
[    1.881703] acpi PNP0A08:00: [Firmware Info]: MMCONFIG for domain 0000 [bus 00-3f] only partially covers this bridge
[    1.882052] PCI host bridge to bus 0000:00
[    1.882053] pci_bus 0000:00: root bus resource [io  0x0000-0x0cf7 window]
[    1.882055] pci_bus 0000:00: root bus resource [io  0x0d00-0xffff window]
[    1.882056] pci_bus 0000:00: root bus resource [mem 0x000a0000-0x000bffff window]
[    1.882057] pci_bus 0000:00: root bus resource [mem 0x000c0000-0x000cffff window]
[    1.882058] pci_bus 0000:00: root bus resource [mem 0x000d0000-0x000effff window]
[    1.882059] pci_bus 0000:00: root bus resource [mem 0xd0000000-0xf7ffffff window]
[    1.882060] pci_bus 0000:00: root bus resource [mem 0xfc000000-0xfed3ffff window]
[    1.882061] pci_bus 0000:00: root bus resource [mem 0x450200000-0xfcffffffff window]
[    1.882062] pci_bus 0000:00: root bus resource [bus 00-ff]
[    1.882075] pci 0000:00:00.0: [1022:1630] type 00 class 0x060000
[    1.882137] pci 0000:00:00.2: [1022:1631] type 00 class 0x080600
[    1.882209] pci 0000:00:01.0: [1022:1632] type 00 class 0x060000
[    1.882260] pci 0000:00:02.0: [1022:1632] type 00 class 0x060000
[    1.882316] pci 0000:00:08.0: [1022:1632] type 00 class 0x060000
[    1.882362] pci 0000:00:08.1: [1022:1635] type 01 class 0x060400
[    1.882382] pci 0000:00:08.1: enabling Extended Tags
[    1.882411] pci 0000:00:08.1: PME# supported from D0 D3hot D3cold
[    1.882512] pci 0000:00:08.2: [1022:1635] type 01 class 0x060400
[    1.882531] pci 0000:00:08.2: enabling Extended Tags
[    1.882559] pci 0000:00:08.2: PME# supported from D0 D3hot D3cold
[    1.882659] pci 0000:00:14.0: [1022:790b] type 00 class 0x0c0500
[    1.882783] pci 0000:00:14.3: [1022:790e] type 00 class 0x060100
[    1.882914] pci 0000:00:18.0: [1022:1448] type 00 class 0x060000
[    1.882947] pci 0000:00:18.1: [1022:1449] type 00 class 0x060000
[    1.882974] pci 0000:00:18.2: [1022:144a] type 00 class 0x060000
[    1.883002] pci 0000:00:18.3: [1022:144b] type 00 class 0x060000
[    1.883030] pci 0000:00:18.4: [1022:144c] type 00 class 0x060000
[    1.883061] pci 0000:00:18.5: [1022:144d] type 00 class 0x060000
[    1.883089] pci 0000:00:18.6: [1022:144e] type 00 class 0x060000
[    1.883118] pci 0000:00:18.7: [1022:144f] type 00 class 0x060000
[    1.883238] pci 0000:01:00.0: [1002:1636] type 00 class 0x030000
[    1.883249] pci 0000:01:00.0: reg 0x10: [mem 0xfce0000000-0xfcefffffff 64bit pref]
[    1.883256] pci 0000:01:00.0: reg 0x18: [mem 0xfcf0000000-0xfcf01fffff 64bit pref]
[    1.883261] pci 0000:01:00.0: reg 0x20: [io  0x1000-0x10ff]
[    1.883266] pci 0000:01:00.0: reg 0x24: [mem 0xd0400000-0xd047ffff]
[    1.883274] pci 0000:01:00.0: enabling Extended Tags
[    1.883286] pci 0000:01:00.0: BAR 0: assigned to efifb
[    1.883322] pci 0000:01:00.0: PME# supported from D1 D2 D3hot D3cold
[    1.883419] pci 0000:01:00.1: [1002:1637] type 00 class 0x040300
[    1.883425] pci 0000:01:00.1: reg 0x10: [mem 0xd04c8000-0xd04cbfff]
[    1.883445] pci 0000:01:00.1: enabling Extended Tags
[    1.883472] pci 0000:01:00.1: PME# supported from D1 D2 D3hot D3cold
[    1.883538] pci 0000:01:00.2: [1022:15df] type 00 class 0x108000
[    1.883550] pci 0000:01:00.2: reg 0x18: [mem 0xd0300000-0xd03fffff]
[    1.883559] pci 0000:01:00.2: reg 0x24: [mem 0xd04cc000-0xd04cdfff]
[    1.883565] pci 0000:01:00.2: enabling Extended Tags
[    1.883658] pci 0000:01:00.3: [1022:1639] type 00 class 0x0c0330
[    1.883668] pci 0000:01:00.3: reg 0x10: [mem 0xd0100000-0xd01fffff 64bit]
[    1.883690] pci 0000:01:00.3: enabling Extended Tags
[    1.883719] pci 0000:01:00.3: PME# supported from D0 D3hot D3cold
[    1.883789] pci 0000:01:00.4: [1022:1639] type 00 class 0x0c0330
[    1.883799] pci 0000:01:00.4: reg 0x10: [mem 0xd0200000-0xd02fffff 64bit]
[    1.883821] pci 0000:01:00.4: enabling Extended Tags
[    1.883850] pci 0000:01:00.4: PME# supported from D0 D3hot D3cold
[    1.883923] pci 0000:01:00.5: [1022:15e2] type 00 class 0x048000
[    1.883930] pci 0000:01:00.5: reg 0x10: [mem 0xd0480000-0xd04bffff]
[    1.883949] pci 0000:01:00.5: enabling Extended Tags
[    1.883976] pci 0000:01:00.5: PME# supported from D0 D3hot D3cold
[    1.884043] pci 0000:01:00.6: [1022:15e3] type 00 class 0x040300
[    1.884049] pci 0000:01:00.6: reg 0x10: [mem 0xd04c0000-0xd04c7fff]
[    1.884069] pci 0000:01:00.6: enabling Extended Tags
[    1.884096] pci 0000:01:00.6: PME# supported from D0 D3hot D3cold
[    1.884185] pci 0000:00:08.1: PCI bridge to [bus 01]
[    1.884188] pci 0000:00:08.1:   bridge window [io  0x1000-0x1fff]
[    1.884189] pci 0000:00:08.1:   bridge window [mem 0xd0100000-0xd04fffff]
[    1.884192] pci 0000:00:08.1:   bridge window [mem 0xfce0000000-0xfcf01fffff 64bit pref]
[    1.884238] pci 0000:02:00.0: [1022:7901] type 00 class 0x010601
[    1.884264] pci 0000:02:00.0: reg 0x24: [mem 0xd0001000-0xd00017ff]
[    1.884271] pci 0000:02:00.0: enabling Extended Tags
[    1.884398] pci 0000:02:00.1: [1022:7901] type 00 class 0x010601
[    1.884425] pci 0000:02:00.1: reg 0x24: [mem 0xd0000000-0xd00007ff]
[    1.884432] pci 0000:02:00.1: enabling Extended Tags
[    1.884537] pci 0000:00:08.2: PCI bridge to [bus 02]
[    1.884541] pci 0000:00:08.2:   bridge window [mem 0xd0000000-0xd00fffff]
[    1.886495] ACPI: PCI: Interrupt link LNKA configured for IRQ 0
[    1.886497] ACPI: PCI: Interrupt link LNKA disabled
[    1.886588] ACPI: PCI: Interrupt link LNKB configured for IRQ 0
[    1.886589] ACPI: PCI: Interrupt link LNKB disabled
[    1.886662] ACPI: PCI: Interrupt link LNKC configured for IRQ 0
[    1.886663] ACPI: PCI: Interrupt link LNKC disabled
[    1.886753] ACPI: PCI: Interrupt link LNKD configured for IRQ 0
[    1.886754] ACPI: PCI: Interrupt link LNKD disabled
[    1.886838] ACPI: PCI: Interrupt link LNKE configured for IRQ 0
[    1.886839] ACPI: PCI: Interrupt link LNKE disabled
[    1.886906] ACPI: PCI: Interrupt link LNKF configured for IRQ 0
[    1.886907] ACPI: PCI: Interrupt link LNKF disabled
[    1.886974] ACPI: PCI: Interrupt link LNKG configured for IRQ 0
[    1.886974] ACPI: PCI: Interrupt link LNKG disabled
[    1.887041] ACPI: PCI: Interrupt link LNKH configured for IRQ 0
[    1.887042] ACPI: PCI: Interrupt link LNKH disabled
[    1.889102] ACPI: EC: interrupt unblocked
[    1.889103] ACPI: EC: event unblocked
[    1.889112] ACPI: EC: EC_CMD/EC_SC=0x66, EC_DATA=0x62
[    1.889112] ACPI: EC: GPE=0x3
[    1.889114] ACPI: \_SB_.PCI0.LPC0.EC0_: Boot DSDT EC initialization complete
[    1.889115] ACPI: \_SB_.PCI0.LPC0.EC0_: EC: Used to handle transactions and events
[    1.889159] iommu: Default domain type: Translated 
[    1.889160] iommu: DMA domain TLB invalidation policy: lazy mode 
[    1.889172] pci 0000:01:00.0: vgaarb: VGA device added: decodes=io+mem,owns=none,locks=none
[    1.889172] pci 0000:01:00.0: vgaarb: bridge control possible
[    1.889172] pci 0000:01:00.0: vgaarb: setting as boot device
[    1.889172] vgaarb: loaded
[    1.889172] SCSI subsystem initialized
[    1.889172] libata version 3.00 loaded.
[    1.889172] ACPI: bus type USB registered
[    1.889172] usbcore: registered new interface driver usbfs
[    1.889172] usbcore: registered new interface driver hub
[    1.889172] usbcore: registered new device driver usb
[    1.892544] pps_core: LinuxPPS API ver. 1 registered
[    1.892545] pps_core: Software ver. 5.3.6 - Copyright 2005-2007 Rodolfo Giometti <giometti@linux.it>
[    1.892548] PTP clock support registered
[    1.892556] EDAC MC: Ver: 3.0.0
[    1.892601] Registered efivars operations
[    1.892601] NetLabel: Initializing
[    1.892601] NetLabel:  domain hash size = 128
[    1.892601] NetLabel:  protocols = UNLABELED CIPSOv4 CALIPSO
[    1.892601] NetLabel:  unlabeled traffic allowed by default
[    1.892601] mctp: management component transport protocol core
[    1.892601] NET: Registered PF_MCTP protocol family
[    1.892601] PCI: Using ACPI for IRQ routing
[    1.895267] PCI: pci_cache_line_size set to 64 bytes
[    1.895298] e820: reserve RAM buffer [mem 0x0009f000-0x0009ffff]
[    1.895300] e820: reserve RAM buffer [mem 0x09b00000-0x0bffffff]
[    1.895301] e820: reserve RAM buffer [mem 0x09f00000-0x0bffffff]
[    1.895302] e820: reserve RAM buffer [mem 0xb3636000-0xb3ffffff]
[    1.895303] e820: reserve RAM buffer [mem 0xbab69000-0xbbffffff]
[    1.895303] e820: reserve RAM buffer [mem 0xc9f7f000-0xcbffffff]
[    1.895304] e820: reserve RAM buffer [mem 0xce000000-0xcfffffff]
[    1.895305] e820: reserve RAM buffer [mem 0x40f340000-0x40fffffff]
[    1.895310] hpet0: at MMIO 0xfed00000, IRQs 2, 8, 0
[    1.895310] hpet0: 3 comparators, 32-bit 14.318180 MHz counter
[    1.897862] clocksource: Switched to clocksource tsc-early
[    1.908050] VFS: Disk quotas dquot_6.6.0
[    1.908069] VFS: Dquot-cache hash table entries: 512 (order 0, 4096 bytes)
[    1.908203] AppArmor: AppArmor Filesystem Enabled
[    1.908258] pnp: PnP ACPI init
[    1.908536] system 00:00: [mem 0xfec00000-0xfec01fff] could not be reserved
[    1.908541] system 00:00: [mem 0xfee00000-0xfee00fff] has been reserved
[    1.908543] system 00:00: [mem 0xfde00000-0xfdefffff] has been reserved
[    1.908784] system 00:03: [io  0x0400-0x04cf] has been reserved
[    1.908786] system 00:03: [io  0x04d0-0x04d1] has been reserved
[    1.908787] system 00:03: [io  0x04d6] has been reserved
[    1.908788] system 00:03: [io  0x0c00-0x0c01] has been reserved
[    1.908789] system 00:03: [io  0x0c14] has been reserved
[    1.908791] system 00:03: [io  0x0c50-0x0c52] has been reserved
[    1.908792] system 00:03: [io  0x0c6c] has been reserved
[    1.908793] system 00:03: [io  0x0c6f] has been reserved
[    1.908794] system 00:03: [io  0x0cd0-0x0cdb] has been reserved
[    1.908866] system 00:04: [mem 0x000e0000-0x000fffff] could not be reserved
[    1.908868] system 00:04: [mem 0xff000000-0xffffffff] could not be reserved
[    1.909966] pnp: PnP ACPI: found 5 devices
[    1.918222] clocksource: acpi_pm: mask: 0xffffff max_cycles: 0xffffff, max_idle_ns: 2085701024 ns
[    1.918375] NET: Registered PF_INET protocol family
[    1.919085] IP idents hash table entries: 262144 (order: 9, 2097152 bytes, linear)
[    1.920898] tcp_listen_portaddr_hash hash table entries: 8192 (order: 5, 131072 bytes, linear)
[    1.921041] TCP established hash table entries: 131072 (order: 8, 1048576 bytes, linear)
[    1.921287] TCP bind hash table entries: 65536 (order: 8, 1048576 bytes, linear)
[    1.921354] TCP: Hash tables configured (established 131072 bind 65536)
[    1.921501] MPTCP token hash table entries: 16384 (order: 6, 393216 bytes, linear)
[    1.921560] UDP hash table entries: 8192 (order: 6, 262144 bytes, linear)
[    1.921611] UDP-Lite hash table entries: 8192 (order: 6, 262144 bytes, linear)
[    1.921690] NET: Registered PF_UNIX/PF_LOCAL protocol family
[    1.921695] NET: Registered PF_XDP protocol family
[    1.921708] pci 0000:00:08.1: PCI bridge to [bus 01]
[    1.921712] pci 0000:00:08.1:   bridge window [io  0x1000-0x1fff]
[    1.921716] pci 0000:00:08.1:   bridge window [mem 0xd0100000-0xd04fffff]
[    1.921718] pci 0000:00:08.1:   bridge window [mem 0xfce0000000-0xfcf01fffff 64bit pref]
[    1.921722] pci 0000:00:08.2: PCI bridge to [bus 02]
[    1.921724] pci 0000:00:08.2:   bridge window [mem 0xd0000000-0xd00fffff]
[    1.921730] pci_bus 0000:00: resource 4 [io  0x0000-0x0cf7 window]
[    1.921731] pci_bus 0000:00: resource 5 [io  0x0d00-0xffff window]
[    1.921732] pci_bus 0000:00: resource 6 [mem 0x000a0000-0x000bffff window]
[    1.921733] pci_bus 0000:00: resource 7 [mem 0x000c0000-0x000cffff window]
[    1.921734] pci_bus 0000:00: resource 8 [mem 0x000d0000-0x000effff window]
[    1.921735] pci_bus 0000:00: resource 9 [mem 0xd0000000-0xf7ffffff window]
[    1.921736] pci_bus 0000:00: resource 10 [mem 0xfc000000-0xfed3ffff window]
[    1.921737] pci_bus 0000:00: resource 11 [mem 0x450200000-0xfcffffffff window]
[    1.921738] pci_bus 0000:01: resource 0 [io  0x1000-0x1fff]
[    1.921739] pci_bus 0000:01: resource 1 [mem 0xd0100000-0xd04fffff]
[    1.921740] pci_bus 0000:01: resource 2 [mem 0xfce0000000-0xfcf01fffff 64bit pref]
[    1.921741] pci_bus 0000:02: resource 1 [mem 0xd0000000-0xd00fffff]
[    1.921879] pci 0000:01:00.1: D0 power state depends on 0000:01:00.0
[    1.921912] pci 0000:01:00.3: extending delay after power-on from D3hot to 20 msec
[    1.923551] pci 0000:01:00.4: extending delay after power-on from D3hot to 20 msec
[    1.934775] pci 0000:01:00.4: quirk_usb_early_handoff+0x0/0x750 took 10959 usecs
[    1.934801] PCI: CLS 64 bytes, default 64
[    1.934814] pci 0000:00:00.2: AMD-Vi: IOMMU performance counters supported
[    1.934875] Trying to unpack rootfs image as initramfs...
[    1.934876] pci 0000:00:00.2: can't derive routing for PCI INT A
[    1.934877] pci 0000:00:00.2: PCI INT A: not connected
[    1.934896] pci 0000:00:01.0: Adding to iommu group 0
[    1.934911] pci 0000:00:02.0: Adding to iommu group 1
[    1.934926] pci 0000:00:08.0: Adding to iommu group 2
[    1.934932] pci 0000:00:08.1: Adding to iommu group 2
[    1.934939] pci 0000:00:08.2: Adding to iommu group 2
[    1.934952] pci 0000:00:14.0: Adding to iommu group 3
[    1.934961] pci 0000:00:14.3: Adding to iommu group 3
[    1.934985] pci 0000:00:18.0: Adding to iommu group 4
[    1.934993] pci 0000:00:18.1: Adding to iommu group 4
[    1.934999] pci 0000:00:18.2: Adding to iommu group 4
[    1.935006] pci 0000:00:18.3: Adding to iommu group 4
[    1.935013] pci 0000:00:18.4: Adding to iommu group 4
[    1.935022] pci 0000:00:18.5: Adding to iommu group 4
[    1.935029] pci 0000:00:18.6: Adding to iommu group 4
[    1.935037] pci 0000:00:18.7: Adding to iommu group 4
[    1.935041] pci 0000:01:00.0: Adding to iommu group 2
[    1.935046] pci 0000:01:00.1: Adding to iommu group 2
[    1.935052] pci 0000:01:00.2: Adding to iommu group 2
[    1.935057] pci 0000:01:00.3: Adding to iommu group 2
[    1.935062] pci 0000:01:00.4: Adding to iommu group 2
[    1.935069] pci 0000:01:00.5: Adding to iommu group 2
[    1.935074] pci 0000:01:00.6: Adding to iommu group 2
[    1.935080] pci 0000:02:00.0: Adding to iommu group 2
[    1.935085] pci 0000:02:00.1: Adding to iommu group 2
[    1.936713] pci 0000:00:00.2: AMD-Vi: Found IOMMU cap 0x40
[    1.936716] AMD-Vi: Extended features (0x206d73ef22254ade): PPR X2APIC NX GT IA GA PC GA_vAPIC
[    1.936721] AMD-Vi: Interrupt remapping enabled
[    1.936721] AMD-Vi: Virtual APIC enabled
[    1.936722] AMD-Vi: X2APIC enabled
[    1.936904] software IO TLB: tearing down default memory pool
[    1.944833] LVT offset 0 assigned for vector 0x400
[    1.945025] perf: AMD IBS detected (0x000003ff)
[    1.945031] perf/amd_iommu: Detected AMD IOMMU #0 (2 banks, 4 counters/bank).
[    1.946842] Initialise system trusted keyrings
[    1.946859] Key type blacklist registered
[    1.946982] workingset: timestamp_bits=41 max_order=22 bucket_order=0
[    1.948451] zbud: loaded
[    1.952643] Key type asymmetric registered
[    1.952646] Asymmetric key parser 'x509' registered
[    1.952693] Block layer SCSI generic (bsg) driver version 0.4 loaded (major 242)
[    1.952810] io scheduler mq-deadline registered
[    1.952814] io scheduler kyber registered
[    1.952880] io scheduler bfq registered
[    1.953613] pcieport 0000:00:08.1: PME: Signaling with IRQ 26
[    1.953946] pcieport 0000:00:08.2: PME: Signaling with IRQ 27
[    1.954093] shpchp: Standard Hot Plug PCI Controller Driver version: 0.4
[    1.955536] ACPI: AC: AC Adapter [ACAD] (on-line)
[    1.955576] input: Power Button as /devices/LNXSYSTM:00/LNXSYBUS:00/PNP0C0C:00/input/input0
[    1.955594] ACPI: button: Power Button [PWRB]
[    1.955622] input: Lid Switch as /devices/LNXSYSTM:00/LNXSYBUS:00/PNP0A08:00/device:2a/PNP0C09:00/PNP0C0D:00/input/input1
[    1.955637] ACPI: button: Lid Switch [LID0]
[    1.955691] Monitor-Mwait will be used to enter C-1 state
[    1.955711] ACPI: \_SB_.PLTF.C000: Found 3 idle states
[    1.955722] ACPI: FW issue: working around C-state latencies out of order
[    1.955823] ACPI: \_SB_.PLTF.C001: Found 3 idle states
[    1.955833] ACPI: FW issue: working around C-state latencies out of order
[    1.955996] ACPI: \_SB_.PLTF.C002: Found 3 idle states
[    1.956007] ACPI: FW issue: working around C-state latencies out of order
[    1.956120] ACPI: \_SB_.PLTF.C003: Found 3 idle states
[    1.956131] ACPI: FW issue: working around C-state latencies out of order
[    1.956311] ACPI: \_SB_.PLTF.C004: Found 3 idle states
[    1.956326] ACPI: FW issue: working around C-state latencies out of order
[    1.956573] ACPI: \_SB_.PLTF.C005: Found 3 idle states
[    1.956584] ACPI: FW issue: working around C-state latencies out of order
[    1.958685] thermal LNXTHERM:00: registered as thermal_zone0
[    1.958687] ACPI: thermal: Thermal Zone [TZ0] (0 C)
[    1.958824] Serial: 8250/16550 driver, 32 ports, IRQ sharing enabled
[    1.960588] Non-volatile memory driver v1.3
[    1.960589] Linux agpgart interface v0.103
[    1.960664] AMD-Vi: AMD IOMMUv2 loaded and initialized
[    1.960725] ACPI: bus type drm_connector registered
[    1.961534] ahci 0000:02:00.0: version 3.0
[    1.961664] ahci 0000:02:00.0: AHCI 0001.0301 32 slots 1 ports 6 Gbps 0x1 impl SATA mode
[    1.961666] ahci 0000:02:00.0: flags: 64bit ncq sntf ilck pm led clo only pmp fbs pio slum part 
[    1.961922] scsi host0: ahci
[    1.961986] ata1: SATA max UDMA/133 abar m2048@0xd0001000 port 0xd0001100 irq 29
[    1.962124] ahci 0000:02:00.1: AHCI 0001.0301 32 slots 1 ports 6 Gbps 0x1 impl SATA mode
[    1.962126] ahci 0000:02:00.1: flags: 64bit ncq sntf ilck pm led clo only pmp fbs pio slum part deso sadm sds 
[    1.962365] scsi host1: ahci
[    1.962406] ata2: SATA max UDMA/133 abar m2048@0xd0000000 port 0xd0000100 irq 31
[    1.962431] ehci_hcd: USB 2.0 'Enhanced' Host Controller (EHCI) Driver
[    1.962435] ehci-pci: EHCI PCI platform driver
[    1.962443] ohci_hcd: USB 1.1 'Open' Host Controller (OHCI) Driver
[    1.962445] ohci-pci: OHCI PCI platform driver
[    1.962451] uhci_hcd: USB Universal Host Controller Interface driver
[    1.962499] usbcore: registered new interface driver usbserial_generic
[    1.962502] usbserial: USB Serial support registered for generic
[    1.962583] rtc_cmos 00:01: RTC can wake from S4
[    1.962812] rtc_cmos 00:01: registered as rtc0
[    1.962840] rtc_cmos 00:01: setting system clock to 2022-02-03T23:50:38 UTC (1643932238)
[    1.962854] rtc_cmos 00:01: alarms up to one month, 114 bytes nvram, hpet irqs
[    1.962971] ledtrig-cpu: registered to indicate activity on CPUs
[    1.963171] efifb: probing for efifb
[    1.963179] efifb: framebuffer at 0xfce0000000, using 8128k, total 8128k
[    1.963180] efifb: mode is 1920x1080x32, linelength=7680, pages=1
[    1.963181] efifb: scrolling: redraw
[    1.963182] efifb: Truecolor: size=8:8:8:8, shift=24:16:8:0
[    1.963231] fbcon: Deferring console take-over
[    1.963232] fb0: EFI VGA frame buffer device
[    1.963254] hid: raw HID events driver (C) Jiri Kosina
[    1.963317] drop_monitor: Initializing network drop monitor service
[    1.963365] Initializing XFRM netlink socket
[    1.963469] NET: Registered PF_INET6 protocol family
[    1.977579] ACPI: battery: Slot [BATT] (battery present)
[    2.279177] ata1: SATA link down (SStatus 0 SControl 300)
[    2.352304] Freeing initrd memory: 6580K
[    2.357986] Segment Routing with IPv6
[    2.357992] RPL Segment Routing with IPv6
[    2.358013] In-situ OAM (IOAM) with IPv6
[    2.358056] NET: Registered PF_PACKET protocol family
[    2.359213] microcode: CPU0: patch_level=0x08600106
[    2.359233] microcode: CPU1: patch_level=0x08600106
[    2.359254] microcode: CPU2: patch_level=0x08600106
[    2.359262] microcode: CPU3: patch_level=0x08600106
[    2.359278] microcode: CPU4: patch_level=0x08600106
[    2.359283] microcode: CPU5: patch_level=0x08600106
[    2.359288] microcode: Microcode Update Driver: v2.2.
[    2.359506] resctrl: L3 allocation detected
[    2.359508] resctrl: MB allocation detected
[    2.359509] resctrl: L3 monitoring detected
[    2.359512] IPI shorthand broadcast: enabled
[    2.359524] sched_clock: Marking stable (2358986077, 502989)->(3460478822, -1100989756)
[    2.359804] registered taskstats version 1
[    2.360075] Loading compiled-in X.509 certificates
[    2.362452] Loaded X.509 cert 'Build time autogenerated kernel key: 3c35f4932df6cd1569d934ec759b543160b93f7d'
[    2.363220] zswap: loaded using pool lz4/z3fold
[    2.363736] Key type ._fscrypt registered
[    2.363737] Key type .fscrypt registered
[    2.363737] Key type fscrypt-provisioning registered
[    2.363796] AppArmor: AppArmor sha1 policy hashing enabled
[    2.365480] PM:   Magic number: 10:428:857
[    2.365678] RAS: Correctable Errors collector initialized.
[    2.728095] ata2: SATA link up 6.0 Gbps (SStatus 133 SControl 300)
[    2.728734] ata2.00: ATA-11: SAMSUNG MZNLH512HALU-00000, RVT2200Q, max UDMA/133
[    2.729599] ata2.00: 1000215216 sectors, multi 16: LBA48 NCQ (depth 32), AA
[    2.732413] ata2.00: Features: Dev-Sleep NCQ-sndrcv
[    2.736759] ata2.00: configured for UDMA/133
[    2.736889] ata2.00: failed to enable DEVSLP
[    2.736896] ata2.00: failed to enable DIPM, Emask 0x40
[    3.007121] clocksource: timekeeping watchdog on CPU1: Marking clocksource 'tsc-early' as unstable because the skew is too large:
[    3.007129] clocksource:                       'hpet' wd_nsec: 506833270 wd_now: 1d5f29f wd_last: 167373d mask: ffffffff
[    3.007133] clocksource:                       'tsc-early' cs_nsec: 793064813 cs_now: 474440d46 cs_last: 40434af8d mask: ffffffffffffffff
[    3.007136] clocksource:                       'tsc-early' is current clocksource.
[    3.007147] tsc: Marking TSC unstable due to clocksource watchdog
[    3.007166] TSC found unstable after boot, most likely due to broken BIOS. Use 'tsc=unstable'.
[    3.007168] sched_clock: Marking unstable (3006662582, 502989)<-(4108155293, -1100989756)
[    3.007520] clocksource: Switched to clocksource hpet
[    7.951209] ata2: SATA link up 6.0 Gbps (SStatus 133 SControl 300)
[    7.960996] ata2.00: configured for UDMA/133
[    7.961558] scsi 1:0:0:0: Direct-Access     ATA      SAMSUNG MZNLH512 200Q PQ: 0 ANSI: 5
[    7.962187] sd 1:0:0:0: [sda] 1000215216 512-byte logical blocks: (512 GB/477 GiB)
[    7.962211] sd 1:0:0:0: [sda] Write Protect is off
[    7.962214] sd 1:0:0:0: [sda] Mode Sense: 00 3a 00 00
[    7.962242] sd 1:0:0:0: [sda] Write cache: enabled, read cache: enabled, doesn't support DPO or FUA
[    7.992725]  sda: sda1 sda2 sda3
[    8.014807] sd 1:0:0:0: [sda] Attached SCSI disk
[    8.014944] Unstable clock detected, switching default tracing clock to "global"
               If you want to keep using the local clock, then add:
                 "trace_clock=local"
               on the kernel command line
[    8.017632] Freeing unused decrypted memory: 2036K
[    8.017967] Freeing unused kernel image (initmem) memory: 1800K
[    8.051362] Write protecting the kernel read-only data: 28672k
[    8.052307] Freeing unused kernel image (text/rodata gap) memory: 2036K
[    8.052763] Freeing unused kernel image (rodata/data gap) memory: 1368K
[    8.077937] x86/mm: Checked W+X mappings: passed, no W+X pages found.
[    8.077944] rodata_test: all tests were successful
[    8.077946] x86/mm: Checking user space page tables
[    8.102035] x86/mm: Checked W+X mappings: passed, no W+X pages found.
[    8.102061] Run /init as init process
[    8.102063]   with arguments:
[    8.102064]     /init
[    8.102065]   with environment:
[    8.102065]     HOME=/
[    8.102066]     TERM=linux
[    8.102066]     BOOT_IMAGE=/boot/vmlinuz-linux
[    8.102067]     pti=on
[    8.102068]     mem_encrypt=on
[    8.122630] fbcon: Taking over console
[    8.122712] Console: switching to colour frame buffer device 240x67
[    8.214037] random: fast init done
[    8.220159] xhci_hcd 0000:01:00.3: xHCI Host Controller
[    8.220167] xhci_hcd 0000:01:00.3: new USB bus registered, assigned bus number 1
[    8.220278] xhci_hcd 0000:01:00.3: hcc params 0x0268ffe5 hci version 0x110 quirks 0x0000020000000410
[    8.220693] usb usb1: New USB device found, idVendor=1d6b, idProduct=0002, bcdDevice= 5.16
[    8.220696] usb usb1: New USB device strings: Mfr=3, Product=2, SerialNumber=1
[    8.220697] usb usb1: Product: xHCI Host Controller
[    8.220699] usb usb1: Manufacturer: Linux 5.16.5-arch1-1 xhci-hcd
[    8.220700] usb usb1: SerialNumber: 0000:01:00.3
[    8.220754] i8042: PNP: PS/2 Controller [PNP0303:KBC0] at 0x60,0x64 irq 1
[    8.220759] i8042: PNP: PS/2 appears to have AUX port disabled, if this is incorrect please boot with i8042.nopnp
[    8.220868] hub 1-0:1.0: USB hub found
[    8.220878] hub 1-0:1.0: 4 ports detected
[    8.221219] xhci_hcd 0000:01:00.3: xHCI Host Controller
[    8.221223] xhci_hcd 0000:01:00.3: new USB bus registered, assigned bus number 2
[    8.221226] xhci_hcd 0000:01:00.3: Host supports USB 3.1 Enhanced SuperSpeed
[    8.221243] usb usb2: We don't know the algorithms for LPM for this host, disabling LPM.
[    8.221267] usb usb2: New USB device found, idVendor=1d6b, idProduct=0003, bcdDevice= 5.16
[    8.221269] usb usb2: New USB device strings: Mfr=3, Product=2, SerialNumber=1
[    8.221270] usb usb2: Product: xHCI Host Controller
[    8.221271] usb usb2: Manufacturer: Linux 5.16.5-arch1-1 xhci-hcd
[    8.221272] usb usb2: SerialNumber: 0000:01:00.3
[    8.221372] hub 2-0:1.0: USB hub found
[    8.221379] hub 2-0:1.0: 2 ports detected
[    8.221647] xhci_hcd 0000:01:00.4: xHCI Host Controller
[    8.221652] xhci_hcd 0000:01:00.4: new USB bus registered, assigned bus number 3
[    8.221764] xhci_hcd 0000:01:00.4: hcc params 0x0268ffe5 hci version 0x110 quirks 0x0000020000000410
[    8.222099] usb usb3: New USB device found, idVendor=1d6b, idProduct=0002, bcdDevice= 5.16
[    8.222101] usb usb3: New USB device strings: Mfr=3, Product=2, SerialNumber=1
[    8.222102] usb usb3: Product: xHCI Host Controller
[    8.222103] usb usb3: Manufacturer: Linux 5.16.5-arch1-1 xhci-hcd
[    8.222104] usb usb3: SerialNumber: 0000:01:00.4
[    8.222236] hub 3-0:1.0: USB hub found
[    8.222245] hub 3-0:1.0: 4 ports detected
[    8.222383] serio: i8042 KBD port at 0x60,0x64 irq 1
[    8.222580] xhci_hcd 0000:01:00.4: xHCI Host Controller
[    8.222587] xhci_hcd 0000:01:00.4: new USB bus registered, assigned bus number 4
[    8.222590] xhci_hcd 0000:01:00.4: Host supports USB 3.1 Enhanced SuperSpeed
[    8.222606] usb usb4: We don't know the algorithms for LPM for this host, disabling LPM.
[    8.222632] usb usb4: New USB device found, idVendor=1d6b, idProduct=0003, bcdDevice= 5.16
[    8.222634] usb usb4: New USB device strings: Mfr=3, Product=2, SerialNumber=1
[    8.222635] usb usb4: Product: xHCI Host Controller
[    8.222636] usb usb4: Manufacturer: Linux 5.16.5-arch1-1 xhci-hcd
[    8.222637] usb usb4: SerialNumber: 0000:01:00.4
[    8.222729] hub 4-0:1.0: USB hub found
[    8.222737] hub 4-0:1.0: 2 ports detected
[    8.249843] input: AT Translated Set 2 keyboard as /devices/platform/i8042/serio0/input/input2
[    8.377482] PM: Image not found (code -22)
[   11.514035] EXT4-fs (sda2): mounted filesystem with ordered data mode. Opts: (null). Quota mode: none.
[   11.648814] systemd[1]: systemd 250.3-2-arch running in system mode (+PAM +AUDIT -SELINUX -APPARMOR -IMA +SMACK +SECCOMP +GCRYPT +GNUTLS +OPENSSL +ACL +BLKID +CURL +ELFUTILS +FIDO2 +IDN2 -IDN +IPTC +KMOD +LIBCRYPTSETUP +LIBFDISK +PCRE2 -PWQUALITY +P11KIT -QRENCODE +BZIP2 +LZ4 +XZ +ZLIB +ZSTD -BPF_FRAMEWORK +XKBCOMMON +UTMP -SYSVINIT default-hierarchy=unified)
[   11.664876] systemd[1]: Detected architecture x86-64.
[   11.665648] systemd[1]: Hostname set to <mksredmibook14ii>.
[   11.722979] random: lvmconfig: uninitialized urandom read (4 bytes read)
[   11.822648] systemd[1]: Queued start job for default target Graphical Interface.
[   11.824044] systemd[1]: Created slice Slice /system/getty.
[   11.824330] systemd[1]: Created slice Slice /system/modprobe.
[   11.824635] systemd[1]: Created slice Slice /system/systemd-fsck.
[   11.824865] systemd[1]: Created slice User and Session Slice.
[   11.824939] systemd[1]: Started Dispatch Password Requests to Console Directory Watch.
[   11.824992] systemd[1]: Started Forward Password Requests to Wall Directory Watch.
[   11.825144] systemd[1]: Set up automount Arbitrary Executable File Formats File System Automount Point.
[   11.825202] systemd[1]: Reached target Local Encrypted Volumes.
[   11.825227] systemd[1]: Reached target Login Prompts.
[   11.825252] systemd[1]: Reached target Local Integrity Protected Volumes.
[   11.825284] systemd[1]: Reached target Path Units.
[   11.825310] systemd[1]: Reached target Remote File Systems.
[   11.825335] systemd[1]: Reached target Slice Units.
[   11.825367] systemd[1]: Reached target Local Verity Protected Volumes.
[   11.825439] systemd[1]: Listening on Device-mapper event daemon FIFOs.
[   11.825738] systemd[1]: Listening on LVM2 poll daemon socket.
[   11.827040] systemd[1]: Listening on Process Core Dump Socket.
[   11.831227] systemd[1]: Journal Audit Socket was skipped because of a failed condition check (ConditionSecurity=audit).
[   11.832118] systemd[1]: Listening on Journal Socket (/dev/log).
[   11.832229] systemd[1]: Listening on Journal Socket.
[   11.832855] systemd[1]: Listening on Userspace Out-Of-Memory (OOM) Killer Socket.
[   11.833572] systemd[1]: Listening on udev Control Socket.
[   11.833658] systemd[1]: Listening on udev Kernel Socket.
[   11.834500] systemd[1]: Mounting Huge Pages File System...
[   11.835178] systemd[1]: Mounting POSIX Message Queue File System...
[   11.835841] systemd[1]: Mounting Kernel Debug File System...
[   11.836578] systemd[1]: Mounting Kernel Trace File System...
[   11.837658] systemd[1]: Starting Create List of Static Device Nodes...
[   11.838463] systemd[1]: Starting Monitoring of LVM2 mirrors, snapshots etc. using dmeventd or progress polling...
[   11.839250] systemd[1]: Starting Load Kernel Module configfs...
[   11.840025] systemd[1]: Starting Load Kernel Module drm...
[   11.840887] systemd[1]: Starting Load Kernel Module fuse...
[   11.840972] systemd[1]: File System Check on Root Device was skipped because of a failed condition check (ConditionPathIsReadWrite=!/).
[   11.841084] random: lvm: uninitialized urandom read (4 bytes read)
[   11.842381] systemd[1]: Starting Load Kernel Modules...
[   11.843196] systemd[1]: Starting Remount Root and Kernel File Systems...
[   11.843278] systemd[1]: Repartition Root Disk was skipped because all trigger condition checks failed.
[   11.844061] systemd[1]: Starting Coldplug All udev Devices...
[   11.845527] systemd[1]: Mounted Huge Pages File System.
[   11.845632] systemd[1]: Mounted POSIX Message Queue File System.
[   11.845713] systemd[1]: Mounted Kernel Debug File System.
[   11.845799] systemd[1]: Mounted Kernel Trace File System.
[   11.846010] systemd[1]: Finished Create List of Static Device Nodes.
[   11.847782] systemd[1]: modprobe@configfs.service: Deactivated successfully.
[   11.847933] ashmem_linux: loading out-of-tree module taints kernel.
[   11.847933] systemd[1]: Finished Load Kernel Module configfs.
[   11.847957] ashmem_linux: module verification failed: signature and/or required key missing - tainting kernel
[   11.848189] systemd[1]: modprobe@drm.service: Deactivated successfully.
[   11.848346] systemd[1]: Finished Load Kernel Module drm.
[   11.849181] EXT4-fs (sda2): re-mounted. Opts: (null). Quota mode: none.
[   11.849264] systemd[1]: Mounting Kernel Configuration File System...
[   11.850162] systemd[1]: Finished Remount Root and Kernel File Systems.
[   11.850324] systemd[1]: First Boot Wizard was skipped because of a failed condition check (ConditionFirstBoot=yes).
[   11.852115] systemd[1]: Rebuild Hardware Database was skipped because of a failed condition check (ConditionNeedsUpdate=/etc).
[   11.852939] systemd[1]: Starting Load/Save Random Seed...
[   11.853027] systemd[1]: Create System Users was skipped because of a failed condition check (ConditionNeedsUpdate=/etc).
[   11.853350] fuse: init (API version 7.35)
[   11.854056] systemd[1]: Starting Create Static Device Nodes in /dev...
[   11.855011] systemd[1]: modprobe@fuse.service: Deactivated successfully.
[   11.855394] systemd[1]: Finished Load Kernel Module fuse.
[   11.855533] systemd[1]: Mounted Kernel Configuration File System.
[   11.856470] systemd[1]: Mounting FUSE Control File System...
[   11.859053] systemd[1]: Mounted FUSE Control File System.
[   11.860259] vboxdrv: Found 6 processor cores
[   11.881250] vboxdrv: TSC mode is Invariant, tentative frequency 2370640892 Hz
[   11.881255] vboxdrv: Successfully loaded version 6.1.32 r149290 (interface 0x00320000)
[   11.883141] VBoxNetAdp: Successfully started.
[   11.884562] VBoxNetFlt: Successfully started.
[   11.885479] systemd[1]: Finished Load Kernel Modules.
[   11.885823] systemd[1]: Finished Create Static Device Nodes in /dev.
[   11.885950] systemd[1]: Entropy Daemon based on the HAVEGE algorithm was skipped because of a failed condition check (ConditionKernelVersion=<5.6).
[   11.886862] systemd[1]: Starting Linux Kernel Runtime Guard...
[   11.888469] systemd[1]: Starting Journal Service...
[   11.890095] systemd[1]: Starting Rule-based Manager for Device Events and Files...
[   11.906273] systemd[1]: Finished Monitoring of LVM2 mirrors, snapshots etc. using dmeventd or progress polling.
[   11.906390] systemd[1]: Reached target Preparation for Local File Systems.
[   11.906430] systemd[1]: Virtual Machine and Container Storage (Compatibility) was skipped because of a failed condition check (ConditionPathExists=/var/lib/machines.raw).
[   11.926992] systemd[1]: Finished Coldplug All udev Devices.
[   11.931600] [p_lkrg] Loading LKRG...
[   11.934430] Freezing user space processes ... (elapsed 0.001 seconds) done.
[   11.935492] OOM killer disabled.
[   12.076471] [p_lkrg] [kretprobe] register_kretprobe() for <ovl_create_or_link> failed! [err=-2]
[   12.076475] [p_lkrg] Can't hook 'ovl_create_or_link' function. This is expected if you are not using OverlayFS.
[   12.108666] [p_lkrg] [kretprobe] register_kretprobe() for <lookup_fast> failed! [err=-2]
[   12.108668] [p_lkrg] LKRG won't enforce pCFI validation on 'lookup_fast'
[   12.346459] [p_lkrg] LKRG initialized successfully!
[   12.346479] OOM killer enabled.
[   12.346479] Restarting tasks ... done.
[   12.351744] systemd[1]: Started Journal Service.
[   12.359355] systemd-journald[265]: Received client request to flush runtime journal.
[   12.435036] acpi_cpufreq: overriding BIOS provided _PSD data
[   12.435058] cpufreq: CPU0: Fast frequency switching not enabled
[   12.435059] cpufreq: Registered transition notifiers:
[   12.435060] cpufreq: p_freq_transition_notifier+0x0/0x30 [p_lkrg]
[   12.438079] cpufreq: CPU1: Fast frequency switching not enabled
[   12.438082] cpufreq: Registered transition notifiers:
[   12.438083] cpufreq: p_freq_transition_notifier+0x0/0x30 [p_lkrg]
[   12.438639] cpufreq: CPU2: Fast frequency switching not enabled
[   12.438640] cpufreq: Registered transition notifiers:
[   12.438641] cpufreq: p_freq_transition_notifier+0x0/0x30 [p_lkrg]
[   12.440003] cpufreq: CPU3: Fast frequency switching not enabled
[   12.440004] cpufreq: Registered transition notifiers:
[   12.440005] cpufreq: p_freq_transition_notifier+0x0/0x30 [p_lkrg]
[   12.443197] cpufreq: CPU4: Fast frequency switching not enabled
[   12.443201] cpufreq: Registered transition notifiers:
[   12.443202] cpufreq: p_freq_transition_notifier+0x0/0x30 [p_lkrg]
[   12.444600] cpufreq: CPU5: Fast frequency switching not enabled
[   12.444602] cpufreq: Registered transition notifiers:
[   12.444603] cpufreq: p_freq_transition_notifier+0x0/0x30 [p_lkrg]
[   12.505256] ACPI: video: Video Device [VGA] (multi-head: yes  rom: no  post: no)
[   12.505625] acpi device:0e: registered as cooling_device6
[   12.505680] input: Video Bus as /devices/LNXSYSTM:00/LNXSYBUS:00/PNP0A08:00/device:0d/LNXVIDEO:00/input/input3
[   12.531314] acpi PNP0C14:01: duplicate WMI GUID 05901221-D566-11D1-B2F0-00A0C9062910 (first instance was on PNP0C14:00)
[   12.655851] input: GXT7863:00 27C6:01E0 Mouse as /devices/platform/AMDI0010:03/i2c-0/i2c-GXT7863:00/0018:27C6:01E0.0001/input/input4
[   12.655982] input: GXT7863:00 27C6:01E0 Touchpad as /devices/platform/AMDI0010:03/i2c-0/i2c-GXT7863:00/0018:27C6:01E0.0001/input/input5
[   12.656080] hid-generic 0018:27C6:01E0.0001: input,hidraw0: I2C HID v1.00 Mouse [GXT7863:00 27C6:01E0] on i2c-GXT7863:00
[   12.822540] ccp 0000:01:00.2: enabling device (0000 -> 0002)
[   12.822786] ccp 0000:01:00.2: ccp: unable to access the device: you might be running a broken BIOS.
[   12.832935] ccp 0000:01:00.2: tee enabled
[   12.832938] ccp 0000:01:00.2: psp enabled
[   12.991480] piix4_smbus 0000:00:14.0: SMBus Host Controller at 0xb00, revision 0
[   12.991485] piix4_smbus 0000:00:14.0: Using register 0x02 for SMBus port selection
[   12.991634] piix4_smbus 0000:00:14.0: Auxiliary SMBus Host Controller at 0xb20
[   13.027007] snd_rn_pci_acp3x 0000:01:00.5: enabling device (0000 -> 0002)
[   13.134430] sp5100_tco: SP5100/SB800 TCO WatchDog Timer Driver
[   13.141683] sp5100-tco sp5100-tco: Using 0xfeb00000 for watchdog MMIO address
[   13.141844] sp5100-tco sp5100-tco: initialized. heartbeat=60 sec (nowayout=0)
[   13.466607] [drm] amdgpu kernel modesetting enabled.
[   13.495169] amdgpu: Virtual CRAT table created for CPU
[   13.495203] amdgpu: Topology: Add CPU node
[   13.495307] checking generic (fce0000000 7f0000) vs hw (fce0000000 10000000)
[   13.495311] checking generic (fce0000000 7f0000) vs hw (fce0000000 10000000)
[   13.495312] fb0: switching to amdgpu from EFI VGA
[   13.495402] Console: switching to colour dummy device 80x25
[   13.495465] amdgpu 0000:01:00.0: vgaarb: deactivate vga console
[   13.495544] amdgpu 0000:01:00.0: enabling device (0006 -> 0007)
[   13.495615] [drm] initializing kernel modesetting (RENOIR 0x1002:0x1636 0x1D72:0x1951 0xC3).
[   13.495620] amdgpu 0000:01:00.0: amdgpu: Trusted Memory Zone (TMZ) feature enabled
[   13.584592] [drm] register mmio base: 0xD0400000
[   13.584596] [drm] register mmio size: 524288
[   13.584603] [drm] virtual display string:NULL, 0000:01:00.0:virtual_display:0, num_crtc:0
[   13.585704] [drm] add ip block number 0 <soc15_common>
[   13.585705] [drm] add ip block number 1 <gmc_v9_0>
[   13.585706] [drm] add ip block number 2 <vega10_ih>
[   13.585707] [drm] add ip block number 3 <psp>
[   13.585709] [drm] add ip block number 4 <smu>
[   13.585710] [drm] add ip block number 5 <dm>
[   13.585711] [drm] add ip block number 6 <gfx_v9_0>
[   13.585712] [drm] add ip block number 7 <sdma_v4_0>
[   13.585713] [drm] add ip block number 8 <vcn_v2_0>
[   13.585714] [drm] add ip block number 9 <jpeg_v2_0>
[   13.585737] amdgpu 0000:01:00.0: amdgpu: Fetched VBIOS from VFCT
[   13.585741] amdgpu: ATOM BIOS: 113-RENOIR-026
[   13.597953] [drm] VCN decode is enabled in VM mode
[   13.597960] [drm] VCN encode is enabled in VM mode
[   13.597962] [drm] JPEG decode is enabled in VM mode
[   13.597970] amdgpu 0000:01:00.0: amdgpu: PCIE atomic ops is not supported
[   13.598078] [drm] vm size is 262144 GB, 4 levels, block size is 9-bit, fragment size is 9-bit
[   13.598088] amdgpu 0000:01:00.0: amdgpu: VRAM: 512M 0x000000F400000000 - 0x000000F41FFFFFFF (512M used)
[   13.598091] amdgpu 0000:01:00.0: amdgpu: GART: 1024M 0x0000000000000000 - 0x000000003FFFFFFF
[   13.598093] amdgpu 0000:01:00.0: amdgpu: AGP: 267419648M 0x000000F800000000 - 0x0000FFFFFFFFFFFF
[   13.598102] [drm] Detected VRAM RAM=512M, BAR=512M
[   13.598104] [drm] RAM width 128bits DDR4
[   13.598196] [drm] amdgpu: 512M of VRAM memory ready
[   13.598197] [drm] amdgpu: 3072M of GTT memory ready.
[   13.598219] [drm] GART: num cpu pages 262144, num gpu pages 262144
[   13.598323] [drm] PCIE GART of 1024M enabled.
[   13.598324] [drm] PTB located at 0x000000F400900000
[   13.598656] Adding 17309968k swap on /dev/sda3.  Priority:-2 extents:1 across:17309968k SSFS
[   13.612530] amdgpu 0000:01:00.0: amdgpu: PSP runtime database doesn't exist
[   13.622763] [drm] Loading DMUB firmware via PSP: version=0x0101001C
[   13.678111] [drm] Found VCN firmware Version ENC: 1.16 DEC: 5 VEP: 0 Revision: 3
[   13.678138] amdgpu 0000:01:00.0: amdgpu: Will use PSP to load VCN firmware
[   13.754317] random: crng init done
[   14.093280] snd_hda_intel 0000:01:00.1: enabling device (0000 -> 0002)
[   14.093447] snd_hda_intel 0000:01:00.1: Handle vga_switcheroo audio client
[   14.093802] snd_hda_intel 0000:01:00.6: enabling device (0000 -> 0002)
[   14.383027] input: HD-Audio Generic HDMI/DP,pcm=3 as /devices/pci0000:00/0000:00:08.1/0000:01:00.1/sound/card0/input7
[   14.383267] input: HD-Audio Generic HDMI/DP,pcm=7 as /devices/pci0000:00/0000:00:08.1/0000:01:00.1/sound/card0/input8
[   14.435000] [drm] reserve 0x400000 from 0xf41f800000 for PSP TMR
[   14.443481] RAPL PMU: API unit is 2^-32 Joules, 1 fixed counters, 163840 ms ovfl timer
[   14.443486] RAPL PMU: hw unit of domain package 2^-16 Joules
[   14.513821] amdgpu 0000:01:00.0: amdgpu: RAS: optional ras ta ucode is not available
[   14.521756] amdgpu 0000:01:00.0: amdgpu: RAP: optional rap ta ucode is not available
[   14.521760] amdgpu 0000:01:00.0: amdgpu: SECUREDISPLAY: securedisplay ta ucode is not available
[   14.522213] amdgpu 0000:01:00.0: amdgpu: SMU is initialized successfully!
[   14.523240] [drm] Display Core initialized with v3.2.160!
[   14.523802] [drm] DMUB hardware initialized: version=0x0101001C
[   14.628587] ucsi_acpi USBC000:00: PPM init failed (-110)
[   14.643197] cryptd: max_cpu_qlen set to 1000
[   14.648391] [drm] kiq ring mec 2 pipe 1 q 0
[   14.651721] [drm] VCN decode and encode initialized successfully(under DPG Mode).
[   14.651741] [drm] JPEG decode initialized successfully.
[   14.654158] kfd kfd: amdgpu: Allocated 3969056 bytes on gart
[   14.733462] memmap_init_zone_device initialised 131072 pages in 0ms
[   14.733473] amdgpu: HMM registered 512MB device memory
[   14.733520] amdgpu: SRAT table not found
[   14.733522] amdgpu: Virtual CRAT table created for GPU
[   14.733676] amdgpu: Topology: Add dGPU node [0x1636:0x1002]
[   14.733681] kfd kfd: amdgpu: added device 1002:1636
[   14.733739] amdgpu 0000:01:00.0: amdgpu: SE 1, SH per SE 1, CU per SH 8, active_cu_number 6
[   14.741067] [drm] fb mappable at 0x410CD2000
[   14.741072] [drm] vram apper at 0x410000000
[   14.741073] [drm] size 8294400
[   14.741074] [drm] fb depth is 24
[   14.741075] [drm]    pitch is 7680
[   14.764434] fbcon: amdgpudrmfb (fb0) is primary device
[   14.814153] snd_hda_codec_realtek hdaudioC1D0: autoconfig for ALC256: line_outs=1 (0x14/0x0/0x0/0x0/0x0) type:speaker
[   14.814159] snd_hda_codec_realtek hdaudioC1D0:    speaker_outs=0 (0x0/0x0/0x0/0x0/0x0)
[   14.814162] snd_hda_codec_realtek hdaudioC1D0:    hp_outs=1 (0x21/0x0/0x0/0x0/0x0)
[   14.814163] snd_hda_codec_realtek hdaudioC1D0:    mono: mono_out=0x0
[   14.814165] snd_hda_codec_realtek hdaudioC1D0:    inputs:
[   14.814165] snd_hda_codec_realtek hdaudioC1D0:      Mic=0x19
[   14.820703] Console: switching to colour frame buffer device 240x67
[   14.844935] amdgpu 0000:01:00.0: [drm] fb0: amdgpudrmfb frame buffer device
[   14.910223] amdgpu 0000:01:00.0: amdgpu: ring gfx uses VM inv eng 0 on hub 0
[   14.910228] amdgpu 0000:01:00.0: amdgpu: ring comp_1.0.0 uses VM inv eng 1 on hub 0
[   14.910230] amdgpu 0000:01:00.0: amdgpu: ring comp_1.1.0 uses VM inv eng 4 on hub 0
[   14.910232] amdgpu 0000:01:00.0: amdgpu: ring comp_1.2.0 uses VM inv eng 5 on hub 0
[   14.910233] amdgpu 0000:01:00.0: amdgpu: ring comp_1.3.0 uses VM inv eng 6 on hub 0
[   14.910235] amdgpu 0000:01:00.0: amdgpu: ring comp_1.0.1 uses VM inv eng 7 on hub 0
[   14.910236] amdgpu 0000:01:00.0: amdgpu: ring comp_1.1.1 uses VM inv eng 8 on hub 0
[   14.910237] amdgpu 0000:01:00.0: amdgpu: ring comp_1.2.1 uses VM inv eng 9 on hub 0
[   14.910239] amdgpu 0000:01:00.0: amdgpu: ring comp_1.3.1 uses VM inv eng 10 on hub 0
[   14.910241] amdgpu 0000:01:00.0: amdgpu: ring kiq_2.1.0 uses VM inv eng 11 on hub 0
[   14.910242] amdgpu 0000:01:00.0: amdgpu: ring sdma0 uses VM inv eng 0 on hub 1
[   14.910244] amdgpu 0000:01:00.0: amdgpu: ring vcn_dec uses VM inv eng 1 on hub 1
[   14.910245] amdgpu 0000:01:00.0: amdgpu: ring vcn_enc0 uses VM inv eng 4 on hub 1
[   14.910247] amdgpu 0000:01:00.0: amdgpu: ring vcn_enc1 uses VM inv eng 5 on hub 1
[   14.910248] amdgpu 0000:01:00.0: amdgpu: ring jpeg_dec uses VM inv eng 6 on hub 1
[   14.916721] [drm] Initialized amdgpu 3.44.0 20150101 for 0000:01:00.0 on minor 0
[   15.021247] input: HD-Audio Generic Mic as /devices/pci0000:00/0000:00:08.1/0000:01:00.6/sound/card1/input9
[   15.021326] input: HD-Audio Generic Headphone as /devices/pci0000:00/0000:00:08.1/0000:01:00.6/sound/card1/input10
[   15.086814] AVX2 version of gcm_enc/dec engaged.
[   15.128409] AES CTR mode by8 optimization enabled
[   15.439128] input: GXT7863:00 27C6:01E0 Mouse as /devices/platform/AMDI0010:03/i2c-0/i2c-GXT7863:00/0018:27C6:01E0.0001/input/input11
[   15.439458] input: GXT7863:00 27C6:01E0 Touchpad as /devices/platform/AMDI0010:03/i2c-0/i2c-GXT7863:00/0018:27C6:01E0.0001/input/input12
[   15.440002] hid-multitouch 0018:27C6:01E0.0001: input,hidraw0: I2C HID v1.00 Mouse [GXT7863:00 27C6:01E0] on i2c-GXT7863:00
[   15.776125] MCE: In-kernel MCE decoding enabled.
[   15.779565] mousedev: PS/2 mouse device common for all mice
[   16.381718] intel_rapl_common: Found RAPL domain package
[   16.381725] intel_rapl_common: Found RAPL domain core
[   50.899640] EXT4-fs (sda2): re-mounted. Opts: commit=600. Quota mode: none.
[   69.064194] NMI watchdog: Enabled. Permanently consumes one hw-PMU counter.
[   69.100230] EXT4-fs (sda2): re-mounted. Opts: commit=0. Quota mode: none.
[   69.324268] ata1: SATA link down (SStatus 0 SControl 300)
[   69.559263] atkbd serio0: Unknown key pressed (translated set 2, code 0xf6 on isa0060/serio0).
[   69.559279] atkbd serio0: Use 'setkeycodes e076 <keycode>' to make it known.
[   71.359334] atkbd serio0: Unknown key released (translated set 2, code 0xf6 on isa0060/serio0).
[   71.359349] atkbd serio0: Use 'setkeycodes e076 <keycode>' to make it known.
[   73.043234] atkbd serio0: Unknown key pressed (translated set 2, code 0xf6 on isa0060/serio0).
[   73.043247] atkbd serio0: Use 'setkeycodes e076 <keycode>' to make it known.
[   73.497502] atkbd serio0: Unknown key released (translated set 2, code 0xf6 on isa0060/serio0).
[   73.497513] atkbd serio0: Use 'setkeycodes e076 <keycode>' to make it known.
[  115.447932] usb 3-2: new high-speed USB device number 2 using xhci_hcd
[  115.591500] usb 3-2: New USB device found, idVendor=2357, idProduct=011e, bcdDevice= 2.00
[  115.591511] usb 3-2: New USB device strings: Mfr=1, Product=2, SerialNumber=3
[  115.591515] usb 3-2: Product: 802.11ac WLAN Adapter 
[  115.591518] usb 3-2: Manufacturer: Realtek 
[  115.591520] usb 3-2: SerialNumber: 00e04c000001
[  115.591815] usb 3-2: Device is not authorized for usage
[  131.390748] usb 3-2: USB disconnect, device number 2
[  133.271165] usb 3-2: new high-speed USB device number 3 using xhci_hcd
[  133.415279] usb 3-2: New USB device found, idVendor=2357, idProduct=011e, bcdDevice= 2.00
[  133.415290] usb 3-2: New USB device strings: Mfr=1, Product=2, SerialNumber=3
[  133.415294] usb 3-2: Product: 802.11ac WLAN Adapter 
[  133.415296] usb 3-2: Manufacturer: Realtek 
[  133.415299] usb 3-2: SerialNumber: 00e04c000001
[  133.415600] usb 3-2: Device is not authorized for usage
[  237.528420] usb 3-2: authorized to connect
[  237.639586] cfg80211: Loading compiled-in X.509 certificates for regulatory database
[  237.644468] cfg80211: Loaded X.509 cert 'sforshee: 00b28ddf47aef9cea7'
[  237.647075] platform regulatory.0: Direct firmware load for regulatory.db failed with error -2
[  237.647081] cfg80211: failed to load regulatory.db
[  238.181286] usbcore: registered new interface driver rtl8821au
[  238.788283] rtl8821au 3-2:1.0 wlp1s0f4u2: renamed from wlan0
[  240.112390] IPv6: ADDRCONF(NETDEV_CHANGE): wlp1s0f4u2: link becomes ready
[  246.248387] usb 3-2: USB disconnect, device number 3
[  248.347846] usb 3-2: new high-speed USB device number 4 using xhci_hcd
[  248.491905] usb 3-2: New USB device found, idVendor=2357, idProduct=011e, bcdDevice= 2.00
[  248.491915] usb 3-2: New USB device strings: Mfr=1, Product=2, SerialNumber=3
[  248.491919] usb 3-2: Product: 802.11ac WLAN Adapter 
[  248.491922] usb 3-2: Manufacturer: Realtek 
[  248.491924] usb 3-2: SerialNumber: 00e04c000001
[  248.492147] usb 3-2: Device is not authorized for usage
[  248.958794] usb 3-2: authorized to connect
[  250.088094] rtl8821au 3-2:1.0 wlp1s0f4u2: renamed from wlan0
[  283.022307] EXT4-fs (sda2): re-mounted. Opts: commit=600. Quota mode: none.
[  286.321232] usb 3-1: new high-speed USB device number 5 using xhci_hcd
[  286.463489] usb 3-1: New USB device found, idVendor=1a40, idProduct=0801, bcdDevice= 1.00
[  286.463503] usb 3-1: New USB device strings: Mfr=0, Product=1, SerialNumber=0
[  286.463507] usb 3-1: Product: USB 2.0 Hub
[  286.463798] usb 3-1: Device is not authorized for usage
[  286.871113] usb 4-1: new SuperSpeed USB device number 2 using xhci_hcd
[  286.894711] usb 4-1: New USB device found, idVendor=05e3, idProduct=0626, bcdDevice= 6.63
[  286.894719] usb 4-1: New USB device strings: Mfr=1, Product=2, SerialNumber=0
[  286.894721] usb 4-1: Product: USB3.1 Hub
[  286.894723] usb 4-1: Manufacturer: GenesysLogic
[  286.894945] usb 4-1: Device is not authorized for usage
[  287.463436] usb 4-1: USB disconnect, device number 2
[  287.861667] usb 4-1: new SuperSpeed USB device number 3 using xhci_hcd
[  287.886876] usb 4-1: New USB device found, idVendor=05e3, idProduct=0626, bcdDevice= 6.63
[  287.886890] usb 4-1: New USB device strings: Mfr=1, Product=2, SerialNumber=0
[  287.886894] usb 4-1: Product: USB3.1 Hub
[  287.886897] usb 4-1: Manufacturer: GenesysLogic
[  287.887238] usb 4-1: Device is not authorized for usage
[  289.012444] NMI watchdog: Enabled. Permanently consumes one hw-PMU counter.
[  289.047607] EXT4-fs (sda2): re-mounted. Opts: commit=0. Quota mode: none.
[  289.267627] ata1: SATA link down (SStatus 0 SControl 300)
[  300.089539] usb 3-2: USB disconnect, device number 4
[  330.258622] atkbd serio0: Unknown key pressed (translated set 2, code 0xf6 on isa0060/serio0).
[  330.258632] atkbd serio0: Use 'setkeycodes e076 <keycode>' to make it known.
[  330.563700] atkbd serio0: Unknown key released (translated set 2, code 0xf6 on isa0060/serio0).
[  330.563715] atkbd serio0: Use 'setkeycodes e076 <keycode>' to make it known.
[  381.430000] atkbd serio0: Unknown key pressed (translated set 2, code 0xf6 on isa0060/serio0).
[  381.430012] atkbd serio0: Use 'setkeycodes e076 <keycode>' to make it known.
[  381.735313] atkbd serio0: Unknown key released (translated set 2, code 0xf6 on isa0060/serio0).
[  381.735329] atkbd serio0: Use 'setkeycodes e076 <keycode>' to make it known.
[  386.877628] atkbd serio0: Unknown key pressed (translated set 2, code 0xf6 on isa0060/serio0).
[  386.877640] atkbd serio0: Use 'setkeycodes e076 <keycode>' to make it known.
[  387.272646] atkbd serio0: Unknown key released (translated set 2, code 0xf6 on isa0060/serio0).
[  387.272660] atkbd serio0: Use 'setkeycodes e076 <keycode>' to make it known.
[  395.667151] atkbd serio0: Unknown key pressed (translated set 2, code 0xf6 on isa0060/serio0).
[  395.667163] atkbd serio0: Use 'setkeycodes e076 <keycode>' to make it known.
[  396.250167] atkbd serio0: Unknown key released (translated set 2, code 0xf6 on isa0060/serio0).
[  396.250181] atkbd serio0: Use 'setkeycodes e076 <keycode>' to make it known.
[  405.171546] hub 3-1:1.0: USB hub found
[  405.171872] hub 3-1:1.0: 4 ports detected
[  405.173669] usb 3-1: authorized to connect
[  405.204344] hub 4-1:1.0: USB hub found
[  405.205172] hub 4-1:1.0: 4 ports detected
[  405.206825] usb 4-1: authorized to connect
[  405.476372] usb 3-1.1: new full-speed USB device number 6 using xhci_hcd
[  405.642229] usb 3-1.1: not running at top speed; connect to a high speed hub
[  405.695252] usb 3-1.1: New USB device found, idVendor=25a4, idProduct=9311, bcdDevice= 2.01
[  405.695262] usb 3-1.1: New USB device strings: Mfr=1, Product=2, SerialNumber=3
[  405.695265] usb 3-1.1: Product: USB C Video Adaptor      
[  405.695268] usb 3-1.1: Manufacturer: USB C  
[  405.695270] usb 3-1.1: SerialNumber: 000000000001
[  405.695727] usb 3-1.1: Device is not authorized for usage
[  405.948002] usb 4-1.1: new SuperSpeed USB device number 4 using xhci_hcd
[  405.967971] usb 4-1.1: New USB device found, idVendor=8564, idProduct=4000, bcdDevice= 0.04
[  405.967978] usb 4-1.1: New USB device strings: Mfr=3, Product=4, SerialNumber=2
[  405.967980] usb 4-1.1: Product: Transcend
[  405.967981] usb 4-1.1: Manufacturer: TS-RDF5A
[  405.967983] usb 4-1.1: SerialNumber: 000000000004
[  405.968158] usb 4-1.1: Device is not authorized for usage
[  406.054299] usb 3-1.2: new high-speed USB device number 7 using xhci_hcd
[  406.150108] usb 3-1.2: New USB device found, idVendor=05e3, idProduct=0610, bcdDevice= 6.63
[  406.150116] usb 3-1.2: New USB device strings: Mfr=1, Product=2, SerialNumber=0
[  406.150119] usb 3-1.2: Product: USB2.1 Hub
[  406.150121] usb 3-1.2: Manufacturer: GenesysLogic
[  406.150341] usb 3-1.2: Device is not authorized for usage
[  418.568521] atkbd serio0: Unknown key pressed (translated set 2, code 0xf6 on isa0060/serio0).
[  418.568537] atkbd serio0: Use 'setkeycodes e076 <keycode>' to make it known.
[  419.023897] atkbd serio0: Unknown key released (translated set 2, code 0xf6 on isa0060/serio0).
[  419.023912] atkbd serio0: Use 'setkeycodes e076 <keycode>' to make it known.
[  421.953695] atkbd serio0: Unknown key pressed (translated set 2, code 0xf6 on isa0060/serio0).
[  421.953706] atkbd serio0: Use 'setkeycodes e076 <keycode>' to make it known.
[  422.413327] atkbd serio0: Unknown key released (translated set 2, code 0xf6 on isa0060/serio0).
[  422.413339] atkbd serio0: Use 'setkeycodes e076 <keycode>' to make it known.
[  450.921813] atkbd serio0: Unknown key pressed (translated set 2, code 0xf6 on isa0060/serio0).
[  450.921828] atkbd serio0: Use 'setkeycodes e076 <keycode>' to make it known.
[  451.334834] atkbd serio0: Unknown key released (translated set 2, code 0xf6 on isa0060/serio0).
[  451.334849] atkbd serio0: Use 'setkeycodes e076 <keycode>' to make it known.
[  451.807888] atkbd serio0: Unknown key pressed (translated set 2, code 0xf6 on isa0060/serio0).
[  451.807900] atkbd serio0: Use 'setkeycodes e076 <keycode>' to make it known.
[  452.280536] atkbd serio0: Unknown key released (translated set 2, code 0xf6 on isa0060/serio0).
[  452.280548] atkbd serio0: Use 'setkeycodes e076 <keycode>' to make it known.
[  466.612163] hub 3-1.2:1.0: USB hub found
[  466.612633] hub 3-1.2:1.0: 4 ports detected
[  466.615495] usb 3-1.2: authorized to connect
[  466.617065] usb 4-1.1: authorized to connect
[  466.634664] usb-storage 4-1.1:1.0: USB Mass Storage device detected
[  466.635026] scsi host2: usb-storage 4-1.1:1.0
[  466.635199] usbcore: registered new interface driver usb-storage
[  466.680048] usbcore: registered new interface driver uas
[  466.920937] usb 3-1.2.2: new high-speed USB device number 8 using xhci_hcd
[  467.643092] scsi 2:0:0:0: Direct-Access     TS-RDF5A Transcend        0004 PQ: 0 ANSI: 6
[  467.645801] sd 2:0:0:0: [sdb] Media removed, stopped polling
[  467.647690] sd 2:0:0:0: [sdb] Attached SCSI removable disk
[  467.691394] usb 4-1.2: new SuperSpeed USB device number 5 using xhci_hcd
[  467.711446] usb 4-1.2: New USB device found, idVendor=0bda, idProduct=8153, bcdDevice=30.00
[  467.711452] usb 4-1.2: New USB device strings: Mfr=1, Product=2, SerialNumber=6
[  467.711454] usb 4-1.2: Product: USB 10/100/1000 LAN
[  467.711456] usb 4-1.2: Manufacturer: Realtek
[  467.711457] usb 4-1.2: SerialNumber: 000001
[  467.711627] usb 4-1.2: Device is not authorized for usage
[  467.814303] usb 3-1.2.3: new low-speed USB device number 9 using xhci_hcd
[  467.944317] usb 3-1.2.3: New USB device found, idVendor=1bcf, idProduct=0005, bcdDevice= 0.90
[  467.944324] usb 3-1.2.3: New USB device strings: Mfr=0, Product=2, SerialNumber=0
[  467.944327] usb 3-1.2.3: Product: USB Optical Mouse
[  467.944527] usb 3-1.2.3: Device is not authorized for usage
[  476.100728] usb 4-1.2: USB disconnect, device number 5
[  478.401246] usb 4-1.2: new SuperSpeed USB device number 6 using xhci_hcd
[  478.418334] usb 4-1.2: New USB device found, idVendor=0bda, idProduct=8151, bcdDevice=30.00
[  478.418345] usb 4-1.2: New USB device strings: Mfr=1, Product=2, SerialNumber=6
[  478.418349] usb 4-1.2: Product: USB 10/100/1000 LAN
[  478.418352] usb 4-1.2: Manufacturer: Realtek
[  478.418354] usb 4-1.2: SerialNumber: 000001
[  478.418597] usb 4-1.2: Device is not authorized for usage
[  493.430646] usb 3-1.2.3: authorized to connect
[  493.457841] input: USB Optical Mouse as /devices/pci0000:00/0000:00:08.1/0000:01:00.4/usb3/3-1/3-1.2/3-1.2.3/3-1.2.3:1.0/0003:1BCF:0005.0002/input/input14
[  493.518463] hid-generic 0003:1BCF:0005.0002: input,hidraw1: USB HID v1.10 Mouse [USB Optical Mouse] on usb-0000:01:00.4-1.2.3/input0
[  493.518551] usbcore: registered new interface driver usbhid
[  493.518553] usbhid: USB HID core driver
[  501.345919] atkbd serio0: Unknown key pressed (translated set 2, code 0xf6 on isa0060/serio0).
[  501.345930] atkbd serio0: Use 'setkeycodes e076 <keycode>' to make it known.
[  501.619863] atkbd serio0: Unknown key released (translated set 2, code 0xf6 on isa0060/serio0).
[  501.619879] atkbd serio0: Use 'setkeycodes e076 <keycode>' to make it known.
[  514.186255] usb-storage 4-1.2:1.0: USB Mass Storage device detected
[  514.188844] scsi host3: usb-storage 4-1.2:1.0
[  514.188977] usb 4-1.2: authorized to connect
[  515.214935] scsi 3:0:0:0: CD-ROM            Realtek  USB CD-ROM       2.00 PQ: 0 ANSI: 0
[  515.265153] sr 3:0:0:0: [sr0] scsi-1 drive
[  515.265158] cdrom: Uniform CD-ROM driver Revision: 3.20
[  515.266409] sr 3:0:0:0: Attached scsi CD-ROM sr0
[  546.111514] usb 3-2: new high-speed USB device number 10 using xhci_hcd
[  546.254842] usb 3-2: New USB device found, idVendor=2357, idProduct=011e, bcdDevice= 2.00
[  546.254857] usb 3-2: New USB device strings: Mfr=1, Product=2, SerialNumber=3
[  546.254860] usb 3-2: Product: 802.11ac WLAN Adapter 
[  546.254863] usb 3-2: Manufacturer: Realtek 
[  546.254866] usb 3-2: SerialNumber: 00e04c000001
[  546.255329] usb 3-2: Device is not authorized for usage
[  546.758259] usb 3-2: authorized to connect
[  547.929876] rtl8821au 3-2:1.0 wlp1s0f4u2: renamed from wlan0
[  549.261773] IPv6: ADDRCONF(NETDEV_CHANGE): wlp1s0f4u2: link becomes ready
[  601.513925] usb 3-1: USB disconnect, device number 5
[  601.513937] usb 3-1.1: USB disconnect, device number 6
[  601.514943] usb 3-1.2: USB disconnect, device number 7
[  601.514948] usb 3-1.2.3: USB disconnect, device number 9
[  601.541700] usb 4-1: USB disconnect, device number 3
[  601.541718] usb 4-1.1: USB disconnect, device number 4
[  601.619817] usb 4-1.2: USB disconnect, device number 6
[  603.477810] EXT4-fs (sda2): re-mounted. Opts: commit=600. Quota mode: none.
[  603.484260] usb 3-1: new high-speed USB device number 11 using xhci_hcd
[  603.632637] usb 3-1: New USB device found, idVendor=1a40, idProduct=0801, bcdDevice= 1.00
[  603.632647] usb 3-1: New USB device strings: Mfr=0, Product=1, SerialNumber=0
[  603.632650] usb 3-1: Product: USB 2.0 Hub
[  603.632877] usb 3-1: Device is not authorized for usage
[  603.667541] hub 3-1:1.0: USB hub found
[  603.668644] hub 3-1:1.0: 4 ports detected
[  603.670333] usb 3-1: authorized to connect
[  603.967899] usb 3-1.1: new full-speed USB device number 12 using xhci_hcd
[  604.111336] usb 3-1.1: not running at top speed; connect to a high speed hub
[  604.162673] usb 3-1.1: New USB device found, idVendor=25a4, idProduct=9311, bcdDevice= 2.01
[  604.162682] usb 3-1.1: New USB device strings: Mfr=1, Product=2, SerialNumber=3
[  604.162686] usb 3-1.1: Product: USB C Video Adaptor      
[  604.162688] usb 3-1.1: Manufacturer: USB C  
[  604.162690] usb 3-1.1: SerialNumber: 000000000001
[  604.178596] usb 3-1.1: Device is not authorized for usage
[  604.224417] usb 4-1: new SuperSpeed USB device number 7 using xhci_hcd
[  604.252062] usb 4-1: New USB device found, idVendor=05e3, idProduct=0626, bcdDevice= 6.63
[  604.252072] usb 4-1: New USB device strings: Mfr=1, Product=2, SerialNumber=0
[  604.252075] usb 4-1: Product: USB3.1 Hub
[  604.252077] usb 4-1: Manufacturer: GenesysLogic
[  604.252312] usb 4-1: Device is not authorized for usage
[  604.276372] hub 4-1:1.0: USB hub found
[  604.277199] hub 4-1:1.0: 4 ports detected
[  604.278893] usb 4-1: authorized to connect
[  604.337587] usb 3-1.2: new high-speed USB device number 13 using xhci_hcd
[  604.442767] usb 3-1.2: New USB device found, idVendor=05e3, idProduct=0610, bcdDevice= 6.63
[  604.442778] usb 3-1.2: New USB device strings: Mfr=1, Product=2, SerialNumber=0
[  604.442781] usb 3-1.2: Product: USB2.1 Hub
[  604.442784] usb 3-1.2: Manufacturer: GenesysLogic
[  604.443003] usb 3-1.2: Device is not authorized for usage
[  604.499891] hub 3-1.2:1.0: USB hub found
[  604.501143] hub 3-1.2:1.0: 4 ports detected
[  604.503750] usb 3-1.2: authorized to connect
[  604.571437] usb 4-1.1: new SuperSpeed USB device number 8 using xhci_hcd
[  604.591257] usb 4-1.1: New USB device found, idVendor=8564, idProduct=4000, bcdDevice= 0.04
[  604.591266] usb 4-1.1: New USB device strings: Mfr=3, Product=4, SerialNumber=2
[  604.591268] usb 4-1.1: Product: Transcend
[  604.591270] usb 4-1.1: Manufacturer: TS-RDF5A
[  604.591271] usb 4-1.1: SerialNumber: 000000000004
[  604.591461] usb 4-1.1: Device is not authorized for usage
[  604.592547] usb-storage 4-1.1:1.0: USB Mass Storage device detected
[  604.602218] scsi host2: usb-storage 4-1.1:1.0
[  604.602433] usb 4-1.1: authorized to connect
[  604.694616] usb 4-1: USB disconnect, device number 7
[  604.694625] usb 4-1.1: USB disconnect, device number 8
[  604.837745] usb 3-1.2.3: new low-speed USB device number 14 using xhci_hcd
[  604.964372] usb 3-1.2.3: New USB device found, idVendor=1bcf, idProduct=0005, bcdDevice= 0.90
[  604.964383] usb 3-1.2.3: New USB device strings: Mfr=0, Product=2, SerialNumber=0
[  604.964387] usb 3-1.2.3: Product: USB Optical Mouse
[  604.964608] usb 3-1.2.3: Device is not authorized for usage
[  605.021306] input: USB Optical Mouse as /devices/pci0000:00/0000:00:08.1/0000:01:00.4/usb3/3-1/3-1.2/3-1.2.3/3-1.2.3:1.0/0003:1BCF:0005.0003/input/input15
[  605.021718] hid-generic 0003:1BCF:0005.0003: input,hidraw1: USB HID v1.10 Mouse [USB Optical Mouse] on usb-0000:01:00.4-1.2.3/input0
[  605.021805] usb 3-1.2.3: authorized to connect
[  605.134473] usb 4-1: new SuperSpeed USB device number 9 using xhci_hcd
[  605.158431] usb 4-1: New USB device found, idVendor=05e3, idProduct=0626, bcdDevice= 6.63
[  605.158441] usb 4-1: New USB device strings: Mfr=1, Product=2, SerialNumber=0
[  605.158445] usb 4-1: Product: USB3.1 Hub
[  605.158448] usb 4-1: Manufacturer: GenesysLogic
[  605.158686] usb 4-1: Device is not authorized for usage
[  605.188400] hub 4-1:1.0: USB hub found
[  605.189301] hub 4-1:1.0: 4 ports detected
[  605.191103] usb 4-1: authorized to connect
[  605.471252] usb 4-1.1: new SuperSpeed USB device number 10 using xhci_hcd
[  605.494409] usb 4-1.1: New USB device found, idVendor=8564, idProduct=4000, bcdDevice= 0.04
[  605.494419] usb 4-1.1: New USB device strings: Mfr=3, Product=4, SerialNumber=2
[  605.494422] usb 4-1.1: Product: Transcend
[  605.494424] usb 4-1.1: Manufacturer: TS-RDF5A
[  605.494426] usb 4-1.1: SerialNumber: 000000000004
[  605.494669] usb 4-1.1: Device is not authorized for usage
[  605.496429] usb-storage 4-1.1:1.0: USB Mass Storage device detected
[  605.505508] scsi host2: usb-storage 4-1.1:1.0
[  605.505711] usb 4-1.1: authorized to connect
[  606.004392] usb 4-1.2: new SuperSpeed USB device number 11 using xhci_hcd
[  606.021759] usb 4-1.2: New USB device found, idVendor=0bda, idProduct=8153, bcdDevice=30.00
[  606.021768] usb 4-1.2: New USB device strings: Mfr=1, Product=2, SerialNumber=6
[  606.021770] usb 4-1.2: Product: USB 10/100/1000 LAN
[  606.021772] usb 4-1.2: Manufacturer: Realtek
[  606.021774] usb 4-1.2: SerialNumber: 000001
[  606.021950] usb 4-1.2: Device is not authorized for usage
[  606.051590] usb 4-1.2: authorized to connect
[  606.157149] NMI watchdog: Enabled. Permanently consumes one hw-PMU counter.
[  606.414315] ata1: SATA link down (SStatus 0 SControl 300)
[  606.523094] scsi 2:0:0:0: Direct-Access     TS-RDF5A Transcend        0004 PQ: 0 ANSI: 6
[  606.524800] sd 2:0:0:0: [sdb] Media removed, stopped polling
[  606.526583] sd 2:0:0:0: [sdb] Attached SCSI removable disk
[  608.665704] usbcore: registered new interface driver cdc_ether
[  608.867516] usb 4-1.2: reset SuperSpeed USB device number 11 using xhci_hcd
[  608.938739] r8152 4-1.2:1.0 eth0: v2.15.0 (2021/04/15)
[  608.938745] r8152 4-1.2:1.0 eth0: This product is covered by one or more of the following patents:
               		US6,570,884, US6,115,776, and US6,327,625.

[  608.938825] usbcore: registered new interface driver r8152
[  609.035292] usbcore: registered new interface driver r8153_ecm
[  609.206840] r8152 4-1.2:1.0 enp1s0f4u1u2: renamed from eth0
[  611.780163] IPv6: ADDRCONF(NETDEV_CHANGE): enp1s0f4u1u2: link becomes ready
[  611.780457] r8152 4-1.2:1.0 enp1s0f4u1u2: carrier on
[  611.797601] ip6tables deny: IN= OUT=enp1s0f4u1u2 SRC=0000:0000:0000:0000:0000:0000:0000:0000 DST=ff02:0000:0000:0000:0000:0000:0000:0016 LEN=76 TC=0 HOPLIMIT=1 FLOWLBL=0 PROTO=ICMPv6 TYPE=143 CODE=0 MARK=0xd4 
[  612.547607] ip6tables deny: IN= OUT=enp1s0f4u1u2 SRC=0000:0000:0000:0000:0000:0000:0000:0000 DST=ff02:0000:0000:0000:0000:0000:0000:0016 LEN=76 TC=0 HOPLIMIT=1 FLOWLBL=0 PROTO=ICMPv6 TYPE=143 CODE=0 MARK=0xd4 
[  612.707610] ip6tables deny: IN= OUT=enp1s0f4u1u2 SRC=0000:0000:0000:0000:0000:0000:0000:0000 DST=ff02:0000:0000:0000:0000:0001:ffd6:e234 LEN=72 TC=0 HOPLIMIT=255 FLOWLBL=0 PROTO=ICMPv6 TYPE=135 CODE=0 
[  613.720976] ip6tables deny: IN= OUT=enp1s0f4u1u2 SRC=fe80:0000:0000:0000:b4de:d21f:61d6:e234 DST=ff02:0000:0000:0000:0000:0000:0000:0016 LEN=76 TC=0 HOPLIMIT=1 FLOWLBL=0 PROTO=ICMPv6 TYPE=143 CODE=0 MARK=0xd4 
[  613.730955] ip6tables deny: IN= OUT=enp1s0f4u1u2 SRC=fe80:0000:0000:0000:b4de:d21f:61d6:e234 DST=ff02:0000:0000:0000:0000:0000:0000:0016 LEN=76 TC=0 HOPLIMIT=1 FLOWLBL=0 PROTO=ICMPv6 TYPE=143 CODE=0 MARK=0xd4 
[  613.874541] ip6tables deny: IN= OUT=enp1s0f4u1u2 SRC=fe80:0000:0000:0000:b4de:d21f:61d6:e234 DST=ff02:0000:0000:0000:0000:0000:0000:0002 LEN=48 TC=0 HOPLIMIT=255 FLOWLBL=149231 PROTO=ICMPv6 TYPE=133 CODE=0 
[  614.040954] ip6tables deny: IN= OUT=enp1s0f4u1u2 SRC=fe80:0000:0000:0000:b4de:d21f:61d6:e234 DST=ff02:0000:0000:0000:0000:0000:0000:0016 LEN=76 TC=0 HOPLIMIT=1 FLOWLBL=0 PROTO=ICMPv6 TYPE=143 CODE=0 MARK=0xd4 
[  614.334278] ip6tables deny: IN= OUT=enp1s0f4u1u2 SRC=fe80:0000:0000:0000:b4de:d21f:61d6:e234 DST=ff02:0000:0000:0000:0000:0000:0000:0016 LEN=76 TC=0 HOPLIMIT=1 FLOWLBL=0 PROTO=ICMPv6 TYPE=143 CODE=0 MARK=0xd4 
[  617.600609] ip6tables deny: IN= OUT=enp1s0f4u1u2 SRC=fe80:0000:0000:0000:b4de:d21f:61d6:e234 DST=ff02:0000:0000:0000:0000:0000:0000:0002 LEN=48 TC=0 HOPLIMIT=255 FLOWLBL=149231 PROTO=ICMPv6 TYPE=133 CODE=0 
[  625.054363] ip6tables deny: IN= OUT=enp1s0f4u1u2 SRC=fe80:0000:0000:0000:b4de:d21f:61d6:e234 DST=ff02:0000:0000:0000:0000:0000:0000:0002 LEN=48 TC=0 HOPLIMIT=255 FLOWLBL=149231 PROTO=ICMPv6 TYPE=133 CODE=0 
[  639.567698] ip6tables deny: IN= OUT=enp1s0f4u1u2 SRC=fe80:0000:0000:0000:b4de:d21f:61d6:e234 DST=ff02:0000:0000:0000:0000:0000:0000:0002 LEN=48 TC=0 HOPLIMIT=255 FLOWLBL=149231 PROTO=ICMPv6 TYPE=133 CODE=0 
[  669.901077] ip6tables deny: IN= OUT=enp1s0f4u1u2 SRC=fe80:0000:0000:0000:b4de:d21f:61d6:e234 DST=ff02:0000:0000:0000:0000:0000:0000:0002 LEN=48 TC=0 HOPLIMIT=255 FLOWLBL=149231 PROTO=ICMPv6 TYPE=133 CODE=0 
[  728.951649] ip6tables deny: IN= OUT=enp1s0f4u1u2 SRC=fe80:0000:0000:0000:b4de:d21f:61d6:e234 DST=ff02:0000:0000:0000:0000:0000:0000:0002 LEN=48 TC=0 HOPLIMIT=255 FLOWLBL=149231 PROTO=ICMPv6 TYPE=133 CODE=0 
[  841.959214] ip6tables deny: IN= OUT=enp1s0f4u1u2 SRC=fe80:0000:0000:0000:b4de:d21f:61d6:e234 DST=ff02:0000:0000:0000:0000:0000:0000:0002 LEN=48 TC=0 HOPLIMIT=255 FLOWLBL=149231 PROTO=ICMPv6 TYPE=133 CODE=0 
[  849.072563] ip6tables deny: IN=enp1s0f4u1u2 OUT= MAC=33:33:00:00:00:01:84:d8:1b:8a:31:73:86:dd SRC=fe80:0000:0000:0000:86d8:1bff:fe8a:3173 DST=ff02:0000:0000:0000:0000:0000:0000:0001 LEN=160 TC=0 HOPLIMIT=255 FLOWLBL=1019704 PROTO=ICMPv6 TYPE=134 CODE=0 
[ 1077.797650] ip6tables deny: IN= OUT=enp1s0f4u1u2 SRC=fe80:0000:0000:0000:b4de:d21f:61d6:e234 DST=ff02:0000:0000:0000:0000:0000:0000:0002 LEN=48 TC=0 HOPLIMIT=255 FLOWLBL=149231 PROTO=ICMPv6 TYPE=133 CODE=0 
[ 1121.746251] ip6tables deny: IN= OUT=lo SRC=0000:0000:0000:0000:0000:0000:0000:0001 DST=0000:0000:0000:0000:0000:0000:0000:0001 LEN=80 TC=0 HOPLIMIT=64 FLOWLBL=703370 PROTO=TCP SPT=53530 DPT=8000 WINDOW=65476 RES=0x00 SYN URGP=0 
[ 1121.996919] ip6tables deny: IN= OUT=lo SRC=0000:0000:0000:0000:0000:0000:0000:0001 DST=0000:0000:0000:0000:0000:0000:0000:0001 LEN=80 TC=0 HOPLIMIT=64 FLOWLBL=109282 PROTO=TCP SPT=53532 DPT=8000 WINDOW=65476 RES=0x00 SYN URGP=0 
[ 1122.047552] ip6tables deny: IN= OUT=lo SRC=0000:0000:0000:0000:0000:0000:0000:0001 DST=0000:0000:0000:0000:0000:0000:0000:0001 LEN=80 TC=0 HOPLIMIT=64 FLOWLBL=1033406 PROTO=TCP SPT=53534 DPT=8000 WINDOW=65476 RES=0x00 SYN URGP=0 
[ 1122.297890] ip6tables deny: IN= OUT=lo SRC=0000:0000:0000:0000:0000:0000:0000:0001 DST=0000:0000:0000:0000:0000:0000:0000:0001 LEN=80 TC=0 HOPLIMIT=64 FLOWLBL=806003 PROTO=TCP SPT=53536 DPT=8000 WINDOW=65476 RES=0x00 SYN URGP=0 
[ 1122.760881] ip6tables deny: IN= OUT=lo SRC=0000:0000:0000:0000:0000:0000:0000:0001 DST=0000:0000:0000:0000:0000:0000:0000:0001 LEN=80 TC=0 HOPLIMIT=64 FLOWLBL=782896 PROTO=TCP SPT=53530 DPT=8000 WINDOW=65476 RES=0x00 SYN URGP=0 
[ 1123.000895] ip6tables deny: IN= OUT=lo SRC=0000:0000:0000:0000:0000:0000:0000:0001 DST=0000:0000:0000:0000:0000:0000:0000:0001 LEN=80 TC=0 HOPLIMIT=64 FLOWLBL=28629 PROTO=TCP SPT=53532 DPT=8000 WINDOW=65476 RES=0x00 SYN URGP=0 
[ 1123.057553] ip6tables deny: IN= OUT=lo SRC=0000:0000:0000:0000:0000:0000:0000:0001 DST=0000:0000:0000:0000:0000:0000:0000:0001 LEN=80 TC=0 HOPLIMIT=64 FLOWLBL=864537 PROTO=TCP SPT=53534 DPT=8000 WINDOW=65476 RES=0x00 SYN URGP=0 
[ 1123.320887] ip6tables deny: IN= OUT=lo SRC=0000:0000:0000:0000:0000:0000:0000:0001 DST=0000:0000:0000:0000:0000:0000:0000:0001 LEN=80 TC=0 HOPLIMIT=64 FLOWLBL=95286 PROTO=TCP SPT=53536 DPT=8000 WINDOW=65476 RES=0x00 SYN URGP=0 
[ 1124.920910] ip6tables deny: IN= OUT=lo SRC=0000:0000:0000:0000:0000:0000:0000:0001 DST=0000:0000:0000:0000:0000:0000:0000:0001 LEN=80 TC=0 HOPLIMIT=64 FLOWLBL=667541 PROTO=TCP SPT=53530 DPT=8000 WINDOW=65476 RES=0x00 SYN URGP=0 
