[    0.000000] Linux version 5.15.11-arch2-1 (linux@archlinux) (gcc (GCC) 11.1.0, GNU ld (GNU Binutils) 2.36.1) #1 SMP PREEMPT Wed, 22 Dec 2021 09:23:54 +0000
[    0.000000] Command line: BOOT_IMAGE=/boot/vmlinuz-linux root=UUID=a1e2e1f9-dbcb-484e-a242-73d5754f8d98 rw quiet resume=UUID=36238c5a-d1ff-4e5f-986a-4d302098cfd7 loglevel=3 audit=0 lsm=landlock,lockdown,yama,apparmor,bpf l1tf=full,force mds=full,nosmt mitigations=auto,nosmt nosmt=force init_on_alloc=1 init_on_free=1 randomize_kstack_offset=on slab_nomerge pti=on slub_debug=ZF slub_debug=P page_poison=1 mem_encrypt=on vsyscall=nonei nosmt
[    0.000000] x86/fpu: Supporting XSAVE feature 0x001: 'x87 floating point registers'
[    0.000000] x86/fpu: Supporting XSAVE feature 0x002: 'SSE registers'
[    0.000000] x86/fpu: Supporting XSAVE feature 0x004: 'AVX registers'
[    0.000000] x86/fpu: xstate_offset[2]:  576, xstate_sizes[2]:  256
[    0.000000] x86/fpu: Enabled xstate features 0x7, context size is 832 bytes, using 'compacted' format.
[    0.000000] signal: max sigframe size: 1776
[    0.000000] SMT: Force disabled
[    0.000000] Malformed early option 'vsyscall'
[    0.000000] BIOS-provided physical RAM map:
[    0.000000] BIOS-e820: [mem 0x0000000000000000-0x000000000009efff] usable
[    0.000000] BIOS-e820: [mem 0x000000000009f000-0x00000000000bffff] reserved
[    0.000000] BIOS-e820: [mem 0x0000000000100000-0x0000000009afffff] usable
[    0.000000] BIOS-e820: [mem 0x0000000009b00000-0x0000000009dfffff] reserved
[    0.000000] BIOS-e820: [mem 0x0000000009e00000-0x0000000009efffff] usable
[    0.000000] BIOS-e820: [mem 0x0000000009f00000-0x0000000009f0ffff] ACPI NVS
[    0.000000] BIOS-e820: [mem 0x0000000009f10000-0x00000000bab68fff] usable
[    0.000000] BIOS-e820: [mem 0x00000000bab69000-0x00000000bbd68fff] reserved
[    0.000000] BIOS-e820: [mem 0x00000000bbd69000-0x00000000c9f7efff] usable
[    0.000000] BIOS-e820: [mem 0x00000000c9f7f000-0x00000000caf7efff] type 20
[    0.000000] BIOS-e820: [mem 0x00000000caf7f000-0x00000000ccf7efff] reserved
[    0.000000] BIOS-e820: [mem 0x00000000ccf7f000-0x00000000cdf7efff] ACPI NVS
[    0.000000] BIOS-e820: [mem 0x00000000cdf7f000-0x00000000cdffefff] ACPI data
[    0.000000] BIOS-e820: [mem 0x00000000cdfff000-0x00000000cdffffff] usable
[    0.000000] BIOS-e820: [mem 0x00000000ce000000-0x00000000ceffffff] reserved
[    0.000000] BIOS-e820: [mem 0x00000000f8000000-0x00000000fbffffff] reserved
[    0.000000] BIOS-e820: [mem 0x00000000fde00000-0x00000000fdefffff] reserved
[    0.000000] BIOS-e820: [mem 0x00000000fec00000-0x00000000fec00fff] reserved
[    0.000000] BIOS-e820: [mem 0x00000000fec10000-0x00000000fec10fff] reserved
[    0.000000] BIOS-e820: [mem 0x00000000fec20000-0x00000000fec20fff] reserved
[    0.000000] BIOS-e820: [mem 0x00000000fed80000-0x00000000fed80fff] reserved
[    0.000000] BIOS-e820: [mem 0x00000000fee00000-0x00000000fee00fff] reserved
[    0.000000] BIOS-e820: [mem 0x00000000ff000000-0x00000000fff2ffff] reserved
[    0.000000] BIOS-e820: [mem 0x0000000100000000-0x000000040f33ffff] usable
[    0.000000] BIOS-e820: [mem 0x000000040f340000-0x000000042fffffff] reserved
[    0.000000] NX (Execute Disable) protection: active
[    0.000000] efi: EFI v2.70 by INSYDE Corp.
[    0.000000] efi: ACPI=0xcdffe000 ACPI 2.0=0xcdffe014 TPMFinalLog=0xcdf2c000 SMBIOS=0xcb70c000 SMBIOS 3.0=0xcb70a000 ESRT=0xcb70d418 
[    0.000000] SMBIOS 3.2.0 present.
[    0.000000] DMI: TIMI RedmiBook 14 II/TM1951, BIOS RMARN4B0P0909 08/19/2020
[    0.000000] tsc: Fast TSC calibration using PIT
[    0.000000] tsc: Detected 2370.375 MHz processor
[    0.000543] e820: update [mem 0x00000000-0x00000fff] usable ==> reserved
[    0.000545] e820: remove [mem 0x000a0000-0x000fffff] usable
[    0.000550] last_pfn = 0x40f340 max_arch_pfn = 0x400000000
[    0.000728] x86/PAT: Configuration [0-7]: WB  WC  UC- UC  WB  WP  UC- WT  
[    0.000949] last_pfn = 0xce000 max_arch_pfn = 0x400000000
[    0.010308] esrt: Reserving ESRT space from 0x00000000cb70d418 to 0x00000000cb70d450.
[    0.010316] Kernel/User page tables isolation: force enabled on command line.
[    0.010318] Using GB pages for direct mapping
[    0.011014] Secure boot disabled
[    0.011015] RAMDISK: [mem 0x3699b000-0x374c4fff]
[    0.011020] ACPI: Early table checksum verification disabled
[    0.011023] ACPI: RSDP 0x00000000CDFFE014 000024 (v02 XMCC  )
[    0.011026] ACPI: XSDT 0x00000000CDFCE188 000134 (v01 XMCC   XMCC1951 00000002      01000013)
[    0.011031] ACPI: FACP 0x00000000CDFEC000 00010C (v05 XMCC   XMCC1951 00000002      01000013)
[    0.011035] ACPI: DSDT 0x00000000CDFDF000 006545 (v01 XMCC   XMCC1951 00000002      01000013)
[    0.011038] ACPI: FACS 0x00000000CDF29000 000040
[    0.011040] ACPI: UEFI 0x00000000CDF7E000 000236 (v01 INSYDE H2O BIOS 00000001 ACPI 00040000)
[    0.011042] ACPI: SSDT 0x00000000CDFF5000 007216 (v02 AMD    AmdTable 00000002 MSFT 04000000)
[    0.011044] ACPI: IVRS 0x00000000CDFF4000 0001A4 (v02 AMD    AmdTable 00000001 AMD  00000000)
[    0.011046] ACPI: SSDT 0x00000000CDFF3000 000228 (v01 AMD    STD3     00000001 INTL 20130117)
[    0.011049] ACPI: SSDT 0x00000000CDFF2000 000D61 (v01 XMCC   XMCC1806 00003000 INTL 20130117)
[    0.011051] ACPI: SSDT 0x00000000CDFF1000 00046D (v01 Insyde TPMACPI  00001000 INTL 20130117)
[    0.011053] ACPI: TPM2 0x00000000CDFF0000 000034 (v04 XMCC   XMCC1951 00000002      01000013)
[    0.011055] ACPI: MSDM 0x00000000CDFEF000 000055 (v03 INSYDE H2O BIOS 00000001 ACPI 00040000)
[    0.011057] ACPI: ASF! 0x00000000CDFEE000 0000A5 (v32 XMCC   XMCC1951 00000002      01000013)
[    0.011059] ACPI: BOOT 0x00000000CDFED000 000028 (v01 XMCC   XMCC1951 00000002      01000013)
[    0.011062] ACPI: HPET 0x00000000CDFEB000 000038 (v01 XMCC   XMCC1951 00000002      01000013)
[    0.011064] ACPI: APIC 0x00000000CDFEA000 000138 (v03 XMCC   XMCC1951 00000002      01000013)
[    0.011066] ACPI: MCFG 0x00000000CDFE9000 00003C (v01 XMCC   XMCC1951 00000002      01000013)
[    0.011068] ACPI: SLIC 0x00000000CDFE8000 000176 (v01 XMCC   XMCC1951 00000002      01000013)
[    0.011070] ACPI: SSDT 0x00000000CDFDE000 000080 (v01 XMCC   XMCC1951 00000002      01000013)
[    0.011072] ACPI: VFCT 0x00000000CDFD0000 00D484 (v01 XMCC   XMCC1951 00000001 AMD  31504F47)
[    0.011074] ACPI: SSDT 0x00000000CDFCF000 0000F8 (v01 XMCC   PcdTabl  00001000 INTL 20130117)
[    0.011076] ACPI: SSDT 0x00000000CDFCC000 001500 (v01 AMD    AmdTable 00000001 AMD  00000001)
[    0.011078] ACPI: CRAT 0x00000000CDFFD000 000BA8 (v01 AMD    AmdTable 00000001 AMD  00000001)
[    0.011081] ACPI: CDIT 0x00000000CDFCB000 000029 (v01 AMD    AmdTable 00000001 AMD  00000001)
[    0.011083] ACPI: SSDT 0x00000000CDFCA000 00028D (v01 AMD    AmdTable 00000001 INTL 20130117)
[    0.011085] ACPI: SSDT 0x00000000CDFC9000 000C78 (v01 AMD    AmdTable 00000001 INTL 20130117)
[    0.011087] ACPI: SSDT 0x00000000CDFC7000 0010A5 (v01 AMD    AmdTable 00000001 INTL 20130117)
[    0.011089] ACPI: SSDT 0x00000000CDFC3000 0030C8 (v01 AMD    AmdTable 00000001 INTL 20130117)
[    0.011091] ACPI: FPDT 0x00000000CDFC2000 000044 (v01 XMCC   XMCC1951 00000002      01000013)
[    0.011093] ACPI: WSMT 0x00000000CDFC0000 000028 (v01 INSYDE H2O BIOS 00000001 ACPI 00040000)
[    0.011095] ACPI: SSDT 0x00000000CDFE7000 00020A (v01 AMD    AmdTable 00000001 INTL 20130117)
[    0.011097] ACPI: SSDT 0x00000000CDFE6000 0005A1 (v01 AMD    AmdTable 00000001 INTL 20130117)
[    0.011099] ACPI: SSDT 0x00000000CDFBF000 000343 (v01 AMD    AmdTable 00000001 INTL 20130117)
[    0.011101] ACPI: SSDT 0x00000000CDFBE000 00007D (v01 AMD    AmdTable 00000001 INTL 20130117)
[    0.011104] ACPI: SSDT 0x00000000CDFBD000 000822 (v01 AMD    AmdTable 00000001 INTL 20130117)
[    0.011106] ACPI: SSDT 0x00000000CDFBC000 000517 (v01 AMD    AmdTable 00000001 INTL 20130117)
[    0.011108] ACPI: BGRT 0x00000000CDFC1000 000038 (v01 INSYDE H2O BIOS 00000001 ACPI 00040000)
[    0.011109] ACPI: Reserving FACP table memory at [mem 0xcdfec000-0xcdfec10b]
[    0.011111] ACPI: Reserving DSDT table memory at [mem 0xcdfdf000-0xcdfe5544]
[    0.011111] ACPI: Reserving FACS table memory at [mem 0xcdf29000-0xcdf2903f]
[    0.011112] ACPI: Reserving UEFI table memory at [mem 0xcdf7e000-0xcdf7e235]
[    0.011113] ACPI: Reserving SSDT table memory at [mem 0xcdff5000-0xcdffc215]
[    0.011113] ACPI: Reserving IVRS table memory at [mem 0xcdff4000-0xcdff41a3]
[    0.011114] ACPI: Reserving SSDT table memory at [mem 0xcdff3000-0xcdff3227]
[    0.011115] ACPI: Reserving SSDT table memory at [mem 0xcdff2000-0xcdff2d60]
[    0.011115] ACPI: Reserving SSDT table memory at [mem 0xcdff1000-0xcdff146c]
[    0.011116] ACPI: Reserving TPM2 table memory at [mem 0xcdff0000-0xcdff0033]
[    0.011116] ACPI: Reserving MSDM table memory at [mem 0xcdfef000-0xcdfef054]
[    0.011117] ACPI: Reserving ASF! table memory at [mem 0xcdfee000-0xcdfee0a4]
[    0.011118] ACPI: Reserving BOOT table memory at [mem 0xcdfed000-0xcdfed027]
[    0.011118] ACPI: Reserving HPET table memory at [mem 0xcdfeb000-0xcdfeb037]
[    0.011119] ACPI: Reserving APIC table memory at [mem 0xcdfea000-0xcdfea137]
[    0.011120] ACPI: Reserving MCFG table memory at [mem 0xcdfe9000-0xcdfe903b]
[    0.011120] ACPI: Reserving SLIC table memory at [mem 0xcdfe8000-0xcdfe8175]
[    0.011121] ACPI: Reserving SSDT table memory at [mem 0xcdfde000-0xcdfde07f]
[    0.011122] ACPI: Reserving VFCT table memory at [mem 0xcdfd0000-0xcdfdd483]
[    0.011122] ACPI: Reserving SSDT table memory at [mem 0xcdfcf000-0xcdfcf0f7]
[    0.011123] ACPI: Reserving SSDT table memory at [mem 0xcdfcc000-0xcdfcd4ff]
[    0.011124] ACPI: Reserving CRAT table memory at [mem 0xcdffd000-0xcdffdba7]
[    0.011125] ACPI: Reserving CDIT table memory at [mem 0xcdfcb000-0xcdfcb028]
[    0.011125] ACPI: Reserving SSDT table memory at [mem 0xcdfca000-0xcdfca28c]
[    0.011126] ACPI: Reserving SSDT table memory at [mem 0xcdfc9000-0xcdfc9c77]
[    0.011127] ACPI: Reserving SSDT table memory at [mem 0xcdfc7000-0xcdfc80a4]
[    0.011127] ACPI: Reserving SSDT table memory at [mem 0xcdfc3000-0xcdfc60c7]
[    0.011128] ACPI: Reserving FPDT table memory at [mem 0xcdfc2000-0xcdfc2043]
[    0.011129] ACPI: Reserving WSMT table memory at [mem 0xcdfc0000-0xcdfc0027]
[    0.011129] ACPI: Reserving SSDT table memory at [mem 0xcdfe7000-0xcdfe7209]
[    0.011130] ACPI: Reserving SSDT table memory at [mem 0xcdfe6000-0xcdfe65a0]
[    0.011131] ACPI: Reserving SSDT table memory at [mem 0xcdfbf000-0xcdfbf342]
[    0.011131] ACPI: Reserving SSDT table memory at [mem 0xcdfbe000-0xcdfbe07c]
[    0.011132] ACPI: Reserving SSDT table memory at [mem 0xcdfbd000-0xcdfbd821]
[    0.011133] ACPI: Reserving SSDT table memory at [mem 0xcdfbc000-0xcdfbc516]
[    0.011134] ACPI: Reserving BGRT table memory at [mem 0xcdfc1000-0xcdfc1037]
[    0.011186] No NUMA configuration found
[    0.011186] Faking a node at [mem 0x0000000000000000-0x000000040f33ffff]
[    0.011190] NODE_DATA(0) allocated [mem 0x40f33c000-0x40f33ffff]
[    0.011218] Zone ranges:
[    0.011218]   DMA      [mem 0x0000000000001000-0x0000000000ffffff]
[    0.011220]   DMA32    [mem 0x0000000001000000-0x00000000ffffffff]
[    0.011221]   Normal   [mem 0x0000000100000000-0x000000040f33ffff]
[    0.011222]   Device   empty
[    0.011223] Movable zone start for each node
[    0.011223] Early memory node ranges
[    0.011224]   node   0: [mem 0x0000000000001000-0x000000000009efff]
[    0.011225]   node   0: [mem 0x0000000000100000-0x0000000009afffff]
[    0.011226]   node   0: [mem 0x0000000009e00000-0x0000000009efffff]
[    0.011226]   node   0: [mem 0x0000000009f10000-0x00000000bab68fff]
[    0.011227]   node   0: [mem 0x00000000bbd69000-0x00000000c9f7efff]
[    0.011228]   node   0: [mem 0x00000000cdfff000-0x00000000cdffffff]
[    0.011228]   node   0: [mem 0x0000000100000000-0x000000040f33ffff]
[    0.011230] Initmem setup node 0 [mem 0x0000000000001000-0x000000040f33ffff]
[    0.011233] On node 0, zone DMA: 1 pages in unavailable ranges
[    0.011249] On node 0, zone DMA: 97 pages in unavailable ranges
[    0.011380] On node 0, zone DMA32: 768 pages in unavailable ranges
[    0.016423] On node 0, zone DMA32: 16 pages in unavailable ranges
[    0.016883] On node 0, zone DMA32: 4608 pages in unavailable ranges
[    0.017043] On node 0, zone DMA32: 16512 pages in unavailable ranges
[    0.039904] On node 0, zone Normal: 8192 pages in unavailable ranges
[    0.039941] On node 0, zone Normal: 3264 pages in unavailable ranges
[    0.040091] ACPI: PM-Timer IO Port: 0x408
[    0.040098] ACPI: LAPIC_NMI (acpi_id[0x00] high edge lint[0x1])
[    0.040099] ACPI: LAPIC_NMI (acpi_id[0x01] high edge lint[0x1])
[    0.040099] ACPI: LAPIC_NMI (acpi_id[0x02] high edge lint[0x1])
[    0.040100] ACPI: LAPIC_NMI (acpi_id[0x03] high edge lint[0x1])
[    0.040101] ACPI: LAPIC_NMI (acpi_id[0x04] high edge lint[0x1])
[    0.040101] ACPI: LAPIC_NMI (acpi_id[0x05] high edge lint[0x1])
[    0.040102] ACPI: LAPIC_NMI (acpi_id[0x06] high edge lint[0x1])
[    0.040102] ACPI: LAPIC_NMI (acpi_id[0x07] high edge lint[0x1])
[    0.040103] ACPI: LAPIC_NMI (acpi_id[0x08] high edge lint[0x1])
[    0.040103] ACPI: LAPIC_NMI (acpi_id[0x09] high edge lint[0x1])
[    0.040104] ACPI: LAPIC_NMI (acpi_id[0x0a] high edge lint[0x1])
[    0.040104] ACPI: LAPIC_NMI (acpi_id[0x0b] high edge lint[0x1])
[    0.040105] ACPI: LAPIC_NMI (acpi_id[0x0c] high edge lint[0x1])
[    0.040106] ACPI: LAPIC_NMI (acpi_id[0x0d] high edge lint[0x1])
[    0.040106] ACPI: LAPIC_NMI (acpi_id[0x0e] high edge lint[0x1])
[    0.040107] ACPI: LAPIC_NMI (acpi_id[0x0f] high edge lint[0x1])
[    0.040120] IOAPIC[0]: apic_id 33, version 33, address 0xfec00000, GSI 0-23
[    0.040125] IOAPIC[1]: apic_id 34, version 33, address 0xfec01000, GSI 24-55
[    0.040127] ACPI: INT_SRC_OVR (bus 0 bus_irq 0 global_irq 2 dfl dfl)
[    0.040128] ACPI: INT_SRC_OVR (bus 0 bus_irq 9 global_irq 9 low level)
[    0.040131] ACPI: Using ACPI (MADT) for SMP configuration information
[    0.040132] ACPI: HPET id: 0x10228210 base: 0xfed00000
[    0.040141] e820: update [mem 0xb3636000-0xb363bfff] usable ==> reserved
[    0.040151] smpboot: Allowing 16 CPUs, 10 hotplug CPUs
[    0.040176] PM: hibernation: Registered nosave memory: [mem 0x00000000-0x00000fff]
[    0.040178] PM: hibernation: Registered nosave memory: [mem 0x0009f000-0x000bffff]
[    0.040179] PM: hibernation: Registered nosave memory: [mem 0x000c0000-0x000fffff]
[    0.040180] PM: hibernation: Registered nosave memory: [mem 0x09b00000-0x09dfffff]
[    0.040182] PM: hibernation: Registered nosave memory: [mem 0x09f00000-0x09f0ffff]
[    0.040183] PM: hibernation: Registered nosave memory: [mem 0xb3636000-0xb363bfff]
[    0.040184] PM: hibernation: Registered nosave memory: [mem 0xbab69000-0xbbd68fff]
[    0.040186] PM: hibernation: Registered nosave memory: [mem 0xc9f7f000-0xcaf7efff]
[    0.040186] PM: hibernation: Registered nosave memory: [mem 0xcaf7f000-0xccf7efff]
[    0.040187] PM: hibernation: Registered nosave memory: [mem 0xccf7f000-0xcdf7efff]
[    0.040187] PM: hibernation: Registered nosave memory: [mem 0xcdf7f000-0xcdffefff]
[    0.040189] PM: hibernation: Registered nosave memory: [mem 0xce000000-0xceffffff]
[    0.040189] PM: hibernation: Registered nosave memory: [mem 0xcf000000-0xf7ffffff]
[    0.040190] PM: hibernation: Registered nosave memory: [mem 0xf8000000-0xfbffffff]
[    0.040190] PM: hibernation: Registered nosave memory: [mem 0xfc000000-0xfddfffff]
[    0.040191] PM: hibernation: Registered nosave memory: [mem 0xfde00000-0xfdefffff]
[    0.040191] PM: hibernation: Registered nosave memory: [mem 0xfdf00000-0xfebfffff]
[    0.040192] PM: hibernation: Registered nosave memory: [mem 0xfec00000-0xfec00fff]
[    0.040192] PM: hibernation: Registered nosave memory: [mem 0xfec01000-0xfec0ffff]
[    0.040193] PM: hibernation: Registered nosave memory: [mem 0xfec10000-0xfec10fff]
[    0.040193] PM: hibernation: Registered nosave memory: [mem 0xfec11000-0xfec1ffff]
[    0.040194] PM: hibernation: Registered nosave memory: [mem 0xfec20000-0xfec20fff]
[    0.040194] PM: hibernation: Registered nosave memory: [mem 0xfec21000-0xfed7ffff]
[    0.040195] PM: hibernation: Registered nosave memory: [mem 0xfed80000-0xfed80fff]
[    0.040195] PM: hibernation: Registered nosave memory: [mem 0xfed81000-0xfedfffff]
[    0.040196] PM: hibernation: Registered nosave memory: [mem 0xfee00000-0xfee00fff]
[    0.040196] PM: hibernation: Registered nosave memory: [mem 0xfee01000-0xfeffffff]
[    0.040197] PM: hibernation: Registered nosave memory: [mem 0xff000000-0xfff2ffff]
[    0.040197] PM: hibernation: Registered nosave memory: [mem 0xfff30000-0xffffffff]
[    0.040199] [mem 0xcf000000-0xf7ffffff] available for PCI devices
[    0.040200] Booting paravirtualized kernel on bare hardware
[    0.040202] clocksource: refined-jiffies: mask: 0xffffffff max_cycles: 0xffffffff, max_idle_ns: 6370452778343963 ns
[    0.043916] setup_percpu: NR_CPUS:320 nr_cpumask_bits:320 nr_cpu_ids:16 nr_node_ids:1
[    0.044513] percpu: Embedded 61 pages/cpu s212992 r8192 d28672 u262144
[    0.044522] pcpu-alloc: s212992 r8192 d28672 u262144 alloc=1*2097152
[    0.044524] pcpu-alloc: [0] 00 01 02 03 04 05 06 07 [0] 08 09 10 11 12 13 14 15 
[    0.044551] Built 1 zonelists, mobility grouping on.  Total pages: 3966649
[    0.044552] Policy zone: Normal
[    0.044553] Kernel command line: BOOT_IMAGE=/boot/vmlinuz-linux root=UUID=a1e2e1f9-dbcb-484e-a242-73d5754f8d98 rw quiet resume=UUID=36238c5a-d1ff-4e5f-986a-4d302098cfd7 loglevel=3 audit=0 lsm=landlock,lockdown,yama,apparmor,bpf l1tf=full,force mds=full,nosmt mitigations=auto,nosmt nosmt=force init_on_alloc=1 init_on_free=1 randomize_kstack_offset=on slab_nomerge pti=on slub_debug=ZF slub_debug=P page_poison=1 mem_encrypt=on vsyscall=nonei nosmt
[    0.044605] audit: disabled (until reboot)
[    0.044696] mem auto-init: SLAB_POISON will take precedence over init_on_alloc/init_on_free
[    0.044727] Unknown kernel command line parameters "BOOT_IMAGE=/boot/vmlinuz-linux pti=on mem_encrypt=on", will be passed to user space.
[    0.046563] Dentry cache hash table entries: 2097152 (order: 12, 16777216 bytes, linear)
[    0.047477] Inode-cache hash table entries: 1048576 (order: 11, 8388608 bytes, linear)
[    0.047534] mem auto-init: CONFIG_PAGE_POISONING is on, will take precedence over init_on_alloc and init_on_free
[    0.047768] mem auto-init: stack:byref_all(zero), heap alloc:off, heap free:off
[    1.736142] Memory: 15557324K/16119096K available (14344K kernel code, 2071K rwdata, 10792K rodata, 1864K init, 3836K bss, 561512K reserved, 0K cma-reserved)
[    1.736147] **********************************************************
[    1.736148] **   NOTICE NOTICE NOTICE NOTICE NOTICE NOTICE NOTICE   **
[    1.736148] **                                                      **
[    1.736149] ** This system shows unhashed kernel memory addresses   **
[    1.736149] ** via the console, logs, and other interfaces. This    **
[    1.736149] ** might reduce the security of your system.            **
[    1.736150] **                                                      **
[    1.736150] ** If you see this message and you are not debugging    **
[    1.736150] ** the kernel, report this immediately to your system   **
[    1.736151] ** administrator!                                       **
[    1.736151] **                                                      **
[    1.736151] **   NOTICE NOTICE NOTICE NOTICE NOTICE NOTICE NOTICE   **
[    1.736151] **********************************************************
[    1.736154] random: get_random_u64 called from __kmem_cache_create+0x2a/0x540 with crng_init=0
[    1.736308] SLUB: HWalign=64, Order=0-3, MinObjects=0, CPUs=16, Nodes=1
[    1.736324] Kernel/User page tables isolation: enabled
[    1.736346] ftrace: allocating 44299 entries in 174 pages
[    1.748158] ftrace: allocated 174 pages with 5 groups
[    1.748303] rcu: Preemptible hierarchical RCU implementation.
[    1.748304] rcu: 	RCU dyntick-idle grace-period acceleration is enabled.
[    1.748304] rcu: 	RCU restricting CPUs from NR_CPUS=320 to nr_cpu_ids=16.
[    1.748305] rcu: 	RCU priority boosting: priority 1 delay 500 ms.
[    1.748306] 	Trampoline variant of Tasks RCU enabled.
[    1.748306] 	Rude variant of Tasks RCU enabled.
[    1.748307] 	Tracing variant of Tasks RCU enabled.
[    1.748307] rcu: RCU calculated value of scheduler-enlistment delay is 30 jiffies.
[    1.748308] rcu: Adjusting geometry for rcu_fanout_leaf=16, nr_cpu_ids=16
[    1.751719] NR_IRQS: 20736, nr_irqs: 1096, preallocated irqs: 16
[    1.751979] kfence: initialized - using 2097152 bytes for 255 objects at 0xffff89233dc00000-0xffff89233de00000
[    1.752145] Console: colour dummy device 80x25
[    1.752157] printk: console [tty0] enabled
[    1.752178] ACPI: Core revision 20210730
[    1.752398] clocksource: hpet: mask: 0xffffffff max_cycles: 0xffffffff, max_idle_ns: 133484873504 ns
[    1.752416] APIC: Switch to symmetric I/O mode setup
[    1.753259] AMD-Vi: ivrs, add hid:AMDI0020, uid:\_SB.FUR0, rdevid:160
[    1.753260] AMD-Vi: ivrs, add hid:AMDI0020, uid:\_SB.FUR1, rdevid:160
[    1.753261] AMD-Vi: ivrs, add hid:AMDI0020, uid:\_SB.FUR2, rdevid:160
[    1.753262] AMD-Vi: ivrs, add hid:AMDI0020, uid:\_SB.FUR3, rdevid:160
[    1.753569] Switched APIC routing to physical flat.
[    1.754329] ..TIMER: vector=0x30 apic1=0 pin1=2 apic2=-1 pin2=-1
[    1.769090] clocksource: tsc-early: mask: 0xffffffffffffffff max_cycles: 0x222ae5cdbf3, max_idle_ns: 440795219777 ns
[    1.769098] Calibrating delay loop (skipped), value calculated using timer frequency.. 4742.28 BogoMIPS (lpj=7901250)
[    1.769100] pid_max: default: 32768 minimum: 301
[    1.791050] LSM: Security Framework initializing
[    1.791067] landlock: Up and running.
[    1.791068] Yama: becoming mindful.
[    1.791101] AppArmor: AppArmor initialized
[    1.791103] LSM support for eBPF active
[    1.791150] Mount-cache hash table entries: 32768 (order: 6, 262144 bytes, linear)
[    1.791187] Mountpoint-cache hash table entries: 32768 (order: 6, 262144 bytes, linear)
[    1.791449] x86/cpu: User Mode Instruction Prevention (UMIP) activated
[    1.791486] LVT offset 1 assigned for vector 0xf9
[    1.791546] LVT offset 2 assigned for vector 0xf4
[    1.791563] Last level iTLB entries: 4KB 1024, 2MB 1024, 4MB 512
[    1.791564] Last level dTLB entries: 4KB 2048, 2MB 2048, 4MB 1024, 1GB 0
[    1.791568] Spectre V1 : Mitigation: usercopy/swapgs barriers and __user pointer sanitization
[    1.791570] Spectre V2 : Mitigation: Full AMD retpoline
[    1.791571] Spectre V2 : Spectre v2 / SpectreRSB mitigation: Filling RSB on context switch
[    1.791571] Spectre V2 : Enabling Restricted Speculation for firmware calls
[    1.791573] Spectre V2 : mitigation: Enabling conditional Indirect Branch Prediction Barrier
[    1.791575] Speculative Store Bypass: Mitigation: Speculative Store Bypass disabled via prctl and seccomp
[    1.793730] Freeing SMP alternatives memory: 36K
[    1.903755] smpboot: CPU0: AMD Ryzen 5 4500U with Radeon Graphics (family: 0x17, model: 0x60, stepping: 0x1)
[    1.903916] Performance Events: Fam17h+ core perfctr, AMD PMU driver.
[    1.903921] ... version:                0
[    1.903921] ... bit width:              48
[    1.903922] ... generic registers:      6
[    1.903922] ... value mask:             0000ffffffffffff
[    1.903923] ... max period:             00007fffffffffff
[    1.903923] ... fixed-purpose events:   0
[    1.903924] ... event mask:             000000000000003f
[    1.903989] rcu: Hierarchical SRCU implementation.
[    1.904488] NMI watchdog: Enabled. Permanently consumes one hw-PMU counter.
[    1.904670] smp: Bringing up secondary CPUs ...
[    1.904784] x86: Booting SMP configuration:
[    1.904785] .... node  #0, CPUs:        #1  #2  #3  #4  #5
[    1.915830] smp: Brought up 1 node, 6 CPUs
[    1.915830] smpboot: Max logical packages: 3
[    1.915830] smpboot: Total of 6 processors activated (28455.68 BogoMIPS)
[    1.916662] devtmpfs: initialized
[    1.916662] x86/mm: Memory block size: 128MB
[    1.916944] ACPI: PM: Registering ACPI NVS region [mem 0x09f00000-0x09f0ffff] (65536 bytes)
[    1.916944] ACPI: PM: Registering ACPI NVS region [mem 0xccf7f000-0xcdf7efff] (16777216 bytes)
[    1.919116] clocksource: jiffies: mask: 0xffffffff max_cycles: 0xffffffff, max_idle_ns: 6370867519511994 ns
[    1.919145] futex hash table entries: 4096 (order: 6, 262144 bytes, linear)
[    1.919212] pinctrl core: initialized pinctrl subsystem
[    1.919324] PM: RTC time: 22:05:05, date: 2021-12-27
[    1.919517] NET: Registered PF_NETLINK/PF_ROUTE protocol family
[    1.919887] DMA: preallocated 2048 KiB GFP_KERNEL pool for atomic allocations
[    1.920140] DMA: preallocated 2048 KiB GFP_KERNEL|GFP_DMA pool for atomic allocations
[    1.920357] DMA: preallocated 2048 KiB GFP_KERNEL|GFP_DMA32 pool for atomic allocations
[    1.920512] thermal_sys: Registered thermal governor 'fair_share'
[    1.920513] thermal_sys: Registered thermal governor 'bang_bang'
[    1.920513] thermal_sys: Registered thermal governor 'step_wise'
[    1.920513] thermal_sys: Registered thermal governor 'user_space'
[    1.920514] thermal_sys: Registered thermal governor 'power_allocator'
[    1.920532] cpuidle: using governor ladder
[    1.920535] cpuidle: using governor menu
[    1.920562] Simple Boot Flag at 0x44 set to 0x1
[    1.920562] HugeTLB: can free 4094 vmemmap pages for hugepages-1048576kB
[    1.920562] ACPI: bus type PCI registered
[    1.920562] acpiphp: ACPI Hot Plug PCI Controller Driver version: 0.5
[    1.920562] PCI: MMCONFIG for domain 0000 [bus 00-3f] at [mem 0xf8000000-0xfbffffff] (base 0xf8000000)
[    1.920562] PCI: MMCONFIG at [mem 0xf8000000-0xfbffffff] reserved in E820
[    1.920562] PCI: Using configuration type 1 for base access
[    1.922655] Kprobes globally optimized
[    1.922658] HugeTLB: can free 6 vmemmap pages for hugepages-2048kB
[    1.922658] HugeTLB registered 1.00 GiB page size, pre-allocated 0 pages
[    1.922658] HugeTLB registered 2.00 MiB page size, pre-allocated 0 pages
[    1.925876] ACPI: Added _OSI(Module Device)
[    1.925877] ACPI: Added _OSI(Processor Device)
[    1.925878] ACPI: Added _OSI(3.0 _SCP Extensions)
[    1.925878] ACPI: Added _OSI(Processor Aggregator Device)
[    1.925880] ACPI: Added _OSI(Linux-Dell-Video)
[    1.925881] ACPI: Added _OSI(Linux-Lenovo-NV-HDMI-Audio)
[    1.925881] ACPI: Added _OSI(Linux-HPI-Hybrid-Graphics)
[    1.944373] ACPI: 18 ACPI AML tables successfully acquired and loaded
[    1.946052] ACPI: [Firmware Bug]: BIOS _OSI(Linux) query ignored
[    1.949277] ACPI: EC: EC started
[    1.949277] ACPI: EC: interrupt blocked
[    1.951355] ACPI: EC: EC_CMD/EC_SC=0x66, EC_DATA=0x62
[    1.951357] ACPI: \_SB_.PCI0.LPC0.EC0_: Boot DSDT EC used to handle transactions
[    1.951358] ACPI: Interpreter enabled
[    1.951373] ACPI: PM: (supports S0 S4 S5)
[    1.951374] ACPI: Using IOAPIC for interrupt routing
[    1.951593] PCI: Using host bridge windows from ACPI; if necessary, use "pci=nocrs" and report a bug
[    1.954807] ACPI: PM: Power Resource [P0U0]
[    1.954840] ACPI: PM: Power Resource [P3U0]
[    1.955625] ACPI: PM: Power Resource [P0U1]
[    1.955655] ACPI: PM: Power Resource [P3U1]
[    1.956434] ACPI: PM: Power Resource [P0S0]
[    1.956463] ACPI: PM: Power Resource [P3S0]
[    1.956629] ACPI: PM: Power Resource [P0S1]
[    1.956657] ACPI: PM: Power Resource [P3S1]
[    1.962747] ACPI: PCI Root Bridge [PCI0] (domain 0000 [bus 00-ff])
[    1.962753] acpi PNP0A08:00: _OSC: OS supports [ExtendedConfig ASPM ClockPM Segments MSI EDR HPX-Type3]
[    1.962992] acpi PNP0A08:00: _OSC: platform does not support [SHPCHotplug LTR DPC]
[    1.963225] acpi PNP0A08:00: _OSC: OS now controls [PCIeHotplug PME AER PCIeCapability]
[    1.963236] acpi PNP0A08:00: [Firmware Info]: MMCONFIG for domain 0000 [bus 00-3f] only partially covers this bridge
[    1.963597] PCI host bridge to bus 0000:00
[    1.963598] pci_bus 0000:00: root bus resource [io  0x0000-0x0cf7 window]
[    1.963600] pci_bus 0000:00: root bus resource [io  0x0d00-0xffff window]
[    1.963601] pci_bus 0000:00: root bus resource [mem 0x000a0000-0x000bffff window]
[    1.963603] pci_bus 0000:00: root bus resource [mem 0x000c0000-0x000c3fff window]
[    1.963604] pci_bus 0000:00: root bus resource [mem 0x000c4000-0x000c7fff window]
[    1.963605] pci_bus 0000:00: root bus resource [mem 0x000c8000-0x000cbfff window]
[    1.963606] pci_bus 0000:00: root bus resource [mem 0x000cc000-0x000cffff window]
[    1.963607] pci_bus 0000:00: root bus resource [mem 0x000d0000-0x000d3fff window]
[    1.963608] pci_bus 0000:00: root bus resource [mem 0x000d4000-0x000d7fff window]
[    1.963609] pci_bus 0000:00: root bus resource [mem 0x000d8000-0x000dbfff window]
[    1.963610] pci_bus 0000:00: root bus resource [mem 0x000dc000-0x000dffff window]
[    1.963611] pci_bus 0000:00: root bus resource [mem 0x000e0000-0x000e3fff window]
[    1.963612] pci_bus 0000:00: root bus resource [mem 0x000e4000-0x000e7fff window]
[    1.963613] pci_bus 0000:00: root bus resource [mem 0x000e8000-0x000ebfff window]
[    1.963614] pci_bus 0000:00: root bus resource [mem 0x000ec000-0x000effff window]
[    1.963615] pci_bus 0000:00: root bus resource [mem 0xd0000000-0xf7ffffff window]
[    1.963616] pci_bus 0000:00: root bus resource [mem 0xfc000000-0xfed3ffff window]
[    1.963617] pci_bus 0000:00: root bus resource [mem 0x450200000-0xfcffffffff window]
[    1.963618] pci_bus 0000:00: root bus resource [bus 00-ff]
[    1.963654] pci 0000:00:00.0: [1022:1630] type 00 class 0x060000
[    1.963768] pci 0000:00:00.2: [1022:1631] type 00 class 0x080600
[    1.963891] pci 0000:00:01.0: [1022:1632] type 00 class 0x060000
[    1.963991] pci 0000:00:02.0: [1022:1632] type 00 class 0x060000
[    1.964099] pci 0000:00:08.0: [1022:1632] type 00 class 0x060000
[    1.964221] pci 0000:00:08.1: [1022:1635] type 01 class 0x060400
[    1.964241] pci 0000:00:08.1: enabling Extended Tags
[    1.964271] pci 0000:00:08.1: PME# supported from D0 D3hot D3cold
[    1.964421] pci 0000:00:08.2: [1022:1635] type 01 class 0x060400
[    1.964441] pci 0000:00:08.2: enabling Extended Tags
[    1.964469] pci 0000:00:08.2: PME# supported from D0 D3hot D3cold
[    1.964615] pci 0000:00:14.0: [1022:790b] type 00 class 0x0c0500
[    1.964787] pci 0000:00:14.3: [1022:790e] type 00 class 0x060100
[    1.964944] pci 0000:00:18.0: [1022:1448] type 00 class 0x060000
[    1.965022] pci 0000:00:18.1: [1022:1449] type 00 class 0x060000
[    1.965099] pci 0000:00:18.2: [1022:144a] type 00 class 0x060000
[    1.965172] pci 0000:00:18.3: [1022:144b] type 00 class 0x060000
[    1.965245] pci 0000:00:18.4: [1022:144c] type 00 class 0x060000
[    1.965323] pci 0000:00:18.5: [1022:144d] type 00 class 0x060000
[    1.965397] pci 0000:00:18.6: [1022:144e] type 00 class 0x060000
[    1.965470] pci 0000:00:18.7: [1022:144f] type 00 class 0x060000
[    1.965641] pci 0000:01:00.0: [1002:1636] type 00 class 0x030000
[    1.965652] pci 0000:01:00.0: reg 0x10: [mem 0xfce0000000-0xfcefffffff 64bit pref]
[    1.965659] pci 0000:01:00.0: reg 0x18: [mem 0xfcf0000000-0xfcf01fffff 64bit pref]
[    1.965664] pci 0000:01:00.0: reg 0x20: [io  0x1000-0x10ff]
[    1.965669] pci 0000:01:00.0: reg 0x24: [mem 0xd0400000-0xd047ffff]
[    1.965677] pci 0000:01:00.0: enabling Extended Tags
[    1.965689] pci 0000:01:00.0: BAR 0: assigned to efifb
[    1.965724] pci 0000:01:00.0: PME# supported from D1 D2 D3hot D3cold
[    1.965854] pci 0000:01:00.1: [1002:1637] type 00 class 0x040300
[    1.965861] pci 0000:01:00.1: reg 0x10: [mem 0xd04c8000-0xd04cbfff]
[    1.965881] pci 0000:01:00.1: enabling Extended Tags
[    1.965908] pci 0000:01:00.1: PME# supported from D1 D2 D3hot D3cold
[    1.966004] pci 0000:01:00.2: [1022:15df] type 00 class 0x108000
[    1.966016] pci 0000:01:00.2: reg 0x18: [mem 0xd0300000-0xd03fffff]
[    1.966025] pci 0000:01:00.2: reg 0x24: [mem 0xd04cc000-0xd04cdfff]
[    1.966031] pci 0000:01:00.2: enabling Extended Tags
[    1.966157] pci 0000:01:00.3: [1022:1639] type 00 class 0x0c0330
[    1.966167] pci 0000:01:00.3: reg 0x10: [mem 0xd0100000-0xd01fffff 64bit]
[    1.966189] pci 0000:01:00.3: enabling Extended Tags
[    1.966218] pci 0000:01:00.3: PME# supported from D0 D3hot D3cold
[    1.966315] pci 0000:01:00.4: [1022:1639] type 00 class 0x0c0330
[    1.966325] pci 0000:01:00.4: reg 0x10: [mem 0xd0200000-0xd02fffff 64bit]
[    1.966347] pci 0000:01:00.4: enabling Extended Tags
[    1.966376] pci 0000:01:00.4: PME# supported from D0 D3hot D3cold
[    1.966477] pci 0000:01:00.5: [1022:15e2] type 00 class 0x048000
[    1.966483] pci 0000:01:00.5: reg 0x10: [mem 0xd0480000-0xd04bffff]
[    1.966503] pci 0000:01:00.5: enabling Extended Tags
[    1.966530] pci 0000:01:00.5: PME# supported from D0 D3hot D3cold
[    1.966627] pci 0000:01:00.6: [1022:15e3] type 00 class 0x040300
[    1.966633] pci 0000:01:00.6: reg 0x10: [mem 0xd04c0000-0xd04c7fff]
[    1.966653] pci 0000:01:00.6: enabling Extended Tags
[    1.966680] pci 0000:01:00.6: PME# supported from D0 D3hot D3cold
[    1.966770] pci 0000:00:08.1: PCI bridge to [bus 01]
[    1.966773] pci 0000:00:08.1:   bridge window [io  0x1000-0x1fff]
[    1.966774] pci 0000:00:08.1:   bridge window [mem 0xd0100000-0xd04fffff]
[    1.966777] pci 0000:00:08.1:   bridge window [mem 0xfce0000000-0xfcf01fffff 64bit pref]
[    1.966829] pci 0000:02:00.0: [1022:7901] type 00 class 0x010601
[    1.966855] pci 0000:02:00.0: reg 0x24: [mem 0xd0001000-0xd00017ff]
[    1.966863] pci 0000:02:00.0: enabling Extended Tags
[    1.966982] pci 0000:02:00.1: [1022:7901] type 00 class 0x010601
[    1.967008] pci 0000:02:00.1: reg 0x24: [mem 0xd0000000-0xd00007ff]
[    1.967016] pci 0000:02:00.1: enabling Extended Tags
[    1.967118] pci 0000:00:08.2: PCI bridge to [bus 02]
[    1.967122] pci 0000:00:08.2:   bridge window [mem 0xd0000000-0xd00fffff]
[    1.968866] ACPI: PCI: Interrupt link LNKA configured for IRQ 0
[    1.968867] ACPI: PCI: Interrupt link LNKA disabled
[    1.968961] ACPI: PCI: Interrupt link LNKB configured for IRQ 0
[    1.968962] ACPI: PCI: Interrupt link LNKB disabled
[    1.969037] ACPI: PCI: Interrupt link LNKC configured for IRQ 0
[    1.969038] ACPI: PCI: Interrupt link LNKC disabled
[    1.969137] ACPI: PCI: Interrupt link LNKD configured for IRQ 0
[    1.969138] ACPI: PCI: Interrupt link LNKD disabled
[    1.969225] ACPI: PCI: Interrupt link LNKE configured for IRQ 0
[    1.969225] ACPI: PCI: Interrupt link LNKE disabled
[    1.969294] ACPI: PCI: Interrupt link LNKF configured for IRQ 0
[    1.969295] ACPI: PCI: Interrupt link LNKF disabled
[    1.969364] ACPI: PCI: Interrupt link LNKG configured for IRQ 0
[    1.969365] ACPI: PCI: Interrupt link LNKG disabled
[    1.969433] ACPI: PCI: Interrupt link LNKH configured for IRQ 0
[    1.969434] ACPI: PCI: Interrupt link LNKH disabled
[    1.971515] ACPI: EC: interrupt unblocked
[    1.971516] ACPI: EC: event unblocked
[    1.971524] ACPI: EC: EC_CMD/EC_SC=0x66, EC_DATA=0x62
[    1.971525] ACPI: EC: GPE=0x3
[    1.971526] ACPI: \_SB_.PCI0.LPC0.EC0_: Boot DSDT EC initialization complete
[    1.971528] ACPI: \_SB_.PCI0.LPC0.EC0_: EC: Used to handle transactions and events
[    1.971572] iommu: Default domain type: Translated 
[    1.971573] iommu: DMA domain TLB invalidation policy: lazy mode 
[    1.971590] pci 0000:01:00.0: vgaarb: VGA device added: decodes=io+mem,owns=none,locks=none
[    1.971590] pci 0000:01:00.0: vgaarb: bridge control possible
[    1.971590] pci 0000:01:00.0: vgaarb: setting as boot device
[    1.971590] vgaarb: loaded
[    1.971590] SCSI subsystem initialized
[    1.971590] libata version 3.00 loaded.
[    1.971590] ACPI: bus type USB registered
[    1.971590] usbcore: registered new interface driver usbfs
[    1.971590] usbcore: registered new interface driver hub
[    1.971590] usbcore: registered new device driver usb
[    1.978277] pps_core: LinuxPPS API ver. 1 registered
[    1.978278] pps_core: Software ver. 5.3.6 - Copyright 2005-2007 Rodolfo Giometti <giometti@linux.it>
[    1.978282] PTP clock support registered
[    1.978291] EDAC MC: Ver: 3.0.0
[    1.979130] Registered efivars operations
[    1.979264] NetLabel: Initializing
[    1.979265] NetLabel:  domain hash size = 128
[    1.979265] NetLabel:  protocols = UNLABELED CIPSOv4 CALIPSO
[    1.979278] NetLabel:  unlabeled traffic allowed by default
[    1.979281] PCI: Using ACPI for IRQ routing
[    1.981347] PCI: pci_cache_line_size set to 64 bytes
[    1.981380] e820: reserve RAM buffer [mem 0x0009f000-0x0009ffff]
[    1.981382] e820: reserve RAM buffer [mem 0x09b00000-0x0bffffff]
[    1.981383] e820: reserve RAM buffer [mem 0x09f00000-0x0bffffff]
[    1.981384] e820: reserve RAM buffer [mem 0xb3636000-0xb3ffffff]
[    1.981385] e820: reserve RAM buffer [mem 0xbab69000-0xbbffffff]
[    1.981386] e820: reserve RAM buffer [mem 0xc9f7f000-0xcbffffff]
[    1.981387] e820: reserve RAM buffer [mem 0xce000000-0xcfffffff]
[    1.981387] e820: reserve RAM buffer [mem 0x40f340000-0x40fffffff]
[    1.981392] hpet0: at MMIO 0xfed00000, IRQs 2, 8, 0
[    1.981392] hpet0: 3 comparators, 32-bit 14.318180 MHz counter
[    1.983966] clocksource: Switched to clocksource tsc-early
[    1.992832] VFS: Disk quotas dquot_6.6.0
[    1.992850] VFS: Dquot-cache hash table entries: 512 (order 0, 4096 bytes)
[    1.992993] AppArmor: AppArmor Filesystem Enabled
[    1.993044] pnp: PnP ACPI init
[    1.993312] system 00:00: [mem 0xfec00000-0xfec01fff] could not be reserved
[    1.993317] system 00:00: [mem 0xfee00000-0xfee00fff] has been reserved
[    1.993319] system 00:00: [mem 0xfde00000-0xfdefffff] has been reserved
[    1.993556] system 00:03: [io  0x0400-0x04cf] has been reserved
[    1.993558] system 00:03: [io  0x04d0-0x04d1] has been reserved
[    1.993559] system 00:03: [io  0x04d6] has been reserved
[    1.993560] system 00:03: [io  0x0c00-0x0c01] has been reserved
[    1.993561] system 00:03: [io  0x0c14] has been reserved
[    1.993562] system 00:03: [io  0x0c50-0x0c52] has been reserved
[    1.993563] system 00:03: [io  0x0c6c] has been reserved
[    1.993565] system 00:03: [io  0x0c6f] has been reserved
[    1.993566] system 00:03: [io  0x0cd0-0x0cdb] has been reserved
[    1.993638] system 00:04: [mem 0x000e0000-0x000fffff] could not be reserved
[    1.993639] system 00:04: [mem 0xff000000-0xffffffff] could not be reserved
[    1.994748] pnp: PnP ACPI: found 5 devices
[    2.002716] clocksource: acpi_pm: mask: 0xffffff max_cycles: 0xffffff, max_idle_ns: 2085701024 ns
[    2.002870] NET: Registered PF_INET protocol family
[    2.003574] IP idents hash table entries: 262144 (order: 9, 2097152 bytes, linear)
[    2.005341] tcp_listen_portaddr_hash hash table entries: 8192 (order: 5, 131072 bytes, linear)
[    2.005484] TCP established hash table entries: 131072 (order: 8, 1048576 bytes, linear)
[    2.005724] TCP bind hash table entries: 65536 (order: 8, 1048576 bytes, linear)
[    2.005791] TCP: Hash tables configured (established 131072 bind 65536)
[    2.005950] MPTCP token hash table entries: 16384 (order: 6, 393216 bytes, linear)
[    2.006014] UDP hash table entries: 8192 (order: 6, 262144 bytes, linear)
[    2.006070] UDP-Lite hash table entries: 8192 (order: 6, 262144 bytes, linear)
[    2.006155] NET: Registered PF_UNIX/PF_LOCAL protocol family
[    2.006165] NET: Registered PF_XDP protocol family
[    2.006179] pci 0000:00:08.1: PCI bridge to [bus 01]
[    2.006183] pci 0000:00:08.1:   bridge window [io  0x1000-0x1fff]
[    2.006187] pci 0000:00:08.1:   bridge window [mem 0xd0100000-0xd04fffff]
[    2.006190] pci 0000:00:08.1:   bridge window [mem 0xfce0000000-0xfcf01fffff 64bit pref]
[    2.006193] pci 0000:00:08.2: PCI bridge to [bus 02]
[    2.006195] pci 0000:00:08.2:   bridge window [mem 0xd0000000-0xd00fffff]
[    2.006201] pci_bus 0000:00: resource 4 [io  0x0000-0x0cf7 window]
[    2.006203] pci_bus 0000:00: resource 5 [io  0x0d00-0xffff window]
[    2.006204] pci_bus 0000:00: resource 6 [mem 0x000a0000-0x000bffff window]
[    2.006205] pci_bus 0000:00: resource 7 [mem 0x000c0000-0x000c3fff window]
[    2.006207] pci_bus 0000:00: resource 8 [mem 0x000c4000-0x000c7fff window]
[    2.006208] pci_bus 0000:00: resource 9 [mem 0x000c8000-0x000cbfff window]
[    2.006209] pci_bus 0000:00: resource 10 [mem 0x000cc000-0x000cffff window]
[    2.006210] pci_bus 0000:00: resource 11 [mem 0x000d0000-0x000d3fff window]
[    2.006211] pci_bus 0000:00: resource 12 [mem 0x000d4000-0x000d7fff window]
[    2.006212] pci_bus 0000:00: resource 13 [mem 0x000d8000-0x000dbfff window]
[    2.006213] pci_bus 0000:00: resource 14 [mem 0x000dc000-0x000dffff window]
[    2.006214] pci_bus 0000:00: resource 15 [mem 0x000e0000-0x000e3fff window]
[    2.006215] pci_bus 0000:00: resource 16 [mem 0x000e4000-0x000e7fff window]
[    2.006216] pci_bus 0000:00: resource 17 [mem 0x000e8000-0x000ebfff window]
[    2.006216] pci_bus 0000:00: resource 18 [mem 0x000ec000-0x000effff window]
[    2.006218] pci_bus 0000:00: resource 19 [mem 0xd0000000-0xf7ffffff window]
[    2.006219] pci_bus 0000:00: resource 20 [mem 0xfc000000-0xfed3ffff window]
[    2.006220] pci_bus 0000:00: resource 21 [mem 0x450200000-0xfcffffffff window]
[    2.006222] pci_bus 0000:01: resource 0 [io  0x1000-0x1fff]
[    2.006223] pci_bus 0000:01: resource 1 [mem 0xd0100000-0xd04fffff]
[    2.006224] pci_bus 0000:01: resource 2 [mem 0xfce0000000-0xfcf01fffff 64bit pref]
[    2.006225] pci_bus 0000:02: resource 1 [mem 0xd0000000-0xd00fffff]
[    2.006371] pci 0000:01:00.1: D0 power state depends on 0000:01:00.0
[    2.006406] pci 0000:01:00.3: extending delay after power-on from D3hot to 20 msec
[    2.008024] pci 0000:01:00.4: extending delay after power-on from D3hot to 20 msec
[    2.019259] pci 0000:01:00.4: quirk_usb_early_handoff+0x0/0x750 took 10970 usecs
[    2.019271] PCI: CLS 64 bytes, default 64
[    2.019285] pci 0000:00:00.2: AMD-Vi: IOMMU performance counters supported
[    2.019337] Trying to unpack rootfs image as initramfs...
[    2.019348] pci 0000:00:00.2: can't derive routing for PCI INT A
[    2.019349] pci 0000:00:00.2: PCI INT A: not connected
[    2.019368] pci 0000:00:01.0: Adding to iommu group 0
[    2.019384] pci 0000:00:02.0: Adding to iommu group 1
[    2.019401] pci 0000:00:08.0: Adding to iommu group 2
[    2.019408] pci 0000:00:08.1: Adding to iommu group 2
[    2.019415] pci 0000:00:08.2: Adding to iommu group 2
[    2.019429] pci 0000:00:14.0: Adding to iommu group 3
[    2.019438] pci 0000:00:14.3: Adding to iommu group 3
[    2.019462] pci 0000:00:18.0: Adding to iommu group 4
[    2.019470] pci 0000:00:18.1: Adding to iommu group 4
[    2.019477] pci 0000:00:18.2: Adding to iommu group 4
[    2.019484] pci 0000:00:18.3: Adding to iommu group 4
[    2.019491] pci 0000:00:18.4: Adding to iommu group 4
[    2.019499] pci 0000:00:18.5: Adding to iommu group 4
[    2.019509] pci 0000:00:18.6: Adding to iommu group 4
[    2.019516] pci 0000:00:18.7: Adding to iommu group 4
[    2.019530] pci 0000:01:00.0: Adding to iommu group 2
[    2.019534] pci 0000:01:00.1: Adding to iommu group 2
[    2.019539] pci 0000:01:00.2: Adding to iommu group 2
[    2.019544] pci 0000:01:00.3: Adding to iommu group 2
[    2.019548] pci 0000:01:00.4: Adding to iommu group 2
[    2.019555] pci 0000:01:00.5: Adding to iommu group 2
[    2.019560] pci 0000:01:00.6: Adding to iommu group 2
[    2.019566] pci 0000:02:00.0: Adding to iommu group 2
[    2.019570] pci 0000:02:00.1: Adding to iommu group 2
[    2.021095] pci 0000:00:00.2: AMD-Vi: Found IOMMU cap 0x40
[    2.021101] AMD-Vi: Extended features (0x206d73ef22254ade): PPR X2APIC NX GT IA GA PC GA_vAPIC
[    2.021106] AMD-Vi: Interrupt remapping enabled
[    2.021107] AMD-Vi: Virtual APIC enabled
[    2.021107] AMD-Vi: X2APIC enabled
[    2.021334] software IO TLB: tearing down default memory pool
[    2.029331] LVT offset 0 assigned for vector 0x400
[    2.029531] perf: AMD IBS detected (0x000003ff)
[    2.029537] perf/amd_iommu: Detected AMD IOMMU #0 (2 banks, 4 counters/bank).
[    2.031354] Initialise system trusted keyrings
[    2.031383] Key type blacklist registered
[    2.031513] workingset: timestamp_bits=41 max_order=22 bucket_order=0
[    2.033413] zbud: loaded
[    2.036419] Key type asymmetric registered
[    2.036420] Asymmetric key parser 'x509' registered
[    2.036451] Block layer SCSI generic (bsg) driver version 0.4 loaded (major 242)
[    2.036555] io scheduler mq-deadline registered
[    2.036557] io scheduler kyber registered
[    2.036590] io scheduler bfq registered
[    2.037072] pcieport 0000:00:08.1: PME: Signaling with IRQ 26
[    2.037296] pcieport 0000:00:08.2: PME: Signaling with IRQ 27
[    2.037377] shpchp: Standard Hot Plug PCI Controller Driver version: 0.4
[    2.038697] ACPI: AC: AC Adapter [ACAD] (off-line)
[    2.038737] input: Power Button as /devices/LNXSYSTM:00/LNXSYBUS:00/PNP0C0C:00/input/input0
[    2.038754] ACPI: button: Power Button [PWRB]
[    2.038782] input: Lid Switch as /devices/LNXSYSTM:00/LNXSYBUS:00/PNP0A08:00/device:2a/PNP0C09:00/PNP0C0D:00/input/input1
[    2.038797] ACPI: button: Lid Switch [LID0]
[    2.038832] Monitor-Mwait will be used to enter C-1 state
[    2.038835] ACPI: \_SB_.PLTF.C000: Found 3 idle states
[    2.038845] ACPI: FW issue: working around C-state latencies out of order
[    2.038929] ACPI: \_SB_.PLTF.C001: Found 3 idle states
[    2.038933] ACPI: FW issue: working around C-state latencies out of order
[    2.039087] ACPI: \_SB_.PLTF.C002: Found 3 idle states
[    2.039096] ACPI: FW issue: working around C-state latencies out of order
[    2.039172] ACPI: \_SB_.PLTF.C003: Found 3 idle states
[    2.039177] ACPI: FW issue: working around C-state latencies out of order
[    2.039346] ACPI: \_SB_.PLTF.C004: Found 3 idle states
[    2.039355] ACPI: FW issue: working around C-state latencies out of order
[    2.039491] ACPI: \_SB_.PLTF.C005: Found 3 idle states
[    2.039500] ACPI: FW issue: working around C-state latencies out of order
[    2.041926] thermal LNXTHERM:00: registered as thermal_zone0
[    2.041931] ACPI: thermal: Thermal Zone [TZ0] (0 C)
[    2.042209] Serial: 8250/16550 driver, 32 ports, IRQ sharing enabled
[    2.044298] Non-volatile memory driver v1.3
[    2.044301] Linux agpgart interface v0.103
[    2.044413] AMD-Vi: AMD IOMMUv2 loaded and initialized
[    2.045854] ahci 0000:02:00.0: version 3.0
[    2.046041] ahci 0000:02:00.0: AHCI 0001.0301 32 slots 1 ports 6 Gbps 0x1 impl SATA mode
[    2.046044] ahci 0000:02:00.0: flags: 64bit ncq sntf ilck pm led clo only pmp fbs pio slum part 
[    2.046190] scsi host0: ahci
[    2.046258] ata1: SATA max UDMA/133 abar m2048@0xd0001000 port 0xd0001100 irq 29
[    2.046380] ahci 0000:02:00.1: AHCI 0001.0301 32 slots 1 ports 6 Gbps 0x1 impl SATA mode
[    2.046382] ahci 0000:02:00.1: flags: 64bit ncq sntf ilck pm led clo only pmp fbs pio slum part deso sadm sds 
[    2.046570] scsi host1: ahci
[    2.046618] ata2: SATA max UDMA/133 abar m2048@0xd0000000 port 0xd0000100 irq 31
[    2.046661] ehci_hcd: USB 2.0 'Enhanced' Host Controller (EHCI) Driver
[    2.046673] ehci-pci: EHCI PCI platform driver
[    2.046690] ohci_hcd: USB 1.1 'Open' Host Controller (OHCI) Driver
[    2.046695] ohci-pci: OHCI PCI platform driver
[    2.046700] uhci_hcd: USB Universal Host Controller Interface driver
[    2.046754] usbcore: registered new interface driver usbserial_generic
[    2.046759] usbserial: USB Serial support registered for generic
[    2.046861] rtc_cmos 00:01: RTC can wake from S4
[    2.047076] rtc_cmos 00:01: registered as rtc0
[    2.047110] rtc_cmos 00:01: setting system clock to 2021-12-27T22:05:05 UTC (1640642705)
[    2.047126] rtc_cmos 00:01: alarms up to one month, 114 bytes nvram, hpet irqs
[    2.047302] ledtrig-cpu: registered to indicate activity on CPUs
[    2.047527] efifb: probing for efifb
[    2.047539] efifb: framebuffer at 0xfce0000000, using 8128k, total 8128k
[    2.047540] efifb: mode is 1920x1080x32, linelength=7680, pages=1
[    2.047541] efifb: scrolling: redraw
[    2.047541] efifb: Truecolor: size=8:8:8:8, shift=24:16:8:0
[    2.047620] fbcon: Deferring console take-over
[    2.047621] fb0: EFI VGA frame buffer device
[    2.047656] hid: raw HID events driver (C) Jiri Kosina
[    2.047750] drop_monitor: Initializing network drop monitor service
[    2.047798] Initializing XFRM netlink socket
[    2.047900] NET: Registered PF_INET6 protocol family
[    2.061917] ACPI: battery: Slot [BATT] (battery present)
[    2.363887] ata1: SATA link down (SStatus 0 SControl 300)
[    2.464158] Freeing initrd memory: 11432K
[    2.471037] Segment Routing with IPv6
[    2.471040] RPL Segment Routing with IPv6
[    2.471057] In-situ OAM (IOAM) with IPv6
[    2.471082] NET: Registered PF_PACKET protocol family
[    2.472648] microcode: CPU0: patch_level=0x08600106
[    2.472676] microcode: CPU1: patch_level=0x08600106
[    2.472683] microcode: CPU2: patch_level=0x08600106
[    2.472712] microcode: CPU3: patch_level=0x08600106
[    2.472743] microcode: CPU4: patch_level=0x08600106
[    2.472769] microcode: CPU5: patch_level=0x08600106
[    2.472776] microcode: Microcode Update Driver: v2.2.
[    2.473186] resctrl: L3 allocation detected
[    2.473190] resctrl: MB allocation detected
[    2.473191] resctrl: L3 monitoring detected
[    2.473196] IPI shorthand broadcast: enabled
[    2.473214] sched_clock: Marking stable (2472643147, 504733)->(3576515582, -1103367702)
[    2.473549] registered taskstats version 1
[    2.473876] Loading compiled-in X.509 certificates
[    2.476175] Loaded X.509 cert 'Build time autogenerated kernel key: defcdccb3962b02406b9684259a13cefc7cd3e6e'
[    2.477170] zswap: loaded using pool lz4/z3fold
[    2.478136] Key type ._fscrypt registered
[    2.478139] Key type .fscrypt registered
[    2.478140] Key type fscrypt-provisioning registered
[    2.478207] AppArmor: AppArmor sha1 policy hashing enabled
[    2.478600] PM:   Magic number: 1:914:98
[    2.478920] RAS: Correctable Errors collector initialized.
[    2.812039] ata2: SATA link up 6.0 Gbps (SStatus 133 SControl 300)
[    2.812667] ata2.00: ATA-11: SAMSUNG MZNLH512HALU-00000, RVT2200Q, max UDMA/133
[    2.813609] ata2.00: 1000215216 sectors, multi 16: LBA48 NCQ (depth 32), AA
[    2.815343] ata2.00: Features: Dev-Sleep NCQ-sndrcv
[    2.819100] ata2.00: configured for UDMA/133
[    2.819254] ata2.00: failed to enable DEVSLP
[    2.819264] ata2.00: failed to enable DIPM, Emask 0x40
[    3.083607] clocksource: timekeeping watchdog on CPU1: Marking clocksource 'tsc-early' as unstable because the skew is too large:
[    3.083615] clocksource:                       'hpet' wd_nsec: 506697848 wd_now: 1d55007 wd_last: 1669c38 mask: ffffffff
[    3.083619] clocksource:                       'tsc-early' cs_nsec: 793049469 cs_now: 4644df36e cs_last: 3f4421a42 mask: ffffffffffffffff
[    3.083623] clocksource:                       'tsc-early' is current clocksource.
[    3.083633] tsc: Marking TSC unstable due to clocksource watchdog
[    3.083653] TSC found unstable after boot, most likely due to broken BIOS. Use 'tsc=unstable'.
[    3.083655] sched_clock: Marking unstable (3083147450, 504733)<-(4187019868, -1103367702)
[    3.084117] clocksource: Switched to clocksource hpet
[    8.032765] ata2: SATA link up 6.0 Gbps (SStatus 133 SControl 300)
[    8.041107] ata2.00: configured for UDMA/133
[    8.041874] scsi 1:0:0:0: Direct-Access     ATA      SAMSUNG MZNLH512 200Q PQ: 0 ANSI: 5
[    8.042521] sd 1:0:0:0: [sda] 1000215216 512-byte logical blocks: (512 GB/477 GiB)
[    8.042538] sd 1:0:0:0: [sda] Write Protect is off
[    8.042541] sd 1:0:0:0: [sda] Mode Sense: 00 3a 00 00
[    8.042558] sd 1:0:0:0: [sda] Write cache: enabled, read cache: enabled, doesn't support DPO or FUA
[    8.074297]  sda: sda1 sda2 sda3
[    8.096167] sd 1:0:0:0: [sda] Attached SCSI disk
[    8.096327] Unstable clock detected, switching default tracing clock to "global"
               If you want to keep using the local clock, then add:
                 "trace_clock=local"
               on the kernel command line
[    8.099645] Freeing unused decrypted memory: 2036K
[    8.100213] Freeing unused kernel image (initmem) memory: 1864K
[    8.122684] Write protecting the kernel read-only data: 28672k
[    8.123686] Freeing unused kernel image (text/rodata gap) memory: 2036K
[    8.124430] Freeing unused kernel image (rodata/data gap) memory: 1496K
[    8.166577] x86/mm: Checked W+X mappings: passed, no W+X pages found.
[    8.166586] rodata_test: all tests were successful
[    8.166589] x86/mm: Checking user space page tables
[    8.206784] x86/mm: Checked W+X mappings: passed, no W+X pages found.
[    8.206817] Run /init as init process
[    8.206819]   with arguments:
[    8.206820]     /init
[    8.206821]   with environment:
[    8.206822]     HOME=/
[    8.206823]     TERM=linux
[    8.206824]     BOOT_IMAGE=/boot/vmlinuz-linux
[    8.206825]     pti=on
[    8.206826]     mem_encrypt=on
[    8.241043] fbcon: Taking over console
[    8.241172] Console: switching to colour frame buffer device 240x67
[    8.404406] xhci_hcd 0000:01:00.3: xHCI Host Controller
[    8.404436] xhci_hcd 0000:01:00.3: new USB bus registered, assigned bus number 1
[    8.404495] i8042: PNP: PS/2 Controller [PNP0303:KBC0] at 0x60,0x64 irq 1
[    8.404501] i8042: PNP: PS/2 appears to have AUX port disabled, if this is incorrect please boot with i8042.nopnp
[    8.404569] xhci_hcd 0000:01:00.3: hcc params 0x0268ffe5 hci version 0x110 quirks 0x0000020000000410
[    8.405084] usb usb1: New USB device found, idVendor=1d6b, idProduct=0002, bcdDevice= 5.15
[    8.405088] usb usb1: New USB device strings: Mfr=3, Product=2, SerialNumber=1
[    8.405090] usb usb1: Product: xHCI Host Controller
[    8.405092] usb usb1: Manufacturer: Linux 5.15.11-arch2-1 xhci-hcd
[    8.405093] usb usb1: SerialNumber: 0000:01:00.3
[    8.405318] hub 1-0:1.0: USB hub found
[    8.405330] hub 1-0:1.0: 4 ports detected
[    8.405802] xhci_hcd 0000:01:00.3: xHCI Host Controller
[    8.405808] xhci_hcd 0000:01:00.3: new USB bus registered, assigned bus number 2
[    8.405813] xhci_hcd 0000:01:00.3: Host supports USB 3.1 Enhanced SuperSpeed
[    8.405835] usb usb2: We don't know the algorithms for LPM for this host, disabling LPM.
[    8.405867] usb usb2: New USB device found, idVendor=1d6b, idProduct=0003, bcdDevice= 5.15
[    8.405869] usb usb2: New USB device strings: Mfr=3, Product=2, SerialNumber=1
[    8.405871] usb usb2: Product: xHCI Host Controller
[    8.405872] usb usb2: Manufacturer: Linux 5.15.11-arch2-1 xhci-hcd
[    8.405873] usb usb2: SerialNumber: 0000:01:00.3
[    8.406139] hub 2-0:1.0: USB hub found
[    8.406149] hub 2-0:1.0: 2 ports detected
[    8.406256] serio: i8042 KBD port at 0x60,0x64 irq 1
[    8.406673] xhci_hcd 0000:01:00.4: xHCI Host Controller
[    8.406679] xhci_hcd 0000:01:00.4: new USB bus registered, assigned bus number 3
[    8.406905] xhci_hcd 0000:01:00.4: hcc params 0x0268ffe5 hci version 0x110 quirks 0x0000020000000410
[    8.407607] usb usb3: New USB device found, idVendor=1d6b, idProduct=0002, bcdDevice= 5.15
[    8.407615] usb usb3: New USB device strings: Mfr=3, Product=2, SerialNumber=1
[    8.407617] usb usb3: Product: xHCI Host Controller
[    8.407619] usb usb3: Manufacturer: Linux 5.15.11-arch2-1 xhci-hcd
[    8.407621] usb usb3: SerialNumber: 0000:01:00.4
[    8.408019] hub 3-0:1.0: USB hub found
[    8.408039] hub 3-0:1.0: 4 ports detected
[    8.408584] xhci_hcd 0000:01:00.4: xHCI Host Controller
[    8.408592] xhci_hcd 0000:01:00.4: new USB bus registered, assigned bus number 4
[    8.408597] xhci_hcd 0000:01:00.4: Host supports USB 3.1 Enhanced SuperSpeed
[    8.408619] usb usb4: We don't know the algorithms for LPM for this host, disabling LPM.
[    8.408651] usb usb4: New USB device found, idVendor=1d6b, idProduct=0003, bcdDevice= 5.15
[    8.408653] usb usb4: New USB device strings: Mfr=3, Product=2, SerialNumber=1
[    8.408655] usb usb4: Product: xHCI Host Controller
[    8.408656] usb usb4: Manufacturer: Linux 5.15.11-arch2-1 xhci-hcd
[    8.408658] usb usb4: SerialNumber: 0000:01:00.4
[    8.408858] hub 4-0:1.0: USB hub found
[    8.408867] hub 4-0:1.0: 2 ports detected
[    8.451884] input: AT Translated Set 2 keyboard as /devices/platform/i8042/serio0/input/input2
[    8.465703] random: fast init done
[    8.574165] PM: Image not found (code -22)
[   11.018012] EXT4-fs (sda2): mounted filesystem with ordered data mode. Opts: (null). Quota mode: none.
[   11.192844] systemd[1]: systemd 250-1-arch running in system mode (+PAM +AUDIT -SELINUX -APPARMOR -IMA +SMACK +SECCOMP +GCRYPT +GNUTLS +OPENSSL +ACL +BLKID +CURL +ELFUTILS +FIDO2 +IDN2 -IDN +IPTC +KMOD +LIBCRYPTSETUP +LIBFDISK +PCRE2 -PWQUALITY +P11KIT -QRENCODE +BZIP2 +LZ4 +XZ +ZLIB +ZSTD -BPF_FRAMEWORK +XKBCOMMON +UTMP -SYSVINIT default-hierarchy=unified)
[   11.209438] systemd[1]: Detected architecture x86-64.
[   11.210105] systemd[1]: Hostname set to <mksredmibook14ii>.
[   11.278819] random: lvmconfig: uninitialized urandom read (4 bytes read)
[   11.386386] systemd[1]: Queued start job for default target Graphical Interface.
[   11.388617] systemd[1]: Created slice Slice /system/getty.
[   11.389183] systemd[1]: Created slice Slice /system/modprobe.
[   11.389674] systemd[1]: Created slice Slice /system/systemd-fsck.
[   11.389973] systemd[1]: Created slice User and Session Slice.
[   11.390104] systemd[1]: Started Dispatch Password Requests to Console Directory Watch.
[   11.390187] systemd[1]: Started Forward Password Requests to Wall Directory Watch.
[   11.390446] systemd[1]: Set up automount Arbitrary Executable File Formats File System Automount Point.
[   11.390534] systemd[1]: Reached target Local Encrypted Volumes.
[   11.390573] systemd[1]: Reached target Login Prompts.
[   11.390608] systemd[1]: Reached target Local Integrity Protected Volumes.
[   11.390657] systemd[1]: Reached target Path Units.
[   11.390693] systemd[1]: Reached target Remote File Systems.
[   11.390730] systemd[1]: Reached target Slice Units.
[   11.390775] systemd[1]: Reached target Local Verity Protected Volumes.
[   11.390886] systemd[1]: Listening on Device-mapper event daemon FIFOs.
[   11.391299] systemd[1]: Listening on LVM2 poll daemon socket.
[   11.392874] systemd[1]: Listening on Process Core Dump Socket.
[   11.396432] systemd[1]: Journal Audit Socket was skipped because of a failed condition check (ConditionSecurity=audit).
[   11.397531] systemd[1]: Listening on Journal Socket (/dev/log).
[   11.397727] systemd[1]: Listening on Journal Socket.
[   11.399324] systemd[1]: Listening on udev Control Socket.
[   11.399487] systemd[1]: Listening on udev Kernel Socket.
[   11.400852] systemd[1]: Mounting Huge Pages File System...
[   11.402405] systemd[1]: Mounting POSIX Message Queue File System...
[   11.403905] systemd[1]: Mounting Kernel Debug File System...
[   11.405466] systemd[1]: Mounting Kernel Trace File System...
[   11.408490] systemd[1]: Starting Create List of Static Device Nodes...
[   11.410048] systemd[1]: Starting Monitoring of LVM2 mirrors, snapshots etc. using dmeventd or progress polling...
[   11.411652] systemd[1]: Starting Load Kernel Module configfs...
[   11.413449] systemd[1]: Starting Load Kernel Module drm...
[   11.415047] systemd[1]: Starting Load Kernel Module fuse...
[   11.415176] systemd[1]: File System Check on Root Device was skipped because of a failed condition check (ConditionPathIsReadWrite=!/).
[   11.415265] random: lvm: uninitialized urandom read (4 bytes read)
[   11.418451] systemd[1]: Starting Journal Service...
[   11.421733] systemd[1]: Starting Load Kernel Modules...
[   11.423314] systemd[1]: Starting Remount Root and Kernel File Systems...
[   11.423453] systemd[1]: Repartition Root Disk was skipped because all trigger condition checks failed.
[   11.425062] systemd[1]: Starting Coldplug All udev Devices...
[   11.427267] systemd[1]: Mounted Huge Pages File System.
[   11.427470] systemd[1]: Mounted POSIX Message Queue File System.
[   11.427596] systemd[1]: Mounted Kernel Debug File System.
[   11.427718] systemd[1]: Mounted Kernel Trace File System.
[   11.428058] systemd[1]: Finished Create List of Static Device Nodes.
[   11.429716] fuse: init (API version 7.34)
[   11.431034] systemd[1]: modprobe@configfs.service: Deactivated successfully.
[   11.431274] systemd[1]: Finished Load Kernel Module configfs.
[   11.431587] systemd[1]: modprobe@drm.service: Deactivated successfully.
[   11.431642] EXT4-fs (sda2): re-mounted. Opts: (null). Quota mode: none.
[   11.431776] systemd[1]: Finished Load Kernel Module drm.
[   11.432778] systemd[1]: modprobe@fuse.service: Deactivated successfully.
[   11.433485] systemd[1]: Finished Load Kernel Module fuse.
[   11.434037] systemd[1]: Finished Remount Root and Kernel File Systems.
[   11.435684] systemd[1]: Mounting FUSE Control File System...
[   11.437435] systemd[1]: Mounting Kernel Configuration File System...
[   11.437588] systemd[1]: First Boot Wizard was skipped because of a failed condition check (ConditionFirstBoot=yes).
[   11.440533] systemd[1]: Rebuild Hardware Database was skipped because all trigger condition checks failed.
[   11.441522] vboxdrv: loading out-of-tree module taints kernel.
[   11.441833] vboxdrv: module verification failed: signature and/or required key missing - tainting kernel
[   11.442581] systemd[1]: Starting Load/Save Random Seed...
[   11.444793] systemd[1]: Starting Create System Users...
[   11.446156] vboxdrv: Found 6 processor cores
[   11.447705] systemd[1]: Mounted FUSE Control File System.
[   11.447881] systemd[1]: Mounted Kernel Configuration File System.
[   11.466077] systemd[1]: Finished Monitoring of LVM2 mirrors, snapshots etc. using dmeventd or progress polling.
[   11.469663] vboxdrv: TSC mode is Invariant, tentative frequency 2370724267 Hz
[   11.469668] vboxdrv: Successfully loaded version 6.1.30 r148432 (interface 0x00320000)
[   11.473178] VBoxNetAdp: Successfully started.
[   11.473713] systemd[1]: Finished Create System Users.
[   11.475394] systemd[1]: Starting Create Static Device Nodes in /dev...
[   11.475597] VBoxNetFlt: Successfully started.
[   11.477458] systemd[1]: Finished Load Kernel Modules.
[   11.479126] systemd[1]: Starting Apply Kernel Variables...
[   11.494118] systemd[1]: Finished Apply Kernel Variables.
[   11.521768] systemd[1]: Started Journal Service.
[   11.530654] systemd-journald[248]: Received client request to flush runtime journal.
[   11.669439] acpi_cpufreq: overriding BIOS provided _PSD data
[   11.693598] acpi PNP0C14:01: duplicate WMI GUID 05901221-D566-11D1-B2F0-00A0C9062910 (first instance was on PNP0C14:00)
[   11.726296] ACPI: video: Video Device [VGA] (multi-head: yes  rom: no  post: no)
[   11.726726] acpi device:0e: registered as cooling_device6
[   11.726805] input: Video Bus as /devices/LNXSYSTM:00/LNXSYBUS:00/PNP0A08:00/device:0d/LNXVIDEO:00/input/input3
[   11.772925] ccp 0000:01:00.2: enabling device (0000 -> 0002)
[   11.773176] ccp 0000:01:00.2: ccp: unable to access the device: you might be running a broken BIOS.
[   11.775509] piix4_smbus 0000:00:14.0: SMBus Host Controller at 0xb00, revision 0
[   11.775516] piix4_smbus 0000:00:14.0: Using register 0x02 for SMBus port selection
[   11.775643] piix4_smbus 0000:00:14.0: Auxiliary SMBus Host Controller at 0xb20
[   11.780947] sp5100_tco: SP5100/SB800 TCO WatchDog Timer Driver
[   11.781057] sp5100-tco sp5100-tco: Using 0xfeb00000 for watchdog MMIO address
[   11.781169] sp5100-tco sp5100-tco: initialized. heartbeat=60 sec (nowayout=0)
[   11.783577] ccp 0000:01:00.2: tee enabled
[   11.783581] ccp 0000:01:00.2: psp enabled
[   11.847784] input: GXT7863:00 27C6:01E0 Mouse as /devices/platform/AMDI0010:03/i2c-0/i2c-GXT7863:00/0018:27C6:01E0.0001/input/input4
[   11.847996] input: GXT7863:00 27C6:01E0 Touchpad as /devices/platform/AMDI0010:03/i2c-0/i2c-GXT7863:00/0018:27C6:01E0.0001/input/input5
[   11.848203] hid-generic 0018:27C6:01E0.0001: input,hidraw0: I2C HID v1.00 Mouse [GXT7863:00 27C6:01E0] on i2c-GXT7863:00
[   11.947477] snd_rn_pci_acp3x 0000:01:00.5: enabling device (0000 -> 0002)
[   12.051855] [drm] amdgpu kernel modesetting enabled.
[   12.059067] Adding 17309968k swap on /dev/sda3.  Priority:-2 extents:1 across:17309968k SSFS
[   12.070479] amdgpu: Virtual CRAT table created for CPU
[   12.070525] amdgpu: Topology: Add CPU node
[   12.070637] checking generic (fce0000000 7f0000) vs hw (fce0000000 10000000)
[   12.070640] fb0: switching to amdgpu from EFI VGA
[   12.070797] Console: switching to colour dummy device 80x25
[   12.070849] amdgpu 0000:01:00.0: vgaarb: deactivate vga console
[   12.070960] amdgpu 0000:01:00.0: enabling device (0006 -> 0007)
[   12.071068] [drm] initializing kernel modesetting (RENOIR 0x1002:0x1636 0x1D72:0x1951 0xC3).
[   12.071072] amdgpu 0000:01:00.0: amdgpu: Trusted Memory Zone (TMZ) feature enabled
[   12.071879] [drm] register mmio base: 0xD0400000
[   12.071883] [drm] register mmio size: 524288
[   12.071886] [drm] PCIE atomic ops is not supported
[   12.073039] [drm] add ip block number 0 <soc15_common>
[   12.073041] [drm] add ip block number 1 <gmc_v9_0>
[   12.073042] [drm] add ip block number 2 <vega10_ih>
[   12.073043] [drm] add ip block number 3 <psp>
[   12.073044] [drm] add ip block number 4 <smu>
[   12.073045] [drm] add ip block number 5 <gfx_v9_0>
[   12.073046] [drm] add ip block number 6 <sdma_v4_0>
[   12.073047] [drm] add ip block number 7 <dm>
[   12.073048] [drm] add ip block number 8 <vcn_v2_0>
[   12.073049] [drm] add ip block number 9 <jpeg_v2_0>
[   12.073075] amdgpu 0000:01:00.0: amdgpu: Fetched VBIOS from VFCT
[   12.073081] amdgpu: ATOM BIOS: 113-RENOIR-026
[   12.075504] [drm] VCN decode is enabled in VM mode
[   12.075509] [drm] VCN encode is enabled in VM mode
[   12.075510] [drm] JPEG decode is enabled in VM mode
[   12.075588] [drm] vm size is 262144 GB, 4 levels, block size is 9-bit, fragment size is 9-bit
[   12.075601] amdgpu 0000:01:00.0: amdgpu: VRAM: 512M 0x000000F400000000 - 0x000000F41FFFFFFF (512M used)
[   12.075607] amdgpu 0000:01:00.0: amdgpu: GART: 1024M 0x0000000000000000 - 0x000000003FFFFFFF
[   12.075610] amdgpu 0000:01:00.0: amdgpu: AGP: 267419648M 0x000000F800000000 - 0x0000FFFFFFFFFFFF
[   12.075619] [drm] Detected VRAM RAM=512M, BAR=512M
[   12.075621] [drm] RAM width 128bits DDR4
[   12.075701] [drm] amdgpu: 512M of VRAM memory ready
[   12.075703] [drm] amdgpu: 3072M of GTT memory ready.
[   12.075712] [drm] GART: num cpu pages 262144, num gpu pages 262144
[   12.075867] [drm] PCIE GART of 1024M enabled.
[   12.075869] [drm] PTB located at 0x000000F400900000
[   12.077474] amdgpu 0000:01:00.0: amdgpu: PSP runtime database doesn't exist
[   12.083414] [drm] Loading DMUB firmware via PSP: version=0x01010019
[   12.084725] [drm] Found VCN firmware Version ENC: 1.16 DEC: 5 VEP: 0 Revision: 3
[   12.084734] amdgpu 0000:01:00.0: amdgpu: Will use PSP to load VCN firmware
[   12.087842] snd_hda_intel 0000:01:00.1: enabling device (0000 -> 0002)
[   12.087968] snd_hda_intel 0000:01:00.1: Handle vga_switcheroo audio client
[   12.088414] snd_hda_intel 0000:01:00.6: enabling device (0000 -> 0002)
[   12.125303] input: HD-Audio Generic HDMI/DP,pcm=3 as /devices/pci0000:00/0000:00:08.1/0000:01:00.1/sound/card0/input7
[   12.125412] input: HD-Audio Generic HDMI/DP,pcm=7 as /devices/pci0000:00/0000:00:08.1/0000:01:00.1/sound/card0/input8
[   12.199177] snd_hda_codec_realtek hdaudioC1D0: autoconfig for ALC256: line_outs=1 (0x14/0x0/0x0/0x0/0x0) type:speaker
[   12.199185] snd_hda_codec_realtek hdaudioC1D0:    speaker_outs=0 (0x0/0x0/0x0/0x0/0x0)
[   12.199187] snd_hda_codec_realtek hdaudioC1D0:    hp_outs=1 (0x21/0x0/0x0/0x0/0x0)
[   12.199189] snd_hda_codec_realtek hdaudioC1D0:    mono: mono_out=0x0
[   12.199190] snd_hda_codec_realtek hdaudioC1D0:    inputs:
[   12.199191] snd_hda_codec_realtek hdaudioC1D0:      Mic=0x19
[   12.226922] RAPL PMU: API unit is 2^-32 Joules, 1 fixed counters, 163840 ms ovfl timer
[   12.226929] RAPL PMU: hw unit of domain package 2^-16 Joules
[   12.254174] cryptd: max_cpu_qlen set to 1000
[   12.254934] input: HD-Audio Generic Mic as /devices/pci0000:00/0000:00:08.1/0000:01:00.6/sound/card1/input9
[   12.255082] input: HD-Audio Generic Headphone as /devices/pci0000:00/0000:00:08.1/0000:01:00.6/sound/card1/input10
[   12.324035] AVX2 version of gcm_enc/dec engaged.
[   12.324210] AES CTR mode by8 optimization enabled
[   12.341172] random: dbus-daemon: uninitialized urandom read (12 bytes read)
[   12.375581] random: dbus-daemon: uninitialized urandom read (12 bytes read)
[   12.375761] random: crng init done
[   12.552590] kvm: Nested Virtualization enabled
[   12.552594] SVM: kvm: Nested Paging enabled
[   12.552621] SVM: Virtual VMLOAD VMSAVE supported
[   12.552621] SVM: Virtual GIF supported
[   12.586353] MCE: In-kernel MCE decoding enabled.
[   12.601153] input: GXT7863:00 27C6:01E0 Mouse as /devices/platform/AMDI0010:03/i2c-0/i2c-GXT7863:00/0018:27C6:01E0.0001/input/input11
[   12.601502] input: GXT7863:00 27C6:01E0 Touchpad as /devices/platform/AMDI0010:03/i2c-0/i2c-GXT7863:00/0018:27C6:01E0.0001/input/input12
[   12.602099] hid-multitouch 0018:27C6:01E0.0001: input,hidraw0: I2C HID v1.00 Mouse [GXT7863:00 27C6:01E0] on i2c-GXT7863:00
[   12.628420] mousedev: PS/2 mouse device common for all mice
[   12.689620] intel_rapl_common: Found RAPL domain package
[   12.689626] intel_rapl_common: Found RAPL domain core
[   12.834014] [drm] reserve 0x400000 from 0xf41f800000 for PSP TMR
[   12.916830] amdgpu 0000:01:00.0: amdgpu: RAS: optional ras ta ucode is not available
[   12.925460] amdgpu 0000:01:00.0: amdgpu: RAP: optional rap ta ucode is not available
[   12.925468] amdgpu 0000:01:00.0: amdgpu: SECUREDISPLAY: securedisplay ta ucode is not available
[   12.926279] amdgpu 0000:01:00.0: amdgpu: SMU is initialized successfully!
[   12.927679] [drm] kiq ring mec 2 pipe 1 q 0
[   12.928565] [drm] Display Core initialized with v3.2.149!
[   12.929018] [drm] DMUB hardware initialized: version=0x01010019
[   12.949509] snd_hda_intel 0000:01:00.1: bound 0000:01:00.0 (ops amdgpu_dm_audio_component_bind_ops [amdgpu])
[   13.039762] [drm] VCN decode and encode initialized successfully(under DPG Mode).
[   13.039787] [drm] JPEG decode initialized successfully.
[   13.043059] kfd kfd: amdgpu: Allocated 3969056 bytes on gart
[   13.063278] memmap_init_zone_device initialised 131072 pages in 4ms
[   13.063291] amdgpu: HMM registered 512MB device memory
[   13.063351] amdgpu: SRAT table not found
[   13.063353] amdgpu: Virtual CRAT table created for GPU
[   13.064311] amdgpu: Topology: Add dGPU node [0x1636:0x1002]
[   13.064318] kfd kfd: amdgpu: added device 1002:1636
[   13.064535] amdgpu 0000:01:00.0: amdgpu: SE 1, SH per SE 2, CU per SH 18, active_cu_number 26
[   13.067394] [drm] fb mappable at 0x410CD1000
[   13.067400] [drm] vram apper at 0x410000000
[   13.067402] [drm] size 8294400
[   13.067403] [drm] fb depth is 24
[   13.067405] [drm]    pitch is 7680
[   13.067794] fbcon: amdgpudrmfb (fb0) is primary device
[   13.133186] Console: switching to colour frame buffer device 240x67
[   13.153341] amdgpu 0000:01:00.0: [drm] fb0: amdgpudrmfb frame buffer device
[   13.159393] amdgpu 0000:01:00.0: amdgpu: ring gfx uses VM inv eng 0 on hub 0
[   13.159400] amdgpu 0000:01:00.0: amdgpu: ring comp_1.0.0 uses VM inv eng 1 on hub 0
[   13.159402] amdgpu 0000:01:00.0: amdgpu: ring comp_1.1.0 uses VM inv eng 4 on hub 0
[   13.159403] amdgpu 0000:01:00.0: amdgpu: ring comp_1.2.0 uses VM inv eng 5 on hub 0
[   13.159405] amdgpu 0000:01:00.0: amdgpu: ring comp_1.3.0 uses VM inv eng 6 on hub 0
[   13.159406] amdgpu 0000:01:00.0: amdgpu: ring comp_1.0.1 uses VM inv eng 7 on hub 0
[   13.159407] amdgpu 0000:01:00.0: amdgpu: ring comp_1.1.1 uses VM inv eng 8 on hub 0
[   13.159408] amdgpu 0000:01:00.0: amdgpu: ring comp_1.2.1 uses VM inv eng 9 on hub 0
[   13.159410] amdgpu 0000:01:00.0: amdgpu: ring comp_1.3.1 uses VM inv eng 10 on hub 0
[   13.159411] amdgpu 0000:01:00.0: amdgpu: ring kiq_2.1.0 uses VM inv eng 11 on hub 0
[   13.159413] amdgpu 0000:01:00.0: amdgpu: ring sdma0 uses VM inv eng 0 on hub 1
[   13.159414] amdgpu 0000:01:00.0: amdgpu: ring vcn_dec uses VM inv eng 1 on hub 1
[   13.159416] amdgpu 0000:01:00.0: amdgpu: ring vcn_enc0 uses VM inv eng 4 on hub 1
[   13.159417] amdgpu 0000:01:00.0: amdgpu: ring vcn_enc1 uses VM inv eng 5 on hub 1
[   13.159419] amdgpu 0000:01:00.0: amdgpu: ring jpeg_dec uses VM inv eng 6 on hub 1
[   13.161532] [drm] Initialized amdgpu 3.42.0 20150101 for 0000:01:00.0 on minor 0
[   36.852730] usb 3-1: new high-speed USB device number 2 using xhci_hcd
[   36.997914] usb 3-1: New USB device found, idVendor=1a40, idProduct=0801, bcdDevice= 1.00
[   36.997928] usb 3-1: New USB device strings: Mfr=0, Product=1, SerialNumber=0
[   36.997932] usb 3-1: Product: USB 2.0 Hub
[   36.998303] usb 3-1: Device is not authorized for usage
[   37.049271] hub 3-1:1.0: USB hub found
[   37.049642] hub 3-1:1.0: 4 ports detected
[   37.051563] usb 3-1: authorized to connect
[   37.119349] usb 4-1: new SuperSpeed USB device number 2 using xhci_hcd
[   37.143862] usb 4-1: New USB device found, idVendor=05e3, idProduct=0626, bcdDevice= 6.63
[   37.143875] usb 4-1: New USB device strings: Mfr=1, Product=2, SerialNumber=0
[   37.143879] usb 4-1: Product: USB3.1 Hub
[   37.143882] usb 4-1: Manufacturer: GenesysLogic
[   37.144188] usb 4-1: Device is not authorized for usage
[   37.177981] hub 4-1:1.0: USB hub found
[   37.178818] hub 4-1:1.0: 4 ports detected
[   37.180812] usb 4-1: authorized to connect
[   37.329351] usb 3-1.2: new high-speed USB device number 3 using xhci_hcd
[   37.425414] usb 3-1.2: New USB device found, idVendor=05e3, idProduct=0610, bcdDevice= 6.63
[   37.425428] usb 3-1.2: New USB device strings: Mfr=1, Product=2, SerialNumber=0
[   37.425432] usb 3-1.2: Product: USB2.1 Hub
[   37.425435] usb 3-1.2: Manufacturer: GenesysLogic
[   37.425831] usb 3-1.2: Device is not authorized for usage
[   37.465255] hub 3-1.2:1.0: USB hub found
[   37.465853] hub 3-1.2:1.0: 4 ports detected
[   37.468721] usb 3-1.2: authorized to connect
[   37.499543] usb 4-1.1: new SuperSpeed USB device number 3 using xhci_hcd
[   37.519434] usb 4-1.1: New USB device found, idVendor=8564, idProduct=4000, bcdDevice= 0.04
[   37.519446] usb 4-1.1: New USB device strings: Mfr=3, Product=4, SerialNumber=2
[   37.519450] usb 4-1.1: Product: Transcend
[   37.519453] usb 4-1.1: Manufacturer: TS-RDF5A
[   37.519455] usb 4-1.1: SerialNumber: 000000000004
[   37.519743] usb 4-1.1: Device is not authorized for usage
[   37.521442] usb 4-1.1: authorized to connect
[   37.570397] usb-storage 4-1.1:1.0: USB Mass Storage device detected
[   37.570702] scsi host2: usb-storage 4-1.1:1.0
[   37.570989] usbcore: registered new interface driver usb-storage
[   37.577097] usbcore: registered new interface driver uas
[   37.596079] usb 4-1.2: new SuperSpeed USB device number 4 using xhci_hcd
[   37.617405] usb 4-1.2: New USB device found, idVendor=0bda, idProduct=8153, bcdDevice=30.00
[   37.617418] usb 4-1.2: New USB device strings: Mfr=1, Product=2, SerialNumber=6
[   37.617422] usb 4-1.2: Product: USB 10/100/1000 LAN
[   37.617424] usb 4-1.2: Manufacturer: Realtek
[   37.617427] usb 4-1.2: SerialNumber: 000001
[   37.617733] usb 4-1.2: Device is not authorized for usage
[   37.663309] usb 4-1: USB disconnect, device number 2
[   37.663321] usb 4-1.1: USB disconnect, device number 3
[   37.672773] usb 4-1.2: can't set config #2, error -71
[   37.672786] usb 4-1.2: authorized to connect
[   37.674869] usb 4-1.2: USB disconnect, device number 4
[   37.769130] usb 3-1.2.3: new low-speed USB device number 4 using xhci_hcd
[   37.896828] usb 3-1.2.3: New USB device found, idVendor=1bcf, idProduct=0005, bcdDevice= 0.90
[   37.896842] usb 3-1.2.3: New USB device strings: Mfr=0, Product=2, SerialNumber=0
[   37.896846] usb 3-1.2.3: Product: USB Optical Mouse
[   37.897334] usb 3-1.2.3: Device is not authorized for usage
[   37.948355] usb 3-1.2.3: authorized to connect
[   38.018395] input: USB Optical Mouse as /devices/pci0000:00/0000:00:08.1/0000:01:00.4/usb3/3-1/3-1.2/3-1.2.3/3-1.2.3:1.0/0003:1BCF:0005.0002/input/input14
[   38.019140] hid-generic 0003:1BCF:0005.0002: input,hidraw1: USB HID v1.10 Mouse [USB Optical Mouse] on usb-0000:01:00.4-1.2.3/input0
[   38.019458] usbcore: registered new interface driver usbhid
[   38.019464] usbhid: USB HID core driver
[   38.102923] usb 4-1: new SuperSpeed USB device number 5 using xhci_hcd
[   38.127690] usb 4-1: New USB device found, idVendor=05e3, idProduct=0626, bcdDevice= 6.63
[   38.127703] usb 4-1: New USB device strings: Mfr=1, Product=2, SerialNumber=0
[   38.127707] usb 4-1: Product: USB3.1 Hub
[   38.127710] usb 4-1: Manufacturer: GenesysLogic
[   38.128003] usb 4-1: Device is not authorized for usage
[   38.154658] hub 4-1:1.0: USB hub found
[   38.155546] hub 4-1:1.0: 4 ports detected
[   38.158588] usb 4-1: authorized to connect
[   38.439568] usb 4-1.1: new SuperSpeed USB device number 6 using xhci_hcd
[   38.463630] usb 4-1.1: New USB device found, idVendor=8564, idProduct=4000, bcdDevice= 0.04
[   38.463643] usb 4-1.1: New USB device strings: Mfr=3, Product=4, SerialNumber=2
[   38.463647] usb 4-1.1: Product: Transcend
[   38.463650] usb 4-1.1: Manufacturer: TS-RDF5A
[   38.463653] usb 4-1.1: SerialNumber: 000000000004
[   38.463977] usb 4-1.1: Device is not authorized for usage
[   38.465601] usb-storage 4-1.1:1.0: USB Mass Storage device detected
[   38.467148] scsi host2: usb-storage 4-1.1:1.0
[   38.467301] usb 4-1.1: authorized to connect
[   38.536283] usb 4-1.2: new SuperSpeed USB device number 7 using xhci_hcd
[   38.554162] usb 4-1.2: New USB device found, idVendor=0bda, idProduct=8153, bcdDevice=30.00
[   38.554176] usb 4-1.2: New USB device strings: Mfr=1, Product=2, SerialNumber=6
[   38.554180] usb 4-1.2: Product: USB 10/100/1000 LAN
[   38.554184] usb 4-1.2: Manufacturer: Realtek
[   38.554186] usb 4-1.2: SerialNumber: 000001
[   38.554539] usb 4-1.2: Device is not authorized for usage
[   38.585531] usb 4-1.2: authorized to connect
[   38.703435] usbcore: registered new interface driver cdc_ether
[   38.793226] usb 4-1.2: reset SuperSpeed USB device number 7 using xhci_hcd
[   38.877407] r8152 4-1.2:1.0 eth0: v2.15.0 (2021/04/15)
[   38.877418] r8152 4-1.2:1.0 eth0: This product is covered by one or more of the following patents:
               		US6,570,884, US6,115,776, and US6,327,625.

[   38.877530] usbcore: registered new interface driver r8152
[   38.890382] usbcore: registered new interface driver r8153_ecm
[   38.902473] usb 3-1.1: new full-speed USB device number 5 using xhci_hcd
[   38.917755] r8152 4-1.2:1.0 enp1s0f4u1u2: renamed from eth0
[   39.055957] usb 3-1.1: not running at top speed; connect to a high speed hub
[   39.104849] usb 3-1.1: New USB device found, idVendor=25a4, idProduct=9311, bcdDevice= 2.01
[   39.104863] usb 3-1.1: New USB device strings: Mfr=1, Product=2, SerialNumber=3
[   39.104867] usb 3-1.1: Product: USB C Video Adaptor      
[   39.104870] usb 3-1.1: Manufacturer: USB C  
[   39.104872] usb 3-1.1: SerialNumber: 000000000001
[   39.105278] usb 3-1.1: Device is not authorized for usage
[   39.129078] usb 3-1.1: authorized to connect
[   39.484531] scsi 2:0:0:0: Direct-Access     TS-RDF5A Transcend        0004 PQ: 0 ANSI: 6
[   39.486736] sd 2:0:0:0: [sdb] Media removed, stopped polling
[   39.488912] sd 2:0:0:0: [sdb] Attached SCSI removable disk
[   41.546108] IPv6: ADDRCONF(NETDEV_CHANGE): enp1s0f4u1u2: link becomes ready
[   41.546397] r8152 4-1.2:1.0 enp1s0f4u1u2: carrier on
[   43.444374] ip6tables reject: IN=enp1s0f4u1u2 OUT= MAC=33:33:ff:d6:e2:34:84:d8:1b:8a:31:73:86:dd SRC=fe80:0000:0000:0000:86d8:1bff:fe8a:3173 DST=ff02:0000:0000:0000:0000:0001:ffd6:e234 LEN=72 TC=0 HOPLIMIT=255 FLOWLBL=0 PROTO=ICMPv6 TYPE=135 CODE=0 
[   44.456983] ip6tables reject: IN=enp1s0f4u1u2 OUT= MAC=33:33:ff:d6:e2:34:84:d8:1b:8a:31:73:86:dd SRC=fe80:0000:0000:0000:86d8:1bff:fe8a:3173 DST=ff02:0000:0000:0000:0000:0001:ffd6:e234 LEN=72 TC=0 HOPLIMIT=255 FLOWLBL=0 PROTO=ICMPv6 TYPE=135 CODE=0 
[   45.480999] ip6tables reject: IN=enp1s0f4u1u2 OUT= MAC=33:33:ff:d6:e2:34:84:d8:1b:8a:31:73:86:dd SRC=fe80:0000:0000:0000:86d8:1bff:fe8a:3173 DST=ff02:0000:0000:0000:0000:0001:ffd6:e234 LEN=72 TC=0 HOPLIMIT=255 FLOWLBL=0 PROTO=ICMPv6 TYPE=135 CODE=0 
[   50.660840] ip6tables reject: IN=enp1s0f4u1u2 OUT= MAC=33:33:ff:d6:e2:34:84:d8:1b:8a:31:73:86:dd SRC=fe80:0000:0000:0000:86d8:1bff:fe8a:3173 DST=ff02:0000:0000:0000:0000:0001:ffd6:e234 LEN=72 TC=0 HOPLIMIT=255 FLOWLBL=0 PROTO=ICMPv6 TYPE=135 CODE=0 
[   51.689033] ip6tables reject: IN=enp1s0f4u1u2 OUT= MAC=33:33:ff:d6:e2:34:84:d8:1b:8a:31:73:86:dd SRC=fe80:0000:0000:0000:86d8:1bff:fe8a:3173 DST=ff02:0000:0000:0000:0000:0001:ffd6:e234 LEN=72 TC=0 HOPLIMIT=255 FLOWLBL=0 PROTO=ICMPv6 TYPE=135 CODE=0 
[   52.713253] ip6tables reject: IN=enp1s0f4u1u2 OUT= MAC=33:33:ff:d6:e2:34:84:d8:1b:8a:31:73:86:dd SRC=fe80:0000:0000:0000:86d8:1bff:fe8a:3173 DST=ff02:0000:0000:0000:0000:0001:ffd6:e234 LEN=72 TC=0 HOPLIMIT=255 FLOWLBL=0 PROTO=ICMPv6 TYPE=135 CODE=0 
[   59.360993] ip6tables reject: IN=enp1s0f4u1u2 OUT= MAC=33:33:ff:d6:e2:34:84:d8:1b:8a:31:73:86:dd SRC=fe80:0000:0000:0000:86d8:1bff:fe8a:3173 DST=ff02:0000:0000:0000:0000:0001:ffd6:e234 LEN=72 TC=0 HOPLIMIT=255 FLOWLBL=0 PROTO=ICMPv6 TYPE=135 CODE=0 
[   60.361126] ip6tables reject: IN=enp1s0f4u1u2 OUT= MAC=33:33:ff:d6:e2:34:84:d8:1b:8a:31:73:86:dd SRC=fe80:0000:0000:0000:86d8:1bff:fe8a:3173 DST=ff02:0000:0000:0000:0000:0001:ffd6:e234 LEN=72 TC=0 HOPLIMIT=255 FLOWLBL=0 PROTO=ICMPv6 TYPE=135 CODE=0 
[   61.385183] ip6tables reject: IN=enp1s0f4u1u2 OUT= MAC=33:33:ff:d6:e2:34:84:d8:1b:8a:31:73:86:dd SRC=fe80:0000:0000:0000:86d8:1bff:fe8a:3173 DST=ff02:0000:0000:0000:0000:0001:ffd6:e234 LEN=72 TC=0 HOPLIMIT=255 FLOWLBL=0 PROTO=ICMPv6 TYPE=135 CODE=0 
[   71.918884] atkbd serio0: Unknown key pressed (translated set 2, code 0xf6 on isa0060/serio0).
[   71.918900] atkbd serio0: Use 'setkeycodes e076 <keycode>' to make it known.
[   72.370611] atkbd serio0: Unknown key released (translated set 2, code 0xf6 on isa0060/serio0).
[   72.370626] atkbd serio0: Use 'setkeycodes e076 <keycode>' to make it known.
[   73.169572] ucsi_acpi USBC000:00: PPM init failed (-110)
[   76.650728] ip6tables reject: IN=enp1s0f4u1u2 OUT= MAC=33:33:ff:d6:e2:34:84:d8:1b:8a:31:73:86:dd SRC=fe80:0000:0000:0000:86d8:1bff:fe8a:3173 DST=ff02:0000:0000:0000:0000:0001:ffd6:e234 LEN=72 TC=0 HOPLIMIT=255 FLOWLBL=0 PROTO=ICMPv6 TYPE=135 CODE=0 
[   77.673275] ip6tables reject: IN=enp1s0f4u1u2 OUT= MAC=33:33:ff:d6:e2:34:84:d8:1b:8a:31:73:86:dd SRC=fe80:0000:0000:0000:86d8:1bff:fe8a:3173 DST=ff02:0000:0000:0000:0000:0001:ffd6:e234 LEN=72 TC=0 HOPLIMIT=255 FLOWLBL=0 PROTO=ICMPv6 TYPE=135 CODE=0 
[   78.697304] ip6tables reject: IN=enp1s0f4u1u2 OUT= MAC=33:33:ff:d6:e2:34:84:d8:1b:8a:31:73:86:dd SRC=fe80:0000:0000:0000:86d8:1bff:fe8a:3173 DST=ff02:0000:0000:0000:0000:0001:ffd6:e234 LEN=72 TC=0 HOPLIMIT=255 FLOWLBL=0 PROTO=ICMPv6 TYPE=135 CODE=0 
[  100.754762] GeckoMain[3371]: segfault at 0 ip 00005630997e6702 sp 00007ffc4823ded0 error 6 in firefox[563099798000+8b000]
[  100.754784] Code: 89 fb 4c 8b 35 7f d9 03 00 49 8b 36 ff 15 56 da 03 00 49 8b 36 bf 0a 00 00 00 ff 15 c8 da 03 00 48 8d 05 39 09 04 00 48 89 18 <c7> 04 25 00 00 00 00 23 00 00 00 e8 5e bb fb ff cc cc cc cc cc cc
[  109.701473] ip6tables reject: IN=enp1s0f4u1u2 OUT= MAC=33:33:ff:d6:e2:34:84:d8:1b:8a:31:73:86:dd SRC=fe80:0000:0000:0000:86d8:1bff:fe8a:3173 DST=ff02:0000:0000:0000:0000:0001:ffd6:e234 LEN=72 TC=0 HOPLIMIT=255 FLOWLBL=0 PROTO=ICMPv6 TYPE=135 CODE=0 
[  110.729662] ip6tables reject: IN=enp1s0f4u1u2 OUT= MAC=33:33:ff:d6:e2:34:84:d8:1b:8a:31:73:86:dd SRC=fe80:0000:0000:0000:86d8:1bff:fe8a:3173 DST=ff02:0000:0000:0000:0000:0001:ffd6:e234 LEN=72 TC=0 HOPLIMIT=255 FLOWLBL=0 PROTO=ICMPv6 TYPE=135 CODE=0 
[  111.753676] ip6tables reject: IN=enp1s0f4u1u2 OUT= MAC=33:33:ff:d6:e2:34:84:d8:1b:8a:31:73:86:dd SRC=fe80:0000:0000:0000:86d8:1bff:fe8a:3173 DST=ff02:0000:0000:0000:0000:0001:ffd6:e234 LEN=72 TC=0 HOPLIMIT=255 FLOWLBL=0 PROTO=ICMPv6 TYPE=135 CODE=0 
[  163.787296] atkbd serio0: Unknown key pressed (translated set 2, code 0xf6 on isa0060/serio0).
[  163.787312] atkbd serio0: Use 'setkeycodes e076 <keycode>' to make it known.
[  164.130479] atkbd serio0: Unknown key released (translated set 2, code 0xf6 on isa0060/serio0).
[  164.130494] atkbd serio0: Use 'setkeycodes e076 <keycode>' to make it known.
[  164.448371] atkbd serio0: Unknown key pressed (translated set 2, code 0xf6 on isa0060/serio0).
[  164.448387] atkbd serio0: Use 'setkeycodes e076 <keycode>' to make it known.
[  164.927650] atkbd serio0: Unknown key released (translated set 2, code 0xf6 on isa0060/serio0).
[  164.927665] atkbd serio0: Use 'setkeycodes e076 <keycode>' to make it known.
[  166.279774] atkbd serio0: Unknown key pressed (translated set 2, code 0xf6 on isa0060/serio0).
[  166.279789] atkbd serio0: Use 'setkeycodes e076 <keycode>' to make it known.
[  166.816832] atkbd serio0: Unknown key released (translated set 2, code 0xf6 on isa0060/serio0).
[  166.816847] atkbd serio0: Use 'setkeycodes e076 <keycode>' to make it known.
[  167.110561] atkbd serio0: Unknown key pressed (translated set 2, code 0xf6 on isa0060/serio0).
[  167.110577] atkbd serio0: Use 'setkeycodes e076 <keycode>' to make it known.
[  167.555724] atkbd serio0: Unknown key released (translated set 2, code 0xf6 on isa0060/serio0).
[  167.555739] atkbd serio0: Use 'setkeycodes e076 <keycode>' to make it known.
[  170.486631] atkbd serio0: Unknown key pressed (translated set 2, code 0xf6 on isa0060/serio0).
[  170.486647] atkbd serio0: Use 'setkeycodes e076 <keycode>' to make it known.
[  170.858070] atkbd serio0: Unknown key released (translated set 2, code 0xf6 on isa0060/serio0).
[  170.858086] atkbd serio0: Use 'setkeycodes e076 <keycode>' to make it known.
[  173.121125] ip6tables reject: IN=enp1s0f4u1u2 OUT= MAC=33:33:ff:d6:e2:34:84:d8:1b:8a:31:73:86:dd SRC=fe80:0000:0000:0000:86d8:1bff:fe8a:3173 DST=ff02:0000:0000:0000:0000:0001:ffd6:e234 LEN=72 TC=0 HOPLIMIT=255 FLOWLBL=0 PROTO=ICMPv6 TYPE=135 CODE=0 
[  174.122580] ip6tables reject: IN=enp1s0f4u1u2 OUT= MAC=33:33:ff:d6:e2:34:84:d8:1b:8a:31:73:86:dd SRC=fe80:0000:0000:0000:86d8:1bff:fe8a:3173 DST=ff02:0000:0000:0000:0000:0001:ffd6:e234 LEN=72 TC=0 HOPLIMIT=255 FLOWLBL=0 PROTO=ICMPv6 TYPE=135 CODE=0 
[  175.146622] ip6tables reject: IN=enp1s0f4u1u2 OUT= MAC=33:33:ff:d6:e2:34:84:d8:1b:8a:31:73:86:dd SRC=fe80:0000:0000:0000:86d8:1bff:fe8a:3173 DST=ff02:0000:0000:0000:0000:0001:ffd6:e234 LEN=72 TC=0 HOPLIMIT=255 FLOWLBL=0 PROTO=ICMPv6 TYPE=135 CODE=0 
