[    0.000000] Linux version 5.15.12-arch1-1 (linux@archlinux) (gcc (GCC) 11.1.0, GNU ld (GNU Binutils) 2.36.1) #1 SMP PREEMPT Wed, 29 Dec 2021 12:04:56 +0000
[    0.000000] Command line: BOOT_IMAGE=/boot/vmlinuz-linux root=UUID=a1e2e1f9-dbcb-484e-a242-73d5754f8d98 rw quiet resume=UUID=36238c5a-d1ff-4e5f-986a-4d302098cfd7 loglevel=3 audit=0 lsm=landlock,lockdown,yama,apparmor,bpf l1tf=full,force mds=full,nosmt mitigations=auto,nosmt nosmt=force init_on_alloc=1 init_on_free=1 randomize_kstack_offset=on slab_nomerge pti=on slub_debug=ZF slub_debug=P page_poison=1 mem_encrypt=on vsyscall=nonei nosmt
[    0.000000] x86/fpu: Supporting XSAVE feature 0x001: 'x87 floating point registers'
[    0.000000] x86/fpu: Supporting XSAVE feature 0x002: 'SSE registers'
[    0.000000] x86/fpu: Supporting XSAVE feature 0x004: 'AVX registers'
[    0.000000] x86/fpu: xstate_offset[2]:  576, xstate_sizes[2]:  256
[    0.000000] x86/fpu: Enabled xstate features 0x7, context size is 832 bytes, using 'compacted' format.
[    0.000000] signal: max sigframe size: 1776
[    0.000000] BIOS-provided physical RAM map:
[    0.000000] BIOS-e820: [mem 0x0000000000000000-0x000000000009efff] usable
[    0.000000] BIOS-e820: [mem 0x000000000009f000-0x00000000000bffff] reserved
[    0.000000] BIOS-e820: [mem 0x0000000000100000-0x0000000009afffff] usable
[    0.000000] BIOS-e820: [mem 0x0000000009b00000-0x0000000009dfffff] reserved
[    0.000000] BIOS-e820: [mem 0x0000000009e00000-0x0000000009efffff] usable
[    0.000000] BIOS-e820: [mem 0x0000000009f00000-0x0000000009f0ffff] ACPI NVS
[    0.000000] BIOS-e820: [mem 0x0000000009f10000-0x00000000bab68fff] usable
[    0.000000] BIOS-e820: [mem 0x00000000bab69000-0x00000000bbd68fff] reserved
[    0.000000] BIOS-e820: [mem 0x00000000bbd69000-0x00000000c9f7efff] usable
[    0.000000] BIOS-e820: [mem 0x00000000c9f7f000-0x00000000caf7efff] type 20
[    0.000000] BIOS-e820: [mem 0x00000000caf7f000-0x00000000ccf7efff] reserved
[    0.000000] BIOS-e820: [mem 0x00000000ccf7f000-0x00000000cdf7efff] ACPI NVS
[    0.000000] BIOS-e820: [mem 0x00000000cdf7f000-0x00000000cdffefff] ACPI data
[    0.000000] BIOS-e820: [mem 0x00000000cdfff000-0x00000000cdffffff] usable
[    0.000000] BIOS-e820: [mem 0x00000000ce000000-0x00000000ceffffff] reserved
[    0.000000] BIOS-e820: [mem 0x00000000f8000000-0x00000000fbffffff] reserved
[    0.000000] BIOS-e820: [mem 0x00000000fde00000-0x00000000fdefffff] reserved
[    0.000000] BIOS-e820: [mem 0x00000000fec00000-0x00000000fec00fff] reserved
[    0.000000] BIOS-e820: [mem 0x00000000fec10000-0x00000000fec10fff] reserved
[    0.000000] BIOS-e820: [mem 0x00000000fec20000-0x00000000fec20fff] reserved
[    0.000000] BIOS-e820: [mem 0x00000000fed80000-0x00000000fed80fff] reserved
[    0.000000] BIOS-e820: [mem 0x00000000fee00000-0x00000000fee00fff] reserved
[    0.000000] BIOS-e820: [mem 0x00000000ff000000-0x00000000fff2ffff] reserved
[    0.000000] BIOS-e820: [mem 0x0000000100000000-0x000000040f33ffff] usable
[    0.000000] BIOS-e820: [mem 0x000000040f340000-0x000000042fffffff] reserved
[    0.000000] SMT: Force disabled
[    0.000000] Malformed early option 'vsyscall'
[    0.000000] NX (Execute Disable) protection: active
[    0.000000] efi: EFI v2.70 by INSYDE Corp.
[    0.000000] efi: ACPI=0xcdffe000 ACPI 2.0=0xcdffe014 TPMFinalLog=0xcdf2c000 SMBIOS=0xcb70c000 SMBIOS 3.0=0xcb70a000 ESRT=0xcb70d418 
[    0.000000] SMBIOS 3.2.0 present.
[    0.000000] DMI: TIMI RedmiBook 14 II/TM1951, BIOS RMARN4B0P0909 08/19/2020
[    0.000000] tsc: Fast TSC calibration using PIT
[    0.000000] tsc: Detected 2370.523 MHz processor
[    0.000544] e820: update [mem 0x00000000-0x00000fff] usable ==> reserved
[    0.000546] e820: remove [mem 0x000a0000-0x000fffff] usable
[    0.000551] last_pfn = 0x40f340 max_arch_pfn = 0x400000000
[    0.000730] x86/PAT: Configuration [0-7]: WB  WC  UC- UC  WB  WP  UC- WT  
[    0.000954] last_pfn = 0xce000 max_arch_pfn = 0x400000000
[    0.010410] esrt: Reserving ESRT space from 0x00000000cb70d418 to 0x00000000cb70d450.
[    0.010418] Kernel/User page tables isolation: force enabled on command line.
[    0.010420] Using GB pages for direct mapping
[    0.011231] Secure boot disabled
[    0.011231] RAMDISK: [mem 0x369c3000-0x374d8fff]
[    0.011237] ACPI: Early table checksum verification disabled
[    0.011240] ACPI: RSDP 0x00000000CDFFE014 000024 (v02 XMCC  )
[    0.011243] ACPI: XSDT 0x00000000CDFCE188 000134 (v01 XMCC   XMCC1951 00000002      01000013)
[    0.011248] ACPI: FACP 0x00000000CDFEC000 00010C (v05 XMCC   XMCC1951 00000002      01000013)
[    0.011252] ACPI: DSDT 0x00000000CDFDF000 006545 (v01 XMCC   XMCC1951 00000002      01000013)
[    0.011255] ACPI: FACS 0x00000000CDF29000 000040
[    0.011256] ACPI: UEFI 0x00000000CDF7E000 000236 (v01 INSYDE H2O BIOS 00000001 ACPI 00040000)
[    0.011259] ACPI: SSDT 0x00000000CDFF5000 007216 (v02 AMD    AmdTable 00000002 MSFT 04000000)
[    0.011261] ACPI: IVRS 0x00000000CDFF4000 0001A4 (v02 AMD    AmdTable 00000001 AMD  00000000)
[    0.011263] ACPI: SSDT 0x00000000CDFF3000 000228 (v01 AMD    STD3     00000001 INTL 20130117)
[    0.011265] ACPI: SSDT 0x00000000CDFF2000 000D61 (v01 XMCC   XMCC1806 00003000 INTL 20130117)
[    0.011267] ACPI: SSDT 0x00000000CDFF1000 00046D (v01 Insyde TPMACPI  00001000 INTL 20130117)
[    0.011270] ACPI: TPM2 0x00000000CDFF0000 000034 (v04 XMCC   XMCC1951 00000002      01000013)
[    0.011272] ACPI: MSDM 0x00000000CDFEF000 000055 (v03 INSYDE H2O BIOS 00000001 ACPI 00040000)
[    0.011274] ACPI: ASF! 0x00000000CDFEE000 0000A5 (v32 XMCC   XMCC1951 00000002      01000013)
[    0.011276] ACPI: BOOT 0x00000000CDFED000 000028 (v01 XMCC   XMCC1951 00000002      01000013)
[    0.011278] ACPI: HPET 0x00000000CDFEB000 000038 (v01 XMCC   XMCC1951 00000002      01000013)
[    0.011280] ACPI: APIC 0x00000000CDFEA000 000138 (v03 XMCC   XMCC1951 00000002      01000013)
[    0.011282] ACPI: MCFG 0x00000000CDFE9000 00003C (v01 XMCC   XMCC1951 00000002      01000013)
[    0.011284] ACPI: SLIC 0x00000000CDFE8000 000176 (v01 XMCC   XMCC1951 00000002      01000013)
[    0.011286] ACPI: SSDT 0x00000000CDFDE000 000080 (v01 XMCC   XMCC1951 00000002      01000013)
[    0.011288] ACPI: VFCT 0x00000000CDFD0000 00D484 (v01 XMCC   XMCC1951 00000001 AMD  31504F47)
[    0.011290] ACPI: SSDT 0x00000000CDFCF000 0000F8 (v01 XMCC   PcdTabl  00001000 INTL 20130117)
[    0.011293] ACPI: SSDT 0x00000000CDFCC000 001500 (v01 AMD    AmdTable 00000001 AMD  00000001)
[    0.011295] ACPI: CRAT 0x00000000CDFFD000 000BA8 (v01 AMD    AmdTable 00000001 AMD  00000001)
[    0.011297] ACPI: CDIT 0x00000000CDFCB000 000029 (v01 AMD    AmdTable 00000001 AMD  00000001)
[    0.011299] ACPI: SSDT 0x00000000CDFCA000 00028D (v01 AMD    AmdTable 00000001 INTL 20130117)
[    0.011301] ACPI: SSDT 0x00000000CDFC9000 000C78 (v01 AMD    AmdTable 00000001 INTL 20130117)
[    0.011303] ACPI: SSDT 0x00000000CDFC7000 0010A5 (v01 AMD    AmdTable 00000001 INTL 20130117)
[    0.011305] ACPI: SSDT 0x00000000CDFC3000 0030C8 (v01 AMD    AmdTable 00000001 INTL 20130117)
[    0.011307] ACPI: FPDT 0x00000000CDFC2000 000044 (v01 XMCC   XMCC1951 00000002      01000013)
[    0.011309] ACPI: WSMT 0x00000000CDFC0000 000028 (v01 INSYDE H2O BIOS 00000001 ACPI 00040000)
[    0.011311] ACPI: SSDT 0x00000000CDFE7000 00020A (v01 AMD    AmdTable 00000001 INTL 20130117)
[    0.011313] ACPI: SSDT 0x00000000CDFE6000 0005A1 (v01 AMD    AmdTable 00000001 INTL 20130117)
[    0.011315] ACPI: SSDT 0x00000000CDFBF000 000343 (v01 AMD    AmdTable 00000001 INTL 20130117)
[    0.011317] ACPI: SSDT 0x00000000CDFBE000 00007D (v01 AMD    AmdTable 00000001 INTL 20130117)
[    0.011319] ACPI: SSDT 0x00000000CDFBD000 000822 (v01 AMD    AmdTable 00000001 INTL 20130117)
[    0.011321] ACPI: SSDT 0x00000000CDFBC000 000517 (v01 AMD    AmdTable 00000001 INTL 20130117)
[    0.011324] ACPI: BGRT 0x00000000CDFC1000 000038 (v01 INSYDE H2O BIOS 00000001 ACPI 00040000)
[    0.011325] ACPI: Reserving FACP table memory at [mem 0xcdfec000-0xcdfec10b]
[    0.011326] ACPI: Reserving DSDT table memory at [mem 0xcdfdf000-0xcdfe5544]
[    0.011327] ACPI: Reserving FACS table memory at [mem 0xcdf29000-0xcdf2903f]
[    0.011328] ACPI: Reserving UEFI table memory at [mem 0xcdf7e000-0xcdf7e235]
[    0.011328] ACPI: Reserving SSDT table memory at [mem 0xcdff5000-0xcdffc215]
[    0.011329] ACPI: Reserving IVRS table memory at [mem 0xcdff4000-0xcdff41a3]
[    0.011330] ACPI: Reserving SSDT table memory at [mem 0xcdff3000-0xcdff3227]
[    0.011331] ACPI: Reserving SSDT table memory at [mem 0xcdff2000-0xcdff2d60]
[    0.011331] ACPI: Reserving SSDT table memory at [mem 0xcdff1000-0xcdff146c]
[    0.011332] ACPI: Reserving TPM2 table memory at [mem 0xcdff0000-0xcdff0033]
[    0.011333] ACPI: Reserving MSDM table memory at [mem 0xcdfef000-0xcdfef054]
[    0.011333] ACPI: Reserving ASF! table memory at [mem 0xcdfee000-0xcdfee0a4]
[    0.011334] ACPI: Reserving BOOT table memory at [mem 0xcdfed000-0xcdfed027]
[    0.011335] ACPI: Reserving HPET table memory at [mem 0xcdfeb000-0xcdfeb037]
[    0.011335] ACPI: Reserving APIC table memory at [mem 0xcdfea000-0xcdfea137]
[    0.011336] ACPI: Reserving MCFG table memory at [mem 0xcdfe9000-0xcdfe903b]
[    0.011337] ACPI: Reserving SLIC table memory at [mem 0xcdfe8000-0xcdfe8175]
[    0.011337] ACPI: Reserving SSDT table memory at [mem 0xcdfde000-0xcdfde07f]
[    0.011338] ACPI: Reserving VFCT table memory at [mem 0xcdfd0000-0xcdfdd483]
[    0.011339] ACPI: Reserving SSDT table memory at [mem 0xcdfcf000-0xcdfcf0f7]
[    0.011339] ACPI: Reserving SSDT table memory at [mem 0xcdfcc000-0xcdfcd4ff]
[    0.011340] ACPI: Reserving CRAT table memory at [mem 0xcdffd000-0xcdffdba7]
[    0.011341] ACPI: Reserving CDIT table memory at [mem 0xcdfcb000-0xcdfcb028]
[    0.011341] ACPI: Reserving SSDT table memory at [mem 0xcdfca000-0xcdfca28c]
[    0.011342] ACPI: Reserving SSDT table memory at [mem 0xcdfc9000-0xcdfc9c77]
[    0.011343] ACPI: Reserving SSDT table memory at [mem 0xcdfc7000-0xcdfc80a4]
[    0.011344] ACPI: Reserving SSDT table memory at [mem 0xcdfc3000-0xcdfc60c7]
[    0.011344] ACPI: Reserving FPDT table memory at [mem 0xcdfc2000-0xcdfc2043]
[    0.011345] ACPI: Reserving WSMT table memory at [mem 0xcdfc0000-0xcdfc0027]
[    0.011346] ACPI: Reserving SSDT table memory at [mem 0xcdfe7000-0xcdfe7209]
[    0.011347] ACPI: Reserving SSDT table memory at [mem 0xcdfe6000-0xcdfe65a0]
[    0.011347] ACPI: Reserving SSDT table memory at [mem 0xcdfbf000-0xcdfbf342]
[    0.011348] ACPI: Reserving SSDT table memory at [mem 0xcdfbe000-0xcdfbe07c]
[    0.011349] ACPI: Reserving SSDT table memory at [mem 0xcdfbd000-0xcdfbd821]
[    0.011349] ACPI: Reserving SSDT table memory at [mem 0xcdfbc000-0xcdfbc516]
[    0.011350] ACPI: Reserving BGRT table memory at [mem 0xcdfc1000-0xcdfc1037]
[    0.011402] No NUMA configuration found
[    0.011403] Faking a node at [mem 0x0000000000000000-0x000000040f33ffff]
[    0.011407] NODE_DATA(0) allocated [mem 0x40f33c000-0x40f33ffff]
[    0.011434] Zone ranges:
[    0.011434]   DMA      [mem 0x0000000000001000-0x0000000000ffffff]
[    0.011435]   DMA32    [mem 0x0000000001000000-0x00000000ffffffff]
[    0.011437]   Normal   [mem 0x0000000100000000-0x000000040f33ffff]
[    0.011438]   Device   empty
[    0.011438] Movable zone start for each node
[    0.011439] Early memory node ranges
[    0.011439]   node   0: [mem 0x0000000000001000-0x000000000009efff]
[    0.011440]   node   0: [mem 0x0000000000100000-0x0000000009afffff]
[    0.011441]   node   0: [mem 0x0000000009e00000-0x0000000009efffff]
[    0.011442]   node   0: [mem 0x0000000009f10000-0x00000000bab68fff]
[    0.011443]   node   0: [mem 0x00000000bbd69000-0x00000000c9f7efff]
[    0.011444]   node   0: [mem 0x00000000cdfff000-0x00000000cdffffff]
[    0.011444]   node   0: [mem 0x0000000100000000-0x000000040f33ffff]
[    0.011446] Initmem setup node 0 [mem 0x0000000000001000-0x000000040f33ffff]
[    0.011449] On node 0, zone DMA: 1 pages in unavailable ranges
[    0.011465] On node 0, zone DMA: 97 pages in unavailable ranges
[    0.011595] On node 0, zone DMA32: 768 pages in unavailable ranges
[    0.016648] On node 0, zone DMA32: 16 pages in unavailable ranges
[    0.017116] On node 0, zone DMA32: 4608 pages in unavailable ranges
[    0.017270] On node 0, zone DMA32: 16512 pages in unavailable ranges
[    0.040162] On node 0, zone Normal: 8192 pages in unavailable ranges
[    0.040197] On node 0, zone Normal: 3264 pages in unavailable ranges
[    0.040348] ACPI: PM-Timer IO Port: 0x408
[    0.040354] ACPI: LAPIC_NMI (acpi_id[0x00] high edge lint[0x1])
[    0.040356] ACPI: LAPIC_NMI (acpi_id[0x01] high edge lint[0x1])
[    0.040356] ACPI: LAPIC_NMI (acpi_id[0x02] high edge lint[0x1])
[    0.040357] ACPI: LAPIC_NMI (acpi_id[0x03] high edge lint[0x1])
[    0.040357] ACPI: LAPIC_NMI (acpi_id[0x04] high edge lint[0x1])
[    0.040358] ACPI: LAPIC_NMI (acpi_id[0x05] high edge lint[0x1])
[    0.040359] ACPI: LAPIC_NMI (acpi_id[0x06] high edge lint[0x1])
[    0.040359] ACPI: LAPIC_NMI (acpi_id[0x07] high edge lint[0x1])
[    0.040360] ACPI: LAPIC_NMI (acpi_id[0x08] high edge lint[0x1])
[    0.040360] ACPI: LAPIC_NMI (acpi_id[0x09] high edge lint[0x1])
[    0.040361] ACPI: LAPIC_NMI (acpi_id[0x0a] high edge lint[0x1])
[    0.040362] ACPI: LAPIC_NMI (acpi_id[0x0b] high edge lint[0x1])
[    0.040362] ACPI: LAPIC_NMI (acpi_id[0x0c] high edge lint[0x1])
[    0.040363] ACPI: LAPIC_NMI (acpi_id[0x0d] high edge lint[0x1])
[    0.040363] ACPI: LAPIC_NMI (acpi_id[0x0e] high edge lint[0x1])
[    0.040364] ACPI: LAPIC_NMI (acpi_id[0x0f] high edge lint[0x1])
[    0.040377] IOAPIC[0]: apic_id 33, version 33, address 0xfec00000, GSI 0-23
[    0.040382] IOAPIC[1]: apic_id 34, version 33, address 0xfec01000, GSI 24-55
[    0.040384] ACPI: INT_SRC_OVR (bus 0 bus_irq 0 global_irq 2 dfl dfl)
[    0.040386] ACPI: INT_SRC_OVR (bus 0 bus_irq 9 global_irq 9 low level)
[    0.040389] ACPI: Using ACPI (MADT) for SMP configuration information
[    0.040390] ACPI: HPET id: 0x10228210 base: 0xfed00000
[    0.040398] e820: update [mem 0xb327c000-0xb3281fff] usable ==> reserved
[    0.040407] smpboot: Allowing 16 CPUs, 10 hotplug CPUs
[    0.040433] PM: hibernation: Registered nosave memory: [mem 0x00000000-0x00000fff]
[    0.040435] PM: hibernation: Registered nosave memory: [mem 0x0009f000-0x000bffff]
[    0.040436] PM: hibernation: Registered nosave memory: [mem 0x000c0000-0x000fffff]
[    0.040438] PM: hibernation: Registered nosave memory: [mem 0x09b00000-0x09dfffff]
[    0.040439] PM: hibernation: Registered nosave memory: [mem 0x09f00000-0x09f0ffff]
[    0.040440] PM: hibernation: Registered nosave memory: [mem 0xb327c000-0xb3281fff]
[    0.040442] PM: hibernation: Registered nosave memory: [mem 0xbab69000-0xbbd68fff]
[    0.040443] PM: hibernation: Registered nosave memory: [mem 0xc9f7f000-0xcaf7efff]
[    0.040444] PM: hibernation: Registered nosave memory: [mem 0xcaf7f000-0xccf7efff]
[    0.040445] PM: hibernation: Registered nosave memory: [mem 0xccf7f000-0xcdf7efff]
[    0.040445] PM: hibernation: Registered nosave memory: [mem 0xcdf7f000-0xcdffefff]
[    0.040446] PM: hibernation: Registered nosave memory: [mem 0xce000000-0xceffffff]
[    0.040447] PM: hibernation: Registered nosave memory: [mem 0xcf000000-0xf7ffffff]
[    0.040448] PM: hibernation: Registered nosave memory: [mem 0xf8000000-0xfbffffff]
[    0.040448] PM: hibernation: Registered nosave memory: [mem 0xfc000000-0xfddfffff]
[    0.040449] PM: hibernation: Registered nosave memory: [mem 0xfde00000-0xfdefffff]
[    0.040449] PM: hibernation: Registered nosave memory: [mem 0xfdf00000-0xfebfffff]
[    0.040450] PM: hibernation: Registered nosave memory: [mem 0xfec00000-0xfec00fff]
[    0.040450] PM: hibernation: Registered nosave memory: [mem 0xfec01000-0xfec0ffff]
[    0.040451] PM: hibernation: Registered nosave memory: [mem 0xfec10000-0xfec10fff]
[    0.040451] PM: hibernation: Registered nosave memory: [mem 0xfec11000-0xfec1ffff]
[    0.040452] PM: hibernation: Registered nosave memory: [mem 0xfec20000-0xfec20fff]
[    0.040452] PM: hibernation: Registered nosave memory: [mem 0xfec21000-0xfed7ffff]
[    0.040453] PM: hibernation: Registered nosave memory: [mem 0xfed80000-0xfed80fff]
[    0.040453] PM: hibernation: Registered nosave memory: [mem 0xfed81000-0xfedfffff]
[    0.040454] PM: hibernation: Registered nosave memory: [mem 0xfee00000-0xfee00fff]
[    0.040454] PM: hibernation: Registered nosave memory: [mem 0xfee01000-0xfeffffff]
[    0.040455] PM: hibernation: Registered nosave memory: [mem 0xff000000-0xfff2ffff]
[    0.040455] PM: hibernation: Registered nosave memory: [mem 0xfff30000-0xffffffff]
[    0.040457] [mem 0xcf000000-0xf7ffffff] available for PCI devices
[    0.040458] Booting paravirtualized kernel on bare hardware
[    0.040460] clocksource: refined-jiffies: mask: 0xffffffff max_cycles: 0xffffffff, max_idle_ns: 6370452778343963 ns
[    0.044182] setup_percpu: NR_CPUS:320 nr_cpumask_bits:320 nr_cpu_ids:16 nr_node_ids:1
[    0.044790] percpu: Embedded 61 pages/cpu s212992 r8192 d28672 u262144
[    0.044798] pcpu-alloc: s212992 r8192 d28672 u262144 alloc=1*2097152
[    0.044801] pcpu-alloc: [0] 00 01 02 03 04 05 06 07 [0] 08 09 10 11 12 13 14 15 
[    0.044828] Built 1 zonelists, mobility grouping on.  Total pages: 3966649
[    0.044829] Policy zone: Normal
[    0.044830] Kernel command line: BOOT_IMAGE=/boot/vmlinuz-linux root=UUID=a1e2e1f9-dbcb-484e-a242-73d5754f8d98 rw quiet resume=UUID=36238c5a-d1ff-4e5f-986a-4d302098cfd7 loglevel=3 audit=0 lsm=landlock,lockdown,yama,apparmor,bpf l1tf=full,force mds=full,nosmt mitigations=auto,nosmt nosmt=force init_on_alloc=1 init_on_free=1 randomize_kstack_offset=on slab_nomerge pti=on slub_debug=ZF slub_debug=P page_poison=1 mem_encrypt=on vsyscall=nonei nosmt
[    0.044881] audit: disabled (until reboot)
[    0.044972] mem auto-init: SLAB_POISON will take precedence over init_on_alloc/init_on_free
[    0.045002] Unknown kernel command line parameters "BOOT_IMAGE=/boot/vmlinuz-linux pti=on mem_encrypt=on", will be passed to user space.
[    0.046839] Dentry cache hash table entries: 2097152 (order: 12, 16777216 bytes, linear)
[    0.047762] Inode-cache hash table entries: 1048576 (order: 11, 8388608 bytes, linear)
[    0.047819] mem auto-init: CONFIG_PAGE_POISONING is on, will take precedence over init_on_alloc and init_on_free
[    0.048057] mem auto-init: stack:byref_all(zero), heap alloc:off, heap free:off
[    1.740504] Memory: 15521520K/16119096K available (14344K kernel code, 2071K rwdata, 10792K rodata, 1864K init, 3836K bss, 597316K reserved, 0K cma-reserved)
[    1.740509] **********************************************************
[    1.740509] **   NOTICE NOTICE NOTICE NOTICE NOTICE NOTICE NOTICE   **
[    1.740510] **                                                      **
[    1.740510] ** This system shows unhashed kernel memory addresses   **
[    1.740511] ** via the console, logs, and other interfaces. This    **
[    1.740511] ** might reduce the security of your system.            **
[    1.740512] **                                                      **
[    1.740512] ** If you see this message and you are not debugging    **
[    1.740512] ** the kernel, report this immediately to your system   **
[    1.740513] ** administrator!                                       **
[    1.740513] **                                                      **
[    1.740513] **   NOTICE NOTICE NOTICE NOTICE NOTICE NOTICE NOTICE   **
[    1.740513] **********************************************************
[    1.740516] random: get_random_u64 called from __kmem_cache_create+0x2a/0x540 with crng_init=0
[    1.740673] SLUB: HWalign=64, Order=0-3, MinObjects=0, CPUs=16, Nodes=1
[    1.740689] Kernel/User page tables isolation: enabled
[    1.740710] ftrace: allocating 44301 entries in 174 pages
[    1.752554] ftrace: allocated 174 pages with 5 groups
[    1.752706] rcu: Preemptible hierarchical RCU implementation.
[    1.752707] rcu: 	RCU dyntick-idle grace-period acceleration is enabled.
[    1.752707] rcu: 	RCU restricting CPUs from NR_CPUS=320 to nr_cpu_ids=16.
[    1.752708] rcu: 	RCU priority boosting: priority 1 delay 500 ms.
[    1.752709] 	Trampoline variant of Tasks RCU enabled.
[    1.752709] 	Rude variant of Tasks RCU enabled.
[    1.752710] 	Tracing variant of Tasks RCU enabled.
[    1.752710] rcu: RCU calculated value of scheduler-enlistment delay is 30 jiffies.
[    1.752711] rcu: Adjusting geometry for rcu_fanout_leaf=16, nr_cpu_ids=16
[    1.756219] NR_IRQS: 20736, nr_irqs: 1096, preallocated irqs: 16
[    1.756477] kfence: initialized - using 2097152 bytes for 255 objects at 0xffff9506bdc00000-0xffff9506bde00000
[    1.756645] Console: colour dummy device 80x25
[    1.756657] printk: console [tty0] enabled
[    1.756677] ACPI: Core revision 20210730
[    1.756901] clocksource: hpet: mask: 0xffffffff max_cycles: 0xffffffff, max_idle_ns: 133484873504 ns
[    1.756919] APIC: Switch to symmetric I/O mode setup
[    1.757813] AMD-Vi: ivrs, add hid:AMDI0020, uid:\_SB.FUR0, rdevid:160
[    1.757815] AMD-Vi: ivrs, add hid:AMDI0020, uid:\_SB.FUR1, rdevid:160
[    1.757816] AMD-Vi: ivrs, add hid:AMDI0020, uid:\_SB.FUR2, rdevid:160
[    1.757817] AMD-Vi: ivrs, add hid:AMDI0020, uid:\_SB.FUR3, rdevid:160
[    1.758128] Switched APIC routing to physical flat.
[    1.758883] ..TIMER: vector=0x30 apic1=0 pin1=2 apic2=-1 pin2=-1
[    1.773594] clocksource: tsc-early: mask: 0xffffffffffffffff max_cycles: 0x222b71c145c, max_idle_ns: 440795267692 ns
[    1.773602] Calibrating delay loop (skipped), value calculated using timer frequency.. 4742.58 BogoMIPS (lpj=7901743)
[    1.773605] pid_max: default: 32768 minimum: 301
[    1.799595] LSM: Security Framework initializing
[    1.799612] landlock: Up and running.
[    1.799613] Yama: becoming mindful.
[    1.799646] AppArmor: AppArmor initialized
[    1.799649] LSM support for eBPF active
[    1.799697] Mount-cache hash table entries: 32768 (order: 6, 262144 bytes, linear)
[    1.799734] Mountpoint-cache hash table entries: 32768 (order: 6, 262144 bytes, linear)
[    1.799994] x86/cpu: User Mode Instruction Prevention (UMIP) activated
[    1.800029] LVT offset 1 assigned for vector 0xf9
[    1.800089] LVT offset 2 assigned for vector 0xf4
[    1.800106] Last level iTLB entries: 4KB 1024, 2MB 1024, 4MB 512
[    1.800107] Last level dTLB entries: 4KB 2048, 2MB 2048, 4MB 1024, 1GB 0
[    1.800111] Spectre V1 : Mitigation: usercopy/swapgs barriers and __user pointer sanitization
[    1.800114] Spectre V2 : Mitigation: Full AMD retpoline
[    1.800114] Spectre V2 : Spectre v2 / SpectreRSB mitigation: Filling RSB on context switch
[    1.800115] Spectre V2 : Enabling Restricted Speculation for firmware calls
[    1.800116] Spectre V2 : mitigation: Enabling conditional Indirect Branch Prediction Barrier
[    1.800118] Speculative Store Bypass: Mitigation: Speculative Store Bypass disabled via prctl and seccomp
[    1.802303] Freeing SMP alternatives memory: 36K
[    1.912340] smpboot: CPU0: AMD Ryzen 5 4500U with Radeon Graphics (family: 0x17, model: 0x60, stepping: 0x1)
[    1.912504] Performance Events: Fam17h+ core perfctr, AMD PMU driver.
[    1.912509] ... version:                0
[    1.912510] ... bit width:              48
[    1.912510] ... generic registers:      6
[    1.912510] ... value mask:             0000ffffffffffff
[    1.912511] ... max period:             00007fffffffffff
[    1.912511] ... fixed-purpose events:   0
[    1.912512] ... event mask:             000000000000003f
[    1.912579] rcu: Hierarchical SRCU implementation.
[    1.913085] NMI watchdog: Enabled. Permanently consumes one hw-PMU counter.
[    1.913268] smp: Bringing up secondary CPUs ...
[    1.913395] x86: Booting SMP configuration:
[    1.913396] .... node  #0, CPUs:        #1  #2  #3
[    1.916012] TSC synchronization [CPU#0 -> CPU#3]:
[    1.916013] Measured 3563 cycles TSC warp between CPUs, turning off TSC clock.
[    1.916015] tsc: Marking TSC unstable due to check_tsc_sync_source failed
[    1.917066]   #4  #5
[    1.917321] smp: Brought up 1 node, 6 CPUs
[    1.917321] smpboot: Max logical packages: 3
[    1.917321] smpboot: Total of 6 processors activated (28457.53 BogoMIPS)
[    1.920713] devtmpfs: initialized
[    1.920713] x86/mm: Memory block size: 128MB
[    1.921452] ACPI: PM: Registering ACPI NVS region [mem 0x09f00000-0x09f0ffff] (65536 bytes)
[    1.921452] ACPI: PM: Registering ACPI NVS region [mem 0xccf7f000-0xcdf7efff] (16777216 bytes)
[    1.921452] clocksource: jiffies: mask: 0xffffffff max_cycles: 0xffffffff, max_idle_ns: 6370867519511994 ns
[    1.921452] futex hash table entries: 4096 (order: 6, 262144 bytes, linear)
[    1.921452] pinctrl core: initialized pinctrl subsystem
[    1.921452] PM: RTC time: 00:00:12, date: 2019-01-01
[    1.923701] NET: Registered PF_NETLINK/PF_ROUTE protocol family
[    1.924077] DMA: preallocated 2048 KiB GFP_KERNEL pool for atomic allocations
[    1.924322] DMA: preallocated 2048 KiB GFP_KERNEL|GFP_DMA pool for atomic allocations
[    1.924541] DMA: preallocated 2048 KiB GFP_KERNEL|GFP_DMA32 pool for atomic allocations
[    1.924692] thermal_sys: Registered thermal governor 'fair_share'
[    1.924693] thermal_sys: Registered thermal governor 'bang_bang'
[    1.924694] thermal_sys: Registered thermal governor 'step_wise'
[    1.924694] thermal_sys: Registered thermal governor 'user_space'
[    1.924695] thermal_sys: Registered thermal governor 'power_allocator'
[    1.924713] cpuidle: using governor ladder
[    1.924716] cpuidle: using governor menu
[    1.924743] Simple Boot Flag value 0x32 read from CMOS RAM was invalid
[    1.924743] Simple Boot Flag at 0x44 set to 0x80
[    1.924743] HugeTLB: can free 4094 vmemmap pages for hugepages-1048576kB
[    1.924743] ACPI: bus type PCI registered
[    1.924743] acpiphp: ACPI Hot Plug PCI Controller Driver version: 0.5
[    1.924743] PCI: MMCONFIG for domain 0000 [bus 00-3f] at [mem 0xf8000000-0xfbffffff] (base 0xf8000000)
[    1.924743] PCI: MMCONFIG at [mem 0xf8000000-0xfbffffff] reserved in E820
[    1.924743] PCI: Using configuration type 1 for base access
[    1.925499] Kprobes globally optimized
[    1.926974] HugeTLB: can free 6 vmemmap pages for hugepages-2048kB
[    1.926974] HugeTLB registered 1.00 GiB page size, pre-allocated 0 pages
[    1.926974] HugeTLB registered 2.00 MiB page size, pre-allocated 0 pages
[    1.930380] ACPI: Added _OSI(Module Device)
[    1.930381] ACPI: Added _OSI(Processor Device)
[    1.930382] ACPI: Added _OSI(3.0 _SCP Extensions)
[    1.930382] ACPI: Added _OSI(Processor Aggregator Device)
[    1.930383] ACPI: Added _OSI(Linux-Dell-Video)
[    1.930384] ACPI: Added _OSI(Linux-Lenovo-NV-HDMI-Audio)
[    1.930385] ACPI: Added _OSI(Linux-HPI-Hybrid-Graphics)
[    1.948577] ACPI: 18 ACPI AML tables successfully acquired and loaded
[    1.950236] ACPI: [Firmware Bug]: BIOS _OSI(Linux) query ignored
[    1.953469] ACPI: EC: EC started
[    1.953470] ACPI: EC: interrupt blocked
[    1.955808] ACPI: EC: EC_CMD/EC_SC=0x66, EC_DATA=0x62
[    1.955810] ACPI: \_SB_.PCI0.LPC0.EC0_: Boot DSDT EC used to handle transactions
[    1.955811] ACPI: Interpreter enabled
[    1.955828] ACPI: PM: (supports S0 S4 S5)
[    1.955829] ACPI: Using IOAPIC for interrupt routing
[    1.956047] PCI: Using host bridge windows from ACPI; if necessary, use "pci=nocrs" and report a bug
[    1.959271] ACPI: PM: Power Resource [P0U0]
[    1.959303] ACPI: PM: Power Resource [P3U0]
[    1.960091] ACPI: PM: Power Resource [P0U1]
[    1.960124] ACPI: PM: Power Resource [P3U1]
[    1.960908] ACPI: PM: Power Resource [P0S0]
[    1.960938] ACPI: PM: Power Resource [P3S0]
[    1.961107] ACPI: PM: Power Resource [P0S1]
[    1.961135] ACPI: PM: Power Resource [P3S1]
[    1.967210] ACPI: PCI Root Bridge [PCI0] (domain 0000 [bus 00-ff])
[    1.967216] acpi PNP0A08:00: _OSC: OS supports [ExtendedConfig ASPM ClockPM Segments MSI EDR HPX-Type3]
[    1.967461] acpi PNP0A08:00: _OSC: platform does not support [SHPCHotplug LTR DPC]
[    1.967692] acpi PNP0A08:00: _OSC: OS now controls [PCIeHotplug PME AER PCIeCapability]
[    1.967703] acpi PNP0A08:00: [Firmware Info]: MMCONFIG for domain 0000 [bus 00-3f] only partially covers this bridge
[    1.968062] PCI host bridge to bus 0000:00
[    1.968064] pci_bus 0000:00: root bus resource [io  0x0000-0x0cf7 window]
[    1.968066] pci_bus 0000:00: root bus resource [io  0x0d00-0xffff window]
[    1.968067] pci_bus 0000:00: root bus resource [mem 0x000a0000-0x000bffff window]
[    1.968068] pci_bus 0000:00: root bus resource [mem 0x000c0000-0x000c3fff window]
[    1.968069] pci_bus 0000:00: root bus resource [mem 0x000c4000-0x000c7fff window]
[    1.968070] pci_bus 0000:00: root bus resource [mem 0x000c8000-0x000cbfff window]
[    1.968071] pci_bus 0000:00: root bus resource [mem 0x000cc000-0x000cffff window]
[    1.968072] pci_bus 0000:00: root bus resource [mem 0x000d0000-0x000d3fff window]
[    1.968073] pci_bus 0000:00: root bus resource [mem 0x000d4000-0x000d7fff window]
[    1.968074] pci_bus 0000:00: root bus resource [mem 0x000d8000-0x000dbfff window]
[    1.968075] pci_bus 0000:00: root bus resource [mem 0x000dc000-0x000dffff window]
[    1.968076] pci_bus 0000:00: root bus resource [mem 0x000e0000-0x000e3fff window]
[    1.968077] pci_bus 0000:00: root bus resource [mem 0x000e4000-0x000e7fff window]
[    1.968078] pci_bus 0000:00: root bus resource [mem 0x000e8000-0x000ebfff window]
[    1.968079] pci_bus 0000:00: root bus resource [mem 0x000ec000-0x000effff window]
[    1.968080] pci_bus 0000:00: root bus resource [mem 0xd0000000-0xf7ffffff window]
[    1.968081] pci_bus 0000:00: root bus resource [mem 0xfc000000-0xfed3ffff window]
[    1.968082] pci_bus 0000:00: root bus resource [mem 0x450200000-0xfcffffffff window]
[    1.968083] pci_bus 0000:00: root bus resource [bus 00-ff]
[    1.968119] pci 0000:00:00.0: [1022:1630] type 00 class 0x060000
[    1.968234] pci 0000:00:00.2: [1022:1631] type 00 class 0x080600
[    1.968358] pci 0000:00:01.0: [1022:1632] type 00 class 0x060000
[    1.968457] pci 0000:00:02.0: [1022:1632] type 00 class 0x060000
[    1.968561] pci 0000:00:08.0: [1022:1632] type 00 class 0x060000
[    1.968682] pci 0000:00:08.1: [1022:1635] type 01 class 0x060400
[    1.968702] pci 0000:00:08.1: enabling Extended Tags
[    1.968731] pci 0000:00:08.1: PME# supported from D0 D3hot D3cold
[    1.968882] pci 0000:00:08.2: [1022:1635] type 01 class 0x060400
[    1.968901] pci 0000:00:08.2: enabling Extended Tags
[    1.968929] pci 0000:00:08.2: PME# supported from D0 D3hot D3cold
[    1.969075] pci 0000:00:14.0: [1022:790b] type 00 class 0x0c0500
[    1.969245] pci 0000:00:14.3: [1022:790e] type 00 class 0x060100
[    1.969404] pci 0000:00:18.0: [1022:1448] type 00 class 0x060000
[    1.969482] pci 0000:00:18.1: [1022:1449] type 00 class 0x060000
[    1.969556] pci 0000:00:18.2: [1022:144a] type 00 class 0x060000
[    1.969631] pci 0000:00:18.3: [1022:144b] type 00 class 0x060000
[    1.969705] pci 0000:00:18.4: [1022:144c] type 00 class 0x060000
[    1.969784] pci 0000:00:18.5: [1022:144d] type 00 class 0x060000
[    1.969858] pci 0000:00:18.6: [1022:144e] type 00 class 0x060000
[    1.969931] pci 0000:00:18.7: [1022:144f] type 00 class 0x060000
[    1.970103] pci 0000:01:00.0: [1002:1636] type 00 class 0x030000
[    1.970113] pci 0000:01:00.0: reg 0x10: [mem 0xfce0000000-0xfcefffffff 64bit pref]
[    1.970121] pci 0000:01:00.0: reg 0x18: [mem 0xfcf0000000-0xfcf01fffff 64bit pref]
[    1.970126] pci 0000:01:00.0: reg 0x20: [io  0x1000-0x10ff]
[    1.970131] pci 0000:01:00.0: reg 0x24: [mem 0xd0400000-0xd047ffff]
[    1.970139] pci 0000:01:00.0: enabling Extended Tags
[    1.970150] pci 0000:01:00.0: BAR 0: assigned to efifb
[    1.970186] pci 0000:01:00.0: PME# supported from D1 D2 D3hot D3cold
[    1.970325] pci 0000:01:00.1: [1002:1637] type 00 class 0x040300
[    1.970332] pci 0000:01:00.1: reg 0x10: [mem 0xd04c8000-0xd04cbfff]
[    1.970352] pci 0000:01:00.1: enabling Extended Tags
[    1.970380] pci 0000:01:00.1: PME# supported from D1 D2 D3hot D3cold
[    1.970476] pci 0000:01:00.2: [1022:15df] type 00 class 0x108000
[    1.970488] pci 0000:01:00.2: reg 0x18: [mem 0xd0300000-0xd03fffff]
[    1.970497] pci 0000:01:00.2: reg 0x24: [mem 0xd04cc000-0xd04cdfff]
[    1.970503] pci 0000:01:00.2: enabling Extended Tags
[    1.970623] pci 0000:01:00.3: [1022:1639] type 00 class 0x0c0330
[    1.970633] pci 0000:01:00.3: reg 0x10: [mem 0xd0100000-0xd01fffff 64bit]
[    1.970656] pci 0000:01:00.3: enabling Extended Tags
[    1.970685] pci 0000:01:00.3: PME# supported from D0 D3hot D3cold
[    1.970784] pci 0000:01:00.4: [1022:1639] type 00 class 0x0c0330
[    1.970794] pci 0000:01:00.4: reg 0x10: [mem 0xd0200000-0xd02fffff 64bit]
[    1.970816] pci 0000:01:00.4: enabling Extended Tags
[    1.970845] pci 0000:01:00.4: PME# supported from D0 D3hot D3cold
[    1.970946] pci 0000:01:00.5: [1022:15e2] type 00 class 0x048000
[    1.970953] pci 0000:01:00.5: reg 0x10: [mem 0xd0480000-0xd04bffff]
[    1.970973] pci 0000:01:00.5: enabling Extended Tags
[    1.971000] pci 0000:01:00.5: PME# supported from D0 D3hot D3cold
[    1.971094] pci 0000:01:00.6: [1022:15e3] type 00 class 0x040300
[    1.971101] pci 0000:01:00.6: reg 0x10: [mem 0xd04c0000-0xd04c7fff]
[    1.971120] pci 0000:01:00.6: enabling Extended Tags
[    1.971147] pci 0000:01:00.6: PME# supported from D0 D3hot D3cold
[    1.971237] pci 0000:00:08.1: PCI bridge to [bus 01]
[    1.971239] pci 0000:00:08.1:   bridge window [io  0x1000-0x1fff]
[    1.971241] pci 0000:00:08.1:   bridge window [mem 0xd0100000-0xd04fffff]
[    1.971244] pci 0000:00:08.1:   bridge window [mem 0xfce0000000-0xfcf01fffff 64bit pref]
[    1.971296] pci 0000:02:00.0: [1022:7901] type 00 class 0x010601
[    1.971322] pci 0000:02:00.0: reg 0x24: [mem 0xd0001000-0xd00017ff]
[    1.971330] pci 0000:02:00.0: enabling Extended Tags
[    1.971450] pci 0000:02:00.1: [1022:7901] type 00 class 0x010601
[    1.971476] pci 0000:02:00.1: reg 0x24: [mem 0xd0000000-0xd00007ff]
[    1.971484] pci 0000:02:00.1: enabling Extended Tags
[    1.971587] pci 0000:00:08.2: PCI bridge to [bus 02]
[    1.971590] pci 0000:00:08.2:   bridge window [mem 0xd0000000-0xd00fffff]
[    1.973362] ACPI: PCI: Interrupt link LNKA configured for IRQ 0
[    1.973363] ACPI: PCI: Interrupt link LNKA disabled
[    1.973458] ACPI: PCI: Interrupt link LNKB configured for IRQ 0
[    1.973459] ACPI: PCI: Interrupt link LNKB disabled
[    1.973534] ACPI: PCI: Interrupt link LNKC configured for IRQ 0
[    1.973534] ACPI: PCI: Interrupt link LNKC disabled
[    1.973630] ACPI: PCI: Interrupt link LNKD configured for IRQ 0
[    1.973631] ACPI: PCI: Interrupt link LNKD disabled
[    1.973718] ACPI: PCI: Interrupt link LNKE configured for IRQ 0
[    1.973718] ACPI: PCI: Interrupt link LNKE disabled
[    1.973787] ACPI: PCI: Interrupt link LNKF configured for IRQ 0
[    1.973788] ACPI: PCI: Interrupt link LNKF disabled
[    1.973857] ACPI: PCI: Interrupt link LNKG configured for IRQ 0
[    1.973857] ACPI: PCI: Interrupt link LNKG disabled
[    1.973926] ACPI: PCI: Interrupt link LNKH configured for IRQ 0
[    1.973927] ACPI: PCI: Interrupt link LNKH disabled
[    1.976006] ACPI: EC: interrupt unblocked
[    1.976007] ACPI: EC: event unblocked
[    1.976015] ACPI: EC: EC_CMD/EC_SC=0x66, EC_DATA=0x62
[    1.976016] ACPI: EC: GPE=0x3
[    1.976017] ACPI: \_SB_.PCI0.LPC0.EC0_: Boot DSDT EC initialization complete
[    1.976018] ACPI: \_SB_.PCI0.LPC0.EC0_: EC: Used to handle transactions and events
[    1.976065] iommu: Default domain type: Translated 
[    1.976065] iommu: DMA domain TLB invalidation policy: lazy mode 
[    1.976082] pci 0000:01:00.0: vgaarb: VGA device added: decodes=io+mem,owns=none,locks=none
[    1.976082] pci 0000:01:00.0: vgaarb: bridge control possible
[    1.976082] pci 0000:01:00.0: vgaarb: setting as boot device
[    1.976082] vgaarb: loaded
[    1.976082] SCSI subsystem initialized
[    1.976082] libata version 3.00 loaded.
[    1.976082] ACPI: bus type USB registered
[    1.976082] usbcore: registered new interface driver usbfs
[    1.976082] usbcore: registered new interface driver hub
[    1.976082] usbcore: registered new device driver usb
[    1.984203] pps_core: LinuxPPS API ver. 1 registered
[    1.984204] pps_core: Software ver. 5.3.6 - Copyright 2005-2007 Rodolfo Giometti <giometti@linux.it>
[    1.984208] PTP clock support registered
[    1.984217] EDAC MC: Ver: 3.0.0
[    1.984261] Registered efivars operations
[    1.984261] NetLabel: Initializing
[    1.984261] NetLabel:  domain hash size = 128
[    1.984261] NetLabel:  protocols = UNLABELED CIPSOv4 CALIPSO
[    1.984261] NetLabel:  unlabeled traffic allowed by default
[    1.984261] PCI: Using ACPI for IRQ routing
[    1.985850] PCI: pci_cache_line_size set to 64 bytes
[    1.985883] e820: reserve RAM buffer [mem 0x0009f000-0x0009ffff]
[    1.985885] e820: reserve RAM buffer [mem 0x09b00000-0x0bffffff]
[    1.985886] e820: reserve RAM buffer [mem 0x09f00000-0x0bffffff]
[    1.985887] e820: reserve RAM buffer [mem 0xb327c000-0xb3ffffff]
[    1.985888] e820: reserve RAM buffer [mem 0xbab69000-0xbbffffff]
[    1.985889] e820: reserve RAM buffer [mem 0xc9f7f000-0xcbffffff]
[    1.985889] e820: reserve RAM buffer [mem 0xce000000-0xcfffffff]
[    1.985890] e820: reserve RAM buffer [mem 0x40f340000-0x40fffffff]
[    1.986992] hpet0: at MMIO 0xfed00000, IRQs 2, 8, 0
[    1.986996] hpet0: 3 comparators, 32-bit 14.318180 MHz counter
[    1.989344] clocksource: Switched to clocksource hpet
[    1.997275] VFS: Disk quotas dquot_6.6.0
[    1.997293] VFS: Dquot-cache hash table entries: 512 (order 0, 4096 bytes)
[    1.997437] AppArmor: AppArmor Filesystem Enabled
[    1.997490] pnp: PnP ACPI init
[    1.997774] system 00:00: [mem 0xfec00000-0xfec01fff] could not be reserved
[    1.997779] system 00:00: [mem 0xfee00000-0xfee00fff] has been reserved
[    1.997781] system 00:00: [mem 0xfde00000-0xfdefffff] has been reserved
[    1.998020] system 00:03: [io  0x0400-0x04cf] has been reserved
[    1.998022] system 00:03: [io  0x04d0-0x04d1] has been reserved
[    1.998023] system 00:03: [io  0x04d6] has been reserved
[    1.998024] system 00:03: [io  0x0c00-0x0c01] has been reserved
[    1.998026] system 00:03: [io  0x0c14] has been reserved
[    1.998027] system 00:03: [io  0x0c50-0x0c52] has been reserved
[    1.998028] system 00:03: [io  0x0c6c] has been reserved
[    1.998029] system 00:03: [io  0x0c6f] has been reserved
[    1.998030] system 00:03: [io  0x0cd0-0x0cdb] has been reserved
[    1.998103] system 00:04: [mem 0x000e0000-0x000fffff] could not be reserved
[    1.998105] system 00:04: [mem 0xff000000-0xffffffff] could not be reserved
[    2.000086] pnp: PnP ACPI: found 5 devices
[    2.008703] clocksource: acpi_pm: mask: 0xffffff max_cycles: 0xffffff, max_idle_ns: 2085701024 ns
[    2.008855] NET: Registered PF_INET protocol family
[    2.009583] IP idents hash table entries: 262144 (order: 9, 2097152 bytes, linear)
[    2.011033] tcp_listen_portaddr_hash hash table entries: 8192 (order: 5, 131072 bytes, linear)
[    2.011197] TCP established hash table entries: 131072 (order: 8, 1048576 bytes, linear)
[    2.011440] TCP bind hash table entries: 65536 (order: 8, 1048576 bytes, linear)
[    2.011507] TCP: Hash tables configured (established 131072 bind 65536)
[    2.011661] MPTCP token hash table entries: 16384 (order: 6, 393216 bytes, linear)
[    2.011721] UDP hash table entries: 8192 (order: 6, 262144 bytes, linear)
[    2.011774] UDP-Lite hash table entries: 8192 (order: 6, 262144 bytes, linear)
[    2.011862] NET: Registered PF_UNIX/PF_LOCAL protocol family
[    2.011867] NET: Registered PF_XDP protocol family
[    2.011879] pci 0000:00:08.1: PCI bridge to [bus 01]
[    2.011884] pci 0000:00:08.1:   bridge window [io  0x1000-0x1fff]
[    2.011888] pci 0000:00:08.1:   bridge window [mem 0xd0100000-0xd04fffff]
[    2.011890] pci 0000:00:08.1:   bridge window [mem 0xfce0000000-0xfcf01fffff 64bit pref]
[    2.011894] pci 0000:00:08.2: PCI bridge to [bus 02]
[    2.011896] pci 0000:00:08.2:   bridge window [mem 0xd0000000-0xd00fffff]
[    2.011902] pci_bus 0000:00: resource 4 [io  0x0000-0x0cf7 window]
[    2.011903] pci_bus 0000:00: resource 5 [io  0x0d00-0xffff window]
[    2.011904] pci_bus 0000:00: resource 6 [mem 0x000a0000-0x000bffff window]
[    2.011905] pci_bus 0000:00: resource 7 [mem 0x000c0000-0x000c3fff window]
[    2.011906] pci_bus 0000:00: resource 8 [mem 0x000c4000-0x000c7fff window]
[    2.011907] pci_bus 0000:00: resource 9 [mem 0x000c8000-0x000cbfff window]
[    2.011908] pci_bus 0000:00: resource 10 [mem 0x000cc000-0x000cffff window]
[    2.011909] pci_bus 0000:00: resource 11 [mem 0x000d0000-0x000d3fff window]
[    2.011910] pci_bus 0000:00: resource 12 [mem 0x000d4000-0x000d7fff window]
[    2.011911] pci_bus 0000:00: resource 13 [mem 0x000d8000-0x000dbfff window]
[    2.011912] pci_bus 0000:00: resource 14 [mem 0x000dc000-0x000dffff window]
[    2.011913] pci_bus 0000:00: resource 15 [mem 0x000e0000-0x000e3fff window]
[    2.011914] pci_bus 0000:00: resource 16 [mem 0x000e4000-0x000e7fff window]
[    2.011915] pci_bus 0000:00: resource 17 [mem 0x000e8000-0x000ebfff window]
[    2.011916] pci_bus 0000:00: resource 18 [mem 0x000ec000-0x000effff window]
[    2.011917] pci_bus 0000:00: resource 19 [mem 0xd0000000-0xf7ffffff window]
[    2.011918] pci_bus 0000:00: resource 20 [mem 0xfc000000-0xfed3ffff window]
[    2.011919] pci_bus 0000:00: resource 21 [mem 0x450200000-0xfcffffffff window]
[    2.011920] pci_bus 0000:01: resource 0 [io  0x1000-0x1fff]
[    2.011921] pci_bus 0000:01: resource 1 [mem 0xd0100000-0xd04fffff]
[    2.011922] pci_bus 0000:01: resource 2 [mem 0xfce0000000-0xfcf01fffff 64bit pref]
[    2.011923] pci_bus 0000:02: resource 1 [mem 0xd0000000-0xd00fffff]
[    2.012079] pci 0000:01:00.1: D0 power state depends on 0000:01:00.0
[    2.012115] pci 0000:01:00.3: extending delay after power-on from D3hot to 20 msec
[    2.013477] pci 0000:01:00.4: extending delay after power-on from D3hot to 20 msec
[    2.149369] pci 0000:01:00.4: quirk_usb_early_handoff+0x0/0x750 took 132703 usecs
[    2.149383] PCI: CLS 64 bytes, default 64
[    2.149397] pci 0000:00:00.2: AMD-Vi: IOMMU performance counters supported
[    2.149459] Trying to unpack rootfs image as initramfs...
[    2.149460] pci 0000:00:00.2: can't derive routing for PCI INT A
[    2.149461] pci 0000:00:00.2: PCI INT A: not connected
[    2.149480] pci 0000:00:01.0: Adding to iommu group 0
[    2.149496] pci 0000:00:02.0: Adding to iommu group 1
[    2.149512] pci 0000:00:08.0: Adding to iommu group 2
[    2.149520] pci 0000:00:08.1: Adding to iommu group 2
[    2.149527] pci 0000:00:08.2: Adding to iommu group 2
[    2.149541] pci 0000:00:14.0: Adding to iommu group 3
[    2.149550] pci 0000:00:14.3: Adding to iommu group 3
[    2.149574] pci 0000:00:18.0: Adding to iommu group 4
[    2.149582] pci 0000:00:18.1: Adding to iommu group 4
[    2.149589] pci 0000:00:18.2: Adding to iommu group 4
[    2.149596] pci 0000:00:18.3: Adding to iommu group 4
[    2.149603] pci 0000:00:18.4: Adding to iommu group 4
[    2.149612] pci 0000:00:18.5: Adding to iommu group 4
[    2.149620] pci 0000:00:18.6: Adding to iommu group 4
[    2.149628] pci 0000:00:18.7: Adding to iommu group 4
[    2.149642] pci 0000:01:00.0: Adding to iommu group 2
[    2.149646] pci 0000:01:00.1: Adding to iommu group 2
[    2.149651] pci 0000:01:00.2: Adding to iommu group 2
[    2.149656] pci 0000:01:00.3: Adding to iommu group 2
[    2.149660] pci 0000:01:00.4: Adding to iommu group 2
[    2.149667] pci 0000:01:00.5: Adding to iommu group 2
[    2.149672] pci 0000:01:00.6: Adding to iommu group 2
[    2.149676] pci 0000:02:00.0: Adding to iommu group 2
[    2.149682] pci 0000:02:00.1: Adding to iommu group 2
[    2.151228] pci 0000:00:00.2: AMD-Vi: Found IOMMU cap 0x40
[    2.151233] AMD-Vi: Extended features (0x206d73ef22254ade): PPR X2APIC NX GT IA GA PC GA_vAPIC
[    2.151239] AMD-Vi: Interrupt remapping enabled
[    2.151239] AMD-Vi: Virtual APIC enabled
[    2.151239] AMD-Vi: X2APIC enabled
[    2.151472] software IO TLB: tearing down default memory pool
[    2.159454] LVT offset 0 assigned for vector 0x400
[    2.159810] perf: AMD IBS detected (0x000003ff)
[    2.159816] perf/amd_iommu: Detected AMD IOMMU #0 (2 banks, 4 counters/bank).
[    2.161922] Initialise system trusted keyrings
[    2.161938] Key type blacklist registered
[    2.162071] workingset: timestamp_bits=41 max_order=22 bucket_order=0
[    2.163591] zbud: loaded
[    2.166702] Key type asymmetric registered
[    2.166704] Asymmetric key parser 'x509' registered
[    2.166736] Block layer SCSI generic (bsg) driver version 0.4 loaded (major 242)
[    2.166864] io scheduler mq-deadline registered
[    2.166865] io scheduler kyber registered
[    2.166895] io scheduler bfq registered
[    2.167404] pcieport 0000:00:08.1: PME: Signaling with IRQ 26
[    2.167619] pcieport 0000:00:08.2: PME: Signaling with IRQ 27
[    2.167699] shpchp: Standard Hot Plug PCI Controller Driver version: 0.4
[    2.169626] ACPI: AC: AC Adapter [ACAD] (on-line)
[    2.169666] input: Power Button as /devices/LNXSYSTM:00/LNXSYBUS:00/PNP0C0C:00/input/input0
[    2.169685] ACPI: button: Power Button [PWRB]
[    2.169713] input: Lid Switch as /devices/LNXSYSTM:00/LNXSYBUS:00/PNP0A08:00/device:2a/PNP0C09:00/PNP0C0D:00/input/input1
[    2.169727] ACPI: button: Lid Switch [LID0]
[    2.169806] Monitor-Mwait will be used to enter C-1 state
[    2.169849] ACPI: \_SB_.PLTF.C000: Found 3 idle states
[    2.169855] ACPI: FW issue: working around C-state latencies out of order
[    2.170134] ACPI: \_SB_.PLTF.C001: Found 3 idle states
[    2.170139] ACPI: FW issue: working around C-state latencies out of order
[    2.170210] ACPI: \_SB_.PLTF.C002: Found 3 idle states
[    2.170214] ACPI: FW issue: working around C-state latencies out of order
[    2.170325] ACPI: \_SB_.PLTF.C003: Found 3 idle states
[    2.170330] ACPI: FW issue: working around C-state latencies out of order
[    2.170549] ACPI: \_SB_.PLTF.C004: Found 3 idle states
[    2.170553] ACPI: FW issue: working around C-state latencies out of order
[    2.170742] ACPI: \_SB_.PLTF.C005: Found 3 idle states
[    2.170747] ACPI: FW issue: working around C-state latencies out of order
[    2.172790] thermal LNXTHERM:00: registered as thermal_zone0
[    2.172794] ACPI: thermal: Thermal Zone [TZ0] (0 C)
[    2.173038] Serial: 8250/16550 driver, 32 ports, IRQ sharing enabled
[    2.173392] ACPI: battery: Slot [BATT] (battery absent)
[    2.174861] Non-volatile memory driver v1.3
[    2.174863] Linux agpgart interface v0.103
[    2.174971] AMD-Vi: AMD IOMMUv2 loaded and initialized
[    2.176070] ahci 0000:02:00.0: version 3.0
[    2.176242] ahci 0000:02:00.0: AHCI 0001.0301 32 slots 1 ports 6 Gbps 0x1 impl SATA mode
[    2.176244] ahci 0000:02:00.0: flags: 64bit ncq sntf ilck pm led clo only pmp fbs pio slum part 
[    2.176427] scsi host0: ahci
[    2.176489] ata1: SATA max UDMA/133 abar m2048@0xd0001000 port 0xd0001100 irq 29
[    2.176607] ahci 0000:02:00.1: AHCI 0001.0301 32 slots 1 ports 6 Gbps 0x1 impl SATA mode
[    2.176609] ahci 0000:02:00.1: flags: 64bit ncq sntf ilck pm led clo only pmp fbs pio slum part deso sadm sds 
[    2.176788] scsi host1: ahci
[    2.176834] ata2: SATA max UDMA/133 abar m2048@0xd0000000 port 0xd0000100 irq 31
[    2.176859] ehci_hcd: USB 2.0 'Enhanced' Host Controller (EHCI) Driver
[    2.176867] ehci-pci: EHCI PCI platform driver
[    2.176877] ohci_hcd: USB 1.1 'Open' Host Controller (OHCI) Driver
[    2.176879] ohci-pci: OHCI PCI platform driver
[    2.176885] uhci_hcd: USB Universal Host Controller Interface driver
[    2.176956] usbcore: registered new interface driver usbserial_generic
[    2.176960] usbserial: USB Serial support registered for generic
[    2.177039] rtc_cmos 00:01: RTC can wake from S4
[    2.177249] rtc_cmos 00:01: registered as rtc0
[    2.177284] rtc_cmos 00:01: setting system clock to 2019-01-01T00:00:12 UTC (1546300812)
[    2.177296] rtc_cmos 00:01: alarms up to one month, 114 bytes nvram, hpet irqs
[    2.177418] ledtrig-cpu: registered to indicate activity on CPUs
[    2.177621] efifb: probing for efifb
[    2.177629] efifb: framebuffer at 0xfce0000000, using 8128k, total 8128k
[    2.177630] efifb: mode is 1920x1080x32, linelength=7680, pages=1
[    2.177631] efifb: scrolling: redraw
[    2.177632] efifb: Truecolor: size=8:8:8:8, shift=24:16:8:0
[    2.177669] fbcon: Deferring console take-over
[    2.177669] fb0: EFI VGA frame buffer device
[    2.177693] hid: raw HID events driver (C) Jiri Kosina
[    2.177760] drop_monitor: Initializing network drop monitor service
[    2.177807] Initializing XFRM netlink socket
[    2.177902] NET: Registered PF_INET6 protocol family
[    2.491112] ata1: SATA link down (SStatus 0 SControl 300)
[    2.583218] Freeing initrd memory: 11352K
[    2.589724] Segment Routing with IPv6
[    2.589727] RPL Segment Routing with IPv6
[    2.589742] In-situ OAM (IOAM) with IPv6
[    2.589767] NET: Registered PF_PACKET protocol family
[    2.591338] microcode: CPU0: patch_level=0x08600106
[    2.591362] microcode: CPU1: patch_level=0x08600106
[    2.591368] microcode: CPU2: patch_level=0x08600106
[    2.591391] microcode: CPU3: patch_level=0x08600106
[    2.591418] microcode: CPU4: patch_level=0x08600106
[    2.591450] microcode: CPU5: patch_level=0x08600106
[    2.591459] microcode: Microcode Update Driver: v2.2.
[    2.591863] resctrl: L3 allocation detected
[    2.591866] resctrl: MB allocation detected
[    2.591867] resctrl: L3 monitoring detected
[    2.591872] IPI shorthand broadcast: enabled
[    2.592200] registered taskstats version 1
[    2.592625] Loading compiled-in X.509 certificates
[    2.595514] Loaded X.509 cert 'Build time autogenerated kernel key: d2094633047b7eebd2131812d6ef772775a49f35'
[    2.596704] zswap: loaded using pool lz4/z3fold
[    2.597410] Key type ._fscrypt registered
[    2.597412] Key type .fscrypt registered
[    2.597413] Key type fscrypt-provisioning registered
[    2.597471] AppArmor: AppArmor sha1 policy hashing enabled
[    2.597844] PM:   Magic number: 3:1:0
[    2.597845] PM:   hash matches drivers/base/power/main.c:1728
[    2.597901] memory memory48: hash matches
[    2.598157] RAS: Correctable Errors collector initialized.
[    2.647343] ata2: SATA link up 6.0 Gbps (SStatus 133 SControl 300)
[    2.650325] ata2.00: ATA-11: SAMSUNG MZNLH512HALU-00000, RVT2200Q, max UDMA/133
[    2.651427] ata2.00: 1000215216 sectors, multi 16: LBA48 NCQ (depth 32), AA
[    2.653540] ata2.00: Features: Dev-Sleep NCQ-sndrcv
[    2.657779] ata2.00: configured for UDMA/133
[    2.657901] ata2.00: failed to enable DEVSLP
[    2.657907] ata2.00: failed to enable DIPM, Emask 0x40
[    8.250521] ata2: SATA link up 6.0 Gbps (SStatus 133 SControl 300)
[    8.258783] ata2.00: configured for UDMA/133
[    8.259626] scsi 1:0:0:0: Direct-Access     ATA      SAMSUNG MZNLH512 200Q PQ: 0 ANSI: 5
[    8.260054] sd 1:0:0:0: [sda] 1000215216 512-byte logical blocks: (512 GB/477 GiB)
[    8.260063] sd 1:0:0:0: [sda] Write Protect is off
[    8.260064] sd 1:0:0:0: [sda] Mode Sense: 00 3a 00 00
[    8.260077] sd 1:0:0:0: [sda] Write cache: enabled, read cache: enabled, doesn't support DPO or FUA
[    8.287260]  sda: sda1 sda2 sda3
[    8.310710] sd 1:0:0:0: [sda] Attached SCSI disk
[    8.310872] Unstable clock detected, switching default tracing clock to "global"
               If you want to keep using the local clock, then add:
                 "trace_clock=local"
               on the kernel command line
[    8.312878] Freeing unused decrypted memory: 2036K
[    8.313219] Freeing unused kernel image (initmem) memory: 1864K
[    8.340537] Write protecting the kernel read-only data: 28672k
[    8.341419] Freeing unused kernel image (text/rodata gap) memory: 2036K
[    8.341937] Freeing unused kernel image (rodata/data gap) memory: 1496K
[    8.367415] x86/mm: Checked W+X mappings: passed, no W+X pages found.
[    8.367423] rodata_test: all tests were successful
[    8.367425] x86/mm: Checking user space page tables
[    8.391802] x86/mm: Checked W+X mappings: passed, no W+X pages found.
[    8.391827] Run /init as init process
[    8.391829]   with arguments:
[    8.391830]     /init
[    8.391831]   with environment:
[    8.391831]     HOME=/
[    8.391832]     TERM=linux
[    8.391833]     BOOT_IMAGE=/boot/vmlinuz-linux
[    8.391833]     pti=on
[    8.391834]     mem_encrypt=on
[    8.414809] fbcon: Taking over console
[    8.414892] Console: switching to colour frame buffer device 240x67
[    8.507972] xhci_hcd 0000:01:00.3: xHCI Host Controller
[    8.507980] xhci_hcd 0000:01:00.3: new USB bus registered, assigned bus number 1
[    8.508077] xhci_hcd 0000:01:00.3: hcc params 0x0268ffe5 hci version 0x110 quirks 0x0000020000000410
[    8.508422] usb usb1: New USB device found, idVendor=1d6b, idProduct=0002, bcdDevice= 5.15
[    8.508425] usb usb1: New USB device strings: Mfr=3, Product=2, SerialNumber=1
[    8.508426] usb usb1: Product: xHCI Host Controller
[    8.508427] usb usb1: Manufacturer: Linux 5.15.12-arch1-1 xhci-hcd
[    8.508428] usb usb1: SerialNumber: 0000:01:00.3
[    8.508622] hub 1-0:1.0: USB hub found
[    8.508633] hub 1-0:1.0: 4 ports detected
[    8.509005] xhci_hcd 0000:01:00.3: xHCI Host Controller
[    8.509011] xhci_hcd 0000:01:00.3: new USB bus registered, assigned bus number 2
[    8.509015] xhci_hcd 0000:01:00.3: Host supports USB 3.1 Enhanced SuperSpeed
[    8.509033] usb usb2: We don't know the algorithms for LPM for this host, disabling LPM.
[    8.509052] i8042: PNP: PS/2 Controller [PNP0303:KBC0] at 0x60,0x64 irq 1
[    8.509055] i8042: PNP: PS/2 appears to have AUX port disabled, if this is incorrect please boot with i8042.nopnp
[    8.509059] usb usb2: New USB device found, idVendor=1d6b, idProduct=0003, bcdDevice= 5.15
[    8.509061] usb usb2: New USB device strings: Mfr=3, Product=2, SerialNumber=1
[    8.509062] usb usb2: Product: xHCI Host Controller
[    8.509063] usb usb2: Manufacturer: Linux 5.15.12-arch1-1 xhci-hcd
[    8.509064] usb usb2: SerialNumber: 0000:01:00.3
[    8.509273] hub 2-0:1.0: USB hub found
[    8.509285] hub 2-0:1.0: 2 ports detected
[    8.509609] xhci_hcd 0000:01:00.4: xHCI Host Controller
[    8.509613] xhci_hcd 0000:01:00.4: new USB bus registered, assigned bus number 3
[    8.509714] xhci_hcd 0000:01:00.4: hcc params 0x0268ffe5 hci version 0x110 quirks 0x0000020000000410
[    8.510046] usb usb3: New USB device found, idVendor=1d6b, idProduct=0002, bcdDevice= 5.15
[    8.510048] usb usb3: New USB device strings: Mfr=3, Product=2, SerialNumber=1
[    8.510049] usb usb3: Product: xHCI Host Controller
[    8.510050] usb usb3: Manufacturer: Linux 5.15.12-arch1-1 xhci-hcd
[    8.510051] usb usb3: SerialNumber: 0000:01:00.4
[    8.510168] hub 3-0:1.0: USB hub found
[    8.510176] hub 3-0:1.0: 4 ports detected
[    8.510737] xhci_hcd 0000:01:00.4: xHCI Host Controller
[    8.510742] xhci_hcd 0000:01:00.4: new USB bus registered, assigned bus number 4
[    8.510745] xhci_hcd 0000:01:00.4: Host supports USB 3.1 Enhanced SuperSpeed
[    8.510760] usb usb4: We don't know the algorithms for LPM for this host, disabling LPM.
[    8.510786] usb usb4: New USB device found, idVendor=1d6b, idProduct=0003, bcdDevice= 5.15
[    8.510794] serio: i8042 KBD port at 0x60,0x64 irq 1
[    8.510884] usb usb4: New USB device strings: Mfr=3, Product=2, SerialNumber=1
[    8.510886] usb usb4: Product: xHCI Host Controller
[    8.510887] usb usb4: Manufacturer: Linux 5.15.12-arch1-1 xhci-hcd
[    8.510888] usb usb4: SerialNumber: 0000:01:00.4
[    8.511035] hub 4-0:1.0: USB hub found
[    8.511041] hub 4-0:1.0: 2 ports detected
[    8.539720] input: AT Translated Set 2 keyboard as /devices/platform/i8042/serio0/input/input2
[    8.664939] PM: Image not found (code -22)
[    8.685122] random: fast init done
[    8.763636] usb 3-1: new high-speed USB device number 2 using xhci_hcd
[    8.782592] EXT4-fs (sda2): mounted filesystem with ordered data mode. Opts: (null). Quota mode: none.
[    8.855077] systemd[1]: System time before build time, advancing clock.
[    8.905425] usb 3-1: New USB device found, idVendor=1a40, idProduct=0801, bcdDevice= 1.00
[    8.905430] usb 3-1: New USB device strings: Mfr=0, Product=1, SerialNumber=0
[    8.905431] usb 3-1: Product: USB 2.0 Hub
[    8.911996] systemd[1]: systemd 250-3-arch running in system mode (+PAM +AUDIT -SELINUX -APPARMOR -IMA +SMACK +SECCOMP +GCRYPT +GNUTLS +OPENSSL +ACL +BLKID +CURL +ELFUTILS +FIDO2 +IDN2 -IDN +IPTC +KMOD +LIBCRYPTSETUP +LIBFDISK +PCRE2 -PWQUALITY +P11KIT -QRENCODE +BZIP2 +LZ4 +XZ +ZLIB +ZSTD -BPF_FRAMEWORK +XKBCOMMON +UTMP -SYSVINIT default-hierarchy=unified)
[    8.927345] systemd[1]: Detected architecture x86-64.
[    8.928339] systemd[1]: Hostname set to <mksredmibook14ii>.
[    8.959062] hub 3-1:1.0: USB hub found
[    8.959300] hub 3-1:1.0: 4 ports detected
[    8.989010] random: lvmconfig: uninitialized urandom read (4 bytes read)
[    9.027211] usb 4-1: new SuperSpeed USB device number 2 using xhci_hcd
[    9.051422] usb 4-1: New USB device found, idVendor=05e3, idProduct=0626, bcdDevice= 6.63
[    9.051429] usb 4-1: New USB device strings: Mfr=1, Product=2, SerialNumber=0
[    9.051432] usb 4-1: Product: USB3.1 Hub
[    9.051434] usb 4-1: Manufacturer: GenesysLogic
[    9.060751] systemd[1]: Queued start job for default target Graphical Interface.
[    9.062028] systemd[1]: Created slice Slice /system/getty.
[    9.062337] systemd[1]: Created slice Slice /system/modprobe.
[    9.062654] systemd[1]: Created slice Slice /system/systemd-fsck.
[    9.062836] systemd[1]: Created slice User and Session Slice.
[    9.062920] systemd[1]: Started Dispatch Password Requests to Console Directory Watch.
[    9.062974] systemd[1]: Started Forward Password Requests to Wall Directory Watch.
[    9.063138] systemd[1]: Set up automount Arbitrary Executable File Formats File System Automount Point.
[    9.063200] systemd[1]: Reached target Local Encrypted Volumes.
[    9.063225] systemd[1]: Reached target Login Prompts.
[    9.063249] systemd[1]: Reached target Local Integrity Protected Volumes.
[    9.063282] systemd[1]: Reached target Path Units.
[    9.063307] systemd[1]: Reached target Remote File Systems.
[    9.063335] systemd[1]: Reached target Slice Units.
[    9.063365] systemd[1]: Reached target Local Verity Protected Volumes.
[    9.063439] systemd[1]: Listening on Device-mapper event daemon FIFOs.
[    9.063819] systemd[1]: Listening on LVM2 poll daemon socket.
[    9.064844] systemd[1]: Listening on Process Core Dump Socket.
[    9.068563] systemd[1]: Journal Audit Socket was skipped because of a failed condition check (ConditionSecurity=audit).
[    9.069011] systemd[1]: Listening on Journal Socket (/dev/log).
[    9.069291] systemd[1]: Listening on Journal Socket.
[    9.070959] systemd[1]: Listening on udev Control Socket.
[    9.071100] systemd[1]: Listening on udev Kernel Socket.
[    9.071940] hub 4-1:1.0: USB hub found
[    9.072142] systemd[1]: Mounting Huge Pages File System...
[    9.072803] hub 4-1:1.0: 4 ports detected
[    9.072917] systemd[1]: Mounting POSIX Message Queue File System...
[    9.073726] systemd[1]: Mounting Kernel Debug File System...
[    9.074693] systemd[1]: Mounting Kernel Trace File System...
[    9.075981] systemd[1]: Starting Create List of Static Device Nodes...
[    9.076642] systemd[1]: Starting Monitoring of LVM2 mirrors, snapshots etc. using dmeventd or progress polling...
[    9.077682] systemd[1]: Starting Load Kernel Module configfs...
[    9.078578] systemd[1]: Starting Load Kernel Module drm...
[    9.079326] systemd[1]: Starting Load Kernel Module fuse...
[    9.079373] random: lvm: uninitialized urandom read (4 bytes read)
[    9.079395] systemd[1]: File System Check on Root Device was skipped because of a failed condition check (ConditionPathIsReadWrite=!/).
[    9.081048] systemd[1]: Starting Journal Service...
[    9.082613] systemd[1]: Starting Load Kernel Modules...
[    9.083472] systemd[1]: Starting Remount Root and Kernel File Systems...
[    9.083545] systemd[1]: Repartition Root Disk was skipped because all trigger condition checks failed.
[    9.084290] systemd[1]: Starting Coldplug All udev Devices...
[    9.085594] systemd[1]: Mounted Huge Pages File System.
[    9.085709] systemd[1]: Mounted POSIX Message Queue File System.
[    9.085799] systemd[1]: Mounted Kernel Debug File System.
[    9.085891] systemd[1]: Mounted Kernel Trace File System.
[    9.086114] systemd[1]: Finished Create List of Static Device Nodes.
[    9.087932] systemd[1]: modprobe@configfs.service: Deactivated successfully.
[    9.088102] systemd[1]: Finished Load Kernel Module configfs.
[    9.088422] systemd[1]: modprobe@drm.service: Deactivated successfully.
[    9.088506] fuse: init (API version 7.34)
[    9.088577] systemd[1]: Finished Load Kernel Module drm.
[    9.089660] systemd[1]: Mounting Kernel Configuration File System...
[    9.089962] systemd[1]: modprobe@fuse.service: Deactivated successfully.
[    9.090113] systemd[1]: Finished Load Kernel Module fuse.
[    9.090289] EXT4-fs (sda2): re-mounted. Opts: (null). Quota mode: none.
[    9.091197] systemd[1]: Mounting FUSE Control File System...
[    9.093490] systemd[1]: Finished Remount Root and Kernel File Systems.
[    9.093725] systemd[1]: Mounted Kernel Configuration File System.
[    9.093908] systemd[1]: Mounted FUSE Control File System.
[    9.094044] systemd[1]: First Boot Wizard was skipped because of a failed condition check (ConditionFirstBoot=yes).
[    9.096471] systemd[1]: Rebuild Hardware Database was skipped because of a failed condition check (ConditionNeedsUpdate=/etc).
[    9.097626] systemd[1]: Starting Load/Save Random Seed...
[    9.097715] systemd[1]: Create System Users was skipped because of a failed condition check (ConditionNeedsUpdate=/etc).
[    9.097854] vboxdrv: loading out-of-tree module taints kernel.
[    9.098046] vboxdrv: module verification failed: signature and/or required key missing - tainting kernel
[    9.098554] systemd[1]: Starting Create Static Device Nodes in /dev...
[    9.100875] vboxdrv: Found 6 processor cores
[    9.122497] systemd[1]: Finished Monitoring of LVM2 mirrors, snapshots etc. using dmeventd or progress polling.
[    9.123861] vboxdrv: TSC mode is Invariant, tentative frequency 2370616735 Hz
[    9.123863] vboxdrv: Successfully loaded version 6.1.30 r148432 (interface 0x00320000)
[    9.125370] VBoxNetAdp: Successfully started.
[    9.126903] VBoxNetFlt: Successfully started.
[    9.128234] systemd[1]: Finished Load Kernel Modules.
[    9.129711] systemd[1]: Starting Apply Kernel Variables...
[    9.138382] systemd[1]: Finished Create Static Device Nodes in /dev.
[    9.138843] systemd[1]: Finished Apply Kernel Variables.
[    9.138960] systemd[1]: Reached target Preparation for Local File Systems.
[    9.139001] systemd[1]: Virtual Machine and Container Storage (Compatibility) was skipped because of a failed condition check (ConditionPathExists=/var/lib/machines.raw).
[    9.140468] systemd[1]: Starting Rule-based Manager for Device Events and Files...
[    9.145258] systemd[1]: Started Journal Service.
[    9.149679] systemd-journald[241]: Received client request to flush runtime journal.
[    9.255916] acpi_cpufreq: overriding BIOS provided _PSD data
[    9.260298] usb 3-1.1: new full-speed USB device number 3 using xhci_hcd
[    9.308163] acpi PNP0C14:01: duplicate WMI GUID 05901221-D566-11D1-B2F0-00A0C9062910 (first instance was on PNP0C14:00)
[    9.311539] ACPI: video: Video Device [VGA] (multi-head: yes  rom: no  post: no)
[    9.313362] acpi device:0e: registered as cooling_device6
[    9.313410] input: Video Bus as /devices/LNXSYSTM:00/LNXSYBUS:00/PNP0A08:00/device:0d/LNXVIDEO:00/input/input3
[    9.367775] piix4_smbus 0000:00:14.0: SMBus Host Controller at 0xb00, revision 0
[    9.367785] piix4_smbus 0000:00:14.0: Using register 0x02 for SMBus port selection
[    9.367901] piix4_smbus 0000:00:14.0: Auxiliary SMBus Host Controller at 0xb20
[    9.369917] ccp 0000:01:00.2: enabling device (0000 -> 0002)
[    9.370378] ccp 0000:01:00.2: ccp: unable to access the device: you might be running a broken BIOS.
[    9.373901] snd_rn_pci_acp3x 0000:01:00.5: enabling device (0000 -> 0002)
[    9.375783] sp5100_tco: SP5100/SB800 TCO WatchDog Timer Driver
[    9.375913] sp5100-tco sp5100-tco: Using 0xfeb00000 for watchdog MMIO address
[    9.376664] sp5100-tco sp5100-tco: initialized. heartbeat=60 sec (nowayout=0)
[    9.381153] ccp 0000:01:00.2: tee enabled
[    9.381158] ccp 0000:01:00.2: psp enabled
[    9.409835] usb 3-1.1: not running at top speed; connect to a high speed hub
[    9.462791] usb 3-1.1: New USB device found, idVendor=25a4, idProduct=9311, bcdDevice= 2.01
[    9.462799] usb 3-1.1: New USB device strings: Mfr=1, Product=2, SerialNumber=3
[    9.462802] usb 3-1.1: Product: USB C Video Adaptor      
[    9.462804] usb 3-1.1: Manufacturer: USB C  
[    9.462806] usb 3-1.1: SerialNumber: 000000000001
[    9.474583] usb 4-1.1: new SuperSpeed USB device number 3 using xhci_hcd
[    9.496077] usb 4-1.1: New USB device found, idVendor=8564, idProduct=4000, bcdDevice= 0.04
[    9.496088] usb 4-1.1: New USB device strings: Mfr=3, Product=4, SerialNumber=2
[    9.496091] usb 4-1.1: Product: Transcend
[    9.496094] usb 4-1.1: Manufacturer: TS-RDF5A
[    9.496096] usb 4-1.1: SerialNumber: 000000000004
[    9.538545] input: GXT7863:00 27C6:01E0 Mouse as /devices/platform/AMDI0010:03/i2c-0/i2c-GXT7863:00/0018:27C6:01E0.0001/input/input4
[    9.538659] input: GXT7863:00 27C6:01E0 Touchpad as /devices/platform/AMDI0010:03/i2c-0/i2c-GXT7863:00/0018:27C6:01E0.0001/input/input5
[    9.538745] hid-generic 0018:27C6:01E0.0001: input,hidraw0: I2C HID v1.00 Mouse [GXT7863:00 27C6:01E0] on i2c-GXT7863:00
[    9.563647] usb 3-1.2: new high-speed USB device number 4 using xhci_hcd
[    9.592097] [drm] amdgpu kernel modesetting enabled.
[    9.605151] amdgpu: Virtual CRAT table created for CPU
[    9.605182] amdgpu: Topology: Add CPU node
[    9.605284] checking generic (fce0000000 7f0000) vs hw (fce0000000 10000000)
[    9.605285] fb0: switching to amdgpu from EFI VGA
[    9.605357] Console: switching to colour dummy device 80x25
[    9.605389] amdgpu 0000:01:00.0: vgaarb: deactivate vga console
[    9.605455] amdgpu 0000:01:00.0: enabling device (0006 -> 0007)
[    9.605538] [drm] initializing kernel modesetting (RENOIR 0x1002:0x1636 0x1D72:0x1951 0xC3).
[    9.605540] amdgpu 0000:01:00.0: amdgpu: Trusted Memory Zone (TMZ) feature enabled
[    9.606233] [drm] register mmio base: 0xD0400000
[    9.606234] [drm] register mmio size: 524288
[    9.606235] [drm] PCIE atomic ops is not supported
[    9.607327] [drm] add ip block number 0 <soc15_common>
[    9.607328] [drm] add ip block number 1 <gmc_v9_0>
[    9.607329] [drm] add ip block number 2 <vega10_ih>
[    9.607330] [drm] add ip block number 3 <psp>
[    9.607331] [drm] add ip block number 4 <smu>
[    9.607331] [drm] add ip block number 5 <gfx_v9_0>
[    9.607332] [drm] add ip block number 6 <sdma_v4_0>
[    9.607333] [drm] add ip block number 7 <dm>
[    9.607334] [drm] add ip block number 8 <vcn_v2_0>
[    9.607335] [drm] add ip block number 9 <jpeg_v2_0>
[    9.607353] amdgpu 0000:01:00.0: amdgpu: Fetched VBIOS from VFCT
[    9.607357] amdgpu: ATOM BIOS: 113-RENOIR-026
[    9.609015] [drm] VCN decode is enabled in VM mode
[    9.609017] [drm] VCN encode is enabled in VM mode
[    9.609018] [drm] JPEG decode is enabled in VM mode
[    9.609062] [drm] vm size is 262144 GB, 4 levels, block size is 9-bit, fragment size is 9-bit
[    9.609069] amdgpu 0000:01:00.0: amdgpu: VRAM: 512M 0x000000F400000000 - 0x000000F41FFFFFFF (512M used)
[    9.609071] amdgpu 0000:01:00.0: amdgpu: GART: 1024M 0x0000000000000000 - 0x000000003FFFFFFF
[    9.609072] amdgpu 0000:01:00.0: amdgpu: AGP: 267419648M 0x000000F800000000 - 0x0000FFFFFFFFFFFF
[    9.609079] [drm] Detected VRAM RAM=512M, BAR=512M
[    9.609080] [drm] RAM width 128bits DDR4
[    9.609119] [drm] amdgpu: 512M of VRAM memory ready
[    9.609120] [drm] amdgpu: 3072M of GTT memory ready.
[    9.609126] [drm] GART: num cpu pages 262144, num gpu pages 262144
[    9.609230] [drm] PCIE GART of 1024M enabled.
[    9.609231] [drm] PTB located at 0x000000F400900000
[    9.610677] amdgpu 0000:01:00.0: amdgpu: PSP runtime database doesn't exist
[    9.616297] [drm] Loading DMUB firmware via PSP: version=0x01010019
[    9.617561] [drm] Found VCN firmware Version ENC: 1.16 DEC: 5 VEP: 0 Revision: 3
[    9.617576] amdgpu 0000:01:00.0: amdgpu: Will use PSP to load VCN firmware
[    9.645965] snd_hda_intel 0000:01:00.1: enabling device (0000 -> 0002)
[    9.646109] snd_hda_intel 0000:01:00.1: Handle vga_switcheroo audio client
[    9.646323] snd_hda_intel 0000:01:00.6: enabling device (0000 -> 0002)
[    9.659199] usb 3-1.2: New USB device found, idVendor=05e3, idProduct=0610, bcdDevice= 6.63
[    9.659209] usb 3-1.2: New USB device strings: Mfr=1, Product=2, SerialNumber=0
[    9.659213] usb 3-1.2: Product: USB2.1 Hub
[    9.659216] usb 3-1.2: Manufacturer: GenesysLogic
[    9.665250] input: HD-Audio Generic HDMI/DP,pcm=3 as /devices/pci0000:00/0000:00:08.1/0000:01:00.1/sound/card0/input7
[    9.665304] input: HD-Audio Generic HDMI/DP,pcm=7 as /devices/pci0000:00/0000:00:08.1/0000:01:00.1/sound/card0/input8
[    9.695200] hub 3-1.2:1.0: USB hub found
[    9.695641] hub 3-1.2:1.0: 4 ports detected
[    9.705662] snd_hda_codec_realtek hdaudioC1D0: autoconfig for ALC256: line_outs=1 (0x14/0x0/0x0/0x0/0x0) type:speaker
[    9.705670] snd_hda_codec_realtek hdaudioC1D0:    speaker_outs=0 (0x0/0x0/0x0/0x0/0x0)
[    9.705671] snd_hda_codec_realtek hdaudioC1D0:    hp_outs=1 (0x21/0x0/0x0/0x0/0x0)
[    9.705673] snd_hda_codec_realtek hdaudioC1D0:    mono: mono_out=0x0
[    9.705674] snd_hda_codec_realtek hdaudioC1D0:    inputs:
[    9.705675] snd_hda_codec_realtek hdaudioC1D0:      Mic=0x19
[    9.706406] Adding 17309968k swap on /dev/sda3.  Priority:-2 extents:1 across:17309968k SSFS
[    9.730527] usb 4-1.2: new SuperSpeed USB device number 4 using xhci_hcd
[    9.747628] usb 4-1.2: New USB device found, idVendor=0bda, idProduct=8153, bcdDevice=30.00
[    9.747638] usb 4-1.2: New USB device strings: Mfr=1, Product=2, SerialNumber=6
[    9.747642] usb 4-1.2: Product: USB 10/100/1000 LAN
[    9.747645] usb 4-1.2: Manufacturer: Realtek
[    9.747647] usb 4-1.2: SerialNumber: 000001
[    9.750685] input: HD-Audio Generic Mic as /devices/pci0000:00/0000:00:08.1/0000:01:00.6/sound/card1/input9
[    9.750786] input: HD-Audio Generic Headphone as /devices/pci0000:00/0000:00:08.1/0000:01:00.6/sound/card1/input10
[    9.809875] RAPL PMU: API unit is 2^-32 Joules, 1 fixed counters, 163840 ms ovfl timer
[    9.809878] RAPL PMU: hw unit of domain package 2^-16 Joules
[    9.814312] random: dbus-daemon: uninitialized urandom read (12 bytes read)
[    9.816403] cryptd: max_cpu_qlen set to 1000
[    9.890538] AVX2 version of gcm_enc/dec engaged.
[    9.890668] AES CTR mode by8 optimization enabled
[   10.050976] kvm: Nested Virtualization enabled
[   10.050979] SVM: kvm: Nested Paging enabled
[   10.050999] SVM: Virtual VMLOAD VMSAVE supported
[   10.050999] SVM: Virtual GIF supported
[   10.058744] MCE: In-kernel MCE decoding enabled.
[   10.158416] input: GXT7863:00 27C6:01E0 Mouse as /devices/platform/AMDI0010:03/i2c-0/i2c-GXT7863:00/0018:27C6:01E0.0001/input/input11
[   10.158511] input: GXT7863:00 27C6:01E0 Touchpad as /devices/platform/AMDI0010:03/i2c-0/i2c-GXT7863:00/0018:27C6:01E0.0001/input/input12
[   10.158586] hid-multitouch 0018:27C6:01E0.0001: input,hidraw0: I2C HID v1.00 Mouse [GXT7863:00 27C6:01E0] on i2c-GXT7863:00
[   10.159440] usb-storage 4-1.1:1.0: USB Mass Storage device detected
[   10.170908] scsi host2: usb-storage 4-1.1:1.0
[   10.171095] usbcore: registered new interface driver usb-storage
[   10.203848] intel_rapl_common: Found RAPL domain package
[   10.203851] intel_rapl_common: Found RAPL domain core
[   10.217336] mousedev: PS/2 mouse device common for all mice
[   10.219126] usbcore: registered new interface driver cdc_ether
[   10.220328] usbcore: registered new interface driver uas
[   10.302901] usb 4-1.2: reset SuperSpeed USB device number 4 using xhci_hcd
[   10.338482] [drm] reserve 0x400000 from 0xf41f800000 for PSP TMR
[   10.388049] r8152 4-1.2:1.0 eth0: v2.15.0 (2021/04/15)
[   10.388054] r8152 4-1.2:1.0 eth0: This product is covered by one or more of the following patents:
               		US6,570,884, US6,115,776, and US6,327,625.

[   10.388099] usbcore: registered new interface driver r8152
[   10.416761] usbcore: registered new interface driver r8153_ecm
[   10.417172] amdgpu 0000:01:00.0: amdgpu: RAS: optional ras ta ucode is not available
[   10.425178] amdgpu 0000:01:00.0: amdgpu: RAP: optional rap ta ucode is not available
[   10.425184] amdgpu 0000:01:00.0: amdgpu: SECUREDISPLAY: securedisplay ta ucode is not available
[   10.425480] amdgpu 0000:01:00.0: amdgpu: SMU is initialized successfully!
[   10.426901] [drm] kiq ring mec 2 pipe 1 q 0
[   10.428377] [drm] Display Core initialized with v3.2.149!
[   10.428811] [drm] DMUB hardware initialized: version=0x01010019
[   10.430580] r8152 4-1.2:1.0 enp1s0f4u1u2: renamed from eth0
[   10.446930] snd_hda_intel 0000:01:00.1: bound 0000:01:00.0 (ops amdgpu_dm_audio_component_bind_ops [amdgpu])
[   10.541409] [drm] VCN decode and encode initialized successfully(under DPG Mode).
[   10.541428] [drm] JPEG decode initialized successfully.
[   10.543885] kfd kfd: amdgpu: Allocated 3969056 bytes on gart
[   10.568391] urandom_read: 1 callbacks suppressed
[   10.568394] random: NetworkManager: uninitialized urandom read (16 bytes read)
[   10.571762] memmap_init_zone_device initialised 131072 pages in 0ms
[   10.571775] amdgpu: HMM registered 512MB device memory
[   10.571821] amdgpu: SRAT table not found
[   10.571822] amdgpu: Virtual CRAT table created for GPU
[   10.572530] amdgpu: Topology: Add dGPU node [0x1636:0x1002]
[   10.572534] kfd kfd: amdgpu: added device 1002:1636
[   10.572613] amdgpu 0000:01:00.0: amdgpu: SE 1, SH per SE 2, CU per SH 18, active_cu_number 26
[   10.575144] [drm] fb mappable at 0x410CD1000
[   10.575148] [drm] vram apper at 0x410000000
[   10.575149] [drm] size 8294400
[   10.575149] [drm] fb depth is 24
[   10.575150] [drm]    pitch is 7680
[   10.575295] fbcon: amdgpudrmfb (fb0) is primary device
[   10.584916] random: nm-online: uninitialized urandom read (16 bytes read)
[   10.630432] Console: switching to colour frame buffer device 240x67
[   10.649289] amdgpu 0000:01:00.0: [drm] fb0: amdgpudrmfb frame buffer device
[   10.660518] amdgpu 0000:01:00.0: amdgpu: ring gfx uses VM inv eng 0 on hub 0
[   10.660743] amdgpu 0000:01:00.0: amdgpu: ring comp_1.0.0 uses VM inv eng 1 on hub 0
[   10.660746] amdgpu 0000:01:00.0: amdgpu: ring comp_1.1.0 uses VM inv eng 4 on hub 0
[   10.660747] amdgpu 0000:01:00.0: amdgpu: ring comp_1.2.0 uses VM inv eng 5 on hub 0
[   10.660748] amdgpu 0000:01:00.0: amdgpu: ring comp_1.3.0 uses VM inv eng 6 on hub 0
[   10.660749] amdgpu 0000:01:00.0: amdgpu: ring comp_1.0.1 uses VM inv eng 7 on hub 0
[   10.660750] amdgpu 0000:01:00.0: amdgpu: ring comp_1.1.1 uses VM inv eng 8 on hub 0
[   10.660751] amdgpu 0000:01:00.0: amdgpu: ring comp_1.2.1 uses VM inv eng 9 on hub 0
[   10.660752] amdgpu 0000:01:00.0: amdgpu: ring comp_1.3.1 uses VM inv eng 10 on hub 0
[   10.660754] amdgpu 0000:01:00.0: amdgpu: ring kiq_2.1.0 uses VM inv eng 11 on hub 0
[   10.660755] amdgpu 0000:01:00.0: amdgpu: ring sdma0 uses VM inv eng 0 on hub 1
[   10.660756] amdgpu 0000:01:00.0: amdgpu: ring vcn_dec uses VM inv eng 1 on hub 1
[   10.660757] amdgpu 0000:01:00.0: amdgpu: ring vcn_enc0 uses VM inv eng 4 on hub 1
[   10.660758] amdgpu 0000:01:00.0: amdgpu: ring vcn_enc1 uses VM inv eng 5 on hub 1
[   10.660759] amdgpu 0000:01:00.0: amdgpu: ring jpeg_dec uses VM inv eng 6 on hub 1
[   10.663533] [drm] Initialized amdgpu 3.42.0 20150101 for 0000:01:00.0 on minor 0
[   10.695625] random: nm-dispatcher: uninitialized urandom read (16 bytes read)
[   10.883627] random: crng init done
[   10.883630] random: 1 urandom warning(s) missed due to ratelimiting
[   11.198709] scsi 2:0:0:0: Direct-Access     TS-RDF5A Transcend        0004 PQ: 0 ANSI: 6
[   11.200603] sd 2:0:0:0: [sdb] Media removed, stopped polling
[   11.202529] sd 2:0:0:0: [sdb] Attached SCSI removable disk
[   28.300349] usb 3-2: new high-speed USB device number 5 using xhci_hcd
[   28.445183] usb 3-2: New USB device found, idVendor=2357, idProduct=011e, bcdDevice= 2.00
[   28.445194] usb 3-2: New USB device strings: Mfr=1, Product=2, SerialNumber=3
[   28.445197] usb 3-2: Product: 802.11ac WLAN Adapter 
[   28.445200] usb 3-2: Manufacturer: Realtek 
[   28.445202] usb 3-2: SerialNumber: 00e04c000001
[   28.445537] usb 3-2: Device is not authorized for usage
[   45.357217] usb 3-1.2.3: new low-speed USB device number 6 using xhci_hcd
[   45.487904] usb 3-1.2.3: New USB device found, idVendor=1bcf, idProduct=0005, bcdDevice= 0.90
[   45.487915] usb 3-1.2.3: New USB device strings: Mfr=0, Product=2, SerialNumber=0
[   45.487918] usb 3-1.2.3: Product: USB Optical Mouse
[   45.488259] usb 3-1.2.3: Device is not authorized for usage
[   45.538287] usb 3-1.2.3: authorized to connect
[   45.652548] input: USB Optical Mouse as /devices/pci0000:00/0000:00:08.1/0000:01:00.4/usb3/3-1/3-1.2/3-1.2.3/3-1.2.3:1.0/0003:1BCF:0005.0002/input/input14
[   45.652690] hid-generic 0003:1BCF:0005.0002: input,hidraw1: USB HID v1.10 Mouse [USB Optical Mouse] on usb-0000:01:00.4-1.2.3/input0
[   45.652772] usbcore: registered new interface driver usbhid
[   45.652774] usbhid: USB HID core driver
[   71.463681] ucsi_acpi USBC000:00: PPM init failed (-110)
[  101.287236] atkbd serio0: Unknown key pressed (translated set 2, code 0xf6 on isa0060/serio0).
[  101.287250] atkbd serio0: Use 'setkeycodes e076 <keycode>' to make it known.
[  101.736101] atkbd serio0: Unknown key released (translated set 2, code 0xf6 on isa0060/serio0).
[  101.736116] atkbd serio0: Use 'setkeycodes e076 <keycode>' to make it known.
[  109.698347] atkbd serio0: Unknown key pressed (translated set 2, code 0xf6 on isa0060/serio0).
[  109.698362] atkbd serio0: Use 'setkeycodes e076 <keycode>' to make it known.
[  110.349454] atkbd serio0: Unknown key released (translated set 2, code 0xf6 on isa0060/serio0).
[  110.349468] atkbd serio0: Use 'setkeycodes e076 <keycode>' to make it known.
[  123.872330] usb 3-2: authorized to connect
[  123.927336] cfg80211: Loading compiled-in X.509 certificates for regulatory database
[  123.932079] cfg80211: Loaded X.509 cert 'sforshee: 00b28ddf47aef9cea7'
[  123.932411] platform regulatory.0: Direct firmware load for regulatory.db failed with error -2
[  123.932417] cfg80211: failed to load regulatory.db
[  124.414442] usbcore: registered new interface driver rtl8821au
[  124.426221] rtl8821au 3-2:1.0 wlp1s0f4u2: renamed from wlan0
[  125.738020] IPv6: ADDRCONF(NETDEV_CHANGE): wlp1s0f4u2: link becomes ready
[  187.532443] IPv6: ADDRCONF(NETDEV_CHANGE): wlp1s0f4u2: link becomes ready
[  426.663359] systemd[1]: systemd 250-4-arch running in system mode (+PAM +AUDIT -SELINUX -APPARMOR -IMA +SMACK +SECCOMP +GCRYPT +GNUTLS +OPENSSL +ACL +BLKID +CURL +ELFUTILS +FIDO2 +IDN2 -IDN +IPTC +KMOD +LIBCRYPTSETUP +LIBFDISK +PCRE2 -PWQUALITY +P11KIT -QRENCODE +BZIP2 +LZ4 +XZ +ZLIB +ZSTD -BPF_FRAMEWORK +XKBCOMMON +UTMP -SYSVINIT default-hierarchy=unified)
[  426.680764] systemd[1]: Detected architecture x86-64.
[  708.241730] atkbd serio0: Unknown key pressed (translated set 2, code 0xf6 on isa0060/serio0).
[  708.241745] atkbd serio0: Use 'setkeycodes e076 <keycode>' to make it known.
[  708.800198] atkbd serio0: Unknown key released (translated set 2, code 0xf6 on isa0060/serio0).
[  708.800214] atkbd serio0: Use 'setkeycodes e076 <keycode>' to make it known.
[  712.454121] iptables reject: IN=wlp1s0f4u2 OUT= MAC= SRC=192.168.43.44 DST=224.0.0.251 LEN=68 TOS=0x00 PREC=0x00 TTL=1 ID=27574 DF PROTO=UDP SPT=5353 DPT=5353 LEN=48 
[  713.435659] iptables reject: IN=wlp1s0f4u2 OUT= MAC= SRC=192.168.43.44 DST=224.0.0.251 LEN=68 TOS=0x00 PREC=0x00 TTL=1 ID=27795 DF PROTO=UDP SPT=5353 DPT=5353 LEN=48 
[  715.436745] iptables reject: IN=wlp1s0f4u2 OUT= MAC= SRC=192.168.43.44 DST=224.0.0.251 LEN=68 TOS=0x00 PREC=0x00 TTL=1 ID=28095 DF PROTO=UDP SPT=5353 DPT=5353 LEN=48 
[  716.657522] iptables deny: IN=wlp1s0f4u2 OUT= MAC=d0:37:45:ad:03:76:d4:72:26:6c:e6:67:08:00 SRC=212.102.33.115 DST=192.168.43.44 LEN=52 TOS=0x04 PREC=0x00 TTL=56 ID=13811 DF PROTO=TCP SPT=89 DPT=60906 WINDOW=131 RES=0x00 ACK URGP=0 
[  716.657534] iptables deny: IN=wlp1s0f4u2 OUT= MAC=d0:37:45:ad:03:76:d4:72:26:6c:e6:67:08:00 SRC=212.102.33.115 DST=192.168.43.44 LEN=151 TOS=0x04 PREC=0x00 TTL=56 ID=13812 DF PROTO=TCP SPT=89 DPT=60906 WINDOW=131 RES=0x00 ACK PSH URGP=0 
[  716.673673] iptables deny: IN=wlp1s0f4u2 OUT= MAC=d0:37:45:ad:03:76:d4:72:26:6c:e6:67:08:00 SRC=212.102.33.115 DST=192.168.43.44 LEN=52 TOS=0x04 PREC=0x00 TTL=56 ID=25378 DF PROTO=TCP SPT=89 DPT=60914 WINDOW=131 RES=0x00 ACK URGP=0 
[  716.673684] iptables deny: IN=wlp1s0f4u2 OUT= MAC=d0:37:45:ad:03:76:d4:72:26:6c:e6:67:08:00 SRC=212.102.33.115 DST=192.168.43.44 LEN=151 TOS=0x04 PREC=0x00 TTL=56 ID=25379 DF PROTO=TCP SPT=89 DPT=60914 WINDOW=131 RES=0x00 ACK PSH URGP=0 
[  718.275727] iptables deny: IN=wlp1s0f4u2 OUT= MAC=d0:37:45:ad:03:76:d4:72:26:6c:e6:67:08:00 SRC=212.102.33.115 DST=192.168.43.44 LEN=595 TOS=0x04 PREC=0x00 TTL=56 ID=13828 DF PROTO=TCP SPT=89 DPT=60906 WINDOW=140 RES=0x00 ACK PSH URGP=0 
[  718.292338] iptables deny: IN=wlp1s0f4u2 OUT= MAC=d0:37:45:ad:03:76:d4:72:26:6c:e6:67:08:00 SRC=212.102.33.115 DST=192.168.43.44 LEN=52 TOS=0x04 PREC=0x00 TTL=56 ID=25395 DF PROTO=TCP SPT=89 DPT=60914 WINDOW=139 RES=0x00 ACK URGP=0 
[  718.292348] iptables deny: IN=wlp1s0f4u2 OUT= MAC=d0:37:45:ad:03:76:d4:72:26:6c:e6:67:08:00 SRC=212.102.33.115 DST=192.168.43.44 LEN=682 TOS=0x04 PREC=0x00 TTL=56 ID=25396 DF PROTO=TCP SPT=89 DPT=60914 WINDOW=142 RES=0x00 ACK PSH URGP=0 
[  718.292869] iptables deny: IN=wlp1s0f4u2 OUT= MAC=d0:37:45:ad:03:76:d4:72:26:6c:e6:67:08:00 SRC=212.102.33.115 DST=192.168.43.44 LEN=105 TOS=0x04 PREC=0x00 TTL=56 ID=25397 DF PROTO=TCP SPT=89 DPT=60914 WINDOW=142 RES=0x00 ACK PSH URGP=0 
[  718.309578] iptables deny: IN=wlp1s0f4u2 OUT= MAC=d0:37:45:ad:03:76:d4:72:26:6c:e6:67:08:00 SRC=212.102.33.115 DST=192.168.43.44 LEN=872 TOS=0x04 PREC=0x00 TTL=56 ID=25398 DF PROTO=TCP SPT=89 DPT=60914 WINDOW=142 RES=0x00 ACK PSH URGP=0 
[  718.311751] iptables deny: IN=wlp1s0f4u2 OUT= MAC=d0:37:45:ad:03:76:d4:72:26:6c:e6:67:08:00 SRC=212.102.33.115 DST=192.168.43.44 LEN=166 TOS=0x04 PREC=0x00 TTL=56 ID=25399 DF PROTO=TCP SPT=89 DPT=60914 WINDOW=142 RES=0x00 ACK PSH URGP=0 
[  718.327520] iptables deny: IN=wlp1s0f4u2 OUT= MAC=d0:37:45:ad:03:76:d4:72:26:6c:e6:67:08:00 SRC=212.102.33.115 DST=192.168.43.44 LEN=52 TOS=0x04 PREC=0x00 TTL=56 ID=13829 DF PROTO=TCP SPT=89 DPT=60906 WINDOW=143 RES=0x00 ACK URGP=0 
[  718.327566] iptables deny: IN=wlp1s0f4u2 OUT= MAC=d0:37:45:ad:03:76:d4:72:26:6c:e6:67:08:00 SRC=212.102.33.115 DST=192.168.43.44 LEN=423 TOS=0x04 PREC=0x00 TTL=56 ID=13830 DF PROTO=TCP SPT=89 DPT=60906 WINDOW=143 RES=0x00 ACK PSH URGP=0 
[  718.328351] iptables deny: IN=wlp1s0f4u2 OUT= MAC=d0:37:45:ad:03:76:d4:72:26:6c:e6:67:08:00 SRC=212.102.33.115 DST=192.168.43.44 LEN=105 TOS=0x04 PREC=0x00 TTL=56 ID=13831 DF PROTO=TCP SPT=89 DPT=60906 WINDOW=143 RES=0x00 ACK PSH URGP=0 
[  718.981221] iptables deny: IN=wlp1s0f4u2 OUT= MAC=d0:37:45:ad:03:76:d4:72:26:6c:e6:67:08:00 SRC=212.102.33.115 DST=192.168.43.44 LEN=64 TOS=0x04 PREC=0x00 TTL=56 ID=25400 DF PROTO=TCP SPT=89 DPT=60914 WINDOW=142 RES=0x00 ACK URGP=0 
[  719.001366] iptables deny: IN=wlp1s0f4u2 OUT= MAC=d0:37:45:ad:03:76:d4:72:26:6c:e6:67:08:00 SRC=212.102.33.115 DST=192.168.43.44 LEN=166 TOS=0x04 PREC=0x00 TTL=56 ID=25401 DF PROTO=TCP SPT=89 DPT=60914 WINDOW=142 RES=0x00 ACK PSH URGP=0 
[  719.082440] iptables deny: IN=wlp1s0f4u2 OUT= MAC=d0:37:45:ad:03:76:d4:72:26:6c:e6:67:08:00 SRC=212.102.33.115 DST=192.168.43.44 LEN=105 TOS=0x04 PREC=0x00 TTL=56 ID=13832 DF PROTO=TCP SPT=89 DPT=60906 WINDOW=143 RES=0x00 ACK PSH URGP=0 
[  719.332324] iptables deny: IN=wlp1s0f4u2 OUT= MAC=d0:37:45:ad:03:76:d4:72:26:6c:e6:67:08:00 SRC=212.102.33.115 DST=192.168.43.44 LEN=64 TOS=0x04 PREC=0x00 TTL=56 ID=13833 DF PROTO=TCP SPT=89 DPT=60906 WINDOW=143 RES=0x00 ACK URGP=0 
[  730.127137] New not syn:IN= OUT=wlp1s0f4u2 SRC=192.168.43.44 DST=212.102.33.115 LEN=569 TOS=0x00 PREC=0x00 TTL=64 ID=18169 DF PROTO=TCP SPT=60928 DPT=89 WINDOW=502 RES=0x00 ACK PSH URGP=0 
[  730.984129] New not syn:IN= OUT=wlp1s0f4u2 SRC=192.168.43.44 DST=212.102.33.115 LEN=569 TOS=0x00 PREC=0x00 TTL=64 ID=60403 DF PROTO=TCP SPT=60926 DPT=89 WINDOW=502 RES=0x00 ACK PSH URGP=0 
[  732.690507] New not syn:IN= OUT=wlp1s0f4u2 SRC=192.168.43.44 DST=212.102.33.115 LEN=569 TOS=0x00 PREC=0x00 TTL=64 ID=26797 DF PROTO=TCP SPT=60916 DPT=89 WINDOW=502 RES=0x00 ACK PSH URGP=0 
[  733.540780] New not syn:IN= OUT=wlp1s0f4u2 SRC=192.168.43.44 DST=212.102.33.115 LEN=627 TOS=0x00 PREC=0x00 TTL=64 ID=12745 DF PROTO=TCP SPT=60908 DPT=89 WINDOW=502 RES=0x00 ACK PSH URGP=0 
[  735.460398] New not syn:IN= OUT=wlp1s0f4u2 SRC=192.168.43.44 DST=212.102.33.115 LEN=569 TOS=0x00 PREC=0x00 TTL=64 ID=23402 DF PROTO=TCP SPT=60934 DPT=89 WINDOW=502 RES=0x00 ACK PSH URGP=0 
[  743.780695] New not syn:IN= OUT=wlp1s0f4u2 SRC=192.168.43.44 DST=212.102.33.115 LEN=569 TOS=0x00 PREC=0x00 TTL=64 ID=18170 DF PROTO=TCP SPT=60928 DPT=89 WINDOW=502 RES=0x00 ACK PSH URGP=0 
[  745.487628] New not syn:IN= OUT=wlp1s0f4u2 SRC=192.168.43.44 DST=212.102.33.115 LEN=569 TOS=0x00 PREC=0x00 TTL=64 ID=60404 DF PROTO=TCP SPT=60926 DPT=89 WINDOW=502 RES=0x00 ACK PSH URGP=0 
[  765.113928] New not syn:IN= OUT=wlp1s0f4u2 SRC=192.168.43.44 DST=212.102.33.115 LEN=52 TOS=0x00 PREC=0x00 TTL=64 ID=10899 DF PROTO=TCP SPT=60906 DPT=89 WINDOW=501 RES=0x00 ACK URGP=0 
[  765.114165] New not syn:IN= OUT=wlp1s0f4u2 SRC=192.168.43.44 DST=212.102.33.115 LEN=52 TOS=0x00 PREC=0x00 TTL=64 ID=31882 DF PROTO=TCP SPT=60914 DPT=89 WINDOW=501 RES=0x00 ACK URGP=0 
[  779.985659] iptables deny: IN=wlp1s0f4u2 OUT= MAC=d0:37:45:ad:03:76:d4:72:26:6c:e6:67:08:00 SRC=212.102.33.115 DST=192.168.43.44 LEN=52 TOS=0x04 PREC=0x00 TTL=56 ID=13837 DF PROTO=TCP SPT=89 DPT=60906 WINDOW=143 RES=0x00 ACK FIN URGP=0 
[  780.059700] iptables deny: IN=wlp1s0f4u2 OUT= MAC=d0:37:45:ad:03:76:d4:72:26:6c:e6:67:08:00 SRC=212.102.33.115 DST=192.168.43.44 LEN=52 TOS=0x04 PREC=0x00 TTL=56 ID=25406 DF PROTO=TCP SPT=89 DPT=60914 WINDOW=142 RES=0x00 ACK FIN URGP=0 
[  780.665302] iptables deny: IN=wlp1s0f4u2 OUT= MAC=d0:37:45:ad:03:76:d4:72:26:6c:e6:67:08:00 SRC=212.102.33.115 DST=192.168.43.44 LEN=52 TOS=0x04 PREC=0x00 TTL=56 ID=13838 DF PROTO=TCP SPT=89 DPT=60906 WINDOW=143 RES=0x00 ACK FIN URGP=0 
[  780.745500] iptables deny: IN=wlp1s0f4u2 OUT= MAC=d0:37:45:ad:03:76:d4:72:26:6c:e6:67:08:00 SRC=212.102.33.115 DST=192.168.43.44 LEN=52 TOS=0x04 PREC=0x00 TTL=56 ID=25407 DF PROTO=TCP SPT=89 DPT=60914 WINDOW=142 RES=0x00 ACK FIN URGP=0 
[  781.545458] iptables deny: IN=wlp1s0f4u2 OUT= MAC=d0:37:45:ad:03:76:d4:72:26:6c:e6:67:08:00 SRC=212.102.33.115 DST=192.168.43.44 LEN=52 TOS=0x04 PREC=0x00 TTL=56 ID=13839 DF PROTO=TCP SPT=89 DPT=60906 WINDOW=143 RES=0x00 ACK FIN URGP=0 
[  781.599322] iptables deny: IN=wlp1s0f4u2 OUT= MAC=d0:37:45:ad:03:76:d4:72:26:6c:e6:67:08:00 SRC=212.102.33.115 DST=192.168.43.44 LEN=52 TOS=0x04 PREC=0x00 TTL=56 ID=25408 DF PROTO=TCP SPT=89 DPT=60914 WINDOW=142 RES=0x00 ACK FIN URGP=0 
[  783.275564] iptables deny: IN=wlp1s0f4u2 OUT= MAC=d0:37:45:ad:03:76:d4:72:26:6c:e6:67:08:00 SRC=212.102.33.115 DST=192.168.43.44 LEN=52 TOS=0x04 PREC=0x00 TTL=56 ID=13840 DF PROTO=TCP SPT=89 DPT=60906 WINDOW=143 RES=0x00 ACK FIN URGP=0 
[  783.296242] iptables deny: IN=wlp1s0f4u2 OUT= MAC=d0:37:45:ad:03:76:d4:72:26:6c:e6:67:08:00 SRC=212.102.33.115 DST=192.168.43.44 LEN=52 TOS=0x04 PREC=0x00 TTL=56 ID=25409 DF PROTO=TCP SPT=89 DPT=60914 WINDOW=142 RES=0x00 ACK FIN URGP=0 
[  786.785726] iptables deny: IN=wlp1s0f4u2 OUT= MAC=d0:37:45:ad:03:76:d4:72:26:6c:e6:67:08:00 SRC=212.102.33.115 DST=192.168.43.44 LEN=52 TOS=0x04 PREC=0x00 TTL=56 ID=25410 DF PROTO=TCP SPT=89 DPT=60914 WINDOW=142 RES=0x00 ACK FIN URGP=0 
[  786.785792] iptables deny: IN=wlp1s0f4u2 OUT= MAC=d0:37:45:ad:03:76:d4:72:26:6c:e6:67:08:00 SRC=212.102.33.115 DST=192.168.43.44 LEN=52 TOS=0x04 PREC=0x00 TTL=56 ID=13841 DF PROTO=TCP SPT=89 DPT=60906 WINDOW=143 RES=0x00 ACK FIN URGP=0 
[  793.689941] iptables deny: IN=wlp1s0f4u2 OUT= MAC=d0:37:45:ad:03:76:d4:72:26:6c:e6:67:08:00 SRC=212.102.33.115 DST=192.168.43.44 LEN=52 TOS=0x04 PREC=0x00 TTL=56 ID=13842 DF PROTO=TCP SPT=89 DPT=60906 WINDOW=143 RES=0x00 ACK FIN URGP=0 
[  793.689971] iptables deny: IN=wlp1s0f4u2 OUT= MAC=d0:37:45:ad:03:76:d4:72:26:6c:e6:67:08:00 SRC=212.102.33.115 DST=192.168.43.44 LEN=52 TOS=0x04 PREC=0x00 TTL=56 ID=25411 DF PROTO=TCP SPT=89 DPT=60914 WINDOW=142 RES=0x00 ACK FIN URGP=0 
[  807.249967] iptables deny: IN=wlp1s0f4u2 OUT= MAC=d0:37:45:ad:03:76:d4:72:26:6c:e6:67:08:00 SRC=212.102.33.115 DST=192.168.43.44 LEN=52 TOS=0x04 PREC=0x00 TTL=56 ID=25412 DF PROTO=TCP SPT=89 DPT=60914 WINDOW=142 RES=0x00 ACK FIN URGP=0 
[  807.545808] iptables deny: IN=wlp1s0f4u2 OUT= MAC=d0:37:45:ad:03:76:d4:72:26:6c:e6:67:08:00 SRC=212.102.33.115 DST=192.168.43.44 LEN=52 TOS=0x04 PREC=0x00 TTL=56 ID=13843 DF PROTO=TCP SPT=89 DPT=60906 WINDOW=143 RES=0x00 ACK FIN URGP=0 
[  810.341162] New not syn:IN= OUT=wlp1s0f4u2 SRC=192.168.43.44 DST=212.102.33.115 LEN=52 TOS=0x00 PREC=0x00 TTL=64 ID=31883 DF PROTO=TCP SPT=60914 DPT=89 WINDOW=501 RES=0x00 ACK URGP=0 
[  810.341372] New not syn:IN= OUT=wlp1s0f4u2 SRC=192.168.43.44 DST=212.102.33.115 LEN=52 TOS=0x00 PREC=0x00 TTL=64 ID=10900 DF PROTO=TCP SPT=60906 DPT=89 WINDOW=501 RES=0x00 ACK URGP=0 
[  836.115802] iptables deny: IN=wlp1s0f4u2 OUT= MAC=d0:37:45:ad:03:76:d4:72:26:6c:e6:67:08:00 SRC=212.102.33.115 DST=192.168.43.44 LEN=52 TOS=0x04 PREC=0x00 TTL=56 ID=13844 DF PROTO=TCP SPT=89 DPT=60906 WINDOW=143 RES=0x00 ACK FIN URGP=0 
[  836.115827] iptables deny: IN=wlp1s0f4u2 OUT= MAC=d0:37:45:ad:03:76:d4:72:26:6c:e6:67:08:00 SRC=212.102.33.115 DST=192.168.43.44 LEN=52 TOS=0x04 PREC=0x00 TTL=56 ID=25413 DF PROTO=TCP SPT=89 DPT=60914 WINDOW=142 RES=0x00 ACK FIN URGP=0 
[  848.006855] atkbd serio0: Unknown key pressed (translated set 2, code 0xf6 on isa0060/serio0).
[  848.006867] atkbd serio0: Use 'setkeycodes e076 <keycode>' to make it known.
[  848.547528] atkbd serio0: Unknown key released (translated set 2, code 0xf6 on isa0060/serio0).
[  848.547539] atkbd serio0: Use 'setkeycodes e076 <keycode>' to make it known.
[  850.054945] atkbd serio0: Unknown key pressed (translated set 2, code 0xf6 on isa0060/serio0).
[  850.054960] atkbd serio0: Use 'setkeycodes e076 <keycode>' to make it known.
[  850.437502] atkbd serio0: Unknown key released (translated set 2, code 0xf6 on isa0060/serio0).
[  850.437517] atkbd serio0: Use 'setkeycodes e076 <keycode>' to make it known.
[  853.761536] atkbd serio0: Unknown key pressed (translated set 2, code 0xf6 on isa0060/serio0).
[  853.761551] atkbd serio0: Use 'setkeycodes e076 <keycode>' to make it known.
[  854.235302] atkbd serio0: Unknown key released (translated set 2, code 0xf6 on isa0060/serio0).
[  854.235318] atkbd serio0: Use 'setkeycodes e076 <keycode>' to make it known.
[  856.256723] atkbd serio0: Unknown key pressed (translated set 2, code 0xf6 on isa0060/serio0).
[  856.256738] atkbd serio0: Use 'setkeycodes e076 <keycode>' to make it known.
[  856.421341] New not syn:IN= OUT=wlp1s0f4u2 SRC=192.168.43.44 DST=212.102.33.115 LEN=52 TOS=0x00 PREC=0x00 TTL=64 ID=10901 DF PROTO=TCP SPT=60906 DPT=89 WINDOW=501 RES=0x00 ACK URGP=0 
[  856.421539] New not syn:IN= OUT=wlp1s0f4u2 SRC=192.168.43.44 DST=212.102.33.115 LEN=52 TOS=0x00 PREC=0x00 TTL=64 ID=31884 DF PROTO=TCP SPT=60914 DPT=89 WINDOW=501 RES=0x00 ACK URGP=0 
[  856.608020] atkbd serio0: Unknown key released (translated set 2, code 0xf6 on isa0060/serio0).
[  856.608031] atkbd serio0: Use 'setkeycodes e076 <keycode>' to make it known.
[  864.102747] atkbd serio0: Unknown key pressed (translated set 2, code 0xf6 on isa0060/serio0).
[  864.102763] atkbd serio0: Use 'setkeycodes e076 <keycode>' to make it known.
[  864.367326] atkbd serio0: Unknown key released (translated set 2, code 0xf6 on isa0060/serio0).
[  864.367337] atkbd serio0: Use 'setkeycodes e076 <keycode>' to make it known.
[  864.631351] atkbd serio0: Unknown key pressed (translated set 2, code 0xf6 on isa0060/serio0).
[  864.631363] atkbd serio0: Use 'setkeycodes e076 <keycode>' to make it known.
[  864.889876] atkbd serio0: Unknown key released (translated set 2, code 0xf6 on isa0060/serio0).
[  864.889891] atkbd serio0: Use 'setkeycodes e076 <keycode>' to make it known.
[  866.503822] atkbd serio0: Unknown key pressed (translated set 2, code 0xf6 on isa0060/serio0).
[  866.503831] atkbd serio0: Use 'setkeycodes e076 <keycode>' to make it known.
[  866.842967] atkbd serio0: Unknown key released (translated set 2, code 0xf6 on isa0060/serio0).
[  866.842982] atkbd serio0: Use 'setkeycodes e076 <keycode>' to make it known.
[  902.500535] New not syn:IN= OUT=wlp1s0f4u2 SRC=192.168.43.44 DST=212.102.33.115 LEN=52 TOS=0x00 PREC=0x00 TTL=64 ID=31885 DF PROTO=TCP SPT=60914 DPT=89 WINDOW=501 RES=0x00 ACK URGP=0 
[  902.500653] New not syn:IN= OUT=wlp1s0f4u2 SRC=192.168.43.44 DST=212.102.33.115 LEN=52 TOS=0x00 PREC=0x00 TTL=64 ID=10902 DF PROTO=TCP SPT=60906 DPT=89 WINDOW=501 RES=0x00 ACK URGP=0 
[  926.855323] atkbd serio0: Unknown key pressed (translated set 2, code 0xf6 on isa0060/serio0).
[  926.855337] atkbd serio0: Use 'setkeycodes e076 <keycode>' to make it known.
[  927.407051] atkbd serio0: Unknown key released (translated set 2, code 0xf6 on isa0060/serio0).
[  927.407064] atkbd serio0: Use 'setkeycodes e076 <keycode>' to make it known.
