[    0.000000] Linux version 5.15.11-arch2-1 (linux@archlinux) (gcc (GCC) 11.1.0, GNU ld (GNU Binutils) 2.36.1) #1 SMP PREEMPT Wed, 22 Dec 2021 09:23:54 +0000
[    0.000000] Command line: BOOT_IMAGE=/boot/vmlinuz-linux root=UUID=a1e2e1f9-dbcb-484e-a242-73d5754f8d98 rw quiet resume=UUID=36238c5a-d1ff-4e5f-986a-4d302098cfd7 loglevel=3 audit=0 lsm=landlock,lockdown,yama,apparmor,bpf l1tf=full,force mds=full,nosmt mitigations=auto,nosmt nosmt=force init_on_alloc=1 init_on_free=1 randomize_kstack_offset=on slab_nomerge pti=on slub_debug=ZF slub_debug=P page_poison=1 mem_encrypt=on vsyscall=nonei nosmt
[    0.000000] x86/fpu: Supporting XSAVE feature 0x001: 'x87 floating point registers'
[    0.000000] x86/fpu: Supporting XSAVE feature 0x002: 'SSE registers'
[    0.000000] x86/fpu: Supporting XSAVE feature 0x004: 'AVX registers'
[    0.000000] x86/fpu: xstate_offset[2]:  576, xstate_sizes[2]:  256
[    0.000000] x86/fpu: Enabled xstate features 0x7, context size is 832 bytes, using 'compacted' format.
[    0.000000] signal: max sigframe size: 1776
[    0.000000] SMT: Force disabled
[    0.000000] Malformed early option 'vsyscall'
[    0.000000] BIOS-provided physical RAM map:
[    0.000000] BIOS-e820: [mem 0x0000000000000000-0x000000000009efff] usable
[    0.000000] BIOS-e820: [mem 0x000000000009f000-0x00000000000bffff] reserved
[    0.000000] BIOS-e820: [mem 0x0000000000100000-0x0000000009afffff] usable
[    0.000000] BIOS-e820: [mem 0x0000000009b00000-0x0000000009dfffff] reserved
[    0.000000] BIOS-e820: [mem 0x0000000009e00000-0x0000000009efffff] usable
[    0.000000] BIOS-e820: [mem 0x0000000009f00000-0x0000000009f0ffff] ACPI NVS
[    0.000000] BIOS-e820: [mem 0x0000000009f10000-0x00000000bab68fff] usable
[    0.000000] BIOS-e820: [mem 0x00000000bab69000-0x00000000bbd68fff] reserved
[    0.000000] BIOS-e820: [mem 0x00000000bbd69000-0x00000000c9f7efff] usable
[    0.000000] BIOS-e820: [mem 0x00000000c9f7f000-0x00000000caf7efff] type 20
[    0.000000] BIOS-e820: [mem 0x00000000caf7f000-0x00000000ccf7efff] reserved
[    0.000000] BIOS-e820: [mem 0x00000000ccf7f000-0x00000000cdf7efff] ACPI NVS
[    0.000000] BIOS-e820: [mem 0x00000000cdf7f000-0x00000000cdffefff] ACPI data
[    0.000000] BIOS-e820: [mem 0x00000000cdfff000-0x00000000cdffffff] usable
[    0.000000] BIOS-e820: [mem 0x00000000ce000000-0x00000000ceffffff] reserved
[    0.000000] BIOS-e820: [mem 0x00000000f8000000-0x00000000fbffffff] reserved
[    0.000000] BIOS-e820: [mem 0x00000000fde00000-0x00000000fdefffff] reserved
[    0.000000] BIOS-e820: [mem 0x00000000fec00000-0x00000000fec00fff] reserved
[    0.000000] BIOS-e820: [mem 0x00000000fec10000-0x00000000fec10fff] reserved
[    0.000000] BIOS-e820: [mem 0x00000000fec20000-0x00000000fec20fff] reserved
[    0.000000] BIOS-e820: [mem 0x00000000fed80000-0x00000000fed80fff] reserved
[    0.000000] BIOS-e820: [mem 0x00000000fee00000-0x00000000fee00fff] reserved
[    0.000000] BIOS-e820: [mem 0x00000000ff000000-0x00000000fff2ffff] reserved
[    0.000000] BIOS-e820: [mem 0x0000000100000000-0x000000040f33ffff] usable
[    0.000000] BIOS-e820: [mem 0x000000040f340000-0x000000042fffffff] reserved
[    0.000000] NX (Execute Disable) protection: active
[    0.000000] efi: EFI v2.70 by INSYDE Corp.
[    0.000000] efi: ACPI=0xcdffe000 ACPI 2.0=0xcdffe014 TPMFinalLog=0xcdf2c000 SMBIOS=0xcb70c000 SMBIOS 3.0=0xcb70a000 ESRT=0xcb70d418 
[    0.000000] SMBIOS 3.2.0 present.
[    0.000000] DMI: TIMI RedmiBook 14 II/TM1951, BIOS RMARN4B0P0909 08/19/2020
[    0.000000] tsc: Fast TSC calibration using PIT
[    0.000000] tsc: Detected 2370.408 MHz processor
[    0.000545] e820: update [mem 0x00000000-0x00000fff] usable ==> reserved
[    0.000547] e820: remove [mem 0x000a0000-0x000fffff] usable
[    0.000552] last_pfn = 0x40f340 max_arch_pfn = 0x400000000
[    0.000730] x86/PAT: Configuration [0-7]: WB  WC  UC- UC  WB  WP  UC- WT  
[    0.000952] last_pfn = 0xce000 max_arch_pfn = 0x400000000
[    0.010308] esrt: Reserving ESRT space from 0x00000000cb70d418 to 0x00000000cb70d450.
[    0.010316] Kernel/User page tables isolation: force enabled on command line.
[    0.010318] Using GB pages for direct mapping
[    0.011078] Secure boot disabled
[    0.011079] RAMDISK: [mem 0x36b19000-0x37583fff]
[    0.011084] ACPI: Early table checksum verification disabled
[    0.011087] ACPI: RSDP 0x00000000CDFFE014 000024 (v02 XMCC  )
[    0.011090] ACPI: XSDT 0x00000000CDFCE188 000134 (v01 XMCC   XMCC1951 00000002      01000013)
[    0.011095] ACPI: FACP 0x00000000CDFEC000 00010C (v05 XMCC   XMCC1951 00000002      01000013)
[    0.011099] ACPI: DSDT 0x00000000CDFDF000 006545 (v01 XMCC   XMCC1951 00000002      01000013)
[    0.011101] ACPI: FACS 0x00000000CDF29000 000040
[    0.011103] ACPI: UEFI 0x00000000CDF7E000 000236 (v01 INSYDE H2O BIOS 00000001 ACPI 00040000)
[    0.011106] ACPI: SSDT 0x00000000CDFF5000 007216 (v02 AMD    AmdTable 00000002 MSFT 04000000)
[    0.011108] ACPI: IVRS 0x00000000CDFF4000 0001A4 (v02 AMD    AmdTable 00000001 AMD  00000000)
[    0.011110] ACPI: SSDT 0x00000000CDFF3000 000228 (v01 AMD    STD3     00000001 INTL 20130117)
[    0.011112] ACPI: SSDT 0x00000000CDFF2000 000D61 (v01 XMCC   XMCC1806 00003000 INTL 20130117)
[    0.011114] ACPI: SSDT 0x00000000CDFF1000 00046D (v01 Insyde TPMACPI  00001000 INTL 20130117)
[    0.011116] ACPI: TPM2 0x00000000CDFF0000 000034 (v04 XMCC   XMCC1951 00000002      01000013)
[    0.011119] ACPI: MSDM 0x00000000CDFEF000 000055 (v03 INSYDE H2O BIOS 00000001 ACPI 00040000)
[    0.011121] ACPI: ASF! 0x00000000CDFEE000 0000A5 (v32 XMCC   XMCC1951 00000002      01000013)
[    0.011123] ACPI: BOOT 0x00000000CDFED000 000028 (v01 XMCC   XMCC1951 00000002      01000013)
[    0.011125] ACPI: HPET 0x00000000CDFEB000 000038 (v01 XMCC   XMCC1951 00000002      01000013)
[    0.011127] ACPI: APIC 0x00000000CDFEA000 000138 (v03 XMCC   XMCC1951 00000002      01000013)
[    0.011129] ACPI: MCFG 0x00000000CDFE9000 00003C (v01 XMCC   XMCC1951 00000002      01000013)
[    0.011131] ACPI: SLIC 0x00000000CDFE8000 000176 (v01 XMCC   XMCC1951 00000002      01000013)
[    0.011133] ACPI: SSDT 0x00000000CDFDE000 000080 (v01 XMCC   XMCC1951 00000002      01000013)
[    0.011135] ACPI: VFCT 0x00000000CDFD0000 00D484 (v01 XMCC   XMCC1951 00000001 AMD  31504F47)
[    0.011137] ACPI: SSDT 0x00000000CDFCF000 0000F8 (v01 XMCC   PcdTabl  00001000 INTL 20130117)
[    0.011140] ACPI: SSDT 0x00000000CDFCC000 001500 (v01 AMD    AmdTable 00000001 AMD  00000001)
[    0.011142] ACPI: CRAT 0x00000000CDFFD000 000BA8 (v01 AMD    AmdTable 00000001 AMD  00000001)
[    0.011144] ACPI: CDIT 0x00000000CDFCB000 000029 (v01 AMD    AmdTable 00000001 AMD  00000001)
[    0.011146] ACPI: SSDT 0x00000000CDFCA000 00028D (v01 AMD    AmdTable 00000001 INTL 20130117)
[    0.011148] ACPI: SSDT 0x00000000CDFC9000 000C78 (v01 AMD    AmdTable 00000001 INTL 20130117)
[    0.011150] ACPI: SSDT 0x00000000CDFC7000 0010A5 (v01 AMD    AmdTable 00000001 INTL 20130117)
[    0.011152] ACPI: SSDT 0x00000000CDFC3000 0030C8 (v01 AMD    AmdTable 00000001 INTL 20130117)
[    0.011154] ACPI: FPDT 0x00000000CDFC2000 000044 (v01 XMCC   XMCC1951 00000002      01000013)
[    0.011156] ACPI: WSMT 0x00000000CDFC0000 000028 (v01 INSYDE H2O BIOS 00000001 ACPI 00040000)
[    0.011158] ACPI: SSDT 0x00000000CDFE7000 00020A (v01 AMD    AmdTable 00000001 INTL 20130117)
[    0.011160] ACPI: SSDT 0x00000000CDFE6000 0005A1 (v01 AMD    AmdTable 00000001 INTL 20130117)
[    0.011162] ACPI: SSDT 0x00000000CDFBF000 000343 (v01 AMD    AmdTable 00000001 INTL 20130117)
[    0.011164] ACPI: SSDT 0x00000000CDFBE000 00007D (v01 AMD    AmdTable 00000001 INTL 20130117)
[    0.011167] ACPI: SSDT 0x00000000CDFBD000 000822 (v01 AMD    AmdTable 00000001 INTL 20130117)
[    0.011169] ACPI: SSDT 0x00000000CDFBC000 000517 (v01 AMD    AmdTable 00000001 INTL 20130117)
[    0.011171] ACPI: BGRT 0x00000000CDFC1000 000038 (v01 INSYDE H2O BIOS 00000001 ACPI 00040000)
[    0.011172] ACPI: Reserving FACP table memory at [mem 0xcdfec000-0xcdfec10b]
[    0.011174] ACPI: Reserving DSDT table memory at [mem 0xcdfdf000-0xcdfe5544]
[    0.011174] ACPI: Reserving FACS table memory at [mem 0xcdf29000-0xcdf2903f]
[    0.011175] ACPI: Reserving UEFI table memory at [mem 0xcdf7e000-0xcdf7e235]
[    0.011176] ACPI: Reserving SSDT table memory at [mem 0xcdff5000-0xcdffc215]
[    0.011176] ACPI: Reserving IVRS table memory at [mem 0xcdff4000-0xcdff41a3]
[    0.011177] ACPI: Reserving SSDT table memory at [mem 0xcdff3000-0xcdff3227]
[    0.011177] ACPI: Reserving SSDT table memory at [mem 0xcdff2000-0xcdff2d60]
[    0.011178] ACPI: Reserving SSDT table memory at [mem 0xcdff1000-0xcdff146c]
[    0.011179] ACPI: Reserving TPM2 table memory at [mem 0xcdff0000-0xcdff0033]
[    0.011179] ACPI: Reserving MSDM table memory at [mem 0xcdfef000-0xcdfef054]
[    0.011180] ACPI: Reserving ASF! table memory at [mem 0xcdfee000-0xcdfee0a4]
[    0.011181] ACPI: Reserving BOOT table memory at [mem 0xcdfed000-0xcdfed027]
[    0.011181] ACPI: Reserving HPET table memory at [mem 0xcdfeb000-0xcdfeb037]
[    0.011182] ACPI: Reserving APIC table memory at [mem 0xcdfea000-0xcdfea137]
[    0.011183] ACPI: Reserving MCFG table memory at [mem 0xcdfe9000-0xcdfe903b]
[    0.011183] ACPI: Reserving SLIC table memory at [mem 0xcdfe8000-0xcdfe8175]
[    0.011184] ACPI: Reserving SSDT table memory at [mem 0xcdfde000-0xcdfde07f]
[    0.011185] ACPI: Reserving VFCT table memory at [mem 0xcdfd0000-0xcdfdd483]
[    0.011185] ACPI: Reserving SSDT table memory at [mem 0xcdfcf000-0xcdfcf0f7]
[    0.011186] ACPI: Reserving SSDT table memory at [mem 0xcdfcc000-0xcdfcd4ff]
[    0.011187] ACPI: Reserving CRAT table memory at [mem 0xcdffd000-0xcdffdba7]
[    0.011187] ACPI: Reserving CDIT table memory at [mem 0xcdfcb000-0xcdfcb028]
[    0.011188] ACPI: Reserving SSDT table memory at [mem 0xcdfca000-0xcdfca28c]
[    0.011189] ACPI: Reserving SSDT table memory at [mem 0xcdfc9000-0xcdfc9c77]
[    0.011189] ACPI: Reserving SSDT table memory at [mem 0xcdfc7000-0xcdfc80a4]
[    0.011190] ACPI: Reserving SSDT table memory at [mem 0xcdfc3000-0xcdfc60c7]
[    0.011191] ACPI: Reserving FPDT table memory at [mem 0xcdfc2000-0xcdfc2043]
[    0.011191] ACPI: Reserving WSMT table memory at [mem 0xcdfc0000-0xcdfc0027]
[    0.011192] ACPI: Reserving SSDT table memory at [mem 0xcdfe7000-0xcdfe7209]
[    0.011193] ACPI: Reserving SSDT table memory at [mem 0xcdfe6000-0xcdfe65a0]
[    0.011194] ACPI: Reserving SSDT table memory at [mem 0xcdfbf000-0xcdfbf342]
[    0.011194] ACPI: Reserving SSDT table memory at [mem 0xcdfbe000-0xcdfbe07c]
[    0.011195] ACPI: Reserving SSDT table memory at [mem 0xcdfbd000-0xcdfbd821]
[    0.011196] ACPI: Reserving SSDT table memory at [mem 0xcdfbc000-0xcdfbc516]
[    0.011196] ACPI: Reserving BGRT table memory at [mem 0xcdfc1000-0xcdfc1037]
[    0.011248] No NUMA configuration found
[    0.011249] Faking a node at [mem 0x0000000000000000-0x000000040f33ffff]
[    0.011252] NODE_DATA(0) allocated [mem 0x40f33c000-0x40f33ffff]
[    0.011280] Zone ranges:
[    0.011280]   DMA      [mem 0x0000000000001000-0x0000000000ffffff]
[    0.011282]   DMA32    [mem 0x0000000001000000-0x00000000ffffffff]
[    0.011283]   Normal   [mem 0x0000000100000000-0x000000040f33ffff]
[    0.011284]   Device   empty
[    0.011285] Movable zone start for each node
[    0.011285] Early memory node ranges
[    0.011286]   node   0: [mem 0x0000000000001000-0x000000000009efff]
[    0.011287]   node   0: [mem 0x0000000000100000-0x0000000009afffff]
[    0.011287]   node   0: [mem 0x0000000009e00000-0x0000000009efffff]
[    0.011288]   node   0: [mem 0x0000000009f10000-0x00000000bab68fff]
[    0.011289]   node   0: [mem 0x00000000bbd69000-0x00000000c9f7efff]
[    0.011290]   node   0: [mem 0x00000000cdfff000-0x00000000cdffffff]
[    0.011290]   node   0: [mem 0x0000000100000000-0x000000040f33ffff]
[    0.011292] Initmem setup node 0 [mem 0x0000000000001000-0x000000040f33ffff]
[    0.011295] On node 0, zone DMA: 1 pages in unavailable ranges
[    0.011311] On node 0, zone DMA: 97 pages in unavailable ranges
[    0.011439] On node 0, zone DMA32: 768 pages in unavailable ranges
[    0.016493] On node 0, zone DMA32: 16 pages in unavailable ranges
[    0.016953] On node 0, zone DMA32: 4608 pages in unavailable ranges
[    0.017105] On node 0, zone DMA32: 16512 pages in unavailable ranges
[    0.039929] On node 0, zone Normal: 8192 pages in unavailable ranges
[    0.039963] On node 0, zone Normal: 3264 pages in unavailable ranges
[    0.040114] ACPI: PM-Timer IO Port: 0x408
[    0.040120] ACPI: LAPIC_NMI (acpi_id[0x00] high edge lint[0x1])
[    0.040121] ACPI: LAPIC_NMI (acpi_id[0x01] high edge lint[0x1])
[    0.040122] ACPI: LAPIC_NMI (acpi_id[0x02] high edge lint[0x1])
[    0.040122] ACPI: LAPIC_NMI (acpi_id[0x03] high edge lint[0x1])
[    0.040123] ACPI: LAPIC_NMI (acpi_id[0x04] high edge lint[0x1])
[    0.040124] ACPI: LAPIC_NMI (acpi_id[0x05] high edge lint[0x1])
[    0.040124] ACPI: LAPIC_NMI (acpi_id[0x06] high edge lint[0x1])
[    0.040125] ACPI: LAPIC_NMI (acpi_id[0x07] high edge lint[0x1])
[    0.040125] ACPI: LAPIC_NMI (acpi_id[0x08] high edge lint[0x1])
[    0.040126] ACPI: LAPIC_NMI (acpi_id[0x09] high edge lint[0x1])
[    0.040126] ACPI: LAPIC_NMI (acpi_id[0x0a] high edge lint[0x1])
[    0.040127] ACPI: LAPIC_NMI (acpi_id[0x0b] high edge lint[0x1])
[    0.040128] ACPI: LAPIC_NMI (acpi_id[0x0c] high edge lint[0x1])
[    0.040128] ACPI: LAPIC_NMI (acpi_id[0x0d] high edge lint[0x1])
[    0.040129] ACPI: LAPIC_NMI (acpi_id[0x0e] high edge lint[0x1])
[    0.040129] ACPI: LAPIC_NMI (acpi_id[0x0f] high edge lint[0x1])
[    0.040143] IOAPIC[0]: apic_id 33, version 33, address 0xfec00000, GSI 0-23
[    0.040147] IOAPIC[1]: apic_id 34, version 33, address 0xfec01000, GSI 24-55
[    0.040149] ACPI: INT_SRC_OVR (bus 0 bus_irq 0 global_irq 2 dfl dfl)
[    0.040151] ACPI: INT_SRC_OVR (bus 0 bus_irq 9 global_irq 9 low level)
[    0.040153] ACPI: Using ACPI (MADT) for SMP configuration information
[    0.040154] ACPI: HPET id: 0x10228210 base: 0xfed00000
[    0.040162] e820: update [mem 0xb327b000-0xb3280fff] usable ==> reserved
[    0.040173] smpboot: Allowing 16 CPUs, 10 hotplug CPUs
[    0.040197] PM: hibernation: Registered nosave memory: [mem 0x00000000-0x00000fff]
[    0.040199] PM: hibernation: Registered nosave memory: [mem 0x0009f000-0x000bffff]
[    0.040199] PM: hibernation: Registered nosave memory: [mem 0x000c0000-0x000fffff]
[    0.040201] PM: hibernation: Registered nosave memory: [mem 0x09b00000-0x09dfffff]
[    0.040202] PM: hibernation: Registered nosave memory: [mem 0x09f00000-0x09f0ffff]
[    0.040204] PM: hibernation: Registered nosave memory: [mem 0xb327b000-0xb3280fff]
[    0.040205] PM: hibernation: Registered nosave memory: [mem 0xbab69000-0xbbd68fff]
[    0.040207] PM: hibernation: Registered nosave memory: [mem 0xc9f7f000-0xcaf7efff]
[    0.040207] PM: hibernation: Registered nosave memory: [mem 0xcaf7f000-0xccf7efff]
[    0.040208] PM: hibernation: Registered nosave memory: [mem 0xccf7f000-0xcdf7efff]
[    0.040208] PM: hibernation: Registered nosave memory: [mem 0xcdf7f000-0xcdffefff]
[    0.040210] PM: hibernation: Registered nosave memory: [mem 0xce000000-0xceffffff]
[    0.040210] PM: hibernation: Registered nosave memory: [mem 0xcf000000-0xf7ffffff]
[    0.040211] PM: hibernation: Registered nosave memory: [mem 0xf8000000-0xfbffffff]
[    0.040211] PM: hibernation: Registered nosave memory: [mem 0xfc000000-0xfddfffff]
[    0.040212] PM: hibernation: Registered nosave memory: [mem 0xfde00000-0xfdefffff]
[    0.040212] PM: hibernation: Registered nosave memory: [mem 0xfdf00000-0xfebfffff]
[    0.040213] PM: hibernation: Registered nosave memory: [mem 0xfec00000-0xfec00fff]
[    0.040213] PM: hibernation: Registered nosave memory: [mem 0xfec01000-0xfec0ffff]
[    0.040214] PM: hibernation: Registered nosave memory: [mem 0xfec10000-0xfec10fff]
[    0.040214] PM: hibernation: Registered nosave memory: [mem 0xfec11000-0xfec1ffff]
[    0.040215] PM: hibernation: Registered nosave memory: [mem 0xfec20000-0xfec20fff]
[    0.040215] PM: hibernation: Registered nosave memory: [mem 0xfec21000-0xfed7ffff]
[    0.040216] PM: hibernation: Registered nosave memory: [mem 0xfed80000-0xfed80fff]
[    0.040216] PM: hibernation: Registered nosave memory: [mem 0xfed81000-0xfedfffff]
[    0.040217] PM: hibernation: Registered nosave memory: [mem 0xfee00000-0xfee00fff]
[    0.040217] PM: hibernation: Registered nosave memory: [mem 0xfee01000-0xfeffffff]
[    0.040218] PM: hibernation: Registered nosave memory: [mem 0xff000000-0xfff2ffff]
[    0.040218] PM: hibernation: Registered nosave memory: [mem 0xfff30000-0xffffffff]
[    0.040220] [mem 0xcf000000-0xf7ffffff] available for PCI devices
[    0.040221] Booting paravirtualized kernel on bare hardware
[    0.040223] clocksource: refined-jiffies: mask: 0xffffffff max_cycles: 0xffffffff, max_idle_ns: 6370452778343963 ns
[    0.043946] setup_percpu: NR_CPUS:320 nr_cpumask_bits:320 nr_cpu_ids:16 nr_node_ids:1
[    0.044548] percpu: Embedded 61 pages/cpu s212992 r8192 d28672 u262144
[    0.044556] pcpu-alloc: s212992 r8192 d28672 u262144 alloc=1*2097152
[    0.044559] pcpu-alloc: [0] 00 01 02 03 04 05 06 07 [0] 08 09 10 11 12 13 14 15 
[    0.044585] Built 1 zonelists, mobility grouping on.  Total pages: 3966649
[    0.044586] Policy zone: Normal
[    0.044588] Kernel command line: BOOT_IMAGE=/boot/vmlinuz-linux root=UUID=a1e2e1f9-dbcb-484e-a242-73d5754f8d98 rw quiet resume=UUID=36238c5a-d1ff-4e5f-986a-4d302098cfd7 loglevel=3 audit=0 lsm=landlock,lockdown,yama,apparmor,bpf l1tf=full,force mds=full,nosmt mitigations=auto,nosmt nosmt=force init_on_alloc=1 init_on_free=1 randomize_kstack_offset=on slab_nomerge pti=on slub_debug=ZF slub_debug=P page_poison=1 mem_encrypt=on vsyscall=nonei nosmt
[    0.044641] audit: disabled (until reboot)
[    0.044731] mem auto-init: SLAB_POISON will take precedence over init_on_alloc/init_on_free
[    0.044763] Unknown kernel command line parameters "BOOT_IMAGE=/boot/vmlinuz-linux pti=on mem_encrypt=on", will be passed to user space.
[    0.046607] Dentry cache hash table entries: 2097152 (order: 12, 16777216 bytes, linear)
[    0.047527] Inode-cache hash table entries: 1048576 (order: 11, 8388608 bytes, linear)
[    0.047587] mem auto-init: CONFIG_PAGE_POISONING is on, will take precedence over init_on_alloc and init_on_free
[    0.047821] mem auto-init: stack:byref_all(zero), heap alloc:off, heap free:off
[    1.736169] Memory: 15522196K/16119096K available (14344K kernel code, 2071K rwdata, 10792K rodata, 1864K init, 3836K bss, 596640K reserved, 0K cma-reserved)
[    1.736175] **********************************************************
[    1.736175] **   NOTICE NOTICE NOTICE NOTICE NOTICE NOTICE NOTICE   **
[    1.736176] **                                                      **
[    1.736176] ** This system shows unhashed kernel memory addresses   **
[    1.736176] ** via the console, logs, and other interfaces. This    **
[    1.736177] ** might reduce the security of your system.            **
[    1.736177] **                                                      **
[    1.736177] ** If you see this message and you are not debugging    **
[    1.736178] ** the kernel, report this immediately to your system   **
[    1.736178] ** administrator!                                       **
[    1.736178] **                                                      **
[    1.736179] **   NOTICE NOTICE NOTICE NOTICE NOTICE NOTICE NOTICE   **
[    1.736179] **********************************************************
[    1.736182] random: get_random_u64 called from __kmem_cache_create+0x2a/0x540 with crng_init=0
[    1.736338] SLUB: HWalign=64, Order=0-3, MinObjects=0, CPUs=16, Nodes=1
[    1.736354] Kernel/User page tables isolation: enabled
[    1.736376] ftrace: allocating 44299 entries in 174 pages
[    1.748560] ftrace: allocated 174 pages with 5 groups
[    1.748710] rcu: Preemptible hierarchical RCU implementation.
[    1.748710] rcu: 	RCU dyntick-idle grace-period acceleration is enabled.
[    1.748711] rcu: 	RCU restricting CPUs from NR_CPUS=320 to nr_cpu_ids=16.
[    1.748712] rcu: 	RCU priority boosting: priority 1 delay 500 ms.
[    1.748712] 	Trampoline variant of Tasks RCU enabled.
[    1.748713] 	Rude variant of Tasks RCU enabled.
[    1.748714] 	Tracing variant of Tasks RCU enabled.
[    1.748714] rcu: RCU calculated value of scheduler-enlistment delay is 30 jiffies.
[    1.748715] rcu: Adjusting geometry for rcu_fanout_leaf=16, nr_cpu_ids=16
[    1.752132] NR_IRQS: 20736, nr_irqs: 1096, preallocated irqs: 16
[    1.752393] kfence: initialized - using 2097152 bytes for 255 objects at 0xffff9614fdc00000-0xffff9614fde00000
[    1.752561] Console: colour dummy device 80x25
[    1.752574] printk: console [tty0] enabled
[    1.752595] ACPI: Core revision 20210730
[    1.752813] clocksource: hpet: mask: 0xffffffff max_cycles: 0xffffffff, max_idle_ns: 133484873504 ns
[    1.752831] APIC: Switch to symmetric I/O mode setup
[    1.753765] AMD-Vi: ivrs, add hid:AMDI0020, uid:\_SB.FUR0, rdevid:160
[    1.753767] AMD-Vi: ivrs, add hid:AMDI0020, uid:\_SB.FUR1, rdevid:160
[    1.753768] AMD-Vi: ivrs, add hid:AMDI0020, uid:\_SB.FUR2, rdevid:160
[    1.753769] AMD-Vi: ivrs, add hid:AMDI0020, uid:\_SB.FUR3, rdevid:160
[    1.754079] Switched APIC routing to physical flat.
[    1.754832] ..TIMER: vector=0x30 apic1=0 pin1=2 apic2=-1 pin2=-1
[    1.769506] clocksource: tsc-early: mask: 0xffffffffffffffff max_cycles: 0x222b04deecc, max_idle_ns: 440795247516 ns
[    1.769514] Calibrating delay loop (skipped), value calculated using timer frequency.. 4742.35 BogoMIPS (lpj=7901360)
[    1.769516] pid_max: default: 32768 minimum: 301
[    1.795167] LSM: Security Framework initializing
[    1.795184] landlock: Up and running.
[    1.795185] Yama: becoming mindful.
[    1.795217] AppArmor: AppArmor initialized
[    1.795220] LSM support for eBPF active
[    1.795267] Mount-cache hash table entries: 32768 (order: 6, 262144 bytes, linear)
[    1.795303] Mountpoint-cache hash table entries: 32768 (order: 6, 262144 bytes, linear)
[    1.795561] x86/cpu: User Mode Instruction Prevention (UMIP) activated
[    1.795597] LVT offset 1 assigned for vector 0xf9
[    1.795658] LVT offset 2 assigned for vector 0xf4
[    1.795675] Last level iTLB entries: 4KB 1024, 2MB 1024, 4MB 512
[    1.795675] Last level dTLB entries: 4KB 2048, 2MB 2048, 4MB 1024, 1GB 0
[    1.795679] Spectre V1 : Mitigation: usercopy/swapgs barriers and __user pointer sanitization
[    1.795682] Spectre V2 : Mitigation: Full AMD retpoline
[    1.795682] Spectre V2 : Spectre v2 / SpectreRSB mitigation: Filling RSB on context switch
[    1.795683] Spectre V2 : Enabling Restricted Speculation for firmware calls
[    1.795684] Spectre V2 : mitigation: Enabling conditional Indirect Branch Prediction Barrier
[    1.795686] Speculative Store Bypass: Mitigation: Speculative Store Bypass disabled via prctl and seccomp
[    1.797848] Freeing SMP alternatives memory: 36K
[    1.907987] smpboot: CPU0: AMD Ryzen 5 4500U with Radeon Graphics (family: 0x17, model: 0x60, stepping: 0x1)
[    1.908152] Performance Events: Fam17h+ core perfctr, AMD PMU driver.
[    1.908158] ... version:                0
[    1.908158] ... bit width:              48
[    1.908159] ... generic registers:      6
[    1.908159] ... value mask:             0000ffffffffffff
[    1.908160] ... max period:             00007fffffffffff
[    1.908160] ... fixed-purpose events:   0
[    1.908161] ... event mask:             000000000000003f
[    1.908226] rcu: Hierarchical SRCU implementation.
[    1.908725] NMI watchdog: Enabled. Permanently consumes one hw-PMU counter.
[    1.908912] smp: Bringing up secondary CPUs ...
[    1.909024] x86: Booting SMP configuration:
[    1.909025] .... node  #0, CPUs:        #1  #2  #3  #4  #5
[    1.919561] smp: Brought up 1 node, 6 CPUs
[    1.919563] smpboot: Max logical packages: 3
[    1.919564] smpboot: Total of 6 processors activated (28456.10 BogoMIPS)
[    1.920411] devtmpfs: initialized
[    1.920411] x86/mm: Memory block size: 128MB
[    1.920694] ACPI: PM: Registering ACPI NVS region [mem 0x09f00000-0x09f0ffff] (65536 bytes)
[    1.920694] ACPI: PM: Registering ACPI NVS region [mem 0xccf7f000-0xcdf7efff] (16777216 bytes)
[    1.920694] clocksource: jiffies: mask: 0xffffffff max_cycles: 0xffffffff, max_idle_ns: 6370867519511994 ns
[    1.920694] futex hash table entries: 4096 (order: 6, 262144 bytes, linear)
[    1.922888] pinctrl core: initialized pinctrl subsystem
[    1.923003] PM: RTC time: 13:30:16, date: 2021-12-26
[    1.923229] NET: Registered PF_NETLINK/PF_ROUTE protocol family
[    1.923603] DMA: preallocated 2048 KiB GFP_KERNEL pool for atomic allocations
[    1.923854] DMA: preallocated 2048 KiB GFP_KERNEL|GFP_DMA pool for atomic allocations
[    1.924070] DMA: preallocated 2048 KiB GFP_KERNEL|GFP_DMA32 pool for atomic allocations
[    1.924223] thermal_sys: Registered thermal governor 'fair_share'
[    1.924224] thermal_sys: Registered thermal governor 'bang_bang'
[    1.924224] thermal_sys: Registered thermal governor 'step_wise'
[    1.924225] thermal_sys: Registered thermal governor 'user_space'
[    1.924225] thermal_sys: Registered thermal governor 'power_allocator'
[    1.924244] cpuidle: using governor ladder
[    1.924247] cpuidle: using governor menu
[    1.924274] Simple Boot Flag at 0x44 set to 0x1
[    1.924274] HugeTLB: can free 4094 vmemmap pages for hugepages-1048576kB
[    1.924274] ACPI: bus type PCI registered
[    1.924274] acpiphp: ACPI Hot Plug PCI Controller Driver version: 0.5
[    1.924274] PCI: MMCONFIG for domain 0000 [bus 00-3f] at [mem 0xf8000000-0xfbffffff] (base 0xf8000000)
[    1.924274] PCI: MMCONFIG at [mem 0xf8000000-0xfbffffff] reserved in E820
[    1.924274] PCI: Using configuration type 1 for base access
[    1.926359] Kprobes globally optimized
[    1.926363] HugeTLB: can free 6 vmemmap pages for hugepages-2048kB
[    1.926363] HugeTLB registered 1.00 GiB page size, pre-allocated 0 pages
[    1.926363] HugeTLB registered 2.00 MiB page size, pre-allocated 0 pages
[    1.929625] ACPI: Added _OSI(Module Device)
[    1.929626] ACPI: Added _OSI(Processor Device)
[    1.929626] ACPI: Added _OSI(3.0 _SCP Extensions)
[    1.929627] ACPI: Added _OSI(Processor Aggregator Device)
[    1.929628] ACPI: Added _OSI(Linux-Dell-Video)
[    1.929629] ACPI: Added _OSI(Linux-Lenovo-NV-HDMI-Audio)
[    1.929630] ACPI: Added _OSI(Linux-HPI-Hybrid-Graphics)
[    1.947978] ACPI: 18 ACPI AML tables successfully acquired and loaded
[    1.949634] ACPI: [Firmware Bug]: BIOS _OSI(Linux) query ignored
[    1.952859] ACPI: EC: EC started
[    1.952860] ACPI: EC: interrupt blocked
[    1.954990] ACPI: EC: EC_CMD/EC_SC=0x66, EC_DATA=0x62
[    1.954992] ACPI: \_SB_.PCI0.LPC0.EC0_: Boot DSDT EC used to handle transactions
[    1.954993] ACPI: Interpreter enabled
[    1.955009] ACPI: PM: (supports S0 S4 S5)
[    1.955010] ACPI: Using IOAPIC for interrupt routing
[    1.955227] PCI: Using host bridge windows from ACPI; if necessary, use "pci=nocrs" and report a bug
[    1.958440] ACPI: PM: Power Resource [P0U0]
[    1.958472] ACPI: PM: Power Resource [P3U0]
[    1.959255] ACPI: PM: Power Resource [P0U1]
[    1.959287] ACPI: PM: Power Resource [P3U1]
[    1.960056] ACPI: PM: Power Resource [P0S0]
[    1.960086] ACPI: PM: Power Resource [P3S0]
[    1.960252] ACPI: PM: Power Resource [P0S1]
[    1.960280] ACPI: PM: Power Resource [P3S1]
[    1.966531] ACPI: PCI Root Bridge [PCI0] (domain 0000 [bus 00-ff])
[    1.966537] acpi PNP0A08:00: _OSC: OS supports [ExtendedConfig ASPM ClockPM Segments MSI EDR HPX-Type3]
[    1.966781] acpi PNP0A08:00: _OSC: platform does not support [SHPCHotplug LTR DPC]
[    1.967009] acpi PNP0A08:00: _OSC: OS now controls [PCIeHotplug PME AER PCIeCapability]
[    1.967020] acpi PNP0A08:00: [Firmware Info]: MMCONFIG for domain 0000 [bus 00-3f] only partially covers this bridge
[    1.967380] PCI host bridge to bus 0000:00
[    1.967382] pci_bus 0000:00: root bus resource [io  0x0000-0x0cf7 window]
[    1.967384] pci_bus 0000:00: root bus resource [io  0x0d00-0xffff window]
[    1.967385] pci_bus 0000:00: root bus resource [mem 0x000a0000-0x000bffff window]
[    1.967386] pci_bus 0000:00: root bus resource [mem 0x000c0000-0x000c3fff window]
[    1.967387] pci_bus 0000:00: root bus resource [mem 0x000c4000-0x000c7fff window]
[    1.967388] pci_bus 0000:00: root bus resource [mem 0x000c8000-0x000cbfff window]
[    1.967389] pci_bus 0000:00: root bus resource [mem 0x000cc000-0x000cffff window]
[    1.967390] pci_bus 0000:00: root bus resource [mem 0x000d0000-0x000d3fff window]
[    1.967391] pci_bus 0000:00: root bus resource [mem 0x000d4000-0x000d7fff window]
[    1.967392] pci_bus 0000:00: root bus resource [mem 0x000d8000-0x000dbfff window]
[    1.967393] pci_bus 0000:00: root bus resource [mem 0x000dc000-0x000dffff window]
[    1.967394] pci_bus 0000:00: root bus resource [mem 0x000e0000-0x000e3fff window]
[    1.967395] pci_bus 0000:00: root bus resource [mem 0x000e4000-0x000e7fff window]
[    1.967396] pci_bus 0000:00: root bus resource [mem 0x000e8000-0x000ebfff window]
[    1.967397] pci_bus 0000:00: root bus resource [mem 0x000ec000-0x000effff window]
[    1.967398] pci_bus 0000:00: root bus resource [mem 0xd0000000-0xf7ffffff window]
[    1.967399] pci_bus 0000:00: root bus resource [mem 0xfc000000-0xfed3ffff window]
[    1.967400] pci_bus 0000:00: root bus resource [mem 0x450200000-0xfcffffffff window]
[    1.967401] pci_bus 0000:00: root bus resource [bus 00-ff]
[    1.967437] pci 0000:00:00.0: [1022:1630] type 00 class 0x060000
[    1.967552] pci 0000:00:00.2: [1022:1631] type 00 class 0x080600
[    1.967679] pci 0000:00:01.0: [1022:1632] type 00 class 0x060000
[    1.967779] pci 0000:00:02.0: [1022:1632] type 00 class 0x060000
[    1.967883] pci 0000:00:08.0: [1022:1632] type 00 class 0x060000
[    1.968004] pci 0000:00:08.1: [1022:1635] type 01 class 0x060400
[    1.968024] pci 0000:00:08.1: enabling Extended Tags
[    1.968053] pci 0000:00:08.1: PME# supported from D0 D3hot D3cold
[    1.968203] pci 0000:00:08.2: [1022:1635] type 01 class 0x060400
[    1.968222] pci 0000:00:08.2: enabling Extended Tags
[    1.968251] pci 0000:00:08.2: PME# supported from D0 D3hot D3cold
[    1.968396] pci 0000:00:14.0: [1022:790b] type 00 class 0x0c0500
[    1.968567] pci 0000:00:14.3: [1022:790e] type 00 class 0x060100
[    1.968723] pci 0000:00:18.0: [1022:1448] type 00 class 0x060000
[    1.968801] pci 0000:00:18.1: [1022:1449] type 00 class 0x060000
[    1.968875] pci 0000:00:18.2: [1022:144a] type 00 class 0x060000
[    1.968950] pci 0000:00:18.3: [1022:144b] type 00 class 0x060000
[    1.969023] pci 0000:00:18.4: [1022:144c] type 00 class 0x060000
[    1.969102] pci 0000:00:18.5: [1022:144d] type 00 class 0x060000
[    1.969175] pci 0000:00:18.6: [1022:144e] type 00 class 0x060000
[    1.969248] pci 0000:00:18.7: [1022:144f] type 00 class 0x060000
[    1.969419] pci 0000:01:00.0: [1002:1636] type 00 class 0x030000
[    1.969429] pci 0000:01:00.0: reg 0x10: [mem 0xfce0000000-0xfcefffffff 64bit pref]
[    1.969437] pci 0000:01:00.0: reg 0x18: [mem 0xfcf0000000-0xfcf01fffff 64bit pref]
[    1.969442] pci 0000:01:00.0: reg 0x20: [io  0x1000-0x10ff]
[    1.969446] pci 0000:01:00.0: reg 0x24: [mem 0xd0400000-0xd047ffff]
[    1.969454] pci 0000:01:00.0: enabling Extended Tags
[    1.969466] pci 0000:01:00.0: BAR 0: assigned to efifb
[    1.969501] pci 0000:01:00.0: PME# supported from D1 D2 D3hot D3cold
[    1.969640] pci 0000:01:00.1: [1002:1637] type 00 class 0x040300
[    1.969648] pci 0000:01:00.1: reg 0x10: [mem 0xd04c8000-0xd04cbfff]
[    1.969667] pci 0000:01:00.1: enabling Extended Tags
[    1.969695] pci 0000:01:00.1: PME# supported from D1 D2 D3hot D3cold
[    1.969790] pci 0000:01:00.2: [1022:15df] type 00 class 0x108000
[    1.969802] pci 0000:01:00.2: reg 0x18: [mem 0xd0300000-0xd03fffff]
[    1.969811] pci 0000:01:00.2: reg 0x24: [mem 0xd04cc000-0xd04cdfff]
[    1.969817] pci 0000:01:00.2: enabling Extended Tags
[    1.969936] pci 0000:01:00.3: [1022:1639] type 00 class 0x0c0330
[    1.969946] pci 0000:01:00.3: reg 0x10: [mem 0xd0100000-0xd01fffff 64bit]
[    1.969968] pci 0000:01:00.3: enabling Extended Tags
[    1.969998] pci 0000:01:00.3: PME# supported from D0 D3hot D3cold
[    1.970097] pci 0000:01:00.4: [1022:1639] type 00 class 0x0c0330
[    1.970107] pci 0000:01:00.4: reg 0x10: [mem 0xd0200000-0xd02fffff 64bit]
[    1.970129] pci 0000:01:00.4: enabling Extended Tags
[    1.970158] pci 0000:01:00.4: PME# supported from D0 D3hot D3cold
[    1.970258] pci 0000:01:00.5: [1022:15e2] type 00 class 0x048000
[    1.970265] pci 0000:01:00.5: reg 0x10: [mem 0xd0480000-0xd04bffff]
[    1.970285] pci 0000:01:00.5: enabling Extended Tags
[    1.970312] pci 0000:01:00.5: PME# supported from D0 D3hot D3cold
[    1.970404] pci 0000:01:00.6: [1022:15e3] type 00 class 0x040300
[    1.970411] pci 0000:01:00.6: reg 0x10: [mem 0xd04c0000-0xd04c7fff]
[    1.970431] pci 0000:01:00.6: enabling Extended Tags
[    1.970457] pci 0000:01:00.6: PME# supported from D0 D3hot D3cold
[    1.970546] pci 0000:00:08.1: PCI bridge to [bus 01]
[    1.970549] pci 0000:00:08.1:   bridge window [io  0x1000-0x1fff]
[    1.970551] pci 0000:00:08.1:   bridge window [mem 0xd0100000-0xd04fffff]
[    1.970553] pci 0000:00:08.1:   bridge window [mem 0xfce0000000-0xfcf01fffff 64bit pref]
[    1.970606] pci 0000:02:00.0: [1022:7901] type 00 class 0x010601
[    1.970633] pci 0000:02:00.0: reg 0x24: [mem 0xd0001000-0xd00017ff]
[    1.970641] pci 0000:02:00.0: enabling Extended Tags
[    1.970761] pci 0000:02:00.1: [1022:7901] type 00 class 0x010601
[    1.970787] pci 0000:02:00.1: reg 0x24: [mem 0xd0000000-0xd00007ff]
[    1.970795] pci 0000:02:00.1: enabling Extended Tags
[    1.970898] pci 0000:00:08.2: PCI bridge to [bus 02]
[    1.970901] pci 0000:00:08.2:   bridge window [mem 0xd0000000-0xd00fffff]
[    1.972822] ACPI: PCI: Interrupt link LNKA configured for IRQ 0
[    1.972823] ACPI: PCI: Interrupt link LNKA disabled
[    1.972921] ACPI: PCI: Interrupt link LNKB configured for IRQ 0
[    1.972922] ACPI: PCI: Interrupt link LNKB disabled
[    1.972997] ACPI: PCI: Interrupt link LNKC configured for IRQ 0
[    1.972998] ACPI: PCI: Interrupt link LNKC disabled
[    1.973091] ACPI: PCI: Interrupt link LNKD configured for IRQ 0
[    1.973091] ACPI: PCI: Interrupt link LNKD disabled
[    1.973178] ACPI: PCI: Interrupt link LNKE configured for IRQ 0
[    1.973179] ACPI: PCI: Interrupt link LNKE disabled
[    1.973248] ACPI: PCI: Interrupt link LNKF configured for IRQ 0
[    1.973248] ACPI: PCI: Interrupt link LNKF disabled
[    1.973317] ACPI: PCI: Interrupt link LNKG configured for IRQ 0
[    1.973318] ACPI: PCI: Interrupt link LNKG disabled
[    1.973387] ACPI: PCI: Interrupt link LNKH configured for IRQ 0
[    1.973387] ACPI: PCI: Interrupt link LNKH disabled
[    1.975471] ACPI: EC: interrupt unblocked
[    1.975472] ACPI: EC: event unblocked
[    1.975480] ACPI: EC: EC_CMD/EC_SC=0x66, EC_DATA=0x62
[    1.975481] ACPI: EC: GPE=0x3
[    1.975482] ACPI: \_SB_.PCI0.LPC0.EC0_: Boot DSDT EC initialization complete
[    1.975483] ACPI: \_SB_.PCI0.LPC0.EC0_: EC: Used to handle transactions and events
[    1.975529] iommu: Default domain type: Translated 
[    1.975530] iommu: DMA domain TLB invalidation policy: lazy mode 
[    1.975547] pci 0000:01:00.0: vgaarb: VGA device added: decodes=io+mem,owns=none,locks=none
[    1.975547] pci 0000:01:00.0: vgaarb: bridge control possible
[    1.975547] pci 0000:01:00.0: vgaarb: setting as boot device
[    1.975547] vgaarb: loaded
[    1.975547] SCSI subsystem initialized
[    1.975547] libata version 3.00 loaded.
[    1.975547] ACPI: bus type USB registered
[    1.975547] usbcore: registered new interface driver usbfs
[    1.975547] usbcore: registered new interface driver hub
[    1.975547] usbcore: registered new device driver usb
[    1.982076] pps_core: LinuxPPS API ver. 1 registered
[    1.982078] pps_core: Software ver. 5.3.6 - Copyright 2005-2007 Rodolfo Giometti <giometti@linux.it>
[    1.982082] PTP clock support registered
[    1.982090] EDAC MC: Ver: 3.0.0
[    1.982135] Registered efivars operations
[    1.983010] NetLabel: Initializing
[    1.983012] NetLabel:  domain hash size = 128
[    1.983012] NetLabel:  protocols = UNLABELED CIPSOv4 CALIPSO
[    1.983025] NetLabel:  unlabeled traffic allowed by default
[    1.983028] PCI: Using ACPI for IRQ routing
[    1.985091] PCI: pci_cache_line_size set to 64 bytes
[    1.985124] e820: reserve RAM buffer [mem 0x0009f000-0x0009ffff]
[    1.985126] e820: reserve RAM buffer [mem 0x09b00000-0x0bffffff]
[    1.985127] e820: reserve RAM buffer [mem 0x09f00000-0x0bffffff]
[    1.985128] e820: reserve RAM buffer [mem 0xb327b000-0xb3ffffff]
[    1.985128] e820: reserve RAM buffer [mem 0xbab69000-0xbbffffff]
[    1.985129] e820: reserve RAM buffer [mem 0xc9f7f000-0xcbffffff]
[    1.985130] e820: reserve RAM buffer [mem 0xce000000-0xcfffffff]
[    1.985131] e820: reserve RAM buffer [mem 0x40f340000-0x40fffffff]
[    1.985136] hpet0: at MMIO 0xfed00000, IRQs 2, 8, 0
[    1.985136] hpet0: 3 comparators, 32-bit 14.318180 MHz counter
[    1.987707] clocksource: Switched to clocksource tsc-early
[    1.996527] VFS: Disk quotas dquot_6.6.0
[    1.996544] VFS: Dquot-cache hash table entries: 512 (order 0, 4096 bytes)
[    1.996688] AppArmor: AppArmor Filesystem Enabled
[    1.996741] pnp: PnP ACPI init
[    1.997019] system 00:00: [mem 0xfec00000-0xfec01fff] could not be reserved
[    1.997024] system 00:00: [mem 0xfee00000-0xfee00fff] has been reserved
[    1.997026] system 00:00: [mem 0xfde00000-0xfdefffff] has been reserved
[    1.997264] system 00:03: [io  0x0400-0x04cf] has been reserved
[    1.997266] system 00:03: [io  0x04d0-0x04d1] has been reserved
[    1.997267] system 00:03: [io  0x04d6] has been reserved
[    1.997269] system 00:03: [io  0x0c00-0x0c01] has been reserved
[    1.997270] system 00:03: [io  0x0c14] has been reserved
[    1.997271] system 00:03: [io  0x0c50-0x0c52] has been reserved
[    1.997272] system 00:03: [io  0x0c6c] has been reserved
[    1.997273] system 00:03: [io  0x0c6f] has been reserved
[    1.997274] system 00:03: [io  0x0cd0-0x0cdb] has been reserved
[    1.997347] system 00:04: [mem 0x000e0000-0x000fffff] could not be reserved
[    1.997349] system 00:04: [mem 0xff000000-0xffffffff] could not be reserved
[    1.998675] pnp: PnP ACPI: found 5 devices
[    2.006484] clocksource: acpi_pm: mask: 0xffffff max_cycles: 0xffffff, max_idle_ns: 2085701024 ns
[    2.006642] NET: Registered PF_INET protocol family
[    2.007365] IP idents hash table entries: 262144 (order: 9, 2097152 bytes, linear)
[    2.009573] tcp_listen_portaddr_hash hash table entries: 8192 (order: 5, 131072 bytes, linear)
[    2.009718] TCP established hash table entries: 131072 (order: 8, 1048576 bytes, linear)
[    2.009961] TCP bind hash table entries: 65536 (order: 8, 1048576 bytes, linear)
[    2.010028] TCP: Hash tables configured (established 131072 bind 65536)
[    2.010175] MPTCP token hash table entries: 16384 (order: 6, 393216 bytes, linear)
[    2.010237] UDP hash table entries: 8192 (order: 6, 262144 bytes, linear)
[    2.010292] UDP-Lite hash table entries: 8192 (order: 6, 262144 bytes, linear)
[    2.010381] NET: Registered PF_UNIX/PF_LOCAL protocol family
[    2.010387] NET: Registered PF_XDP protocol family
[    2.010401] pci 0000:00:08.1: PCI bridge to [bus 01]
[    2.010405] pci 0000:00:08.1:   bridge window [io  0x1000-0x1fff]
[    2.010409] pci 0000:00:08.1:   bridge window [mem 0xd0100000-0xd04fffff]
[    2.010411] pci 0000:00:08.1:   bridge window [mem 0xfce0000000-0xfcf01fffff 64bit pref]
[    2.010414] pci 0000:00:08.2: PCI bridge to [bus 02]
[    2.010417] pci 0000:00:08.2:   bridge window [mem 0xd0000000-0xd00fffff]
[    2.010422] pci_bus 0000:00: resource 4 [io  0x0000-0x0cf7 window]
[    2.010424] pci_bus 0000:00: resource 5 [io  0x0d00-0xffff window]
[    2.010425] pci_bus 0000:00: resource 6 [mem 0x000a0000-0x000bffff window]
[    2.010426] pci_bus 0000:00: resource 7 [mem 0x000c0000-0x000c3fff window]
[    2.010427] pci_bus 0000:00: resource 8 [mem 0x000c4000-0x000c7fff window]
[    2.010427] pci_bus 0000:00: resource 9 [mem 0x000c8000-0x000cbfff window]
[    2.010428] pci_bus 0000:00: resource 10 [mem 0x000cc000-0x000cffff window]
[    2.010430] pci_bus 0000:00: resource 11 [mem 0x000d0000-0x000d3fff window]
[    2.010431] pci_bus 0000:00: resource 12 [mem 0x000d4000-0x000d7fff window]
[    2.010432] pci_bus 0000:00: resource 13 [mem 0x000d8000-0x000dbfff window]
[    2.010432] pci_bus 0000:00: resource 14 [mem 0x000dc000-0x000dffff window]
[    2.010433] pci_bus 0000:00: resource 15 [mem 0x000e0000-0x000e3fff window]
[    2.010434] pci_bus 0000:00: resource 16 [mem 0x000e4000-0x000e7fff window]
[    2.010435] pci_bus 0000:00: resource 17 [mem 0x000e8000-0x000ebfff window]
[    2.010436] pci_bus 0000:00: resource 18 [mem 0x000ec000-0x000effff window]
[    2.010437] pci_bus 0000:00: resource 19 [mem 0xd0000000-0xf7ffffff window]
[    2.010438] pci_bus 0000:00: resource 20 [mem 0xfc000000-0xfed3ffff window]
[    2.010439] pci_bus 0000:00: resource 21 [mem 0x450200000-0xfcffffffff window]
[    2.010440] pci_bus 0000:01: resource 0 [io  0x1000-0x1fff]
[    2.010441] pci_bus 0000:01: resource 1 [mem 0xd0100000-0xd04fffff]
[    2.010442] pci_bus 0000:01: resource 2 [mem 0xfce0000000-0xfcf01fffff 64bit pref]
[    2.010443] pci_bus 0000:02: resource 1 [mem 0xd0000000-0xd00fffff]
[    2.010588] pci 0000:01:00.1: D0 power state depends on 0000:01:00.0
[    2.010622] pci 0000:01:00.3: extending delay after power-on from D3hot to 20 msec
[    2.012489] pci 0000:01:00.4: extending delay after power-on from D3hot to 20 msec
[    2.130728] pci 0000:01:00.4: quirk_usb_early_handoff+0x0/0x750 took 115465 usecs
[    2.130739] PCI: CLS 64 bytes, default 64
[    2.130753] pci 0000:00:00.2: AMD-Vi: IOMMU performance counters supported
[    2.130804] Trying to unpack rootfs image as initramfs...
[    2.130824] pci 0000:00:00.2: can't derive routing for PCI INT A
[    2.130825] pci 0000:00:00.2: PCI INT A: not connected
[    2.130844] pci 0000:00:01.0: Adding to iommu group 0
[    2.130860] pci 0000:00:02.0: Adding to iommu group 1
[    2.130876] pci 0000:00:08.0: Adding to iommu group 2
[    2.130884] pci 0000:00:08.1: Adding to iommu group 2
[    2.130891] pci 0000:00:08.2: Adding to iommu group 2
[    2.130905] pci 0000:00:14.0: Adding to iommu group 3
[    2.130914] pci 0000:00:14.3: Adding to iommu group 3
[    2.130942] pci 0000:00:18.0: Adding to iommu group 4
[    2.130949] pci 0000:00:18.1: Adding to iommu group 4
[    2.130957] pci 0000:00:18.2: Adding to iommu group 4
[    2.130964] pci 0000:00:18.3: Adding to iommu group 4
[    2.130971] pci 0000:00:18.4: Adding to iommu group 4
[    2.130978] pci 0000:00:18.5: Adding to iommu group 4
[    2.130989] pci 0000:00:18.6: Adding to iommu group 4
[    2.130997] pci 0000:00:18.7: Adding to iommu group 4
[    2.131011] pci 0000:01:00.0: Adding to iommu group 2
[    2.131015] pci 0000:01:00.1: Adding to iommu group 2
[    2.131020] pci 0000:01:00.2: Adding to iommu group 2
[    2.131025] pci 0000:01:00.3: Adding to iommu group 2
[    2.131030] pci 0000:01:00.4: Adding to iommu group 2
[    2.131036] pci 0000:01:00.5: Adding to iommu group 2
[    2.131041] pci 0000:01:00.6: Adding to iommu group 2
[    2.131047] pci 0000:02:00.0: Adding to iommu group 2
[    2.131052] pci 0000:02:00.1: Adding to iommu group 2
[    2.132596] pci 0000:00:00.2: AMD-Vi: Found IOMMU cap 0x40
[    2.132601] AMD-Vi: Extended features (0x206d73ef22254ade): PPR X2APIC NX GT IA GA PC GA_vAPIC
[    2.132606] AMD-Vi: Interrupt remapping enabled
[    2.132606] AMD-Vi: Virtual APIC enabled
[    2.132607] AMD-Vi: X2APIC enabled
[    2.132865] software IO TLB: tearing down default memory pool
[    2.140830] LVT offset 0 assigned for vector 0x400
[    2.141071] perf: AMD IBS detected (0x000003ff)
[    2.141082] perf/amd_iommu: Detected AMD IOMMU #0 (2 banks, 4 counters/bank).
[    2.143038] Initialise system trusted keyrings
[    2.143052] Key type blacklist registered
[    2.143114] workingset: timestamp_bits=41 max_order=22 bucket_order=0
[    2.144632] zbud: loaded
[    2.147533] Key type asymmetric registered
[    2.147536] Asymmetric key parser 'x509' registered
[    2.147567] Block layer SCSI generic (bsg) driver version 0.4 loaded (major 242)
[    2.147676] io scheduler mq-deadline registered
[    2.147678] io scheduler kyber registered
[    2.147708] io scheduler bfq registered
[    2.148152] pcieport 0000:00:08.1: PME: Signaling with IRQ 26
[    2.148374] pcieport 0000:00:08.2: PME: Signaling with IRQ 27
[    2.148452] shpchp: Standard Hot Plug PCI Controller Driver version: 0.4
[    2.150522] ACPI: AC: AC Adapter [ACAD] (on-line)
[    2.150562] input: Power Button as /devices/LNXSYSTM:00/LNXSYBUS:00/PNP0C0C:00/input/input0
[    2.150581] ACPI: button: Power Button [PWRB]
[    2.150609] input: Lid Switch as /devices/LNXSYSTM:00/LNXSYBUS:00/PNP0A08:00/device:2a/PNP0C09:00/PNP0C0D:00/input/input1
[    2.150623] ACPI: button: Lid Switch [LID0]
[    2.150675] Monitor-Mwait will be used to enter C-1 state
[    2.150695] ACPI: \_SB_.PLTF.C000: Found 3 idle states
[    2.150706] ACPI: FW issue: working around C-state latencies out of order
[    2.150813] ACPI: \_SB_.PLTF.C001: Found 3 idle states
[    2.150822] ACPI: FW issue: working around C-state latencies out of order
[    2.150891] ACPI: \_SB_.PLTF.C002: Found 3 idle states
[    2.150895] ACPI: FW issue: working around C-state latencies out of order
[    2.150987] ACPI: \_SB_.PLTF.C003: Found 3 idle states
[    2.150991] ACPI: FW issue: working around C-state latencies out of order
[    2.151168] ACPI: \_SB_.PLTF.C004: Found 3 idle states
[    2.151176] ACPI: FW issue: working around C-state latencies out of order
[    2.151342] ACPI: \_SB_.PLTF.C005: Found 3 idle states
[    2.151351] ACPI: FW issue: working around C-state latencies out of order
[    2.153319] thermal LNXTHERM:00: registered as thermal_zone0
[    2.153323] ACPI: thermal: Thermal Zone [TZ0] (0 C)
[    2.153563] Serial: 8250/16550 driver, 32 ports, IRQ sharing enabled
[    2.153983] ACPI: battery: Slot [BATT] (battery absent)
[    2.155610] Non-volatile memory driver v1.3
[    2.155612] Linux agpgart interface v0.103
[    2.155690] AMD-Vi: AMD IOMMUv2 loaded and initialized
[    2.157142] ahci 0000:02:00.0: version 3.0
[    2.157325] ahci 0000:02:00.0: AHCI 0001.0301 32 slots 1 ports 6 Gbps 0x1 impl SATA mode
[    2.157328] ahci 0000:02:00.0: flags: 64bit ncq sntf ilck pm led clo only pmp fbs pio slum part 
[    2.157608] scsi host0: ahci
[    2.157680] ata1: SATA max UDMA/133 abar m2048@0xd0001000 port 0xd0001100 irq 29
[    2.157873] ahci 0000:02:00.1: AHCI 0001.0301 32 slots 1 ports 6 Gbps 0x1 impl SATA mode
[    2.157877] ahci 0000:02:00.1: flags: 64bit ncq sntf ilck pm led clo only pmp fbs pio slum part deso sadm sds 
[    2.158161] scsi host1: ahci
[    2.158219] ata2: SATA max UDMA/133 abar m2048@0xd0000000 port 0xd0000100 irq 31
[    2.158255] ehci_hcd: USB 2.0 'Enhanced' Host Controller (EHCI) Driver
[    2.158265] ehci-pci: EHCI PCI platform driver
[    2.158280] ohci_hcd: USB 1.1 'Open' Host Controller (OHCI) Driver
[    2.158283] ohci-pci: OHCI PCI platform driver
[    2.158288] uhci_hcd: USB Universal Host Controller Interface driver
[    2.158350] usbcore: registered new interface driver usbserial_generic
[    2.158354] usbserial: USB Serial support registered for generic
[    2.158520] rtc_cmos 00:01: RTC can wake from S4
[    2.158832] rtc_cmos 00:01: registered as rtc0
[    2.158864] rtc_cmos 00:01: setting system clock to 2021-12-26T13:30:17 UTC (1640525417)
[    2.158878] rtc_cmos 00:01: alarms up to one month, 114 bytes nvram, hpet irqs
[    2.159053] ledtrig-cpu: registered to indicate activity on CPUs
[    2.159301] efifb: probing for efifb
[    2.159314] efifb: framebuffer at 0xfce0000000, using 8128k, total 8128k
[    2.159315] efifb: mode is 1920x1080x32, linelength=7680, pages=1
[    2.159316] efifb: scrolling: redraw
[    2.159316] efifb: Truecolor: size=8:8:8:8, shift=24:16:8:0
[    2.159352] fbcon: Deferring console take-over
[    2.159353] fb0: EFI VGA frame buffer device
[    2.159390] hid: raw HID events driver (C) Jiri Kosina
[    2.159488] drop_monitor: Initializing network drop monitor service
[    2.159537] Initializing XFRM netlink socket
[    2.159638] NET: Registered PF_INET6 protocol family
[    2.472861] ata1: SATA link down (SStatus 0 SControl 300)
[    2.528010] Freeing initrd memory: 10668K
[    2.535002] Segment Routing with IPv6
[    2.535007] RPL Segment Routing with IPv6
[    2.535032] In-situ OAM (IOAM) with IPv6
[    2.535074] NET: Registered PF_PACKET protocol family
[    2.536549] microcode: CPU0: patch_level=0x08600106
[    2.536575] microcode: CPU1: patch_level=0x08600106
[    2.536594] microcode: CPU2: patch_level=0x08600106
[    2.536622] microcode: CPU3: patch_level=0x08600106
[    2.536648] microcode: CPU4: patch_level=0x08600106
[    2.536678] microcode: CPU5: patch_level=0x08600106
[    2.536687] microcode: Microcode Update Driver: v2.2.
[    2.537062] resctrl: L3 allocation detected
[    2.537066] resctrl: MB allocation detected
[    2.537068] resctrl: L3 monitoring detected
[    2.537074] IPI shorthand broadcast: enabled
[    2.537090] sched_clock: Marking stable (2536501111, 506969)->(3640663668, -1103655588)
[    2.537468] registered taskstats version 1
[    2.537892] Loading compiled-in X.509 certificates
[    2.540193] Loaded X.509 cert 'Build time autogenerated kernel key: defcdccb3962b02406b9684259a13cefc7cd3e6e'
[    2.541284] zswap: loaded using pool lz4/z3fold
[    2.542157] Key type ._fscrypt registered
[    2.542160] Key type .fscrypt registered
[    2.542161] Key type fscrypt-provisioning registered
[    2.542229] AppArmor: AppArmor sha1 policy hashing enabled
[    2.542597] PM:   Magic number: 1:847:534
[    2.542607] tty ttyS14: hash matches
[    2.542889] RAS: Correctable Errors collector initialized.
[    2.928487] ata2: SATA link up 6.0 Gbps (SStatus 133 SControl 300)
[    2.929389] ata2.00: ATA-11: SAMSUNG MZNLH512HALU-00000, RVT2200Q, max UDMA/133
[    2.930562] ata2.00: 1000215216 sectors, multi 16: LBA48 NCQ (depth 32), AA
[    2.932291] ata2.00: Features: Dev-Sleep NCQ-sndrcv
[    2.935702] ata2.00: configured for UDMA/133
[    2.935858] ata2.00: failed to enable DEVSLP
[    2.935868] ata2.00: failed to enable DIPM, Emask 0x40
[    3.195124] clocksource: timekeeping watchdog on CPU1: Marking clocksource 'tsc-early' as unstable because the skew is too large:
[    3.195133] clocksource:                       'hpet' wd_nsec: 506725435 wd_now: 1ecb927 wd_last: 17e03cd mask: ffffffff
[    3.195137] clocksource:                       'tsc-early' cs_nsec: 797331269 cs_now: 85f0f5643 cs_last: 7ee683880 mask: ffffffffffffffff
[    3.195140] clocksource:                       'tsc-early' is current clocksource.
[    3.195151] tsc: Marking TSC unstable due to clocksource watchdog
[    3.195165] TSC found unstable after boot, most likely due to broken BIOS. Use 'tsc=unstable'.
[    3.195166] sched_clock: Marking unstable (3194657107, 506969)<-(4298819585, -1103655588)
[    3.195556] clocksource: Switched to clocksource hpet
[    8.033101] ata2: SATA link up 6.0 Gbps (SStatus 133 SControl 300)
[    8.040981] ata2.00: configured for UDMA/133
[    8.041690] scsi 1:0:0:0: Direct-Access     ATA      SAMSUNG MZNLH512 200Q PQ: 0 ANSI: 5
[    8.041994] sd 1:0:0:0: [sda] 1000215216 512-byte logical blocks: (512 GB/477 GiB)
[    8.042005] sd 1:0:0:0: [sda] Write Protect is off
[    8.042006] sd 1:0:0:0: [sda] Mode Sense: 00 3a 00 00
[    8.042016] sd 1:0:0:0: [sda] Write cache: enabled, read cache: enabled, doesn't support DPO or FUA
[    8.061575]  sda: sda1 sda2 sda3
[    8.096602] sd 1:0:0:0: [sda] Attached SCSI disk
[    8.096763] Unstable clock detected, switching default tracing clock to "global"
               If you want to keep using the local clock, then add:
                 "trace_clock=local"
               on the kernel command line
[    8.098785] Freeing unused decrypted memory: 2036K
[    8.099285] Freeing unused kernel image (initmem) memory: 1864K
[    8.119947] Write protecting the kernel read-only data: 28672k
[    8.120905] Freeing unused kernel image (text/rodata gap) memory: 2036K
[    8.121395] Freeing unused kernel image (rodata/data gap) memory: 1496K
[    8.146948] x86/mm: Checked W+X mappings: passed, no W+X pages found.
[    8.146957] rodata_test: all tests were successful
[    8.146959] x86/mm: Checking user space page tables
[    8.171387] x86/mm: Checked W+X mappings: passed, no W+X pages found.
[    8.171413] Run /init as init process
[    8.171414]   with arguments:
[    8.171416]     /init
[    8.171417]   with environment:
[    8.171417]     HOME=/
[    8.171418]     TERM=linux
[    8.171418]     BOOT_IMAGE=/boot/vmlinuz-linux
[    8.171419]     pti=on
[    8.171419]     mem_encrypt=on
[    8.195450] fbcon: Taking over console
[    8.195530] Console: switching to colour frame buffer device 240x67
[    8.283473] xhci_hcd 0000:01:00.3: xHCI Host Controller
[    8.283484] xhci_hcd 0000:01:00.3: new USB bus registered, assigned bus number 1
[    8.283596] xhci_hcd 0000:01:00.3: hcc params 0x0268ffe5 hci version 0x110 quirks 0x0000020000000410
[    8.283984] usb usb1: New USB device found, idVendor=1d6b, idProduct=0002, bcdDevice= 5.15
[    8.283987] usb usb1: New USB device strings: Mfr=3, Product=2, SerialNumber=1
[    8.283988] usb usb1: Product: xHCI Host Controller
[    8.283989] usb usb1: Manufacturer: Linux 5.15.11-arch2-1 xhci-hcd
[    8.283991] usb usb1: SerialNumber: 0000:01:00.3
[    8.284137] hub 1-0:1.0: USB hub found
[    8.284148] hub 1-0:1.0: 4 ports detected
[    8.284492] xhci_hcd 0000:01:00.3: xHCI Host Controller
[    8.284495] xhci_hcd 0000:01:00.3: new USB bus registered, assigned bus number 2
[    8.284498] xhci_hcd 0000:01:00.3: Host supports USB 3.1 Enhanced SuperSpeed
[    8.284517] usb usb2: We don't know the algorithms for LPM for this host, disabling LPM.
[    8.284543] usb usb2: New USB device found, idVendor=1d6b, idProduct=0003, bcdDevice= 5.15
[    8.284544] usb usb2: New USB device strings: Mfr=3, Product=2, SerialNumber=1
[    8.284545] usb usb2: Product: xHCI Host Controller
[    8.284546] usb usb2: Manufacturer: Linux 5.15.11-arch2-1 xhci-hcd
[    8.284547] usb usb2: SerialNumber: 0000:01:00.3
[    8.284664] hub 2-0:1.0: USB hub found
[    8.284672] hub 2-0:1.0: 2 ports detected
[    8.284939] xhci_hcd 0000:01:00.4: xHCI Host Controller
[    8.284949] xhci_hcd 0000:01:00.4: new USB bus registered, assigned bus number 3
[    8.285052] xhci_hcd 0000:01:00.4: hcc params 0x0268ffe5 hci version 0x110 quirks 0x0000020000000410
[    8.285380] usb usb3: New USB device found, idVendor=1d6b, idProduct=0002, bcdDevice= 5.15
[    8.285382] usb usb3: New USB device strings: Mfr=3, Product=2, SerialNumber=1
[    8.285383] usb usb3: Product: xHCI Host Controller
[    8.285384] usb usb3: Manufacturer: Linux 5.15.11-arch2-1 xhci-hcd
[    8.285385] usb usb3: SerialNumber: 0000:01:00.4
[    8.285562] hub 3-0:1.0: USB hub found
[    8.285571] hub 3-0:1.0: 4 ports detected
[    8.286503] xhci_hcd 0000:01:00.4: xHCI Host Controller
[    8.286508] xhci_hcd 0000:01:00.4: new USB bus registered, assigned bus number 4
[    8.286511] xhci_hcd 0000:01:00.4: Host supports USB 3.1 Enhanced SuperSpeed
[    8.286529] usb usb4: We don't know the algorithms for LPM for this host, disabling LPM.
[    8.286554] usb usb4: New USB device found, idVendor=1d6b, idProduct=0003, bcdDevice= 5.15
[    8.286555] usb usb4: New USB device strings: Mfr=3, Product=2, SerialNumber=1
[    8.286556] usb usb4: Product: xHCI Host Controller
[    8.286557] usb usb4: Manufacturer: Linux 5.15.11-arch2-1 xhci-hcd
[    8.286558] usb usb4: SerialNumber: 0000:01:00.4
[    8.286675] hub 4-0:1.0: USB hub found
[    8.286682] hub 4-0:1.0: 2 ports detected
[    8.288847] i8042: PNP: PS/2 Controller [PNP0303:KBC0] at 0x60,0x64 irq 1
[    8.288851] i8042: PNP: PS/2 appears to have AUX port disabled, if this is incorrect please boot with i8042.nopnp
[    8.290536] serio: i8042 KBD port at 0x60,0x64 irq 1
[    8.317863] input: AT Translated Set 2 keyboard as /devices/platform/i8042/serio0/input/input2
[    8.322423] PM: Image not found (code -22)
[    8.340701] random: fast init done
[    8.536468] usb 3-1: new high-speed USB device number 2 using xhci_hcd
[    8.678225] usb 3-1: New USB device found, idVendor=1a40, idProduct=0801, bcdDevice= 1.00
[    8.678233] usb 3-1: New USB device strings: Mfr=0, Product=1, SerialNumber=0
[    8.678236] usb 3-1: Product: USB 2.0 Hub
[    8.735091] hub 3-1:1.0: USB hub found
[    8.735342] hub 3-1:1.0: 4 ports detected
[    8.799788] usb 4-1: new SuperSpeed USB device number 2 using xhci_hcd
[    8.823863] usb 4-1: New USB device found, idVendor=05e3, idProduct=0626, bcdDevice= 6.63
[    8.823871] usb 4-1: New USB device strings: Mfr=1, Product=2, SerialNumber=0
[    8.823873] usb 4-1: Product: USB3.1 Hub
[    8.823876] usb 4-1: Manufacturer: GenesysLogic
[    8.847759] hub 4-1:1.0: USB hub found
[    8.848607] hub 4-1:1.0: 4 ports detected
[    9.032913] usb 3-1.1: new full-speed USB device number 3 using xhci_hcd
[    9.173451] EXT4-fs (sda2): mounted filesystem with ordered data mode. Opts: (null). Quota mode: none.
[    9.181584] usb 3-1.1: not running at top speed; connect to a high speed hub
[    9.233694] usb 3-1.1: New USB device found, idVendor=25a4, idProduct=9311, bcdDevice= 2.01
[    9.233704] usb 3-1.1: New USB device strings: Mfr=1, Product=2, SerialNumber=3
[    9.233708] usb 3-1.1: Product: USB C Video Adaptor      
[    9.233711] usb 3-1.1: Manufacturer: USB C  
[    9.233713] usb 3-1.1: SerialNumber: 000000000001
[    9.246762] usb 4-1.1: new SuperSpeed USB device number 3 using xhci_hcd
[    9.267033] usb 4-1.1: New USB device found, idVendor=8564, idProduct=4000, bcdDevice= 0.04
[    9.267038] usb 4-1.1: New USB device strings: Mfr=3, Product=4, SerialNumber=2
[    9.267039] usb 4-1.1: Product: Transcend
[    9.267040] usb 4-1.1: Manufacturer: TS-RDF5A
[    9.267041] usb 4-1.1: SerialNumber: 000000000004
[    9.299179] systemd[1]: systemd 249.7-2-arch running in system mode (+PAM +AUDIT -SELINUX -APPARMOR -IMA +SMACK +SECCOMP +GCRYPT +GNUTLS +OPENSSL +ACL +BLKID +CURL +ELFUTILS +FIDO2 +IDN2 -IDN +IPTC +KMOD +LIBCRYPTSETUP +LIBFDISK +PCRE2 -PWQUALITY +P11KIT -QRENCODE +BZIP2 +LZ4 +XZ +ZLIB +ZSTD +XKBCOMMON +UTMP -SYSVINIT default-hierarchy=unified)
[    9.313479] systemd[1]: Detected architecture x86-64.
[    9.314307] systemd[1]: Hostname set to <mksredmibook14ii>.
[    9.336317] usb 3-1.2: new high-speed USB device number 4 using xhci_hcd
[    9.370887] random: lvmconfig: uninitialized urandom read (4 bytes read)
[    9.431117] systemd[1]: Queued start job for default target Graphical Interface.
[    9.431874] usb 3-1.2: New USB device found, idVendor=05e3, idProduct=0610, bcdDevice= 6.63
[    9.431884] usb 3-1.2: New USB device strings: Mfr=1, Product=2, SerialNumber=0
[    9.431888] usb 3-1.2: Product: USB2.1 Hub
[    9.431890] usb 3-1.2: Manufacturer: GenesysLogic
[    9.432391] systemd[1]: Created slice Slice /system/getty.
[    9.432700] systemd[1]: Created slice Slice /system/modprobe.
[    9.433099] systemd[1]: Created slice Slice /system/systemd-fsck.
[    9.433313] systemd[1]: Created slice User and Session Slice.
[    9.433412] systemd[1]: Started Dispatch Password Requests to Console Directory Watch.
[    9.433470] systemd[1]: Started Forward Password Requests to Wall Directory Watch.
[    9.433646] systemd[1]: Set up automount Arbitrary Executable File Formats File System Automount Point.
[    9.433708] systemd[1]: Reached target Local Encrypted Volumes.
[    9.433733] systemd[1]: Reached target Login Prompts.
[    9.433771] systemd[1]: Reached target Path Units.
[    9.433796] systemd[1]: Reached target Remote File Systems.
[    9.433818] systemd[1]: Reached target Slice Units.
[    9.433855] systemd[1]: Reached target Local Verity Protected Volumes.
[    9.433929] systemd[1]: Listening on Device-mapper event daemon FIFOs.
[    9.434229] systemd[1]: Listening on LVM2 poll daemon socket.
[    9.435664] systemd[1]: Listening on Process Core Dump Socket.
[    9.438719] systemd[1]: Condition check resulted in Journal Audit Socket being skipped.
[    9.438909] systemd[1]: Listening on Journal Socket (/dev/log).
[    9.439022] systemd[1]: Listening on Journal Socket.
[    9.439820] systemd[1]: Listening on udev Control Socket.
[    9.439960] systemd[1]: Listening on udev Kernel Socket.
[    9.440767] systemd[1]: Mounting Huge Pages File System...
[    9.441635] systemd[1]: Mounting POSIX Message Queue File System...
[    9.442368] systemd[1]: Mounting Kernel Debug File System...
[    9.443295] systemd[1]: Mounting Kernel Trace File System...
[    9.445139] systemd[1]: Starting Create List of Static Device Nodes...
[    9.445816] systemd[1]: Starting Monitoring of LVM2 mirrors, snapshots etc. using dmeventd or progress polling...
[    9.446695] systemd[1]: Starting Load Kernel Module configfs...
[    9.447530] systemd[1]: Starting Load Kernel Module drm...
[    9.448425] systemd[1]: Starting Load Kernel Module fuse...
[    9.448936] systemd[1]: Condition check resulted in Set Up Additional Binary Formats being skipped.
[    9.448936] random: lvm: uninitialized urandom read (4 bytes read)
[    9.448986] systemd[1]: Condition check resulted in File System Check on Root Device being skipped.
[    9.450953] systemd[1]: Starting Journal Service...
[    9.452376] systemd[1]: Starting Load Kernel Modules...
[    9.453123] systemd[1]: Starting Remount Root and Kernel File Systems...
[    9.453198] systemd[1]: Condition check resulted in Repartition Root Disk being skipped.
[    9.454061] systemd[1]: Starting Coldplug All udev Devices...
[    9.455491] systemd[1]: Mounted Huge Pages File System.
[    9.455608] systemd[1]: Mounted POSIX Message Queue File System.
[    9.455698] systemd[1]: Mounted Kernel Debug File System.
[    9.455781] systemd[1]: Mounted Kernel Trace File System.
[    9.456117] systemd[1]: Finished Create List of Static Device Nodes.
[    9.456972] fuse: init (API version 7.34)
[    9.457892] systemd[1]: modprobe@configfs.service: Deactivated successfully.
[    9.458148] systemd[1]: Finished Load Kernel Module configfs.
[    9.458379] systemd[1]: modprobe@drm.service: Deactivated successfully.
[    9.458582] systemd[1]: Finished Load Kernel Module drm.
[    9.458788] systemd[1]: modprobe@fuse.service: Deactivated successfully.
[    9.458991] systemd[1]: Finished Load Kernel Module fuse.
[    9.460293] systemd[1]: Mounting FUSE Control File System...
[    9.461238] EXT4-fs (sda2): re-mounted. Opts: (null). Quota mode: none.
[    9.461251] systemd[1]: Mounting Kernel Configuration File System...
[    9.462736] systemd[1]: Finished Remount Root and Kernel File Systems.
[    9.463318] systemd[1]: Mounted FUSE Control File System.
[    9.463421] systemd[1]: Mounted Kernel Configuration File System.
[    9.463557] systemd[1]: Condition check resulted in First Boot Wizard being skipped.
[    9.465659] systemd[1]: Condition check resulted in Rebuild Hardware Database being skipped.
[    9.466591] systemd[1]: Starting Load/Save Random Seed...
[    9.466658] systemd[1]: Condition check resulted in Create System Users being skipped.
[    9.466752] vboxdrv: loading out-of-tree module taints kernel.
[    9.466940] vboxdrv: module verification failed: signature and/or required key missing - tainting kernel
[    9.467787] systemd[1]: Starting Create Static Device Nodes in /dev...
[    9.470008] vboxdrv: Found 6 processor cores
[    9.470854] hub 3-1.2:1.0: USB hub found
[    9.471403] hub 3-1.2:1.0: 4 ports detected
[    9.493126] vboxdrv: TSC mode is Invariant, tentative frequency 2370636519 Hz
[    9.493129] vboxdrv: Successfully loaded version 6.1.30 r148432 (interface 0x00320000)
[    9.494619] VBoxNetAdp: Successfully started.
[    9.496095] VBoxNetFlt: Successfully started.
[    9.497388] systemd[1]: Finished Load Kernel Modules.
[    9.498410] systemd[1]: Starting Apply Kernel Variables...
[    9.499704] usb 4-1.2: new SuperSpeed USB device number 4 using xhci_hcd
[    9.503291] systemd[1]: Finished Create Static Device Nodes in /dev.
[    9.503988] systemd[1]: Finished Monitoring of LVM2 mirrors, snapshots etc. using dmeventd or progress polling.
[    9.504121] systemd[1]: Reached target Preparation for Local File Systems.
[    9.504165] systemd[1]: Condition check resulted in Virtual Machine and Container Storage (Compatibility) being skipped.
[    9.505769] systemd[1]: Starting Rule-based Manager for Device Events and Files...
[    9.507281] systemd[1]: Finished Apply Kernel Variables.
[    9.510562] systemd[1]: Started Journal Service.
[    9.515481] systemd-journald[252]: Received client request to flush runtime journal.
[    9.521280] usb 4-1.2: New USB device found, idVendor=0bda, idProduct=8153, bcdDevice=30.00
[    9.521288] usb 4-1.2: New USB device strings: Mfr=1, Product=2, SerialNumber=6
[    9.521291] usb 4-1.2: Product: USB 10/100/1000 LAN
[    9.521294] usb 4-1.2: Manufacturer: Realtek
[    9.521295] usb 4-1.2: SerialNumber: 000001
[    9.618189] acpi_cpufreq: overriding BIOS provided _PSD data
[    9.643681] acpi PNP0C14:01: duplicate WMI GUID 05901221-D566-11D1-B2F0-00A0C9062910 (first instance was on PNP0C14:00)
[    9.690574] ACPI: video: Video Device [VGA] (multi-head: yes  rom: no  post: no)
[    9.692500] acpi device:0e: registered as cooling_device6
[    9.692585] input: Video Bus as /devices/LNXSYSTM:00/LNXSYBUS:00/PNP0A08:00/device:0d/LNXVIDEO:00/input/input3
[    9.701954] piix4_smbus 0000:00:14.0: SMBus Host Controller at 0xb00, revision 0
[    9.701958] piix4_smbus 0000:00:14.0: Using register 0x02 for SMBus port selection
[    9.702042] piix4_smbus 0000:00:14.0: Auxiliary SMBus Host Controller at 0xb20
[    9.739447] ccp 0000:01:00.2: enabling device (0000 -> 0002)
[    9.739676] ccp 0000:01:00.2: ccp: unable to access the device: you might be running a broken BIOS.
[    9.741322] sp5100_tco: SP5100/SB800 TCO WatchDog Timer Driver
[    9.741455] sp5100-tco sp5100-tco: Using 0xfeb00000 for watchdog MMIO address
[    9.741562] sp5100-tco sp5100-tco: initialized. heartbeat=60 sec (nowayout=0)
[    9.747714] snd_rn_pci_acp3x 0000:01:00.5: enabling device (0000 -> 0002)
[    9.749829] ccp 0000:01:00.2: tee enabled
[    9.749836] ccp 0000:01:00.2: psp enabled
[    9.776208] usb 3-1.2.3: new low-speed USB device number 5 using xhci_hcd
[    9.782390] Adding 17309968k swap on /dev/sda3.  Priority:-2 extents:1 across:17309968k SSFS
[    9.790435] input: GXT7863:00 27C6:01E0 Mouse as /devices/platform/AMDI0010:03/i2c-0/i2c-GXT7863:00/0018:27C6:01E0.0001/input/input4
[    9.790509] input: GXT7863:00 27C6:01E0 Touchpad as /devices/platform/AMDI0010:03/i2c-0/i2c-GXT7863:00/0018:27C6:01E0.0001/input/input5
[    9.790558] hid-generic 0018:27C6:01E0.0001: input,hidraw0: I2C HID v1.00 Mouse [GXT7863:00 27C6:01E0] on i2c-GXT7863:00
[    9.840685] usb-storage 4-1.1:1.0: USB Mass Storage device detected
[    9.842539] scsi host2: usb-storage 4-1.1:1.0
[    9.843526] usbcore: registered new interface driver usb-storage
[    9.883471] snd_hda_intel 0000:01:00.1: enabling device (0000 -> 0002)
[    9.883602] snd_hda_intel 0000:01:00.1: Handle vga_switcheroo audio client
[    9.884037] snd_hda_intel 0000:01:00.6: enabling device (0000 -> 0002)
[    9.901175] usbcore: registered new interface driver uas
[    9.903619] usb 3-1.2.3: New USB device found, idVendor=1bcf, idProduct=0005, bcdDevice= 0.90
[    9.903627] usb 3-1.2.3: New USB device strings: Mfr=0, Product=2, SerialNumber=0
[    9.903630] usb 3-1.2.3: Product: USB Optical Mouse
[    9.910861] input: HD-Audio Generic HDMI/DP,pcm=3 as /devices/pci0000:00/0000:00:08.1/0000:01:00.1/sound/card0/input7
[    9.910911] input: HD-Audio Generic HDMI/DP,pcm=7 as /devices/pci0000:00/0000:00:08.1/0000:01:00.1/sound/card0/input8
[    9.920116] random: dbus-daemon: uninitialized urandom read (12 bytes read)
[    9.965886] snd_hda_codec_realtek hdaudioC1D0: autoconfig for ALC256: line_outs=1 (0x14/0x0/0x0/0x0/0x0) type:speaker
[    9.965894] snd_hda_codec_realtek hdaudioC1D0:    speaker_outs=0 (0x0/0x0/0x0/0x0/0x0)
[    9.965896] snd_hda_codec_realtek hdaudioC1D0:    hp_outs=1 (0x21/0x0/0x0/0x0/0x0)
[    9.965897] snd_hda_codec_realtek hdaudioC1D0:    mono: mono_out=0x0
[    9.965898] snd_hda_codec_realtek hdaudioC1D0:    inputs:
[    9.965900] snd_hda_codec_realtek hdaudioC1D0:      Mic=0x19
[    9.971865] [drm] amdgpu kernel modesetting enabled.
[   10.021927] input: HD-Audio Generic Mic as /devices/pci0000:00/0000:00:08.1/0000:01:00.6/sound/card1/input9
[   10.022068] input: HD-Audio Generic Headphone as /devices/pci0000:00/0000:00:08.1/0000:01:00.6/sound/card1/input10
[   10.023450] amdgpu: Virtual CRAT table created for CPU
[   10.023472] amdgpu: Topology: Add CPU node
[   10.023553] checking generic (fce0000000 7f0000) vs hw (fce0000000 10000000)
[   10.023555] fb0: switching to amdgpu from EFI VGA
[   10.023651] Console: switching to colour dummy device 80x25
[   10.023682] amdgpu 0000:01:00.0: vgaarb: deactivate vga console
[   10.023761] amdgpu 0000:01:00.0: enabling device (0006 -> 0007)
[   10.023819] [drm] initializing kernel modesetting (RENOIR 0x1002:0x1636 0x1D72:0x1951 0xC3).
[   10.023822] amdgpu 0000:01:00.0: amdgpu: Trusted Memory Zone (TMZ) feature enabled
[   10.024272] [drm] register mmio base: 0xD0400000
[   10.024273] [drm] register mmio size: 524288
[   10.024274] [drm] PCIE atomic ops is not supported
[   10.025176] [drm] add ip block number 0 <soc15_common>
[   10.025177] [drm] add ip block number 1 <gmc_v9_0>
[   10.025178] [drm] add ip block number 2 <vega10_ih>
[   10.025178] [drm] add ip block number 3 <psp>
[   10.025179] [drm] add ip block number 4 <smu>
[   10.025180] [drm] add ip block number 5 <gfx_v9_0>
[   10.025181] [drm] add ip block number 6 <sdma_v4_0>
[   10.025182] [drm] add ip block number 7 <dm>
[   10.025183] [drm] add ip block number 8 <vcn_v2_0>
[   10.025184] [drm] add ip block number 9 <jpeg_v2_0>
[   10.025200] amdgpu 0000:01:00.0: amdgpu: Fetched VBIOS from VFCT
[   10.025203] amdgpu: ATOM BIOS: 113-RENOIR-026
[   10.027318] [drm] VCN decode is enabled in VM mode
[   10.027322] [drm] VCN encode is enabled in VM mode
[   10.027323] [drm] JPEG decode is enabled in VM mode
[   10.027377] [drm] vm size is 262144 GB, 4 levels, block size is 9-bit, fragment size is 9-bit
[   10.027386] amdgpu 0000:01:00.0: amdgpu: VRAM: 512M 0x000000F400000000 - 0x000000F41FFFFFFF (512M used)
[   10.027389] amdgpu 0000:01:00.0: amdgpu: GART: 1024M 0x0000000000000000 - 0x000000003FFFFFFF
[   10.027390] amdgpu 0000:01:00.0: amdgpu: AGP: 267419648M 0x000000F800000000 - 0x0000FFFFFFFFFFFF
[   10.027396] [drm] Detected VRAM RAM=512M, BAR=512M
[   10.027398] [drm] RAM width 128bits DDR4
[   10.027454] [drm] amdgpu: 512M of VRAM memory ready
[   10.027455] [drm] amdgpu: 3072M of GTT memory ready.
[   10.027464] [drm] GART: num cpu pages 262144, num gpu pages 262144
[   10.027558] [drm] PCIE GART of 1024M enabled.
[   10.027559] [drm] PTB located at 0x000000F400900000
[   10.028973] amdgpu 0000:01:00.0: amdgpu: PSP runtime database doesn't exist
[   10.035298] [drm] Loading DMUB firmware via PSP: version=0x01010019
[   10.037142] [drm] Found VCN firmware Version ENC: 1.16 DEC: 5 VEP: 0 Revision: 3
[   10.037161] amdgpu 0000:01:00.0: amdgpu: Will use PSP to load VCN firmware
[   10.134209] RAPL PMU: API unit is 2^-32 Joules, 1 fixed counters, 163840 ms ovfl timer
[   10.134215] RAPL PMU: hw unit of domain package 2^-16 Joules
[   10.143261] cryptd: max_cpu_qlen set to 1000
[   10.160622] AVX2 version of gcm_enc/dec engaged.
[   10.160661] AES CTR mode by8 optimization enabled
[   10.358897] kvm: Nested Virtualization enabled
[   10.358900] SVM: kvm: Nested Paging enabled
[   10.358919] SVM: Virtual VMLOAD VMSAVE supported
[   10.358920] SVM: Virtual GIF supported
[   10.413298] MCE: In-kernel MCE decoding enabled.
[   10.544570] input: GXT7863:00 27C6:01E0 Mouse as /devices/platform/AMDI0010:03/i2c-0/i2c-GXT7863:00/0018:27C6:01E0.0001/input/input11
[   10.544658] input: GXT7863:00 27C6:01E0 Touchpad as /devices/platform/AMDI0010:03/i2c-0/i2c-GXT7863:00/0018:27C6:01E0.0001/input/input12
[   10.544797] hid-multitouch 0018:27C6:01E0.0001: input,hidraw0: I2C HID v1.00 Mouse [GXT7863:00 27C6:01E0] on i2c-GXT7863:00
[   10.547363] urandom_read: 1 callbacks suppressed
[   10.547365] random: NetworkManager: uninitialized urandom read (16 bytes read)
[   10.560771] random: nm-online: uninitialized urandom read (16 bytes read)
[   10.569842] input: USB Optical Mouse as /devices/pci0000:00/0000:00:08.1/0000:01:00.4/usb3/3-1/3-1.2/3-1.2.3/3-1.2.3:1.0/0003:1BCF:0005.0002/input/input14
[   10.569951] hid-generic 0003:1BCF:0005.0002: input,hidraw1: USB HID v1.10 Mouse [USB Optical Mouse] on usb-0000:01:00.4-1.2.3/input0
[   10.569991] usbcore: registered new interface driver usbhid
[   10.569992] usbhid: USB HID core driver
[   10.590321] usbcore: registered new interface driver cdc_ether
[   10.599712] mousedev: PS/2 mouse device common for all mice
[   10.654924] intel_rapl_common: Found RAPL domain package
[   10.654928] intel_rapl_common: Found RAPL domain core
[   10.690184] random: nm-dispatcher: uninitialized urandom read (16 bytes read)
[   10.697218] [drm] reserve 0x400000 from 0xf41f800000 for PSP TMR
[   10.699245] usb 4-1.2: reset SuperSpeed USB device number 4 using xhci_hcd
[   10.771900] r8152 4-1.2:1.0 eth0: v2.15.0 (2021/04/15)
[   10.771904] r8152 4-1.2:1.0 eth0: This product is covered by one or more of the following patents:
               		US6,570,884, US6,115,776, and US6,327,625.

[   10.771954] usbcore: registered new interface driver r8152
[   10.775111] amdgpu 0000:01:00.0: amdgpu: RAS: optional ras ta ucode is not available
[   10.782966] amdgpu 0000:01:00.0: amdgpu: RAP: optional rap ta ucode is not available
[   10.782968] amdgpu 0000:01:00.0: amdgpu: SECUREDISPLAY: securedisplay ta ucode is not available
[   10.783231] amdgpu 0000:01:00.0: amdgpu: SMU is initialized successfully!
[   10.784635] [drm] kiq ring mec 2 pipe 1 q 0
[   10.786049] [drm] Display Core initialized with v3.2.149!
[   10.786489] [drm] DMUB hardware initialized: version=0x01010019
[   10.794096] usbcore: registered new interface driver r8153_ecm
[   10.816216] snd_hda_intel 0000:01:00.1: bound 0000:01:00.0 (ops amdgpu_dm_audio_component_bind_ops [amdgpu])
[   10.816912] r8152 4-1.2:1.0 enp1s0f4u1u2: renamed from eth0
[   10.844752] scsi 2:0:0:0: Direct-Access     TS-RDF5A Transcend        0004 PQ: 0 ANSI: 6
[   10.846058] sd 2:0:0:0: [sdb] Media removed, stopped polling
[   10.847839] sd 2:0:0:0: [sdb] Attached SCSI removable disk
[   10.872876] random: crng init done
[   10.905580] [drm] VCN decode and encode initialized successfully(under DPG Mode).
[   10.905600] [drm] JPEG decode initialized successfully.
[   10.907204] kfd kfd: amdgpu: Allocated 3969056 bytes on gart
[   10.925495] memmap_init_zone_device initialised 131072 pages in 0ms
[   10.925506] amdgpu: HMM registered 512MB device memory
[   10.925547] amdgpu: SRAT table not found
[   10.925547] amdgpu: Virtual CRAT table created for GPU
[   10.926317] amdgpu: Topology: Add dGPU node [0x1636:0x1002]
[   10.926322] kfd kfd: amdgpu: added device 1002:1636
[   10.926362] amdgpu 0000:01:00.0: amdgpu: SE 1, SH per SE 2, CU per SH 18, active_cu_number 26
[   10.928706] [drm] fb mappable at 0x410CD1000
[   10.928707] [drm] vram apper at 0x410000000
[   10.928708] [drm] size 8294400
[   10.928708] [drm] fb depth is 24
[   10.928709] [drm]    pitch is 7680
[   10.928834] fbcon: amdgpudrmfb (fb0) is primary device
[   10.983298] Console: switching to colour frame buffer device 240x67
[   11.002559] amdgpu 0000:01:00.0: [drm] fb0: amdgpudrmfb frame buffer device
[   11.016405] amdgpu 0000:01:00.0: amdgpu: ring gfx uses VM inv eng 0 on hub 0
[   11.016415] amdgpu 0000:01:00.0: amdgpu: ring comp_1.0.0 uses VM inv eng 1 on hub 0
[   11.016418] amdgpu 0000:01:00.0: amdgpu: ring comp_1.1.0 uses VM inv eng 4 on hub 0
[   11.016420] amdgpu 0000:01:00.0: amdgpu: ring comp_1.2.0 uses VM inv eng 5 on hub 0
[   11.016422] amdgpu 0000:01:00.0: amdgpu: ring comp_1.3.0 uses VM inv eng 6 on hub 0
[   11.016424] amdgpu 0000:01:00.0: amdgpu: ring comp_1.0.1 uses VM inv eng 7 on hub 0
[   11.016426] amdgpu 0000:01:00.0: amdgpu: ring comp_1.1.1 uses VM inv eng 8 on hub 0
[   11.016427] amdgpu 0000:01:00.0: amdgpu: ring comp_1.2.1 uses VM inv eng 9 on hub 0
[   11.016429] amdgpu 0000:01:00.0: amdgpu: ring comp_1.3.1 uses VM inv eng 10 on hub 0
[   11.016431] amdgpu 0000:01:00.0: amdgpu: ring kiq_2.1.0 uses VM inv eng 11 on hub 0
[   11.016433] amdgpu 0000:01:00.0: amdgpu: ring sdma0 uses VM inv eng 0 on hub 1
[   11.016435] amdgpu 0000:01:00.0: amdgpu: ring vcn_dec uses VM inv eng 1 on hub 1
[   11.016437] amdgpu 0000:01:00.0: amdgpu: ring vcn_enc0 uses VM inv eng 4 on hub 1
[   11.016439] amdgpu 0000:01:00.0: amdgpu: ring vcn_enc1 uses VM inv eng 5 on hub 1
[   11.016441] amdgpu 0000:01:00.0: amdgpu: ring jpeg_dec uses VM inv eng 6 on hub 1
[   11.019083] [drm] Initialized amdgpu 3.42.0 20150101 for 0000:01:00.0 on minor 0
[   13.472042] IPv6: ADDRCONF(NETDEV_CHANGE): enp1s0f4u1u2: link becomes ready
[   13.472339] r8152 4-1.2:1.0 enp1s0f4u1u2: carrier on
[   14.640978] ip6tables reject: IN=enp1s0f4u1u2 OUT= MAC=33:33:ff:d6:e2:34:84:d8:1b:8a:31:73:86:dd SRC=fe80:0000:0000:0000:86d8:1bff:fe8a:3173 DST=ff02:0000:0000:0000:0000:0001:ffd6:e234 LEN=72 TC=0 HOPLIMIT=255 FLOWLBL=0 PROTO=ICMPv6 TYPE=135 CODE=0 
[   15.647712] ip6tables reject: IN=enp1s0f4u1u2 OUT= MAC=33:33:ff:d6:e2:34:84:d8:1b:8a:31:73:86:dd SRC=fe80:0000:0000:0000:86d8:1bff:fe8a:3173 DST=ff02:0000:0000:0000:0000:0001:ffd6:e234 LEN=72 TC=0 HOPLIMIT=255 FLOWLBL=0 PROTO=ICMPv6 TYPE=135 CODE=0 
[   16.671391] ip6tables reject: IN=enp1s0f4u1u2 OUT= MAC=33:33:ff:d6:e2:34:84:d8:1b:8a:31:73:86:dd SRC=fe80:0000:0000:0000:86d8:1bff:fe8a:3173 DST=ff02:0000:0000:0000:0000:0001:ffd6:e234 LEN=72 TC=0 HOPLIMIT=255 FLOWLBL=0 PROTO=ICMPv6 TYPE=135 CODE=0 
[   17.466465] ip6tables reject: IN=enp1s0f4u1u2 OUT= MAC=33:33:00:00:00:01:84:d8:1b:8a:31:73:86:dd SRC=fe80:0000:0000:0000:86d8:1bff:fe8a:3173 DST=ff02:0000:0000:0000:0000:0000:0000:0001 LEN=160 TC=0 HOPLIMIT=255 FLOWLBL=460715 PROTO=ICMPv6 TYPE=134 CODE=0 
[   18.895694] ip6tables reject: IN=enp1s0f4u1u2 OUT= MAC=33:33:ff:d6:e2:34:84:d8:1b:8a:31:73:86:dd SRC=fe80:0000:0000:0000:86d8:1bff:fe8a:3173 DST=ff02:0000:0000:0000:0000:0001:ffd6:e234 LEN=72 TC=0 HOPLIMIT=255 FLOWLBL=0 PROTO=ICMPv6 TYPE=135 CODE=0 
[   19.903627] ip6tables reject: IN=enp1s0f4u1u2 OUT= MAC=33:33:ff:d6:e2:34:84:d8:1b:8a:31:73:86:dd SRC=fe80:0000:0000:0000:86d8:1bff:fe8a:3173 DST=ff02:0000:0000:0000:0000:0001:ffd6:e234 LEN=72 TC=0 HOPLIMIT=255 FLOWLBL=0 PROTO=ICMPv6 TYPE=135 CODE=0 
[   20.927487] ip6tables reject: IN=enp1s0f4u1u2 OUT= MAC=33:33:ff:d6:e2:34:84:d8:1b:8a:31:73:86:dd SRC=fe80:0000:0000:0000:86d8:1bff:fe8a:3173 DST=ff02:0000:0000:0000:0000:0001:ffd6:e234 LEN=72 TC=0 HOPLIMIT=255 FLOWLBL=0 PROTO=ICMPv6 TYPE=135 CODE=0 
[   27.764010] ip6tables reject: IN=enp1s0f4u1u2 OUT= MAC=33:33:ff:d6:e2:34:84:d8:1b:8a:31:73:86:dd SRC=fe80:0000:0000:0000:86d8:1bff:fe8a:3173 DST=ff02:0000:0000:0000:0000:0001:ffd6:e234 LEN=72 TC=0 HOPLIMIT=255 FLOWLBL=0 PROTO=ICMPv6 TYPE=135 CODE=0 
[   28.767529] ip6tables reject: IN=enp1s0f4u1u2 OUT= MAC=33:33:ff:d6:e2:34:84:d8:1b:8a:31:73:86:dd SRC=fe80:0000:0000:0000:86d8:1bff:fe8a:3173 DST=ff02:0000:0000:0000:0000:0001:ffd6:e234 LEN=72 TC=0 HOPLIMIT=255 FLOWLBL=0 PROTO=ICMPv6 TYPE=135 CODE=0 
[   29.791744] ip6tables reject: IN=enp1s0f4u1u2 OUT= MAC=33:33:ff:d6:e2:34:84:d8:1b:8a:31:73:86:dd SRC=fe80:0000:0000:0000:86d8:1bff:fe8a:3173 DST=ff02:0000:0000:0000:0000:0001:ffd6:e234 LEN=72 TC=0 HOPLIMIT=255 FLOWLBL=0 PROTO=ICMPv6 TYPE=135 CODE=0 
[   45.462009] ip6tables reject: IN=enp1s0f4u1u2 OUT= MAC=33:33:ff:d6:e2:34:84:d8:1b:8a:31:73:86:dd SRC=fe80:0000:0000:0000:86d8:1bff:fe8a:3173 DST=ff02:0000:0000:0000:0000:0001:ffd6:e234 LEN=72 TC=0 HOPLIMIT=255 FLOWLBL=0 PROTO=ICMPv6 TYPE=135 CODE=0 
[   46.463468] ip6tables reject: IN=enp1s0f4u1u2 OUT= MAC=33:33:ff:d6:e2:34:84:d8:1b:8a:31:73:86:dd SRC=fe80:0000:0000:0000:86d8:1bff:fe8a:3173 DST=ff02:0000:0000:0000:0000:0001:ffd6:e234 LEN=72 TC=0 HOPLIMIT=255 FLOWLBL=0 PROTO=ICMPv6 TYPE=135 CODE=0 
[   47.487273] ip6tables reject: IN=enp1s0f4u1u2 OUT= MAC=33:33:ff:d6:e2:34:84:d8:1b:8a:31:73:86:dd SRC=fe80:0000:0000:0000:86d8:1bff:fe8a:3173 DST=ff02:0000:0000:0000:0000:0001:ffd6:e234 LEN=72 TC=0 HOPLIMIT=255 FLOWLBL=0 PROTO=ICMPv6 TYPE=135 CODE=0 
[   71.459772] ucsi_acpi USBC000:00: PPM init failed (-110)
[   79.543129] ip6tables reject: IN=enp1s0f4u1u2 OUT= MAC=33:33:ff:d6:e2:34:84:d8:1b:8a:31:73:86:dd SRC=fe80:0000:0000:0000:86d8:1bff:fe8a:3173 DST=ff02:0000:0000:0000:0000:0001:ffd6:e234 LEN=72 TC=0 HOPLIMIT=255 FLOWLBL=0 PROTO=ICMPv6 TYPE=135 CODE=0 
[   80.544290] ip6tables reject: IN=enp1s0f4u1u2 OUT= MAC=33:33:ff:d6:e2:34:84:d8:1b:8a:31:73:86:dd SRC=fe80:0000:0000:0000:86d8:1bff:fe8a:3173 DST=ff02:0000:0000:0000:0000:0001:ffd6:e234 LEN=72 TC=0 HOPLIMIT=255 FLOWLBL=0 PROTO=ICMPv6 TYPE=135 CODE=0 
[   81.568208] ip6tables reject: IN=enp1s0f4u1u2 OUT= MAC=33:33:ff:d6:e2:34:84:d8:1b:8a:31:73:86:dd SRC=fe80:0000:0000:0000:86d8:1bff:fe8a:3173 DST=ff02:0000:0000:0000:0000:0001:ffd6:e234 LEN=72 TC=0 HOPLIMIT=255 FLOWLBL=0 PROTO=ICMPv6 TYPE=135 CODE=0 
