[    0.000000] Linux version 5.14.8-AMD (max@mksredmibook) (gcc (GCC) 11.1.0, GNU ld (GNU Binutils) 2.36.1) #3 SMP PREEMPT Sun Sep 26 22:37:42 EEST 2021
[    0.000000] Command line: BOOT_IMAGE=/@/boot/vmlinuz-linux-amd root=UUID=60699b1d-4878-4c7a-9ce1-e6cca69ee26a rw rootflags=subvol=@ quiet cryptdevice=UUID=f5c58973-d2db-4063-9fb3-06e53844933b:luks-f5c58973-d2db-4063-9fb3-06e53844933b root=/dev/mapper/luks-f5c58973-d2db-4063-9fb3-06e53844933b apparmor=1 security=apparmor resume=UUID=151d3cac-f952-4e01-9ecf-9b1a98b0597a udev.log_priority=3 lsm=landlock,lockdown,yama,apparmor,bpf amdgpu.audio=0 amdgpu.noretry=0 pci=nocrs mem_encrypt=on
[    0.000000] KERNEL supported cpus:
[    0.000000]   AMD AuthenticAMD
[    0.000000] x86/fpu: Supporting XSAVE feature 0x001: 'x87 floating point registers'
[    0.000000] x86/fpu: Supporting XSAVE feature 0x002: 'SSE registers'
[    0.000000] x86/fpu: Supporting XSAVE feature 0x004: 'AVX registers'
[    0.000000] x86/fpu: xstate_offset[2]:  576, xstate_sizes[2]:  256
[    0.000000] x86/fpu: Enabled xstate features 0x7, context size is 832 bytes, using 'compacted' format.
[    0.000000] signal: max sigframe size: 1776
[    0.000000] BIOS-provided physical RAM map:
[    0.000000] BIOS-e820: [mem 0x0000000000000000-0x000000000009efff] usable
[    0.000000] BIOS-e820: [mem 0x000000000009f000-0x00000000000bffff] reserved
[    0.000000] BIOS-e820: [mem 0x0000000000100000-0x0000000009afffff] usable
[    0.000000] BIOS-e820: [mem 0x0000000009b00000-0x0000000009dfffff] reserved
[    0.000000] BIOS-e820: [mem 0x0000000009e00000-0x0000000009efffff] usable
[    0.000000] BIOS-e820: [mem 0x0000000009f00000-0x0000000009f0ffff] ACPI NVS
[    0.000000] BIOS-e820: [mem 0x0000000009f10000-0x00000000bab68fff] usable
[    0.000000] BIOS-e820: [mem 0x00000000bab69000-0x00000000bbd68fff] reserved
[    0.000000] BIOS-e820: [mem 0x00000000bbd69000-0x00000000c9f7efff] usable
[    0.000000] BIOS-e820: [mem 0x00000000c9f7f000-0x00000000caf7efff] type 20
[    0.000000] BIOS-e820: [mem 0x00000000caf7f000-0x00000000ccf7efff] reserved
[    0.000000] BIOS-e820: [mem 0x00000000ccf7f000-0x00000000cdf7efff] ACPI NVS
[    0.000000] BIOS-e820: [mem 0x00000000cdf7f000-0x00000000cdffefff] ACPI data
[    0.000000] BIOS-e820: [mem 0x00000000cdfff000-0x00000000cdffffff] usable
[    0.000000] BIOS-e820: [mem 0x00000000ce000000-0x00000000ceffffff] reserved
[    0.000000] BIOS-e820: [mem 0x00000000f8000000-0x00000000fbffffff] reserved
[    0.000000] BIOS-e820: [mem 0x00000000fde00000-0x00000000fdefffff] reserved
[    0.000000] BIOS-e820: [mem 0x00000000fec00000-0x00000000fec00fff] reserved
[    0.000000] BIOS-e820: [mem 0x00000000fec10000-0x00000000fec10fff] reserved
[    0.000000] BIOS-e820: [mem 0x00000000fec20000-0x00000000fec20fff] reserved
[    0.000000] BIOS-e820: [mem 0x00000000fed80000-0x00000000fed80fff] reserved
[    0.000000] BIOS-e820: [mem 0x00000000fee00000-0x00000000fee00fff] reserved
[    0.000000] BIOS-e820: [mem 0x00000000ff000000-0x00000000fff2ffff] reserved
[    0.000000] BIOS-e820: [mem 0x0000000100000000-0x000000040f33ffff] usable
[    0.000000] BIOS-e820: [mem 0x000000040f340000-0x000000042fffffff] reserved
[    0.000000] NX (Execute Disable) protection: active
[    0.000000] efi: EFI v2.70 by INSYDE Corp.
[    0.000000] efi: ACPI=0xcdffe000 ACPI 2.0=0xcdffe014 TPMFinalLog=0xcdf2c000 SMBIOS=0xcb70c000 SMBIOS 3.0=0xcb70a000 ESRT=0xcb70d418 
[    0.000000] SMBIOS 3.2.0 present.
[    0.000000] DMI: TIMI RedmiBook 14 II/TM1951, BIOS RMARN4B0P0909 08/19/2020
[    0.000000] tsc: Fast TSC calibration using PIT
[    0.000000] tsc: Detected 2370.573 MHz processor
[    0.000543] e820: update [mem 0x00000000-0x00000fff] usable ==> reserved
[    0.000545] e820: remove [mem 0x000a0000-0x000fffff] usable
[    0.000550] last_pfn = 0x40f340 max_arch_pfn = 0x400000000
[    0.000735] x86/PAT: Configuration [0-7]: WB  WC  UC- UC  WB  WP  UC- WT  
[    0.000965] last_pfn = 0xce000 max_arch_pfn = 0x400000000
[    0.010391] esrt: Reserving ESRT space from 0x00000000cb70d418 to 0x00000000cb70d450.
[    0.010400] Using GB pages for direct mapping
[    0.011038] Secure boot disabled
[    0.011039] RAMDISK: [mem 0x35b2d000-0x36d8dfff]
[    0.011044] ACPI: Early table checksum verification disabled
[    0.011047] ACPI: RSDP 0x00000000CDFFE014 000024 (v02 XMCC  )
[    0.011050] ACPI: XSDT 0x00000000CDFCE188 000134 (v01 XMCC   XMCC1951 00000002      01000013)
[    0.011055] ACPI: FACP 0x00000000CDFEC000 00010C (v05 XMCC   XMCC1951 00000002      01000013)
[    0.011058] ACPI: DSDT 0x00000000CDFDF000 006545 (v01 XMCC   XMCC1951 00000002      01000013)
[    0.011061] ACPI: FACS 0x00000000CDF29000 000040
[    0.011062] ACPI: UEFI 0x00000000CDF7E000 000236 (v01 INSYDE H2O BIOS 00000001 ACPI 00040000)
[    0.011065] ACPI: SSDT 0x00000000CDFF5000 007216 (v02 AMD    AmdTable 00000002 MSFT 04000000)
[    0.011067] ACPI: IVRS 0x00000000CDFF4000 0001A4 (v02 AMD    AmdTable 00000001 AMD  00000000)
[    0.011069] ACPI: SSDT 0x00000000CDFF3000 000228 (v01 AMD    STD3     00000001 INTL 20130117)
[    0.011071] ACPI: SSDT 0x00000000CDFF2000 000D61 (v01 XMCC   XMCC1806 00003000 INTL 20130117)
[    0.011073] ACPI: SSDT 0x00000000CDFF1000 00046D (v01 Insyde TPMACPI  00001000 INTL 20130117)
[    0.011075] ACPI: TPM2 0x00000000CDFF0000 000034 (v04 XMCC   XMCC1951 00000002      01000013)
[    0.011077] ACPI: MSDM 0x00000000CDFEF000 000055 (v03 INSYDE H2O BIOS 00000001 ACPI 00040000)
[    0.011079] ACPI: ASF! 0x00000000CDFEE000 0000A5 (v32 XMCC   XMCC1951 00000002      01000013)
[    0.011082] ACPI: BOOT 0x00000000CDFED000 000028 (v01 XMCC   XMCC1951 00000002      01000013)
[    0.011084] ACPI: HPET 0x00000000CDFEB000 000038 (v01 XMCC   XMCC1951 00000002      01000013)
[    0.011086] ACPI: APIC 0x00000000CDFEA000 000138 (v03 XMCC   XMCC1951 00000002      01000013)
[    0.011088] ACPI: MCFG 0x00000000CDFE9000 00003C (v01 XMCC   XMCC1951 00000002      01000013)
[    0.011090] ACPI: SLIC 0x00000000CDFE8000 000176 (v01 XMCC   XMCC1951 00000002      01000013)
[    0.011092] ACPI: SSDT 0x00000000CDFDE000 000080 (v01 XMCC   XMCC1951 00000002      01000013)
[    0.011094] ACPI: VFCT 0x00000000CDFD0000 00D484 (v01 XMCC   XMCC1951 00000001 AMD  31504F47)
[    0.011096] ACPI: SSDT 0x00000000CDFCF000 0000F8 (v01 XMCC   PcdTabl  00001000 INTL 20130117)
[    0.011098] ACPI: SSDT 0x00000000CDFCC000 001500 (v01 AMD    AmdTable 00000001 AMD  00000001)
[    0.011100] ACPI: CRAT 0x00000000CDFFD000 000BA8 (v01 AMD    AmdTable 00000001 AMD  00000001)
[    0.011102] ACPI: CDIT 0x00000000CDFCB000 000029 (v01 AMD    AmdTable 00000001 AMD  00000001)
[    0.011104] ACPI: SSDT 0x00000000CDFCA000 00028D (v01 AMD    AmdTable 00000001 INTL 20130117)
[    0.011106] ACPI: SSDT 0x00000000CDFC9000 000C78 (v01 AMD    AmdTable 00000001 INTL 20130117)
[    0.011108] ACPI: SSDT 0x00000000CDFC7000 0010A5 (v01 AMD    AmdTable 00000001 INTL 20130117)
[    0.011110] ACPI: SSDT 0x00000000CDFC3000 0030C8 (v01 AMD    AmdTable 00000001 INTL 20130117)
[    0.011112] ACPI: FPDT 0x00000000CDFC2000 000044 (v01 XMCC   XMCC1951 00000002      01000013)
[    0.011114] ACPI: WSMT 0x00000000CDFC0000 000028 (v01 INSYDE H2O BIOS 00000001 ACPI 00040000)
[    0.011116] ACPI: SSDT 0x00000000CDFE7000 00020A (v01 AMD    AmdTable 00000001 INTL 20130117)
[    0.011118] ACPI: SSDT 0x00000000CDFE6000 0005A1 (v01 AMD    AmdTable 00000001 INTL 20130117)
[    0.011120] ACPI: SSDT 0x00000000CDFBF000 000343 (v01 AMD    AmdTable 00000001 INTL 20130117)
[    0.011122] ACPI: SSDT 0x00000000CDFBE000 00007D (v01 AMD    AmdTable 00000001 INTL 20130117)
[    0.011124] ACPI: SSDT 0x00000000CDFBD000 000822 (v01 AMD    AmdTable 00000001 INTL 20130117)
[    0.011126] ACPI: SSDT 0x00000000CDFBC000 000517 (v01 AMD    AmdTable 00000001 INTL 20130117)
[    0.011128] ACPI: BGRT 0x00000000CDFC1000 000038 (v01 INSYDE H2O BIOS 00000001 ACPI 00040000)
[    0.011129] ACPI: Reserving FACP table memory at [mem 0xcdfec000-0xcdfec10b]
[    0.011131] ACPI: Reserving DSDT table memory at [mem 0xcdfdf000-0xcdfe5544]
[    0.011131] ACPI: Reserving FACS table memory at [mem 0xcdf29000-0xcdf2903f]
[    0.011132] ACPI: Reserving UEFI table memory at [mem 0xcdf7e000-0xcdf7e235]
[    0.011133] ACPI: Reserving SSDT table memory at [mem 0xcdff5000-0xcdffc215]
[    0.011133] ACPI: Reserving IVRS table memory at [mem 0xcdff4000-0xcdff41a3]
[    0.011134] ACPI: Reserving SSDT table memory at [mem 0xcdff3000-0xcdff3227]
[    0.011135] ACPI: Reserving SSDT table memory at [mem 0xcdff2000-0xcdff2d60]
[    0.011135] ACPI: Reserving SSDT table memory at [mem 0xcdff1000-0xcdff146c]
[    0.011136] ACPI: Reserving TPM2 table memory at [mem 0xcdff0000-0xcdff0033]
[    0.011137] ACPI: Reserving MSDM table memory at [mem 0xcdfef000-0xcdfef054]
[    0.011137] ACPI: Reserving ASF! table memory at [mem 0xcdfee000-0xcdfee0a4]
[    0.011138] ACPI: Reserving BOOT table memory at [mem 0xcdfed000-0xcdfed027]
[    0.011139] ACPI: Reserving HPET table memory at [mem 0xcdfeb000-0xcdfeb037]
[    0.011140] ACPI: Reserving APIC table memory at [mem 0xcdfea000-0xcdfea137]
[    0.011140] ACPI: Reserving MCFG table memory at [mem 0xcdfe9000-0xcdfe903b]
[    0.011141] ACPI: Reserving SLIC table memory at [mem 0xcdfe8000-0xcdfe8175]
[    0.011142] ACPI: Reserving SSDT table memory at [mem 0xcdfde000-0xcdfde07f]
[    0.011142] ACPI: Reserving VFCT table memory at [mem 0xcdfd0000-0xcdfdd483]
[    0.011143] ACPI: Reserving SSDT table memory at [mem 0xcdfcf000-0xcdfcf0f7]
[    0.011144] ACPI: Reserving SSDT table memory at [mem 0xcdfcc000-0xcdfcd4ff]
[    0.011145] ACPI: Reserving CRAT table memory at [mem 0xcdffd000-0xcdffdba7]
[    0.011145] ACPI: Reserving CDIT table memory at [mem 0xcdfcb000-0xcdfcb028]
[    0.011146] ACPI: Reserving SSDT table memory at [mem 0xcdfca000-0xcdfca28c]
[    0.011147] ACPI: Reserving SSDT table memory at [mem 0xcdfc9000-0xcdfc9c77]
[    0.011148] ACPI: Reserving SSDT table memory at [mem 0xcdfc7000-0xcdfc80a4]
[    0.011148] ACPI: Reserving SSDT table memory at [mem 0xcdfc3000-0xcdfc60c7]
[    0.011149] ACPI: Reserving FPDT table memory at [mem 0xcdfc2000-0xcdfc2043]
[    0.011150] ACPI: Reserving WSMT table memory at [mem 0xcdfc0000-0xcdfc0027]
[    0.011150] ACPI: Reserving SSDT table memory at [mem 0xcdfe7000-0xcdfe7209]
[    0.011151] ACPI: Reserving SSDT table memory at [mem 0xcdfe6000-0xcdfe65a0]
[    0.011152] ACPI: Reserving SSDT table memory at [mem 0xcdfbf000-0xcdfbf342]
[    0.011153] ACPI: Reserving SSDT table memory at [mem 0xcdfbe000-0xcdfbe07c]
[    0.011154] ACPI: Reserving SSDT table memory at [mem 0xcdfbd000-0xcdfbd821]
[    0.011154] ACPI: Reserving SSDT table memory at [mem 0xcdfbc000-0xcdfbc516]
[    0.011155] ACPI: Reserving BGRT table memory at [mem 0xcdfc1000-0xcdfc1037]
[    0.011175] No NUMA configuration found
[    0.011176] Faking a node at [mem 0x0000000000000000-0x000000040f33ffff]
[    0.011179] NODE_DATA(0) allocated [mem 0x40f33c000-0x40f33ffff]
[    0.011203] Zone ranges:
[    0.011204]   DMA      [mem 0x0000000000001000-0x0000000000ffffff]
[    0.011205]   DMA32    [mem 0x0000000001000000-0x00000000ffffffff]
[    0.011206]   Normal   [mem 0x0000000100000000-0x000000040f33ffff]
[    0.011207]   Device   empty
[    0.011208] Movable zone start for each node
[    0.011209] Early memory node ranges
[    0.011209]   node   0: [mem 0x0000000000001000-0x000000000009efff]
[    0.011211]   node   0: [mem 0x0000000000100000-0x0000000009afffff]
[    0.011211]   node   0: [mem 0x0000000009e00000-0x0000000009efffff]
[    0.011212]   node   0: [mem 0x0000000009f10000-0x00000000bab68fff]
[    0.011213]   node   0: [mem 0x00000000bbd69000-0x00000000c9f7efff]
[    0.011214]   node   0: [mem 0x00000000cdfff000-0x00000000cdffffff]
[    0.011214]   node   0: [mem 0x0000000100000000-0x000000040f33ffff]
[    0.011216] Initmem setup node 0 [mem 0x0000000000001000-0x000000040f33ffff]
[    0.011219] On node 0, zone DMA: 1 pages in unavailable ranges
[    0.011236] On node 0, zone DMA: 97 pages in unavailable ranges
[    0.011378] On node 0, zone DMA32: 768 pages in unavailable ranges
[    0.016476] On node 0, zone DMA32: 16 pages in unavailable ranges
[    0.016941] On node 0, zone DMA32: 4608 pages in unavailable ranges
[    0.017069] On node 0, zone DMA32: 16512 pages in unavailable ranges
[    0.040836] On node 0, zone Normal: 8192 pages in unavailable ranges
[    0.040868] On node 0, zone Normal: 3264 pages in unavailable ranges
[    0.041020] ACPI: PM-Timer IO Port: 0x408
[    0.041026] ACPI: LAPIC_NMI (acpi_id[0x00] high edge lint[0x1])
[    0.041028] ACPI: LAPIC_NMI (acpi_id[0x01] high edge lint[0x1])
[    0.041028] ACPI: LAPIC_NMI (acpi_id[0x02] high edge lint[0x1])
[    0.041029] ACPI: LAPIC_NMI (acpi_id[0x03] high edge lint[0x1])
[    0.041030] ACPI: LAPIC_NMI (acpi_id[0x04] high edge lint[0x1])
[    0.041030] ACPI: LAPIC_NMI (acpi_id[0x05] high edge lint[0x1])
[    0.041031] ACPI: LAPIC_NMI (acpi_id[0x06] high edge lint[0x1])
[    0.041032] ACPI: LAPIC_NMI (acpi_id[0x07] high edge lint[0x1])
[    0.041032] ACPI: LAPIC_NMI (acpi_id[0x08] high edge lint[0x1])
[    0.041033] ACPI: LAPIC_NMI (acpi_id[0x09] high edge lint[0x1])
[    0.041033] ACPI: LAPIC_NMI (acpi_id[0x0a] high edge lint[0x1])
[    0.041034] ACPI: LAPIC_NMI (acpi_id[0x0b] high edge lint[0x1])
[    0.041034] ACPI: LAPIC_NMI (acpi_id[0x0c] high edge lint[0x1])
[    0.041035] ACPI: LAPIC_NMI (acpi_id[0x0d] high edge lint[0x1])
[    0.041035] ACPI: LAPIC_NMI (acpi_id[0x0e] high edge lint[0x1])
[    0.041036] ACPI: LAPIC_NMI (acpi_id[0x0f] high edge lint[0x1])
[    0.041049] IOAPIC[0]: apic_id 33, version 33, address 0xfec00000, GSI 0-23
[    0.041054] IOAPIC[1]: apic_id 34, version 33, address 0xfec01000, GSI 24-55
[    0.041055] ACPI: INT_SRC_OVR (bus 0 bus_irq 0 global_irq 2 dfl dfl)
[    0.041057] ACPI: INT_SRC_OVR (bus 0 bus_irq 9 global_irq 9 low level)
[    0.041059] ACPI: Using ACPI (MADT) for SMP configuration information
[    0.041060] ACPI: HPET id: 0x10228210 base: 0xfed00000
[    0.041068] e820: update [mem 0xb3647000-0xb364cfff] usable ==> reserved
[    0.041078] smpboot: Allowing 16 CPUs, 10 hotplug CPUs
[    0.041100] PM: hibernation: Registered nosave memory: [mem 0x00000000-0x00000fff]
[    0.041102] PM: hibernation: Registered nosave memory: [mem 0x0009f000-0x000bffff]
[    0.041103] PM: hibernation: Registered nosave memory: [mem 0x000c0000-0x000fffff]
[    0.041104] PM: hibernation: Registered nosave memory: [mem 0x09b00000-0x09dfffff]
[    0.041105] PM: hibernation: Registered nosave memory: [mem 0x09f00000-0x09f0ffff]
[    0.041107] PM: hibernation: Registered nosave memory: [mem 0xb3647000-0xb364cfff]
[    0.041108] PM: hibernation: Registered nosave memory: [mem 0xbab69000-0xbbd68fff]
[    0.041110] PM: hibernation: Registered nosave memory: [mem 0xc9f7f000-0xcaf7efff]
[    0.041110] PM: hibernation: Registered nosave memory: [mem 0xcaf7f000-0xccf7efff]
[    0.041111] PM: hibernation: Registered nosave memory: [mem 0xccf7f000-0xcdf7efff]
[    0.041111] PM: hibernation: Registered nosave memory: [mem 0xcdf7f000-0xcdffefff]
[    0.041113] PM: hibernation: Registered nosave memory: [mem 0xce000000-0xceffffff]
[    0.041113] PM: hibernation: Registered nosave memory: [mem 0xcf000000-0xf7ffffff]
[    0.041114] PM: hibernation: Registered nosave memory: [mem 0xf8000000-0xfbffffff]
[    0.041114] PM: hibernation: Registered nosave memory: [mem 0xfc000000-0xfddfffff]
[    0.041115] PM: hibernation: Registered nosave memory: [mem 0xfde00000-0xfdefffff]
[    0.041115] PM: hibernation: Registered nosave memory: [mem 0xfdf00000-0xfebfffff]
[    0.041116] PM: hibernation: Registered nosave memory: [mem 0xfec00000-0xfec00fff]
[    0.041117] PM: hibernation: Registered nosave memory: [mem 0xfec01000-0xfec0ffff]
[    0.041117] PM: hibernation: Registered nosave memory: [mem 0xfec10000-0xfec10fff]
[    0.041118] PM: hibernation: Registered nosave memory: [mem 0xfec11000-0xfec1ffff]
[    0.041118] PM: hibernation: Registered nosave memory: [mem 0xfec20000-0xfec20fff]
[    0.041119] PM: hibernation: Registered nosave memory: [mem 0xfec21000-0xfed7ffff]
[    0.041119] PM: hibernation: Registered nosave memory: [mem 0xfed80000-0xfed80fff]
[    0.041120] PM: hibernation: Registered nosave memory: [mem 0xfed81000-0xfedfffff]
[    0.041120] PM: hibernation: Registered nosave memory: [mem 0xfee00000-0xfee00fff]
[    0.041121] PM: hibernation: Registered nosave memory: [mem 0xfee01000-0xfeffffff]
[    0.041121] PM: hibernation: Registered nosave memory: [mem 0xff000000-0xfff2ffff]
[    0.041122] PM: hibernation: Registered nosave memory: [mem 0xfff30000-0xffffffff]
[    0.041124] [mem 0xcf000000-0xf7ffffff] available for PCI devices
[    0.041125] Booting paravirtualized kernel on bare hardware
[    0.041127] clocksource: refined-jiffies: mask: 0xffffffff max_cycles: 0xffffffff, max_idle_ns: 6370452778343963 ns
[    0.044131] setup_percpu: NR_CPUS:128 nr_cpumask_bits:128 nr_cpu_ids:16 nr_node_ids:1
[    0.044683] percpu: Embedded 50 pages/cpu s167936 r8192 d28672 u262144
[    0.044691] pcpu-alloc: s167936 r8192 d28672 u262144 alloc=1*2097152
[    0.044693] pcpu-alloc: [0] 00 01 02 03 04 05 06 07 [0] 08 09 10 11 12 13 14 15 
[    0.044720] Built 1 zonelists, mobility grouping on.  Total pages: 3966649
[    0.044721] Policy zone: Normal
[    0.044722] Kernel command line: BOOT_IMAGE=/@/boot/vmlinuz-linux-amd root=UUID=60699b1d-4878-4c7a-9ce1-e6cca69ee26a rw rootflags=subvol=@ quiet cryptdevice=UUID=f5c58973-d2db-4063-9fb3-06e53844933b:luks-f5c58973-d2db-4063-9fb3-06e53844933b root=/dev/mapper/luks-f5c58973-d2db-4063-9fb3-06e53844933b apparmor=1 security=apparmor resume=UUID=151d3cac-f952-4e01-9ecf-9b1a98b0597a udev.log_priority=3 lsm=landlock,lockdown,yama,apparmor,bpf amdgpu.audio=0 amdgpu.noretry=0 pci=nocrs mem_encrypt=on
[    0.044807] Unknown command line parameters: BOOT_IMAGE=/@/boot/vmlinuz-linux-amd cryptdevice=UUID=f5c58973-d2db-4063-9fb3-06e53844933b:luks-f5c58973-d2db-4063-9fb3-06e53844933b mem_encrypt=on
[    0.046613] Dentry cache hash table entries: 2097152 (order: 12, 16777216 bytes, linear)
[    0.047519] Inode-cache hash table entries: 1048576 (order: 11, 8388608 bytes, linear)
[    0.047561] mem auto-init: stack:byref_all(zero), heap alloc:off, heap free:off
[    0.081587] Memory: 15563004K/16119096K available (12295K kernel code, 3070K rwdata, 3708K rodata, 1640K init, 3920K bss, 555832K reserved, 0K cma-reserved)
[    0.081595] random: get_random_u64 called from __kmem_cache_create+0x26/0x540 with crng_init=0
[    0.081724] SLUB: HWalign=64, Order=0-3, MinObjects=0, CPUs=16, Nodes=1
[    0.081737] ftrace: allocating 35819 entries in 140 pages
[    0.091182] ftrace: allocated 140 pages with 3 groups
[    0.091275] rcu: Preemptible hierarchical RCU implementation.
[    0.091275] rcu: 	RCU restricting CPUs from NR_CPUS=128 to nr_cpu_ids=16.
[    0.091277] 	Trampoline variant of Tasks RCU enabled.
[    0.091277] 	Rude variant of Tasks RCU enabled.
[    0.091278] 	Tracing variant of Tasks RCU enabled.
[    0.091278] rcu: RCU calculated value of scheduler-enlistment delay is 30 jiffies.
[    0.091279] rcu: Adjusting geometry for rcu_fanout_leaf=16, nr_cpu_ids=16
[    0.094033] NR_IRQS: 8448, nr_irqs: 1096, preallocated irqs: 16
[    0.094360] random: crng done (trusting CPU's manufacturer)
[    0.094388] Console: colour dummy device 80x25
[    0.094400] printk: console [tty0] enabled
[    0.094418] ACPI: Core revision 20210604
[    0.094599] clocksource: hpet: mask: 0xffffffff max_cycles: 0xffffffff, max_idle_ns: 133484873504 ns
[    0.094616] APIC: Switch to symmetric I/O mode setup
[    0.095317] AMD-Vi: ivrs, add hid:AMDI0020, uid:\_SB.FUR0, rdevid:160
[    0.095319] AMD-Vi: ivrs, add hid:AMDI0020, uid:\_SB.FUR1, rdevid:160
[    0.095319] AMD-Vi: ivrs, add hid:AMDI0020, uid:\_SB.FUR2, rdevid:160
[    0.095320] AMD-Vi: ivrs, add hid:AMDI0020, uid:\_SB.FUR3, rdevid:160
[    0.095590] Switched APIC routing to physical flat.
[    0.096312] ..TIMER: vector=0x30 apic1=0 pin1=2 apic2=-1 pin2=-1
[    0.111289] clocksource: tsc-early: mask: 0xffffffffffffffff max_cycles: 0x222ba0ca13e, max_idle_ns: 440795218518 ns
[    0.111298] Calibrating delay loop (skipped), value calculated using timer frequency.. 4743.69 BogoMIPS (lpj=7901910)
[    0.111300] pid_max: default: 32768 minimum: 301
[    0.114653] LSM: Security Framework initializing
[    0.114655] LSM: security= is ignored because it is superseded by lsm=
[    0.114659] Yama: becoming mindful.
[    0.114673] AppArmor: AppArmor initialized
[    0.114697] Mount-cache hash table entries: 32768 (order: 6, 262144 bytes, linear)
[    0.114711] Mountpoint-cache hash table entries: 32768 (order: 6, 262144 bytes, linear)
[    0.114885] x86/cpu: User Mode Instruction Prevention (UMIP) activated
[    0.114919] LVT offset 1 assigned for vector 0xf9
[    0.114980] LVT offset 2 assigned for vector 0xf4
[    0.114996] Last level iTLB entries: 4KB 1024, 2MB 1024, 4MB 512
[    0.114997] Last level dTLB entries: 4KB 2048, 2MB 2048, 4MB 1024, 1GB 0
[    0.115001] Spectre V1 : Mitigation: usercopy/swapgs barriers and __user pointer sanitization
[    0.115003] Spectre V2 : Mitigation: Full AMD retpoline
[    0.115004] Spectre V2 : Spectre v2 / SpectreRSB mitigation: Filling RSB on context switch
[    0.115004] Spectre V2 : Enabling Restricted Speculation for firmware calls
[    0.115006] Spectre V2 : mitigation: Enabling conditional Indirect Branch Prediction Barrier
[    0.115007] Speculative Store Bypass: Mitigation: Speculative Store Bypass disabled via prctl and seccomp
[    0.118292] Freeing SMP alternatives memory: 32K
[    0.228284] smpboot: CPU0: AMD Ryzen 5 4500U with Radeon Graphics (family: 0x17, model: 0x60, stepping: 0x1)
[    0.228438] Performance Events: Fam17h+ core perfctr, AMD PMU driver.
[    0.228443] ... version:                0
[    0.228443] ... bit width:              48
[    0.228444] ... generic registers:      6
[    0.228445] ... value mask:             0000ffffffffffff
[    0.228445] ... max period:             00007fffffffffff
[    0.228446] ... fixed-purpose events:   0
[    0.228446] ... event mask:             000000000000003f
[    0.228492] rcu: Hierarchical SRCU implementation.
[    0.228782] NMI watchdog: Enabled. Permanently consumes one hw-PMU counter.
[    0.228897] smp: Bringing up secondary CPUs ...
[    0.228967] x86: Booting SMP configuration:
[    0.228968] .... node  #0, CPUs:        #1  #2  #3
[    0.233670] TSC synchronization [CPU#0 -> CPU#3]:
[    0.233672] Measured 3515 cycles TSC warp between CPUs, turning off TSC clock.
[    0.233673] tsc: Marking TSC unstable due to check_tsc_sync_source failed
[    0.234710]   #4  #5
[    0.234970] smp: Brought up 1 node, 6 CPUs
[    0.234970] smpboot: Max logical packages: 3
[    0.234970] smpboot: Total of 6 processors activated (28458.16 BogoMIPS)
[    0.235497] devtmpfs: initialized
[    0.235497] x86/mm: Memory block size: 128MB
[    0.238549] ACPI: PM: Registering ACPI NVS region [mem 0x09f00000-0x09f0ffff] (65536 bytes)
[    0.238549] ACPI: PM: Registering ACPI NVS region [mem 0xccf7f000-0xcdf7efff] (16777216 bytes)
[    0.238549] clocksource: jiffies: mask: 0xffffffff max_cycles: 0xffffffff, max_idle_ns: 6370867519511994 ns
[    0.238549] futex hash table entries: 4096 (order: 6, 262144 bytes, linear)
[    0.238549] pinctrl core: initialized pinctrl subsystem
[    0.238549] regulator-dummy: no parameters, enabled
[    0.238549] PM: RTC time: 07:03:14, date: 2021-09-27
[    0.238549] NET: Registered PF_NETLINK/PF_ROUTE protocol family
[    0.238549] DMA: preallocated 2048 KiB GFP_KERNEL pool for atomic allocations
[    0.238549] DMA: preallocated 2048 KiB GFP_KERNEL|GFP_DMA pool for atomic allocations
[    0.238549] DMA: preallocated 2048 KiB GFP_KERNEL|GFP_DMA32 pool for atomic allocations
[    0.238549] audit: initializing netlink subsys (disabled)
[    0.238549] audit: type=2000 audit(1632726192.143:1): state=initialized audit_enabled=0 res=1
[    0.238549] thermal_sys: Registered thermal governor 'fair_share'
[    0.238549] thermal_sys: Registered thermal governor 'bang_bang'
[    0.238549] thermal_sys: Registered thermal governor 'step_wise'
[    0.238549] thermal_sys: Registered thermal governor 'user_space'
[    0.238549] cpuidle: using governor ladder
[    0.238549] cpuidle: using governor menu
[    0.238549] Simple Boot Flag at 0x44 set to 0x1
[    0.238549] ACPI: bus type PCI registered
[    0.238549] acpiphp: ACPI Hot Plug PCI Controller Driver version: 0.5
[    0.238549] PCI: MMCONFIG for domain 0000 [bus 00-3f] at [mem 0xf8000000-0xfbffffff] (base 0xf8000000)
[    0.238549] PCI: MMCONFIG at [mem 0xf8000000-0xfbffffff] reserved in E820
[    0.238549] PCI: Using configuration type 1 for base access
[    0.238701] Kprobes globally optimized
[    0.238704] HugeTLB registered 1.00 GiB page size, pre-allocated 0 pages
[    0.238704] HugeTLB registered 2.00 MiB page size, pre-allocated 0 pages
[    0.241330] ACPI: Added _OSI(Module Device)
[    0.241330] ACPI: Added _OSI(Processor Device)
[    0.241330] ACPI: Added _OSI(3.0 _SCP Extensions)
[    0.241330] ACPI: Added _OSI(Processor Aggregator Device)
[    0.241330] ACPI: Added _OSI(Linux-Dell-Video)
[    0.241330] ACPI: Added _OSI(Linux-Lenovo-NV-HDMI-Audio)
[    0.241330] ACPI: Added _OSI(Linux-HPI-Hybrid-Graphics)
[    0.248720] ACPI: 18 ACPI AML tables successfully acquired and loaded
[    0.249384] ACPI: [Firmware Bug]: BIOS _OSI(Linux) query ignored
[    0.250391] ACPI: EC: EC started
[    0.250392] ACPI: EC: interrupt blocked
[    0.252658] ACPI: EC: EC_CMD/EC_SC=0x66, EC_DATA=0x62
[    0.252660] ACPI: \_SB_.PCI0.LPC0.EC0_: Boot DSDT EC used to handle transactions
[    0.252661] ACPI: Interpreter enabled
[    0.252671] ACPI: PM: (supports S0 S4 S5)
[    0.252671] ACPI: Using IOAPIC for interrupt routing
[    0.252766] PCI: Ignoring host bridge windows from ACPI; if necessary, use "pci=use_crs" and report a bug
[    0.253796] ACPI: PM: Power Resource [P0U0]
[    0.253810] ACPI: PM: Power Resource [P3U0]
[    0.254045] ACPI: PM: Power Resource [P0U1]
[    0.254056] ACPI: PM: Power Resource [P3U1]
[    0.254278] ACPI: PM: Power Resource [P0S0]
[    0.254288] ACPI: PM: Power Resource [P3S0]
[    0.254345] ACPI: PM: Power Resource [P0S1]
[    0.254356] ACPI: PM: Power Resource [P3S1]
[    0.257287] ACPI: PCI Root Bridge [PCI0] (domain 0000 [bus 00-ff])
[    0.257292] acpi PNP0A08:00: _OSC: OS supports [ExtendedConfig ASPM ClockPM Segments MSI HPX-Type3]
[    0.257362] acpi PNP0A08:00: _OSC: platform does not support [SHPCHotplug LTR]
[    0.257426] acpi PNP0A08:00: _OSC: OS now controls [PCIeHotplug PME AER PCIeCapability]
[    0.257433] acpi PNP0A08:00: [Firmware Info]: MMCONFIG for domain 0000 [bus 00-3f] only partially covers this bridge
[    0.257513] acpi PNP0A08:00: host bridge window [io  0x0000-0x0cf7 window] (ignored)
[    0.257515] acpi PNP0A08:00: host bridge window [io  0x0d00-0xffff window] (ignored)
[    0.257516] acpi PNP0A08:00: host bridge window [mem 0x000a0000-0x000bffff window] (ignored)
[    0.257517] acpi PNP0A08:00: host bridge window [mem 0x000c0000-0x000c3fff window] (ignored)
[    0.257518] acpi PNP0A08:00: host bridge window [mem 0x000c4000-0x000c7fff window] (ignored)
[    0.257518] acpi PNP0A08:00: host bridge window [mem 0x000c8000-0x000cbfff window] (ignored)
[    0.257519] acpi PNP0A08:00: host bridge window [mem 0x000cc000-0x000cffff window] (ignored)
[    0.257520] acpi PNP0A08:00: host bridge window [mem 0x000d0000-0x000d3fff window] (ignored)
[    0.257521] acpi PNP0A08:00: host bridge window [mem 0x000d4000-0x000d7fff window] (ignored)
[    0.257522] acpi PNP0A08:00: host bridge window [mem 0x000d8000-0x000dbfff window] (ignored)
[    0.257522] acpi PNP0A08:00: host bridge window [mem 0x000dc000-0x000dffff window] (ignored)
[    0.257523] acpi PNP0A08:00: host bridge window [mem 0x000e0000-0x000e3fff window] (ignored)
[    0.257524] acpi PNP0A08:00: host bridge window [mem 0x000e4000-0x000e7fff window] (ignored)
[    0.257525] acpi PNP0A08:00: host bridge window [mem 0x000e8000-0x000ebfff window] (ignored)
[    0.257526] acpi PNP0A08:00: host bridge window [mem 0x000ec000-0x000effff window] (ignored)
[    0.257526] acpi PNP0A08:00: host bridge window [mem 0xd0000000-0xf7ffffff window] (ignored)
[    0.257527] acpi PNP0A08:00: host bridge window [mem 0xfc000000-0xfed3ffff window] (ignored)
[    0.257528] acpi PNP0A08:00: host bridge window [io  0x0cf8-0x0cff] (ignored)
[    0.257529] acpi PNP0A08:00: host bridge window [mem 0x450200000-0xfcffffffff window] (ignored)
[    0.257530] PCI: root bus 00: using default resources
[    0.257599] PCI host bridge to bus 0000:00
[    0.257600] pci_bus 0000:00: root bus resource [io  0x0000-0xffff]
[    0.257601] pci_bus 0000:00: root bus resource [mem 0x00000000-0xffffffffffff]
[    0.257602] pci_bus 0000:00: root bus resource [bus 00-ff]
[    0.257612] pci 0000:00:00.0: [1022:1630] type 00 class 0x060000
[    0.257676] pci 0000:00:00.2: [1022:1631] type 00 class 0x080600
[    0.257747] pci 0000:00:01.0: [1022:1632] type 00 class 0x060000
[    0.257803] pci 0000:00:01.2: [1022:1634] type 01 class 0x060400
[    0.257869] pci 0000:00:01.2: PME# supported from D0 D3hot D3cold
[    0.257964] pci 0000:00:02.0: [1022:1632] type 00 class 0x060000
[    0.258024] pci 0000:00:08.0: [1022:1632] type 00 class 0x060000
[    0.258072] pci 0000:00:08.1: [1022:1635] type 01 class 0x060400
[    0.258091] pci 0000:00:08.1: enabling Extended Tags
[    0.258118] pci 0000:00:08.1: PME# supported from D0 D3hot D3cold
[    0.258185] pci 0000:00:08.2: [1022:1635] type 01 class 0x060400
[    0.258204] pci 0000:00:08.2: enabling Extended Tags
[    0.258231] pci 0000:00:08.2: PME# supported from D0 D3hot D3cold
[    0.258310] pci 0000:00:14.0: [1022:790b] type 00 class 0x0c0500
[    0.258416] pci 0000:00:14.3: [1022:790e] type 00 class 0x060100
[    0.258530] pci 0000:00:18.0: [1022:1448] type 00 class 0x060000
[    0.258560] pci 0000:00:18.1: [1022:1449] type 00 class 0x060000
[    0.258589] pci 0000:00:18.2: [1022:144a] type 00 class 0x060000
[    0.258618] pci 0000:00:18.3: [1022:144b] type 00 class 0x060000
[    0.258647] pci 0000:00:18.4: [1022:144c] type 00 class 0x060000
[    0.258676] pci 0000:00:18.5: [1022:144d] type 00 class 0x060000
[    0.258706] pci 0000:00:18.6: [1022:144e] type 00 class 0x060000
[    0.258736] pci 0000:00:18.7: [1022:144f] type 00 class 0x060000
[    0.258830] pci 0000:01:00.0: [10ec:c822] type 00 class 0x028000
[    0.258850] pci 0000:01:00.0: reg 0x10: [io  0x2000-0x20ff]
[    0.258874] pci 0000:01:00.0: reg 0x18: [mem 0xd0500000-0xd050ffff 64bit]
[    0.258994] pci 0000:01:00.0: supports D1 D2
[    0.258995] pci 0000:01:00.0: PME# supported from D0 D1 D2 D3hot D3cold
[    0.259150] pci 0000:00:01.2: PCI bridge to [bus 01]
[    0.259153] pci 0000:00:01.2:   bridge window [io  0x2000-0x2fff]
[    0.259155] pci 0000:00:01.2:   bridge window [mem 0xd0500000-0xd05fffff]
[    0.259208] pci 0000:02:00.0: [1002:1636] type 00 class 0x030000
[    0.259218] pci 0000:02:00.0: reg 0x10: [mem 0xfce0000000-0xfcefffffff 64bit pref]
[    0.259225] pci 0000:02:00.0: reg 0x18: [mem 0xfcf0000000-0xfcf01fffff 64bit pref]
[    0.259230] pci 0000:02:00.0: reg 0x20: [io  0x1000-0x10ff]
[    0.259234] pci 0000:02:00.0: reg 0x24: [mem 0xd0400000-0xd047ffff]
[    0.259242] pci 0000:02:00.0: enabling Extended Tags
[    0.259252] pci 0000:02:00.0: BAR 0: assigned to efifb
[    0.259287] pci 0000:02:00.0: PME# supported from D1 D2 D3hot D3cold
[    0.259359] pci 0000:02:00.1: [1002:1637] type 00 class 0x040300
[    0.259365] pci 0000:02:00.1: reg 0x10: [mem 0xd04c8000-0xd04cbfff]
[    0.259385] pci 0000:02:00.1: enabling Extended Tags
[    0.259410] pci 0000:02:00.1: PME# supported from D1 D2 D3hot D3cold
[    0.259458] pci 0000:02:00.2: [1022:15df] type 00 class 0x108000
[    0.259470] pci 0000:02:00.2: reg 0x18: [mem 0xd0300000-0xd03fffff]
[    0.259478] pci 0000:02:00.2: reg 0x24: [mem 0xd04cc000-0xd04cdfff]
[    0.259485] pci 0000:02:00.2: enabling Extended Tags
[    0.259555] pci 0000:02:00.3: [1022:1639] type 00 class 0x0c0330
[    0.259565] pci 0000:02:00.3: reg 0x10: [mem 0xd0100000-0xd01fffff 64bit]
[    0.259587] pci 0000:02:00.3: enabling Extended Tags
[    0.259614] pci 0000:02:00.3: PME# supported from D0 D3hot D3cold
[    0.259662] pci 0000:02:00.4: [1022:1639] type 00 class 0x0c0330
[    0.259672] pci 0000:02:00.4: reg 0x10: [mem 0xd0200000-0xd02fffff 64bit]
[    0.259694] pci 0000:02:00.4: enabling Extended Tags
[    0.259720] pci 0000:02:00.4: PME# supported from D0 D3hot D3cold
[    0.259769] pci 0000:02:00.5: [1022:15e2] type 00 class 0x048000
[    0.259776] pci 0000:02:00.5: reg 0x10: [mem 0xd0480000-0xd04bffff]
[    0.259795] pci 0000:02:00.5: enabling Extended Tags
[    0.259820] pci 0000:02:00.5: PME# supported from D0 D3hot D3cold
[    0.259873] pci 0000:02:00.6: [1022:15e3] type 00 class 0x040300
[    0.259879] pci 0000:02:00.6: reg 0x10: [mem 0xd04c0000-0xd04c7fff]
[    0.259899] pci 0000:02:00.6: enabling Extended Tags
[    0.259923] pci 0000:02:00.6: PME# supported from D0 D3hot D3cold
[    0.259990] pci 0000:00:08.1: PCI bridge to [bus 02]
[    0.259992] pci 0000:00:08.1:   bridge window [io  0x1000-0x1fff]
[    0.259994] pci 0000:00:08.1:   bridge window [mem 0xd0100000-0xd04fffff]
[    0.259996] pci 0000:00:08.1:   bridge window [mem 0xfce0000000-0xfcf01fffff 64bit pref]
[    0.260030] pci 0000:03:00.0: [1022:7901] type 00 class 0x010601
[    0.260056] pci 0000:03:00.0: reg 0x24: [mem 0xd0001000-0xd00017ff]
[    0.260064] pci 0000:03:00.0: enabling Extended Tags
[    0.260156] pci 0000:03:00.1: [1022:7901] type 00 class 0x010601
[    0.260182] pci 0000:03:00.1: reg 0x24: [mem 0xd0000000-0xd00007ff]
[    0.260189] pci 0000:03:00.1: enabling Extended Tags
[    0.260262] pci 0000:00:08.2: PCI bridge to [bus 03]
[    0.260265] pci 0000:00:08.2:   bridge window [mem 0xd0000000-0xd00fffff]
[    0.261408] ACPI: PCI: Interrupt link LNKA configured for IRQ 0
[    0.261409] ACPI: PCI: Interrupt link LNKA disabled
[    0.261448] ACPI: PCI: Interrupt link LNKB configured for IRQ 0
[    0.261448] ACPI: PCI: Interrupt link LNKB disabled
[    0.261476] ACPI: PCI: Interrupt link LNKC configured for IRQ 0
[    0.261477] ACPI: PCI: Interrupt link LNKC disabled
[    0.261514] ACPI: PCI: Interrupt link LNKD configured for IRQ 0
[    0.261515] ACPI: PCI: Interrupt link LNKD disabled
[    0.261548] ACPI: PCI: Interrupt link LNKE configured for IRQ 0
[    0.261549] ACPI: PCI: Interrupt link LNKE disabled
[    0.261575] ACPI: PCI: Interrupt link LNKF configured for IRQ 0
[    0.261576] ACPI: PCI: Interrupt link LNKF disabled
[    0.261602] ACPI: PCI: Interrupt link LNKG configured for IRQ 0
[    0.261603] ACPI: PCI: Interrupt link LNKG disabled
[    0.261629] ACPI: PCI: Interrupt link LNKH configured for IRQ 0
[    0.261629] ACPI: PCI: Interrupt link LNKH disabled
[    0.262577] ACPI: EC: interrupt unblocked
[    0.262578] ACPI: EC: event unblocked
[    0.262583] ACPI: EC: EC_CMD/EC_SC=0x66, EC_DATA=0x62
[    0.262583] ACPI: EC: GPE=0x3
[    0.262584] ACPI: \_SB_.PCI0.LPC0.EC0_: Boot DSDT EC initialization complete
[    0.262585] ACPI: \_SB_.PCI0.LPC0.EC0_: EC: Used to handle transactions and events
[    0.262615] iommu: Default domain type: Passthrough 
[    0.262626] pci 0000:02:00.0: vgaarb: VGA device added: decodes=io+mem,owns=none,locks=none
[    0.262626] pci 0000:02:00.0: vgaarb: bridge control possible
[    0.262626] pci 0000:02:00.0: vgaarb: setting as boot device
[    0.262626] vgaarb: loaded
[    0.262626] pps_core: LinuxPPS API ver. 1 registered
[    0.262626] pps_core: Software ver. 5.3.6 - Copyright 2005-2007 Rodolfo Giometti <giometti@linux.it>
[    0.262626] PTP clock support registered
[    0.262626] EDAC MC: Ver: 3.0.0
[    0.262626] Registered efivars operations
[    0.262626] NetLabel: Initializing
[    0.262626] NetLabel:  domain hash size = 128
[    0.262626] NetLabel:  protocols = UNLABELED CIPSOv4 CALIPSO
[    0.262626] NetLabel:  unlabeled traffic allowed by default
[    0.262626] PCI: Using ACPI for IRQ routing
[    0.266539] PCI: pci_cache_line_size set to 64 bytes
[    0.266575] e820: reserve RAM buffer [mem 0x0009f000-0x0009ffff]
[    0.266576] e820: reserve RAM buffer [mem 0x09b00000-0x0bffffff]
[    0.266577] e820: reserve RAM buffer [mem 0x09f00000-0x0bffffff]
[    0.266578] e820: reserve RAM buffer [mem 0xb3647000-0xb3ffffff]
[    0.266578] e820: reserve RAM buffer [mem 0xbab69000-0xbbffffff]
[    0.266579] e820: reserve RAM buffer [mem 0xc9f7f000-0xcbffffff]
[    0.266580] e820: reserve RAM buffer [mem 0xce000000-0xcfffffff]
[    0.266580] e820: reserve RAM buffer [mem 0x40f340000-0x40fffffff]
[    0.266584] hpet0: at MMIO 0xfed00000, IRQs 2, 8, 0
[    0.266584] hpet0: 3 comparators, 32-bit 14.318180 MHz counter
[    0.268430] clocksource: Switched to clocksource hpet
[    0.273021] VFS: Disk quotas dquot_6.6.0
[    0.273034] VFS: Dquot-cache hash table entries: 512 (order 0, 4096 bytes)
[    0.273118] AppArmor: AppArmor Filesystem Enabled
[    0.273133] pnp: PnP ACPI init
[    0.273284] system 00:00: [mem 0xfec00000-0xfec01fff] could not be reserved
[    0.273289] system 00:00: [mem 0xfee00000-0xfee00fff] has been reserved
[    0.273290] system 00:00: [mem 0xfde00000-0xfdefffff] has been reserved
[    0.273403] system 00:03: [io  0x0400-0x04cf] has been reserved
[    0.273405] system 00:03: [io  0x04d0-0x04d1] has been reserved
[    0.273406] system 00:03: [io  0x04d6] has been reserved
[    0.273407] system 00:03: [io  0x0c00-0x0c01] has been reserved
[    0.273407] system 00:03: [io  0x0c14] has been reserved
[    0.273408] system 00:03: [io  0x0c50-0x0c52] has been reserved
[    0.273409] system 00:03: [io  0x0c6c] has been reserved
[    0.273410] system 00:03: [io  0x0c6f] has been reserved
[    0.273411] system 00:03: [io  0x0cd0-0x0cdb] has been reserved
[    0.273441] system 00:04: [mem 0x000e0000-0x000fffff] could not be reserved
[    0.273443] system 00:04: [mem 0xff000000-0xffffffff] could not be reserved
[    0.274275] pnp: PnP ACPI: found 5 devices
[    0.282172] clocksource: acpi_pm: mask: 0xffffff max_cycles: 0xffffff, max_idle_ns: 2085701024 ns
[    0.282275] NET: Registered PF_INET protocol family
[    0.282632] IP idents hash table entries: 262144 (order: 9, 2097152 bytes, linear)
[    0.284320] tcp_listen_portaddr_hash hash table entries: 8192 (order: 5, 131072 bytes, linear)
[    0.284336] TCP established hash table entries: 131072 (order: 8, 1048576 bytes, linear)
[    0.284468] TCP bind hash table entries: 65536 (order: 8, 1048576 bytes, linear)
[    0.284586] TCP: Hash tables configured (established 131072 bind 65536)
[    0.284642] UDP hash table entries: 8192 (order: 6, 262144 bytes, linear)
[    0.284678] UDP-Lite hash table entries: 8192 (order: 6, 262144 bytes, linear)
[    0.284753] NET: Registered PF_UNIX/PF_LOCAL protocol family
[    0.284759] NET: Registered PF_XDP protocol family
[    0.284776] pci 0000:00:01.2: PCI bridge to [bus 01]
[    0.284780] pci 0000:00:01.2:   bridge window [io  0x2000-0x2fff]
[    0.284783] pci 0000:00:01.2:   bridge window [mem 0xd0500000-0xd05fffff]
[    0.284789] pci 0000:00:08.1: PCI bridge to [bus 02]
[    0.284790] pci 0000:00:08.1:   bridge window [io  0x1000-0x1fff]
[    0.284793] pci 0000:00:08.1:   bridge window [mem 0xd0100000-0xd04fffff]
[    0.284794] pci 0000:00:08.1:   bridge window [mem 0xfce0000000-0xfcf01fffff 64bit pref]
[    0.284797] pci 0000:00:08.2: PCI bridge to [bus 03]
[    0.284800] pci 0000:00:08.2:   bridge window [mem 0xd0000000-0xd00fffff]
[    0.284804] pci_bus 0000:00: resource 4 [io  0x0000-0xffff]
[    0.284805] pci_bus 0000:00: resource 5 [mem 0x00000000-0xffffffffffff]
[    0.284807] pci_bus 0000:01: resource 0 [io  0x2000-0x2fff]
[    0.284807] pci_bus 0000:01: resource 1 [mem 0xd0500000-0xd05fffff]
[    0.284809] pci_bus 0000:02: resource 0 [io  0x1000-0x1fff]
[    0.284809] pci_bus 0000:02: resource 1 [mem 0xd0100000-0xd04fffff]
[    0.284810] pci_bus 0000:02: resource 2 [mem 0xfce0000000-0xfcf01fffff 64bit pref]
[    0.284812] pci_bus 0000:03: resource 1 [mem 0xd0000000-0xd00fffff]
[    0.284915] pci 0000:02:00.1: D0 power state depends on 0000:02:00.0
[    0.284949] pci 0000:02:00.3: extending delay after power-on from D3hot to 20 msec
[    0.287809] pci 0000:02:00.4: extending delay after power-on from D3hot to 20 msec
[    0.298988] pci 0000:02:00.4: quirk_usb_early_handoff+0x0/0x740 took 10913 usecs
[    0.299002] PCI: CLS 64 bytes, default 64
[    0.299014] pci 0000:00:00.2: AMD-Vi: IOMMU performance counters supported
[    0.299046] pci 0000:00:00.2: can't derive routing for PCI INT A
[    0.299047] pci 0000:00:00.2: PCI INT A: not connected
[    0.299049] AMD-Vi: Lazy IO/TLB flushing enabled
[    0.299062] pci 0000:00:01.0: Adding to iommu group 0
[    0.299065] Trying to unpack rootfs image as initramfs...
[    0.299070] pci 0000:00:01.2: Adding to iommu group 1
[    0.299080] pci 0000:00:02.0: Adding to iommu group 2
[    0.299091] pci 0000:00:08.0: Adding to iommu group 3
[    0.299096] pci 0000:00:08.1: Adding to iommu group 3
[    0.299101] pci 0000:00:08.2: Adding to iommu group 3
[    0.299111] pci 0000:00:14.0: Adding to iommu group 4
[    0.299117] pci 0000:00:14.3: Adding to iommu group 4
[    0.299138] pci 0000:00:18.0: Adding to iommu group 5
[    0.299144] pci 0000:00:18.1: Adding to iommu group 5
[    0.299149] pci 0000:00:18.2: Adding to iommu group 5
[    0.299155] pci 0000:00:18.3: Adding to iommu group 5
[    0.299160] pci 0000:00:18.4: Adding to iommu group 5
[    0.299166] pci 0000:00:18.5: Adding to iommu group 5
[    0.299172] pci 0000:00:18.6: Adding to iommu group 5
[    0.299178] pci 0000:00:18.7: Adding to iommu group 5
[    0.299185] pci 0000:01:00.0: Adding to iommu group 6
[    0.299196] pci 0000:02:00.0: Adding to iommu group 3
[    0.299199] pci 0000:02:00.1: Adding to iommu group 3
[    0.299202] pci 0000:02:00.2: Adding to iommu group 3
[    0.299205] pci 0000:02:00.3: Adding to iommu group 3
[    0.299209] pci 0000:02:00.4: Adding to iommu group 3
[    0.299214] pci 0000:02:00.5: Adding to iommu group 3
[    0.299217] pci 0000:02:00.6: Adding to iommu group 3
[    0.299220] pci 0000:03:00.0: Adding to iommu group 3
[    0.299223] pci 0000:03:00.1: Adding to iommu group 3
[    0.299598] pci 0000:00:00.2: AMD-Vi: Found IOMMU cap 0x40
[    0.299598] AMD-Vi: Extended features (0x206d73ef22254ade): PPR X2APIC NX GT IA GA PC GA_vAPIC
[    0.299603] AMD-Vi: Interrupt remapping enabled
[    0.299603] AMD-Vi: Virtual APIC enabled
[    0.299604] AMD-Vi: X2APIC enabled
[    0.299717] PCI-DMA: Using software bounce buffering for IO (SWIOTLB)
[    0.299719] software IO TLB: mapped [mem 0x00000000c4434000-0x00000000c8434000] (64MB)
[    0.299870] RAPL PMU: API unit is 2^-32 Joules, 1 fixed counters, 163840 ms ovfl timer
[    0.299872] RAPL PMU: hw unit of domain package 2^-16 Joules
[    0.299876] amd_uncore: 4  amd_df counters detected
[    0.299879] amd_uncore: 6  amd_l3 counters detected
[    0.300124] LVT offset 0 assigned for vector 0x400
[    0.300256] perf: AMD IBS detected (0x000003ff)
[    0.300260] perf/amd_iommu: Detected AMD IOMMU #0 (2 banks, 4 counters/bank).
[    0.301604] Initialise system trusted keyrings
[    0.301621] Key type blacklist registered
[    0.301692] workingset: timestamp_bits=41 max_order=22 bucket_order=0
[    0.302399] zbud: loaded
[    0.305343] Key type asymmetric registered
[    0.305345] Asymmetric key parser 'x509' registered
[    0.305353] Block layer SCSI generic (bsg) driver version 0.4 loaded (major 246)
[    0.305447] io scheduler mq-deadline registered
[    0.305448] io scheduler kyber registered
[    0.305480] io scheduler bfq registered
[    0.305481] 
               Start testing find_bit() with random-filled bitmap
[    0.305487] fbcon: Taking over console
[    0.307355] find_next_bit:                  643518 ns, 163169 iterations
[    0.308017] find_next_zero_bit:             660140 ns, 164512 iterations
[    0.308651] find_last_bit:                  631505 ns, 163170 iterations
[    0.311930] find_first_bit:                3276185 ns,  16363 iterations
[    0.312267] find_next_and_bit:              333842 ns,  73472 iterations
[    0.312268] 
               Start testing find_bit() with sparse bitmap
[    0.312292] find_next_bit:                   12851 ns,    655 iterations
[    0.313536] find_next_zero_bit:            1242197 ns, 327026 iterations
[    0.313549] find_last_bit:                    9987 ns,    655 iterations
[    0.314807] find_first_bit:                1255467 ns,    655 iterations
[    0.314816] find_next_and_bit:                6635 ns,      1 iterations
[    0.315476] pcieport 0000:00:01.2: PME: Signaling with IRQ 26
[    0.315578] pcieport 0000:00:08.1: PME: Signaling with IRQ 27
[    0.315734] pcieport 0000:00:08.2: PME: Signaling with IRQ 28
[    0.315814] shpchp: Standard Hot Plug PCI Controller Driver version: 0.4
[    0.315836] efifb: probing for efifb
[    0.315856] efifb: showing boot graphics
[    0.316999] efifb: framebuffer at 0xfce0000000, using 8128k, total 8128k
[    0.317000] efifb: mode is 1920x1080x32, linelength=7680, pages=1
[    0.317001] efifb: scrolling: redraw
[    0.317002] efifb: Truecolor: size=8:8:8:8, shift=24:16:8:0
[    0.317156] Console: switching to colour frame buffer device 240x67
[    0.321133] fb0: EFI VGA frame buffer device
[    0.321246] Monitor-Mwait will be used to enter C-1 state
[    0.321286] ACPI: \_SB_.PLTF.C000: Found 3 idle states
[    0.321293] ACPI: FW issue: working around C-state latencies out of order
[    0.321594] ACPI: \_SB_.PLTF.C001: Found 3 idle states
[    0.321598] ACPI: FW issue: working around C-state latencies out of order
[    0.321786] ACPI: \_SB_.PLTF.C002: Found 3 idle states
[    0.321792] ACPI: FW issue: working around C-state latencies out of order
[    0.321856] ACPI: \_SB_.PLTF.C003: Found 3 idle states
[    0.321861] ACPI: FW issue: working around C-state latencies out of order
[    0.321930] ACPI: \_SB_.PLTF.C004: Found 3 idle states
[    0.321934] ACPI: FW issue: working around C-state latencies out of order
[    0.322004] ACPI: \_SB_.PLTF.C005: Found 3 idle states
[    0.322008] ACPI: FW issue: working around C-state latencies out of order
[    0.322181] Serial: 8250/16550 driver, 4 ports, IRQ sharing enabled
[    0.322909] wireguard: WireGuard 1.0.0 loaded. See www.wireguard.com for information.
[    0.322910] wireguard: Copyright (C) 2015-2019 Jason A. Donenfeld <Jason@zx2c4.com>. All Rights Reserved.
[    0.322928] rtc_cmos 00:01: RTC can wake from S4
[    0.323101] rtc_cmos 00:01: registered as rtc0
[    0.323147] rtc_cmos 00:01: setting system clock to 2021-09-27T07:03:14 UTC (1632726194)
[    0.323158] rtc_cmos 00:01: alarms up to one month, 114 bytes nvram, hpet irqs
[    0.323247] ledtrig-cpu: registered to indicate activity on CPUs
[    0.323250] EFI Variables Facility v0.08 2004-May-17
[    0.328750] pstore: Registered efi as persistent store backend
[    0.328781] drop_monitor: Initializing network drop monitor service
[    0.328887] NET: Registered PF_INET6 protocol family
[    0.340270] Freeing initrd memory: 18820K
[    0.346276] Segment Routing with IPv6
[    0.346298] NET: Registered PF_PACKET protocol family
[    0.346844] microcode: CPU0: patch_level=0x08600106
[    0.346871] microcode: CPU1: patch_level=0x08600106
[    0.346881] microcode: CPU2: patch_level=0x08600106
[    0.346890] microcode: CPU3: patch_level=0x08600106
[    0.346898] microcode: CPU4: patch_level=0x08600106
[    0.346901] microcode: CPU5: patch_level=0x08600106
[    0.346904] microcode: Microcode Update Driver: v2.2.
[    0.346908] IPI shorthand broadcast: enabled
[    0.347075] registered taskstats version 1
[    0.347222] Loading compiled-in X.509 certificates
[    0.350011] Loaded X.509 cert 'Build time autogenerated kernel key: c258437ce07344916bd15ee7041e7e9e78ff9236'
[    0.350083] zswap: loaded using pool lz4/zbud
[    0.350344] Key type ._fscrypt registered
[    0.350347] Key type .fscrypt registered
[    0.350348] Key type fscrypt-provisioning registered
[    0.350469] pstore: Using crash dump compression: zstd
[    0.350498] Key type big_key registered
[    0.350502] AppArmor: AppArmor sha1 policy hashing enabled
[    0.350815] PM:   Magic number: 5:302:67
[    0.350862] memory memory95: hash matches
[    0.350986] RAS: Correctable Errors collector initialized.
[    0.351707] Unstable clock detected, switching default tracing clock to "global"
               If you want to keep using the local clock, then add:
                 "trace_clock=local"
               on the kernel command line
[    0.352470] Freeing unused decrypted memory: 2036K
[    0.352701] Freeing unused kernel image (initmem) memory: 1640K
[    0.381544] Write protecting the kernel read-only data: 18432k
[    0.382311] Freeing unused kernel image (text/rodata gap) memory: 2040K
[    0.382449] Freeing unused kernel image (rodata/data gap) memory: 388K
[    0.382457] Run /init as init process
[    0.382459]   with arguments:
[    0.382460]     /init
[    0.382461]   with environment:
[    0.382461]     HOME=/
[    0.382461]     TERM=linux
[    0.382462]     BOOT_IMAGE=/@/boot/vmlinuz-linux-amd
[    0.382463]     cryptdevice=UUID=f5c58973-d2db-4063-9fb3-06e53844933b:luks-f5c58973-d2db-4063-9fb3-06e53844933b
[    0.382463]     mem_encrypt=on
[    0.432899] i8042: PNP: PS/2 Controller [PNP0303:KBC0] at 0x60,0x64 irq 1
[    0.432902] i8042: PNP: PS/2 appears to have AUX port disabled, if this is incorrect please boot with i8042.nopnp
[    0.434902] serio: i8042 KBD port at 0x60,0x64 irq 1
[    0.436982] ccp 0000:02:00.2: enabling device (0000 -> 0002)
[    0.437112] ccp 0000:02:00.2: ccp: unable to access the device: you might be running a broken BIOS.
[    0.439917] ACPI: bus type USB registered
[    0.439942] usbcore: registered new interface driver usbfs
[    0.439947] usbcore: registered new interface driver hub
[    0.439957] usbcore: registered new device driver usb
[    0.441754] cryptd: max_cpu_qlen set to 1000
[    0.445896] AVX2 version of gcm_enc/dec engaged.
[    0.445936] AES CTR mode by8 optimization enabled
[    0.446701] xhci_hcd 0000:02:00.3: xHCI Host Controller
[    0.446709] xhci_hcd 0000:02:00.3: new USB bus registered, assigned bus number 1
[    0.446796] xhci_hcd 0000:02:00.3: hcc params 0x0268ffe5 hci version 0x110 quirks 0x0000020000000410
[    0.447247] ccp 0000:02:00.2: tee enabled
[    0.447252] ccp 0000:02:00.2: psp enabled
[    0.451421] hub 1-0:1.0: USB hub found
[    0.451430] hub 1-0:1.0: 4 ports detected
[    0.451624] xhci_hcd 0000:02:00.3: xHCI Host Controller
[    0.451628] xhci_hcd 0000:02:00.3: new USB bus registered, assigned bus number 2
[    0.451631] xhci_hcd 0000:02:00.3: Host supports USB 3.1 Enhanced SuperSpeed
[    0.451835] SCSI subsystem initialized
[    0.453217] usb usb2: We don't know the algorithms for LPM for this host, disabling LPM.
[    0.453345] hub 2-0:1.0: USB hub found
[    0.453350] hub 2-0:1.0: 2 ports detected
[    0.453567] xhci_hcd 0000:02:00.4: xHCI Host Controller
[    0.453571] xhci_hcd 0000:02:00.4: new USB bus registered, assigned bus number 3
[    0.453658] xhci_hcd 0000:02:00.4: hcc params 0x0268ffe5 hci version 0x110 quirks 0x0000020000000410
[    0.454006] hub 3-0:1.0: USB hub found
[    0.454011] hub 3-0:1.0: 4 ports detected
[    0.454210] xhci_hcd 0000:02:00.4: xHCI Host Controller
[    0.454212] xhci_hcd 0000:02:00.4: new USB bus registered, assigned bus number 4
[    0.454214] xhci_hcd 0000:02:00.4: Host supports USB 3.1 Enhanced SuperSpeed
[    0.454224] usb usb4: We don't know the algorithms for LPM for this host, disabling LPM.
[    0.454315] hub 4-0:1.0: USB hub found
[    0.454319] hub 4-0:1.0: 2 ports detected
[    0.456215] libata version 3.00 loaded.
[    0.459074] ahci 0000:03:00.0: version 3.0
[    0.459219] ahci 0000:03:00.0: AHCI 0001.0301 32 slots 1 ports 6 Gbps 0x1 impl SATA mode
[    0.459221] ahci 0000:03:00.0: flags: 64bit ncq sntf ilck pm led clo only pmp fbs pio slum part 
[    0.459555] scsi host0: ahci
[    0.459614] ata1: SATA max UDMA/133 abar m2048@0xd0001000 port 0xd0001100 irq 49
[    0.459766] ahci 0000:03:00.1: AHCI 0001.0301 32 slots 1 ports 6 Gbps 0x1 impl SATA mode
[    0.459769] ahci 0000:03:00.1: flags: 64bit ncq sntf ilck pm led clo only pmp fbs pio slum part deso sadm sds 
[    0.459904] scsi host1: ahci
[    0.459941] ata2: SATA max UDMA/133 abar m2048@0xd0000000 port 0xd0000100 irq 51
[    0.462613] input: AT Translated Set 2 keyboard as /devices/platform/i8042/serio0/input/input0
[    0.704839] usb 1-4: new full-speed USB device number 2 using xhci_hcd
[    0.771740] ata1: SATA link down (SStatus 0 SControl 300)
[    0.928191] ata2: SATA link up 6.0 Gbps (SStatus 133 SControl 300)
[    0.929163] ata2.00: ATA-11: SAMSUNG MZNLH512HALU-00000, RVT2200Q, max UDMA/133
[    0.929172] ata2.00: 1000215216 sectors, multi 16: LBA48 NCQ (depth 32), AA
[    0.931062] ata2.00: configured for UDMA/133
[    0.931183] scsi 1:0:0:0: Direct-Access     ATA      SAMSUNG MZNLH512 200Q PQ: 0 ANSI: 5
[    0.935450] sd 1:0:0:0: [sda] 1000215216 512-byte logical blocks: (512 GB/477 GiB)
[    0.935457] sd 1:0:0:0: [sda] Write Protect is off
[    0.935458] sd 1:0:0:0: [sda] Mode Sense: 00 3a 00 00
[    0.935467] sd 1:0:0:0: [sda] Write cache: enabled, read cache: enabled, doesn't support DPO or FUA
[    0.970240]  sda: sda1 sda2 sda3
[    1.001563] sd 1:0:0:0: [sda] Attached SCSI disk
[    1.038495] device-mapper: uevent: version 1.0.3
[    1.038594] device-mapper: ioctl: 4.45.0-ioctl (2021-03-22) initialised: dm-devel@redhat.com
[    1.042139] Key type encrypted registered
[    4.588002] raid6: avx2x4   gen() 36522 MB/s
[    4.644639] raid6: avx2x4   xor()  9861 MB/s
[    4.701306] raid6: avx2x2   gen() 37975 MB/s
[    4.757974] raid6: avx2x2   xor() 23466 MB/s
[    4.814638] raid6: avx2x1   gen() 31508 MB/s
[    4.871307] raid6: avx2x1   xor() 18614 MB/s
[    4.927971] raid6: sse2x4   gen() 17704 MB/s
[    4.984638] raid6: sse2x4   xor()  8765 MB/s
[    5.041306] raid6: sse2x2   gen() 19492 MB/s
[    5.097971] raid6: sse2x2   xor() 11920 MB/s
[    5.154637] raid6: sse2x1   gen() 14893 MB/s
[    5.211305] raid6: sse2x1   xor()  9450 MB/s
[    5.211307] raid6: using algorithm avx2x2 gen() 37975 MB/s
[    5.211308] raid6: .... xor() 23466 MB/s, rmw enabled
[    5.211309] raid6: using avx2x2 recovery algorithm
[    5.212635] xor: automatically using best checksumming function   avx       
[    5.255569] Btrfs loaded, crc32c=crc32c-intel, zoned=yes
[    5.256526] BTRFS: device fsid 60699b1d-4878-4c7a-9ce1-e6cca69ee26a devid 1 transid 10566 /dev/dm-0 scanned by systemd-udevd (187)
[    5.264986] PM: Image not found (code -22)
[    5.274930] BTRFS info (device dm-0): flagging fs with big metadata feature
[    5.274934] BTRFS info (device dm-0): disk space caching is enabled
[    5.274935] BTRFS info (device dm-0): has skinny extents
[    5.288211] BTRFS info (device dm-0): enabling ssd optimizations
[    5.394791] systemd[1]: systemd 249.4-1-manjaro running in system mode (+PAM +AUDIT -SELINUX -APPARMOR -IMA +SMACK +SECCOMP +GCRYPT +GNUTLS +OPENSSL +ACL +BLKID +CURL +ELFUTILS +FIDO2 +IDN2 -IDN +IPTC +KMOD +LIBCRYPTSETUP +LIBFDISK +PCRE2 -PWQUALITY +P11KIT -QRENCODE +BZIP2 +LZ4 +XZ +ZLIB +ZSTD +XKBCOMMON +UTMP -SYSVINIT default-hierarchy=unified)
[    5.415077] systemd[1]: Detected architecture x86-64.
[    5.416081] systemd[1]: Hostname set to <mksredmibook>.
[    5.540724] systemd[1]: Queued start job for default target Graphical Interface.
[    5.541855] systemd[1]: Created slice Slice /system/getty.
[    5.542101] systemd[1]: Created slice Slice /system/maia-console.
[    5.542260] systemd[1]: Created slice Slice /system/modprobe.
[    5.542411] systemd[1]: Created slice Cryptsetup Units Slice.
[    5.542559] systemd[1]: Created slice Slice /system/systemd-fsck.
[    5.542688] systemd[1]: Created slice User and Session Slice.
[    5.542746] systemd[1]: Started Dispatch Password Requests to Console Directory Watch.
[    5.542786] systemd[1]: Started Forward Password Requests to Wall Directory Watch.
[    5.542897] systemd[1]: Set up automount Arbitrary Executable File Formats File System Automount Point.
[    5.542971] systemd[1]: Reached target Login Prompts.
[    5.542997] systemd[1]: Reached target Path Units.
[    5.543018] systemd[1]: Reached target Remote File Systems.
[    5.543038] systemd[1]: Reached target Slice Units.
[    5.543067] systemd[1]: Reached target Local Verity Integrity Protected Volumes.
[    5.543115] systemd[1]: Listening on Device-mapper event daemon FIFOs.
[    5.543682] systemd[1]: Listening on LVM2 poll daemon socket.
[    5.544429] systemd[1]: Listening on Process Core Dump Socket.
[    5.544534] systemd[1]: Listening on Journal Audit Socket.
[    5.544600] systemd[1]: Listening on Journal Socket (/dev/log).
[    5.544714] systemd[1]: Listening on Journal Socket.
[    5.545310] systemd[1]: Listening on udev Control Socket.
[    5.545403] systemd[1]: Listening on udev Kernel Socket.
[    5.545977] systemd[1]: Mounting Huge Pages File System...
[    5.546388] systemd[1]: Mounting POSIX Message Queue File System...
[    5.547083] systemd[1]: Mounting Kernel Debug File System...
[    5.547596] systemd[1]: Mounting Kernel Trace File System...
[    5.548239] systemd[1]: Starting Create List of Static Device Nodes...
[    5.548881] systemd[1]: Starting Monitoring of LVM2 mirrors, snapshots etc. using dmeventd or progress polling...
[    5.549495] systemd[1]: Starting Load Kernel Module configfs...
[    5.550018] systemd[1]: Starting Load Kernel Module drm...
[    5.550542] systemd[1]: Starting Load Kernel Module fuse...
[    5.550932] systemd[1]: Condition check resulted in Set Up Additional Binary Formats being skipped.
[    5.550983] systemd[1]: Condition check resulted in File System Check on Root Device being skipped.
[    5.551847] systemd[1]: Starting Load Kernel Modules...
[    5.552322] systemd[1]: Starting Remount Root and Kernel File Systems...
[    5.552373] systemd[1]: Condition check resulted in Repartition Root Disk being skipped.
[    5.552882] systemd[1]: Starting Coldplug All udev Devices...
[    5.553775] systemd[1]: Mounted Huge Pages File System.
[    5.553845] systemd[1]: Mounted POSIX Message Queue File System.
[    5.553893] systemd[1]: Mounted Kernel Debug File System.
[    5.553941] systemd[1]: Mounted Kernel Trace File System.
[    5.554129] systemd[1]: Finished Create List of Static Device Nodes.
[    5.554291] systemd[1]: modprobe@configfs.service: Deactivated successfully.
[    5.554424] systemd[1]: Finished Load Kernel Module configfs.
[    5.555074] systemd[1]: Mounting Kernel Configuration File System...
[    5.558025] systemd[1]: Mounted Kernel Configuration File System.
[    5.558089] BTRFS info (device dm-0): use zstd compression, level 3
[    5.558093] BTRFS info (device dm-0): disk space caching is enabled
[    5.558678] systemd[1]: Finished Remount Root and Kernel File Systems.
[    5.558926] systemd[1]: Condition check resulted in First Boot Wizard being skipped.
[    5.560578] systemd[1]: Condition check resulted in Rebuild Hardware Database being skipped.
[    5.561163] systemd[1]: Starting Load/Save Random Seed...
[    5.561214] systemd[1]: Condition check resulted in Create System Users being skipped.
[    5.561839] systemd[1]: Starting Create Static Device Nodes in /dev...
[    5.566265] fuse: init (API version 7.34)
[    5.566762] systemd[1]: modprobe@fuse.service: Deactivated successfully.
[    5.566928] systemd[1]: Finished Load Kernel Module fuse.
[    5.567594] systemd[1]: Mounting FUSE Control File System...
[    5.569621] systemd[1]: Mounted FUSE Control File System.
[    5.572896] vboxdrv: loading out-of-tree module taints kernel.
[    5.573043] vboxdrv: module verification failed: signature and/or required key missing - tainting kernel
[    5.573712] systemd[1]: Finished Load/Save Random Seed.
[    5.573904] systemd[1]: Condition check resulted in First Boot Complete being skipped.
[    5.577693] systemd[1]: Finished Create Static Device Nodes in /dev.
[    5.577834] systemd[1]: Condition check resulted in Entropy Daemon based on the HAVEGE algorithm being skipped.
[    5.578550] vboxdrv: Found 6 processor cores
[    5.579109] systemd[1]: Starting Journal Service...
[    5.579974] systemd[1]: Starting Rule-based Manager for Device Events and Files...
[    5.580306] systemd[1]: modprobe@drm.service: Deactivated successfully.
[    5.580490] systemd[1]: Finished Load Kernel Module drm.
[    5.595768] systemd[1]: Finished Monitoring of LVM2 mirrors, snapshots etc. using dmeventd or progress polling.
[    5.595841] audit: type=1130 audit(1632726199.769:2): pid=1 uid=0 auid=4294967295 ses=4294967295 subj==unconfined msg='unit=lvm2-monitor comm="systemd" exe="/usr/lib/systemd/systemd" hostname=? addr=? terminal=? res=success'
[    5.595921] systemd[1]: Reached target Preparation for Local File Systems.
[    5.595961] systemd[1]: Condition check resulted in Virtual Machine and Container Storage (Compatibility) being skipped.
[    5.600062] systemd[1]: Finished Coldplug All udev Devices.
[    5.600117] audit: type=1130 audit(1632726199.773:3): pid=1 uid=0 auid=4294967295 ses=4294967295 subj==unconfined msg='unit=systemd-udev-trigger comm="systemd" exe="/usr/lib/systemd/systemd" hostname=? addr=? terminal=? res=success'
[    5.604812] vboxdrv: TSC mode is Invariant, tentative frequency 2370404047 Hz
[    5.604814] vboxdrv: Successfully loaded version 6.1.26 r145957 (interface 0x00300000)
[    5.606428] VBoxNetAdp: Successfully started.
[    5.607579] systemd[1]: Started Rule-based Manager for Device Events and Files.
[    5.607672] audit: type=1130 audit(1632726199.779:4): pid=1 uid=0 auid=4294967295 ses=4294967295 subj==unconfined msg='unit=systemd-udevd comm="systemd" exe="/usr/lib/systemd/systemd" hostname=? addr=? terminal=? res=success'
[    5.607997] VBoxNetFlt: Successfully started.
[    5.610571] systemd[1]: Finished Load Kernel Modules.
[    5.610614] audit: type=1130 audit(1632726199.783:5): pid=1 uid=0 auid=4294967295 ses=4294967295 subj==unconfined msg='unit=systemd-modules-load comm="systemd" exe="/usr/lib/systemd/systemd" hostname=? addr=? terminal=? res=success'
[    5.611344] systemd[1]: Starting Apply Kernel Variables...
[    5.612932] systemd[1]: Started Journal Service.
[    5.613089] audit: type=1130 audit(1632726199.786:6): pid=1 uid=0 auid=4294967295 ses=4294967295 subj==unconfined msg='unit=systemd-journald comm="systemd" exe="/usr/lib/systemd/systemd" hostname=? addr=? terminal=? res=success'
[    5.621765] audit: type=1130 audit(1632726199.796:7): pid=1 uid=0 auid=4294967295 ses=4294967295 subj==unconfined msg='unit=systemd-sysctl comm="systemd" exe="/usr/lib/systemd/systemd" hostname=? addr=? terminal=? res=success'
[    5.658381] input: Power Button as /devices/LNXSYSTM:00/LNXSYBUS:00/PNP0C0C:00/input/input1
[    5.658402] ACPI: button: Power Button [PWRB]
[    5.658443] input: Lid Switch as /devices/LNXSYSTM:00/LNXSYBUS:00/PNP0A08:00/device:2a/PNP0C09:00/PNP0C0D:00/input/input2
[    5.658457] ACPI: button: Lid Switch [LID0]
[    5.658806] thermal LNXTHERM:00: registered as thermal_zone0
[    5.658810] ACPI: thermal: Thermal Zone [TZ0] (45 C)
[    5.658851] acpi_cpufreq: overriding BIOS provided _PSD data
[    5.674939] acpi PNP0C14:01: duplicate WMI GUID 05901221-D566-11D1-B2F0-00A0C9062910 (first instance was on PNP0C14:00)
[    5.676813] ACPI: video: Video Device [VGA] (multi-head: yes  rom: no  post: no)
[    5.677029] acpi device:0e: registered as cooling_device6
[    5.677063] input: Video Bus as /devices/LNXSYSTM:00/LNXSYBUS:00/PNP0A08:00/device:0d/LNXVIDEO:00/input/input3
[    5.684687] audit: type=1325 audit(1632726199.856:8): table=filter:2 family=2 entries=7 op=nft_register_chain pid=382 subj==unconfined comm="iptables-restor"
[    5.684760] audit: type=1300 audit(1632726199.856:8): arch=c000003e syscall=46 success=yes exit=732 a0=3 a1=7fff69e43480 a2=0 a3=7fff69e4346c items=0 ppid=361 pid=382 auid=4294967295 uid=0 gid=0 euid=0 suid=0 fsuid=0 egid=0 sgid=0 fsgid=0 tty=(none) ses=4294967295 comm="iptables-restor" exe="/usr/bin/xtables-nft-multi" subj==unconfined key=(null)
[    5.684764] audit: type=1327 audit(1632726199.856:8): proctitle=69707461626C65732D726573746F7265002D6E
[    5.700668] hid: raw HID events driver (C) Jiri Kosina
[    5.701242] piix4_smbus 0000:00:14.0: SMBus Host Controller at 0xb00, revision 0
[    5.701246] piix4_smbus 0000:00:14.0: Using register 0x02 for SMBus port selection
[    5.702088] piix4_smbus 0000:00:14.0: Auxiliary SMBus Host Controller at 0xb20
[    5.713012] snd_rn_pci_acp3x 0000:02:00.5: enabling device (0000 -> 0002)
[    5.718711] ACPI: battery: Slot [BATT] (battery present)
[    5.718801] audit: type=1325 audit(1632726199.859:9): table=filter:3 family=2 entries=36 op=nft_register_chain pid=385 subj==unconfined comm="iptables-restor"
[    5.719001] ACPI: AC: AC Adapter [ACAD] (on-line)
[    5.736648] input: PC Speaker as /devices/platform/pcspkr/input/input4
[    5.756912] Adding 16383996k swap on /dev/sda2.  Priority:-2 extents:1 across:16383996k SSFS
[    5.825414] cfg80211: Loading compiled-in X.509 certificates for regulatory database
[    5.845462] cfg80211: Loaded X.509 cert 'sforshee: 00b28ddf47aef9cea7'
[    5.878482] BTRFS info (device dm-0): devid 1 device path /dev/mapper/luks-f5c58973-d2db-4063-9fb3-06e53844933b changed to /dev/dm-0 scanned by systemd-udevd (335)
[    5.879448] BTRFS info (device dm-0): devid 1 device path /dev/dm-0 changed to /dev/mapper/luks-f5c58973-d2db-4063-9fb3-06e53844933b scanned by systemd-udevd (335)
[    5.914127] systemd-journald[327]: Received client request to flush runtime journal.
[    5.916365] Bluetooth: Core ver 2.22
[    5.916387] NET: Registered PF_BLUETOOTH protocol family
[    5.916388] Bluetooth: HCI device and connection manager initialized
[    5.916392] Bluetooth: HCI socket layer initialized
[    5.916394] Bluetooth: L2CAP socket layer initialized
[    5.916397] Bluetooth: SCO socket layer initialized
[    5.922363] kvm: Nested Virtualization enabled
[    5.922366] SVM: kvm: Nested Paging enabled
[    5.922375] SVM: Virtual VMLOAD VMSAVE supported
[    5.922375] SVM: Virtual GIF supported
[    5.938847] snd_hda_intel 0000:02:00.1: enabling device (0000 -> 0002)
[    5.938919] snd_hda_intel 0000:02:00.1: Handle vga_switcheroo audio client
[    5.939043] snd_hda_intel 0000:02:00.6: enabling device (0000 -> 0002)
[    5.959576] MCE: In-kernel MCE decoding enabled.
[    6.013887] input: HD-Audio Generic HDMI/DP,pcm=3 as /devices/pci0000:00/0000:00:08.1/0000:02:00.1/sound/card0/input5
[    6.013929] input: HD-Audio Generic HDMI/DP,pcm=7 as /devices/pci0000:00/0000:00:08.1/0000:02:00.1/sound/card0/input6
[    6.031534] acp_pdm_mach acp_pdm_mach.0: snd_soc_register_card(acp) failed: -517
[    6.031607] acp_pdm_mach acp_pdm_mach.0: snd_soc_register_card(acp) failed: -517
[    6.032078] acp_pdm_mach acp_pdm_mach.0: snd_soc_register_card(acp) failed: -517
[    6.041745] usbcore: registered new interface driver btusb
[    6.043509] AMD-Vi: AMD IOMMUv2 driver by Joerg Roedel <jroedel@suse.de>
[    6.043944] snd_hda_codec_realtek hdaudioC1D0: autoconfig for ALC256: line_outs=1 (0x14/0x0/0x0/0x0/0x0) type:speaker
[    6.043948] snd_hda_codec_realtek hdaudioC1D0:    speaker_outs=0 (0x0/0x0/0x0/0x0/0x0)
[    6.043950] snd_hda_codec_realtek hdaudioC1D0:    hp_outs=1 (0x21/0x0/0x0/0x0/0x0)
[    6.043952] snd_hda_codec_realtek hdaudioC1D0:    mono: mono_out=0x0
[    6.043953] snd_hda_codec_realtek hdaudioC1D0:    inputs:
[    6.043954] snd_hda_codec_realtek hdaudioC1D0:      Mic=0x19
[    6.072730] Bluetooth: hci0: RTL: examining hci_ver=0a hci_rev=000c lmp_ver=0a lmp_subver=8822
[    6.074834] Bluetooth: hci0: RTL: rom_version status=0 version=3
[    6.074836] Bluetooth: hci0: RTL: loading rtl_bt/rtl8822cu_fw.bin
[    6.076501] Bluetooth: hci0: RTL: loading rtl_bt/rtl8822cu_config.bin
[    6.076537] Bluetooth: hci0: RTL: cfg_sz 6, total sz 39526
[    6.146016] input: HD-Audio Generic Mic as /devices/pci0000:00/0000:00:08.1/0000:02:00.6/sound/card1/input7
[    6.146056] input: HD-Audio Generic Headphone as /devices/pci0000:00/0000:00:08.1/0000:02:00.6/sound/card1/input8
[    6.152215] input: GXT7863:00 27C6:01E0 Mouse as /devices/platform/AMDI0010:03/i2c-0/i2c-GXT7863:00/0018:27C6:01E0.0001/input/input9
[    6.152269] input: GXT7863:00 27C6:01E0 Touchpad as /devices/platform/AMDI0010:03/i2c-0/i2c-GXT7863:00/0018:27C6:01E0.0001/input/input10
[    6.152306] hid-generic 0018:27C6:01E0.0001: input,hidraw0: I2C HID v1.00 Mouse [GXT7863:00 27C6:01E0] on i2c-GXT7863:00
[    6.232255] rtw_8822ce 0000:01:00.0: enabling device (0000 -> 0003)
[    6.238510] rtw_8822ce 0000:01:00.0: Firmware version 9.9.10, H2C version 15
[    6.241453] rtw_8822ce 0000:01:00.0: Firmware version 9.9.4, H2C version 15
[    6.328125] input: GXT7863:00 27C6:01E0 Mouse as /devices/platform/AMDI0010:03/i2c-0/i2c-GXT7863:00/0018:27C6:01E0.0001/input/input12
[    6.328228] input: GXT7863:00 27C6:01E0 Touchpad as /devices/platform/AMDI0010:03/i2c-0/i2c-GXT7863:00/0018:27C6:01E0.0001/input/input13
[    6.330364] hid-multitouch 0018:27C6:01E0.0001: input,hidraw0: I2C HID v1.00 Mouse [GXT7863:00 27C6:01E0] on i2c-GXT7863:00
[    6.338661] Error: Driver 'rtw_8822ce' is already registered, aborting...
[    6.351448] mousedev: PS/2 mouse device common for all mice
[    6.418703] Bluetooth: hci0: RTL: fw version 0x09a91a4a
[    6.439784] rtw_8822ce 0000:01:00.0 wlp1s0: renamed from wlan0
[    6.568779] [drm] amdgpu kernel modesetting enabled.
[    6.578003] amdgpu: Virtual CRAT table created for CPU
[    6.578033] amdgpu: Topology: Add CPU node
[    6.578124] checking generic (fce0000000 7f0000) vs hw (fce0000000 10000000)
[    6.578126] fb0: switching to amdgpudrmfb from EFI VGA
[    6.578205] Console: switching to colour dummy device 80x25
[    6.578227] amdgpu 0000:02:00.0: vgaarb: deactivate vga console
[    6.578289] amdgpu 0000:02:00.0: enabling device (0006 -> 0007)
[    6.578701] [drm] initializing kernel modesetting (RENOIR 0x1002:0x1636 0x1D72:0x1951 0xC3).
[    6.578708] amdgpu 0000:02:00.0: amdgpu: Trusted Memory Zone (TMZ) feature enabled
[    6.579158] [drm] register mmio base: 0xD0400000
[    6.579161] [drm] register mmio size: 524288
[    6.579163] [drm] PCIE atomic ops is not supported
[    6.580256] [drm] add ip block number 0 <soc15_common>
[    6.580258] [drm] add ip block number 1 <gmc_v9_0>
[    6.580259] [drm] add ip block number 2 <vega10_ih>
[    6.580260] [drm] add ip block number 3 <psp>
[    6.580261] [drm] add ip block number 4 <smu>
[    6.580262] [drm] add ip block number 5 <gfx_v9_0>
[    6.580263] [drm] add ip block number 6 <sdma_v4_0>
[    6.580264] [drm] add ip block number 7 <dm>
[    6.580265] [drm] add ip block number 8 <vcn_v2_0>
[    6.580266] [drm] add ip block number 9 <jpeg_v2_0>
[    6.580275] amdgpu 0000:02:00.0: amdgpu: Fetched VBIOS from VFCT
[    6.580278] amdgpu: ATOM BIOS: 113-RENOIR-026
[    6.581927] [drm] VCN decode is enabled in VM mode
[    6.581930] [drm] VCN encode is enabled in VM mode
[    6.581931] [drm] JPEG decode is enabled in VM mode
[    6.581960] [drm] vm size is 262144 GB, 4 levels, block size is 9-bit, fragment size is 9-bit
[    6.581967] amdgpu 0000:02:00.0: amdgpu: VRAM: 512M 0x000000F400000000 - 0x000000F41FFFFFFF (512M used)
[    6.581970] amdgpu 0000:02:00.0: amdgpu: GART: 1024M 0x0000000000000000 - 0x000000003FFFFFFF
[    6.581972] amdgpu 0000:02:00.0: amdgpu: AGP: 267419648M 0x000000F800000000 - 0x0000FFFFFFFFFFFF
[    6.581979] [drm] Detected VRAM RAM=512M, BAR=512M
[    6.581980] [drm] RAM width 128bits DDR4
[    6.582022] [drm] amdgpu: 512M of VRAM memory ready
[    6.582024] [drm] amdgpu: 3072M of GTT memory ready.
[    6.582028] [drm] GART: num cpu pages 262144, num gpu pages 262144
[    6.582155] [drm] PCIE GART of 1024M enabled.
[    6.582156] [drm] PTB located at 0x000000F400900000
[    6.583822] amdgpu 0000:02:00.0: amdgpu: PSP runtime database doesn't exist
[    6.619033] [drm] Loading DMUB firmware via PSP: version=0x01010019
[    6.620859] [drm] Found VCN firmware Version ENC: 1.14 DEC: 5 VEP: 0 Revision: 20
[    6.620881] amdgpu 0000:02:00.0: amdgpu: Will use PSP to load VCN firmware
[    6.972629] Bluetooth: BNEP (Ethernet Emulation) ver 1.3
[    6.972633] Bluetooth: BNEP filters: protocol multicast
[    6.972637] Bluetooth: BNEP socket layer initialized
[    6.986903] NET: Registered PF_ALG protocol family
[    7.221943] loop: module loaded
[    7.222369] loop0: detected capacity change from 0 to 8
[    7.233698] squashfs: version 4.0 (2009/01/31) Phillip Lougher
[    7.279579] [drm] reserve 0x400000 from 0xf41f800000 for PSP TMR
[    7.357904] amdgpu 0000:02:00.0: amdgpu: RAS: optional ras ta ucode is not available
[    7.366053] amdgpu 0000:02:00.0: amdgpu: RAP: optional rap ta ucode is not available
[    7.366061] amdgpu 0000:02:00.0: amdgpu: SECUREDISPLAY: securedisplay ta ucode is not available
[    7.366608] amdgpu 0000:02:00.0: amdgpu: SMU is initialized successfully!
[    7.368006] [drm] kiq ring mec 2 pipe 1 q 0
[    7.368706] [drm] Display Core initialized with v3.2.141!
[    7.369369] [drm] DMUB hardware initialized: version=0x01010019
[    7.479949] [drm] VCN decode and encode initialized successfully(under DPG Mode).
[    7.479976] [drm] JPEG decode initialized successfully.
[    7.481525] kfd kfd: amdgpu: Allocated 3969056 bytes on gart
[    7.512971] memmap_init_zone_device initialised 131072 pages in 0ms
[    7.512983] amdgpu: HMM registered 512MB device memory
[    7.513035] amdgpu: SRAT table not found
[    7.513036] amdgpu: Virtual CRAT table created for GPU
[    7.513681] amdgpu: Topology: Add dGPU node [0x1636:0x1002]
[    7.513690] kfd kfd: amdgpu: added device 1002:1636
[    7.513696] amdgpu 0000:02:00.0: amdgpu: SE 1, SH per SE 2, CU per SH 18, active_cu_number 26
[    7.516638] [drm] fb mappable at 0x410CD1000
[    7.516644] [drm] vram apper at 0x410000000
[    7.516645] [drm] size 8294400
[    7.516647] [drm] fb depth is 24
[    7.516648] [drm]    pitch is 7680
[    7.517037] fbcon: amdgpu (fb0) is primary device
[    7.577062] Console: switching to colour frame buffer device 240x67
[    7.595311] amdgpu 0000:02:00.0: [drm] fb0: amdgpu frame buffer device
[    7.611757] amdgpu 0000:02:00.0: amdgpu: ring gfx uses VM inv eng 0 on hub 0
[    7.611765] amdgpu 0000:02:00.0: amdgpu: ring comp_1.0.0 uses VM inv eng 1 on hub 0
[    7.611768] amdgpu 0000:02:00.0: amdgpu: ring comp_1.1.0 uses VM inv eng 4 on hub 0
[    7.611771] amdgpu 0000:02:00.0: amdgpu: ring comp_1.2.0 uses VM inv eng 5 on hub 0
[    7.611773] amdgpu 0000:02:00.0: amdgpu: ring comp_1.3.0 uses VM inv eng 6 on hub 0
[    7.611775] amdgpu 0000:02:00.0: amdgpu: ring comp_1.0.1 uses VM inv eng 7 on hub 0
[    7.611777] amdgpu 0000:02:00.0: amdgpu: ring comp_1.1.1 uses VM inv eng 8 on hub 0
[    7.611780] amdgpu 0000:02:00.0: amdgpu: ring comp_1.2.1 uses VM inv eng 9 on hub 0
[    7.611782] amdgpu 0000:02:00.0: amdgpu: ring comp_1.3.1 uses VM inv eng 10 on hub 0
[    7.611784] amdgpu 0000:02:00.0: amdgpu: ring kiq_2.1.0 uses VM inv eng 11 on hub 0
[    7.611787] amdgpu 0000:02:00.0: amdgpu: ring sdma0 uses VM inv eng 0 on hub 1
[    7.611790] amdgpu 0000:02:00.0: amdgpu: ring vcn_dec uses VM inv eng 1 on hub 1
[    7.611792] amdgpu 0000:02:00.0: amdgpu: ring vcn_enc0 uses VM inv eng 4 on hub 1
[    7.611795] amdgpu 0000:02:00.0: amdgpu: ring vcn_enc1 uses VM inv eng 5 on hub 1
[    7.611797] amdgpu 0000:02:00.0: amdgpu: ring jpeg_dec uses VM inv eng 6 on hub 1
[    7.613516] [drm] Initialized amdgpu 3.42.0 20150101 for 0000:02:00.0 on minor 0
[    8.009041] rtw_8822ce 0000:01:00.0: start vif 74:4c:a1:55:0d:6f on port 0
[    8.009858] rtw_8822ce 0000:01:00.0: stop vif 74:4c:a1:55:0d:6f on port 0
[    8.239458] rtw_8822ce 0000:01:00.0: start vif ba:e8:d0:02:38:3e on port 0
[   21.224607] show_signal: 75 callbacks suppressed
[   21.224611] traps: xsuspender[968] trap int3 ip:7f6c818d095b sp:7ffdbab92be0 error:0 in libglib-2.0.so.0.7000.0[7f6c81891000+8d000]
[   21.527630] Bluetooth: RFCOMM TTY layer initialized
[   21.527639] Bluetooth: RFCOMM socket layer initialized
[   21.527644] Bluetooth: RFCOMM ver 1.11
[   66.388216] ucsi_acpi USBC000:00: PPM init failed (-110)
[  147.259536] rtw_8822ce 0000:01:00.0: stop vif ba:e8:d0:02:38:3e on port 0
[  147.510779] rtw_8822ce 0000:01:00.0: start vif 74:4c:a1:55:0d:6f on port 0
[  151.652417] wlp1s0: authenticate with 84:d8:1b:8a:31:72
[  152.149524] wlp1s0: send auth to 84:d8:1b:8a:31:72 (try 1/3)
[  152.152838] wlp1s0: authenticated
[  152.154639] wlp1s0: associate with 84:d8:1b:8a:31:72 (try 1/3)
[  152.159362] wlp1s0: RX AssocResp from 84:d8:1b:8a:31:72 (capab=0x11 status=0 aid=1)
[  152.159392] rtw_8822ce 0000:01:00.0: sta 84:d8:1b:8a:31:72 joined with macid 0
[  152.159688] wlp1s0: associated
[  152.224821] IPv6: ADDRCONF(NETDEV_CHANGE): wlp1s0: link becomes ready
[  182.668581] atkbd serio0: Unknown key pressed (translated set 2, code 0xf6 on isa0060/serio0).
[  182.668588] atkbd serio0: Use 'setkeycodes e076 <keycode>' to make it known.
[  219.310630] atkbd serio0: Unknown key released (translated set 2, code 0xf6 on isa0060/serio0).
[  219.310640] atkbd serio0: Use 'setkeycodes e076 <keycode>' to make it known.
[  227.003007] atkbd serio0: Unknown key pressed (translated set 2, code 0xf6 on isa0060/serio0).
[  227.003017] atkbd serio0: Use 'setkeycodes e076 <keycode>' to make it known.
[  228.703343] atkbd serio0: Unknown key released (translated set 2, code 0xf6 on isa0060/serio0).
[  228.703354] atkbd serio0: Use 'setkeycodes e076 <keycode>' to make it known.
[  233.939237] atkbd serio0: Unknown key pressed (translated set 2, code 0xf6 on isa0060/serio0).
[  233.939249] atkbd serio0: Use 'setkeycodes e076 <keycode>' to make it known.
[  235.681072] atkbd serio0: Unknown key released (translated set 2, code 0xf6 on isa0060/serio0).
[  235.681089] atkbd serio0: Use 'setkeycodes e076 <keycode>' to make it known.
[  705.766862] nf_conntrack: default automatic helper assignment has been turned off for security reasons and CT-based firewall rule not found. Use the iptables CT target to attach helpers instead.
[  770.103928] atkbd serio0: Unknown key pressed (translated set 2, code 0xf6 on isa0060/serio0).
[  770.103937] atkbd serio0: Use 'setkeycodes e076 <keycode>' to make it known.
[  770.614379] atkbd serio0: Unknown key released (translated set 2, code 0xf6 on isa0060/serio0).
[  770.614388] atkbd serio0: Use 'setkeycodes e076 <keycode>' to make it known.
[ 1255.721196] atkbd serio0: Unknown key pressed (translated set 2, code 0xf6 on isa0060/serio0).
[ 1255.721207] atkbd serio0: Use 'setkeycodes e076 <keycode>' to make it known.
[ 1257.558968] atkbd serio0: Unknown key released (translated set 2, code 0xf6 on isa0060/serio0).
[ 1257.558980] atkbd serio0: Use 'setkeycodes e076 <keycode>' to make it known.
