[    0.000000] x86/fpu: xstate_offset[2]:  576, xstate_sizes[2]:  256
[    0.000000] x86/fpu: Enabled xstate features 0x7, context size is 832 bytes, using 'compacted' format.
[    0.000000] signal: max sigframe size: 1776
[    0.000000] BIOS-provided physical RAM map:
[    0.000000] BIOS-e820: [mem 0x0000000000000000-0x000000000009efff] usable
[    0.000000] BIOS-e820: [mem 0x000000000009f000-0x00000000000bffff] reserved
[    0.000000] BIOS-e820: [mem 0x0000000000100000-0x0000000009afffff] usable
[    0.000000] BIOS-e820: [mem 0x0000000009b00000-0x0000000009dfffff] reserved
[    0.000000] BIOS-e820: [mem 0x0000000009e00000-0x0000000009efffff] usable
[    0.000000] BIOS-e820: [mem 0x0000000009f00000-0x0000000009f0ffff] ACPI NVS
[    0.000000] BIOS-e820: [mem 0x0000000009f10000-0x00000000bab68fff] usable
[    0.000000] BIOS-e820: [mem 0x00000000bab69000-0x00000000bbd68fff] reserved
[    0.000000] BIOS-e820: [mem 0x00000000bbd69000-0x00000000c9f7efff] usable
[    0.000000] BIOS-e820: [mem 0x00000000c9f7f000-0x00000000caf7efff] type 20
[    0.000000] BIOS-e820: [mem 0x00000000caf7f000-0x00000000ccf7efff] reserved
[    0.000000] BIOS-e820: [mem 0x00000000ccf7f000-0x00000000cdf7efff] ACPI NVS
[    0.000000] BIOS-e820: [mem 0x00000000cdf7f000-0x00000000cdffefff] ACPI data
[    0.000000] BIOS-e820: [mem 0x00000000cdfff000-0x00000000cdffffff] usable
[    0.000000] BIOS-e820: [mem 0x00000000ce000000-0x00000000ceffffff] reserved
[    0.000000] BIOS-e820: [mem 0x00000000f8000000-0x00000000fbffffff] reserved
[    0.000000] BIOS-e820: [mem 0x00000000fde00000-0x00000000fdefffff] reserved
[    0.000000] BIOS-e820: [mem 0x00000000fec00000-0x00000000fec00fff] reserved
[    0.000000] BIOS-e820: [mem 0x00000000fec10000-0x00000000fec10fff] reserved
[    0.000000] BIOS-e820: [mem 0x00000000fec20000-0x00000000fec20fff] reserved
[    0.000000] BIOS-e820: [mem 0x00000000fed80000-0x00000000fed80fff] reserved
[    0.000000] BIOS-e820: [mem 0x00000000fee00000-0x00000000fee00fff] reserved
[    0.000000] BIOS-e820: [mem 0x00000000ff000000-0x00000000fff2ffff] reserved
[    0.000000] BIOS-e820: [mem 0x0000000100000000-0x000000040f33ffff] usable
[    0.000000] BIOS-e820: [mem 0x000000040f340000-0x000000042fffffff] reserved
[    0.000000] SMT: Force disabled
[    0.000000] Malformed early option 'vsyscall'
[    0.000000] NX (Execute Disable) protection: active
[    0.000000] efi: EFI v2.70 by INSYDE Corp.
[    0.000000] efi: ACPI=0xcdffe000 ACPI 2.0=0xcdffe014 TPMFinalLog=0xcdf2c000 SMBIOS=0xcb70c000 SMBIOS 3.0=0xcb70a000 ESRT=0xcb70d418 
[    0.000000] SMBIOS 3.2.0 present.
[    0.000000] DMI: TIMI RedmiBook 14 II/TM1951, BIOS RMARN4B0P0909 08/19/2020
[    0.000000] tsc: Fast TSC calibration using PIT
[    0.000000] tsc: Detected 2370.523 MHz processor
[    0.000545] e820: update [mem 0x00000000-0x00000fff] usable ==> reserved
[    0.000547] e820: remove [mem 0x000a0000-0x000fffff] usable
[    0.000552] last_pfn = 0x40f340 max_arch_pfn = 0x400000000
[    0.000730] x86/PAT: Configuration [0-7]: WB  WC  UC- UC  WB  WP  UC- WT  
[    0.000955] last_pfn = 0xce000 max_arch_pfn = 0x400000000
[    0.010426] esrt: Reserving ESRT space from 0x00000000cb70d418 to 0x00000000cb70d450.
[    0.010434] Kernel/User page tables isolation: force enabled on command line.
[    0.010435] Using GB pages for direct mapping
[    0.010915] Secure boot disabled
[    0.010916] RAMDISK: [mem 0x36afb000-0x37574fff]
[    0.010921] ACPI: Early table checksum verification disabled
[    0.010924] ACPI: RSDP 0x00000000CDFFE014 000024 (v02 XMCC  )
[    0.010928] ACPI: XSDT 0x00000000CDFCE188 000134 (v01 XMCC   XMCC1951 00000002      01000013)
[    0.010932] ACPI: FACP 0x00000000CDFEC000 00010C (v05 XMCC   XMCC1951 00000002      01000013)
[    0.010936] ACPI: DSDT 0x00000000CDFDF000 006545 (v01 XMCC   XMCC1951 00000002      01000013)
[    0.010939] ACPI: FACS 0x00000000CDF29000 000040
[    0.010941] ACPI: UEFI 0x00000000CDF7E000 000236 (v01 INSYDE H2O BIOS 00000001 ACPI 00040000)
[    0.010943] ACPI: SSDT 0x00000000CDFF5000 007216 (v02 AMD    AmdTable 00000002 MSFT 04000000)
[    0.010946] ACPI: IVRS 0x00000000CDFF4000 0001A4 (v02 AMD    AmdTable 00000001 AMD  00000000)
[    0.010948] ACPI: SSDT 0x00000000CDFF3000 000228 (v01 AMD    STD3     00000001 INTL 20130117)
[    0.010950] ACPI: SSDT 0x00000000CDFF2000 000D61 (v01 XMCC   XMCC1806 00003000 INTL 20130117)
[    0.010952] ACPI: SSDT 0x00000000CDFF1000 00046D (v01 Insyde TPMACPI  00001000 INTL 20130117)
[    0.010955] ACPI: TPM2 0x00000000CDFF0000 000034 (v04 XMCC   XMCC1951 00000002      01000013)
[    0.010957] ACPI: MSDM 0x00000000CDFEF000 000055 (v03 INSYDE H2O BIOS 00000001 ACPI 00040000)
[    0.010959] ACPI: ASF! 0x00000000CDFEE000 0000A5 (v32 XMCC   XMCC1951 00000002      01000013)
[    0.010961] ACPI: BOOT 0x00000000CDFED000 000028 (v01 XMCC   XMCC1951 00000002      01000013)
[    0.010963] ACPI: HPET 0x00000000CDFEB000 000038 (v01 XMCC   XMCC1951 00000002      01000013)
[    0.010965] ACPI: APIC 0x00000000CDFEA000 000138 (v03 XMCC   XMCC1951 00000002      01000013)
[    0.010968] ACPI: MCFG 0x00000000CDFE9000 00003C (v01 XMCC   XMCC1951 00000002      01000013)
[    0.010970] ACPI: SLIC 0x00000000CDFE8000 000176 (v01 XMCC   XMCC1951 00000002      01000013)
[    0.010972] ACPI: SSDT 0x00000000CDFDE000 000080 (v01 XMCC   XMCC1951 00000002      01000013)
[    0.010974] ACPI: VFCT 0x00000000CDFD0000 00D484 (v01 XMCC   XMCC1951 00000001 AMD  31504F47)
[    0.010976] ACPI: SSDT 0x00000000CDFCF000 0000F8 (v01 XMCC   PcdTabl  00001000 INTL 20130117)
[    0.010978] ACPI: SSDT 0x00000000CDFCC000 001500 (v01 AMD    AmdTable 00000001 AMD  00000001)
[    0.010980] ACPI: CRAT 0x00000000CDFFD000 000BA8 (v01 AMD    AmdTable 00000001 AMD  00000001)
[    0.010983] ACPI: CDIT 0x00000000CDFCB000 000029 (v01 AMD    AmdTable 00000001 AMD  00000001)
[    0.010985] ACPI: SSDT 0x00000000CDFCA000 00028D (v01 AMD    AmdTable 00000001 INTL 20130117)
[    0.010987] ACPI: SSDT 0x00000000CDFC9000 000C78 (v01 AMD    AmdTable 00000001 INTL 20130117)
[    0.010989] ACPI: SSDT 0x00000000CDFC7000 0010A5 (v01 AMD    AmdTable 00000001 INTL 20130117)
[    0.010991] ACPI: SSDT 0x00000000CDFC3000 0030C8 (v01 AMD    AmdTable 00000001 INTL 20130117)
[    0.010993] ACPI: FPDT 0x00000000CDFC2000 000044 (v01 XMCC   XMCC1951 00000002      01000013)
[    0.010995] ACPI: WSMT 0x00000000CDFC0000 000028 (v01 INSYDE H2O BIOS 00000001 ACPI 00040000)
[    0.010998] ACPI: SSDT 0x00000000CDFE7000 00020A (v01 AMD    AmdTable 00000001 INTL 20130117)
[    0.011000] ACPI: SSDT 0x00000000CDFE6000 0005A1 (v01 AMD    AmdTable 00000001 INTL 20130117)
[    0.011002] ACPI: SSDT 0x00000000CDFBF000 000343 (v01 AMD    AmdTable 00000001 INTL 20130117)
[    0.011004] ACPI: SSDT 0x00000000CDFBE000 00007D (v01 AMD    AmdTable 00000001 INTL 20130117)
[    0.011006] ACPI: SSDT 0x00000000CDFBD000 000822 (v01 AMD    AmdTable 00000001 INTL 20130117)
[    0.011008] ACPI: SSDT 0x00000000CDFBC000 000517 (v01 AMD    AmdTable 00000001 INTL 20130117)
[    0.011010] ACPI: BGRT 0x00000000CDFC1000 000038 (v01 INSYDE H2O BIOS 00000001 ACPI 00040000)
[    0.011012] ACPI: Reserving FACP table memory at [mem 0xcdfec000-0xcdfec10b]
[    0.011013] ACPI: Reserving DSDT table memory at [mem 0xcdfdf000-0xcdfe5544]
[    0.011014] ACPI: Reserving FACS table memory at [mem 0xcdf29000-0xcdf2903f]
[    0.011015] ACPI: Reserving UEFI table memory at [mem 0xcdf7e000-0xcdf7e235]
[    0.011015] ACPI: Reserving SSDT table memory at [mem 0xcdff5000-0xcdffc215]
[    0.011016] ACPI: Reserving IVRS table memory at [mem 0xcdff4000-0xcdff41a3]
[    0.011017] ACPI: Reserving SSDT table memory at [mem 0xcdff3000-0xcdff3227]
[    0.011017] ACPI: Reserving SSDT table memory at [mem 0xcdff2000-0xcdff2d60]
[    0.011018] ACPI: Reserving SSDT table memory at [mem 0xcdff1000-0xcdff146c]
[    0.011019] ACPI: Reserving TPM2 table memory at [mem 0xcdff0000-0xcdff0033]
[    0.011019] ACPI: Reserving MSDM table memory at [mem 0xcdfef000-0xcdfef054]
[    0.011020] ACPI: Reserving ASF! table memory at [mem 0xcdfee000-0xcdfee0a4]
[    0.011021] ACPI: Reserving BOOT table memory at [mem 0xcdfed000-0xcdfed027]
[    0.011021] ACPI: Reserving HPET table memory at [mem 0xcdfeb000-0xcdfeb037]
[    0.011022] ACPI: Reserving APIC table memory at [mem 0xcdfea000-0xcdfea137]
[    0.011022] ACPI: Reserving MCFG table memory at [mem 0xcdfe9000-0xcdfe903b]
[    0.011023] ACPI: Reserving SLIC table memory at [mem 0xcdfe8000-0xcdfe8175]
[    0.011024] ACPI: Reserving SSDT table memory at [mem 0xcdfde000-0xcdfde07f]
[    0.011024] ACPI: Reserving VFCT table memory at [mem 0xcdfd0000-0xcdfdd483]
[    0.011025] ACPI: Reserving SSDT table memory at [mem 0xcdfcf000-0xcdfcf0f7]
[    0.011026] ACPI: Reserving SSDT table memory at [mem 0xcdfcc000-0xcdfcd4ff]
[    0.011026] ACPI: Reserving CRAT table memory at [mem 0xcdffd000-0xcdffdba7]
[    0.011027] ACPI: Reserving CDIT table memory at [mem 0xcdfcb000-0xcdfcb028]
[    0.011028] ACPI: Reserving SSDT table memory at [mem 0xcdfca000-0xcdfca28c]
[    0.011029] ACPI: Reserving SSDT table memory at [mem 0xcdfc9000-0xcdfc9c77]
[    0.011029] ACPI: Reserving SSDT table memory at [mem 0xcdfc7000-0xcdfc80a4]
[    0.011030] ACPI: Reserving SSDT table memory at [mem 0xcdfc3000-0xcdfc60c7]
[    0.011031] ACPI: Reserving FPDT table memory at [mem 0xcdfc2000-0xcdfc2043]
[    0.011031] ACPI: Reserving WSMT table memory at [mem 0xcdfc0000-0xcdfc0027]
[    0.011032] ACPI: Reserving SSDT table memory at [mem 0xcdfe7000-0xcdfe7209]
[    0.011033] ACPI: Reserving SSDT table memory at [mem 0xcdfe6000-0xcdfe65a0]
[    0.011033] ACPI: Reserving SSDT table memory at [mem 0xcdfbf000-0xcdfbf342]
[    0.011034] ACPI: Reserving SSDT table memory at [mem 0xcdfbe000-0xcdfbe07c]
[    0.011035] ACPI: Reserving SSDT table memory at [mem 0xcdfbd000-0xcdfbd821]
[    0.011036] ACPI: Reserving SSDT table memory at [mem 0xcdfbc000-0xcdfbc516]
[    0.011036] ACPI: Reserving BGRT table memory at [mem 0xcdfc1000-0xcdfc1037]
[    0.011088] No NUMA configuration found
[    0.011089] Faking a node at [mem 0x0000000000000000-0x000000040f33ffff]
[    0.011092] NODE_DATA(0) allocated [mem 0x40f33c000-0x40f33ffff]
[    0.011121] Zone ranges:
[    0.011122]   DMA      [mem 0x0000000000001000-0x0000000000ffffff]
[    0.011123]   DMA32    [mem 0x0000000001000000-0x00000000ffffffff]
[    0.011125]   Normal   [mem 0x0000000100000000-0x000000040f33ffff]
[    0.011126]   Device   empty
[    0.011126] Movable zone start for each node
[    0.011127] Early memory node ranges
[    0.011127]   node   0: [mem 0x0000000000001000-0x000000000009efff]
[    0.011128]   node   0: [mem 0x0000000000100000-0x0000000009afffff]
[    0.011129]   node   0: [mem 0x0000000009e00000-0x0000000009efffff]
[    0.011130]   node   0: [mem 0x0000000009f10000-0x00000000bab68fff]
[    0.011131]   node   0: [mem 0x00000000bbd69000-0x00000000c9f7efff]
[    0.011131]   node   0: [mem 0x00000000cdfff000-0x00000000cdffffff]
[    0.011132]   node   0: [mem 0x0000000100000000-0x000000040f33ffff]
[    0.011134] Initmem setup node 0 [mem 0x0000000000001000-0x000000040f33ffff]
[    0.011137] On node 0, zone DMA: 1 pages in unavailable ranges
[    0.011154] On node 0, zone DMA: 97 pages in unavailable ranges
[    0.011307] On node 0, zone DMA32: 768 pages in unavailable ranges
[    0.016518] On node 0, zone DMA32: 16 pages in unavailable ranges
[    0.016991] On node 0, zone DMA32: 4608 pages in unavailable ranges
[    0.017142] On node 0, zone DMA32: 16512 pages in unavailable ranges
[    0.040787] On node 0, zone Normal: 8192 pages in unavailable ranges
[    0.040823] On node 0, zone Normal: 3264 pages in unavailable ranges
[    0.040973] ACPI: PM-Timer IO Port: 0x408
[    0.040979] ACPI: LAPIC_NMI (acpi_id[0x00] high edge lint[0x1])
[    0.040981] ACPI: LAPIC_NMI (acpi_id[0x01] high edge lint[0x1])
[    0.040982] ACPI: LAPIC_NMI (acpi_id[0x02] high edge lint[0x1])
[    0.040982] ACPI: LAPIC_NMI (acpi_id[0x03] high edge lint[0x1])
[    0.040983] ACPI: LAPIC_NMI (acpi_id[0x04] high edge lint[0x1])
[    0.040983] ACPI: LAPIC_NMI (acpi_id[0x05] high edge lint[0x1])
[    0.040984] ACPI: LAPIC_NMI (acpi_id[0x06] high edge lint[0x1])
[    0.040984] ACPI: LAPIC_NMI (acpi_id[0x07] high edge lint[0x1])
[    0.040985] ACPI: LAPIC_NMI (acpi_id[0x08] high edge lint[0x1])
[    0.040986] ACPI: LAPIC_NMI (acpi_id[0x09] high edge lint[0x1])
[    0.040986] ACPI: LAPIC_NMI (acpi_id[0x0a] high edge lint[0x1])
[    0.040987] ACPI: LAPIC_NMI (acpi_id[0x0b] high edge lint[0x1])
[    0.040987] ACPI: LAPIC_NMI (acpi_id[0x0c] high edge lint[0x1])
[    0.040988] ACPI: LAPIC_NMI (acpi_id[0x0d] high edge lint[0x1])
[    0.040988] ACPI: LAPIC_NMI (acpi_id[0x0e] high edge lint[0x1])
[    0.040989] ACPI: LAPIC_NMI (acpi_id[0x0f] high edge lint[0x1])
[    0.041002] IOAPIC[0]: apic_id 33, version 33, address 0xfec00000, GSI 0-23
[    0.041007] IOAPIC[1]: apic_id 34, version 33, address 0xfec01000, GSI 24-55
[    0.041009] ACPI: INT_SRC_OVR (bus 0 bus_irq 0 global_irq 2 dfl dfl)
[    0.041010] ACPI: INT_SRC_OVR (bus 0 bus_irq 9 global_irq 9 low level)
[    0.041013] ACPI: Using ACPI (MADT) for SMP configuration information
[    0.041014] ACPI: HPET id: 0x10228210 base: 0xfed00000
[    0.041022] e820: update [mem 0xb3636000-0xb363bfff] usable ==> reserved
[    0.041031] smpboot: Allowing 16 CPUs, 10 hotplug CPUs
[    0.041058] PM: hibernation: Registered nosave memory: [mem 0x00000000-0x00000fff]
[    0.041060] PM: hibernation: Registered nosave memory: [mem 0x0009f000-0x000bffff]
[    0.041061] PM: hibernation: Registered nosave memory: [mem 0x000c0000-0x000fffff]
[    0.041062] PM: hibernation: Registered nosave memory: [mem 0x09b00000-0x09dfffff]
[    0.041064] PM: hibernation: Registered nosave memory: [mem 0x09f00000-0x09f0ffff]
[    0.041065] PM: hibernation: Registered nosave memory: [mem 0xb3636000-0xb363bfff]
[    0.041067] PM: hibernation: Registered nosave memory: [mem 0xbab69000-0xbbd68fff]
[    0.041068] PM: hibernation: Registered nosave memory: [mem 0xc9f7f000-0xcaf7efff]
[    0.041069] PM: hibernation: Registered nosave memory: [mem 0xcaf7f000-0xccf7efff]
[    0.041070] PM: hibernation: Registered nosave memory: [mem 0xccf7f000-0xcdf7efff]
[    0.041070] PM: hibernation: Registered nosave memory: [mem 0xcdf7f000-0xcdffefff]
[    0.041072] PM: hibernation: Registered nosave memory: [mem 0xce000000-0xceffffff]
[    0.041072] PM: hibernation: Registered nosave memory: [mem 0xcf000000-0xf7ffffff]
[    0.041073] PM: hibernation: Registered nosave memory: [mem 0xf8000000-0xfbffffff]
[    0.041073] PM: hibernation: Registered nosave memory: [mem 0xfc000000-0xfddfffff]
[    0.041074] PM: hibernation: Registered nosave memory: [mem 0xfde00000-0xfdefffff]
[    0.041074] PM: hibernation: Registered nosave memory: [mem 0xfdf00000-0xfebfffff]
[    0.041075] PM: hibernation: Registered nosave memory: [mem 0xfec00000-0xfec00fff]
[    0.041075] PM: hibernation: Registered nosave memory: [mem 0xfec01000-0xfec0ffff]
[    0.041076] PM: hibernation: Registered nosave memory: [mem 0xfec10000-0xfec10fff]
[    0.041076] PM: hibernation: Registered nosave memory: [mem 0xfec11000-0xfec1ffff]
[    0.041077] PM: hibernation: Registered nosave memory: [mem 0xfec20000-0xfec20fff]
[    0.041077] PM: hibernation: Registered nosave memory: [mem 0xfec21000-0xfed7ffff]
[    0.041078] PM: hibernation: Registered nosave memory: [mem 0xfed80000-0xfed80fff]
[    0.041078] PM: hibernation: Registered nosave memory: [mem 0xfed81000-0xfedfffff]
[    0.041079] PM: hibernation: Registered nosave memory: [mem 0xfee00000-0xfee00fff]
[    0.041079] PM: hibernation: Registered nosave memory: [mem 0xfee01000-0xfeffffff]
[    0.041080] PM: hibernation: Registered nosave memory: [mem 0xff000000-0xfff2ffff]
[    0.041080] PM: hibernation: Registered nosave memory: [mem 0xfff30000-0xffffffff]
[    0.041082] [mem 0xcf000000-0xf7ffffff] available for PCI devices
[    0.041082] Booting paravirtualized kernel on bare hardware
[    0.041085] clocksource: refined-jiffies: mask: 0xffffffff max_cycles: 0xffffffff, max_idle_ns: 6370452778343963 ns
[    0.044765] setup_percpu: NR_CPUS:320 nr_cpumask_bits:320 nr_cpu_ids:16 nr_node_ids:1
[    0.045377] percpu: Embedded 61 pages/cpu s212992 r8192 d28672 u262144
[    0.045385] pcpu-alloc: s212992 r8192 d28672 u262144 alloc=1*2097152
[    0.045388] pcpu-alloc: [0] 00 01 02 03 04 05 06 07 [0] 08 09 10 11 12 13 14 15 
[    0.045414] Fallback order for Node 0: 0 
[    0.045417] Built 1 zonelists, mobility grouping on.  Total pages: 3966649
[    0.045418] Policy zone: Normal
[    0.045419] Kernel command line: BOOT_IMAGE=/boot/vmlinuz-linux root=UUID=4a1e3b32-c022-4157-be6c-5f37d4e06cdf rw quiet resume=UUID=d8ba5b72-ed10-49e7-94e8-1b4f0c08b046 loglevel=3 audit=1 lsm=landlock,lockdown,yama,apparmor,bpf l1tf=full,force mds=full,nosmt mitigations=auto,nosmt nosmt=force pcie_aspm=force init_on_alloc=1 init_on_free=1 randomize_kstack_offset=on slab_nomerge pti=on slub_debug=ZF slub_debug=P page_poison=1 mem_encrypt=on vsyscall=nonei amd_iommu=force_isolation amdgpu.vm_update_mode=0 amdgpu.gpu_recovery=1 amdgpu.fw_load_type=2 amdgpu.virtual_display=NULL amdgpu.audio=0 amdgpu.lbpw=1 amdgpu.tmz=1 amdgpu.freesync_video=1 fsck.mode=force fsck.repair=yes
[    0.045474] audit: enabled (after initialization)
[    0.045520] PCIe ASPM is forcibly enabled
[    0.045585] mem auto-init: SLAB_POISON will take precedence over init_on_alloc/init_on_free
[    0.045706] Unknown kernel command line parameters "BOOT_IMAGE=/boot/vmlinuz-linux pti=on mem_encrypt=on", will be passed to user space.
[    0.047532] Dentry cache hash table entries: 2097152 (order: 12, 16777216 bytes, linear)
[    0.048451] Inode-cache hash table entries: 1048576 (order: 11, 8388608 bytes, linear)
[    0.048507] mem auto-init: CONFIG_PAGE_POISONING is on, will take precedence over init_on_alloc and init_on_free
[    0.048741] mem auto-init: stack:byref_all(zero), heap alloc:off, heap free:off
[    1.656388] Memory: 15558028K/16119096K available (14344K kernel code, 2079K rwdata, 10936K rodata, 1784K init, 3864K bss, 560808K reserved, 0K cma-reserved)
[    1.656393] **********************************************************
[    1.656394] **   NOTICE NOTICE NOTICE NOTICE NOTICE NOTICE NOTICE   **
[    1.656394] **                                                      **
[    1.656395] ** This system shows unhashed kernel memory addresses   **
[    1.656395] ** via the console, logs, and other interfaces. This    **
[    1.656395] ** might reduce the security of your system.            **
[    1.656396] **                                                      **
[    1.656396] ** If you see this message and you are not debugging    **
[    1.656396] ** the kernel, report this immediately to your system   **
[    1.656397] ** administrator!                                       **
[    1.656397] **                                                      **
[    1.656398] **   NOTICE NOTICE NOTICE NOTICE NOTICE NOTICE NOTICE   **
[    1.656398] **********************************************************
[    1.656401] random: get_random_u64 called from __kmem_cache_create+0x2a/0x550 with crng_init=0
[    1.656556] SLUB: HWalign=64, Order=0-3, MinObjects=0, CPUs=16, Nodes=1
[    1.656572] Kernel/User page tables isolation: enabled
[    1.656596] ftrace: allocating 45089 entries in 177 pages
[    1.667825] ftrace: allocated 177 pages with 4 groups
[    1.667922] Dynamic Preempt: full
[    1.667966] rcu: Preemptible hierarchical RCU implementation.
[    1.667966] rcu: 	RCU dyntick-idle grace-period acceleration is enabled.
[    1.667967] rcu: 	RCU restricting CPUs from NR_CPUS=320 to nr_cpu_ids=16.
[    1.667967] rcu: 	RCU priority boosting: priority 1 delay 500 ms.
[    1.667968] 	Trampoline variant of Tasks RCU enabled.
[    1.667969] 	Rude variant of Tasks RCU enabled.
[    1.667969] 	Tracing variant of Tasks RCU enabled.
[    1.667970] rcu: RCU calculated value of scheduler-enlistment delay is 30 jiffies.
[    1.667970] rcu: Adjusting geometry for rcu_fanout_leaf=16, nr_cpu_ids=16
[    1.671431] NR_IRQS: 20736, nr_irqs: 1096, preallocated irqs: 16
[    1.671688] kfence: initialized - using 2097152 bytes for 255 objects at 0xffff914dbdc00000-0xffff914dbde00000
[    1.671855] Console: colour dummy device 80x25
[    1.671866] printk: console [tty0] enabled
[    1.671885] ACPI: Core revision 20210930
[    1.672105] clocksource: hpet: mask: 0xffffffff max_cycles: 0xffffffff, max_idle_ns: 133484873504 ns
[    1.672122] APIC: Switch to symmetric I/O mode setup
[    1.672890] AMD-Vi: ivrs, add hid:AMDI0020, uid:\_SB.FUR0, rdevid:160
[    1.672892] AMD-Vi: ivrs, add hid:AMDI0020, uid:\_SB.FUR1, rdevid:160
[    1.672893] AMD-Vi: ivrs, add hid:AMDI0020, uid:\_SB.FUR2, rdevid:160
[    1.672893] AMD-Vi: ivrs, add hid:AMDI0020, uid:\_SB.FUR3, rdevid:160
[    1.673196] Switched APIC routing to physical flat.
[    1.673944] ..TIMER: vector=0x30 apic1=0 pin1=2 apic2=-1 pin2=-1
[    1.688797] clocksource: tsc-early: mask: 0xffffffffffffffff max_cycles: 0x222b71c145c, max_idle_ns: 440795267692 ns
[    1.688804] Calibrating delay loop (skipped), value calculated using timer frequency.. 4742.58 BogoMIPS (lpj=7901743)
[    1.688806] pid_max: default: 32768 minimum: 301
[    1.712180] LSM: Security Framework initializing
[    1.712196] landlock: Up and running.
[    1.712197] Yama: becoming mindful.
[    1.712229] AppArmor: AppArmor initialized
[    1.712232] LSM support for eBPF active
[    1.712270] Mount-cache hash table entries: 32768 (order: 6, 262144 bytes, linear)
[    1.712298] Mountpoint-cache hash table entries: 32768 (order: 6, 262144 bytes, linear)
[    1.712551] x86/cpu: User Mode Instruction Prevention (UMIP) activated
[    1.712586] LVT offset 1 assigned for vector 0xf9
[    1.712646] LVT offset 2 assigned for vector 0xf4
[    1.712664] Last level iTLB entries: 4KB 1024, 2MB 1024, 4MB 512
[    1.712664] Last level dTLB entries: 4KB 2048, 2MB 2048, 4MB 1024, 1GB 0
[    1.712669] Spectre V1 : Mitigation: usercopy/swapgs barriers and __user pointer sanitization
[    1.712671] Spectre V2 : Mitigation: Full AMD retpoline
[    1.712672] Spectre V2 : Spectre v2 / SpectreRSB mitigation: Filling RSB on context switch
[    1.712672] Spectre V2 : Enabling Restricted Speculation for firmware calls
[    1.712674] Spectre V2 : mitigation: Enabling conditional Indirect Branch Prediction Barrier
[    1.712676] Speculative Store Bypass: Mitigation: Speculative Store Bypass disabled via prctl
[    1.716843] Freeing SMP alternatives memory: 36K
[    1.826884] smpboot: CPU0: AMD Ryzen 5 4500U with Radeon Graphics (family: 0x17, model: 0x60, stepping: 0x1)
[    1.827055] Performance Events: Fam17h+ core perfctr, AMD PMU driver.
[    1.827060] ... version:                0
[    1.827061] ... bit width:              48
[    1.827061] ... generic registers:      6
[    1.827061] ... value mask:             0000ffffffffffff
[    1.827062] ... max period:             00007fffffffffff
[    1.827063] ... fixed-purpose events:   0
[    1.827063] ... event mask:             000000000000003f
[    1.827129] rcu: Hierarchical SRCU implementation.
[    1.827650] NMI watchdog: Enabled. Permanently consumes one hw-PMU counter.
[    1.827841] smp: Bringing up secondary CPUs ...
[    1.827959] x86: Booting SMP configuration:
[    1.827960] .... node  #0, CPUs:        #1  #2  #3  #4  #5
[    1.838864] smp: Brought up 1 node, 6 CPUs
[    1.838864] smpboot: Max logical packages: 3
[    1.838864] smpboot: Total of 6 processors activated (28457.53 BogoMIPS)
[    1.839725] devtmpfs: initialized
[    1.839725] x86/mm: Memory block size: 128MB
[    1.839957] ACPI: PM: Registering ACPI NVS region [mem 0x09f00000-0x09f0ffff] (65536 bytes)
[    1.839957] ACPI: PM: Registering ACPI NVS region [mem 0xccf7f000-0xcdf7efff] (16777216 bytes)
[    1.839957] clocksource: jiffies: mask: 0xffffffff max_cycles: 0xffffffff, max_idle_ns: 6370867519511994 ns
[    1.842143] futex hash table entries: 4096 (order: 6, 262144 bytes, linear)
[    1.842208] pinctrl core: initialized pinctrl subsystem
[    1.842320] PM: RTC time: 00:10:47, date: 2022-02-20
[    1.842787] NET: Registered PF_NETLINK/PF_ROUTE protocol family
[    1.843161] DMA: preallocated 2048 KiB GFP_KERNEL pool for atomic allocations
[    1.843388] DMA: preallocated 2048 KiB GFP_KERNEL|GFP_DMA pool for atomic allocations
[    1.843545] DMA: preallocated 2048 KiB GFP_KERNEL|GFP_DMA32 pool for atomic allocations
[    1.843567] audit: initializing netlink subsys (enabled)
[    1.843590] audit: type=2000 audit(1645315846.169:1): state=initialized audit_enabled=1 res=1
[    1.843590] thermal_sys: Registered thermal governor 'fair_share'
[    1.843590] thermal_sys: Registered thermal governor 'bang_bang'
[    1.843590] thermal_sys: Registered thermal governor 'step_wise'
[    1.843590] thermal_sys: Registered thermal governor 'user_space'
[    1.843590] thermal_sys: Registered thermal governor 'power_allocator'
[    1.843590] cpuidle: using governor ladder
[    1.843590] cpuidle: using governor menu
[    1.843590] Simple Boot Flag at 0x44 set to 0x1
[    1.843590] HugeTLB: can free 4094 vmemmap pages for hugepages-1048576kB
[    1.843590] acpiphp: ACPI Hot Plug PCI Controller Driver version: 0.5
[    1.843590] PCI: MMCONFIG for domain 0000 [bus 00-3f] at [mem 0xf8000000-0xfbffffff] (base 0xf8000000)
[    1.843590] PCI: MMCONFIG at [mem 0xf8000000-0xfbffffff] reserved in E820
[    1.843590] PCI: Using configuration type 1 for base access
[    1.846116] kprobes: kprobe jump-optimization is enabled. All kprobes are optimized if possible.
[    1.846121] HugeTLB: can free 6 vmemmap pages for hugepages-2048kB
[    1.846121] HugeTLB registered 1.00 GiB page size, pre-allocated 0 pages
[    1.846121] HugeTLB registered 2.00 MiB page size, pre-allocated 0 pages
[    1.846121] ACPI: Added _OSI(Module Device)
[    1.846121] ACPI: Added _OSI(Processor Device)
[    1.846121] ACPI: Added _OSI(3.0 _SCP Extensions)
[    1.846121] ACPI: Added _OSI(Processor Aggregator Device)
[    1.846121] ACPI: Added _OSI(Linux-Dell-Video)
[    1.846121] ACPI: Added _OSI(Linux-Lenovo-NV-HDMI-Audio)
[    1.846121] ACPI: Added _OSI(Linux-HPI-Hybrid-Graphics)
[    1.863671] ACPI: 18 ACPI AML tables successfully acquired and loaded
[    1.865227] ACPI: [Firmware Bug]: BIOS _OSI(Linux) query ignored
[    1.868279] ACPI: EC: EC started
[    1.868280] ACPI: EC: interrupt blocked
[    1.870492] ACPI: EC: EC_CMD/EC_SC=0x66, EC_DATA=0x62
[    1.870494] ACPI: \_SB_.PCI0.LPC0.EC0_: Boot DSDT EC used to handle transactions
[    1.870495] ACPI: Interpreter enabled
[    1.870510] ACPI: PM: (supports S0 S4 S5)
[    1.870511] ACPI: Using IOAPIC for interrupt routing
[    1.870719] PCI: Using host bridge windows from ACPI; if necessary, use "pci=nocrs" and report a bug
[    1.873831] ACPI: PM: Power Resource [P0U0]
[    1.873963] ACPI: PM: Power Resource [P3U0]
[    1.874699] ACPI: PM: Power Resource [P0U1]
[    1.874831] ACPI: PM: Power Resource [P3U1]
[    1.875469] ACPI: PM: Power Resource [P0S0]
[    1.875508] ACPI: PM: Power Resource [P3S0]
[    1.875664] ACPI: PM: Power Resource [P0S1]
[    1.875701] ACPI: PM: Power Resource [P3S1]
[    1.881659] ACPI: PCI Root Bridge [PCI0] (domain 0000 [bus 00-ff])
[    1.881665] acpi PNP0A08:00: _OSC: OS supports [ExtendedConfig ASPM ClockPM Segments MSI EDR HPX-Type3]
[    1.881784] acpi PNP0A08:00: _OSC: platform does not support [SHPCHotplug LTR DPC]
[    1.882000] acpi PNP0A08:00: _OSC: OS now controls [PCIeHotplug PME AER PCIeCapability]
[    1.882011] acpi PNP0A08:00: [Firmware Info]: MMCONFIG for domain 0000 [bus 00-3f] only partially covers this bridge
[    1.882360] PCI host bridge to bus 0000:00
[    1.882362] pci_bus 0000:00: root bus resource [io  0x0000-0x0cf7 window]
[    1.882364] pci_bus 0000:00: root bus resource [io  0x0d00-0xffff window]
[    1.882365] pci_bus 0000:00: root bus resource [mem 0x000a0000-0x000bffff window]
[    1.882366] pci_bus 0000:00: root bus resource [mem 0x000c0000-0x000cffff window]
[    1.882367] pci_bus 0000:00: root bus resource [mem 0x000d0000-0x000effff window]
[    1.882368] pci_bus 0000:00: root bus resource [mem 0xd0000000-0xf7ffffff window]
[    1.882369] pci_bus 0000:00: root bus resource [mem 0xfc000000-0xfed3ffff window]
[    1.882370] pci_bus 0000:00: root bus resource [mem 0x450200000-0xfcffffffff window]
[    1.882371] pci_bus 0000:00: root bus resource [bus 00-ff]
[    1.882383] pci 0000:00:00.0: [1022:1630] type 00 class 0x060000
[    1.882444] pci 0000:00:00.2: [1022:1631] type 00 class 0x080600
[    1.882513] pci 0000:00:01.0: [1022:1632] type 00 class 0x060000
[    1.882563] pci 0000:00:02.0: [1022:1632] type 00 class 0x060000
[    1.882619] pci 0000:00:08.0: [1022:1632] type 00 class 0x060000
[    1.882665] pci 0000:00:08.1: [1022:1635] type 01 class 0x060400
[    1.882685] pci 0000:00:08.1: enabling Extended Tags
[    1.882714] pci 0000:00:08.1: PME# supported from D0 D3hot D3cold
[    1.882816] pci 0000:00:08.2: [1022:1635] type 01 class 0x060400
[    1.882836] pci 0000:00:08.2: enabling Extended Tags
[    1.882864] pci 0000:00:08.2: PME# supported from D0 D3hot D3cold
[    1.882961] pci 0000:00:14.0: [1022:790b] type 00 class 0x0c0500
[    1.883083] pci 0000:00:14.3: [1022:790e] type 00 class 0x060100
[    1.883211] pci 0000:00:18.0: [1022:1448] type 00 class 0x060000
[    1.883243] pci 0000:00:18.1: [1022:1449] type 00 class 0x060000
[    1.883270] pci 0000:00:18.2: [1022:144a] type 00 class 0x060000
[    1.883297] pci 0000:00:18.3: [1022:144b] type 00 class 0x060000
[    1.883326] pci 0000:00:18.4: [1022:144c] type 00 class 0x060000
[    1.883356] pci 0000:00:18.5: [1022:144d] type 00 class 0x060000
[    1.883384] pci 0000:00:18.6: [1022:144e] type 00 class 0x060000
[    1.883411] pci 0000:00:18.7: [1022:144f] type 00 class 0x060000
[    1.883531] pci 0000:01:00.0: [1002:1636] type 00 class 0x030000
[    1.883541] pci 0000:01:00.0: reg 0x10: [mem 0xfce0000000-0xfcefffffff 64bit pref]
[    1.883548] pci 0000:01:00.0: reg 0x18: [mem 0xfcf0000000-0xfcf01fffff 64bit pref]
[    1.883553] pci 0000:01:00.0: reg 0x20: [io  0x1000-0x10ff]
[    1.883558] pci 0000:01:00.0: reg 0x24: [mem 0xd0400000-0xd047ffff]
[    1.883567] pci 0000:01:00.0: enabling Extended Tags
[    1.883578] pci 0000:01:00.0: BAR 0: assigned to efifb
[    1.883614] pci 0000:01:00.0: PME# supported from D1 D2 D3hot D3cold
[    1.883711] pci 0000:01:00.1: [1002:1637] type 00 class 0x040300
[    1.883718] pci 0000:01:00.1: reg 0x10: [mem 0xd04c8000-0xd04cbfff]
[    1.883738] pci 0000:01:00.1: enabling Extended Tags
[    1.883765] pci 0000:01:00.1: PME# supported from D1 D2 D3hot D3cold
[    1.883829] pci 0000:01:00.2: [1022:15df] type 00 class 0x108000
[    1.883841] pci 0000:01:00.2: reg 0x18: [mem 0xd0300000-0xd03fffff]
[    1.883850] pci 0000:01:00.2: reg 0x24: [mem 0xd04cc000-0xd04cdfff]
[    1.883856] pci 0000:01:00.2: enabling Extended Tags
[    1.883947] pci 0000:01:00.3: [1022:1639] type 00 class 0x0c0330
[    1.883957] pci 0000:01:00.3: reg 0x10: [mem 0xd0100000-0xd01fffff 64bit]
[    1.883979] pci 0000:01:00.3: enabling Extended Tags
[    1.884008] pci 0000:01:00.3: PME# supported from D0 D3hot D3cold
[    1.884075] pci 0000:01:00.4: [1022:1639] type 00 class 0x0c0330
[    1.884084] pci 0000:01:00.4: reg 0x10: [mem 0xd0200000-0xd02fffff 64bit]
[    1.884106] pci 0000:01:00.4: enabling Extended Tags
[    1.884135] pci 0000:01:00.4: PME# supported from D0 D3hot D3cold
[    1.884209] pci 0000:01:00.5: [1022:15e2] type 00 class 0x048000
[    1.884216] pci 0000:01:00.5: reg 0x10: [mem 0xd0480000-0xd04bffff]
[    1.884235] pci 0000:01:00.5: enabling Extended Tags
[    1.884262] pci 0000:01:00.5: PME# supported from D0 D3hot D3cold
[    1.884330] pci 0000:01:00.6: [1022:15e3] type 00 class 0x040300
[    1.884337] pci 0000:01:00.6: reg 0x10: [mem 0xd04c0000-0xd04c7fff]
[    1.884356] pci 0000:01:00.6: enabling Extended Tags
[    1.884383] pci 0000:01:00.6: PME# supported from D0 D3hot D3cold
[    1.884467] pci 0000:00:08.1: PCI bridge to [bus 01]
[    1.884470] pci 0000:00:08.1:   bridge window [io  0x1000-0x1fff]
[    1.884471] pci 0000:00:08.1:   bridge window [mem 0xd0100000-0xd04fffff]
[    1.884474] pci 0000:00:08.1:   bridge window [mem 0xfce0000000-0xfcf01fffff 64bit pref]
[    1.884524] pci 0000:02:00.0: [1022:7901] type 00 class 0x010601
[    1.884550] pci 0000:02:00.0: reg 0x24: [mem 0xd0001000-0xd00017ff]
[    1.884558] pci 0000:02:00.0: enabling Extended Tags
[    1.884671] pci 0000:02:00.1: [1022:7901] type 00 class 0x010601
[    1.884697] pci 0000:02:00.1: reg 0x24: [mem 0xd0000000-0xd00007ff]
[    1.884704] pci 0000:02:00.1: enabling Extended Tags
[    1.884802] pci 0000:00:08.2: PCI bridge to [bus 02]
[    1.884806] pci 0000:00:08.2:   bridge window [mem 0xd0000000-0xd00fffff]
[    1.886508] ACPI: PCI: Interrupt link LNKA configured for IRQ 0
[    1.886509] ACPI: PCI: Interrupt link LNKA disabled
[    1.886599] ACPI: PCI: Interrupt link LNKB configured for IRQ 0
[    1.886600] ACPI: PCI: Interrupt link LNKB disabled
[    1.886672] ACPI: PCI: Interrupt link LNKC configured for IRQ 0
[    1.886673] ACPI: PCI: Interrupt link LNKC disabled
[    1.886761] ACPI: PCI: Interrupt link LNKD configured for IRQ 0
[    1.886762] ACPI: PCI: Interrupt link LNKD disabled
[    1.886848] ACPI: PCI: Interrupt link LNKE configured for IRQ 0
[    1.886848] ACPI: PCI: Interrupt link LNKE disabled
[    1.886914] ACPI: PCI: Interrupt link LNKF configured for IRQ 0
[    1.886914] ACPI: PCI: Interrupt link LNKF disabled
[    1.886980] ACPI: PCI: Interrupt link LNKG configured for IRQ 0
[    1.886981] ACPI: PCI: Interrupt link LNKG disabled
[    1.887046] ACPI: PCI: Interrupt link LNKH configured for IRQ 0
[    1.887047] ACPI: PCI: Interrupt link LNKH disabled
[    1.889035] ACPI: EC: interrupt unblocked
[    1.889037] ACPI: EC: event unblocked
[    1.889041] ACPI: EC: EC_CMD/EC_SC=0x66, EC_DATA=0x62
[    1.889042] ACPI: EC: GPE=0x3
[    1.889043] ACPI: \_SB_.PCI0.LPC0.EC0_: Boot DSDT EC initialization complete
[    1.889045] ACPI: \_SB_.PCI0.LPC0.EC0_: EC: Used to handle transactions and events
[    1.889072] iommu: Default domain type: Translated 
[    1.889072] iommu: DMA domain TLB invalidation policy: lazy mode 
[    1.889072] pci 0000:01:00.0: vgaarb: VGA device added: decodes=io+mem,owns=none,locks=none
[    1.889072] pci 0000:01:00.0: vgaarb: bridge control possible
[    1.889072] pci 0000:01:00.0: vgaarb: setting as boot device
[    1.889072] vgaarb: loaded
[    1.889072] SCSI subsystem initialized
[    1.889072] libata version 3.00 loaded.
[    1.889072] ACPI: bus type USB registered
[    1.889072] usbcore: registered new interface driver usbfs
[    1.889072] usbcore: registered new interface driver hub
[    1.889072] usbcore: registered new device driver usb
[    1.892190] pps_core: LinuxPPS API ver. 1 registered
[    1.892192] pps_core: Software ver. 5.3.6 - Copyright 2005-2007 Rodolfo Giometti <giometti@linux.it>
[    1.892194] PTP clock support registered
[    1.892201] EDAC MC: Ver: 3.0.0
[    1.892249] Registered efivars operations
[    1.892286] NetLabel: Initializing
[    1.892287] NetLabel:  domain hash size = 128
[    1.892287] NetLabel:  protocols = UNLABELED CIPSOv4 CALIPSO
[    1.892309] NetLabel:  unlabeled traffic allowed by default
[    1.892312] mctp: management component transport protocol core
[    1.892313] NET: Registered PF_MCTP protocol family
[    1.892318] PCI: Using ACPI for IRQ routing
[    1.892307] audit: type=1409 audit(1645315846.219:2): netlabel: auid=0 ses=0 subj==unconfined nlbl_domain=(default) nlbl_protocol=unlbl res=1
[    1.892307] audit: type=1406 audit(1645315846.219:3): netlabel: auid=0 ses=0 subj==unconfined unlbl_accept=1 old=0
[    1.894383] PCI: pci_cache_line_size set to 64 bytes
[    1.894415] e820: reserve RAM buffer [mem 0x0009f000-0x0009ffff]
[    1.894416] e820: reserve RAM buffer [mem 0x09b00000-0x0bffffff]
[    1.894418] e820: reserve RAM buffer [mem 0x09f00000-0x0bffffff]
[    1.894418] e820: reserve RAM buffer [mem 0xb3636000-0xb3ffffff]
[    1.894419] e820: reserve RAM buffer [mem 0xbab69000-0xbbffffff]
[    1.894420] e820: reserve RAM buffer [mem 0xc9f7f000-0xcbffffff]
[    1.894421] e820: reserve RAM buffer [mem 0xce000000-0xcfffffff]
[    1.894422] e820: reserve RAM buffer [mem 0x40f340000-0x40fffffff]
[    1.894427] hpet0: at MMIO 0xfed00000, IRQs 2, 8, 0
[    1.894427] hpet0: 3 comparators, 32-bit 14.318180 MHz counter
[    1.896802] clocksource: Switched to clocksource tsc-early
[    1.905157] VFS: Disk quotas dquot_6.6.0
[    1.905176] VFS: Dquot-cache hash table entries: 512 (order 0, 4096 bytes)
[    1.905317] AppArmor: AppArmor Filesystem Enabled
[    1.905368] pnp: PnP ACPI init
[    1.905596] audit: type=1400 audit(1645315846.229:4): apparmor="STATUS" info="AppArmor Filesystem Enabled" pid=1 comm="swapper/0"
[    1.905644] system 00:00: [mem 0xfec00000-0xfec01fff] could not be reserved
[    1.905649] system 00:00: [mem 0xfee00000-0xfee00fff] has been reserved
[    1.905651] system 00:00: [mem 0xfde00000-0xfdefffff] has been reserved
[    1.905886] system 00:03: [io  0x0400-0x04cf] has been reserved
[    1.905887] system 00:03: [io  0x04d0-0x04d1] has been reserved
[    1.905889] system 00:03: [io  0x04d6] has been reserved
[    1.905890] system 00:03: [io  0x0c00-0x0c01] has been reserved
[    1.905891] system 00:03: [io  0x0c14] has been reserved
[    1.905892] system 00:03: [io  0x0c50-0x0c52] has been reserved
[    1.905893] system 00:03: [io  0x0c6c] has been reserved
[    1.905894] system 00:03: [io  0x0c6f] has been reserved
[    1.905895] system 00:03: [io  0x0cd0-0x0cdb] has been reserved
[    1.905964] system 00:04: [mem 0x000e0000-0x000fffff] could not be reserved
[    1.905966] system 00:04: [mem 0xff000000-0xffffffff] could not be reserved
[    1.907143] pnp: PnP ACPI: found 5 devices
[    1.915318] clocksource: acpi_pm: mask: 0xffffff max_cycles: 0xffffff, max_idle_ns: 2085701024 ns
[    1.915472] NET: Registered PF_INET protocol family
[    1.916002] IP idents hash table entries: 262144 (order: 9, 2097152 bytes, linear)
[    1.917778] tcp_listen_portaddr_hash hash table entries: 8192 (order: 5, 131072 bytes, linear)
[    1.917905] TCP established hash table entries: 131072 (order: 8, 1048576 bytes, linear)
[    1.918136] TCP bind hash table entries: 65536 (order: 8, 1048576 bytes, linear)
[    1.918204] TCP: Hash tables configured (established 131072 bind 65536)
[    1.918358] MPTCP token hash table entries: 16384 (order: 6, 393216 bytes, linear)
[    1.918414] UDP hash table entries: 8192 (order: 6, 262144 bytes, linear)
[    1.918463] UDP-Lite hash table entries: 8192 (order: 6, 262144 bytes, linear)
[    1.918537] NET: Registered PF_UNIX/PF_LOCAL protocol family
[    1.918543] NET: Registered PF_XDP protocol family
[    1.918555] pci 0000:00:08.1: PCI bridge to [bus 01]
[    1.918559] pci 0000:00:08.1:   bridge window [io  0x1000-0x1fff]
[    1.918563] pci 0000:00:08.1:   bridge window [mem 0xd0100000-0xd04fffff]
[    1.918565] pci 0000:00:08.1:   bridge window [mem 0xfce0000000-0xfcf01fffff 64bit pref]
[    1.918568] pci 0000:00:08.2: PCI bridge to [bus 02]
[    1.918570] pci 0000:00:08.2:   bridge window [mem 0xd0000000-0xd00fffff]
[    1.918576] pci_bus 0000:00: resource 4 [io  0x0000-0x0cf7 window]
[    1.918577] pci_bus 0000:00: resource 5 [io  0x0d00-0xffff window]
[    1.918578] pci_bus 0000:00: resource 6 [mem 0x000a0000-0x000bffff window]
[    1.918579] pci_bus 0000:00: resource 7 [mem 0x000c0000-0x000cffff window]
[    1.918580] pci_bus 0000:00: resource 8 [mem 0x000d0000-0x000effff window]
[    1.918581] pci_bus 0000:00: resource 9 [mem 0xd0000000-0xf7ffffff window]
[    1.918582] pci_bus 0000:00: resource 10 [mem 0xfc000000-0xfed3ffff window]
[    1.918583] pci_bus 0000:00: resource 11 [mem 0x450200000-0xfcffffffff window]
[    1.918584] pci_bus 0000:01: resource 0 [io  0x1000-0x1fff]
[    1.918585] pci_bus 0000:01: resource 1 [mem 0xd0100000-0xd04fffff]
[    1.918586] pci_bus 0000:01: resource 2 [mem 0xfce0000000-0xfcf01fffff 64bit pref]
[    1.918587] pci_bus 0000:02: resource 1 [mem 0xd0000000-0xd00fffff]
[    1.918723] pci 0000:01:00.1: D0 power state depends on 0000:01:00.0
[    1.918757] pci 0000:01:00.3: extending delay after power-on from D3hot to 20 msec
[    1.920422] pci 0000:01:00.4: extending delay after power-on from D3hot to 20 msec
[    1.931638] pci 0000:01:00.4: quirk_usb_early_handoff+0x0/0x750 took 10951 usecs
[    1.931650] PCI: CLS 64 bytes, default 64
[    1.931662] pci 0000:00:00.2: AMD-Vi: IOMMU performance counters supported
[    1.931712] Trying to unpack rootfs image as initramfs...
[    1.931720] pci 0000:00:00.2: can't derive routing for PCI INT A
[    1.931721] pci 0000:00:00.2: PCI INT A: not connected
[    1.931740] pci 0000:00:01.0: Adding to iommu group 0
[    1.931752] pci 0000:00:02.0: Adding to iommu group 1
[    1.931767] pci 0000:00:08.0: Adding to iommu group 2
[    1.931773] pci 0000:00:08.1: Adding to iommu group 2
[    1.931780] pci 0000:00:08.2: Adding to iommu group 2
[    1.931792] pci 0000:00:14.0: Adding to iommu group 3
[    1.931799] pci 0000:00:14.3: Adding to iommu group 3
[    1.931823] pci 0000:00:18.0: Adding to iommu group 4
[    1.931830] pci 0000:00:18.1: Adding to iommu group 4
[    1.931837] pci 0000:00:18.2: Adding to iommu group 4
[    1.931844] pci 0000:00:18.3: Adding to iommu group 4
[    1.931850] pci 0000:00:18.4: Adding to iommu group 4
[    1.931857] pci 0000:00:18.5: Adding to iommu group 4
[    1.931864] pci 0000:00:18.6: Adding to iommu group 4
[    1.931871] pci 0000:00:18.7: Adding to iommu group 4
[    1.931877] pci 0000:01:00.0: Adding to iommu group 2
[    1.931884] pci 0000:01:00.1: Adding to iommu group 2
[    1.931889] pci 0000:01:00.2: Adding to iommu group 2
[    1.931896] pci 0000:01:00.3: Adding to iommu group 2
[    1.931901] pci 0000:01:00.4: Adding to iommu group 2
[    1.931906] pci 0000:01:00.5: Adding to iommu group 2
[    1.931910] pci 0000:01:00.6: Adding to iommu group 2
[    1.931917] pci 0000:02:00.0: Adding to iommu group 2
[    1.931922] pci 0000:02:00.1: Adding to iommu group 2
[    1.933678] pci 0000:00:00.2: AMD-Vi: Found IOMMU cap 0x40
[    1.933683] AMD-Vi: Extended features (0x206d73ef22254ade): PPR X2APIC NX GT IA GA PC GA_vAPIC
[    1.933689] AMD-Vi: Interrupt remapping enabled
[    1.933689] AMD-Vi: Virtual APIC enabled
[    1.933689] AMD-Vi: X2APIC enabled
[    1.933835] software IO TLB: tearing down default memory pool
[    1.941752] LVT offset 0 assigned for vector 0x400
[    1.941984] perf: AMD IBS detected (0x000003ff)
[    1.941996] perf/amd_iommu: Detected AMD IOMMU #0 (2 banks, 4 counters/bank).
[    1.943689] Initialise system trusted keyrings
[    1.943703] Key type blacklist registered
[    1.943766] workingset: timestamp_bits=41 max_order=22 bucket_order=0
[    1.945197] zbud: loaded
[    1.948022] Key type asymmetric registered
[    1.948024] Asymmetric key parser 'x509' registered
[    1.948054] Block layer SCSI generic (bsg) driver version 0.4 loaded (major 242)
[    1.948156] io scheduler mq-deadline registered
[    1.948158] io scheduler kyber registered
[    1.948187] io scheduler bfq registered
[    1.948707] pcieport 0000:00:08.1: PME: Signaling with IRQ 26
[    1.948921] pcieport 0000:00:08.2: PME: Signaling with IRQ 27
[    1.949001] shpchp: Standard Hot Plug PCI Controller Driver version: 0.4
[    1.950460] ACPI: AC: AC Adapter [ACAD] (off-line)
[    1.950501] input: Power Button as /devices/LNXSYSTM:00/LNXSYBUS:00/PNP0C0C:00/input/input0
[    1.950524] ACPI: button: Power Button [PWRB]
[    1.950552] input: Lid Switch as /devices/LNXSYSTM:00/LNXSYBUS:00/PNP0A08:00/device:2a/PNP0C09:00/PNP0C0D:00/input/input1
[    1.950565] ACPI: button: Lid Switch [LID0]
[    1.950608] Monitor-Mwait will be used to enter C-1 state
[    1.950615] ACPI: \_SB_.PLTF.C000: Found 3 idle states
[    1.950625] ACPI: FW issue: working around C-state latencies out of order
[    1.950728] ACPI: \_SB_.PLTF.C001: Found 3 idle states
[    1.950739] ACPI: FW issue: working around C-state latencies out of order
[    1.950826] ACPI: \_SB_.PLTF.C002: Found 3 idle states
[    1.950831] ACPI: FW issue: working around C-state latencies out of order
[    1.950959] ACPI: \_SB_.PLTF.C003: Found 3 idle states
[    1.950968] ACPI: FW issue: working around C-state latencies out of order
[    1.951078] ACPI: \_SB_.PLTF.C004: Found 3 idle states
[    1.951087] ACPI: FW issue: working around C-state latencies out of order
[    1.951203] ACPI: \_SB_.PLTF.C005: Found 3 idle states
[    1.951212] ACPI: FW issue: working around C-state latencies out of order
[    1.952983] thermal LNXTHERM:00: registered as thermal_zone0
[    1.952985] ACPI: thermal: Thermal Zone [TZ0] (0 C)
[    1.953132] Serial: 8250/16550 driver, 32 ports, IRQ sharing enabled
[    1.954425] Non-volatile memory driver v1.3
[    1.954426] Linux agpgart interface v0.103
[    1.954470] AMD-Vi: AMD IOMMUv2 loaded and initialized
[    1.954504] ACPI: bus type drm_connector registered
[    1.955116] ahci 0000:02:00.0: version 3.0
[    1.955243] ahci 0000:02:00.0: AHCI 0001.0301 32 slots 1 ports 6 Gbps 0x1 impl SATA mode
[    1.955245] ahci 0000:02:00.0: flags: 64bit ncq sntf ilck pm led clo only pmp fbs pio slum part 
[    1.955384] scsi host0: ahci
[    1.955443] ata1: SATA max UDMA/133 abar m2048@0xd0001000 port 0xd0001100 irq 29
[    1.955573] ahci 0000:02:00.1: AHCI 0001.0301 32 slots 1 ports 6 Gbps 0x1 impl SATA mode
[    1.955575] ahci 0000:02:00.1: flags: 64bit ncq sntf ilck pm led clo only pmp fbs pio slum part deso sadm sds 
[    1.955744] scsi host1: ahci
[    1.955779] ata2: SATA max UDMA/133 abar m2048@0xd0000000 port 0xd0000100 irq 31
[    1.955801] ehci_hcd: USB 2.0 'Enhanced' Host Controller (EHCI) Driver
[    1.955805] ehci-pci: EHCI PCI platform driver
[    1.955813] ohci_hcd: USB 1.1 'Open' Host Controller (OHCI) Driver
[    1.955814] ohci-pci: OHCI PCI platform driver
[    1.955819] uhci_hcd: USB Universal Host Controller Interface driver
[    1.955864] usbcore: registered new interface driver usbserial_generic
[    1.955867] usbserial: USB Serial support registered for generic
[    1.955937] rtc_cmos 00:01: RTC can wake from S4
[    1.956147] rtc_cmos 00:01: registered as rtc0
[    1.956188] rtc_cmos 00:01: setting system clock to 2022-02-20T00:10:47 UTC (1645315847)
[    1.956200] rtc_cmos 00:01: alarms up to one month, 114 bytes nvram, hpet irqs
[    1.956230] audit: type=1332 audit(1645315847.500:5): sec=1 nsec=215955540
[    1.956299] ledtrig-cpu: registered to indicate activity on CPUs
[    1.956492] efifb: probing for efifb
[    1.956499] efifb: framebuffer at 0xfce0000000, using 8128k, total 8128k
[    1.956500] efifb: mode is 1920x1080x32, linelength=7680, pages=1
[    1.956501] efifb: scrolling: redraw
[    1.956501] efifb: Truecolor: size=8:8:8:8, shift=24:16:8:0
[    1.956543] fbcon: Deferring console take-over
[    1.956543] fb0: EFI VGA frame buffer device
[    1.956565] hid: raw HID events driver (C) Jiri Kosina
[    1.956632] drop_monitor: Initializing network drop monitor service
[    1.956677] Initializing XFRM netlink socket
[    1.956773] NET: Registered PF_INET6 protocol family
[    1.979219] ACPI: battery: Slot [BATT] (battery present)
[    2.270406] ata1: SATA link down (SStatus 0 SControl 300)
[    2.316793] Freeing initrd memory: 10728K
[    2.321987] Segment Routing with IPv6
[    2.321988] RPL Segment Routing with IPv6
[    2.321999] In-situ OAM (IOAM) with IPv6
[    2.322020] NET: Registered PF_PACKET protocol family
[    2.323173] microcode: CPU0: patch_level=0x08600106
[    2.323189] microcode: CPU1: patch_level=0x08600106
[    2.323192] microcode: CPU2: patch_level=0x08600106
[    2.323199] microcode: CPU3: patch_level=0x08600106
[    2.323228] microcode: CPU4: patch_level=0x08600106
[    2.323258] microcode: CPU5: patch_level=0x08600106
[    2.323266] microcode: Microcode Update Driver: v2.2.
[    2.323506] resctrl: L3 allocation detected
[    2.323508] resctrl: MB allocation detected
[    2.323509] resctrl: L3 monitoring detected
[    2.323512] IPI shorthand broadcast: enabled
[    2.323526] sched_clock: Marking stable (2322990504, 501857)->(3426811031, -1103318670)
[    2.323780] registered taskstats version 1
[    2.324091] Loading compiled-in X.509 certificates
[    2.326456] Loaded X.509 cert 'Build time autogenerated kernel key: ece77750479a9fc6e611f250654da49bb240e1da'
[    2.327042] zswap: loaded using pool lz4/z3fold
[    2.327429] Key type ._fscrypt registered
[    2.327430] Key type .fscrypt registered
[    2.327431] Key type fscrypt-provisioning registered
[    2.327495] AppArmor: AppArmor sha1 policy hashing enabled
[    2.327498] audit: type=1400 audit(1645315847.870:6): apparmor="STATUS" info="AppArmor sha1 policy hashing enabled" pid=1 comm="swapper/0"
[    2.329135] PM:   Magic number: 10:91:153
[    2.329176] acpi device:20: hash matches
[    2.329314] RAS: Correctable Errors collector initialized.
[    2.727796] ata2: SATA link up 6.0 Gbps (SStatus 133 SControl 300)
[    2.728294] ata2.00: ATA-11: SAMSUNG MZNLH512HALU-00000, RVT2200Q, max UDMA/133
[    2.729306] ata2.00: 1000215216 sectors, multi 16: LBA48 NCQ (depth 32), AA
[    2.731418] ata2.00: Features: Dev-Sleep NCQ-sndrcv
[    2.735636] ata2.00: configured for UDMA/133
[    2.735745] ata2.00: failed to enable DEVSLP
[    2.735751] ata2.00: failed to enable DIPM, Emask 0x40
[    3.007760] clocksource: timekeeping watchdog on CPU1: Marking clocksource 'tsc-early' as unstable because the skew is too large:
[    3.007768] clocksource:                       'hpet' wd_nsec: 506826146 wd_now: 1d55a90 wd_last: 1669f94 mask: ffffffff
[    3.007772] clocksource:                       'tsc-early' cs_nsec: 797488536 cs_now: 67a2982a2 cs_last: 6097b4dc2 mask: ffffffffffffffff
[    3.007775] clocksource:                       'tsc-early' is current clocksource.
[    3.007786] tsc: Marking TSC unstable due to clocksource watchdog
[    3.007804] TSC found unstable after boot, most likely due to broken BIOS. Use 'tsc=unstable'.
[    3.007805] sched_clock: Marking unstable (3007301493, 501857)<-(4111122013, -1103318670)
[    3.008143] clocksource: Switched to clocksource hpet
[    7.952396] ata2: SATA link up 6.0 Gbps (SStatus 133 SControl 300)
[    7.960524] ata2.00: configured for UDMA/133
[    7.961211] scsi 1:0:0:0: Direct-Access     ATA      SAMSUNG MZNLH512 200Q PQ: 0 ANSI: 5
[    7.962424] sd 1:0:0:0: [sda] 1000215216 512-byte logical blocks: (512 GB/477 GiB)
[    7.962453] sd 1:0:0:0: [sda] Write Protect is off
[    7.962460] sd 1:0:0:0: [sda] Mode Sense: 00 3a 00 00
[    7.962510] sd 1:0:0:0: [sda] Write cache: enabled, read cache: enabled, doesn't support DPO or FUA
[    7.995901]  sda: sda1 sda2 sda3
[    8.029718] sd 1:0:0:0: [sda] Attached SCSI disk
[    8.029910] Unstable clock detected, switching default tracing clock to "global"
               If you want to keep using the local clock, then add:
                 "trace_clock=local"
               on the kernel command line
[    8.034067] Freeing unused decrypted memory: 2036K
[    8.034455] Freeing unused kernel image (initmem) memory: 1784K
[    8.042489] Write protecting the kernel read-only data: 28672k
[    8.043439] Freeing unused kernel image (text/rodata gap) memory: 2036K
[    8.043934] Freeing unused kernel image (rodata/data gap) memory: 1352K
[    8.084460] x86/mm: Checked W+X mappings: passed, no W+X pages found.
[    8.084466] rodata_test: all tests were successful
[    8.084469] x86/mm: Checking user space page tables
[    8.122973] x86/mm: Checked W+X mappings: passed, no W+X pages found.
[    8.123003] Run /init as init process
[    8.123005]   with arguments:
[    8.123007]     /init
[    8.123008]   with environment:
[    8.123008]     HOME=/
[    8.123009]     TERM=linux
[    8.123010]     BOOT_IMAGE=/boot/vmlinuz-linux
[    8.123011]     pti=on
[    8.123012]     mem_encrypt=on
[    8.154883] fbcon: Taking over console
[    8.155017] Console: switching to colour frame buffer device 240x67
[    8.310836] xhci_hcd 0000:01:00.3: xHCI Host Controller
[    8.310858] xhci_hcd 0000:01:00.3: new USB bus registered, assigned bus number 1
[    8.310987] xhci_hcd 0000:01:00.3: hcc params 0x0268ffe5 hci version 0x110 quirks 0x0000020000000410
[    8.311525] usb usb1: New USB device found, idVendor=1d6b, idProduct=0002, bcdDevice= 5.16
[    8.311528] usb usb1: New USB device strings: Mfr=3, Product=2, SerialNumber=1
[    8.311530] usb usb1: Product: xHCI Host Controller
[    8.311532] usb usb1: Manufacturer: Linux 5.16.10-arch1-1 xhci-hcd
[    8.311533] usb usb1: SerialNumber: 0000:01:00.3
[    8.311648] i8042: PNP: PS/2 Controller [PNP0303:KBC0] at 0x60,0x64 irq 1
[    8.311655] i8042: PNP: PS/2 appears to have AUX port disabled, if this is incorrect please boot with i8042.nopnp
[    8.311872] hub 1-0:1.0: USB hub found
[    8.311887] hub 1-0:1.0: 4 ports detected
[    8.312346] xhci_hcd 0000:01:00.3: xHCI Host Controller
[    8.312351] xhci_hcd 0000:01:00.3: new USB bus registered, assigned bus number 2
[    8.312355] xhci_hcd 0000:01:00.3: Host supports USB 3.1 Enhanced SuperSpeed
[    8.312378] usb usb2: We don't know the algorithms for LPM for this host, disabling LPM.
[    8.312410] usb usb2: New USB device found, idVendor=1d6b, idProduct=0003, bcdDevice= 5.16
[    8.312413] usb usb2: New USB device strings: Mfr=3, Product=2, SerialNumber=1
[    8.312415] usb usb2: Product: xHCI Host Controller
[    8.312416] usb usb2: Manufacturer: Linux 5.16.10-arch1-1 xhci-hcd
[    8.312417] usb usb2: SerialNumber: 0000:01:00.3
[    8.312557] hub 2-0:1.0: USB hub found
[    8.312567] hub 2-0:1.0: 2 ports detected
[    8.312918] xhci_hcd 0000:01:00.4: xHCI Host Controller
[    8.312923] xhci_hcd 0000:01:00.4: new USB bus registered, assigned bus number 3
[    8.313048] xhci_hcd 0000:01:00.4: hcc params 0x0268ffe5 hci version 0x110 quirks 0x0000020000000410
[    8.313492] usb usb3: New USB device found, idVendor=1d6b, idProduct=0002, bcdDevice= 5.16
[    8.313494] usb usb3: New USB device strings: Mfr=3, Product=2, SerialNumber=1
[    8.313496] usb usb3: Product: xHCI Host Controller
[    8.313497] usb usb3: Manufacturer: Linux 5.16.10-arch1-1 xhci-hcd
[    8.313498] usb usb3: SerialNumber: 0000:01:00.4
[    8.313635] hub 3-0:1.0: USB hub found
[    8.313646] hub 3-0:1.0: 4 ports detected
[    8.314039] xhci_hcd 0000:01:00.4: xHCI Host Controller
[    8.314043] xhci_hcd 0000:01:00.4: new USB bus registered, assigned bus number 4
[    8.314046] xhci_hcd 0000:01:00.4: Host supports USB 3.1 Enhanced SuperSpeed
[    8.314067] usb usb4: We don't know the algorithms for LPM for this host, disabling LPM.
[    8.314101] usb usb4: New USB device found, idVendor=1d6b, idProduct=0003, bcdDevice= 5.16
[    8.314103] usb usb4: New USB device strings: Mfr=3, Product=2, SerialNumber=1
[    8.314104] usb usb4: Product: xHCI Host Controller
[    8.314105] usb usb4: Manufacturer: Linux 5.16.10-arch1-1 xhci-hcd
[    8.314106] usb usb4: SerialNumber: 0000:01:00.4
[    8.314238] hub 4-0:1.0: USB hub found
[    8.314247] hub 4-0:1.0: 2 ports detected
[    8.317223] serio: i8042 KBD port at 0x60,0x64 irq 1
[    8.347412] input: AT Translated Set 2 keyboard as /devices/platform/i8042/serio0/input/input2
[    8.353274] random: fast init done
[    8.455956] PM: Image not found (code -22)
[   10.138652] REISERFS (device sda2): found reiserfs format "3.6" with standard journal
[   10.138683] REISERFS (device sda2): using ordered data mode
[   10.138684] reiserfs: using flush barriers
[   10.138973] REISERFS (device sda2): journal params: device sda2, size 8192, journal first block 18, max trans len 1024, max batch 900, max commit age 30, max trans age 30
[   10.139275] REISERFS (device sda2): checking transaction log (sda2)
[   10.140698] REISERFS (device sda2): Using r5 hash to sort names
[   10.141716] REISERFS (device sda2): Removing [118593 586479 0x0 SD]..
[   10.141880] done
[   10.142145] REISERFS (device sda2): Removing [158458 585766 0x0 SD]..
[   10.142294] done
[   10.142422] REISERFS (device sda2): Removing [3 585685 0x0 SD]..
[   10.142443] done
[   10.142698] REISERFS (device sda2): Removing [1034 585654 0x0 SD]..
[   10.143110] done
[   10.143361] REISERFS (device sda2): Removing [35058 585650 0x0 SD]..
[   10.143379] done
[   10.143633] REISERFS (device sda2): Removing [184335 585638 0x0 SD]..
[   10.143839] done
[   10.143968] REISERFS (device sda2): Removing [184335 585637 0x0 SD]..
[   10.144110] done
[   10.144285] REISERFS (device sda2): Removing [1034 585444 0x0 SD]..
[   10.144439] done
[   10.144568] REISERFS (device sda2): Removing [1034 585441 0x0 SD]..
[   10.144639] done
[   10.144644] REISERFS (device sda2): Removing [158458 585382 0x0 SD]..
[   10.144675] done
[   10.144679] REISERFS (device sda2): Removing [158458 585381 0x0 SD]..
[   10.144698] done
[   10.144832] REISERFS (device sda2): Removing [158458 585379 0x0 SD]..
[   10.144853] done
[   10.144857] REISERFS (device sda2): Removing [158458 585378 0x0 SD]..
[   10.144875] done
[   10.144878] REISERFS (device sda2): Removing [158458 585377 0x0 SD]..
[   10.144897] done
[   10.144900] REISERFS (device sda2): Removing [158458 585376 0x0 SD]..
[   10.144919] done
[   10.144923] REISERFS (device sda2): Removing [1034 584653 0x0 SD]..
[   10.144981] done
[   10.144990] REISERFS (device sda2): Removing [35058 584650 0x0 SD]..
[   10.145144] done
[   10.145276] REISERFS (device sda2): Removing [584589 584597 0x0 SD]..
[   10.145555] done
[   10.145723] REISERFS (device sda2): Removing [1034 584575 0x0 SD]..
[   10.145896] done
[   10.145902] REISERFS (device sda2): Removing [118593 584525 0x0 SD]..
[   10.146046] done
[   10.146305] REISERFS (device sda2): Removing [35092 578827 0x0 SD]..
[   10.147269] done
[   10.147275] REISERFS (device sda2): Removing [158458 567874 0x0 SD]..
[   10.147299] done
[   10.147304] REISERFS (device sda2): Removing [3 564706 0x0 SD]..
[   10.147319] done
[   10.147323] REISERFS (device sda2): Removing [3 564690 0x0 SD]..
[   10.147337] done
[   10.147593] REISERFS (device sda2): Removing [215835 564660 0x0 SD]..
[   10.147886] done
[   10.147890] REISERFS (device sda2): Removing [215835 564659 0x0 SD]..
[   10.147929] done
[   10.147932] REISERFS (device sda2): Removing [215835 564658 0x0 SD]..
[   10.147969] done
[   10.147974] REISERFS (device sda2): Removing [184335 564657 0x0 SD]..
[   10.148017] done
[   10.148020] REISERFS (device sda2): Removing [184335 564655 0x0 SD]..
[   10.148055] done
[   10.148190] REISERFS (device sda2): Removing [184335 564654 0x0 SD]..
[   10.148258] done
[   10.148263] REISERFS (device sda2): Removing [1034 564463 0x0 SD]..
[   10.148417] done
[   10.148548] REISERFS (device sda2): Removing [1034 564339 0x0 SD]..
[   10.148587] done
[   10.148591] REISERFS (device sda2): Removing [1034 564338 0x0 SD]..
[   10.148616] done
[   10.148866] REISERFS (device sda2): Removing [68832 564241 0x0 SD]..
[   10.149056] done
[   10.149845] REISERFS (device sda2): Removing [61371 563885 0x0 SD]..
[   10.150452] done
[   10.150501] REISERFS (device sda2): Removing [184335 563869 0x0 SD]..
[   10.150559] done
[   10.150932] REISERFS (device sda2): Removing [1032 553219 0x0 SD]..
[   10.151130] done
[   10.151143] REISERFS (device sda2): Removing [3 553032 0x0 SD]..
[   10.151173] done
[   10.151325] REISERFS (device sda2): Removing [35058 553021 0x0 SD]..
[   10.151362] done
[   10.151369] REISERFS (device sda2): Removing [35058 553018 0x0 SD]..
[   10.151442] done
[   10.151448] REISERFS (device sda2): Removing [35058 553017 0x0 SD]..
[   10.151480] done
[   10.151492] REISERFS (device sda2): Removing [215835 553000 0x0 SD]..
[   10.151561] done
[   10.151567] REISERFS (device sda2): Removing [215835 552999 0x0 SD]..
[   10.151641] done
[   10.151646] REISERFS (device sda2): Removing [215835 552998 0x0 SD]..
[   10.151717] done
[   10.151723] REISERFS (device sda2): Removing [215835 552996 0x0 SD]..
[   10.151789] done
[   10.151795] REISERFS (device sda2): Removing [215835 552995 0x0 SD]..
[   10.151868] done
[   10.151873] REISERFS (device sda2): Removing [184335 552991 0x0 SD]..
[   10.151906] done
[   10.151909] REISERFS (device sda2): Removing [184335 552990 0x0 SD]..
[   10.151949] done
[   10.152090] REISERFS (device sda2): Removing [1034 552768 0x0 SD]..
[   10.152111] done
[   10.152115] REISERFS (device sda2): Removing [1034 552767 0x0 SD]..
[   10.152167] done
[   10.152171] REISERFS (device sda2): Removing [1034 552712 0x0 SD]..
[   10.152380] done
[   10.152550] REISERFS (device sda2): Removing [1034 552706 0x0 SD]..
[   10.152592] done
[   10.152892] REISERFS (device sda2): Removing [177372 552653 0x0 SD]..
[   10.153356] done
[   10.153542] REISERFS (device sda2): Removing [177368 552652 0x0 SD]..
[   10.153701] done
[   10.153713] REISERFS (device sda2): Removing [177368 552651 0x0 SD]..
[   10.153732] done
[   10.153736] REISERFS (device sda2): Removing [177368 552650 0x0 SD]..
[   10.153755] done
[   10.153928] REISERFS (device sda2): Removing [177359 552648 0x0 SD]..
[   10.154092] done
[   10.154096] REISERFS (device sda2): Removing [177359 552647 0x0 SD]..
[   10.154117] done
[   10.154120] REISERFS (device sda2): Removing [177359 552646 0x0 SD]..
[   10.154140] done
[   10.154143] REISERFS (device sda2): Removing [177359 552645 0x0 SD]..
[   10.154164] done
[   10.154168] REISERFS (device sda2): Removing [177359 552644 0x0 SD]..
[   10.154188] done
[   10.154193] REISERFS (device sda2): Removing [1034 552641 0x0 SD]..
[   10.154215] done
[   10.154393] REISERFS (device sda2): Removing [177359 552581 0x0 SD]..
[   10.154451] done
[   10.154455] REISERFS (device sda2): Removing [1034 552576 0x0 SD]..
[   10.154495] done
[   10.154499] REISERFS (device sda2): Removing [1034 552575 0x0 SD]..
[   10.154661] done
[   10.154912] REISERFS (device sda2): Removing [73056 552389 0x0 SD]..
[   10.155067] done
[   10.155315] REISERFS (device sda2): Removing [35151 550467 0x0 SD]..
[   10.155467] done
[   10.155729] REISERFS (device sda2): Removing [177326 550429 0x0 SD]..
[   10.155902] done
[   10.155906] REISERFS (device sda2): Removing [1034 550346 0x0 SD]..
[   10.156090] done
[   10.156095] REISERFS (device sda2): Removing [35058 550321 0x0 SD]..
[   10.156108] done
[   10.156112] REISERFS (device sda2): Removing [215835 550292 0x0 SD]..
[   10.156150] done
[   10.156154] REISERFS (device sda2): Removing [1034 550278 0x0 SD]..
[   10.156310] done
[   10.156438] REISERFS (device sda2): Removing [1034 550132 0x0 SD]..
[   10.156482] done
[   10.156486] REISERFS (device sda2): Removing [1034 550131 0x0 SD]..
[   10.156521] done
[   10.156529] REISERFS (device sda2): Removing [1034 550130 0x0 SD]..
[   10.156554] done
[   10.156557] REISERFS (device sda2): Removing [1034 550129 0x0 SD]..
[   10.156584] done
[   10.156728] REISERFS (device sda2): Removing [1034 550112 0x0 SD]..
[   10.156926] done
[   10.157081] REISERFS (device sda2): Removing [1034 550078 0x0 SD]..
[   10.157108] done
[   10.157111] REISERFS (device sda2): Removing [1034 550077 0x0 SD]..
[   10.157167] done
[   10.157170] REISERFS (device sda2): Removing [1034 550074 0x0 SD]..
[   10.157192] done
[   10.157355] REISERFS (device sda2): Removing [1034 550072 0x0 SD]..
[   10.157374] done
[   10.157531] REISERFS (device sda2): Removing [1034 550060 0x0 SD]..
[   10.157582] done
[   10.157585] REISERFS (device sda2): Removing [1034 550054 0x0 SD]..
[   10.157764] done
[   10.157934] REISERFS (device sda2): Removing [177355 550038 0x0 SD]..
[   10.158390] done
[   10.158395] REISERFS (device sda2): Removing [177353 550037 0x0 SD]..
[   10.158455] done
[   10.158459] REISERFS (device sda2): Removing [177350 550036 0x0 SD]..
[   10.158656] done
[   10.158660] REISERFS (device sda2): Removing [177326 550030 0x0 SD]..
[   10.158682] done
[   10.158686] REISERFS (device sda2): Removing [177326 550028 0x0 SD]..
[   10.158703] done
[   10.158706] REISERFS (device sda2): Removing [177326 550027 0x0 SD]..
[   10.158734] done
[   10.158737] REISERFS (device sda2): Removing [177326 550026 0x0 SD]..
[   10.158754] done
[   10.158757] REISERFS (device sda2): Removing [177326 550025 0x0 SD]..
[   10.158773] done
[   10.158776] REISERFS (device sda2): Removing [177326 550022 0x0 SD]..
[   10.158824] done
[   10.158827] REISERFS (device sda2): Removing [177326 550017 0x0 SD]..
[   10.158845] done
[   10.158853] REISERFS (device sda2): Removing [177326 550010 0x0 SD]..
[   10.158869] done
[   10.158873] REISERFS (device sda2): Removing [1034 550006 0x0 SD]..
[   10.158892] done
[   10.158896] REISERFS (device sda2): Removing [1034 550003 0x0 SD]..
[   10.158916] done
[   10.159077] REISERFS (device sda2): Removing [1034 550001 0x0 SD]..
[   10.159106] done
[   10.159109] REISERFS (device sda2): Removing [1034 549918 0x0 SD]..
[   10.159267] done
[   10.159271] REISERFS (device sda2): Removing [1034 549885 0x0 SD]..
[   10.159302] done
[   10.159310] REISERFS (device sda2): Removing [1034 549826 0x0 SD]..
[   10.159333] done
[   10.159592] REISERFS (device sda2): Removing [73060 549792 0x0 SD]..
[   10.159755] done
[   10.159763] REISERFS (device sda2): Removing [68832 549752 0x0 SD]..
[   10.159790] done
[   10.159794] REISERFS (device sda2): Removing [68832 549751 0x0 SD]..
[   10.159818] done
[   10.159997] REISERFS (device sda2): Removing [177326 549695 0x0 SD]..
[   10.160019] done
[   10.160151] REISERFS (device sda2): Removing [1034 549692 0x0 SD]..
[   10.160188] done
[   10.160192] REISERFS (device sda2): Removing [35151 539093 0x0 SD]..
[   10.160477] done
[   10.160605] REISERFS (device sda2): Removing [1032 539086 0x0 SD]..
[   10.160623] done
[   10.160627] REISERFS (device sda2): Removing [1032 539072 0x0 SD]..
[   10.160772] done
[   10.160900] REISERFS (device sda2): Removing [1034 539037 0x0 SD]..
[   10.160931] done
[   10.160934] REISERFS (device sda2): Removing [1034 539027 0x0 SD]..
[   10.160950] done
[   10.160953] REISERFS (device sda2): Removing [1034 539026 0x0 SD]..
[   10.160969] done
[   10.160973] REISERFS (device sda2): Removing [1032 539017 0x0 SD]..
[   10.160992] done
[   10.161004] REISERFS (device sda2): Removing [1034 539014 0x0 SD]..
[   10.161021] done
[   10.161024] REISERFS (device sda2): Removing [1034 539013 0x0 SD]..
[   10.161039] done
[   10.161042] REISERFS (device sda2): Removing [1034 539011 0x0 SD]..
[   10.161061] done
[   10.161064] REISERFS (device sda2): Removing [1034 539004 0x0 SD]..
[   10.161087] done
[   10.161091] REISERFS (device sda2): Removing [35058 538990 0x0 SD]..
[   10.161116] done
[   10.161253] REISERFS (device sda2): Removing [1034 538955 0x0 SD]..
[   10.161274] done
[   10.161278] REISERFS (device sda2): Removing [1034 538947 0x0 SD]..
[   10.161294] done
[   10.161298] REISERFS (device sda2): Removing [1034 538946 0x0 SD]..
[   10.161316] done
[   10.161319] REISERFS (device sda2): Removing [1034 538943 0x0 SD]..
[   10.161335] done
[   10.161338] REISERFS (device sda2): Removing [1034 538942 0x0 SD]..
[   10.161353] done
[   10.161356] REISERFS (device sda2): Removing [1034 538940 0x0 SD]..
[   10.161373] done
[   10.161377] REISERFS (device sda2): Removing [1034 538830 0x0 SD]..
[   10.161470] done
[   10.161474] REISERFS (device sda2): Removing [68833 538816 0x0 SD]..
[   10.161635] done
[   10.161792] REISERFS (device sda2): Removing [1034 538800 0x0 SD]..
[   10.161980] done
[   10.161984] REISERFS (device sda2): Removing [1034 538794 0x0 SD]..
[   10.162028] done
[   10.162031] REISERFS (device sda2): Removing [1034 538792 0x0 SD]..
[   10.162047] done
[   10.162050] REISERFS (device sda2): Removing [1034 538791 0x0 SD]..
[   10.162064] done
[   10.162068] REISERFS (device sda2): Removing [1034 538789 0x0 SD]..
[   10.162082] done
[   10.162085] REISERFS (device sda2): Removing [1034 538776 0x0 SD]..
[   10.162102] done
[   10.162113] REISERFS (device sda2): Removing [1034 538775 0x0 SD]..
[   10.162129] done
[   10.162133] REISERFS (device sda2): Removing [177326 538770 0x0 SD]..
[   10.162166] done
[   10.162169] REISERFS (device sda2): Removing [177326 538767 0x0 SD]..
[   10.162187] done
[   10.162190] REISERFS (device sda2): Removing [177326 538764 0x0 SD]..
[   10.162222] done
[   10.162225] REISERFS (device sda2): Removing [177326 538759 0x0 SD]..
[   10.162244] done
[   10.162247] REISERFS (device sda2): Removing [177326 538758 0x0 SD]..
[   10.162274] done
[   10.162277] REISERFS (device sda2): Removing [177326 538753 0x0 SD]..
[   10.162293] done
[   10.162458] REISERFS (device sda2): Removing [1034 538751 0x0 SD]..
[   10.162530] done
[   10.162534] REISERFS (device sda2): Removing [1034 538744 0x0 SD]..
[   10.162627] done
[   10.162630] REISERFS (device sda2): Removing [1034 538741 0x0 SD]..
[   10.162781] done
[   10.162785] REISERFS (device sda2): Removing [1034 538640 0x0 SD]..
[   10.163064] done
[   10.163070] REISERFS (device sda2): Removing [1034 538634 0x0 SD]..
[   10.163131] done
[   10.163135] REISERFS (device sda2): Removing [1034 538603 0x0 SD]..
[   10.163203] done
[   10.163207] REISERFS (device sda2): Removing [1034 538597 0x0 SD]..
[   10.163228] done
[   10.163231] REISERFS (device sda2): Removing [1034 538130 0x0 SD]..
[   10.163255] done
[   10.163259] REISERFS (device sda2): Removing [1034 537918 0x0 SD]..
[   10.163287] done
[   10.163291] REISERFS (device sda2): Removing [1032 537891 0x0 SD]..
[   10.163307] done
[   10.163311] REISERFS (device sda2): Removing [1034 537823 0x0 SD]..
[   10.163330] done
[   10.163466] REISERFS (device sda2): Removing [1034 537814 0x0 SD]..
[   10.163490] done
[   10.163499] REISERFS (device sda2): Removing [1034 537793 0x0 SD]..
[   10.163520] done
[   10.163524] REISERFS (device sda2): Removing [1034 537739 0x0 SD]..
[   10.163543] done
[   10.163547] REISERFS (device sda2): Removing [1034 537725 0x0 SD]..
[   10.163567] done
[   10.163570] REISERFS (device sda2): Removing [1034 537657 0x0 SD]..
[   10.163593] done
[   10.163727] REISERFS (device sda2): Removing [1034 537647 0x0 SD]..
[   10.163747] done
[   10.163751] REISERFS (device sda2): Removing [1034 537566 0x0 SD]..
[   10.163769] done
[   10.163772] REISERFS (device sda2): Removing [1034 537558 0x0 SD]..
[   10.163989] done
[   10.163994] REISERFS (device sda2): Removing [1034 537503 0x0 SD]..
[   10.164016] done
[   10.164020] REISERFS (device sda2): Removing [1034 537499 0x0 SD]..
[   10.164043] done
[   10.164047] REISERFS (device sda2): Removing [1034 537495 0x0 SD]..
[   10.164066] done
[   10.164070] REISERFS (device sda2): Removing [1034 537464 0x0 SD]..
[   10.164089] done
[   10.164094] REISERFS (device sda2): Removing [35151 536999 0x0 SD]..
[   10.164134] done
[   10.164138] REISERFS (device sda2): Removing [35151 536998 0x0 SD]..
[   10.164162] done
[   10.164295] REISERFS (device sda2): Removing [1034 536899 0x0 SD]..
[   10.164320] done
[   10.164324] REISERFS (device sda2): Removing [1032 536888 0x0 SD]..
[   10.164358] done
[   10.164362] REISERFS (device sda2): Removing [1034 536878 0x0 SD]..
[   10.164382] done
[   10.164512] REISERFS (device sda2): Removing [1034 536855 0x0 SD]..
[   10.164546] done
[   10.164674] REISERFS (device sda2): Removing [215835 536853 0x0 SD]..
[   10.164713] done
[   10.164966] REISERFS (device sda2): Removing [35083 536824 0x0 SD]..
[   10.165127] done
[   10.165135] REISERFS (device sda2): Removing [1034 536820 0x0 SD]..
[   10.165155] done
[   10.165158] REISERFS (device sda2): Removing [1034 536816 0x0 SD]..
[   10.165185] done
[   10.165189] REISERFS (device sda2): Removing [1034 536770 0x0 SD]..
[   10.165249] done
[   10.165253] REISERFS (device sda2): Removing [1034 536699 0x0 SD]..
[   10.165271] done
[   10.165433] REISERFS (device sda2): Removing [1034 536694 0x0 SD]..
[   10.165493] done
[   10.165771] REISERFS (device sda2): Removing [35045 536691 0x0 SD]..
[   10.168121] done
[   10.168127] REISERFS (device sda2): Removing [1034 536673 0x0 SD]..
[   10.168150] done
[   10.168153] REISERFS (device sda2): Removing [1034 536672 0x0 SD]..
[   10.168176] done
[   10.168179] REISERFS (device sda2): Removing [1034 536671 0x0 SD]..
[   10.168197] done
[   10.168200] REISERFS (device sda2): Removing [1034 536550 0x0 SD]..
[   10.168375] done
[   10.168379] REISERFS (device sda2): Removing [1034 536545 0x0 SD]..
[   10.168399] done
[   10.168403] REISERFS (device sda2): Removing [1034 536522 0x0 SD]..
[   10.168427] done
[   10.168431] REISERFS (device sda2): Removing [1034 536482 0x0 SD]..
[   10.168471] done
[   10.168475] REISERFS (device sda2): Removing [1034 536439 0x0 SD]..
[   10.168493] done
[   10.168496] REISERFS (device sda2): Removing [1034 536425 0x0 SD]..
[   10.168520] done
[   10.168656] REISERFS (device sda2): Removing [68832 536412 0x0 SD]..
[   10.168682] done
[   10.168825] REISERFS (device sda2): Removing [1034 535383 0x0 SD]..
[   10.168855] done
[   10.168859] REISERFS (device sda2): Removing [1034 535364 0x0 SD]..
[   10.169022] done
[   10.169027] REISERFS (device sda2): Removing [215835 535342 0x0 SD]..
[   10.169063] done
[   10.169075] REISERFS (device sda2): Removing [35083 535304 0x0 SD]..
[   10.169094] done
[   10.169097] REISERFS (device sda2): Removing [35083 535300 0x0 SD]..
[   10.169118] done
[   10.169122] REISERFS (device sda2): Removing [1034 535288 0x0 SD]..
[   10.169141] done
[   10.169144] REISERFS (device sda2): Removing [1034 535252 0x0 SD]..
[   10.169199] done
[   10.169334] REISERFS (device sda2): Removing [1034 535211 0x0 SD]..
[   10.169357] done
[   10.169512] REISERFS (device sda2): Removing [1034 535078 0x0 SD]..
[   10.169614] done
[   10.169617] REISERFS (device sda2): Removing [1034 534267 0x0 SD]..
[   10.169638] done
[   10.169772] REISERFS (device sda2): Removing [1034 533292 0x0 SD]..
[   10.169944] done
[   10.169947] REISERFS (device sda2): Removing [1034 519174 0x0 SD]..
[   10.169966] done
[   10.169969] REISERFS (device sda2): Removing [1034 519138 0x0 SD]..
[   10.169987] done
[   10.170121] REISERFS (device sda2): Removing [1034 519134 0x0 SD]..
[   10.170267] done
[   10.170271] REISERFS (device sda2): Removing [1034 519066 0x0 SD]..
[   10.170293] done
[   10.170551] REISERFS (device sda2): Removing [35069 519040 0x0 SD]..
[   10.170705] done
[   10.170960] REISERFS (device sda2): Removing [35116 518917 0x0 SD]..
[   10.171165] done
[   10.171170] REISERFS (device sda2): Removing [1034 518911 0x0 SD]..
[   10.171192] done
[   10.171196] REISERFS (device sda2): Removing [1034 518863 0x0 SD]..
[   10.171229] done
[   10.171233] REISERFS (device sda2): Removing [1034 518788 0x0 SD]..
[   10.171256] done
[   10.171390] REISERFS (device sda2): Removing [1034 518671 0x0 SD]..
[   10.171534] done
[   10.171667] REISERFS (device sda2): Removing [1034 518667 0x0 SD]..
[   10.171858] done
[   10.171867] REISERFS (device sda2): Removing [1034 518663 0x0 SD]..
[   10.171899] done
[   10.171903] REISERFS (device sda2): Removing [1034 498963 0x0 SD]..
[   10.171932] done
[   10.171936] REISERFS (device sda2): Removing [1034 438097 0x0 SD]..
[   10.171964] done
[   10.171968] REISERFS (device sda2): Removing [1034 435094 0x0 SD]..
[   10.172005] done
[   10.172179] REISERFS (device sda2): Removing [1034 434002 0x0 SD]..
[   10.179540] done
[   10.179719] REISERFS (device sda2): Removing [1034 433624 0x0 SD]..
[   10.179810] done
[   10.179815] REISERFS (device sda2): Removing [1034 433181 0x0 SD]..
[   10.179861] done
[   10.179999] REISERFS (device sda2): Removing [1034 431027 0x0 SD]..
[   10.180024] done
[   10.180028] REISERFS (device sda2): Removing [1034 427303 0x0 SD]..
[   10.180052] done
[   10.180056] REISERFS (device sda2): Removing [1034 427255 0x0 SD]..
[   10.180074] done
[   10.180077] REISERFS (device sda2): Removing [1034 427247 0x0 SD]..
[   10.180098] done
[   10.180233] REISERFS (device sda2): Removing [1034 427038 0x0 SD]..
[   10.180254] done
[   10.180259] REISERFS (device sda2): Removing [1034 425315 0x0 SD]..
[   10.180279] done
[   10.180283] REISERFS (device sda2): Removing [1034 424204 0x0 SD]..
[   10.180303] done
[   10.180306] REISERFS (device sda2): Removing [1034 424186 0x0 SD]..
[   10.180327] done
[   10.180330] REISERFS (device sda2): Removing [1034 424157 0x0 SD]..
[   10.180348] done
[   10.180351] REISERFS (device sda2): Removing [1034 424153 0x0 SD]..
[   10.180371] done
[   10.180506] REISERFS (device sda2): Removing [1034 424088 0x0 SD]..
[   10.180533] done
[   10.180537] REISERFS (device sda2): Removing [1034 424086 0x0 SD]..
[   10.180554] done
[   10.180558] REISERFS (device sda2): Removing [1034 423933 0x0 SD]..
[   10.180599] done
[   10.180603] REISERFS (device sda2): Removing [1034 423889 0x0 SD]..
[   10.180639] done
[   10.180643] REISERFS (device sda2): Removing [1034 423805 0x0 SD]..
[   10.180690] done
[   10.180694] REISERFS (device sda2): Removing [1034 423756 0x0 SD]..
[   10.180747] done
[   10.180751] REISERFS (device sda2): Removing [1034 423670 0x0 SD]..
[   10.180774] done
[   10.180908] REISERFS (device sda2): Removing [1032 418344 0x0 SD]..
[   10.180947] done
[   10.181075] REISERFS (device sda2): Removing [1034 417952 0x0 SD]..
[   10.181096] done
[   10.181101] REISERFS (device sda2): Removing [1034 417851 0x0 SD]..
[   10.181118] done
[   10.181122] REISERFS (device sda2): Removing [1034 417786 0x0 SD]..
[   10.181142] done
[   10.181145] REISERFS (device sda2): Removing [1034 417698 0x0 SD]..
[   10.181167] done
[   10.181171] REISERFS (device sda2): Removing [1032 402696 0x0 SD]..
[   10.181200] done
[   10.181335] REISERFS (device sda2): Removing [1034 392748 0x0 SD]..
[   10.181357] done
[   10.181361] REISERFS (device sda2): Removing [1034 392617 0x0 SD]..
[   10.181398] done
[   10.181526] REISERFS (device sda2): Removing [1032 369013 0x0 SD]..
[   10.181797] done
[   10.181926] REISERFS (device sda2): Removing [2 303325 0x0 SD]..
[   10.182086] done
[   10.182091] REISERFS (device sda2): Removing [2 303250 0x0 SD]..
[   10.182125] done
[   10.182519] REISERFS (device sda2): Removing [299173 299240 0x0 SD]..
[   10.182684] done
[   10.182689] REISERFS (device sda2): Removing [299173 299239 0x0 SD]..
[   10.182710] done
[   10.182967] REISERFS (device sda2): Removing [57651 298863 0x0 SD]..
[   10.183251] done
[   10.183382] REISERFS (device sda2): Removing [1034 298848 0x0 SD]..
[   10.183408] done
[   10.183537] REISERFS (device sda2): Removing [1034 297989 0x0 SD]..
[   10.183562] done
[   10.183566] REISERFS (device sda2): Removing [1034 297813 0x0 SD]..
[   10.183606] done
[   10.183609] REISERFS (device sda2): Removing [1034 297810 0x0 SD]..
[   10.183646] done
[   10.183650] REISERFS (device sda2): Removing [1034 297804 0x0 SD]..
[   10.183675] done
[   10.183678] REISERFS (device sda2): Removing [1034 297802 0x0 SD]..
[   10.183698] done
[   10.183831] REISERFS (device sda2): Removing [1034 297712 0x0 SD]..
[   10.188145] done
[   10.188405] REISERFS (device sda2): Removing [1034 297706 0x0 SD]..
[   10.190466] done
[   10.190606] REISERFS (device sda2): Removing [1034 297446 0x0 SD]..
[   10.190768] done
[   10.190773] REISERFS (device sda2): Removing [1034 297414 0x0 SD]..
[   10.190796] done
[   10.190799] REISERFS (device sda2): Removing [1034 297410 0x0 SD]..
[   10.190818] done
[   10.190822] REISERFS (device sda2): Removing [1034 297379 0x0 SD]..
[   10.190844] done
[   10.190847] REISERFS (device sda2): Removing [1034 297357 0x0 SD]..
[   10.190871] done
[   10.190875] REISERFS (device sda2): Removing [1034 297323 0x0 SD]..
[   10.190895] done
[   10.190899] REISERFS (device sda2): Removing [1034 297298 0x0 SD]..
[   10.190919] done
[   10.190923] REISERFS (device sda2): Removing [1034 297284 0x0 SD]..
[   10.190948] done
[   10.191085] REISERFS (device sda2): Removing [1034 297240 0x0 SD]..
[   10.191111] done
[   10.191114] REISERFS (device sda2): Removing [1034 297120 0x0 SD]..
[   10.191135] done
[   10.191138] REISERFS (device sda2): Removing [1034 297090 0x0 SD]..
[   10.191164] done
[   10.191417] REISERFS (device sda2): Removing [294141 294178 0x0 SD]..
[   10.191702] done
[   10.191707] REISERFS (device sda2): Removing [294141 294177 0x0 SD]..
[   10.191760] done
[   10.191895] REISERFS (device sda2): Removing [57651 293987 0x0 SD]..
[   10.191925] done
[   10.192053] REISERFS (device sda2): Removing [1034 292381 0x0 SD]..
[   10.192074] done
[   10.192079] REISERFS (device sda2): Removing [1034 292378 0x0 SD]..
[   10.192098] done
[   10.192101] REISERFS (device sda2): Removing [1034 292377 0x0 SD]..
[   10.192124] done
[   10.192128] REISERFS (device sda2): Removing [1034 292374 0x0 SD]..
[   10.192157] done
[   10.192161] REISERFS (device sda2): Removing [1034 292372 0x0 SD]..
[   10.192179] done
[   10.192183] REISERFS (device sda2): Removing [1034 292358 0x0 SD]..
[   10.192201] done
[   10.192453] REISERFS (device sda2): Removing [292257 292357 0x0 SD]..
[   10.192610] done
[   10.192614] REISERFS (device sda2): Removing [292257 292355 0x0 SD]..
[   10.192647] done
[   10.192651] REISERFS (device sda2): Removing [1034 292354 0x0 SD]..
[   10.192678] done
[   10.192933] REISERFS (device sda2): Removing [40646 292348 0x0 SD]..
[   10.192964] done
[   10.192968] REISERFS (device sda2): Removing [40646 292304 0x0 SD]..
[   10.192991] done
[   10.193118] REISERFS (device sda2): Removing [1034 292247 0x0 SD]..
[   10.195227] done
[   10.195406] REISERFS (device sda2): Removing [1034 231422 0x0 SD]..
[   10.195687] done
[   10.195692] REISERFS (device sda2): Removing [1034 231396 0x0 SD]..
[   10.195903] done
[   10.196039] REISERFS (device sda2): Removing [1034 231347 0x0 SD]..
[   10.196067] done
[   10.196070] REISERFS (device sda2): Removing [1034 231344 0x0 SD]..
[   10.196090] done
[   10.196219] REISERFS (device sda2): Removing [1034 229404 0x0 SD]..
[   10.196415] done
[   10.196419] REISERFS (device sda2): Removing [1034 229401 0x0 SD]..
[   10.196452] done
[   10.196586] REISERFS (device sda2): Removing [1034 229380 0x0 SD]..
[   10.196620] done
[   10.196624] REISERFS (device sda2): Removing [1034 229377 0x0 SD]..
[   10.196673] done
[   10.196676] REISERFS (device sda2): Removing [1034 229372 0x0 SD]..
[   10.196696] done
[   10.196699] REISERFS (device sda2): Removing [1034 229368 0x0 SD]..
[   10.196748] done
[   10.196752] REISERFS (device sda2): Removing [1034 229360 0x0 SD]..
[   10.196773] done
[   10.196908] REISERFS (device sda2): Removing [1034 229352 0x0 SD]..
[   10.196927] done
[   10.196930] REISERFS (device sda2): Removing [1034 229035 0x0 SD]..
[   10.196979] done
[   10.197109] REISERFS (device sda2): Removing [1034 228944 0x0 SD]..
[   10.197211] done
[   10.197214] REISERFS (device sda2): Removing [1034 228929 0x0 SD]..
[   10.197262] done
[   10.197268] REISERFS (device sda2): Removing [3 228921 0x0 SD]..
[   10.197282] done
[   10.197540] REISERFS (device sda2): Removing [226283 226295 0x0 SD]..
[   10.197721] done
[   10.197850] REISERFS (device sda2): Removing [1034 226270 0x0 SD]..
[   10.197916] done
[   10.197920] REISERFS (device sda2): Removing [1034 226242 0x0 SD]..
[   10.197940] done
[   10.197944] REISERFS (device sda2): Removing [1034 226230 0x0 SD]..
[   10.197962] done
[   10.197966] REISERFS (device sda2): Removing [1034 226218 0x0 SD]..
[   10.197988] done
[   10.197991] REISERFS (device sda2): Removing [1034 226206 0x0 SD]..
[   10.198014] done
[   10.198150] REISERFS (device sda2): Removing [1034 225764 0x0 SD]..
[   10.198174] done
[   10.198305] REISERFS (device sda2): Removing [1034 225374 0x0 SD]..
[   10.198326] done
[   10.198454] REISERFS (device sda2): Removing [1034 225204 0x0 SD]..
[   10.198476] done
[   10.198727] REISERFS (device sda2): Removing [57651 219553 0x0 SD]..
[   10.198878] done
[   10.199006] REISERFS (device sda2): Removing [1034 218890 0x0 SD]..
[   10.199040] done
[   10.199044] REISERFS (device sda2): Removing [1034 215830 0x0 SD]..
[   10.199063] done
[   10.199191] REISERFS (device sda2): Removing [68830 206840 0x0 SD]..
[   10.199347] done
[   10.199476] REISERFS (device sda2): Removing [1034 197542 0x0 SD]..
[   10.199501] done
[   10.199654] REISERFS (device sda2): Removing [1034 186230 0x0 SD]..
[   10.199696] done
[   10.199854] REISERFS (device sda2): Removing [1034 186023 0x0 SD]..
[   10.199873] done
[   10.200028] REISERFS (device sda2): Removing [1034 185755 0x0 SD]..
[   10.200068] done
[   10.200203] REISERFS (device sda2): Removing [1032 185413 0x0 SD]..
[   10.200226] done
[   10.200231] REISERFS (device sda2): Removing [1032 185215 0x0 SD]..
[   10.200380] done
[   10.200508] REISERFS (device sda2): Removing [1034 185080 0x0 SD]..
[   10.200540] done
[   10.200669] REISERFS (device sda2): Removing [1034 184403 0x0 SD]..
[   10.200706] done
[   10.200834] REISERFS (device sda2): Removing [1032 177492 0x0 SD]..
[   10.200877] done
[   10.201009] REISERFS (device sda2): Removing [1032 177159 0x0 SD]..
[   10.201286] done
[   10.201290] REISERFS (device sda2): Removing [1032 176323 0x0 SD]..
[   10.201323] done
[   10.201576] REISERFS (device sda2): Removing [1034 176193 0x0 SD]..
[   10.201607] done
[   10.201611] REISERFS (device sda2): Removing [1034 176184 0x0 SD]..
[   10.201639] done
[   10.201643] REISERFS (device sda2): Removing [1034 176132 0x0 SD]..
[   10.201670] done
[   10.201810] REISERFS (device sda2): Removing [1034 175918 0x0 SD]..
[   10.201835] done
[   10.202088] REISERFS (device sda2): Removing [175588 175633 0x0 SD]..
[   10.202249] done
[   10.202253] REISERFS (device sda2): Removing [1034 175631 0x0 SD]..
[   10.202278] done
[   10.202282] REISERFS (device sda2): Removing [40646 175620 0x0 SD]..
[   10.202300] done
[   10.202303] REISERFS (device sda2): Removing [1034 175484 0x0 SD]..
[   10.202325] done
[   10.202581] REISERFS (device sda2): Removing [1032 168303 0x0 SD]..
[   10.202827] done
[   10.203088] REISERFS (device sda2): Removing [164192 164224 0x0 SD]..
[   10.204313] done
[   10.204443] REISERFS (device sda2): Removing [1032 164216 0x0 SD]..
[   10.205254] done
[   10.205383] REISERFS (device sda2): Removing [1034 162248 0x0 SD]..
[   10.205436] done
[   10.205592] REISERFS (device sda2): Removing [1034 162045 0x0 SD]..
[   10.205790] done
[   10.205794] REISERFS (device sda2): Removing [1034 161063 0x0 SD]..
[   10.205814] done
[   10.205818] REISERFS (device sda2): Removing [1034 160820 0x0 SD]..
[   10.205838] done
[   10.205972] REISERFS (device sda2): Removing [35058 160647 0x0 SD]..
[   10.205993] done
[   10.205997] REISERFS (device sda2): Removing [1034 160590 0x0 SD]..
[   10.206021] done
[   10.206024] REISERFS (device sda2): Removing [1034 160507 0x0 SD]..
[   10.206045] done
[   10.206049] REISERFS (device sda2): Removing [1034 160334 0x0 SD]..
[   10.206069] done
[   10.206203] REISERFS (device sda2): Removing [1034 160145 0x0 SD]..
[   10.206223] done
[   10.206227] REISERFS (device sda2): Removing [1034 160069 0x0 SD]..
[   10.206243] done
[   10.206372] REISERFS (device sda2): Removing [1034 158846 0x0 SD]..
[   10.206395] done
[   10.206399] REISERFS (device sda2): Removing [1034 158822 0x0 SD]..
[   10.206432] done
[   10.206588] REISERFS (device sda2): Removing [1034 156798 0x0 SD]..
[   10.208733] done
[   10.208739] REISERFS (device sda2): Removing [35058 156790 0x0 SD]..
[   10.208762] done
[   10.208900] REISERFS (device sda2): Removing [1034 154654 0x0 SD]..
[   10.208920] done
[   10.209177] REISERFS (device sda2): Removing [186781 151809 0x0 SD]..
[   10.209322] done
[   10.209326] REISERFS (device sda2): Removing [186781 151808 0x0 SD]..
[   10.209496] done
[   10.209500] REISERFS (device sda2): Removing [1034 148984 0x0 SD]..
[   10.209538] done
[   10.209542] REISERFS (device sda2): Removing [3 144365 0x0 SD]..
[   10.209555] done
[   10.209558] REISERFS (device sda2): Removing [3 144361 0x0 SD]..
[   10.209570] done
[   10.209745] REISERFS (device sda2): Removing [35124 143228 0x0 SD]..
[   10.210298] done
[   10.210303] REISERFS (device sda2): Removing [35124 143226 0x0 SD]..
[   10.210325] done
[   10.210329] REISERFS (device sda2): Removing [35124 143220 0x0 SD]..
[   10.210347] done
[   10.210351] REISERFS (device sda2): Removing [35124 142914 0x0 SD]..
[   10.210371] done
[   10.210374] REISERFS (device sda2): Removing [35124 142345 0x0 SD]..
[   10.210393] done
[   10.210396] REISERFS (device sda2): Removing [35124 142212 0x0 SD]..
[   10.210414] done
[   10.210418] REISERFS (device sda2): Removing [35124 142184 0x0 SD]..
[   10.210436] done
[   10.210439] REISERFS (device sda2): Removing [35124 142090 0x0 SD]..
[   10.210457] done
[   10.210591] REISERFS (device sda2): Removing [1034 141082 0x0 SD]..
[   10.210781] done
[   10.210785] REISERFS (device sda2): Removing [1034 138922 0x0 SD]..
[   10.210813] done
[   10.210987] REISERFS (device sda2): Removing [1034 138910 0x0 SD]..
[   10.211018] done
[   10.211021] REISERFS (device sda2): Removing [1034 138903 0x0 SD]..
[   10.211040] done
[   10.211044] REISERFS (device sda2): Removing [1034 138900 0x0 SD]..
[   10.211064] done
[   10.211067] REISERFS (device sda2): Removing [1034 138893 0x0 SD]..
[   10.211087] done
[   10.211090] REISERFS (device sda2): Removing [1034 138889 0x0 SD]..
[   10.211109] done
[   10.211112] REISERFS (device sda2): Removing [1034 138884 0x0 SD]..
[   10.211131] done
[   10.211134] REISERFS (device sda2): Removing [1034 138868 0x0 SD]..
[   10.211155] done
[   10.211315] REISERFS (device sda2): Removing [1034 138857 0x0 SD]..
[   10.211338] done
[   10.211341] REISERFS (device sda2): Removing [1034 138851 0x0 SD]..
[   10.211359] done
[   10.211362] REISERFS (device sda2): Removing [1034 138845 0x0 SD]..
[   10.211385] done
[   10.211389] REISERFS (device sda2): Removing [1034 138834 0x0 SD]..
[   10.211406] done
[   10.211409] REISERFS (device sda2): Removing [1034 138822 0x0 SD]..
[   10.211426] done
[   10.211429] REISERFS (device sda2): Removing [1034 138781 0x0 SD]..
[   10.211580] done
[   10.211584] REISERFS (device sda2): Removing [1034 138742 0x0 SD]..
[   10.211601] done
[   10.211605] REISERFS (device sda2): Removing [1034 138166 0x0 SD]..
[   10.211631] done
[   10.211634] REISERFS (device sda2): Removing [1034 137559 0x0 SD]..
[   10.211661] done
[   10.211665] REISERFS (device sda2): Removing [35124 137129 0x0 SD]..
[   10.211683] done
[   10.211686] REISERFS (device sda2): Removing [35124 137127 0x0 SD]..
[   10.211835] done
[   10.211840] REISERFS (device sda2): Removing [35124 137122 0x0 SD]..
[   10.211862] done
[   10.211866] REISERFS (device sda2): Removing [35124 137120 0x0 SD]..
[   10.211886] done
[   10.211889] REISERFS (device sda2): Removing [35124 137099 0x0 SD]..
[   10.211910] done
[   10.212069] REISERFS (device sda2): Removing [35124 137090 0x0 SD]..
[   10.212090] done
[   10.212094] REISERFS (device sda2): Removing [1034 136703 0x0 SD]..
[   10.212129] done
[   10.212132] REISERFS (device sda2): Removing [1034 136073 0x0 SD]..
[   10.212162] done
[   10.212261] REISERFS (device sda2): Removing [1034 133955 0x0 SD]..
[   10.212284] done
[   10.212288] REISERFS (device sda2): Removing [1034 133897 0x0 SD]..
[   10.212310] done
[   10.212314] REISERFS (device sda2): Removing [1034 133736 0x0 SD]..
[   10.212341] done
[   10.212470] REISERFS (device sda2): Removing [1034 133517 0x0 SD]..
[   10.212648] done
[   10.212652] REISERFS (device sda2): Removing [1034 132905 0x0 SD]..
[   10.212675] done
[   10.212679] REISERFS (device sda2): Removing [1034 132642 0x0 SD]..
[   10.212702] done
[   10.212706] REISERFS (device sda2): Removing [1034 132386 0x0 SD]..
[   10.212727] done
[   10.212731] REISERFS (device sda2): Removing [1034 132340 0x0 SD]..
[   10.212753] done
[   10.212757] REISERFS (device sda2): Removing [1034 130587 0x0 SD]..
[   10.212781] done
[   10.212784] REISERFS (device sda2): Removing [1034 129706 0x0 SD]..
[   10.212840] done
[   10.212844] REISERFS (device sda2): Removing [1034 128553 0x0 SD]..
[   10.212863] done
[   10.212998] REISERFS (device sda2): Removing [1034 128321 0x0 SD]..
[   10.213742] done
[   10.213746] REISERFS (device sda2): Removing [1034 128276 0x0 SD]..
[   10.213768] done
[   10.213927] REISERFS (device sda2): Removing [35111 128072 0x0 SD]..
[   10.214115] done
[   10.214270] REISERFS (device sda2): Removing [35111 128053 0x0 SD]..
[   10.214297] done
[   10.214301] REISERFS (device sda2): Removing [35111 128044 0x0 SD]..
[   10.214324] done
[   10.214332] REISERFS (device sda2): Removing [35111 128024 0x0 SD]..
[   10.214353] done
[   10.214357] REISERFS (device sda2): Removing [1034 127047 0x0 SD]..
[   10.214387] done
[   10.214391] REISERFS (device sda2): Removing [1034 126777 0x0 SD]..
[   10.214430] done
[   10.214596] REISERFS (device sda2): Removing [1034 126771 0x0 SD]..
[   10.214618] done
[   10.214772] REISERFS (device sda2): Removing [1034 124970 0x0 SD]..
[   10.214823] done
[   10.214976] REISERFS (device sda2): Removing [1034 124968 0x0 SD]..
[   10.215172] done
[   10.215302] REISERFS (device sda2): Removing [1034 124846 0x0 SD]..
[   10.216799] done
[   10.216804] REISERFS (device sda2): Removing [1034 123429 0x0 SD]..
[   10.216858] done
[   10.216862] REISERFS (device sda2): Removing [35124 121228 0x0 SD]..
[   10.216881] done
[   10.216884] REISERFS (device sda2): Removing [35124 120332 0x0 SD]..
[   10.216903] done
[   10.217041] REISERFS (device sda2): Removing [35127 119965 0x0 SD]..
[   10.217232] done
[   10.217236] REISERFS (device sda2): Removing [35127 119677 0x0 SD]..
[   10.217539] done
[   10.217814] REISERFS (device sda2): Removing [114733 119350 0x0 SD]..
[   10.218212] done
[   10.218217] REISERFS (device sda2): Removing [114733 119349 0x0 SD]..
[   10.218230] done
[   10.218234] REISERFS (device sda2): Removing [1034 117966 0x0 SD]..
[   10.218261] done
[   10.218433] REISERFS (device sda2): Removing [35112 117003 0x0 SD]..
[   10.218594] done
[   10.218722] REISERFS (device sda2): Removing [1034 116692 0x0 SD]..
[   10.218764] done
[   10.218894] REISERFS (device sda2): Removing [1032 116643 0x0 SD]..
[   10.218926] done
[   10.218931] REISERFS (device sda2): Removing [1034 116629 0x0 SD]..
[   10.219022] done
[   10.219026] REISERFS (device sda2): Removing [1034 116328 0x0 SD]..
[   10.219044] done
[   10.219202] REISERFS (device sda2): Removing [1034 116167 0x0 SD]..
[   10.219388] done
[   10.219392] REISERFS (device sda2): Removing [1034 116027 0x0 SD]..
[   10.219431] done
[   10.219435] REISERFS (device sda2): Removing [1034 116014 0x0 SD]..
[   10.219481] done
[   10.219484] REISERFS (device sda2): Removing [1034 115776 0x0 SD]..
[   10.219502] done
[   10.219505] REISERFS (device sda2): Removing [1034 115775 0x0 SD]..
[   10.219537] done
[   10.219671] REISERFS (device sda2): Removing [1034 115574 0x0 SD]..
[   10.219829] done
[   10.219983] REISERFS (device sda2): Removing [1034 115376 0x0 SD]..
[   10.220788] done
[   10.220921] REISERFS (device sda2): Removing [1034 115302 0x0 SD]..
[   10.220999] done
[   10.221003] REISERFS (device sda2): Removing [1034 115238 0x0 SD]..
[   10.221028] done
[   10.221163] REISERFS (device sda2): Removing [35058 115159 0x0 SD]..
[   10.221182] done
[   10.221186] REISERFS (device sda2): Removing [1034 115031 0x0 SD]..
[   10.221422] done
[   10.221427] REISERFS (device sda2): Removing [1034 114737 0x0 SD]..
[   10.221458] done
[   10.221707] REISERFS (device sda2): Removing [14 114394 0x0 SD]..
[   10.221979] done
[   10.222108] REISERFS (device sda2): Removing [1034 114192 0x0 SD]..
[   10.222253] done
[   10.222257] REISERFS (device sda2): Removing [1034 114189 0x0 SD]..
[   10.222279] done
[   10.222283] REISERFS (device sda2): Removing [35058 114184 0x0 SD]..
[   10.222341] done
[   10.222344] REISERFS (device sda2): Removing [35058 114183 0x0 SD]..
[   10.222360] done
[   10.222364] REISERFS (device sda2): Removing [35058 114138 0x0 SD]..
[   10.222394] done
[   10.222397] REISERFS (device sda2): Removing [1034 113945 0x0 SD]..
[   10.222418] done
[   10.222554] REISERFS (device sda2): Removing [1032 113896 0x0 SD]..
[   10.222886] done
[   10.223021] REISERFS (device sda2): Removing [1034 112996 0x0 SD]..
[   10.223168] done
[   10.223172] REISERFS (device sda2): Removing [1034 112946 0x0 SD]..
[   10.223190] done
[   10.223319] REISERFS (device sda2): Removing [35057 112888 0x0 SD]..
[   10.223468] done
[   10.223472] REISERFS (device sda2): Removing [1034 112872 0x0 SD]..
[   10.223492] done
[   10.223618] REISERFS (device sda2): Removing [1034 111529 0x0 SD]..
[   10.223860] done
[   10.223995] REISERFS (device sda2): Removing [1032 111250 0x0 SD]..
[   10.224027] done
[   10.224181] REISERFS (device sda2): Removing [1034 73808 0x0 SD]..
[   10.224202] done
[   10.224206] REISERFS (device sda2): Removing [1034 73804 0x0 SD]..
[   10.224225] done
[   10.224229] REISERFS (device sda2): Removing [1034 73802 0x0 SD]..
[   10.224251] done
[   10.224255] REISERFS (device sda2): Removing [1034 73798 0x0 SD]..
[   10.224273] done
[   10.224433] REISERFS (device sda2): Removing [1034 73771 0x0 SD]..
[   10.224513] done
[   10.224517] REISERFS (device sda2): Removing [1034 73758 0x0 SD]..
[   10.224533] done
[   10.224691] REISERFS (device sda2): Removing [1034 73750 0x0 SD]..
[   10.224853] done
[   10.224857] REISERFS (device sda2): Removing [1034 73744 0x0 SD]..
[   10.224872] done
[   10.225031] REISERFS (device sda2): Removing [1034 73732 0x0 SD]..
[   10.225061] done
[   10.225215] REISERFS (device sda2): Removing [35053 73661 0x0 SD]..
[   10.225362] done
[   10.225497] REISERFS (device sda2): Removing [35054 73351 0x0 SD]..
[   10.225647] done
[   10.225777] REISERFS (device sda2): Removing [35114 73253 0x0 SD]..
[   10.225946] done
[   10.226074] REISERFS (device sda2): Removing [1034 73246 0x0 SD]..
[   10.226101] done
[   10.226105] REISERFS (device sda2): Removing [1034 73046 0x0 SD]..
[   10.226128] done
[   10.226131] REISERFS (device sda2): Removing [1034 73030 0x0 SD]..
[   10.226153] done
[   10.226156] REISERFS (device sda2): Removing [1034 72892 0x0 SD]..
[   10.226174] done
[   10.226177] REISERFS (device sda2): Removing [1034 72887 0x0 SD]..
[   10.226232] done
[   10.226367] REISERFS (device sda2): Removing [1034 72840 0x0 SD]..
[   10.226544] done
[   10.226548] REISERFS (device sda2): Removing [1034 72391 0x0 SD]..
[   10.226565] done
[   10.226569] REISERFS (device sda2): Removing [1034 72370 0x0 SD]..
[   10.226604] done
[   10.226741] REISERFS (device sda2): Removing [1034 72243 0x0 SD]..
[   10.226980] done
[   10.226985] REISERFS (device sda2): Removing [1034 72091 0x0 SD]..
[   10.227063] done
[   10.227066] REISERFS (device sda2): Removing [1034 72018 0x0 SD]..
[   10.227088] done
[   10.227092] REISERFS (device sda2): Removing [1034 71955 0x0 SD]..
[   10.227111] done
[   10.227114] REISERFS (device sda2): Removing [1034 71927 0x0 SD]..
[   10.227130] done
[   10.227262] REISERFS (device sda2): Removing [1034 71803 0x0 SD]..
[   10.227464] done
[   10.227468] REISERFS (device sda2): Removing [35058 71786 0x0 SD]..
[   10.227491] done
[   10.227495] REISERFS (device sda2): Removing [1034 71766 0x0 SD]..
[   10.227514] done
[   10.227517] REISERFS (device sda2): Removing [1034 71650 0x0 SD]..
[   10.227571] done
[   10.227575] REISERFS (device sda2): Removing [1034 71645 0x0 SD]..
[   10.227603] done
[   10.227736] REISERFS (device sda2): Removing [1034 71586 0x0 SD]..
[   10.227766] done
[   10.227770] REISERFS (device sda2): Removing [35058 71581 0x0 SD]..
[   10.227789] done
[   10.228017] REISERFS (device sda2): Removing [37110 71434 0x0 SD]..
[   10.228167] done
[   10.228171] REISERFS (device sda2): Removing [37110 71432 0x0 SD]..
[   10.228189] done
[   10.228192] REISERFS (device sda2): Removing [37110 71431 0x0 SD]..
[   10.228223] done
[   10.228226] REISERFS (device sda2): Removing [37110 71429 0x0 SD]..
[   10.228244] done
