[    0.000000] Linux version 5.14.8-AMD (max@mksredmibook) (gcc (GCC) 11.1.0, GNU ld (GNU Binutils) 2.36.1) #3 SMP PREEMPT Sun Sep 26 22:37:42 EEST 2021
[    0.000000] Command line: BOOT_IMAGE=/@/boot/vmlinuz-linux-amd root=UUID=60699b1d-4878-4c7a-9ce1-e6cca69ee26a rw rootflags=subvol=@ quiet cryptdevice=UUID=f5c58973-d2db-4063-9fb3-06e53844933b:luks-f5c58973-d2db-4063-9fb3-06e53844933b root=/dev/mapper/luks-f5c58973-d2db-4063-9fb3-06e53844933b apparmor=1 security=apparmor resume=UUID=151d3cac-f952-4e01-9ecf-9b1a98b0597a udev.log_priority=3 lsm=landlock,lockdown,yama,apparmor,bpf amdgpu.audio=0 amdgpu.noretry=0 pci=nocrs mem_encrypt=on
[    0.000000] KERNEL supported cpus:
[    0.000000]   AMD AuthenticAMD
[    0.000000] x86/fpu: Supporting XSAVE feature 0x001: 'x87 floating point registers'
[    0.000000] x86/fpu: Supporting XSAVE feature 0x002: 'SSE registers'
[    0.000000] x86/fpu: Supporting XSAVE feature 0x004: 'AVX registers'
[    0.000000] x86/fpu: xstate_offset[2]:  576, xstate_sizes[2]:  256
[    0.000000] x86/fpu: Enabled xstate features 0x7, context size is 832 bytes, using 'compacted' format.
[    0.000000] signal: max sigframe size: 1776
[    0.000000] BIOS-provided physical RAM map:
[    0.000000] BIOS-e820: [mem 0x0000000000000000-0x000000000009efff] usable
[    0.000000] BIOS-e820: [mem 0x000000000009f000-0x00000000000bffff] reserved
[    0.000000] BIOS-e820: [mem 0x0000000000100000-0x0000000009afffff] usable
[    0.000000] BIOS-e820: [mem 0x0000000009b00000-0x0000000009dfffff] reserved
[    0.000000] BIOS-e820: [mem 0x0000000009e00000-0x0000000009efffff] usable
[    0.000000] BIOS-e820: [mem 0x0000000009f00000-0x0000000009f0ffff] ACPI NVS
[    0.000000] BIOS-e820: [mem 0x0000000009f10000-0x00000000bab68fff] usable
[    0.000000] BIOS-e820: [mem 0x00000000bab69000-0x00000000bbd68fff] reserved
[    0.000000] BIOS-e820: [mem 0x00000000bbd69000-0x00000000c9f7efff] usable
[    0.000000] BIOS-e820: [mem 0x00000000c9f7f000-0x00000000caf7efff] type 20
[    0.000000] BIOS-e820: [mem 0x00000000caf7f000-0x00000000ccf7efff] reserved
[    0.000000] BIOS-e820: [mem 0x00000000ccf7f000-0x00000000cdf7efff] ACPI NVS
[    0.000000] BIOS-e820: [mem 0x00000000cdf7f000-0x00000000cdffefff] ACPI data
[    0.000000] BIOS-e820: [mem 0x00000000cdfff000-0x00000000cdffffff] usable
[    0.000000] BIOS-e820: [mem 0x00000000ce000000-0x00000000ceffffff] reserved
[    0.000000] BIOS-e820: [mem 0x00000000f8000000-0x00000000fbffffff] reserved
[    0.000000] BIOS-e820: [mem 0x00000000fde00000-0x00000000fdefffff] reserved
[    0.000000] BIOS-e820: [mem 0x00000000fec00000-0x00000000fec00fff] reserved
[    0.000000] BIOS-e820: [mem 0x00000000fec10000-0x00000000fec10fff] reserved
[    0.000000] BIOS-e820: [mem 0x00000000fec20000-0x00000000fec20fff] reserved
[    0.000000] BIOS-e820: [mem 0x00000000fed80000-0x00000000fed80fff] reserved
[    0.000000] BIOS-e820: [mem 0x00000000fee00000-0x00000000fee00fff] reserved
[    0.000000] BIOS-e820: [mem 0x00000000ff000000-0x00000000fff2ffff] reserved
[    0.000000] BIOS-e820: [mem 0x0000000100000000-0x000000040f33ffff] usable
[    0.000000] BIOS-e820: [mem 0x000000040f340000-0x000000042fffffff] reserved
[    0.000000] NX (Execute Disable) protection: active
[    0.000000] efi: EFI v2.70 by INSYDE Corp.
[    0.000000] efi: ACPI=0xcdffe000 ACPI 2.0=0xcdffe014 TPMFinalLog=0xcdf2c000 SMBIOS=0xcb70c000 SMBIOS 3.0=0xcb70a000 ESRT=0xcb70d418 
[    0.000000] SMBIOS 3.2.0 present.
[    0.000000] DMI: TIMI RedmiBook 14 II/TM1951, BIOS RMARN4B0P0909 08/19/2020
[    0.000000] tsc: Fast TSC calibration using PIT
[    0.000000] tsc: Detected 2370.549 MHz processor
[    0.000545] e820: update [mem 0x00000000-0x00000fff] usable ==> reserved
[    0.000547] e820: remove [mem 0x000a0000-0x000fffff] usable
[    0.000552] last_pfn = 0x40f340 max_arch_pfn = 0x400000000
[    0.000735] x86/PAT: Configuration [0-7]: WB  WC  UC- UC  WB  WP  UC- WT  
[    0.000965] last_pfn = 0xce000 max_arch_pfn = 0x400000000
[    0.010443] esrt: Reserving ESRT space from 0x00000000cb70d418 to 0x00000000cb70d450.
[    0.010453] Using GB pages for direct mapping
[    0.010923] Secure boot disabled
[    0.010924] RAMDISK: [mem 0x35b2d000-0x36d8dfff]
[    0.010928] ACPI: Early table checksum verification disabled
[    0.010932] ACPI: RSDP 0x00000000CDFFE014 000024 (v02 XMCC  )
[    0.010935] ACPI: XSDT 0x00000000CDFCE188 000134 (v01 XMCC   XMCC1951 00000002      01000013)
[    0.010940] ACPI: FACP 0x00000000CDFEC000 00010C (v05 XMCC   XMCC1951 00000002      01000013)
[    0.010943] ACPI: DSDT 0x00000000CDFDF000 006545 (v01 XMCC   XMCC1951 00000002      01000013)
[    0.010945] ACPI: FACS 0x00000000CDF29000 000040
[    0.010947] ACPI: UEFI 0x00000000CDF7E000 000236 (v01 INSYDE H2O BIOS 00000001 ACPI 00040000)
[    0.010949] ACPI: SSDT 0x00000000CDFF5000 007216 (v02 AMD    AmdTable 00000002 MSFT 04000000)
[    0.010952] ACPI: IVRS 0x00000000CDFF4000 0001A4 (v02 AMD    AmdTable 00000001 AMD  00000000)
[    0.010954] ACPI: SSDT 0x00000000CDFF3000 000228 (v01 AMD    STD3     00000001 INTL 20130117)
[    0.010956] ACPI: SSDT 0x00000000CDFF2000 000D61 (v01 XMCC   XMCC1806 00003000 INTL 20130117)
[    0.010958] ACPI: SSDT 0x00000000CDFF1000 00046D (v01 Insyde TPMACPI  00001000 INTL 20130117)
[    0.010960] ACPI: TPM2 0x00000000CDFF0000 000034 (v04 XMCC   XMCC1951 00000002      01000013)
[    0.010962] ACPI: MSDM 0x00000000CDFEF000 000055 (v03 INSYDE H2O BIOS 00000001 ACPI 00040000)
[    0.010964] ACPI: ASF! 0x00000000CDFEE000 0000A5 (v32 XMCC   XMCC1951 00000002      01000013)
[    0.010966] ACPI: BOOT 0x00000000CDFED000 000028 (v01 XMCC   XMCC1951 00000002      01000013)
[    0.010968] ACPI: HPET 0x00000000CDFEB000 000038 (v01 XMCC   XMCC1951 00000002      01000013)
[    0.010970] ACPI: APIC 0x00000000CDFEA000 000138 (v03 XMCC   XMCC1951 00000002      01000013)
[    0.010972] ACPI: MCFG 0x00000000CDFE9000 00003C (v01 XMCC   XMCC1951 00000002      01000013)
[    0.010974] ACPI: SLIC 0x00000000CDFE8000 000176 (v01 XMCC   XMCC1951 00000002      01000013)
[    0.010976] ACPI: SSDT 0x00000000CDFDE000 000080 (v01 XMCC   XMCC1951 00000002      01000013)
[    0.010978] ACPI: VFCT 0x00000000CDFD0000 00D484 (v01 XMCC   XMCC1951 00000001 AMD  31504F47)
[    0.010980] ACPI: SSDT 0x00000000CDFCF000 0000F8 (v01 XMCC   PcdTabl  00001000 INTL 20130117)
[    0.010982] ACPI: SSDT 0x00000000CDFCC000 001500 (v01 AMD    AmdTable 00000001 AMD  00000001)
[    0.010984] ACPI: CRAT 0x00000000CDFFD000 000BA8 (v01 AMD    AmdTable 00000001 AMD  00000001)
[    0.010986] ACPI: CDIT 0x00000000CDFCB000 000029 (v01 AMD    AmdTable 00000001 AMD  00000001)
[    0.010989] ACPI: SSDT 0x00000000CDFCA000 00028D (v01 AMD    AmdTable 00000001 INTL 20130117)
[    0.010991] ACPI: SSDT 0x00000000CDFC9000 000C78 (v01 AMD    AmdTable 00000001 INTL 20130117)
[    0.010993] ACPI: SSDT 0x00000000CDFC7000 0010A5 (v01 AMD    AmdTable 00000001 INTL 20130117)
[    0.010994] ACPI: SSDT 0x00000000CDFC3000 0030C8 (v01 AMD    AmdTable 00000001 INTL 20130117)
[    0.010997] ACPI: FPDT 0x00000000CDFC2000 000044 (v01 XMCC   XMCC1951 00000002      01000013)
[    0.010999] ACPI: WSMT 0x00000000CDFC0000 000028 (v01 INSYDE H2O BIOS 00000001 ACPI 00040000)
[    0.011001] ACPI: SSDT 0x00000000CDFE7000 00020A (v01 AMD    AmdTable 00000001 INTL 20130117)
[    0.011003] ACPI: SSDT 0x00000000CDFE6000 0005A1 (v01 AMD    AmdTable 00000001 INTL 20130117)
[    0.011005] ACPI: SSDT 0x00000000CDFBF000 000343 (v01 AMD    AmdTable 00000001 INTL 20130117)
[    0.011006] ACPI: SSDT 0x00000000CDFBE000 00007D (v01 AMD    AmdTable 00000001 INTL 20130117)
[    0.011008] ACPI: SSDT 0x00000000CDFBD000 000822 (v01 AMD    AmdTable 00000001 INTL 20130117)
[    0.011010] ACPI: SSDT 0x00000000CDFBC000 000517 (v01 AMD    AmdTable 00000001 INTL 20130117)
[    0.011012] ACPI: BGRT 0x00000000CDFC1000 000038 (v01 INSYDE H2O BIOS 00000001 ACPI 00040000)
[    0.011014] ACPI: Reserving FACP table memory at [mem 0xcdfec000-0xcdfec10b]
[    0.011015] ACPI: Reserving DSDT table memory at [mem 0xcdfdf000-0xcdfe5544]
[    0.011016] ACPI: Reserving FACS table memory at [mem 0xcdf29000-0xcdf2903f]
[    0.011017] ACPI: Reserving UEFI table memory at [mem 0xcdf7e000-0xcdf7e235]
[    0.011017] ACPI: Reserving SSDT table memory at [mem 0xcdff5000-0xcdffc215]
[    0.011018] ACPI: Reserving IVRS table memory at [mem 0xcdff4000-0xcdff41a3]
[    0.011019] ACPI: Reserving SSDT table memory at [mem 0xcdff3000-0xcdff3227]
[    0.011019] ACPI: Reserving SSDT table memory at [mem 0xcdff2000-0xcdff2d60]
[    0.011020] ACPI: Reserving SSDT table memory at [mem 0xcdff1000-0xcdff146c]
[    0.011021] ACPI: Reserving TPM2 table memory at [mem 0xcdff0000-0xcdff0033]
[    0.011021] ACPI: Reserving MSDM table memory at [mem 0xcdfef000-0xcdfef054]
[    0.011022] ACPI: Reserving ASF! table memory at [mem 0xcdfee000-0xcdfee0a4]
[    0.011023] ACPI: Reserving BOOT table memory at [mem 0xcdfed000-0xcdfed027]
[    0.011023] ACPI: Reserving HPET table memory at [mem 0xcdfeb000-0xcdfeb037]
[    0.011024] ACPI: Reserving APIC table memory at [mem 0xcdfea000-0xcdfea137]
[    0.011025] ACPI: Reserving MCFG table memory at [mem 0xcdfe9000-0xcdfe903b]
[    0.011026] ACPI: Reserving SLIC table memory at [mem 0xcdfe8000-0xcdfe8175]
[    0.011026] ACPI: Reserving SSDT table memory at [mem 0xcdfde000-0xcdfde07f]
[    0.011027] ACPI: Reserving VFCT table memory at [mem 0xcdfd0000-0xcdfdd483]
[    0.011028] ACPI: Reserving SSDT table memory at [mem 0xcdfcf000-0xcdfcf0f7]
[    0.011028] ACPI: Reserving SSDT table memory at [mem 0xcdfcc000-0xcdfcd4ff]
[    0.011029] ACPI: Reserving CRAT table memory at [mem 0xcdffd000-0xcdffdba7]
[    0.011030] ACPI: Reserving CDIT table memory at [mem 0xcdfcb000-0xcdfcb028]
[    0.011031] ACPI: Reserving SSDT table memory at [mem 0xcdfca000-0xcdfca28c]
[    0.011031] ACPI: Reserving SSDT table memory at [mem 0xcdfc9000-0xcdfc9c77]
[    0.011032] ACPI: Reserving SSDT table memory at [mem 0xcdfc7000-0xcdfc80a4]
[    0.011033] ACPI: Reserving SSDT table memory at [mem 0xcdfc3000-0xcdfc60c7]
[    0.011033] ACPI: Reserving FPDT table memory at [mem 0xcdfc2000-0xcdfc2043]
[    0.011034] ACPI: Reserving WSMT table memory at [mem 0xcdfc0000-0xcdfc0027]
[    0.011035] ACPI: Reserving SSDT table memory at [mem 0xcdfe7000-0xcdfe7209]
[    0.011036] ACPI: Reserving SSDT table memory at [mem 0xcdfe6000-0xcdfe65a0]
[    0.011036] ACPI: Reserving SSDT table memory at [mem 0xcdfbf000-0xcdfbf342]
[    0.011037] ACPI: Reserving SSDT table memory at [mem 0xcdfbe000-0xcdfbe07c]
[    0.011038] ACPI: Reserving SSDT table memory at [mem 0xcdfbd000-0xcdfbd821]
[    0.011039] ACPI: Reserving SSDT table memory at [mem 0xcdfbc000-0xcdfbc516]
[    0.011039] ACPI: Reserving BGRT table memory at [mem 0xcdfc1000-0xcdfc1037]
[    0.011059] No NUMA configuration found
[    0.011060] Faking a node at [mem 0x0000000000000000-0x000000040f33ffff]
[    0.011064] NODE_DATA(0) allocated [mem 0x40f33c000-0x40f33ffff]
[    0.011088] Zone ranges:
[    0.011088]   DMA      [mem 0x0000000000001000-0x0000000000ffffff]
[    0.011090]   DMA32    [mem 0x0000000001000000-0x00000000ffffffff]
[    0.011091]   Normal   [mem 0x0000000100000000-0x000000040f33ffff]
[    0.011092]   Device   empty
[    0.011093] Movable zone start for each node
[    0.011093] Early memory node ranges
[    0.011094]   node   0: [mem 0x0000000000001000-0x000000000009efff]
[    0.011095]   node   0: [mem 0x0000000000100000-0x0000000009afffff]
[    0.011096]   node   0: [mem 0x0000000009e00000-0x0000000009efffff]
[    0.011096]   node   0: [mem 0x0000000009f10000-0x00000000bab68fff]
[    0.011097]   node   0: [mem 0x00000000bbd69000-0x00000000c9f7efff]
[    0.011098]   node   0: [mem 0x00000000cdfff000-0x00000000cdffffff]
[    0.011098]   node   0: [mem 0x0000000100000000-0x000000040f33ffff]
[    0.011101] Initmem setup node 0 [mem 0x0000000000001000-0x000000040f33ffff]
[    0.011104] On node 0, zone DMA: 1 pages in unavailable ranges
[    0.011121] On node 0, zone DMA: 97 pages in unavailable ranges
[    0.011262] On node 0, zone DMA32: 768 pages in unavailable ranges
[    0.016427] On node 0, zone DMA32: 16 pages in unavailable ranges
[    0.016901] On node 0, zone DMA32: 4608 pages in unavailable ranges
[    0.017044] On node 0, zone DMA32: 16512 pages in unavailable ranges
[    0.040845] On node 0, zone Normal: 8192 pages in unavailable ranges
[    0.040876] On node 0, zone Normal: 3264 pages in unavailable ranges
[    0.041028] ACPI: PM-Timer IO Port: 0x408
[    0.041034] ACPI: LAPIC_NMI (acpi_id[0x00] high edge lint[0x1])
[    0.041036] ACPI: LAPIC_NMI (acpi_id[0x01] high edge lint[0x1])
[    0.041036] ACPI: LAPIC_NMI (acpi_id[0x02] high edge lint[0x1])
[    0.041037] ACPI: LAPIC_NMI (acpi_id[0x03] high edge lint[0x1])
[    0.041038] ACPI: LAPIC_NMI (acpi_id[0x04] high edge lint[0x1])
[    0.041038] ACPI: LAPIC_NMI (acpi_id[0x05] high edge lint[0x1])
[    0.041039] ACPI: LAPIC_NMI (acpi_id[0x06] high edge lint[0x1])
[    0.041040] ACPI: LAPIC_NMI (acpi_id[0x07] high edge lint[0x1])
[    0.041040] ACPI: LAPIC_NMI (acpi_id[0x08] high edge lint[0x1])
[    0.041041] ACPI: LAPIC_NMI (acpi_id[0x09] high edge lint[0x1])
[    0.041041] ACPI: LAPIC_NMI (acpi_id[0x0a] high edge lint[0x1])
[    0.041042] ACPI: LAPIC_NMI (acpi_id[0x0b] high edge lint[0x1])
[    0.041042] ACPI: LAPIC_NMI (acpi_id[0x0c] high edge lint[0x1])
[    0.041043] ACPI: LAPIC_NMI (acpi_id[0x0d] high edge lint[0x1])
[    0.041043] ACPI: LAPIC_NMI (acpi_id[0x0e] high edge lint[0x1])
[    0.041044] ACPI: LAPIC_NMI (acpi_id[0x0f] high edge lint[0x1])
[    0.041057] IOAPIC[0]: apic_id 33, version 33, address 0xfec00000, GSI 0-23
[    0.041062] IOAPIC[1]: apic_id 34, version 33, address 0xfec01000, GSI 24-55
[    0.041063] ACPI: INT_SRC_OVR (bus 0 bus_irq 0 global_irq 2 dfl dfl)
[    0.041065] ACPI: INT_SRC_OVR (bus 0 bus_irq 9 global_irq 9 low level)
[    0.041068] ACPI: Using ACPI (MADT) for SMP configuration information
[    0.041068] ACPI: HPET id: 0x10228210 base: 0xfed00000
[    0.041077] e820: update [mem 0xb3647000-0xb364cfff] usable ==> reserved
[    0.041086] smpboot: Allowing 16 CPUs, 10 hotplug CPUs
[    0.041109] PM: hibernation: Registered nosave memory: [mem 0x00000000-0x00000fff]
[    0.041111] PM: hibernation: Registered nosave memory: [mem 0x0009f000-0x000bffff]
[    0.041111] PM: hibernation: Registered nosave memory: [mem 0x000c0000-0x000fffff]
[    0.041113] PM: hibernation: Registered nosave memory: [mem 0x09b00000-0x09dfffff]
[    0.041114] PM: hibernation: Registered nosave memory: [mem 0x09f00000-0x09f0ffff]
[    0.041116] PM: hibernation: Registered nosave memory: [mem 0xb3647000-0xb364cfff]
[    0.041117] PM: hibernation: Registered nosave memory: [mem 0xbab69000-0xbbd68fff]
[    0.041119] PM: hibernation: Registered nosave memory: [mem 0xc9f7f000-0xcaf7efff]
[    0.041119] PM: hibernation: Registered nosave memory: [mem 0xcaf7f000-0xccf7efff]
[    0.041120] PM: hibernation: Registered nosave memory: [mem 0xccf7f000-0xcdf7efff]
[    0.041121] PM: hibernation: Registered nosave memory: [mem 0xcdf7f000-0xcdffefff]
[    0.041122] PM: hibernation: Registered nosave memory: [mem 0xce000000-0xceffffff]
[    0.041122] PM: hibernation: Registered nosave memory: [mem 0xcf000000-0xf7ffffff]
[    0.041123] PM: hibernation: Registered nosave memory: [mem 0xf8000000-0xfbffffff]
[    0.041124] PM: hibernation: Registered nosave memory: [mem 0xfc000000-0xfddfffff]
[    0.041124] PM: hibernation: Registered nosave memory: [mem 0xfde00000-0xfdefffff]
[    0.041125] PM: hibernation: Registered nosave memory: [mem 0xfdf00000-0xfebfffff]
[    0.041125] PM: hibernation: Registered nosave memory: [mem 0xfec00000-0xfec00fff]
[    0.041126] PM: hibernation: Registered nosave memory: [mem 0xfec01000-0xfec0ffff]
[    0.041126] PM: hibernation: Registered nosave memory: [mem 0xfec10000-0xfec10fff]
[    0.041127] PM: hibernation: Registered nosave memory: [mem 0xfec11000-0xfec1ffff]
[    0.041127] PM: hibernation: Registered nosave memory: [mem 0xfec20000-0xfec20fff]
[    0.041128] PM: hibernation: Registered nosave memory: [mem 0xfec21000-0xfed7ffff]
[    0.041128] PM: hibernation: Registered nosave memory: [mem 0xfed80000-0xfed80fff]
[    0.041129] PM: hibernation: Registered nosave memory: [mem 0xfed81000-0xfedfffff]
[    0.041130] PM: hibernation: Registered nosave memory: [mem 0xfee00000-0xfee00fff]
[    0.041130] PM: hibernation: Registered nosave memory: [mem 0xfee01000-0xfeffffff]
[    0.041131] PM: hibernation: Registered nosave memory: [mem 0xff000000-0xfff2ffff]
[    0.041131] PM: hibernation: Registered nosave memory: [mem 0xfff30000-0xffffffff]
[    0.041132] [mem 0xcf000000-0xf7ffffff] available for PCI devices
[    0.041134] Booting paravirtualized kernel on bare hardware
[    0.041137] clocksource: refined-jiffies: mask: 0xffffffff max_cycles: 0xffffffff, max_idle_ns: 6370452778343963 ns
[    0.044150] setup_percpu: NR_CPUS:128 nr_cpumask_bits:128 nr_cpu_ids:16 nr_node_ids:1
[    0.044710] percpu: Embedded 50 pages/cpu s167936 r8192 d28672 u262144
[    0.044717] pcpu-alloc: s167936 r8192 d28672 u262144 alloc=1*2097152
[    0.044719] pcpu-alloc: [0] 00 01 02 03 04 05 06 07 [0] 08 09 10 11 12 13 14 15 
[    0.044745] Built 1 zonelists, mobility grouping on.  Total pages: 3966649
[    0.044746] Policy zone: Normal
[    0.044748] Kernel command line: BOOT_IMAGE=/@/boot/vmlinuz-linux-amd root=UUID=60699b1d-4878-4c7a-9ce1-e6cca69ee26a rw rootflags=subvol=@ quiet cryptdevice=UUID=f5c58973-d2db-4063-9fb3-06e53844933b:luks-f5c58973-d2db-4063-9fb3-06e53844933b root=/dev/mapper/luks-f5c58973-d2db-4063-9fb3-06e53844933b apparmor=1 security=apparmor resume=UUID=151d3cac-f952-4e01-9ecf-9b1a98b0597a udev.log_priority=3 lsm=landlock,lockdown,yama,apparmor,bpf amdgpu.audio=0 amdgpu.noretry=0 pci=nocrs mem_encrypt=on
[    0.044834] Unknown command line parameters: BOOT_IMAGE=/@/boot/vmlinuz-linux-amd cryptdevice=UUID=f5c58973-d2db-4063-9fb3-06e53844933b:luks-f5c58973-d2db-4063-9fb3-06e53844933b mem_encrypt=on
[    0.046649] Dentry cache hash table entries: 2097152 (order: 12, 16777216 bytes, linear)
[    0.047561] Inode-cache hash table entries: 1048576 (order: 11, 8388608 bytes, linear)
[    0.047603] mem auto-init: stack:byref_all(zero), heap alloc:off, heap free:off
[    0.081648] Memory: 15563004K/16119096K available (12295K kernel code, 3070K rwdata, 3708K rodata, 1640K init, 3920K bss, 555832K reserved, 0K cma-reserved)
[    0.081669] random: get_random_u64 called from __kmem_cache_create+0x26/0x540 with crng_init=0
[    0.081799] SLUB: HWalign=64, Order=0-3, MinObjects=0, CPUs=16, Nodes=1
[    0.081813] ftrace: allocating 35819 entries in 140 pages
[    0.091184] ftrace: allocated 140 pages with 3 groups
[    0.091277] rcu: Preemptible hierarchical RCU implementation.
[    0.091277] rcu: 	RCU restricting CPUs from NR_CPUS=128 to nr_cpu_ids=16.
[    0.091279] 	Trampoline variant of Tasks RCU enabled.
[    0.091279] 	Rude variant of Tasks RCU enabled.
[    0.091279] 	Tracing variant of Tasks RCU enabled.
[    0.091280] rcu: RCU calculated value of scheduler-enlistment delay is 30 jiffies.
[    0.091281] rcu: Adjusting geometry for rcu_fanout_leaf=16, nr_cpu_ids=16
[    0.094033] NR_IRQS: 8448, nr_irqs: 1096, preallocated irqs: 16
[    0.094360] random: crng done (trusting CPU's manufacturer)
[    0.094388] Console: colour dummy device 80x25
[    0.094400] printk: console [tty0] enabled
[    0.094418] ACPI: Core revision 20210604
[    0.094601] clocksource: hpet: mask: 0xffffffff max_cycles: 0xffffffff, max_idle_ns: 133484873504 ns
[    0.094618] APIC: Switch to symmetric I/O mode setup
[    0.095317] AMD-Vi: ivrs, add hid:AMDI0020, uid:\_SB.FUR0, rdevid:160
[    0.095318] AMD-Vi: ivrs, add hid:AMDI0020, uid:\_SB.FUR1, rdevid:160
[    0.095319] AMD-Vi: ivrs, add hid:AMDI0020, uid:\_SB.FUR2, rdevid:160
[    0.095320] AMD-Vi: ivrs, add hid:AMDI0020, uid:\_SB.FUR3, rdevid:160
[    0.095589] Switched APIC routing to physical flat.
[    0.096313] ..TIMER: vector=0x30 apic1=0 pin1=2 apic2=-1 pin2=-1
[    0.111292] clocksource: tsc-early: mask: 0xffffffffffffffff max_cycles: 0x222b89fc0c6, max_idle_ns: 440795208430 ns
[    0.111300] Calibrating delay loop (skipped), value calculated using timer frequency.. 4742.64 BogoMIPS (lpj=7901830)
[    0.111302] pid_max: default: 32768 minimum: 301
[    0.114659] LSM: Security Framework initializing
[    0.114661] LSM: security= is ignored because it is superseded by lsm=
[    0.114665] Yama: becoming mindful.
[    0.114679] AppArmor: AppArmor initialized
[    0.114703] Mount-cache hash table entries: 32768 (order: 6, 262144 bytes, linear)
[    0.114717] Mountpoint-cache hash table entries: 32768 (order: 6, 262144 bytes, linear)
[    0.114891] x86/cpu: User Mode Instruction Prevention (UMIP) activated
[    0.114925] LVT offset 1 assigned for vector 0xf9
[    0.114985] LVT offset 2 assigned for vector 0xf4
[    0.115002] Last level iTLB entries: 4KB 1024, 2MB 1024, 4MB 512
[    0.115003] Last level dTLB entries: 4KB 2048, 2MB 2048, 4MB 1024, 1GB 0
[    0.115007] Spectre V1 : Mitigation: usercopy/swapgs barriers and __user pointer sanitization
[    0.115009] Spectre V2 : Mitigation: Full AMD retpoline
[    0.115010] Spectre V2 : Spectre v2 / SpectreRSB mitigation: Filling RSB on context switch
[    0.115010] Spectre V2 : Enabling Restricted Speculation for firmware calls
[    0.115012] Spectre V2 : mitigation: Enabling conditional Indirect Branch Prediction Barrier
[    0.115013] Speculative Store Bypass: Mitigation: Speculative Store Bypass disabled via prctl and seccomp
[    0.116797] Freeing SMP alternatives memory: 32K
[    0.227841] smpboot: CPU0: AMD Ryzen 5 4500U with Radeon Graphics (family: 0x17, model: 0x60, stepping: 0x1)
[    0.227962] Performance Events: Fam17h+ core perfctr, AMD PMU driver.
[    0.227962] ... version:                0
[    0.227962] ... bit width:              48
[    0.227962] ... generic registers:      6
[    0.227962] ... value mask:             0000ffffffffffff
[    0.227962] ... max period:             00007fffffffffff
[    0.227962] ... fixed-purpose events:   0
[    0.227962] ... event mask:             000000000000003f
[    0.227962] rcu: Hierarchical SRCU implementation.
[    0.227962] NMI watchdog: Enabled. Permanently consumes one hw-PMU counter.
[    0.227962] smp: Bringing up secondary CPUs ...
[    0.227962] x86: Booting SMP configuration:
[    0.227962] .... node  #0, CPUs:        #1  #2  #3
[    0.230341] TSC synchronization [CPU#0 -> CPU#3]:
[    0.230343] Measured 3539 cycles TSC warp between CPUs, turning off TSC clock.
[    0.230345] tsc: Marking TSC unstable due to check_tsc_sync_source failed
[    0.231379]   #4  #5
[    0.231639] smp: Brought up 1 node, 6 CPUs
[    0.231639] smpboot: Max logical packages: 3
[    0.231639] smpboot: Total of 6 processors activated (28457.86 BogoMIPS)
[    0.234853] devtmpfs: initialized
[    0.234853] x86/mm: Memory block size: 128MB
[    0.235316] ACPI: PM: Registering ACPI NVS region [mem 0x09f00000-0x09f0ffff] (65536 bytes)
[    0.235316] ACPI: PM: Registering ACPI NVS region [mem 0xccf7f000-0xcdf7efff] (16777216 bytes)
[    0.235316] clocksource: jiffies: mask: 0xffffffff max_cycles: 0xffffffff, max_idle_ns: 6370867519511994 ns
[    0.235316] futex hash table entries: 4096 (order: 6, 262144 bytes, linear)
[    0.235316] pinctrl core: initialized pinctrl subsystem
[    0.235316] regulator-dummy: no parameters, enabled
[    0.235316] PM: RTC time: 20:20:18, date: 2021-09-26
[    0.235392] NET: Registered PF_NETLINK/PF_ROUTE protocol family
[    0.235454] DMA: preallocated 2048 KiB GFP_KERNEL pool for atomic allocations
[    0.235457] DMA: preallocated 2048 KiB GFP_KERNEL|GFP_DMA pool for atomic allocations
[    0.235459] DMA: preallocated 2048 KiB GFP_KERNEL|GFP_DMA32 pool for atomic allocations
[    0.235463] audit: initializing netlink subsys (disabled)
[    0.235467] audit: type=2000 audit(1632687616.139:1): state=initialized audit_enabled=0 res=1
[    0.235467] thermal_sys: Registered thermal governor 'fair_share'
[    0.235467] thermal_sys: Registered thermal governor 'bang_bang'
[    0.235467] thermal_sys: Registered thermal governor 'step_wise'
[    0.235467] thermal_sys: Registered thermal governor 'user_space'
[    0.235467] cpuidle: using governor ladder
[    0.235467] cpuidle: using governor menu
[    0.235467] Simple Boot Flag at 0x44 set to 0x1
[    0.235467] ACPI: bus type PCI registered
[    0.235467] acpiphp: ACPI Hot Plug PCI Controller Driver version: 0.5
[    0.235467] PCI: MMCONFIG for domain 0000 [bus 00-3f] at [mem 0xf8000000-0xfbffffff] (base 0xf8000000)
[    0.235467] PCI: MMCONFIG at [mem 0xf8000000-0xfbffffff] reserved in E820
[    0.235467] PCI: Using configuration type 1 for base access
[    0.235467] Kprobes globally optimized
[    0.237984] HugeTLB registered 1.00 GiB page size, pre-allocated 0 pages
[    0.237984] HugeTLB registered 2.00 MiB page size, pre-allocated 0 pages
[    0.238010] ACPI: Added _OSI(Module Device)
[    0.238010] ACPI: Added _OSI(Processor Device)
[    0.238010] ACPI: Added _OSI(3.0 _SCP Extensions)
[    0.238010] ACPI: Added _OSI(Processor Aggregator Device)
[    0.238010] ACPI: Added _OSI(Linux-Dell-Video)
[    0.238010] ACPI: Added _OSI(Linux-Lenovo-NV-HDMI-Audio)
[    0.238010] ACPI: Added _OSI(Linux-HPI-Hybrid-Graphics)
[    0.245943] ACPI: 18 ACPI AML tables successfully acquired and loaded
[    0.246599] ACPI: [Firmware Bug]: BIOS _OSI(Linux) query ignored
[    0.247580] ACPI: EC: EC started
[    0.247580] ACPI: EC: interrupt blocked
[    0.249832] ACPI: EC: EC_CMD/EC_SC=0x66, EC_DATA=0x62
[    0.249833] ACPI: \_SB_.PCI0.LPC0.EC0_: Boot DSDT EC used to handle transactions
[    0.249834] ACPI: Interpreter enabled
[    0.249844] ACPI: PM: (supports S0 S4 S5)
[    0.249845] ACPI: Using IOAPIC for interrupt routing
[    0.249938] PCI: Ignoring host bridge windows from ACPI; if necessary, use "pci=use_crs" and report a bug
[    0.250970] ACPI: PM: Power Resource [P0U0]
[    0.250983] ACPI: PM: Power Resource [P3U0]
[    0.251217] ACPI: PM: Power Resource [P0U1]
[    0.251229] ACPI: PM: Power Resource [P3U1]
[    0.251472] ACPI: PM: Power Resource [P0S0]
[    0.251483] ACPI: PM: Power Resource [P3S0]
[    0.251536] ACPI: PM: Power Resource [P0S1]
[    0.251546] ACPI: PM: Power Resource [P3S1]
[    0.254474] ACPI: PCI Root Bridge [PCI0] (domain 0000 [bus 00-ff])
[    0.254480] acpi PNP0A08:00: _OSC: OS supports [ExtendedConfig ASPM ClockPM Segments MSI HPX-Type3]
[    0.254550] acpi PNP0A08:00: _OSC: platform does not support [SHPCHotplug LTR]
[    0.254614] acpi PNP0A08:00: _OSC: OS now controls [PCIeHotplug PME AER PCIeCapability]
[    0.254621] acpi PNP0A08:00: [Firmware Info]: MMCONFIG for domain 0000 [bus 00-3f] only partially covers this bridge
[    0.254704] acpi PNP0A08:00: host bridge window [io  0x0000-0x0cf7 window] (ignored)
[    0.254706] acpi PNP0A08:00: host bridge window [io  0x0d00-0xffff window] (ignored)
[    0.254707] acpi PNP0A08:00: host bridge window [mem 0x000a0000-0x000bffff window] (ignored)
[    0.254708] acpi PNP0A08:00: host bridge window [mem 0x000c0000-0x000c3fff window] (ignored)
[    0.254709] acpi PNP0A08:00: host bridge window [mem 0x000c4000-0x000c7fff window] (ignored)
[    0.254710] acpi PNP0A08:00: host bridge window [mem 0x000c8000-0x000cbfff window] (ignored)
[    0.254710] acpi PNP0A08:00: host bridge window [mem 0x000cc000-0x000cffff window] (ignored)
[    0.254711] acpi PNP0A08:00: host bridge window [mem 0x000d0000-0x000d3fff window] (ignored)
[    0.254712] acpi PNP0A08:00: host bridge window [mem 0x000d4000-0x000d7fff window] (ignored)
[    0.254713] acpi PNP0A08:00: host bridge window [mem 0x000d8000-0x000dbfff window] (ignored)
[    0.254714] acpi PNP0A08:00: host bridge window [mem 0x000dc000-0x000dffff window] (ignored)
[    0.254714] acpi PNP0A08:00: host bridge window [mem 0x000e0000-0x000e3fff window] (ignored)
[    0.254715] acpi PNP0A08:00: host bridge window [mem 0x000e4000-0x000e7fff window] (ignored)
[    0.254716] acpi PNP0A08:00: host bridge window [mem 0x000e8000-0x000ebfff window] (ignored)
[    0.254717] acpi PNP0A08:00: host bridge window [mem 0x000ec000-0x000effff window] (ignored)
[    0.254717] acpi PNP0A08:00: host bridge window [mem 0xd0000000-0xf7ffffff window] (ignored)
[    0.254718] acpi PNP0A08:00: host bridge window [mem 0xfc000000-0xfed3ffff window] (ignored)
[    0.254719] acpi PNP0A08:00: host bridge window [io  0x0cf8-0x0cff] (ignored)
[    0.254720] acpi PNP0A08:00: host bridge window [mem 0x450200000-0xfcffffffff window] (ignored)
[    0.254721] PCI: root bus 00: using default resources
[    0.254797] PCI host bridge to bus 0000:00
[    0.254798] pci_bus 0000:00: root bus resource [io  0x0000-0xffff]
[    0.254799] pci_bus 0000:00: root bus resource [mem 0x00000000-0xffffffffffff]
[    0.254800] pci_bus 0000:00: root bus resource [bus 00-ff]
[    0.254809] pci 0000:00:00.0: [1022:1630] type 00 class 0x060000
[    0.254875] pci 0000:00:00.2: [1022:1631] type 00 class 0x080600
[    0.254944] pci 0000:00:01.0: [1022:1632] type 00 class 0x060000
[    0.255019] pci 0000:00:01.2: [1022:1634] type 01 class 0x060400
[    0.255187] pci 0000:00:01.2: PME# supported from D0 D3hot D3cold
[    0.255342] pci 0000:00:02.0: [1022:1632] type 00 class 0x060000
[    0.255401] pci 0000:00:08.0: [1022:1632] type 00 class 0x060000
[    0.255450] pci 0000:00:08.1: [1022:1635] type 01 class 0x060400
[    0.255469] pci 0000:00:08.1: enabling Extended Tags
[    0.255496] pci 0000:00:08.1: PME# supported from D0 D3hot D3cold
[    0.255562] pci 0000:00:08.2: [1022:1635] type 01 class 0x060400
[    0.255581] pci 0000:00:08.2: enabling Extended Tags
[    0.255608] pci 0000:00:08.2: PME# supported from D0 D3hot D3cold
[    0.255687] pci 0000:00:14.0: [1022:790b] type 00 class 0x0c0500
[    0.255793] pci 0000:00:14.3: [1022:790e] type 00 class 0x060100
[    0.255912] pci 0000:00:18.0: [1022:1448] type 00 class 0x060000
[    0.255942] pci 0000:00:18.1: [1022:1449] type 00 class 0x060000
[    0.255971] pci 0000:00:18.2: [1022:144a] type 00 class 0x060000
[    0.256001] pci 0000:00:18.3: [1022:144b] type 00 class 0x060000
[    0.256029] pci 0000:00:18.4: [1022:144c] type 00 class 0x060000
[    0.256059] pci 0000:00:18.5: [1022:144d] type 00 class 0x060000
[    0.256088] pci 0000:00:18.6: [1022:144e] type 00 class 0x060000
[    0.256117] pci 0000:00:18.7: [1022:144f] type 00 class 0x060000
[    0.256605] pci 0000:01:00.0: [10ec:c822] type 00 class 0x028000
[    0.256624] pci 0000:01:00.0: reg 0x10: [io  0x2000-0x20ff]
[    0.256648] pci 0000:01:00.0: reg 0x18: [mem 0xd0500000-0xd050ffff 64bit]
[    0.256766] pci 0000:01:00.0: supports D1 D2
[    0.256766] pci 0000:01:00.0: PME# supported from D0 D1 D2 D3hot D3cold
[    0.257121] pci 0000:00:01.2: PCI bridge to [bus 01]
[    0.257124] pci 0000:00:01.2:   bridge window [io  0x2000-0x2fff]
[    0.257126] pci 0000:00:01.2:   bridge window [mem 0xd0500000-0xd05fffff]
[    0.257179] pci 0000:02:00.0: [1002:1636] type 00 class 0x030000
[    0.257189] pci 0000:02:00.0: reg 0x10: [mem 0xfce0000000-0xfcefffffff 64bit pref]
[    0.257196] pci 0000:02:00.0: reg 0x18: [mem 0xfcf0000000-0xfcf01fffff 64bit pref]
[    0.257201] pci 0000:02:00.0: reg 0x20: [io  0x1000-0x10ff]
[    0.257205] pci 0000:02:00.0: reg 0x24: [mem 0xd0400000-0xd047ffff]
[    0.257213] pci 0000:02:00.0: enabling Extended Tags
[    0.257222] pci 0000:02:00.0: BAR 0: assigned to efifb
[    0.257257] pci 0000:02:00.0: PME# supported from D1 D2 D3hot D3cold
[    0.257329] pci 0000:02:00.1: [1002:1637] type 00 class 0x040300
[    0.257336] pci 0000:02:00.1: reg 0x10: [mem 0xd04c8000-0xd04cbfff]
[    0.257355] pci 0000:02:00.1: enabling Extended Tags
[    0.257380] pci 0000:02:00.1: PME# supported from D1 D2 D3hot D3cold
[    0.257428] pci 0000:02:00.2: [1022:15df] type 00 class 0x108000
[    0.257440] pci 0000:02:00.2: reg 0x18: [mem 0xd0300000-0xd03fffff]
[    0.257448] pci 0000:02:00.2: reg 0x24: [mem 0xd04cc000-0xd04cdfff]
[    0.257455] pci 0000:02:00.2: enabling Extended Tags
[    0.257526] pci 0000:02:00.3: [1022:1639] type 00 class 0x0c0330
[    0.257536] pci 0000:02:00.3: reg 0x10: [mem 0xd0100000-0xd01fffff 64bit]
[    0.257558] pci 0000:02:00.3: enabling Extended Tags
[    0.257585] pci 0000:02:00.3: PME# supported from D0 D3hot D3cold
[    0.257633] pci 0000:02:00.4: [1022:1639] type 00 class 0x0c0330
[    0.257642] pci 0000:02:00.4: reg 0x10: [mem 0xd0200000-0xd02fffff 64bit]
[    0.257664] pci 0000:02:00.4: enabling Extended Tags
[    0.257692] pci 0000:02:00.4: PME# supported from D0 D3hot D3cold
[    0.257741] pci 0000:02:00.5: [1022:15e2] type 00 class 0x048000
[    0.257748] pci 0000:02:00.5: reg 0x10: [mem 0xd0480000-0xd04bffff]
[    0.257767] pci 0000:02:00.5: enabling Extended Tags
[    0.257792] pci 0000:02:00.5: PME# supported from D0 D3hot D3cold
[    0.257844] pci 0000:02:00.6: [1022:15e3] type 00 class 0x040300
[    0.257851] pci 0000:02:00.6: reg 0x10: [mem 0xd04c0000-0xd04c7fff]
[    0.257870] pci 0000:02:00.6: enabling Extended Tags
[    0.257895] pci 0000:02:00.6: PME# supported from D0 D3hot D3cold
[    0.257965] pci 0000:00:08.1: PCI bridge to [bus 02]
[    0.257967] pci 0000:00:08.1:   bridge window [io  0x1000-0x1fff]
[    0.257969] pci 0000:00:08.1:   bridge window [mem 0xd0100000-0xd04fffff]
[    0.257972] pci 0000:00:08.1:   bridge window [mem 0xfce0000000-0xfcf01fffff 64bit pref]
[    0.258005] pci 0000:03:00.0: [1022:7901] type 00 class 0x010601
[    0.258031] pci 0000:03:00.0: reg 0x24: [mem 0xd0001000-0xd00017ff]
[    0.258039] pci 0000:03:00.0: enabling Extended Tags
[    0.258130] pci 0000:03:00.1: [1022:7901] type 00 class 0x010601
[    0.258156] pci 0000:03:00.1: reg 0x24: [mem 0xd0000000-0xd00007ff]
[    0.258164] pci 0000:03:00.1: enabling Extended Tags
[    0.258238] pci 0000:00:08.2: PCI bridge to [bus 03]
[    0.258241] pci 0000:00:08.2:   bridge window [mem 0xd0000000-0xd00fffff]
[    0.259387] ACPI: PCI: Interrupt link LNKA configured for IRQ 0
[    0.259388] ACPI: PCI: Interrupt link LNKA disabled
[    0.259427] ACPI: PCI: Interrupt link LNKB configured for IRQ 0
[    0.259428] ACPI: PCI: Interrupt link LNKB disabled
[    0.259455] ACPI: PCI: Interrupt link LNKC configured for IRQ 0
[    0.259456] ACPI: PCI: Interrupt link LNKC disabled
[    0.259494] ACPI: PCI: Interrupt link LNKD configured for IRQ 0
[    0.259494] ACPI: PCI: Interrupt link LNKD disabled
[    0.259528] ACPI: PCI: Interrupt link LNKE configured for IRQ 0
[    0.259528] ACPI: PCI: Interrupt link LNKE disabled
[    0.259555] ACPI: PCI: Interrupt link LNKF configured for IRQ 0
[    0.259556] ACPI: PCI: Interrupt link LNKF disabled
[    0.259582] ACPI: PCI: Interrupt link LNKG configured for IRQ 0
[    0.259582] ACPI: PCI: Interrupt link LNKG disabled
[    0.259608] ACPI: PCI: Interrupt link LNKH configured for IRQ 0
[    0.259609] ACPI: PCI: Interrupt link LNKH disabled
[    0.260562] ACPI: EC: interrupt unblocked
[    0.260563] ACPI: EC: event unblocked
[    0.260568] ACPI: EC: EC_CMD/EC_SC=0x66, EC_DATA=0x62
[    0.260569] ACPI: EC: GPE=0x3
[    0.260570] ACPI: \_SB_.PCI0.LPC0.EC0_: Boot DSDT EC initialization complete
[    0.260571] ACPI: \_SB_.PCI0.LPC0.EC0_: EC: Used to handle transactions and events
[    0.260602] iommu: Default domain type: Passthrough 
[    0.260613] pci 0000:02:00.0: vgaarb: VGA device added: decodes=io+mem,owns=none,locks=none
[    0.260613] pci 0000:02:00.0: vgaarb: bridge control possible
[    0.260613] pci 0000:02:00.0: vgaarb: setting as boot device
[    0.260613] vgaarb: loaded
[    0.261956] pps_core: LinuxPPS API ver. 1 registered
[    0.261958] pps_core: Software ver. 5.3.6 - Copyright 2005-2007 Rodolfo Giometti <giometti@linux.it>
[    0.261959] PTP clock support registered
[    0.261964] EDAC MC: Ver: 3.0.0
[    0.262390] Registered efivars operations
[    0.262390] NetLabel: Initializing
[    0.262390] NetLabel:  domain hash size = 128
[    0.262390] NetLabel:  protocols = UNLABELED CIPSOv4 CALIPSO
[    0.262390] NetLabel:  unlabeled traffic allowed by default
[    0.262390] PCI: Using ACPI for IRQ routing
[    0.264957] PCI: pci_cache_line_size set to 64 bytes
[    0.265362] e820: reserve RAM buffer [mem 0x0009f000-0x0009ffff]
[    0.265363] e820: reserve RAM buffer [mem 0x09b00000-0x0bffffff]
[    0.265364] e820: reserve RAM buffer [mem 0x09f00000-0x0bffffff]
[    0.265365] e820: reserve RAM buffer [mem 0xb3647000-0xb3ffffff]
[    0.265365] e820: reserve RAM buffer [mem 0xbab69000-0xbbffffff]
[    0.265366] e820: reserve RAM buffer [mem 0xc9f7f000-0xcbffffff]
[    0.265367] e820: reserve RAM buffer [mem 0xce000000-0xcfffffff]
[    0.265367] e820: reserve RAM buffer [mem 0x40f340000-0x40fffffff]
[    0.265372] hpet0: at MMIO 0xfed00000, IRQs 2, 8, 0
[    0.265372] hpet0: 3 comparators, 32-bit 14.318180 MHz counter
[    0.267028] clocksource: Switched to clocksource hpet
[    0.269944] VFS: Disk quotas dquot_6.6.0
[    0.269956] VFS: Dquot-cache hash table entries: 512 (order 0, 4096 bytes)
[    0.270041] AppArmor: AppArmor Filesystem Enabled
[    0.270056] pnp: PnP ACPI init
[    0.270203] system 00:00: [mem 0xfec00000-0xfec01fff] could not be reserved
[    0.270208] system 00:00: [mem 0xfee00000-0xfee00fff] has been reserved
[    0.270210] system 00:00: [mem 0xfde00000-0xfdefffff] has been reserved
[    0.270322] system 00:03: [io  0x0400-0x04cf] has been reserved
[    0.270324] system 00:03: [io  0x04d0-0x04d1] has been reserved
[    0.270325] system 00:03: [io  0x04d6] has been reserved
[    0.270325] system 00:03: [io  0x0c00-0x0c01] has been reserved
[    0.270326] system 00:03: [io  0x0c14] has been reserved
[    0.270327] system 00:03: [io  0x0c50-0x0c52] has been reserved
[    0.270328] system 00:03: [io  0x0c6c] has been reserved
[    0.270329] system 00:03: [io  0x0c6f] has been reserved
[    0.270330] system 00:03: [io  0x0cd0-0x0cdb] has been reserved
[    0.270361] system 00:04: [mem 0x000e0000-0x000fffff] could not be reserved
[    0.270362] system 00:04: [mem 0xff000000-0xffffffff] could not be reserved
[    0.271326] pnp: PnP ACPI: found 5 devices
[    0.279323] clocksource: acpi_pm: mask: 0xffffff max_cycles: 0xffffff, max_idle_ns: 2085701024 ns
[    0.279428] NET: Registered PF_INET protocol family
[    0.279788] IP idents hash table entries: 262144 (order: 9, 2097152 bytes, linear)
[    0.282064] tcp_listen_portaddr_hash hash table entries: 8192 (order: 5, 131072 bytes, linear)
[    0.282081] TCP established hash table entries: 131072 (order: 8, 1048576 bytes, linear)
[    0.282219] TCP bind hash table entries: 65536 (order: 8, 1048576 bytes, linear)
[    0.282338] TCP: Hash tables configured (established 131072 bind 65536)
[    0.282379] UDP hash table entries: 8192 (order: 6, 262144 bytes, linear)
[    0.282413] UDP-Lite hash table entries: 8192 (order: 6, 262144 bytes, linear)
[    0.282486] NET: Registered PF_UNIX/PF_LOCAL protocol family
[    0.282491] NET: Registered PF_XDP protocol family
[    0.282509] pci 0000:00:01.2: PCI bridge to [bus 01]
[    0.282519] pci 0000:00:01.2:   bridge window [io  0x2000-0x2fff]
[    0.282534] pci 0000:00:01.2:   bridge window [mem 0xd0500000-0xd05fffff]
[    0.282555] pci 0000:00:08.1: PCI bridge to [bus 02]
[    0.282556] pci 0000:00:08.1:   bridge window [io  0x1000-0x1fff]
[    0.282558] pci 0000:00:08.1:   bridge window [mem 0xd0100000-0xd04fffff]
[    0.282560] pci 0000:00:08.1:   bridge window [mem 0xfce0000000-0xfcf01fffff 64bit pref]
[    0.282563] pci 0000:00:08.2: PCI bridge to [bus 03]
[    0.282565] pci 0000:00:08.2:   bridge window [mem 0xd0000000-0xd00fffff]
[    0.282570] pci_bus 0000:00: resource 4 [io  0x0000-0xffff]
[    0.282571] pci_bus 0000:00: resource 5 [mem 0x00000000-0xffffffffffff]
[    0.282572] pci_bus 0000:01: resource 0 [io  0x2000-0x2fff]
[    0.282573] pci_bus 0000:01: resource 1 [mem 0xd0500000-0xd05fffff]
[    0.282574] pci_bus 0000:02: resource 0 [io  0x1000-0x1fff]
[    0.282575] pci_bus 0000:02: resource 1 [mem 0xd0100000-0xd04fffff]
[    0.282576] pci_bus 0000:02: resource 2 [mem 0xfce0000000-0xfcf01fffff 64bit pref]
[    0.282578] pci_bus 0000:03: resource 1 [mem 0xd0000000-0xd00fffff]
[    0.283051] pci 0000:02:00.1: D0 power state depends on 0000:02:00.0
[    0.283083] pci 0000:02:00.3: extending delay after power-on from D3hot to 20 msec
[    0.286216] pci 0000:02:00.4: extending delay after power-on from D3hot to 20 msec
[    0.297385] pci 0000:02:00.4: quirk_usb_early_handoff+0x0/0x740 took 10903 usecs
[    0.297399] PCI: CLS 64 bytes, default 64
[    0.297411] pci 0000:00:00.2: AMD-Vi: IOMMU performance counters supported
[    0.297443] pci 0000:00:00.2: can't derive routing for PCI INT A
[    0.297443] pci 0000:00:00.2: PCI INT A: not connected
[    0.297445] AMD-Vi: Lazy IO/TLB flushing enabled
[    0.297452] Trying to unpack rootfs image as initramfs...
[    0.297478] pci 0000:00:01.0: Adding to iommu group 0
[    0.297494] pci 0000:00:01.2: Adding to iommu group 1
[    0.297504] pci 0000:00:02.0: Adding to iommu group 2
[    0.297515] pci 0000:00:08.0: Adding to iommu group 3
[    0.297521] pci 0000:00:08.1: Adding to iommu group 3
[    0.297526] pci 0000:00:08.2: Adding to iommu group 3
[    0.297535] pci 0000:00:14.0: Adding to iommu group 4
[    0.297541] pci 0000:00:14.3: Adding to iommu group 4
[    0.297561] pci 0000:00:18.0: Adding to iommu group 5
[    0.297567] pci 0000:00:18.1: Adding to iommu group 5
[    0.297572] pci 0000:00:18.2: Adding to iommu group 5
[    0.297577] pci 0000:00:18.3: Adding to iommu group 5
[    0.297583] pci 0000:00:18.4: Adding to iommu group 5
[    0.297588] pci 0000:00:18.5: Adding to iommu group 5
[    0.297594] pci 0000:00:18.6: Adding to iommu group 5
[    0.297600] pci 0000:00:18.7: Adding to iommu group 5
[    0.297615] pci 0000:01:00.0: Adding to iommu group 6
[    0.297626] pci 0000:02:00.0: Adding to iommu group 3
[    0.297629] pci 0000:02:00.1: Adding to iommu group 3
[    0.297632] pci 0000:02:00.2: Adding to iommu group 3
[    0.297635] pci 0000:02:00.3: Adding to iommu group 3
[    0.297639] pci 0000:02:00.4: Adding to iommu group 3
[    0.297643] pci 0000:02:00.5: Adding to iommu group 3
[    0.297646] pci 0000:02:00.6: Adding to iommu group 3
[    0.297649] pci 0000:03:00.0: Adding to iommu group 3
[    0.297653] pci 0000:03:00.1: Adding to iommu group 3
[    0.298017] pci 0000:00:00.2: AMD-Vi: Found IOMMU cap 0x40
[    0.298018] AMD-Vi: Extended features (0x206d73ef22254ade): PPR X2APIC NX GT IA GA PC GA_vAPIC
[    0.298023] AMD-Vi: Interrupt remapping enabled
[    0.298023] AMD-Vi: Virtual APIC enabled
[    0.298024] AMD-Vi: X2APIC enabled
[    0.298137] PCI-DMA: Using software bounce buffering for IO (SWIOTLB)
[    0.298139] software IO TLB: mapped [mem 0x00000000c4434000-0x00000000c8434000] (64MB)
[    0.304914] RAPL PMU: API unit is 2^-32 Joules, 1 fixed counters, 163840 ms ovfl timer
[    0.304919] RAPL PMU: hw unit of domain package 2^-16 Joules
[    0.304928] amd_uncore: 4  amd_df counters detected
[    0.304936] amd_uncore: 6  amd_l3 counters detected
[    0.305522] LVT offset 0 assigned for vector 0x400
[    0.305785] perf: AMD IBS detected (0x000003ff)
[    0.305797] perf/amd_iommu: Detected AMD IOMMU #0 (2 banks, 4 counters/bank).
[    0.307288] Initialise system trusted keyrings
[    0.307306] Key type blacklist registered
[    0.307374] workingset: timestamp_bits=41 max_order=22 bucket_order=0
[    0.308043] zbud: loaded
[    0.311029] Key type asymmetric registered
[    0.311031] Asymmetric key parser 'x509' registered
[    0.311038] Block layer SCSI generic (bsg) driver version 0.4 loaded (major 246)
[    0.311135] io scheduler mq-deadline registered
[    0.311137] io scheduler kyber registered
[    0.311159] io scheduler bfq registered
[    0.311160] 
               Start testing find_bit() with random-filled bitmap
[    0.311166] fbcon: Taking over console
[    0.313050] find_next_bit:                  648127 ns, 164077 iterations
[    0.313699] find_next_zero_bit:             645543 ns, 163604 iterations
[    0.314340] find_last_bit:                  637790 ns, 164076 iterations
[    0.317629] find_first_bit:                3287359 ns,  16299 iterations
[    0.317961] find_next_and_bit:              328813 ns,  73740 iterations
[    0.317962] 
               Start testing find_bit() with sparse bitmap
[    0.317996] find_next_bit:                   12990 ns,    655 iterations
[    0.319245] find_next_zero_bit:            1246178 ns, 327026 iterations
[    0.319258] find_last_bit:                   10476 ns,    655 iterations
[    0.320537] find_first_bit:                1276908 ns,    655 iterations
[    0.320546] find_next_and_bit:                6215 ns,      1 iterations
[    0.321168] pcieport 0000:00:01.2: PME: Signaling with IRQ 26
[    0.321340] pcieport 0000:00:08.1: PME: Signaling with IRQ 27
[    0.321475] pcieport 0000:00:08.2: PME: Signaling with IRQ 28
[    0.321541] shpchp: Standard Hot Plug PCI Controller Driver version: 0.4
[    0.321555] efifb: probing for efifb
[    0.321570] efifb: showing boot graphics
[    0.322711] efifb: framebuffer at 0xfce0000000, using 8128k, total 8128k
[    0.322712] efifb: mode is 1920x1080x32, linelength=7680, pages=1
[    0.322713] efifb: scrolling: redraw
[    0.322713] efifb: Truecolor: size=8:8:8:8, shift=24:16:8:0
[    0.322847] Console: switching to colour frame buffer device 240x67
[    0.325649] fb0: EFI VGA frame buffer device
[    0.325681] Monitor-Mwait will be used to enter C-1 state
[    0.325684] ACPI: \_SB_.PLTF.C000: Found 3 idle states
[    0.325690] ACPI: FW issue: working around C-state latencies out of order
[    0.325769] ACPI: \_SB_.PLTF.C001: Found 3 idle states
[    0.325773] ACPI: FW issue: working around C-state latencies out of order
[    0.325910] ACPI: \_SB_.PLTF.C002: Found 3 idle states
[    0.325914] ACPI: FW issue: working around C-state latencies out of order
[    0.325973] ACPI: \_SB_.PLTF.C003: Found 3 idle states
[    0.325976] ACPI: FW issue: working around C-state latencies out of order
[    0.326145] ACPI: \_SB_.PLTF.C004: Found 3 idle states
[    0.326149] ACPI: FW issue: working around C-state latencies out of order
[    0.326275] ACPI: \_SB_.PLTF.C005: Found 3 idle states
[    0.326279] ACPI: FW issue: working around C-state latencies out of order
[    0.326502] Serial: 8250/16550 driver, 4 ports, IRQ sharing enabled
[    0.327376] wireguard: WireGuard 1.0.0 loaded. See www.wireguard.com for information.
[    0.327380] wireguard: Copyright (C) 2015-2019 Jason A. Donenfeld <Jason@zx2c4.com>. All Rights Reserved.
[    0.327406] rtc_cmos 00:01: RTC can wake from S4
[    0.327580] rtc_cmos 00:01: registered as rtc0
[    0.327620] rtc_cmos 00:01: setting system clock to 2021-09-26T20:20:18 UTC (1632687618)
[    0.327630] rtc_cmos 00:01: alarms up to one month, 114 bytes nvram, hpet irqs
[    0.327720] ledtrig-cpu: registered to indicate activity on CPUs
[    0.327726] EFI Variables Facility v0.08 2004-May-17
[    0.332396] pstore: Registered efi as persistent store backend
[    0.332426] drop_monitor: Initializing network drop monitor service
[    0.332527] NET: Registered PF_INET6 protocol family
[    0.337309] Freeing initrd memory: 18820K
[    0.341959] Segment Routing with IPv6
[    0.341982] NET: Registered PF_PACKET protocol family
[    0.342557] microcode: CPU0: patch_level=0x08600106
[    0.342580] microcode: CPU1: patch_level=0x08600106
[    0.342589] microcode: CPU2: patch_level=0x08600106
[    0.342612] microcode: CPU3: patch_level=0x08600106
[    0.342622] microcode: CPU4: patch_level=0x08600106
[    0.342649] microcode: CPU5: patch_level=0x08600106
[    0.342656] microcode: Microcode Update Driver: v2.2.
[    0.342660] IPI shorthand broadcast: enabled
[    0.342818] registered taskstats version 1
[    0.342952] Loading compiled-in X.509 certificates
[    0.345857] Loaded X.509 cert 'Build time autogenerated kernel key: c258437ce07344916bd15ee7041e7e9e78ff9236'
[    0.345965] zswap: loaded using pool lz4/zbud
[    0.346148] Key type ._fscrypt registered
[    0.346149] Key type .fscrypt registered
[    0.346150] Key type fscrypt-provisioning registered
[    0.346254] pstore: Using crash dump compression: zstd
[    0.346278] Key type big_key registered
[    0.346281] AppArmor: AppArmor sha1 policy hashing enabled
[    0.346589] PM:   Magic number: 5:367:347
[    0.346618]  pci0000:00: hash matches
[    0.346622] platform ACPI0007:09: hash matches
[    0.346637] acpi ACPI0007:09: hash matches
[    0.346754] RAS: Correctable Errors collector initialized.
[    0.347499] Unstable clock detected, switching default tracing clock to "global"
               If you want to keep using the local clock, then add:
                 "trace_clock=local"
               on the kernel command line
[    0.348302] Freeing unused decrypted memory: 2036K
[    0.348481] Freeing unused kernel image (initmem) memory: 1640K
[    0.368370] Write protecting the kernel read-only data: 18432k
[    0.369202] Freeing unused kernel image (text/rodata gap) memory: 2040K
[    0.369462] Freeing unused kernel image (rodata/data gap) memory: 388K
[    0.369473] Run /init as init process
[    0.369475]   with arguments:
[    0.369476]     /init
[    0.369477]   with environment:
[    0.369477]     HOME=/
[    0.369478]     TERM=linux
[    0.369478]     BOOT_IMAGE=/@/boot/vmlinuz-linux-amd
[    0.369479]     cryptdevice=UUID=f5c58973-d2db-4063-9fb3-06e53844933b:luks-f5c58973-d2db-4063-9fb3-06e53844933b
[    0.369480]     mem_encrypt=on
[    0.422150] i8042: PNP: PS/2 Controller [PNP0303:KBC0] at 0x60,0x64 irq 1
[    0.422153] i8042: PNP: PS/2 appears to have AUX port disabled, if this is incorrect please boot with i8042.nopnp
[    0.426063] serio: i8042 KBD port at 0x60,0x64 irq 1
[    0.426762] ccp 0000:02:00.2: enabling device (0000 -> 0002)
[    0.426925] ccp 0000:02:00.2: ccp: unable to access the device: you might be running a broken BIOS.
[    0.429417] ACPI: bus type USB registered
[    0.429433] usbcore: registered new interface driver usbfs
[    0.429437] usbcore: registered new interface driver hub
[    0.429446] usbcore: registered new device driver usb
[    0.430346] SCSI subsystem initialized
[    0.430355] cryptd: max_cpu_qlen set to 1000
[    0.435591] AVX2 version of gcm_enc/dec engaged.
[    0.435614] libata version 3.00 loaded.
[    0.435627] AES CTR mode by8 optimization enabled
[    0.436368] xhci_hcd 0000:02:00.3: xHCI Host Controller
[    0.436374] xhci_hcd 0000:02:00.3: new USB bus registered, assigned bus number 1
[    0.436461] xhci_hcd 0000:02:00.3: hcc params 0x0268ffe5 hci version 0x110 quirks 0x0000020000000410
[    0.437059] ccp 0000:02:00.2: tee enabled
[    0.437062] ccp 0000:02:00.2: psp enabled
[    0.437811] ahci 0000:03:00.0: version 3.0
[    0.437942] ahci 0000:03:00.0: AHCI 0001.0301 32 slots 1 ports 6 Gbps 0x1 impl SATA mode
[    0.437945] ahci 0000:03:00.0: flags: 64bit ncq sntf ilck pm led clo only pmp fbs pio slum part 
[    0.438107] hub 1-0:1.0: USB hub found
[    0.438114] hub 1-0:1.0: 4 ports detected
[    0.438313] xhci_hcd 0000:02:00.3: xHCI Host Controller
[    0.438316] xhci_hcd 0000:02:00.3: new USB bus registered, assigned bus number 2
[    0.438318] xhci_hcd 0000:02:00.3: Host supports USB 3.1 Enhanced SuperSpeed
[    0.438328] usb usb2: We don't know the algorithms for LPM for this host, disabling LPM.
[    0.438413] hub 2-0:1.0: USB hub found
[    0.438417] hub 2-0:1.0: 2 ports detected
[    0.441732] scsi host0: ahci
[    0.441791] ata1: SATA max UDMA/133 abar m2048@0xd0001000 port 0xd0001100 irq 41
[    0.442007] xhci_hcd 0000:02:00.4: xHCI Host Controller
[    0.442012] xhci_hcd 0000:02:00.4: new USB bus registered, assigned bus number 3
[    0.442101] xhci_hcd 0000:02:00.4: hcc params 0x0268ffe5 hci version 0x110 quirks 0x0000020000000410
[    0.442429] ahci 0000:03:00.1: AHCI 0001.0301 32 slots 1 ports 6 Gbps 0x1 impl SATA mode
[    0.442432] ahci 0000:03:00.1: flags: 64bit ncq sntf ilck pm led clo only pmp fbs pio slum part deso sadm sds 
[    0.442582] scsi host1: ahci
[    0.442620] ata2: SATA max UDMA/133 abar m2048@0xd0000000 port 0xd0000100 irq 51
[    0.442634] hub 3-0:1.0: USB hub found
[    0.442642] hub 3-0:1.0: 4 ports detected
[    0.442836] xhci_hcd 0000:02:00.4: xHCI Host Controller
[    0.442839] xhci_hcd 0000:02:00.4: new USB bus registered, assigned bus number 4
[    0.442840] xhci_hcd 0000:02:00.4: Host supports USB 3.1 Enhanced SuperSpeed
[    0.442852] usb usb4: We don't know the algorithms for LPM for this host, disabling LPM.
[    0.442927] hub 4-0:1.0: USB hub found
[    0.442931] hub 4-0:1.0: 2 ports detected
[    0.457417] input: AT Translated Set 2 keyboard as /devices/platform/i8042/serio0/input/input0
[    0.688030] usb 1-4: new full-speed USB device number 2 using xhci_hcd
[    0.756276] ata1: SATA link down (SStatus 0 SControl 300)
[    0.911372] ata2: SATA link up 6.0 Gbps (SStatus 133 SControl 300)
[    0.914703] ata2.00: ATA-11: SAMSUNG MZNLH512HALU-00000, RVT2200Q, max UDMA/133
[    0.914712] ata2.00: 1000215216 sectors, multi 16: LBA48 NCQ (depth 32), AA
[    0.916782] ata2.00: configured for UDMA/133
[    0.916982] scsi 1:0:0:0: Direct-Access     ATA      SAMSUNG MZNLH512 200Q PQ: 0 ANSI: 5
[    0.919668] sd 1:0:0:0: [sda] 1000215216 512-byte logical blocks: (512 GB/477 GiB)
[    0.919677] sd 1:0:0:0: [sda] Write Protect is off
[    0.919678] sd 1:0:0:0: [sda] Mode Sense: 00 3a 00 00
[    0.919687] sd 1:0:0:0: [sda] Write cache: enabled, read cache: enabled, doesn't support DPO or FUA
[    0.943072]  sda: sda1 sda2 sda3
[    0.961470] sd 1:0:0:0: [sda] Attached SCSI disk
[    1.008734] device-mapper: uevent: version 1.0.3
[    1.008827] device-mapper: ioctl: 4.45.0-ioctl (2021-03-22) initialised: dm-devel@redhat.com
[    1.012430] Key type encrypted registered
[    4.668559] raid6: avx2x4   gen() 36996 MB/s
[    4.724913] raid6: avx2x4   xor()  9849 MB/s
[    4.781689] raid6: avx2x2   gen() 38066 MB/s
[    4.837998] raid6: avx2x2   xor() 23456 MB/s
[    4.894911] raid6: avx2x1   gen() 31385 MB/s
[    4.951576] raid6: avx2x1   xor() 18732 MB/s
[    5.008223] raid6: sse2x4   gen() 17645 MB/s
[    5.064948] raid6: sse2x4   xor()  8803 MB/s
[    5.121307] raid6: sse2x2   gen() 19455 MB/s
[    5.177975] raid6: sse2x2   xor() 11919 MB/s
[    5.234641] raid6: sse2x1   gen() 14863 MB/s
[    5.291309] raid6: sse2x1   xor()  9443 MB/s
[    5.291310] raid6: using algorithm avx2x2 gen() 38066 MB/s
[    5.291311] raid6: .... xor() 23456 MB/s, rmw enabled
[    5.291312] raid6: using avx2x2 recovery algorithm
[    5.292694] xor: automatically using best checksumming function   avx       
[    5.332921] Btrfs loaded, crc32c=crc32c-intel, zoned=yes
[    5.335988] BTRFS: device fsid 60699b1d-4878-4c7a-9ce1-e6cca69ee26a devid 1 transid 10481 /dev/dm-0 scanned by systemd-udevd (187)
[    5.345588] PM: Image not found (code -22)
[    5.355944] BTRFS info (device dm-0): flagging fs with big metadata feature
[    5.355952] BTRFS info (device dm-0): disk space caching is enabled
[    5.355953] BTRFS info (device dm-0): has skinny extents
[    5.367694] BTRFS info (device dm-0): enabling ssd optimizations
[    5.474048] systemd[1]: systemd 249.4-1-manjaro running in system mode (+PAM +AUDIT -SELINUX -APPARMOR -IMA +SMACK +SECCOMP +GCRYPT +GNUTLS +OPENSSL +ACL +BLKID +CURL +ELFUTILS +FIDO2 +IDN2 -IDN +IPTC +KMOD +LIBCRYPTSETUP +LIBFDISK +PCRE2 -PWQUALITY +P11KIT -QRENCODE +BZIP2 +LZ4 +XZ +ZLIB +ZSTD +XKBCOMMON +UTMP -SYSVINIT default-hierarchy=unified)
[    5.488408] systemd[1]: Detected architecture x86-64.
[    5.489510] systemd[1]: Hostname set to <mksredmibook>.
[    5.618352] systemd[1]: Queued start job for default target Graphical Interface.
[    5.619275] systemd[1]: Created slice Slice /system/getty.
[    5.619525] systemd[1]: Created slice Slice /system/maia-console.
[    5.619685] systemd[1]: Created slice Slice /system/modprobe.
[    5.619831] systemd[1]: Created slice Cryptsetup Units Slice.
[    5.619985] systemd[1]: Created slice Slice /system/systemd-fsck.
[    5.620113] systemd[1]: Created slice User and Session Slice.
[    5.620169] systemd[1]: Started Dispatch Password Requests to Console Directory Watch.
[    5.620207] systemd[1]: Started Forward Password Requests to Wall Directory Watch.
[    5.620320] systemd[1]: Set up automount Arbitrary Executable File Formats File System Automount Point.
[    5.620394] systemd[1]: Reached target Login Prompts.
[    5.620420] systemd[1]: Reached target Path Units.
[    5.620439] systemd[1]: Reached target Remote File Systems.
[    5.620461] systemd[1]: Reached target Slice Units.
[    5.620488] systemd[1]: Reached target Local Verity Integrity Protected Volumes.
[    5.620536] systemd[1]: Listening on Device-mapper event daemon FIFOs.
[    5.621254] systemd[1]: Listening on LVM2 poll daemon socket.
[    5.622068] systemd[1]: Listening on Process Core Dump Socket.
[    5.622185] systemd[1]: Listening on Journal Audit Socket.
[    5.622257] systemd[1]: Listening on Journal Socket (/dev/log).
[    5.622323] systemd[1]: Listening on Journal Socket.
[    5.622781] systemd[1]: Listening on udev Control Socket.
[    5.622875] systemd[1]: Listening on udev Kernel Socket.
[    5.623448] systemd[1]: Mounting Huge Pages File System...
[    5.624372] systemd[1]: Mounting POSIX Message Queue File System...
[    5.625117] systemd[1]: Mounting Kernel Debug File System...
[    5.625572] systemd[1]: Mounting Kernel Trace File System...
[    5.626340] systemd[1]: Starting Create List of Static Device Nodes...
[    5.626832] systemd[1]: Starting Monitoring of LVM2 mirrors, snapshots etc. using dmeventd or progress polling...
[    5.627402] systemd[1]: Starting Load Kernel Module configfs...
[    5.627888] systemd[1]: Starting Load Kernel Module drm...
[    5.628611] systemd[1]: Starting Load Kernel Module fuse...
[    5.629059] systemd[1]: Condition check resulted in Set Up Additional Binary Formats being skipped.
[    5.629114] systemd[1]: Condition check resulted in File System Check on Root Device being skipped.
[    5.629826] systemd[1]: Starting Load Kernel Modules...
[    5.630316] systemd[1]: Starting Remount Root and Kernel File Systems...
[    5.630366] systemd[1]: Condition check resulted in Repartition Root Disk being skipped.
[    5.630863] systemd[1]: Starting Coldplug All udev Devices...
[    5.631840] systemd[1]: Mounted Huge Pages File System.
[    5.631917] systemd[1]: Mounted POSIX Message Queue File System.
[    5.631975] systemd[1]: Mounted Kernel Debug File System.
[    5.632027] systemd[1]: Mounted Kernel Trace File System.
[    5.632235] systemd[1]: Finished Create List of Static Device Nodes.
[    5.632428] systemd[1]: modprobe@configfs.service: Deactivated successfully.
[    5.632578] systemd[1]: Finished Load Kernel Module configfs.
[    5.633278] systemd[1]: Mounting Kernel Configuration File System...
[    5.642273] fuse: init (API version 7.34)
[    5.642783] systemd[1]: modprobe@fuse.service: Deactivated successfully.
[    5.642947] systemd[1]: Finished Load Kernel Module fuse.
[    5.643072] systemd[1]: Mounted Kernel Configuration File System.
[    5.648124] systemd[1]: Mounting FUSE Control File System...
[    5.648465] vboxdrv: loading out-of-tree module taints kernel.
[    5.648602] vboxdrv: module verification failed: signature and/or required key missing - tainting kernel
[    5.650344] systemd[1]: Mounted FUSE Control File System.
[    5.651608] vboxdrv: Found 6 processor cores
[    5.654919] systemd[1]: modprobe@drm.service: Deactivated successfully.
[    5.660897] systemd[1]: Finished Load Kernel Module drm.
[    5.675403] vboxdrv: TSC mode is Invariant, tentative frequency 2370658978 Hz
[    5.675408] vboxdrv: Successfully loaded version 6.1.26 r145957 (interface 0x00300000)
[    5.676949] systemd[1]: Finished Coldplug All udev Devices.
[    5.701233] systemd[1]: Finished Monitoring of LVM2 mirrors, snapshots etc. using dmeventd or progress polling.
[    5.762428] VBoxNetAdp: Successfully started.
[    5.770314] VBoxNetFlt: Successfully started.
[    5.772381] BTRFS info (device dm-0): use zstd compression, level 3
[    5.772387] BTRFS info (device dm-0): disk space caching is enabled
[    5.773094] systemd[1]: Finished Remount Root and Kernel File Systems.
[    5.773216] systemd[1]: Condition check resulted in First Boot Wizard being skipped.
[    5.773816] systemd[1]: Condition check resulted in Rebuild Hardware Database being skipped.
[    5.774321] systemd[1]: Starting Load/Save Random Seed...
[    5.774365] systemd[1]: Condition check resulted in Create System Users being skipped.
[    5.774914] systemd[1]: Starting Create Static Device Nodes in /dev...
[    5.775280] systemd[1]: Finished Load Kernel Modules.
[    5.775947] systemd[1]: Starting Apply Kernel Variables...
[    5.782067] systemd[1]: Finished Load/Save Random Seed.
[    5.782194] systemd[1]: Condition check resulted in First Boot Complete being skipped.
[    5.784808] systemd[1]: Finished Apply Kernel Variables.
[    5.786470] systemd[1]: Starting CLI Netfilter Manager...
[    5.786761] systemd[1]: Finished Create Static Device Nodes in /dev.
[    5.786860] systemd[1]: Reached target Preparation for Local File Systems.
[    5.786898] systemd[1]: Condition check resulted in Virtual Machine and Container Storage (Compatibility) being skipped.
[    5.786920] systemd[1]: Condition check resulted in Entropy Daemon based on the HAVEGE algorithm being skipped.
[    5.787829] systemd[1]: Starting Journal Service...
[    5.788668] systemd[1]: Starting Rule-based Manager for Device Events and Files...
[    5.819282] systemd[1]: Started Journal Service.
[    5.819394] audit: type=1130 audit(1632687623.989:2): pid=1 uid=0 auid=4294967295 ses=4294967295 subj==unconfined msg='unit=systemd-journald comm="systemd" exe="/usr/lib/systemd/systemd" hostname=? addr=? terminal=? res=success'
[    5.821047] audit: type=1130 audit(1632687623.989:3): pid=1 uid=0 auid=4294967295 ses=4294967295 subj==unconfined msg='unit=systemd-udevd comm="systemd" exe="/usr/lib/systemd/systemd" hostname=? addr=? terminal=? res=success'
[    5.849136] audit: type=1325 audit(1632687624.019:4): table=filter:2 family=2 entries=7 op=nft_register_chain pid=358 subj==unconfined comm="iptables-restor"
[    5.849141] audit: type=1300 audit(1632687624.019:4): arch=c000003e syscall=46 success=yes exit=732 a0=3 a1=7fffaac74400 a2=0 a3=7fffaac743ec items=0 ppid=334 pid=358 auid=4294967295 uid=0 gid=0 euid=0 suid=0 fsuid=0 egid=0 sgid=0 fsgid=0 tty=(none) ses=4294967295 comm="iptables-restor" exe="/usr/bin/xtables-nft-multi" subj==unconfined key=(null)
[    5.849145] audit: type=1327 audit(1632687624.019:4): proctitle=69707461626C65732D726573746F7265002D6E
[    5.854327] acpi_cpufreq: overriding BIOS provided _PSD data
[    5.856642] thermal LNXTHERM:00: registered as thermal_zone0
[    5.856647] ACPI: thermal: Thermal Zone [TZ0] (62 C)
[    5.869097] ACPI: video: Video Device [VGA] (multi-head: yes  rom: no  post: no)
[    5.873185] acpi PNP0C14:01: duplicate WMI GUID 05901221-D566-11D1-B2F0-00A0C9062910 (first instance was on PNP0C14:00)
[    5.873682] hid: raw HID events driver (C) Jiri Kosina
[    5.873894] acpi device:0e: registered as cooling_device6
[    5.873928] input: Video Bus as /devices/LNXSYSTM:00/LNXSYBUS:00/PNP0A08:00/device:0d/LNXVIDEO:00/input/input1
[    5.880218] ACPI: AC: AC Adapter [ACAD] (on-line)
[    5.882167] input: Power Button as /devices/LNXSYSTM:00/LNXSYBUS:00/PNP0C0C:00/input/input2
[    5.882186] ACPI: button: Power Button [PWRB]
[    5.882227] input: Lid Switch as /devices/LNXSYSTM:00/LNXSYBUS:00/PNP0A08:00/device:2a/PNP0C09:00/PNP0C0D:00/input/input3
[    5.882244] ACPI: button: Lid Switch [LID0]
[    5.895869] piix4_smbus 0000:00:14.0: SMBus Host Controller at 0xb00, revision 0
[    5.895874] piix4_smbus 0000:00:14.0: Using register 0x02 for SMBus port selection
[    5.895982] piix4_smbus 0000:00:14.0: Auxiliary SMBus Host Controller at 0xb20
[    5.896495] snd_rn_pci_acp3x 0000:02:00.5: enabling device (0000 -> 0002)
[    5.898350] ACPI: battery: Slot [BATT] (battery present)
[    5.920281] Adding 16383996k swap on /dev/sda2.  Priority:-2 extents:1 across:16383996k SSFS
[    5.921250] audit: type=1325 audit(1632687624.023:5): table=filter:3 family=2 entries=36 op=nft_register_chain pid=369 subj==unconfined comm="iptables-restor"
[    5.921256] audit: type=1300 audit(1632687624.023:5): arch=c000003e syscall=46 success=yes exit=4440 a0=3 a1=7ffc5c3e3670 a2=0 a3=7ffc5c3e365c items=0 ppid=334 pid=369 auid=4294967295 uid=0 gid=0 euid=0 suid=0 fsuid=0 egid=0 sgid=0 fsgid=0 tty=(none) ses=4294967295 comm="iptables-restor" exe="/usr/bin/xtables-nft-multi" subj==unconfined key=(null)
[    5.921259] audit: type=1327 audit(1632687624.023:5): proctitle=69707461626C65732D726573746F7265002D6E
[    5.921520] input: PC Speaker as /devices/platform/pcspkr/input/input4
[    5.930794] audit: type=1325 audit(1632687624.099:6): table=filter:4 family=2 entries=2 op=nft_register_rule pid=421 subj==unconfined comm="iptables-restor"
[    5.930800] audit: type=1300 audit(1632687624.099:6): arch=c000003e syscall=46 success=yes exit=984 a0=3 a1=7ffd08a39c40 a2=0 a3=7ffd08a39c2c items=0 ppid=334 pid=421 auid=4294967295 uid=0 gid=0 euid=0 suid=0 fsuid=0 egid=0 sgid=0 fsgid=0 tty=(none) ses=4294967295 comm="iptables-restor" exe="/usr/bin/xtables-nft-multi" subj==unconfined key=(null)
[    5.998374] BTRFS info (device dm-0): devid 1 device path /dev/mapper/luks-f5c58973-d2db-4063-9fb3-06e53844933b changed to /dev/dm-0 scanned by systemd-udevd (359)
[    5.998898] BTRFS info (device dm-0): devid 1 device path /dev/dm-0 changed to /dev/mapper/luks-f5c58973-d2db-4063-9fb3-06e53844933b scanned by systemd-udevd (359)
[    6.004208] cfg80211: Loading compiled-in X.509 certificates for regulatory database
[    6.009233] cfg80211: Loaded X.509 cert 'sforshee: 00b28ddf47aef9cea7'
[    6.034092] systemd-journald[332]: Received client request to flush runtime journal.
[    6.083446] kvm: Nested Virtualization enabled
[    6.083450] SVM: kvm: Nested Paging enabled
[    6.083461] SVM: Virtual VMLOAD VMSAVE supported
[    6.083462] SVM: Virtual GIF supported
[    6.111949] MCE: In-kernel MCE decoding enabled.
[    6.193118] input: GXT7863:00 27C6:01E0 Mouse as /devices/platform/AMDI0010:03/i2c-0/i2c-GXT7863:00/0018:27C6:01E0.0001/input/input5
[    6.193124] snd_hda_intel 0000:02:00.1: enabling device (0000 -> 0002)
[    6.193203] snd_hda_intel 0000:02:00.1: Handle vga_switcheroo audio client
[    6.193694] snd_hda_intel 0000:02:00.6: enabling device (0000 -> 0002)
[    6.194824] acp_pdm_mach acp_pdm_mach.0: snd_soc_register_card(acp) failed: -517
[    6.215651] input: GXT7863:00 27C6:01E0 Touchpad as /devices/platform/AMDI0010:03/i2c-0/i2c-GXT7863:00/0018:27C6:01E0.0001/input/input6
[    6.218230] hid-generic 0018:27C6:01E0.0001: input,hidraw0: I2C HID v1.00 Mouse [GXT7863:00 27C6:01E0] on i2c-GXT7863:00
[    6.282736] Bluetooth: Core ver 2.22
[    6.282763] NET: Registered PF_BLUETOOTH protocol family
[    6.282765] Bluetooth: HCI device and connection manager initialized
[    6.282768] Bluetooth: HCI socket layer initialized
[    6.282770] Bluetooth: L2CAP socket layer initialized
[    6.282773] Bluetooth: SCO socket layer initialized
[    6.286789] input: HD-Audio Generic HDMI/DP,pcm=3 as /devices/pci0000:00/0000:00:08.1/0000:02:00.1/sound/card0/input8
[    6.308280] input: HD-Audio Generic HDMI/DP,pcm=7 as /devices/pci0000:00/0000:00:08.1/0000:02:00.1/sound/card0/input9
[    6.316388] AMD-Vi: AMD IOMMUv2 driver by Joerg Roedel <jroedel@suse.de>
[    6.319802] snd_hda_codec_realtek hdaudioC1D0: autoconfig for ALC256: line_outs=1 (0x14/0x0/0x0/0x0/0x0) type:speaker
[    6.319823] snd_hda_codec_realtek hdaudioC1D0:    speaker_outs=0 (0x0/0x0/0x0/0x0/0x0)
[    6.319825] snd_hda_codec_realtek hdaudioC1D0:    hp_outs=1 (0x21/0x0/0x0/0x0/0x0)
[    6.319827] snd_hda_codec_realtek hdaudioC1D0:    mono: mono_out=0x0
[    6.319828] snd_hda_codec_realtek hdaudioC1D0:    inputs:
[    6.319829] snd_hda_codec_realtek hdaudioC1D0:      Mic=0x19
[    6.323187] input: GXT7863:00 27C6:01E0 Mouse as /devices/platform/AMDI0010:03/i2c-0/i2c-GXT7863:00/0018:27C6:01E0.0001/input/input10
[    6.323518] input: GXT7863:00 27C6:01E0 Touchpad as /devices/platform/AMDI0010:03/i2c-0/i2c-GXT7863:00/0018:27C6:01E0.0001/input/input11
[    6.328412] hid-multitouch 0018:27C6:01E0.0001: input,hidraw0: I2C HID v1.00 Mouse [GXT7863:00 27C6:01E0] on i2c-GXT7863:00
[    6.393950] input: HD-Audio Generic Mic as /devices/pci0000:00/0000:00:08.1/0000:02:00.6/sound/card1/input13
[    6.393995] input: HD-Audio Generic Headphone as /devices/pci0000:00/0000:00:08.1/0000:02:00.6/sound/card1/input14
[    6.407932] usbcore: registered new interface driver btusb
[    6.422389] Bluetooth: hci0: RTL: examining hci_ver=0a hci_rev=000c lmp_ver=0a lmp_subver=8822
[    6.424373] Bluetooth: hci0: RTL: rom_version status=0 version=3
[    6.424376] Bluetooth: hci0: RTL: loading rtl_bt/rtl8822cu_fw.bin
[    6.425891] Bluetooth: hci0: RTL: loading rtl_bt/rtl8822cu_config.bin
[    6.425941] Bluetooth: hci0: RTL: cfg_sz 6, total sz 39526
[    6.440063] mousedev: PS/2 mouse device common for all mice
[    6.486226] rtw_8822ce 0000:01:00.0: enabling device (0000 -> 0003)
[    6.488123] rtw_8822ce 0000:01:00.0: Firmware version 9.9.10, H2C version 15
[    6.488175] rtw_8822ce 0000:01:00.0: Firmware version 9.9.4, H2C version 15
[    6.583375] Error: Driver 'rtw_8822ce' is already registered, aborting...
[    6.688000] rtw_8822ce 0000:01:00.0 wlp1s0: renamed from wlan0
[    6.767384] Bluetooth: hci0: RTL: fw version 0x09a91a4a
[    6.803722] [drm] amdgpu kernel modesetting enabled.
[    6.809076] amdgpu: Virtual CRAT table created for CPU
[    6.809087] amdgpu: Topology: Add CPU node
[    6.809168] checking generic (fce0000000 7f0000) vs hw (fce0000000 10000000)
[    6.809170] fb0: switching to amdgpudrmfb from EFI VGA
[    6.809228] Console: switching to colour dummy device 80x25
[    6.809261] amdgpu 0000:02:00.0: vgaarb: deactivate vga console
[    6.809309] amdgpu 0000:02:00.0: enabling device (0006 -> 0007)
[    6.809355] [drm] initializing kernel modesetting (RENOIR 0x1002:0x1636 0x1D72:0x1951 0xC3).
[    6.809359] amdgpu 0000:02:00.0: amdgpu: Trusted Memory Zone (TMZ) feature enabled
[    6.809836] [drm] register mmio base: 0xD0400000
[    6.809838] [drm] register mmio size: 524288
[    6.809841] [drm] PCIE atomic ops is not supported
[    6.810942] [drm] add ip block number 0 <soc15_common>
[    6.810944] [drm] add ip block number 1 <gmc_v9_0>
[    6.810945] [drm] add ip block number 2 <vega10_ih>
[    6.810946] [drm] add ip block number 3 <psp>
[    6.810947] [drm] add ip block number 4 <smu>
[    6.810948] [drm] add ip block number 5 <gfx_v9_0>
[    6.810949] [drm] add ip block number 6 <sdma_v4_0>
[    6.810950] [drm] add ip block number 7 <dm>
[    6.810951] [drm] add ip block number 8 <vcn_v2_0>
[    6.810952] [drm] add ip block number 9 <jpeg_v2_0>
[    6.810962] amdgpu 0000:02:00.0: amdgpu: Fetched VBIOS from VFCT
[    6.810965] amdgpu: ATOM BIOS: 113-RENOIR-026
[    6.814131] [drm] VCN decode is enabled in VM mode
[    6.814133] [drm] VCN encode is enabled in VM mode
[    6.814134] [drm] JPEG decode is enabled in VM mode
[    6.814168] [drm] vm size is 262144 GB, 4 levels, block size is 9-bit, fragment size is 9-bit
[    6.814175] amdgpu 0000:02:00.0: amdgpu: VRAM: 512M 0x000000F400000000 - 0x000000F41FFFFFFF (512M used)
[    6.814179] amdgpu 0000:02:00.0: amdgpu: GART: 1024M 0x0000000000000000 - 0x000000003FFFFFFF
[    6.814181] amdgpu 0000:02:00.0: amdgpu: AGP: 267419648M 0x000000F800000000 - 0x0000FFFFFFFFFFFF
[    6.814187] [drm] Detected VRAM RAM=512M, BAR=512M
[    6.814189] [drm] RAM width 128bits DDR4
[    6.814236] [drm] amdgpu: 512M of VRAM memory ready
[    6.814237] [drm] amdgpu: 3072M of GTT memory ready.
[    6.814242] [drm] GART: num cpu pages 262144, num gpu pages 262144
[    6.814370] [drm] PCIE GART of 1024M enabled.
[    6.814371] [drm] PTB located at 0x000000F400900000
[    6.816886] amdgpu 0000:02:00.0: amdgpu: PSP runtime database doesn't exist
[    6.852282] [drm] Loading DMUB firmware via PSP: version=0x01010019
[    6.854114] [drm] Found VCN firmware Version ENC: 1.14 DEC: 5 VEP: 0 Revision: 20
[    6.854134] amdgpu 0000:02:00.0: amdgpu: Will use PSP to load VCN firmware
[    7.143837] Bluetooth: BNEP (Ethernet Emulation) ver 1.3
[    7.143842] Bluetooth: BNEP filters: protocol multicast
[    7.143846] Bluetooth: BNEP socket layer initialized
[    7.156350] NET: Registered PF_ALG protocol family
[    7.382124] loop: module loaded
[    7.382639] loop0: detected capacity change from 0 to 8
[    7.394077] squashfs: version 4.0 (2009/01/31) Phillip Lougher
[    7.498626] [drm] reserve 0x400000 from 0xf41f800000 for PSP TMR
[    7.577239] amdgpu 0000:02:00.0: amdgpu: RAS: optional ras ta ucode is not available
[    7.585287] amdgpu 0000:02:00.0: amdgpu: RAP: optional rap ta ucode is not available
[    7.585290] amdgpu 0000:02:00.0: amdgpu: SECUREDISPLAY: securedisplay ta ucode is not available
[    7.586111] amdgpu 0000:02:00.0: amdgpu: SMU is initialized successfully!
[    7.587469] [drm] kiq ring mec 2 pipe 1 q 0
[    7.588159] [drm] Display Core initialized with v3.2.141!
[    7.588814] [drm] DMUB hardware initialized: version=0x01010019
[    7.707100] [drm] VCN decode and encode initialized successfully(under DPG Mode).
[    7.707123] [drm] JPEG decode initialized successfully.
[    7.708544] kfd kfd: amdgpu: Allocated 3969056 bytes on gart
[    7.725987] memmap_init_zone_device initialised 131072 pages in 0ms
[    7.725999] amdgpu: HMM registered 512MB device memory
[    7.726050] amdgpu: SRAT table not found
[    7.726051] amdgpu: Virtual CRAT table created for GPU
[    7.726198] amdgpu: Topology: Add dGPU node [0x1636:0x1002]
[    7.726204] kfd kfd: amdgpu: added device 1002:1636
[    7.726210] amdgpu 0000:02:00.0: amdgpu: SE 1, SH per SE 2, CU per SH 18, active_cu_number 26
[    7.728865] [drm] fb mappable at 0x410CD1000
[    7.728869] [drm] vram apper at 0x410000000
[    7.728871] [drm] size 8294400
[    7.728872] [drm] fb depth is 24
[    7.728873] [drm]    pitch is 7680
[    7.729031] fbcon: amdgpu (fb0) is primary device
[    7.785357] Console: switching to colour frame buffer device 240x67
[    7.804355] amdgpu 0000:02:00.0: [drm] fb0: amdgpu frame buffer device
[    7.821503] amdgpu 0000:02:00.0: amdgpu: ring gfx uses VM inv eng 0 on hub 0
[    7.821513] amdgpu 0000:02:00.0: amdgpu: ring comp_1.0.0 uses VM inv eng 1 on hub 0
[    7.821517] amdgpu 0000:02:00.0: amdgpu: ring comp_1.1.0 uses VM inv eng 4 on hub 0
[    7.821520] amdgpu 0000:02:00.0: amdgpu: ring comp_1.2.0 uses VM inv eng 5 on hub 0
[    7.821522] amdgpu 0000:02:00.0: amdgpu: ring comp_1.3.0 uses VM inv eng 6 on hub 0
[    7.821525] amdgpu 0000:02:00.0: amdgpu: ring comp_1.0.1 uses VM inv eng 7 on hub 0
[    7.821527] amdgpu 0000:02:00.0: amdgpu: ring comp_1.1.1 uses VM inv eng 8 on hub 0
[    7.821530] amdgpu 0000:02:00.0: amdgpu: ring comp_1.2.1 uses VM inv eng 9 on hub 0
[    7.821532] amdgpu 0000:02:00.0: amdgpu: ring comp_1.3.1 uses VM inv eng 10 on hub 0
[    7.821535] amdgpu 0000:02:00.0: amdgpu: ring kiq_2.1.0 uses VM inv eng 11 on hub 0
[    7.821538] amdgpu 0000:02:00.0: amdgpu: ring sdma0 uses VM inv eng 0 on hub 1
[    7.821541] amdgpu 0000:02:00.0: amdgpu: ring vcn_dec uses VM inv eng 1 on hub 1
[    7.821544] amdgpu 0000:02:00.0: amdgpu: ring vcn_enc0 uses VM inv eng 4 on hub 1
[    7.821547] amdgpu 0000:02:00.0: amdgpu: ring vcn_enc1 uses VM inv eng 5 on hub 1
[    7.821550] amdgpu 0000:02:00.0: amdgpu: ring jpeg_dec uses VM inv eng 6 on hub 1
[    7.823538] [drm] Initialized amdgpu 3.42.0 20150101 for 0000:02:00.0 on minor 0
[    8.219928] rtw_8822ce 0000:01:00.0: start vif 74:4c:a1:55:0d:6f on port 0
[    8.221101] rtw_8822ce 0000:01:00.0: stop vif 74:4c:a1:55:0d:6f on port 0
[    8.449427] rtw_8822ce 0000:01:00.0: start vif 22:9c:f8:3d:32:0f on port 0
[   15.421668] show_signal: 22 callbacks suppressed
[   15.421672] traps: xsuspender[965] trap int3 ip:7f6d3754295b sp:7ffec57e36e0 error:0 in libglib-2.0.so.0.7000.0[7f6d37503000+8d000]
[   15.752714] Bluetooth: RFCOMM TTY layer initialized
[   15.752723] Bluetooth: RFCOMM socket layer initialized
[   15.752730] Bluetooth: RFCOMM ver 1.11
[   66.387999] ucsi_acpi USBC000:00: PPM init failed (-110)
[   89.107966] atkbd serio0: Unknown key pressed (translated set 2, code 0xf6 on isa0060/serio0).
[   89.107980] atkbd serio0: Use 'setkeycodes e076 <keycode>' to make it known.
[  186.942212] atkbd serio0: Unknown key released (translated set 2, code 0xf6 on isa0060/serio0).
[  186.942226] atkbd serio0: Use 'setkeycodes e076 <keycode>' to make it known.
[  195.376554] rtw_8822ce 0000:01:00.0: stop vif 22:9c:f8:3d:32:0f on port 0
[  195.607507] rtw_8822ce 0000:01:00.0: start vif 74:4c:a1:55:0d:6f on port 0
[  199.688708] wlp1s0: authenticate with 84:d8:1b:8a:31:72
[  200.176603] wlp1s0: send auth to 84:d8:1b:8a:31:72 (try 1/3)
[  200.179974] wlp1s0: authenticated
[  200.184650] wlp1s0: associate with 84:d8:1b:8a:31:72 (try 1/3)
[  200.188290] wlp1s0: RX AssocResp from 84:d8:1b:8a:31:72 (capab=0x11 status=0 aid=1)
[  200.188339] rtw_8822ce 0000:01:00.0: sta 84:d8:1b:8a:31:72 joined with macid 0
[  200.188698] wlp1s0: associated
[  200.271481] IPv6: ADDRCONF(NETDEV_CHANGE): wlp1s0: link becomes ready
[  205.186260] [UFW BLOCK] IN=wlp1s0 OUT= MAC=74:4c:a1:55:0d:6f:84:d8:1b:8a:31:73:08:00 SRC=151.101.2.217 DST=192.168.1.158 LEN=110 TOS=0x00 PREC=0x00 TTL=55 ID=35475 DF PROTO=TCP SPT=443 DPT=48378 WINDOW=287 RES=0x00 ACK PSH URGP=0 
[  207.112353] [UFW BLOCK] IN=wlp1s0 OUT= MAC=74:4c:a1:55:0d:6f:84:d8:1b:8a:31:73:08:00 SRC=151.101.1.132 DST=192.168.1.158 LEN=110 TOS=0x00 PREC=0x00 TTL=55 ID=38122 DF PROTO=TCP SPT=443 DPT=36438 WINDOW=287 RES=0x00 ACK PSH URGP=0 
[  207.465404] [UFW BLOCK] IN=wlp1s0 OUT= MAC=74:4c:a1:55:0d:6f:84:d8:1b:8a:31:73:08:00 SRC=151.101.1.132 DST=192.168.1.158 LEN=110 TOS=0x00 PREC=0x00 TTL=55 ID=38125 DF PROTO=TCP SPT=443 DPT=36438 WINDOW=287 RES=0x00 ACK PSH FIN URGP=0 
[  207.954146] [UFW BLOCK] IN=wlp1s0 OUT= MAC=74:4c:a1:55:0d:6f:84:d8:1b:8a:31:73:08:00 SRC=151.101.1.132 DST=192.168.1.158 LEN=110 TOS=0x00 PREC=0x00 TTL=55 ID=38126 DF PROTO=TCP SPT=443 DPT=36438 WINDOW=287 RES=0x00 ACK PSH FIN URGP=0 
[  208.952320] [UFW BLOCK] IN=wlp1s0 OUT= MAC=74:4c:a1:55:0d:6f:84:d8:1b:8a:31:73:08:00 SRC=151.101.1.132 DST=192.168.1.158 LEN=110 TOS=0x00 PREC=0x00 TTL=55 ID=38127 DF PROTO=TCP SPT=443 DPT=36438 WINDOW=287 RES=0x00 ACK PSH FIN URGP=0 
[  209.242625] [UFW BLOCK] IN=wlp1s0 OUT= MAC=74:4c:a1:55:0d:6f:84:d8:1b:8a:31:73:08:00 SRC=151.101.2.217 DST=192.168.1.158 LEN=110 TOS=0x00 PREC=0x00 TTL=51 ID=35481 DF PROTO=TCP SPT=443 DPT=48378 WINDOW=287 RES=0x00 ACK PSH FIN URGP=0 
[  210.938659] [UFW BLOCK] IN=wlp1s0 OUT= MAC=74:4c:a1:55:0d:6f:84:d8:1b:8a:31:73:08:00 SRC=151.101.1.132 DST=192.168.1.158 LEN=110 TOS=0x00 PREC=0x00 TTL=50 ID=38128 DF PROTO=TCP SPT=443 DPT=36438 WINDOW=287 RES=0x00 ACK PSH FIN URGP=0 
[  213.329668] [UFW BLOCK] IN=wlp1s0 OUT= MAC=74:4c:a1:55:0d:6f:84:d8:1b:8a:31:73:08:00 SRC=151.101.2.217 DST=192.168.1.158 LEN=110 TOS=0x00 PREC=0x00 TTL=51 ID=35482 DF PROTO=TCP SPT=443 DPT=48378 WINDOW=287 RES=0x00 ACK PSH FIN URGP=0 
[  213.949805] [UFW BLOCK] IN=wlp1s0 OUT= MAC=74:4c:a1:55:0d:6f:84:d8:1b:8a:31:73:08:00 SRC=142.250.201.211 DST=192.168.1.158 LEN=181 TOS=0x00 PREC=0x00 TTL=56 ID=30204 PROTO=TCP SPT=443 DPT=41926 WINDOW=804 RES=0x00 ACK PSH FIN URGP=0 
[  215.029428] [UFW BLOCK] IN=wlp1s0 OUT= MAC=74:4c:a1:55:0d:6f:84:d8:1b:8a:31:73:08:00 SRC=151.101.1.132 DST=192.168.1.158 LEN=110 TOS=0x00 PREC=0x00 TTL=50 ID=38129 DF PROTO=TCP SPT=443 DPT=36438 WINDOW=287 RES=0x00 ACK PSH FIN URGP=0 
[  222.980364] [UFW BLOCK] IN=wlp1s0 OUT= MAC=74:4c:a1:55:0d:6f:84:d8:1b:8a:31:73:08:00 SRC=151.101.1.132 DST=192.168.1.158 LEN=110 TOS=0x00 PREC=0x00 TTL=50 ID=38130 DF PROTO=TCP SPT=443 DPT=36438 WINDOW=287 RES=0x00 ACK PSH FIN URGP=0 
[  229.326384] [UFW BLOCK] IN=wlp1s0 OUT= MAC=74:4c:a1:55:0d:6f:84:d8:1b:8a:31:73:08:00 SRC=142.250.201.211 DST=192.168.1.158 LEN=181 TOS=0x00 PREC=0x00 TTL=56 ID=39880 PROTO=TCP SPT=443 DPT=41926 WINDOW=804 RES=0x00 ACK PSH FIN URGP=0 
[  237.937166] [UFW BLOCK] IN=wlp1s0 OUT= MAC=74:4c:a1:55:0d:6f:84:d8:1b:8a:31:73:08:00 SRC=151.101.2.217 DST=192.168.1.158 LEN=110 TOS=0x00 PREC=0x00 TTL=51 ID=35484 DF PROTO=TCP SPT=443 DPT=48378 WINDOW=287 RES=0x00 ACK PSH FIN URGP=0 
[  363.006242] atkbd serio0: Unknown key pressed (translated set 2, code 0xf6 on isa0060/serio0).
[  363.006251] atkbd serio0: Use 'setkeycodes e076 <keycode>' to make it known.
[  426.314893] atkbd serio0: Unknown key released (translated set 2, code 0xf6 on isa0060/serio0).
[  426.314903] atkbd serio0: Use 'setkeycodes e076 <keycode>' to make it known.
[  432.596432] atkbd serio0: Unknown key pressed (translated set 2, code 0xf6 on isa0060/serio0).
[  432.596443] atkbd serio0: Use 'setkeycodes e076 <keycode>' to make it known.
[  486.563223] [UFW BLOCK] IN=wlp1s0 OUT= MAC=74:4c:a1:55:0d:6f:84:d8:1b:8a:31:73:08:00 SRC=199.232.16.193 DST=192.168.1.158 LEN=110 TOS=0x00 PREC=0x00 TTL=52 ID=28976 DF PROTO=TCP SPT=443 DPT=45072 WINDOW=290 RES=0x00 ACK PSH URGP=0 
[  554.437625] [UFW BLOCK] IN=wlp1s0 OUT= MAC=74:4c:a1:55:0d:6f:84:d8:1b:8a:31:73:08:00 SRC=151.101.193.69 DST=192.168.1.158 LEN=110 TOS=0x00 PREC=0x00 TTL=55 ID=18753 DF PROTO=TCP SPT=443 DPT=57118 WINDOW=301 RES=0x00 ACK PSH URGP=0 
[  554.618632] atkbd serio0: Unknown key released (translated set 2, code 0xf6 on isa0060/serio0).
[  554.618647] atkbd serio0: Use 'setkeycodes e076 <keycode>' to make it known.
[  556.247035] [UFW BLOCK] IN=wlp1s0 OUT= MAC=74:4c:a1:55:0d:6f:84:d8:1b:8a:31:73:08:00 SRC=151.101.193.69 DST=192.168.1.158 LEN=110 TOS=0x00 PREC=0x00 TTL=55 ID=18758 DF PROTO=TCP SPT=443 DPT=57118 WINDOW=301 RES=0x00 ACK PSH FIN URGP=0 
[  556.349056] atkbd serio0: Unknown key pressed (translated set 2, code 0xf6 on isa0060/serio0).
[  556.349072] atkbd serio0: Use 'setkeycodes e076 <keycode>' to make it known.
[  558.328265] [UFW BLOCK] IN=wlp1s0 OUT= MAC=74:4c:a1:55:0d:6f:84:d8:1b:8a:31:73:08:00 SRC=151.101.193.69 DST=192.168.1.158 LEN=110 TOS=0x00 PREC=0x00 TTL=50 ID=18759 DF PROTO=TCP SPT=443 DPT=57118 WINDOW=301 RES=0x00 ACK PSH FIN URGP=0 
[  562.505180] [UFW BLOCK] IN=wlp1s0 OUT= MAC=74:4c:a1:55:0d:6f:84:d8:1b:8a:31:73:08:00 SRC=151.101.193.69 DST=192.168.1.158 LEN=110 TOS=0x00 PREC=0x00 TTL=50 ID=18760 DF PROTO=TCP SPT=443 DPT=57118 WINDOW=301 RES=0x00 ACK PSH FIN URGP=0 
[  565.060536] atkbd serio0: Unknown key released (translated set 2, code 0xf6 on isa0060/serio0).
[  565.060545] atkbd serio0: Use 'setkeycodes e076 <keycode>' to make it known.
