[    0.000000] Linux version 5.16.10-arch1-1 (linux@archlinux) (gcc (GCC) 11.2.0, GNU ld (GNU Binutils) 2.38) #1 SMP PREEMPT Wed, 16 Feb 2022 19:35:18 +0000
[    0.000000] Command line: BOOT_IMAGE=/boot/vmlinuz-linux root=UUID=4a1e3b32-c022-4157-be6c-5f37d4e06cdf rw quiet resume=UUID=d8ba5b72-ed10-49e7-94e8-1b4f0c08b046 loglevel=3 audit=1 lsm=landlock,lockdown,yama,apparmor,bpf l1tf=full,force mds=full,nosmt mitigations=auto,nosmt nosmt=force pcie_aspm=force init_on_alloc=1 init_on_free=1 randomize_kstack_offset=on slab_nomerge pti=on slub_debug=ZF slub_debug=P page_poison=1 mem_encrypt=on vsyscall=nonei amd_iommu=force_isolation amdgpu.vm_update_mode=0 amdgpu.gpu_recovery=1 amdgpu.virtual_display=NULL amdgpu.audio=0 amdgpu.lbpw=1 amdgpu.tmz=1 amdgpu.freesync_video=1 fsck.mode=force fsck.repair=yes
[    0.000000] x86/fpu: Supporting XSAVE feature 0x001: 'x87 floating point registers'
[    0.000000] x86/fpu: Supporting XSAVE feature 0x002: 'SSE registers'
[    0.000000] x86/fpu: Supporting XSAVE feature 0x004: 'AVX registers'
[    0.000000] x86/fpu: xstate_offset[2]:  576, xstate_sizes[2]:  256
[    0.000000] x86/fpu: Enabled xstate features 0x7, context size is 832 bytes, using 'compacted' format.
[    0.000000] signal: max sigframe size: 1776
[    0.000000] BIOS-provided physical RAM map:
[    0.000000] BIOS-e820: [mem 0x0000000000000000-0x000000000009efff] usable
[    0.000000] BIOS-e820: [mem 0x000000000009f000-0x00000000000bffff] reserved
[    0.000000] BIOS-e820: [mem 0x0000000000100000-0x0000000009afffff] usable
[    0.000000] BIOS-e820: [mem 0x0000000009b00000-0x0000000009dfffff] reserved
[    0.000000] BIOS-e820: [mem 0x0000000009e00000-0x0000000009efffff] usable
[    0.000000] BIOS-e820: [mem 0x0000000009f00000-0x0000000009f0ffff] ACPI NVS
[    0.000000] BIOS-e820: [mem 0x0000000009f10000-0x00000000bab68fff] usable
[    0.000000] BIOS-e820: [mem 0x00000000bab69000-0x00000000bbd68fff] reserved
[    0.000000] BIOS-e820: [mem 0x00000000bbd69000-0x00000000c9f7efff] usable
[    0.000000] BIOS-e820: [mem 0x00000000c9f7f000-0x00000000caf7efff] type 20
[    0.000000] BIOS-e820: [mem 0x00000000caf7f000-0x00000000ccf7efff] reserved
[    0.000000] BIOS-e820: [mem 0x00000000ccf7f000-0x00000000cdf7efff] ACPI NVS
[    0.000000] BIOS-e820: [mem 0x00000000cdf7f000-0x00000000cdffefff] ACPI data
[    0.000000] BIOS-e820: [mem 0x00000000cdfff000-0x00000000cdffffff] usable
[    0.000000] BIOS-e820: [mem 0x00000000ce000000-0x00000000ceffffff] reserved
[    0.000000] BIOS-e820: [mem 0x00000000f8000000-0x00000000fbffffff] reserved
[    0.000000] BIOS-e820: [mem 0x00000000fde00000-0x00000000fdefffff] reserved
[    0.000000] BIOS-e820: [mem 0x00000000fec00000-0x00000000fec00fff] reserved
[    0.000000] BIOS-e820: [mem 0x00000000fec10000-0x00000000fec10fff] reserved
[    0.000000] BIOS-e820: [mem 0x00000000fec20000-0x00000000fec20fff] reserved
[    0.000000] BIOS-e820: [mem 0x00000000fed80000-0x00000000fed80fff] reserved
[    0.000000] BIOS-e820: [mem 0x00000000fee00000-0x00000000fee00fff] reserved
[    0.000000] BIOS-e820: [mem 0x00000000ff000000-0x00000000fff2ffff] reserved
[    0.000000] BIOS-e820: [mem 0x0000000100000000-0x000000040f33ffff] usable
[    0.000000] BIOS-e820: [mem 0x000000040f340000-0x000000042fffffff] reserved
[    0.000000] SMT: Force disabled
[    0.000000] Malformed early option 'vsyscall'
[    0.000000] NX (Execute Disable) protection: active
[    0.000000] efi: EFI v2.70 by INSYDE Corp.
[    0.000000] efi: ACPI=0xcdffe000 ACPI 2.0=0xcdffe014 TPMFinalLog=0xcdf2c000 SMBIOS=0xcb70c000 SMBIOS 3.0=0xcb70a000 ESRT=0xcb70d418 
[    0.000000] SMBIOS 3.2.0 present.
[    0.000000] DMI: TIMI RedmiBook 14 II/TM1951, BIOS RMARN4B0P0909 08/19/2020
[    0.000000] tsc: Fast TSC calibration using PIT
[    0.000000] tsc: Detected 2370.570 MHz processor
[    0.000544] e820: update [mem 0x00000000-0x00000fff] usable ==> reserved
[    0.000547] e820: remove [mem 0x000a0000-0x000fffff] usable
[    0.000551] last_pfn = 0x40f340 max_arch_pfn = 0x400000000
[    0.000728] x86/PAT: Configuration [0-7]: WB  WC  UC- UC  WB  WP  UC- WT  
[    0.000949] last_pfn = 0xce000 max_arch_pfn = 0x400000000
[    0.010408] esrt: Reserving ESRT space from 0x00000000cb70d418 to 0x00000000cb70d450.
[    0.010417] Kernel/User page tables isolation: force enabled on command line.
[    0.010418] Using GB pages for direct mapping
[    0.010698] Secure boot disabled
[    0.010698] RAMDISK: [mem 0x373f5000-0x379f1fff]
[    0.010702] ACPI: Early table checksum verification disabled
[    0.010706] ACPI: RSDP 0x00000000CDFFE014 000024 (v02 XMCC  )
[    0.010709] ACPI: XSDT 0x00000000CDFCE188 000134 (v01 XMCC   XMCC1951 00000002      01000013)
[    0.010714] ACPI: FACP 0x00000000CDFEC000 00010C (v05 XMCC   XMCC1951 00000002      01000013)
[    0.010718] ACPI: DSDT 0x00000000CDFDF000 006545 (v01 XMCC   XMCC1951 00000002      01000013)
[    0.010720] ACPI: FACS 0x00000000CDF29000 000040
[    0.010722] ACPI: UEFI 0x00000000CDF7E000 000236 (v01 INSYDE H2O BIOS 00000001 ACPI 00040000)
[    0.010725] ACPI: SSDT 0x00000000CDFF5000 007216 (v02 AMD    AmdTable 00000002 MSFT 04000000)
[    0.010727] ACPI: IVRS 0x00000000CDFF4000 0001A4 (v02 AMD    AmdTable 00000001 AMD  00000000)
[    0.010729] ACPI: SSDT 0x00000000CDFF3000 000228 (v01 AMD    STD3     00000001 INTL 20130117)
[    0.010731] ACPI: SSDT 0x00000000CDFF2000 000D61 (v01 XMCC   XMCC1806 00003000 INTL 20130117)
[    0.010733] ACPI: SSDT 0x00000000CDFF1000 00046D (v01 Insyde TPMACPI  00001000 INTL 20130117)
[    0.010736] ACPI: TPM2 0x00000000CDFF0000 000034 (v04 XMCC   XMCC1951 00000002      01000013)
[    0.010738] ACPI: MSDM 0x00000000CDFEF000 000055 (v03 INSYDE H2O BIOS 00000001 ACPI 00040000)
[    0.010740] ACPI: ASF! 0x00000000CDFEE000 0000A5 (v32 XMCC   XMCC1951 00000002      01000013)
[    0.010742] ACPI: BOOT 0x00000000CDFED000 000028 (v01 XMCC   XMCC1951 00000002      01000013)
[    0.010744] ACPI: HPET 0x00000000CDFEB000 000038 (v01 XMCC   XMCC1951 00000002      01000013)
[    0.010746] ACPI: APIC 0x00000000CDFEA000 000138 (v03 XMCC   XMCC1951 00000002      01000013)
[    0.010749] ACPI: MCFG 0x00000000CDFE9000 00003C (v01 XMCC   XMCC1951 00000002      01000013)
[    0.010751] ACPI: SLIC 0x00000000CDFE8000 000176 (v01 XMCC   XMCC1951 00000002      01000013)
[    0.010753] ACPI: SSDT 0x00000000CDFDE000 000080 (v01 XMCC   XMCC1951 00000002      01000013)
[    0.010755] ACPI: VFCT 0x00000000CDFD0000 00D484 (v01 XMCC   XMCC1951 00000001 AMD  31504F47)
[    0.010757] ACPI: SSDT 0x00000000CDFCF000 0000F8 (v01 XMCC   PcdTabl  00001000 INTL 20130117)
[    0.010759] ACPI: SSDT 0x00000000CDFCC000 001500 (v01 AMD    AmdTable 00000001 AMD  00000001)
[    0.010761] ACPI: CRAT 0x00000000CDFFD000 000BA8 (v01 AMD    AmdTable 00000001 AMD  00000001)
[    0.010764] ACPI: CDIT 0x00000000CDFCB000 000029 (v01 AMD    AmdTable 00000001 AMD  00000001)
[    0.010766] ACPI: SSDT 0x00000000CDFCA000 00028D (v01 AMD    AmdTable 00000001 INTL 20130117)
[    0.010768] ACPI: SSDT 0x00000000CDFC9000 000C78 (v01 AMD    AmdTable 00000001 INTL 20130117)
[    0.010770] ACPI: SSDT 0x00000000CDFC7000 0010A5 (v01 AMD    AmdTable 00000001 INTL 20130117)
[    0.010772] ACPI: SSDT 0x00000000CDFC3000 0030C8 (v01 AMD    AmdTable 00000001 INTL 20130117)
[    0.010774] ACPI: FPDT 0x00000000CDFC2000 000044 (v01 XMCC   XMCC1951 00000002      01000013)
[    0.010776] ACPI: WSMT 0x00000000CDFC0000 000028 (v01 INSYDE H2O BIOS 00000001 ACPI 00040000)
[    0.010779] ACPI: SSDT 0x00000000CDFE7000 00020A (v01 AMD    AmdTable 00000001 INTL 20130117)
[    0.010781] ACPI: SSDT 0x00000000CDFE6000 0005A1 (v01 AMD    AmdTable 00000001 INTL 20130117)
[    0.010783] ACPI: SSDT 0x00000000CDFBF000 000343 (v01 AMD    AmdTable 00000001 INTL 20130117)
[    0.010785] ACPI: SSDT 0x00000000CDFBE000 00007D (v01 AMD    AmdTable 00000001 INTL 20130117)
[    0.010787] ACPI: SSDT 0x00000000CDFBD000 000822 (v01 AMD    AmdTable 00000001 INTL 20130117)
[    0.010789] ACPI: SSDT 0x00000000CDFBC000 000517 (v01 AMD    AmdTable 00000001 INTL 20130117)
[    0.010791] ACPI: BGRT 0x00000000CDFC1000 000038 (v01 INSYDE H2O BIOS 00000001 ACPI 00040000)
[    0.010793] ACPI: Reserving FACP table memory at [mem 0xcdfec000-0xcdfec10b]
[    0.010794] ACPI: Reserving DSDT table memory at [mem 0xcdfdf000-0xcdfe5544]
[    0.010795] ACPI: Reserving FACS table memory at [mem 0xcdf29000-0xcdf2903f]
[    0.010795] ACPI: Reserving UEFI table memory at [mem 0xcdf7e000-0xcdf7e235]
[    0.010796] ACPI: Reserving SSDT table memory at [mem 0xcdff5000-0xcdffc215]
[    0.010797] ACPI: Reserving IVRS table memory at [mem 0xcdff4000-0xcdff41a3]
[    0.010798] ACPI: Reserving SSDT table memory at [mem 0xcdff3000-0xcdff3227]
[    0.010798] ACPI: Reserving SSDT table memory at [mem 0xcdff2000-0xcdff2d60]
[    0.010799] ACPI: Reserving SSDT table memory at [mem 0xcdff1000-0xcdff146c]
[    0.010800] ACPI: Reserving TPM2 table memory at [mem 0xcdff0000-0xcdff0033]
[    0.010800] ACPI: Reserving MSDM table memory at [mem 0xcdfef000-0xcdfef054]
[    0.010801] ACPI: Reserving ASF! table memory at [mem 0xcdfee000-0xcdfee0a4]
[    0.010801] ACPI: Reserving BOOT table memory at [mem 0xcdfed000-0xcdfed027]
[    0.010802] ACPI: Reserving HPET table memory at [mem 0xcdfeb000-0xcdfeb037]
[    0.010803] ACPI: Reserving APIC table memory at [mem 0xcdfea000-0xcdfea137]
[    0.010803] ACPI: Reserving MCFG table memory at [mem 0xcdfe9000-0xcdfe903b]
[    0.010804] ACPI: Reserving SLIC table memory at [mem 0xcdfe8000-0xcdfe8175]
[    0.010805] ACPI: Reserving SSDT table memory at [mem 0xcdfde000-0xcdfde07f]
[    0.010805] ACPI: Reserving VFCT table memory at [mem 0xcdfd0000-0xcdfdd483]
[    0.010806] ACPI: Reserving SSDT table memory at [mem 0xcdfcf000-0xcdfcf0f7]
[    0.010807] ACPI: Reserving SSDT table memory at [mem 0xcdfcc000-0xcdfcd4ff]
[    0.010808] ACPI: Reserving CRAT table memory at [mem 0xcdffd000-0xcdffdba7]
[    0.010808] ACPI: Reserving CDIT table memory at [mem 0xcdfcb000-0xcdfcb028]
[    0.010809] ACPI: Reserving SSDT table memory at [mem 0xcdfca000-0xcdfca28c]
[    0.010810] ACPI: Reserving SSDT table memory at [mem 0xcdfc9000-0xcdfc9c77]
[    0.010810] ACPI: Reserving SSDT table memory at [mem 0xcdfc7000-0xcdfc80a4]
[    0.010811] ACPI: Reserving SSDT table memory at [mem 0xcdfc3000-0xcdfc60c7]
[    0.010812] ACPI: Reserving FPDT table memory at [mem 0xcdfc2000-0xcdfc2043]
[    0.010812] ACPI: Reserving WSMT table memory at [mem 0xcdfc0000-0xcdfc0027]
[    0.010813] ACPI: Reserving SSDT table memory at [mem 0xcdfe7000-0xcdfe7209]
[    0.010814] ACPI: Reserving SSDT table memory at [mem 0xcdfe6000-0xcdfe65a0]
[    0.010815] ACPI: Reserving SSDT table memory at [mem 0xcdfbf000-0xcdfbf342]
[    0.010815] ACPI: Reserving SSDT table memory at [mem 0xcdfbe000-0xcdfbe07c]
[    0.010816] ACPI: Reserving SSDT table memory at [mem 0xcdfbd000-0xcdfbd821]
[    0.010817] ACPI: Reserving SSDT table memory at [mem 0xcdfbc000-0xcdfbc516]
[    0.010817] ACPI: Reserving BGRT table memory at [mem 0xcdfc1000-0xcdfc1037]
[    0.010869] No NUMA configuration found
[    0.010869] Faking a node at [mem 0x0000000000000000-0x000000040f33ffff]
[    0.010872] NODE_DATA(0) allocated [mem 0x40f33c000-0x40f33ffff]
[    0.010902] Zone ranges:
[    0.010903]   DMA      [mem 0x0000000000001000-0x0000000000ffffff]
[    0.010904]   DMA32    [mem 0x0000000001000000-0x00000000ffffffff]
[    0.010905]   Normal   [mem 0x0000000100000000-0x000000040f33ffff]
[    0.010906]   Device   empty
[    0.010907] Movable zone start for each node
[    0.010908] Early memory node ranges
[    0.010908]   node   0: [mem 0x0000000000001000-0x000000000009efff]
[    0.010909]   node   0: [mem 0x0000000000100000-0x0000000009afffff]
[    0.010910]   node   0: [mem 0x0000000009e00000-0x0000000009efffff]
[    0.010911]   node   0: [mem 0x0000000009f10000-0x00000000bab68fff]
[    0.010912]   node   0: [mem 0x00000000bbd69000-0x00000000c9f7efff]
[    0.010912]   node   0: [mem 0x00000000cdfff000-0x00000000cdffffff]
[    0.010913]   node   0: [mem 0x0000000100000000-0x000000040f33ffff]
[    0.010915] Initmem setup node 0 [mem 0x0000000000001000-0x000000040f33ffff]
[    0.010918] On node 0, zone DMA: 1 pages in unavailable ranges
[    0.010935] On node 0, zone DMA: 97 pages in unavailable ranges
[    0.011081] On node 0, zone DMA32: 768 pages in unavailable ranges
[    0.016322] On node 0, zone DMA32: 16 pages in unavailable ranges
[    0.016790] On node 0, zone DMA32: 4608 pages in unavailable ranges
[    0.016930] On node 0, zone DMA32: 16512 pages in unavailable ranges
[    0.040491] On node 0, zone Normal: 8192 pages in unavailable ranges
[    0.040527] On node 0, zone Normal: 3264 pages in unavailable ranges
[    0.040677] ACPI: PM-Timer IO Port: 0x408
[    0.040683] ACPI: LAPIC_NMI (acpi_id[0x00] high edge lint[0x1])
[    0.040684] ACPI: LAPIC_NMI (acpi_id[0x01] high edge lint[0x1])
[    0.040685] ACPI: LAPIC_NMI (acpi_id[0x02] high edge lint[0x1])
[    0.040686] ACPI: LAPIC_NMI (acpi_id[0x03] high edge lint[0x1])
[    0.040686] ACPI: LAPIC_NMI (acpi_id[0x04] high edge lint[0x1])
[    0.040687] ACPI: LAPIC_NMI (acpi_id[0x05] high edge lint[0x1])
[    0.040687] ACPI: LAPIC_NMI (acpi_id[0x06] high edge lint[0x1])
[    0.040688] ACPI: LAPIC_NMI (acpi_id[0x07] high edge lint[0x1])
[    0.040689] ACPI: LAPIC_NMI (acpi_id[0x08] high edge lint[0x1])
[    0.040689] ACPI: LAPIC_NMI (acpi_id[0x09] high edge lint[0x1])
[    0.040690] ACPI: LAPIC_NMI (acpi_id[0x0a] high edge lint[0x1])
[    0.040690] ACPI: LAPIC_NMI (acpi_id[0x0b] high edge lint[0x1])
[    0.040691] ACPI: LAPIC_NMI (acpi_id[0x0c] high edge lint[0x1])
[    0.040691] ACPI: LAPIC_NMI (acpi_id[0x0d] high edge lint[0x1])
[    0.040692] ACPI: LAPIC_NMI (acpi_id[0x0e] high edge lint[0x1])
[    0.040692] ACPI: LAPIC_NMI (acpi_id[0x0f] high edge lint[0x1])
[    0.040705] IOAPIC[0]: apic_id 33, version 33, address 0xfec00000, GSI 0-23
[    0.040710] IOAPIC[1]: apic_id 34, version 33, address 0xfec01000, GSI 24-55
[    0.040712] ACPI: INT_SRC_OVR (bus 0 bus_irq 0 global_irq 2 dfl dfl)
[    0.040713] ACPI: INT_SRC_OVR (bus 0 bus_irq 9 global_irq 9 low level)
[    0.040716] ACPI: Using ACPI (MADT) for SMP configuration information
[    0.040717] ACPI: HPET id: 0x10228210 base: 0xfed00000
[    0.040725] e820: update [mem 0xb3636000-0xb363bfff] usable ==> reserved
[    0.040734] smpboot: Allowing 16 CPUs, 10 hotplug CPUs
[    0.040759] PM: hibernation: Registered nosave memory: [mem 0x00000000-0x00000fff]
[    0.040761] PM: hibernation: Registered nosave memory: [mem 0x0009f000-0x000bffff]
[    0.040761] PM: hibernation: Registered nosave memory: [mem 0x000c0000-0x000fffff]
[    0.040763] PM: hibernation: Registered nosave memory: [mem 0x09b00000-0x09dfffff]
[    0.040764] PM: hibernation: Registered nosave memory: [mem 0x09f00000-0x09f0ffff]
[    0.040766] PM: hibernation: Registered nosave memory: [mem 0xb3636000-0xb363bfff]
[    0.040767] PM: hibernation: Registered nosave memory: [mem 0xbab69000-0xbbd68fff]
[    0.040769] PM: hibernation: Registered nosave memory: [mem 0xc9f7f000-0xcaf7efff]
[    0.040769] PM: hibernation: Registered nosave memory: [mem 0xcaf7f000-0xccf7efff]
[    0.040770] PM: hibernation: Registered nosave memory: [mem 0xccf7f000-0xcdf7efff]
[    0.040770] PM: hibernation: Registered nosave memory: [mem 0xcdf7f000-0xcdffefff]
[    0.040771] PM: hibernation: Registered nosave memory: [mem 0xce000000-0xceffffff]
[    0.040772] PM: hibernation: Registered nosave memory: [mem 0xcf000000-0xf7ffffff]
[    0.040772] PM: hibernation: Registered nosave memory: [mem 0xf8000000-0xfbffffff]
[    0.040773] PM: hibernation: Registered nosave memory: [mem 0xfc000000-0xfddfffff]
[    0.040773] PM: hibernation: Registered nosave memory: [mem 0xfde00000-0xfdefffff]
[    0.040774] PM: hibernation: Registered nosave memory: [mem 0xfdf00000-0xfebfffff]
[    0.040775] PM: hibernation: Registered nosave memory: [mem 0xfec00000-0xfec00fff]
[    0.040775] PM: hibernation: Registered nosave memory: [mem 0xfec01000-0xfec0ffff]
[    0.040776] PM: hibernation: Registered nosave memory: [mem 0xfec10000-0xfec10fff]
[    0.040776] PM: hibernation: Registered nosave memory: [mem 0xfec11000-0xfec1ffff]
[    0.040777] PM: hibernation: Registered nosave memory: [mem 0xfec20000-0xfec20fff]
[    0.040777] PM: hibernation: Registered nosave memory: [mem 0xfec21000-0xfed7ffff]
[    0.040778] PM: hibernation: Registered nosave memory: [mem 0xfed80000-0xfed80fff]
[    0.040778] PM: hibernation: Registered nosave memory: [mem 0xfed81000-0xfedfffff]
[    0.040779] PM: hibernation: Registered nosave memory: [mem 0xfee00000-0xfee00fff]
[    0.040779] PM: hibernation: Registered nosave memory: [mem 0xfee01000-0xfeffffff]
[    0.040780] PM: hibernation: Registered nosave memory: [mem 0xff000000-0xfff2ffff]
[    0.040780] PM: hibernation: Registered nosave memory: [mem 0xfff30000-0xffffffff]
[    0.040781] [mem 0xcf000000-0xf7ffffff] available for PCI devices
[    0.040782] Booting paravirtualized kernel on bare hardware
[    0.040785] clocksource: refined-jiffies: mask: 0xffffffff max_cycles: 0xffffffff, max_idle_ns: 6370452778343963 ns
[    0.044459] setup_percpu: NR_CPUS:320 nr_cpumask_bits:320 nr_cpu_ids:16 nr_node_ids:1
[    0.045072] percpu: Embedded 61 pages/cpu s212992 r8192 d28672 u262144
[    0.045080] pcpu-alloc: s212992 r8192 d28672 u262144 alloc=1*2097152
[    0.045082] pcpu-alloc: [0] 00 01 02 03 04 05 06 07 [0] 08 09 10 11 12 13 14 15 
[    0.045108] Fallback order for Node 0: 0 
[    0.045111] Built 1 zonelists, mobility grouping on.  Total pages: 3966649
[    0.045112] Policy zone: Normal
[    0.045113] Kernel command line: BOOT_IMAGE=/boot/vmlinuz-linux root=UUID=4a1e3b32-c022-4157-be6c-5f37d4e06cdf rw quiet resume=UUID=d8ba5b72-ed10-49e7-94e8-1b4f0c08b046 loglevel=3 audit=1 lsm=landlock,lockdown,yama,apparmor,bpf l1tf=full,force mds=full,nosmt mitigations=auto,nosmt nosmt=force pcie_aspm=force init_on_alloc=1 init_on_free=1 randomize_kstack_offset=on slab_nomerge pti=on slub_debug=ZF slub_debug=P page_poison=1 mem_encrypt=on vsyscall=nonei amd_iommu=force_isolation amdgpu.vm_update_mode=0 amdgpu.gpu_recovery=1 amdgpu.virtual_display=NULL amdgpu.audio=0 amdgpu.lbpw=1 amdgpu.tmz=1 amdgpu.freesync_video=1 fsck.mode=force fsck.repair=yes
[    0.045168] audit: enabled (after initialization)
[    0.045212] PCIe ASPM is forcibly enabled
[    0.045276] mem auto-init: SLAB_POISON will take precedence over init_on_alloc/init_on_free
[    0.045387] Unknown kernel command line parameters "BOOT_IMAGE=/boot/vmlinuz-linux pti=on mem_encrypt=on", will be passed to user space.
[    0.047222] Dentry cache hash table entries: 2097152 (order: 12, 16777216 bytes, linear)
[    0.048138] Inode-cache hash table entries: 1048576 (order: 11, 8388608 bytes, linear)
[    0.048193] mem auto-init: CONFIG_PAGE_POISONING is on, will take precedence over init_on_alloc and init_on_free
[    0.048425] mem auto-init: stack:byref_all(zero), heap alloc:off, heap free:off
[    1.656789] Memory: 15562624K/16119096K available (14344K kernel code, 2079K rwdata, 10936K rodata, 1784K init, 3864K bss, 556212K reserved, 0K cma-reserved)
[    1.656796] **********************************************************
[    1.656796] **   NOTICE NOTICE NOTICE NOTICE NOTICE NOTICE NOTICE   **
[    1.656797] **                                                      **
[    1.656798] ** This system shows unhashed kernel memory addresses   **
[    1.656798] ** via the console, logs, and other interfaces. This    **
[    1.656798] ** might reduce the security of your system.            **
[    1.656799] **                                                      **
[    1.656799] ** If you see this message and you are not debugging    **
[    1.656799] ** the kernel, report this immediately to your system   **
[    1.656800] ** administrator!                                       **
[    1.656800] **                                                      **
[    1.656801] **   NOTICE NOTICE NOTICE NOTICE NOTICE NOTICE NOTICE   **
[    1.656801] **********************************************************
[    1.656804] random: get_random_u64 called from __kmem_cache_create+0x2a/0x550 with crng_init=0
[    1.656963] SLUB: HWalign=64, Order=0-3, MinObjects=0, CPUs=16, Nodes=1
[    1.656978] Kernel/User page tables isolation: enabled
[    1.656999] ftrace: allocating 45089 entries in 177 pages
[    1.668583] ftrace: allocated 177 pages with 4 groups
[    1.668683] Dynamic Preempt: full
[    1.668727] rcu: Preemptible hierarchical RCU implementation.
[    1.668728] rcu: 	RCU dyntick-idle grace-period acceleration is enabled.
[    1.668728] rcu: 	RCU restricting CPUs from NR_CPUS=320 to nr_cpu_ids=16.
[    1.668729] rcu: 	RCU priority boosting: priority 1 delay 500 ms.
[    1.668730] 	Trampoline variant of Tasks RCU enabled.
[    1.668730] 	Rude variant of Tasks RCU enabled.
[    1.668730] 	Tracing variant of Tasks RCU enabled.
[    1.668731] rcu: RCU calculated value of scheduler-enlistment delay is 30 jiffies.
[    1.668732] rcu: Adjusting geometry for rcu_fanout_leaf=16, nr_cpu_ids=16
[    1.672184] NR_IRQS: 20736, nr_irqs: 1096, preallocated irqs: 16
[    1.672441] kfence: initialized - using 2097152 bytes for 255 objects at 0xffff9e7f3dc00000-0xffff9e7f3de00000
[    1.672611] Console: colour dummy device 80x25
[    1.672622] printk: console [tty0] enabled
[    1.672642] ACPI: Core revision 20210930
[    1.672862] clocksource: hpet: mask: 0xffffffff max_cycles: 0xffffffff, max_idle_ns: 133484873504 ns
[    1.672880] APIC: Switch to symmetric I/O mode setup
[    1.673657] AMD-Vi: ivrs, add hid:AMDI0020, uid:\_SB.FUR0, rdevid:160
[    1.673658] AMD-Vi: ivrs, add hid:AMDI0020, uid:\_SB.FUR1, rdevid:160
[    1.673659] AMD-Vi: ivrs, add hid:AMDI0020, uid:\_SB.FUR2, rdevid:160
[    1.673660] AMD-Vi: ivrs, add hid:AMDI0020, uid:\_SB.FUR3, rdevid:160
[    1.673959] Switched APIC routing to physical flat.
[    1.674708] ..TIMER: vector=0x30 apic1=0 pin1=2 apic2=-1 pin2=-1
[    1.689553] clocksource: tsc-early: mask: 0xffffffffffffffff max_cycles: 0x222b9df0514, max_idle_ns: 440795217257 ns
[    1.689561] Calibrating delay loop (skipped), value calculated using timer frequency.. 4743.68 BogoMIPS (lpj=7901900)
[    1.689564] pid_max: default: 32768 minimum: 301
[    1.712937] LSM: Security Framework initializing
[    1.712954] landlock: Up and running.
[    1.712955] Yama: becoming mindful.
[    1.712986] AppArmor: AppArmor initialized
[    1.712989] LSM support for eBPF active
[    1.713027] Mount-cache hash table entries: 32768 (order: 6, 262144 bytes, linear)
[    1.713055] Mountpoint-cache hash table entries: 32768 (order: 6, 262144 bytes, linear)
[    1.713302] x86/cpu: User Mode Instruction Prevention (UMIP) activated
[    1.713338] LVT offset 1 assigned for vector 0xf9
[    1.713398] LVT offset 2 assigned for vector 0xf4
[    1.713415] Last level iTLB entries: 4KB 1024, 2MB 1024, 4MB 512
[    1.713416] Last level dTLB entries: 4KB 2048, 2MB 2048, 4MB 1024, 1GB 0
[    1.713419] Spectre V1 : Mitigation: usercopy/swapgs barriers and __user pointer sanitization
[    1.713422] Spectre V2 : Mitigation: Full AMD retpoline
[    1.713423] Spectre V2 : Spectre v2 / SpectreRSB mitigation: Filling RSB on context switch
[    1.713423] Spectre V2 : Enabling Restricted Speculation for firmware calls
[    1.713425] Spectre V2 : mitigation: Enabling conditional Indirect Branch Prediction Barrier
[    1.713427] Speculative Store Bypass: Mitigation: Speculative Store Bypass disabled via prctl
[    1.717381] Freeing SMP alternatives memory: 36K
[    1.827427] smpboot: CPU0: AMD Ryzen 5 4500U with Radeon Graphics (family: 0x17, model: 0x60, stepping: 0x1)
[    1.827593] Performance Events: Fam17h+ core perfctr, AMD PMU driver.
[    1.827598] ... version:                0
[    1.827599] ... bit width:              48
[    1.827599] ... generic registers:      6
[    1.827600] ... value mask:             0000ffffffffffff
[    1.827600] ... max period:             00007fffffffffff
[    1.827601] ... fixed-purpose events:   0
[    1.827601] ... event mask:             000000000000003f
[    1.827669] rcu: Hierarchical SRCU implementation.
[    1.828187] NMI watchdog: Enabled. Permanently consumes one hw-PMU counter.
[    1.828411] smp: Bringing up secondary CPUs ...
[    1.828553] x86: Booting SMP configuration:
[    1.828554] .... node  #0, CPUs:        #1  #2  #3
[    1.831995] TSC synchronization [CPU#0 -> CPU#3]:
[    1.831996] Measured 3515 cycles TSC warp between CPUs, turning off TSC clock.
[    1.831998] tsc: Marking TSC unstable due to check_tsc_sync_source failed
[    1.833018]   #4  #5
[    1.833289] smp: Brought up 1 node, 6 CPUs
[    1.833289] smpboot: Max logical packages: 3
[    1.833289] smpboot: Total of 6 processors activated (28458.12 BogoMIPS)
[    1.836791] devtmpfs: initialized
[    1.836791] x86/mm: Memory block size: 128MB
[    1.837375] ACPI: PM: Registering ACPI NVS region [mem 0x09f00000-0x09f0ffff] (65536 bytes)
[    1.837375] ACPI: PM: Registering ACPI NVS region [mem 0xccf7f000-0xcdf7efff] (16777216 bytes)
[    1.837375] clocksource: jiffies: mask: 0xffffffff max_cycles: 0xffffffff, max_idle_ns: 6370867519511994 ns
[    1.837375] futex hash table entries: 4096 (order: 6, 262144 bytes, linear)
[    1.837375] pinctrl core: initialized pinctrl subsystem
[    1.837375] PM: RTC time: 23:15:29, date: 2022-02-22
[    1.839908] NET: Registered PF_NETLINK/PF_ROUTE protocol family
[    1.840280] DMA: preallocated 2048 KiB GFP_KERNEL pool for atomic allocations
[    1.840488] DMA: preallocated 2048 KiB GFP_KERNEL|GFP_DMA pool for atomic allocations
[    1.840646] DMA: preallocated 2048 KiB GFP_KERNEL|GFP_DMA32 pool for atomic allocations
[    1.840669] audit: initializing netlink subsys (enabled)
[    1.840689] audit: type=2000 audit(1645571728.166:1): state=initialized audit_enabled=1 res=1
[    1.840689] thermal_sys: Registered thermal governor 'fair_share'
[    1.840689] thermal_sys: Registered thermal governor 'bang_bang'
[    1.840689] thermal_sys: Registered thermal governor 'step_wise'
[    1.840689] thermal_sys: Registered thermal governor 'user_space'
[    1.840689] thermal_sys: Registered thermal governor 'power_allocator'
[    1.840689] cpuidle: using governor ladder
[    1.840689] cpuidle: using governor menu
[    1.840689] Simple Boot Flag at 0x44 set to 0x1
[    1.840689] HugeTLB: can free 4094 vmemmap pages for hugepages-1048576kB
[    1.840689] acpiphp: ACPI Hot Plug PCI Controller Driver version: 0.5
[    1.840689] PCI: MMCONFIG for domain 0000 [bus 00-3f] at [mem 0xf8000000-0xfbffffff] (base 0xf8000000)
[    1.840689] PCI: MMCONFIG at [mem 0xf8000000-0xfbffffff] reserved in E820
[    1.840689] PCI: Using configuration type 1 for base access
[    1.843195] kprobes: kprobe jump-optimization is enabled. All kprobes are optimized if possible.
[    1.843276] HugeTLB: can free 6 vmemmap pages for hugepages-2048kB
[    1.843276] HugeTLB registered 1.00 GiB page size, pre-allocated 0 pages
[    1.843276] HugeTLB registered 2.00 MiB page size, pre-allocated 0 pages
[    1.843276] ACPI: Added _OSI(Module Device)
[    1.843276] ACPI: Added _OSI(Processor Device)
[    1.843276] ACPI: Added _OSI(3.0 _SCP Extensions)
[    1.843276] ACPI: Added _OSI(Processor Aggregator Device)
[    1.843276] ACPI: Added _OSI(Linux-Dell-Video)
[    1.843276] ACPI: Added _OSI(Linux-Lenovo-NV-HDMI-Audio)
[    1.843276] ACPI: Added _OSI(Linux-HPI-Hybrid-Graphics)
[    1.860745] ACPI: 18 ACPI AML tables successfully acquired and loaded
[    1.862308] ACPI: [Firmware Bug]: BIOS _OSI(Linux) query ignored
[    1.865352] ACPI: EC: EC started
[    1.865353] ACPI: EC: interrupt blocked
[    1.867439] ACPI: EC: EC_CMD/EC_SC=0x66, EC_DATA=0x62
[    1.867441] ACPI: \_SB_.PCI0.LPC0.EC0_: Boot DSDT EC used to handle transactions
[    1.867442] ACPI: Interpreter enabled
[    1.867457] ACPI: PM: (supports S0 S4 S5)
[    1.867458] ACPI: Using IOAPIC for interrupt routing
[    1.867667] PCI: Using host bridge windows from ACPI; if necessary, use "pci=nocrs" and report a bug
[    1.870768] ACPI: PM: Power Resource [P0U0]
[    1.870902] ACPI: PM: Power Resource [P3U0]
[    1.871641] ACPI: PM: Power Resource [P0U1]
[    1.871772] ACPI: PM: Power Resource [P3U1]
[    1.872410] ACPI: PM: Power Resource [P0S0]
[    1.872448] ACPI: PM: Power Resource [P3S0]
[    1.872603] ACPI: PM: Power Resource [P0S1]
[    1.872640] ACPI: PM: Power Resource [P3S1]
[    1.878609] ACPI: PCI Root Bridge [PCI0] (domain 0000 [bus 00-ff])
[    1.878615] acpi PNP0A08:00: _OSC: OS supports [ExtendedConfig ASPM ClockPM Segments MSI EDR HPX-Type3]
[    1.878734] acpi PNP0A08:00: _OSC: platform does not support [SHPCHotplug LTR DPC]
[    1.878955] acpi PNP0A08:00: _OSC: OS now controls [PCIeHotplug PME AER PCIeCapability]
[    1.878965] acpi PNP0A08:00: [Firmware Info]: MMCONFIG for domain 0000 [bus 00-3f] only partially covers this bridge
[    1.879305] PCI host bridge to bus 0000:00
[    1.879307] pci_bus 0000:00: root bus resource [io  0x0000-0x0cf7 window]
[    1.879309] pci_bus 0000:00: root bus resource [io  0x0d00-0xffff window]
[    1.879310] pci_bus 0000:00: root bus resource [mem 0x000a0000-0x000bffff window]
[    1.879311] pci_bus 0000:00: root bus resource [mem 0x000c0000-0x000cffff window]
[    1.879312] pci_bus 0000:00: root bus resource [mem 0x000d0000-0x000effff window]
[    1.879313] pci_bus 0000:00: root bus resource [mem 0xd0000000-0xf7ffffff window]
[    1.879314] pci_bus 0000:00: root bus resource [mem 0xfc000000-0xfed3ffff window]
[    1.879315] pci_bus 0000:00: root bus resource [mem 0x450200000-0xfcffffffff window]
[    1.879316] pci_bus 0000:00: root bus resource [bus 00-ff]
[    1.879328] pci 0000:00:00.0: [1022:1630] type 00 class 0x060000
[    1.879389] pci 0000:00:00.2: [1022:1631] type 00 class 0x080600
[    1.879458] pci 0000:00:01.0: [1022:1632] type 00 class 0x060000
[    1.879508] pci 0000:00:02.0: [1022:1632] type 00 class 0x060000
[    1.879572] pci 0000:00:08.0: [1022:1632] type 00 class 0x060000
[    1.879618] pci 0000:00:08.1: [1022:1635] type 01 class 0x060400
[    1.879638] pci 0000:00:08.1: enabling Extended Tags
[    1.879667] pci 0000:00:08.1: PME# supported from D0 D3hot D3cold
[    1.879770] pci 0000:00:08.2: [1022:1635] type 01 class 0x060400
[    1.879789] pci 0000:00:08.2: enabling Extended Tags
[    1.879817] pci 0000:00:08.2: PME# supported from D0 D3hot D3cold
[    1.879914] pci 0000:00:14.0: [1022:790b] type 00 class 0x0c0500
[    1.880036] pci 0000:00:14.3: [1022:790e] type 00 class 0x060100
[    1.880163] pci 0000:00:18.0: [1022:1448] type 00 class 0x060000
[    1.880194] pci 0000:00:18.1: [1022:1449] type 00 class 0x060000
[    1.880221] pci 0000:00:18.2: [1022:144a] type 00 class 0x060000
[    1.880248] pci 0000:00:18.3: [1022:144b] type 00 class 0x060000
[    1.880277] pci 0000:00:18.4: [1022:144c] type 00 class 0x060000
[    1.880307] pci 0000:00:18.5: [1022:144d] type 00 class 0x060000
[    1.880335] pci 0000:00:18.6: [1022:144e] type 00 class 0x060000
[    1.880362] pci 0000:00:18.7: [1022:144f] type 00 class 0x060000
[    1.880482] pci 0000:01:00.0: [1002:1636] type 00 class 0x030000
[    1.880492] pci 0000:01:00.0: reg 0x10: [mem 0xfce0000000-0xfcefffffff 64bit pref]
[    1.880499] pci 0000:01:00.0: reg 0x18: [mem 0xfcf0000000-0xfcf01fffff 64bit pref]
[    1.880504] pci 0000:01:00.0: reg 0x20: [io  0x1000-0x10ff]
[    1.880509] pci 0000:01:00.0: reg 0x24: [mem 0xd0400000-0xd047ffff]
[    1.880517] pci 0000:01:00.0: enabling Extended Tags
[    1.880528] pci 0000:01:00.0: BAR 0: assigned to efifb
[    1.880564] pci 0000:01:00.0: PME# supported from D1 D2 D3hot D3cold
[    1.880661] pci 0000:01:00.1: [1002:1637] type 00 class 0x040300
[    1.880668] pci 0000:01:00.1: reg 0x10: [mem 0xd04c8000-0xd04cbfff]
[    1.880687] pci 0000:01:00.1: enabling Extended Tags
[    1.880715] pci 0000:01:00.1: PME# supported from D1 D2 D3hot D3cold
[    1.880780] pci 0000:01:00.2: [1022:15df] type 00 class 0x108000
[    1.880792] pci 0000:01:00.2: reg 0x18: [mem 0xd0300000-0xd03fffff]
[    1.880801] pci 0000:01:00.2: reg 0x24: [mem 0xd04cc000-0xd04cdfff]
[    1.880807] pci 0000:01:00.2: enabling Extended Tags
[    1.880899] pci 0000:01:00.3: [1022:1639] type 00 class 0x0c0330
[    1.880909] pci 0000:01:00.3: reg 0x10: [mem 0xd0100000-0xd01fffff 64bit]
[    1.880932] pci 0000:01:00.3: enabling Extended Tags
[    1.880960] pci 0000:01:00.3: PME# supported from D0 D3hot D3cold
[    1.881028] pci 0000:01:00.4: [1022:1639] type 00 class 0x0c0330
[    1.881037] pci 0000:01:00.4: reg 0x10: [mem 0xd0200000-0xd02fffff 64bit]
[    1.881059] pci 0000:01:00.4: enabling Extended Tags
[    1.881088] pci 0000:01:00.4: PME# supported from D0 D3hot D3cold
[    1.881162] pci 0000:01:00.5: [1022:15e2] type 00 class 0x048000
[    1.881168] pci 0000:01:00.5: reg 0x10: [mem 0xd0480000-0xd04bffff]
[    1.881188] pci 0000:01:00.5: enabling Extended Tags
[    1.881215] pci 0000:01:00.5: PME# supported from D0 D3hot D3cold
[    1.881284] pci 0000:01:00.6: [1022:15e3] type 00 class 0x040300
[    1.881290] pci 0000:01:00.6: reg 0x10: [mem 0xd04c0000-0xd04c7fff]
[    1.881309] pci 0000:01:00.6: enabling Extended Tags
[    1.881337] pci 0000:01:00.6: PME# supported from D0 D3hot D3cold
[    1.881421] pci 0000:00:08.1: PCI bridge to [bus 01]
[    1.881424] pci 0000:00:08.1:   bridge window [io  0x1000-0x1fff]
[    1.881426] pci 0000:00:08.1:   bridge window [mem 0xd0100000-0xd04fffff]
[    1.881428] pci 0000:00:08.1:   bridge window [mem 0xfce0000000-0xfcf01fffff 64bit pref]
[    1.881478] pci 0000:02:00.0: [1022:7901] type 00 class 0x010601
[    1.881504] pci 0000:02:00.0: reg 0x24: [mem 0xd0001000-0xd00017ff]
[    1.881512] pci 0000:02:00.0: enabling Extended Tags
[    1.881625] pci 0000:02:00.1: [1022:7901] type 00 class 0x010601
[    1.881651] pci 0000:02:00.1: reg 0x24: [mem 0xd0000000-0xd00007ff]
[    1.881658] pci 0000:02:00.1: enabling Extended Tags
[    1.881756] pci 0000:00:08.2: PCI bridge to [bus 02]
[    1.881759] pci 0000:00:08.2:   bridge window [mem 0xd0000000-0xd00fffff]
[    1.883446] ACPI: PCI: Interrupt link LNKA configured for IRQ 0
[    1.883448] ACPI: PCI: Interrupt link LNKA disabled
[    1.883538] ACPI: PCI: Interrupt link LNKB configured for IRQ 0
[    1.883539] ACPI: PCI: Interrupt link LNKB disabled
[    1.883610] ACPI: PCI: Interrupt link LNKC configured for IRQ 0
[    1.883611] ACPI: PCI: Interrupt link LNKC disabled
[    1.883699] ACPI: PCI: Interrupt link LNKD configured for IRQ 0
[    1.883700] ACPI: PCI: Interrupt link LNKD disabled
[    1.883783] ACPI: PCI: Interrupt link LNKE configured for IRQ 0
[    1.883784] ACPI: PCI: Interrupt link LNKE disabled
[    1.883849] ACPI: PCI: Interrupt link LNKF configured for IRQ 0
[    1.883850] ACPI: PCI: Interrupt link LNKF disabled
[    1.883917] ACPI: PCI: Interrupt link LNKG configured for IRQ 0
[    1.883918] ACPI: PCI: Interrupt link LNKG disabled
[    1.883985] ACPI: PCI: Interrupt link LNKH configured for IRQ 0
[    1.883986] ACPI: PCI: Interrupt link LNKH disabled
[    1.885978] ACPI: EC: interrupt unblocked
[    1.885979] ACPI: EC: event unblocked
[    1.885984] ACPI: EC: EC_CMD/EC_SC=0x66, EC_DATA=0x62
[    1.885985] ACPI: EC: GPE=0x3
[    1.885986] ACPI: \_SB_.PCI0.LPC0.EC0_: Boot DSDT EC initialization complete
[    1.885987] ACPI: \_SB_.PCI0.LPC0.EC0_: EC: Used to handle transactions and events
[    1.886011] iommu: Default domain type: Translated 
[    1.886011] iommu: DMA domain TLB invalidation policy: lazy mode 
[    1.886011] pci 0000:01:00.0: vgaarb: VGA device added: decodes=io+mem,owns=none,locks=none
[    1.886011] pci 0000:01:00.0: vgaarb: bridge control possible
[    1.886011] pci 0000:01:00.0: vgaarb: setting as boot device
[    1.886011] vgaarb: loaded
[    1.886345] SCSI subsystem initialized
[    1.886355] libata version 3.00 loaded.
[    1.886355] ACPI: bus type USB registered
[    1.886355] usbcore: registered new interface driver usbfs
[    1.886355] usbcore: registered new interface driver hub
[    1.886355] usbcore: registered new device driver usb
[    1.887783] pps_core: LinuxPPS API ver. 1 registered
[    1.887784] pps_core: Software ver. 5.3.6 - Copyright 2005-2007 Rodolfo Giometti <giometti@linux.it>
[    1.887787] PTP clock support registered
[    1.887794] EDAC MC: Ver: 3.0.0
[    1.887842] Registered efivars operations
[    1.889602] NetLabel: Initializing
[    1.889603] NetLabel:  domain hash size = 128
[    1.889604] NetLabel:  protocols = UNLABELED CIPSOv4 CALIPSO
[    1.889627] NetLabel:  unlabeled traffic allowed by default
[    1.889629] mctp: management component transport protocol core
[    1.889630] NET: Registered PF_MCTP protocol family
[    1.889635] PCI: Using ACPI for IRQ routing
[    1.889624] audit: type=1409 audit(1645571728.216:2): netlabel: auid=0 ses=0 subj==unconfined nlbl_domain=(default) nlbl_protocol=unlbl res=1
[    1.889624] audit: type=1406 audit(1645571728.216:3): netlabel: auid=0 ses=0 subj==unconfined unlbl_accept=1 old=0
[    1.891695] PCI: pci_cache_line_size set to 64 bytes
[    1.891728] e820: reserve RAM buffer [mem 0x0009f000-0x0009ffff]
[    1.891730] e820: reserve RAM buffer [mem 0x09b00000-0x0bffffff]
[    1.891731] e820: reserve RAM buffer [mem 0x09f00000-0x0bffffff]
[    1.891732] e820: reserve RAM buffer [mem 0xb3636000-0xb3ffffff]
[    1.891733] e820: reserve RAM buffer [mem 0xbab69000-0xbbffffff]
[    1.891733] e820: reserve RAM buffer [mem 0xc9f7f000-0xcbffffff]
[    1.891734] e820: reserve RAM buffer [mem 0xce000000-0xcfffffff]
[    1.891735] e820: reserve RAM buffer [mem 0x40f340000-0x40fffffff]
[    1.891739] hpet0: at MMIO 0xfed00000, IRQs 2, 8, 0
[    1.891739] hpet0: 3 comparators, 32-bit 14.318180 MHz counter
[    1.894210] clocksource: Switched to clocksource hpet
[    1.902654] VFS: Disk quotas dquot_6.6.0
[    1.902672] VFS: Dquot-cache hash table entries: 512 (order 0, 4096 bytes)
[    1.902811] AppArmor: AppArmor Filesystem Enabled
[    1.902862] pnp: PnP ACPI init
[    1.903085] audit: type=1400 audit(1645571728.219:4): apparmor="STATUS" info="AppArmor Filesystem Enabled" pid=1 comm="swapper/0"
[    1.903157] system 00:00: [mem 0xfec00000-0xfec01fff] could not be reserved
[    1.903162] system 00:00: [mem 0xfee00000-0xfee00fff] has been reserved
[    1.903164] system 00:00: [mem 0xfde00000-0xfdefffff] has been reserved
[    1.903390] system 00:03: [io  0x0400-0x04cf] has been reserved
[    1.903392] system 00:03: [io  0x04d0-0x04d1] has been reserved
[    1.903393] system 00:03: [io  0x04d6] has been reserved
[    1.903394] system 00:03: [io  0x0c00-0x0c01] has been reserved
[    1.903396] system 00:03: [io  0x0c14] has been reserved
[    1.903397] system 00:03: [io  0x0c50-0x0c52] has been reserved
[    1.903398] system 00:03: [io  0x0c6c] has been reserved
[    1.903399] system 00:03: [io  0x0c6f] has been reserved
[    1.903400] system 00:03: [io  0x0cd0-0x0cdb] has been reserved
[    1.903468] system 00:04: [mem 0x000e0000-0x000fffff] could not be reserved
[    1.903470] system 00:04: [mem 0xff000000-0xffffffff] could not be reserved
[    1.904925] pnp: PnP ACPI: found 5 devices
[    1.913659] clocksource: acpi_pm: mask: 0xffffff max_cycles: 0xffffff, max_idle_ns: 2085701024 ns
[    1.913817] NET: Registered PF_INET protocol family
[    1.914382] IP idents hash table entries: 262144 (order: 9, 2097152 bytes, linear)
[    1.915604] tcp_listen_portaddr_hash hash table entries: 8192 (order: 5, 131072 bytes, linear)
[    1.915715] TCP established hash table entries: 131072 (order: 8, 1048576 bytes, linear)
[    1.915941] TCP bind hash table entries: 65536 (order: 8, 1048576 bytes, linear)
[    1.916171] TCP: Hash tables configured (established 131072 bind 65536)
[    1.916354] MPTCP token hash table entries: 16384 (order: 6, 393216 bytes, linear)
[    1.916410] UDP hash table entries: 8192 (order: 6, 262144 bytes, linear)
[    1.916462] UDP-Lite hash table entries: 8192 (order: 6, 262144 bytes, linear)
[    1.916544] NET: Registered PF_UNIX/PF_LOCAL protocol family
[    1.916551] NET: Registered PF_XDP protocol family
[    1.916564] pci 0000:00:08.1: PCI bridge to [bus 01]
[    1.916569] pci 0000:00:08.1:   bridge window [io  0x1000-0x1fff]
[    1.916572] pci 0000:00:08.1:   bridge window [mem 0xd0100000-0xd04fffff]
[    1.916574] pci 0000:00:08.1:   bridge window [mem 0xfce0000000-0xfcf01fffff 64bit pref]
[    1.916578] pci 0000:00:08.2: PCI bridge to [bus 02]
[    1.916580] pci 0000:00:08.2:   bridge window [mem 0xd0000000-0xd00fffff]
[    1.916585] pci_bus 0000:00: resource 4 [io  0x0000-0x0cf7 window]
[    1.916586] pci_bus 0000:00: resource 5 [io  0x0d00-0xffff window]
[    1.916587] pci_bus 0000:00: resource 6 [mem 0x000a0000-0x000bffff window]
[    1.916588] pci_bus 0000:00: resource 7 [mem 0x000c0000-0x000cffff window]
[    1.916589] pci_bus 0000:00: resource 8 [mem 0x000d0000-0x000effff window]
[    1.916590] pci_bus 0000:00: resource 9 [mem 0xd0000000-0xf7ffffff window]
[    1.916591] pci_bus 0000:00: resource 10 [mem 0xfc000000-0xfed3ffff window]
[    1.916592] pci_bus 0000:00: resource 11 [mem 0x450200000-0xfcffffffff window]
[    1.916593] pci_bus 0000:01: resource 0 [io  0x1000-0x1fff]
[    1.916594] pci_bus 0000:01: resource 1 [mem 0xd0100000-0xd04fffff]
[    1.916595] pci_bus 0000:01: resource 2 [mem 0xfce0000000-0xfcf01fffff 64bit pref]
[    1.916597] pci_bus 0000:02: resource 1 [mem 0xd0000000-0xd00fffff]
[    1.916741] pci 0000:01:00.1: D0 power state depends on 0000:01:00.0
[    1.916776] pci 0000:01:00.3: extending delay after power-on from D3hot to 20 msec
[    1.918136] pci 0000:01:00.4: extending delay after power-on from D3hot to 20 msec
[    1.929379] pci 0000:01:00.4: quirk_usb_early_handoff+0x0/0x750 took 10975 usecs
[    1.929393] PCI: CLS 64 bytes, default 64
[    1.929404] pci 0000:00:00.2: AMD-Vi: IOMMU performance counters supported
[    1.929462] Trying to unpack rootfs image as initramfs...
[    1.929466] pci 0000:00:00.2: can't derive routing for PCI INT A
[    1.929467] pci 0000:00:00.2: PCI INT A: not connected
[    1.929484] pci 0000:00:01.0: Adding to iommu group 0
[    1.929498] pci 0000:00:02.0: Adding to iommu group 1
[    1.929514] pci 0000:00:08.0: Adding to iommu group 2
[    1.929520] pci 0000:00:08.1: Adding to iommu group 2
[    1.929528] pci 0000:00:08.2: Adding to iommu group 2
[    1.929541] pci 0000:00:14.0: Adding to iommu group 3
[    1.929549] pci 0000:00:14.3: Adding to iommu group 3
[    1.929587] pci 0000:00:18.0: Adding to iommu group 4
[    1.929595] pci 0000:00:18.1: Adding to iommu group 4
[    1.929602] pci 0000:00:18.2: Adding to iommu group 4
[    1.929610] pci 0000:00:18.3: Adding to iommu group 4
[    1.929617] pci 0000:00:18.4: Adding to iommu group 4
[    1.929624] pci 0000:00:18.5: Adding to iommu group 4
[    1.929631] pci 0000:00:18.6: Adding to iommu group 4
[    1.929640] pci 0000:00:18.7: Adding to iommu group 4
[    1.929647] pci 0000:01:00.0: Adding to iommu group 2
[    1.929651] pci 0000:01:00.1: Adding to iommu group 2
[    1.929656] pci 0000:01:00.2: Adding to iommu group 2
[    1.929660] pci 0000:01:00.3: Adding to iommu group 2
[    1.929665] pci 0000:01:00.4: Adding to iommu group 2
[    1.929672] pci 0000:01:00.5: Adding to iommu group 2
[    1.929678] pci 0000:01:00.6: Adding to iommu group 2
[    1.929685] pci 0000:02:00.0: Adding to iommu group 2
[    1.929690] pci 0000:02:00.1: Adding to iommu group 2
[    1.931190] pci 0000:00:00.2: AMD-Vi: Found IOMMU cap 0x40
[    1.931194] AMD-Vi: Extended features (0x206d73ef22254ade): PPR X2APIC NX GT IA GA PC GA_vAPIC
[    1.931198] AMD-Vi: Interrupt remapping enabled
[    1.931199] AMD-Vi: Virtual APIC enabled
[    1.931199] AMD-Vi: X2APIC enabled
[    1.931372] software IO TLB: tearing down default memory pool
[    1.939220] LVT offset 0 assigned for vector 0x400
[    1.939602] perf: AMD IBS detected (0x000003ff)
[    1.939608] perf/amd_iommu: Detected AMD IOMMU #0 (2 banks, 4 counters/bank).
[    1.941170] Initialise system trusted keyrings
[    1.941183] Key type blacklist registered
[    1.941287] workingset: timestamp_bits=41 max_order=22 bucket_order=0
[    1.942710] zbud: loaded
[    1.945818] Key type asymmetric registered
[    1.945820] Asymmetric key parser 'x509' registered
[    1.945847] Block layer SCSI generic (bsg) driver version 0.4 loaded (major 242)
[    1.946028] io scheduler mq-deadline registered
[    1.946030] io scheduler kyber registered
[    1.946058] io scheduler bfq registered
[    1.946683] pcieport 0000:00:08.1: PME: Signaling with IRQ 26
[    1.946896] pcieport 0000:00:08.2: PME: Signaling with IRQ 27
[    1.946977] shpchp: Standard Hot Plug PCI Controller Driver version: 0.4
[    1.948081] ACPI: AC: AC Adapter [ACAD] (off-line)
[    1.948121] input: Power Button as /devices/LNXSYSTM:00/LNXSYBUS:00/PNP0C0C:00/input/input0
[    1.948143] ACPI: button: Power Button [PWRB]
[    1.948171] input: Lid Switch as /devices/LNXSYSTM:00/LNXSYBUS:00/PNP0A08:00/device:2a/PNP0C09:00/PNP0C0D:00/input/input1
[    1.948184] ACPI: button: Lid Switch [LID0]
[    1.948233] Monitor-Mwait will be used to enter C-1 state
[    1.948244] ACPI: \_SB_.PLTF.C000: Found 3 idle states
[    1.948250] ACPI: FW issue: working around C-state latencies out of order
[    1.948366] ACPI: \_SB_.PLTF.C001: Found 3 idle states
[    1.948372] ACPI: FW issue: working around C-state latencies out of order
[    1.948453] ACPI: \_SB_.PLTF.C002: Found 3 idle states
[    1.948458] ACPI: FW issue: working around C-state latencies out of order
[    1.948524] ACPI: \_SB_.PLTF.C003: Found 3 idle states
[    1.948529] ACPI: FW issue: working around C-state latencies out of order
[    1.948720] ACPI: \_SB_.PLTF.C004: Found 3 idle states
[    1.948725] ACPI: FW issue: working around C-state latencies out of order
[    1.948890] ACPI: \_SB_.PLTF.C005: Found 3 idle states
[    1.948894] ACPI: FW issue: working around C-state latencies out of order
[    1.950776] thermal LNXTHERM:00: registered as thermal_zone0
[    1.950778] ACPI: thermal: Thermal Zone [TZ0] (59 C)
[    1.950919] Serial: 8250/16550 driver, 32 ports, IRQ sharing enabled
[    1.952547] Non-volatile memory driver v1.3
[    1.952548] Linux agpgart interface v0.103
[    1.952587] AMD-Vi: AMD IOMMUv2 loaded and initialized
[    1.952637] ACPI: bus type drm_connector registered
[    1.953401] ahci 0000:02:00.0: version 3.0
[    1.953532] ahci 0000:02:00.0: AHCI 0001.0301 32 slots 1 ports 6 Gbps 0x1 impl SATA mode
[    1.953534] ahci 0000:02:00.0: flags: 64bit ncq sntf ilck pm led clo only pmp fbs pio slum part 
[    1.953739] scsi host0: ahci
[    1.953797] ata1: SATA max UDMA/133 abar m2048@0xd0001000 port 0xd0001100 irq 29
[    1.953914] ahci 0000:02:00.1: AHCI 0001.0301 32 slots 1 ports 6 Gbps 0x1 impl SATA mode
[    1.953916] ahci 0000:02:00.1: flags: 64bit ncq sntf ilck pm led clo only pmp fbs pio slum part deso sadm sds 
[    1.954087] scsi host1: ahci
[    1.954129] ata2: SATA max UDMA/133 abar m2048@0xd0000000 port 0xd0000100 irq 31
[    1.954154] ehci_hcd: USB 2.0 'Enhanced' Host Controller (EHCI) Driver
[    1.954163] ehci-pci: EHCI PCI platform driver
[    1.954170] ohci_hcd: USB 1.1 'Open' Host Controller (OHCI) Driver
[    1.954171] ohci-pci: OHCI PCI platform driver
[    1.954176] uhci_hcd: USB Universal Host Controller Interface driver
[    1.954223] usbcore: registered new interface driver usbserial_generic
[    1.954227] usbserial: USB Serial support registered for generic
[    1.954306] rtc_cmos 00:01: RTC can wake from S4
[    1.954498] rtc_cmos 00:01: registered as rtc0
[    1.954542] rtc_cmos 00:01: setting system clock to 2022-02-22T23:15:29 UTC (1645571729)
[    1.954554] rtc_cmos 00:01: alarms up to one month, 114 bytes nvram, hpet irqs
[    1.954571] audit: type=1332 audit(1645571729.500:5): sec=1 nsec=218365277
[    1.954677] ledtrig-cpu: registered to indicate activity on CPUs
[    1.954861] efifb: probing for efifb
[    1.954869] efifb: framebuffer at 0xfce0000000, using 8128k, total 8128k
[    1.954870] efifb: mode is 1920x1080x32, linelength=7680, pages=1
[    1.954871] efifb: scrolling: redraw
[    1.954872] efifb: Truecolor: size=8:8:8:8, shift=24:16:8:0
[    1.954910] fbcon: Deferring console take-over
[    1.954910] fb0: EFI VGA frame buffer device
[    1.954931] hid: raw HID events driver (C) Jiri Kosina
[    1.954996] drop_monitor: Initializing network drop monitor service
[    1.955041] Initializing XFRM netlink socket
[    1.955140] NET: Registered PF_INET6 protocol family
[    1.969842] ACPI: battery: Slot [BATT] (battery present)
[    2.266891] ata1: SATA link down (SStatus 0 SControl 300)
[    2.313263] Freeing initrd memory: 6132K
[    2.319758] Segment Routing with IPv6
[    2.319760] RPL Segment Routing with IPv6
[    2.319770] In-situ OAM (IOAM) with IPv6
[    2.319792] NET: Registered PF_PACKET protocol family
[    2.320921] microcode: CPU0: patch_level=0x08600106
[    2.320942] microcode: CPU1: patch_level=0x08600106
[    2.320964] microcode: CPU2: patch_level=0x08600106
[    2.320994] microcode: CPU3: patch_level=0x08600106
[    2.321026] microcode: CPU4: patch_level=0x08600106
[    2.321059] microcode: CPU5: patch_level=0x08600106
[    2.321066] microcode: Microcode Update Driver: v2.2.
[    2.321306] resctrl: L3 allocation detected
[    2.321307] resctrl: MB allocation detected
[    2.321308] resctrl: L3 monitoring detected
[    2.321310] IPI shorthand broadcast: enabled
[    2.321508] registered taskstats version 1
[    2.321833] Loading compiled-in X.509 certificates
[    2.324266] Loaded X.509 cert 'Build time autogenerated kernel key: ece77750479a9fc6e611f250654da49bb240e1da'
[    2.325307] zswap: loaded using pool lz4/z3fold
[    2.325781] Key type ._fscrypt registered
[    2.325781] Key type .fscrypt registered
[    2.325782] Key type fscrypt-provisioning registered
[    2.325840] AppArmor: AppArmor sha1 policy hashing enabled
[    2.325849] audit: type=1400 audit(1645571729.866:6): apparmor="STATUS" info="AppArmor sha1 policy hashing enabled" pid=1 comm="swapper/0"
[    2.327927] PM:   Magic number: 10:788:302
[    2.327949] tty tty31: hash matches
[    2.328120] RAS: Correctable Errors collector initialized.
[    2.423154] ata2: SATA link up 6.0 Gbps (SStatus 133 SControl 300)
[    2.425929] ata2.00: ATA-11: SAMSUNG MZNLH512HALU-00000, RVT2200Q, max UDMA/133
[    2.427188] ata2.00: 1000215216 sectors, multi 16: LBA48 NCQ (depth 32), AA
[    2.429503] ata2.00: Features: Dev-Sleep NCQ-sndrcv
[    2.433750] ata2.00: configured for UDMA/133
[    2.433900] ata2.00: failed to enable DEVSLP
[    2.433906] ata2.00: failed to enable DIPM, Emask 0x40
[    7.953152] ata2: SATA link up 6.0 Gbps (SStatus 133 SControl 300)
[    7.963330] ata2.00: configured for UDMA/133
[    7.964054] scsi 1:0:0:0: Direct-Access     ATA      SAMSUNG MZNLH512 200Q PQ: 0 ANSI: 5
[    7.965196] sd 1:0:0:0: [sda] 1000215216 512-byte logical blocks: (512 GB/477 GiB)
[    7.965225] sd 1:0:0:0: [sda] Write Protect is off
[    7.965231] sd 1:0:0:0: [sda] Mode Sense: 00 3a 00 00
[    7.965279] sd 1:0:0:0: [sda] Write cache: enabled, read cache: enabled, doesn't support DPO or FUA
[    7.982014]  sda: sda1 sda2 sda3
[    8.003619] sd 1:0:0:0: [sda] Attached SCSI disk
[    8.003788] Unstable clock detected, switching default tracing clock to "global"
               If you want to keep using the local clock, then add:
                 "trace_clock=local"
               on the kernel command line
[    8.008203] Freeing unused decrypted memory: 2036K
[    8.008591] Freeing unused kernel image (initmem) memory: 1784K
[    8.026599] Write protecting the kernel read-only data: 28672k
[    8.027562] Freeing unused kernel image (text/rodata gap) memory: 2036K
[    8.028053] Freeing unused kernel image (rodata/data gap) memory: 1352K
[    8.068322] x86/mm: Checked W+X mappings: passed, no W+X pages found.
[    8.068329] rodata_test: all tests were successful
[    8.068332] x86/mm: Checking user space page tables
[    8.106785] x86/mm: Checked W+X mappings: passed, no W+X pages found.
[    8.106817] Run /init as init process
[    8.106819]   with arguments:
[    8.106821]     /init
[    8.106822]   with environment:
[    8.106823]     HOME=/
[    8.106823]     TERM=linux
[    8.106824]     BOOT_IMAGE=/boot/vmlinuz-linux
[    8.106825]     pti=on
[    8.106826]     mem_encrypt=on
[    8.137719] fbcon: Taking over console
[    8.137855] Console: switching to colour frame buffer device 240x67
[    8.290001] xhci_hcd 0000:01:00.3: xHCI Host Controller
[    8.290014] xhci_hcd 0000:01:00.3: new USB bus registered, assigned bus number 1
[    8.290152] xhci_hcd 0000:01:00.3: hcc params 0x0268ffe5 hci version 0x110 quirks 0x0000020000000410
[    8.290675] usb usb1: New USB device found, idVendor=1d6b, idProduct=0002, bcdDevice= 5.16
[    8.290679] usb usb1: New USB device strings: Mfr=3, Product=2, SerialNumber=1
[    8.290681] usb usb1: Product: xHCI Host Controller
[    8.290683] usb usb1: Manufacturer: Linux 5.16.10-arch1-1 xhci-hcd
[    8.290684] usb usb1: SerialNumber: 0000:01:00.3
[    8.290827] i8042: PNP: PS/2 Controller [PNP0303:KBC0] at 0x60,0x64 irq 1
[    8.290833] i8042: PNP: PS/2 appears to have AUX port disabled, if this is incorrect please boot with i8042.nopnp
[    8.291029] hub 1-0:1.0: USB hub found
[    8.291052] hub 1-0:1.0: 4 ports detected
[    8.291529] xhci_hcd 0000:01:00.3: xHCI Host Controller
[    8.291536] xhci_hcd 0000:01:00.3: new USB bus registered, assigned bus number 2
[    8.291540] xhci_hcd 0000:01:00.3: Host supports USB 3.1 Enhanced SuperSpeed
[    8.291565] usb usb2: We don't know the algorithms for LPM for this host, disabling LPM.
[    8.291599] usb usb2: New USB device found, idVendor=1d6b, idProduct=0003, bcdDevice= 5.16
[    8.291602] usb usb2: New USB device strings: Mfr=3, Product=2, SerialNumber=1
[    8.291603] usb usb2: Product: xHCI Host Controller
[    8.291605] usb usb2: Manufacturer: Linux 5.16.10-arch1-1 xhci-hcd
[    8.291606] usb usb2: SerialNumber: 0000:01:00.3
[    8.291735] hub 2-0:1.0: USB hub found
[    8.291747] hub 2-0:1.0: 2 ports detected
[    8.292107] xhci_hcd 0000:01:00.4: xHCI Host Controller
[    8.292113] xhci_hcd 0000:01:00.4: new USB bus registered, assigned bus number 3
[    8.292244] xhci_hcd 0000:01:00.4: hcc params 0x0268ffe5 hci version 0x110 quirks 0x0000020000000410
[    8.292651] serio: i8042 KBD port at 0x60,0x64 irq 1
[    8.292689] usb usb3: New USB device found, idVendor=1d6b, idProduct=0002, bcdDevice= 5.16
[    8.292692] usb usb3: New USB device strings: Mfr=3, Product=2, SerialNumber=1
[    8.292697] usb usb3: Product: xHCI Host Controller
[    8.292701] usb usb3: Manufacturer: Linux 5.16.10-arch1-1 xhci-hcd
[    8.292703] usb usb3: SerialNumber: 0000:01:00.4
[    8.293014] hub 3-0:1.0: USB hub found
[    8.293031] hub 3-0:1.0: 4 ports detected
[    8.293450] xhci_hcd 0000:01:00.4: xHCI Host Controller
[    8.293454] xhci_hcd 0000:01:00.4: new USB bus registered, assigned bus number 4
[    8.293457] xhci_hcd 0000:01:00.4: Host supports USB 3.1 Enhanced SuperSpeed
[    8.293481] usb usb4: We don't know the algorithms for LPM for this host, disabling LPM.
[    8.293516] usb usb4: New USB device found, idVendor=1d6b, idProduct=0003, bcdDevice= 5.16
[    8.293518] usb usb4: New USB device strings: Mfr=3, Product=2, SerialNumber=1
[    8.293519] usb usb4: Product: xHCI Host Controller
[    8.293520] usb usb4: Manufacturer: Linux 5.16.10-arch1-1 xhci-hcd
[    8.293521] usb usb4: SerialNumber: 0000:01:00.4
[    8.293657] hub 4-0:1.0: USB hub found
[    8.293670] hub 4-0:1.0: 2 ports detected
[    8.328374] input: AT Translated Set 2 keyboard as /devices/platform/i8042/serio0/input/input2
[    8.337233] random: fast init done
[    8.442450] PM: Image not found (code -22)
[    9.944691] REISERFS (device sda2): found reiserfs format "3.6" with standard journal
[    9.944707] REISERFS (device sda2): using ordered data mode
[    9.944708] reiserfs: using flush barriers
[    9.944937] REISERFS (device sda2): journal params: device sda2, size 8192, journal first block 18, max trans len 1024, max batch 900, max commit age 30, max trans age 30
[    9.945187] REISERFS (device sda2): checking transaction log (sda2)
[    9.946758] REISERFS (device sda2): Using r5 hash to sort names
[   10.075001] audit: type=1334 audit(1645571737.616:7): prog-id=1 op=LOAD
[   10.075011] audit: type=1300 audit(1645571737.616:7): arch=c000003e syscall=321 success=yes exit=4 a0=5 a1=7ffeabc77d60 a2=80 a3=0 items=0 ppid=2 pid=208 auid=4294967295 uid=0 gid=0 euid=0 suid=0 fsuid=0 egid=0 sgid=0 fsgid=0 tty=(none) ses=4294967295 comm="bpf_preload" exe="/bpf_preload" subj==unconfined key=(null)
[   10.075015] audit: type=1327 audit(1645571737.616:7): proctitle="bpf_preload"
[   10.075018] audit: type=1334 audit(1645571737.616:8): prog-id=0 op=UNLOAD
[   10.085011] audit: type=1334 audit(1645571737.626:9): prog-id=2 op=LOAD
[   10.085017] audit: type=1300 audit(1645571737.626:9): arch=c000003e syscall=321 success=yes exit=6 a0=5 a1=7ffeabc77a70 a2=80 a3=0 items=0 ppid=2 pid=208 auid=4294967295 uid=0 gid=0 euid=0 suid=0 fsuid=0 egid=0 sgid=0 fsgid=0 tty=(none) ses=4294967295 comm="bpf_preload" exe="/bpf_preload" subj==unconfined key=(null)
[   10.085021] audit: type=1327 audit(1645571737.626:9): proctitle="bpf_preload"
[   10.085047] audit: type=1334 audit(1645571737.626:10): prog-id=0 op=UNLOAD
[   10.085146] audit: type=1334 audit(1645571737.626:11): prog-id=3 op=LOAD
[   10.085149] audit: type=1300 audit(1645571737.626:11): arch=c000003e syscall=321 success=yes exit=5 a0=5 a1=7ffeabc77a40 a2=80 a3=0 items=0 ppid=2 pid=208 auid=4294967295 uid=0 gid=0 euid=0 suid=0 fsuid=0 egid=0 sgid=0 fsgid=0 tty=(none) ses=4294967295 comm="bpf_preload" exe="/bpf_preload" subj==unconfined key=(null)
[   10.102606] systemd[1]: systemd 250.3-4-arch running in system mode (+PAM +AUDIT -SELINUX -APPARMOR -IMA +SMACK +SECCOMP +GCRYPT +GNUTLS +OPENSSL +ACL +BLKID +CURL +ELFUTILS +FIDO2 +IDN2 -IDN +IPTC +KMOD +LIBCRYPTSETUP +LIBFDISK +PCRE2 -PWQUALITY +P11KIT -QRENCODE +BZIP2 +LZ4 +XZ +ZLIB +ZSTD -BPF_FRAMEWORK +XKBCOMMON +UTMP -SYSVINIT default-hierarchy=unified)
[   10.116785] systemd[1]: Detected architecture x86-64.
[   10.117738] systemd[1]: Hostname set to <mksredmibook14ii>.
[   10.266324] systemd[1]: Queued start job for default target Graphical Interface.
[   10.268303] systemd[1]: Created slice Slice /system/getty.
[   10.268767] systemd[1]: Created slice Slice /system/modprobe.
[   10.269258] systemd[1]: Created slice Slice /system/systemd-fsck.
[   10.269689] systemd[1]: Created slice User and Session Slice.
[   10.269809] systemd[1]: Started Dispatch Password Requests to Console Directory Watch.
[   10.269889] systemd[1]: Started Forward Password Requests to Wall Directory Watch.
[   10.270147] systemd[1]: Set up automount Arbitrary Executable File Formats File System Automount Point.
[   10.270227] systemd[1]: Reached target Local Encrypted Volumes.
[   10.270265] systemd[1]: Reached target Local Integrity Protected Volumes.
[   10.270310] systemd[1]: Reached target Path Units.
[   10.270344] systemd[1]: Reached target Remote File Systems.
[   10.270375] systemd[1]: Reached target Slice Units.
[   10.270427] systemd[1]: Reached target Local Verity Protected Volumes.
[   10.270536] systemd[1]: Listening on Device-mapper event daemon FIFOs.
[   10.271149] systemd[1]: Listening on LVM2 poll daemon socket.
[   10.272364] systemd[1]: Listening on Process Core Dump Socket.
[   10.272659] systemd[1]: Listening on Journal Audit Socket.
[   10.272829] systemd[1]: Listening on Journal Socket (/dev/log).
[   10.273002] systemd[1]: Listening on Journal Socket.
[   10.273331] systemd[1]: Listening on Userspace Out-Of-Memory (OOM) Killer Socket.
[   10.274030] systemd[1]: Listening on udev Control Socket.
[   10.274167] systemd[1]: Listening on udev Kernel Socket.
[   10.275453] systemd[1]: Mounting Huge Pages File System...
[   10.276642] systemd[1]: Mounting POSIX Message Queue File System...
[   10.278071] systemd[1]: Mounting Kernel Debug File System...
[   10.279313] systemd[1]: Mounting Kernel Trace File System...
[   10.281041] systemd[1]: Starting Load AppArmor profiles...
[   10.282400] systemd[1]: Starting Create List of Static Device Nodes...
[   10.283792] systemd[1]: Starting Monitoring of LVM2 mirrors, snapshots etc. using dmeventd or progress polling...
[   10.285119] systemd[1]: Starting Load Kernel Module configfs...
[   10.286649] systemd[1]: Starting Load Kernel Module drm...
[   10.287948] systemd[1]: Starting Load Kernel Module fuse...
[   10.288048] systemd[1]: File System Check on Root Device was skipped because of a failed condition check (ConditionPathIsReadWrite=!/).
[   10.290872] systemd[1]: Starting Journal Service...
[   10.292559] systemd[1]: Starting Load Kernel Modules...
[   10.294019] systemd[1]: Starting Remount Root and Kernel File Systems...
[   10.294135] systemd[1]: Repartition Root Disk was skipped because all trigger condition checks failed.
[   10.295611] systemd[1]: Starting Coldplug All udev Devices...
[   10.297859] systemd[1]: Mounted Huge Pages File System.
[   10.298049] systemd[1]: Mounted POSIX Message Queue File System.
[   10.298176] systemd[1]: Mounted Kernel Debug File System.
[   10.298312] systemd[1]: Mounted Kernel Trace File System.
[   10.298669] systemd[1]: Finished Create List of Static Device Nodes.
[   10.299685] systemd[1]: modprobe@configfs.service: Deactivated successfully.
[   10.300085] systemd[1]: Finished Load Kernel Module configfs.
[   10.300929] systemd[1]: modprobe@drm.service: Deactivated successfully.
[   10.301174] systemd[1]: Finished Load Kernel Module drm.
[   10.301721] fuse: init (API version 7.35)
[   10.303437] systemd[1]: Mounting Kernel Configuration File System...
[   10.304063] systemd[1]: modprobe@fuse.service: Deactivated successfully.
[   10.304317] systemd[1]: Finished Load Kernel Module fuse.
[   10.304916] vboxdrv: loading out-of-tree module taints kernel.
[   10.305244] vboxdrv: module verification failed: signature and/or required key missing - tainting kernel
[   10.306337] systemd[1]: Mounting FUSE Control File System...
[   10.307605] systemd[1]: Mounted Kernel Configuration File System.
[   10.309443] vboxdrv: Found 6 processor cores
[   10.309994] systemd[1]: Finished Remount Root and Kernel File Systems.
[   10.310134] random: lvm: uninitialized urandom read (4 bytes read)
[   10.310379] systemd[1]: Mounted FUSE Control File System.
[   10.310599] systemd[1]: First Boot Wizard was skipped because of a failed condition check (ConditionFirstBoot=yes).
[   10.311193] systemd[1]: Rebuild Hardware Database was skipped because of a failed condition check (ConditionNeedsUpdate=/etc).
[   10.312799] systemd[1]: Starting Load/Save Random Seed...
[   10.312954] systemd[1]: Create System Users was skipped because of a failed condition check (ConditionNeedsUpdate=/etc).
[   10.315784] systemd[1]: Starting Create Static Device Nodes in /dev...
[   10.343593] vboxdrv: TSC mode is Invariant, tentative frequency 2370633505 Hz
[   10.343598] vboxdrv: Successfully loaded version 6.1.32 r149290 (interface 0x00320000)
[   10.345849] VBoxNetAdp: Successfully started.
[   10.359727] VBoxNetFlt: Successfully started.
[   10.369812] systemd[1]: Finished Load Kernel Modules.
[   10.370411] systemd[1]: Finished Create Static Device Nodes in /dev.
[   10.372195] systemd[1]: Starting Linux Kernel Runtime Guard...
[   10.377568] systemd[1]: Starting Rule-based Manager for Device Events and Files...
[   10.388346] systemd[1]: Starting Apply user script...
[   10.389029] systemd[1]: Finished Monitoring of LVM2 mirrors, snapshots etc. using dmeventd or progress polling.
[   10.389309] systemd[1]: Reached target Preparation for Local File Systems.
[   10.389379] systemd[1]: Virtual Machine and Container Storage (Compatibility) was skipped because of a failed condition check (ConditionPathExists=/var/lib/machines.raw).
[   10.406915] systemd[1]: Started Journal Service.
[   10.416981] systemd-journald[234]: Received client request to flush runtime journal.
[   10.469613] [p_lkrg] Loading LKRG...
[   10.475415] Freezing user space processes ... (elapsed 0.000 seconds) done.
[   10.476278] OOM killer disabled.
[   10.698535] [p_lkrg] [kretprobe] register_kretprobe() for <ovl_create_or_link> failed! [err=-2]
[   10.698542] [p_lkrg] Can't hook 'ovl_create_or_link' function. This is expected if you are not using OverlayFS.
[   10.750696] [p_lkrg] [kretprobe] register_kretprobe() for <lookup_fast> failed! [err=-2]
[   10.750701] [p_lkrg] LKRG won't enforce pCFI validation on 'lookup_fast'
[   11.178442] [p_lkrg] LKRG initialized successfully!
[   11.178477] OOM killer enabled.
[   11.178478] Restarting tasks ... done.
[   11.205209] [p_lkrg] [kINT] New interval => 15
[   11.205324] [p_lkrg] New log level => 3 (WARN)
[   11.205411] [p_lkrg] Module is already unhidden (visible)!
[   11.205510] [p_lkrg] Changing "pint_validate" logic. From Old[1 | CURRENT] to new[2 | CURRENT] one.
[   11.205772] [p_lkrg] Disabling SMAP validation feature.
[   11.205821] [p_lkrg] Changing "smap_enforce" logic. From Old[2 | PANIC] to new[0 | LOG & ACCEPT] one.
[   11.225407] [p_lkrg] Changing "profile_validate" logic. From Old[9 | Custom] to new[3 | Heavy] one.
[   11.225548] [p_lkrg] Changing "profile_enforce" logic. From Old[9 | Custom] to new[2 | Strict] one.
[   11.225984] [p_lkrg] Changing "pint_validate" logic. From Old[1 | CURRENT] to new[2 | CURRENT] one.
[   11.226522] [p_lkrg] Disabling SMAP validation feature.
[   11.226746] [p_lkrg] Changing "smap_enforce" logic. From Old[2 | PANIC] to new[0 | LOG & ACCEPT] one.
[   11.409428] acpi_cpufreq: overriding BIOS provided _PSD data
[   11.409468] cpufreq: CPU0: Fast frequency switching not enabled
[   11.409469] cpufreq: Registered transition notifiers:
[   11.409470] cpufreq: p_freq_transition_notifier+0x0/0x20 [p_lkrg]
[   11.426126] cpufreq: CPU1: Fast frequency switching not enabled
[   11.426133] cpufreq: Registered transition notifiers:
[   11.426134] cpufreq: p_freq_transition_notifier+0x0/0x20 [p_lkrg]
[   11.427685] ACPI: video: Video Device [VGA] (multi-head: yes  rom: no  post: no)
[   11.428189] acpi device:0e: registered as cooling_device6
[   11.428267] input: Video Bus as /devices/LNXSYSTM:00/LNXSYBUS:00/PNP0A08:00/device:0d/LNXVIDEO:00/input/input3
[   11.430321] cpufreq: CPU2: Fast frequency switching not enabled
[   11.430323] cpufreq: Registered transition notifiers:
[   11.430324] cpufreq: p_freq_transition_notifier+0x0/0x20 [p_lkrg]
[   11.431300] acpi PNP0C14:01: duplicate WMI GUID 05901221-D566-11D1-B2F0-00A0C9062910 (first instance was on PNP0C14:00)
[   11.433250] cpufreq: CPU3: Fast frequency switching not enabled
[   11.433253] cpufreq: Registered transition notifiers:
[   11.433254] cpufreq: p_freq_transition_notifier+0x0/0x20 [p_lkrg]
[   11.439602] cpufreq: CPU4: Fast frequency switching not enabled
[   11.439606] cpufreq: Registered transition notifiers:
[   11.439607] cpufreq: p_freq_transition_notifier+0x0/0x20 [p_lkrg]
[   11.443290] cpufreq: CPU5: Fast frequency switching not enabled
[   11.443293] cpufreq: Registered transition notifiers:
[   11.443294] cpufreq: p_freq_transition_notifier+0x0/0x20 [p_lkrg]
[   11.687380] ccp 0000:01:00.2: enabling device (0000 -> 0002)
[   11.687719] ccp 0000:01:00.2: ccp: unable to access the device: you might be running a broken BIOS.
[   11.697890] ccp 0000:01:00.2: tee enabled
[   11.697897] ccp 0000:01:00.2: psp enabled
[   11.887142] input: GXT7863:00 27C6:01E0 Mouse as /devices/platform/AMDI0010:03/i2c-0/i2c-GXT7863:00/0018:27C6:01E0.0001/input/input4
[   11.887244] input: GXT7863:00 27C6:01E0 Touchpad as /devices/platform/AMDI0010:03/i2c-0/i2c-GXT7863:00/0018:27C6:01E0.0001/input/input5
[   11.887308] hid-generic 0018:27C6:01E0.0001: input,hidraw0: I2C HID v1.00 Mouse [GXT7863:00 27C6:01E0] on i2c-GXT7863:00
[   12.092943] piix4_smbus 0000:00:14.0: SMBus Host Controller at 0xb00, revision 0
[   12.092952] piix4_smbus 0000:00:14.0: Using register 0x02 for SMBus port selection
[   12.093096] piix4_smbus 0000:00:14.0: Auxiliary SMBus Host Controller at 0xb20
[   12.209540] random: crng init done
[   12.233491] sp5100_tco: SP5100/SB800 TCO WatchDog Timer Driver
[   12.233719] sp5100-tco sp5100-tco: Using 0xfeb00000 for watchdog MMIO address
[   12.234202] sp5100-tco sp5100-tco: initialized. heartbeat=60 sec (nowayout=0)
[   12.333714] snd_rn_pci_acp3x 0000:01:00.5: enabling device (0000 -> 0002)
[   12.391448] Adding 17309976k swap on /dev/sda3.  Priority:-2 extents:1 across:17309976k SSFS
[   12.603284] [drm] amdgpu kernel modesetting enabled.
[   12.622363] amdgpu: Virtual CRAT table created for CPU
[   12.622411] amdgpu: Topology: Add CPU node
[   12.622564] checking generic (fce0000000 7f0000) vs hw (fce0000000 10000000)
[   12.622567] checking generic (fce0000000 7f0000) vs hw (fce0000000 10000000)
[   12.622569] fb0: switching to amdgpu from EFI VGA
[   12.622810] Console: switching to colour dummy device 80x25
[   12.623296] amdgpu 0000:01:00.0: vgaarb: deactivate vga console
[   12.623458] amdgpu 0000:01:00.0: enabling device (0006 -> 0007)
[   12.623570] [drm] initializing kernel modesetting (RENOIR 0x1002:0x1636 0x1D72:0x1951 0xC3).
[   12.623575] amdgpu 0000:01:00.0: amdgpu: Trusted Memory Zone (TMZ) feature enabled
[   12.624092] [drm] register mmio base: 0xD0400000
[   12.624094] [drm] register mmio size: 524288
[   12.624101] [drm] virtual display string:NULL, 0000:01:00.0:virtual_display:0, num_crtc:0
[   12.625631] [drm] add ip block number 0 <soc15_common>
[   12.625633] [drm] add ip block number 1 <gmc_v9_0>
[   12.625635] [drm] add ip block number 2 <vega10_ih>
[   12.625636] [drm] add ip block number 3 <psp>
[   12.625638] [drm] add ip block number 4 <smu>
[   12.625639] [drm] add ip block number 5 <dm>
[   12.625640] [drm] add ip block number 6 <gfx_v9_0>
[   12.625642] [drm] add ip block number 7 <sdma_v4_0>
[   12.625643] [drm] add ip block number 8 <vcn_v2_0>
[   12.625645] [drm] add ip block number 9 <jpeg_v2_0>
[   12.625669] amdgpu 0000:01:00.0: amdgpu: Fetched VBIOS from VFCT
[   12.625674] amdgpu: ATOM BIOS: 113-RENOIR-026
[   12.633572] [drm] VCN decode is enabled in VM mode
[   12.633580] [drm] VCN encode is enabled in VM mode
[   12.633582] [drm] JPEG decode is enabled in VM mode
[   12.633591] amdgpu 0000:01:00.0: amdgpu: PCIE atomic ops is not supported
[   12.633709] [drm] vm size is 262144 GB, 4 levels, block size is 9-bit, fragment size is 9-bit
[   12.633724] amdgpu 0000:01:00.0: amdgpu: VRAM: 512M 0x000000F400000000 - 0x000000F41FFFFFFF (512M used)
[   12.633727] amdgpu 0000:01:00.0: amdgpu: GART: 1024M 0x0000000000000000 - 0x000000003FFFFFFF
[   12.633729] amdgpu 0000:01:00.0: amdgpu: AGP: 267419648M 0x000000F800000000 - 0x0000FFFFFFFFFFFF
[   12.633738] [drm] Detected VRAM RAM=512M, BAR=512M
[   12.633739] [drm] RAM width 128bits DDR4
[   12.633862] [drm] amdgpu: 512M of VRAM memory ready
[   12.633864] [drm] amdgpu: 3072M of GTT memory ready.
[   12.633884] [drm] GART: num cpu pages 262144, num gpu pages 262144
[   12.634057] [drm] PCIE GART of 1024M enabled.
[   12.634058] [drm] PTB located at 0x000000F400900000
[   12.655316] amdgpu 0000:01:00.0: amdgpu: PSP runtime database doesn't exist
[   12.672405] [drm] Loading DMUB firmware via PSP: version=0x0101001C
[   12.798623] [drm] Found VCN firmware Version ENC: 1.16 DEC: 5 VEP: 0 Revision: 3
[   12.798664] amdgpu 0000:01:00.0: amdgpu: Will use PSP to load VCN firmware
[   12.987704] snd_hda_intel 0000:01:00.1: enabling device (0000 -> 0002)
[   12.987915] snd_hda_intel 0000:01:00.1: Handle vga_switcheroo audio client
[   12.988711] snd_hda_intel 0000:01:00.6: enabling device (0000 -> 0002)
[   13.076518] input: HD-Audio Generic HDMI/DP,pcm=3 as /devices/pci0000:00/0000:00:08.1/0000:01:00.1/sound/card0/input7
[   13.076598] input: HD-Audio Generic HDMI/DP,pcm=7 as /devices/pci0000:00/0000:00:08.1/0000:01:00.1/sound/card0/input8
[   13.265226] snd_hda_codec_realtek hdaudioC1D0: autoconfig for ALC256: line_outs=1 (0x14/0x0/0x0/0x0/0x0) type:speaker
[   13.265232] snd_hda_codec_realtek hdaudioC1D0:    speaker_outs=0 (0x0/0x0/0x0/0x0/0x0)
[   13.265234] snd_hda_codec_realtek hdaudioC1D0:    hp_outs=1 (0x21/0x0/0x0/0x0/0x0)
[   13.265236] snd_hda_codec_realtek hdaudioC1D0:    mono: mono_out=0x0
[   13.265238] snd_hda_codec_realtek hdaudioC1D0:    inputs:
[   13.265239] snd_hda_codec_realtek hdaudioC1D0:      Mic=0x19
[   13.341761] input: HD-Audio Generic Mic as /devices/pci0000:00/0000:00:08.1/0000:01:00.6/sound/card1/input9
[   13.341851] input: HD-Audio Generic Headphone as /devices/pci0000:00/0000:00:08.1/0000:01:00.6/sound/card1/input10
[   13.356823] RAPL PMU: API unit is 2^-32 Joules, 1 fixed counters, 163840 ms ovfl timer
[   13.356830] RAPL PMU: hw unit of domain package 2^-16 Joules
[   13.357104] cfg80211: Loading compiled-in X.509 certificates for regulatory database
[   13.383942] cfg80211: Loaded X.509 cert 'sforshee: 00b28ddf47aef9cea7'
[   13.384031] platform regulatory.0: Direct firmware load for regulatory.db failed with error -2
[   13.384035] cfg80211: failed to load regulatory.db
[   13.470156] cryptd: max_cpu_qlen set to 1000
[   13.631865] [drm] reserve 0x400000 from 0xf41f800000 for PSP TMR
[   13.697556] AVX2 version of gcm_enc/dec engaged.
[   13.715437] AES CTR mode by8 optimization enabled
[   13.725436] amdgpu 0000:01:00.0: amdgpu: RAS: optional ras ta ucode is not available
[   13.735264] amdgpu 0000:01:00.0: amdgpu: RAP: optional rap ta ucode is not available
[   13.735270] amdgpu 0000:01:00.0: amdgpu: SECUREDISPLAY: securedisplay ta ucode is not available
[   13.735600] amdgpu 0000:01:00.0: amdgpu: SMU is initialized successfully!
[   13.736543] [drm] Display Core initialized with v3.2.160!
[   13.737191] [drm] DMUB hardware initialized: version=0x0101001C
[   13.759572] ucsi_acpi USBC000:00: PPM init failed (-110)
[   13.868567] [drm] kiq ring mec 2 pipe 1 q 0
[   13.871048] [drm] VCN decode and encode initialized successfully(under DPG Mode).
[   13.871072] [drm] JPEG decode initialized successfully.
[   13.876325] kfd kfd: amdgpu: Allocated 3969056 bytes on gart
[   13.968796] memmap_init_zone_device initialised 131072 pages in 0ms
[   13.968808] amdgpu: HMM registered 512MB device memory
[   13.968856] amdgpu: SRAT table not found
[   13.968857] amdgpu: Virtual CRAT table created for GPU
[   13.969008] amdgpu: Topology: Add dGPU node [0x1636:0x1002]
[   13.969012] kfd kfd: amdgpu: added device 1002:1636
[   13.969067] amdgpu 0000:01:00.0: amdgpu: SE 1, SH per SE 1, CU per SH 8, active_cu_number 6
[   13.976604] [drm] fb mappable at 0x410CD2000
[   13.976607] [drm] vram apper at 0x410000000
[   13.976608] [drm] size 8294400
[   13.976609] [drm] fb depth is 24
[   13.976610] [drm]    pitch is 7680
[   13.990256] fbcon: amdgpudrmfb (fb0) is primary device
[   14.044008] Console: switching to colour frame buffer device 240x67
[   14.064418] amdgpu 0000:01:00.0: [drm] fb0: amdgpudrmfb frame buffer device
[   14.116539] amdgpu 0000:01:00.0: amdgpu: ring gfx uses VM inv eng 0 on hub 0
[   14.116544] amdgpu 0000:01:00.0: amdgpu: ring comp_1.0.0 uses VM inv eng 1 on hub 0
[   14.116547] amdgpu 0000:01:00.0: amdgpu: ring comp_1.1.0 uses VM inv eng 4 on hub 0
[   14.116548] amdgpu 0000:01:00.0: amdgpu: ring comp_1.2.0 uses VM inv eng 5 on hub 0
[   14.116549] amdgpu 0000:01:00.0: amdgpu: ring comp_1.3.0 uses VM inv eng 6 on hub 0
[   14.116551] amdgpu 0000:01:00.0: amdgpu: ring comp_1.0.1 uses VM inv eng 7 on hub 0
[   14.116552] amdgpu 0000:01:00.0: amdgpu: ring comp_1.1.1 uses VM inv eng 8 on hub 0
[   14.116553] amdgpu 0000:01:00.0: amdgpu: ring comp_1.2.1 uses VM inv eng 9 on hub 0
[   14.116555] amdgpu 0000:01:00.0: amdgpu: ring comp_1.3.1 uses VM inv eng 10 on hub 0
[   14.116556] amdgpu 0000:01:00.0: amdgpu: ring kiq_2.1.0 uses VM inv eng 11 on hub 0
[   14.116558] amdgpu 0000:01:00.0: amdgpu: ring sdma0 uses VM inv eng 0 on hub 1
[   14.116560] amdgpu 0000:01:00.0: amdgpu: ring vcn_dec uses VM inv eng 1 on hub 1
[   14.116561] amdgpu 0000:01:00.0: amdgpu: ring vcn_enc0 uses VM inv eng 4 on hub 1
[   14.116563] amdgpu 0000:01:00.0: amdgpu: ring vcn_enc1 uses VM inv eng 5 on hub 1
[   14.116564] amdgpu 0000:01:00.0: amdgpu: ring jpeg_dec uses VM inv eng 6 on hub 1
[   14.119366] [drm] Initialized amdgpu 3.44.0 20150101 for 0000:01:00.0 on minor 0
[   14.128402] input: GXT7863:00 27C6:01E0 Mouse as /devices/platform/AMDI0010:03/i2c-0/i2c-GXT7863:00/0018:27C6:01E0.0001/input/input11
[   14.128689] input: GXT7863:00 27C6:01E0 Touchpad as /devices/platform/AMDI0010:03/i2c-0/i2c-GXT7863:00/0018:27C6:01E0.0001/input/input12
[   14.129059] hid-multitouch 0018:27C6:01E0.0001: input,hidraw0: I2C HID v1.00 Mouse [GXT7863:00 27C6:01E0] on i2c-GXT7863:00
[   14.251824] MCE: In-kernel MCE decoding enabled.
[   14.436325] mousedev: PS/2 mouse device common for all mice
[   14.638622] intel_rapl_common: Found RAPL domain package
[   14.638626] intel_rapl_common: Found RAPL domain core
[   33.516514] usb 3-2: new high-speed USB device number 2 using xhci_hcd
[   33.661187] usb 3-2: New USB device found, idVendor=2357, idProduct=011e, bcdDevice= 2.00
[   33.661200] usb 3-2: New USB device strings: Mfr=1, Product=2, SerialNumber=3
[   33.661204] usb 3-2: Product: 802.11ac WLAN Adapter 
[   33.661207] usb 3-2: Manufacturer: Realtek 
[   33.661209] usb 3-2: SerialNumber: 00e04c000001
[   34.881457] usbcore: registered new interface driver rtl8821au
[   35.632874] rtl8821au 3-2:1.0 wlp1s0f4u2: renamed from wlan0
[   42.777837] IPv6: ADDRCONF(NETDEV_CHANGE): wlp1s0f4u2: link becomes ready
[   42.796422] ip6tables deny: IN= OUT=wlp1s0f4u2 SRC=0000:0000:0000:0000:0000:0000:0000:0000 DST=ff02:0000:0000:0000:0000:0000:0000:0016 LEN=76 TC=0 HOPLIMIT=1 FLOWLBL=0 PROTO=ICMPv6 TYPE=143 CODE=0 MARK=0xd4 
[   43.083431] ip6tables deny: IN= OUT=wlp1s0f4u2 SRC=0000:0000:0000:0000:0000:0000:0000:0000 DST=ff02:0000:0000:0000:0000:0000:0000:0016 LEN=76 TC=0 HOPLIMIT=1 FLOWLBL=0 PROTO=ICMPv6 TYPE=143 CODE=0 MARK=0xd4 
[   43.749646] ip6tables deny: IN= OUT=wlp1s0f4u2 SRC=0000:0000:0000:0000:0000:0000:0000:0000 DST=ff02:0000:0000:0000:0000:0001:ff26:2bf7 LEN=72 TC=0 HOPLIMIT=255 FLOWLBL=0 PROTO=ICMPv6 TYPE=135 CODE=0 
[   44.763066] ip6tables deny: IN= OUT=wlp1s0f4u2 SRC=fe80:0000:0000:0000:6700:cfd7:8c26:2bf7 DST=ff02:0000:0000:0000:0000:0000:0000:0016 LEN=76 TC=0 HOPLIMIT=1 FLOWLBL=0 PROTO=ICMPv6 TYPE=143 CODE=0 MARK=0xd4 
[   44.772969] ip6tables deny: IN= OUT=wlp1s0f4u2 SRC=fe80:0000:0000:0000:6700:cfd7:8c26:2bf7 DST=ff02:0000:0000:0000:0000:0000:0000:0016 LEN=76 TC=0 HOPLIMIT=1 FLOWLBL=0 PROTO=ICMPv6 TYPE=143 CODE=0 MARK=0xd4 
[   44.819893] ip6tables deny: IN= OUT=wlp1s0f4u2 SRC=fe80:0000:0000:0000:6700:cfd7:8c26:2bf7 DST=ff02:0000:0000:0000:0000:0000:0000:0002 LEN=48 TC=0 HOPLIMIT=255 FLOWLBL=832884 PROTO=ICMPv6 TYPE=133 CODE=0 
[   45.083232] ip6tables deny: IN= OUT=wlp1s0f4u2 SRC=fe80:0000:0000:0000:6700:cfd7:8c26:2bf7 DST=ff02:0000:0000:0000:0000:0000:0000:0016 LEN=76 TC=0 HOPLIMIT=1 FLOWLBL=0 PROTO=ICMPv6 TYPE=143 CODE=0 MARK=0xd4 
[   45.243097] ip6tables deny: IN= OUT=wlp1s0f4u2 SRC=fe80:0000:0000:0000:6700:cfd7:8c26:2bf7 DST=ff02:0000:0000:0000:0000:0000:0000:0016 LEN=76 TC=0 HOPLIMIT=1 FLOWLBL=0 PROTO=ICMPv6 TYPE=143 CODE=0 MARK=0xd4 
[   49.143265] ip6tables deny: IN= OUT=wlp1s0f4u2 SRC=fe80:0000:0000:0000:6700:cfd7:8c26:2bf7 DST=ff02:0000:0000:0000:0000:0000:0000:0002 LEN=48 TC=0 HOPLIMIT=255 FLOWLBL=832884 PROTO=ICMPv6 TYPE=133 CODE=0 
[   58.121383] ip6tables deny: IN= OUT=wlp1s0f4u2 SRC=fe80:0000:0000:0000:6700:cfd7:8c26:2bf7 DST=ff02:0000:0000:0000:0000:0000:0000:0002 LEN=48 TC=0 HOPLIMIT=255 FLOWLBL=832884 PROTO=ICMPv6 TYPE=133 CODE=0 
[   75.786428] ip6tables deny: IN= OUT=wlp1s0f4u2 SRC=fe80:0000:0000:0000:6700:cfd7:8c26:2bf7 DST=ff02:0000:0000:0000:0000:0000:0000:0002 LEN=48 TC=0 HOPLIMIT=255 FLOWLBL=832884 PROTO=ICMPv6 TYPE=133 CODE=0 
[  109.433425] ip6tables deny: IN= OUT=wlp1s0f4u2 SRC=fe80:0000:0000:0000:6700:cfd7:8c26:2bf7 DST=ff02:0000:0000:0000:0000:0000:0000:0002 LEN=48 TC=0 HOPLIMIT=255 FLOWLBL=832884 PROTO=ICMPv6 TYPE=133 CODE=0 
[  131.144351] atkbd serio0: Unknown key pressed (translated set 2, code 0xf6 on isa0060/serio0).
[  131.144366] atkbd serio0: Use 'setkeycodes e076 <keycode>' to make it known.
[  131.584155] atkbd serio0: Unknown key released (translated set 2, code 0xf6 on isa0060/serio0).
[  131.584169] atkbd serio0: Use 'setkeycodes e076 <keycode>' to make it known.
[  134.035805] New not syn: IN= OUT=wlp1s0f4u2 SRC=192.168.2.235 DST=149.154.167.50 LEN=301 TOS=0x00 PREC=0x00 TTL=64 ID=24566 DF PROTO=TCP SPT=49420 DPT=443 WINDOW=2361 RES=0x00 ACK PSH URGP=0 
[  134.447103] New not syn: IN= OUT=wlp1s0f4u2 SRC=192.168.2.235 DST=149.154.167.50 LEN=301 TOS=0x00 PREC=0x00 TTL=64 ID=24567 DF PROTO=TCP SPT=49420 DPT=443 WINDOW=2361 RES=0x00 ACK PSH URGP=0 
[  134.871395] New not syn: IN= OUT=wlp1s0f4u2 SRC=192.168.2.235 DST=149.154.167.50 LEN=301 TOS=0x00 PREC=0x00 TTL=64 ID=24568 DF PROTO=TCP SPT=49420 DPT=443 WINDOW=2361 RES=0x00 ACK PSH URGP=0 
[  135.724802] New not syn: IN= OUT=wlp1s0f4u2 SRC=192.168.2.235 DST=149.154.167.50 LEN=301 TOS=0x00 PREC=0x00 TTL=64 ID=24569 DF PROTO=TCP SPT=49420 DPT=443 WINDOW=2361 RES=0x00 ACK PSH URGP=0 
[  137.404523] New not syn: IN= OUT=wlp1s0f4u2 SRC=192.168.2.235 DST=149.154.167.50 LEN=301 TOS=0x00 PREC=0x00 TTL=64 ID=24570 DF PROTO=TCP SPT=49420 DPT=443 WINDOW=2361 RES=0x00 ACK PSH URGP=0 
[  138.167684] New not syn: IN=wlp1s0f4u2 OUT= MAC=d0:37:45:ad:03:76:98:da:c4:bf:99:a5:08:00 SRC=149.154.167.50 DST=192.168.2.235 LEN=64 TOS=0x00 PREC=0x00 TTL=51 ID=33309 DF PROTO=TCP SPT=443 DPT=49420 WINDOW=2673 RES=0x00 ACK URGP=0 
[  146.187071] New not syn: IN=wlp1s0f4u2 OUT= MAC=d0:37:45:ad:03:76:98:da:c4:bf:99:a5:08:00 SRC=149.154.167.51 DST=192.168.2.235 LEN=157 TOS=0x00 PREC=0x00 TTL=51 ID=61188 DF PROTO=TCP SPT=443 DPT=55564 WINDOW=1485 RES=0x00 ACK PSH URGP=0 
[  146.479963] New not syn: IN=wlp1s0f4u2 OUT= MAC=d0:37:45:ad:03:76:98:da:c4:bf:99:a5:08:00 SRC=149.154.167.51 DST=192.168.2.235 LEN=157 TOS=0x00 PREC=0x00 TTL=51 ID=61189 DF PROTO=TCP SPT=443 DPT=55564 WINDOW=1485 RES=0x00 ACK PSH URGP=0 
[  147.210906] New not syn: IN=wlp1s0f4u2 OUT= MAC=d0:37:45:ad:03:76:98:da:c4:bf:99:a5:08:00 SRC=149.154.167.51 DST=192.168.2.235 LEN=157 TOS=0x00 PREC=0x00 TTL=51 ID=61190 DF PROTO=TCP SPT=443 DPT=55564 WINDOW=1485 RES=0x00 ACK PSH URGP=0 
[  148.208682] New not syn: IN=wlp1s0f4u2 OUT= MAC=d0:37:45:ad:03:76:98:da:c4:bf:99:a5:08:00 SRC=149.154.167.51 DST=192.168.2.235 LEN=157 TOS=0x00 PREC=0x00 TTL=51 ID=61191 DF PROTO=TCP SPT=443 DPT=55564 WINDOW=1485 RES=0x00 ACK PSH URGP=0 
[  149.048299] New not syn: IN= OUT=wlp1s0f4u2 SRC=192.168.2.235 DST=149.154.167.51 LEN=141 TOS=0x00 PREC=0x00 TTL=64 ID=38683 DF PROTO=TCP SPT=55564 DPT=443 WINDOW=1465 RES=0x00 ACK PSH URGP=0 
[  149.377799] New not syn: IN= OUT=wlp1s0f4u2 SRC=192.168.2.235 DST=149.154.167.51 LEN=141 TOS=0x00 PREC=0x00 TTL=64 ID=38684 DF PROTO=TCP SPT=55564 DPT=443 WINDOW=1465 RES=0x00 ACK PSH URGP=0 
[  149.698000] New not syn: IN= OUT=wlp1s0f4u2 SRC=192.168.2.235 DST=149.154.167.51 LEN=141 TOS=0x00 PREC=0x00 TTL=64 ID=38685 DF PROTO=TCP SPT=55564 DPT=443 WINDOW=1465 RES=0x00 ACK PSH URGP=0 
[  150.337766] New not syn: IN= OUT=wlp1s0f4u2 SRC=192.168.2.235 DST=149.154.167.51 LEN=141 TOS=0x00 PREC=0x00 TTL=64 ID=38686 DF PROTO=TCP SPT=55564 DPT=443 WINDOW=1465 RES=0x00 ACK PSH URGP=0 
[  150.540714] New not syn: IN=wlp1s0f4u2 OUT= MAC=d0:37:45:ad:03:76:98:da:c4:bf:99:a5:08:00 SRC=149.154.167.51 DST=192.168.2.235 LEN=157 TOS=0x00 PREC=0x00 TTL=51 ID=61192 DF PROTO=TCP SPT=443 DPT=55564 WINDOW=1485 RES=0x00 ACK PSH URGP=0 
[  151.617853] New not syn: IN= OUT=wlp1s0f4u2 SRC=192.168.2.235 DST=149.154.167.51 LEN=141 TOS=0x00 PREC=0x00 TTL=64 ID=38687 DF PROTO=TCP SPT=55564 DPT=443 WINDOW=1465 RES=0x00 ACK PSH URGP=0 
[  153.039918] New not syn: IN=wlp1s0f4u2 OUT= MAC=d0:37:45:ad:03:76:98:da:c4:bf:99:a5:08:00 SRC=149.154.167.51 DST=192.168.2.235 LEN=64 TOS=0x00 PREC=0x00 TTL=51 ID=61193 DF PROTO=TCP SPT=443 DPT=55564 WINDOW=1485 RES=0x00 ACK URGP=0 
[  174.023734] ip6tables deny: IN= OUT=wlp1s0f4u2 SRC=fe80:0000:0000:0000:6700:cfd7:8c26:2bf7 DST=ff02:0000:0000:0000:0000:0000:0000:0002 LEN=48 TC=0 HOPLIMIT=255 FLOWLBL=832884 PROTO=ICMPv6 TYPE=133 CODE=0 
[  203.485732] ip6tables reject: IN=wlp1s0f4u2 OUT= MAC=33:33:00:00:00:01:98:da:c4:bf:99:a5:86:dd SRC=fe80:0000:0000:0000:9ada:c4ff:febf:99a5 DST=ff02:0000:0000:0000:0000:0000:0000:0001 LEN=104 TC=0 HOPLIMIT=255 FLOWLBL=312001 PROTO=ICMPv6 TYPE=134 CODE=0 
[  289.264787] iptables reject: IN=wlp1s0f4u2 OUT= MAC=d0:37:45:ad:03:76:98:da:c4:bf:99:a5:08:00 SRC=172.217.20.13 DST=192.168.2.235 LEN=52 TOS=0x00 PREC=0x00 TTL=120 ID=17387 PROTO=TCP SPT=443 DPT=32964 WINDOW=269 RES=0x00 ACK FIN URGP=0 
[  289.491085] iptables reject: IN=wlp1s0f4u2 OUT= MAC=d0:37:45:ad:03:76:98:da:c4:bf:99:a5:08:00 SRC=172.217.20.13 DST=192.168.2.235 LEN=52 TOS=0x00 PREC=0x00 TTL=120 ID=17589 PROTO=TCP SPT=443 DPT=32964 WINDOW=269 RES=0x00 ACK FIN URGP=0 
[  289.714948] iptables reject: IN=wlp1s0f4u2 OUT= MAC=d0:37:45:ad:03:76:98:da:c4:bf:99:a5:08:00 SRC=172.217.20.13 DST=192.168.2.235 LEN=52 TOS=0x00 PREC=0x00 TTL=120 ID=17608 PROTO=TCP SPT=443 DPT=32964 WINDOW=269 RES=0x00 ACK FIN URGP=0 
[  290.144259] iptables reject: IN=wlp1s0f4u2 OUT= MAC=d0:37:45:ad:03:76:98:da:c4:bf:99:a5:08:00 SRC=172.217.20.13 DST=192.168.2.235 LEN=52 TOS=0x00 PREC=0x00 TTL=120 ID=17994 PROTO=TCP SPT=443 DPT=32964 WINDOW=269 RES=0x00 ACK FIN URGP=0 
[  290.831939] iptables reject: IN=wlp1s0f4u2 OUT= MAC=d0:37:45:ad:03:76:98:da:c4:bf:99:a5:08:00 SRC=142.250.180.202 DST=192.168.2.235 LEN=52 TOS=0x00 PREC=0x00 TTL=120 ID=22656 PROTO=TCP SPT=443 DPT=36768 WINDOW=265 RES=0x00 ACK FIN URGP=0 
[  291.046651] iptables reject: IN=wlp1s0f4u2 OUT= MAC=d0:37:45:ad:03:76:98:da:c4:bf:99:a5:08:00 SRC=142.250.180.202 DST=192.168.2.235 LEN=52 TOS=0x00 PREC=0x00 TTL=120 ID=22728 PROTO=TCP SPT=443 DPT=36768 WINDOW=265 RES=0x00 ACK FIN URGP=0 
[  291.087402] iptables reject: IN=wlp1s0f4u2 OUT= MAC=d0:37:45:ad:03:76:98:da:c4:bf:99:a5:08:00 SRC=172.217.20.13 DST=192.168.2.235 LEN=52 TOS=0x00 PREC=0x00 TTL=120 ID=18487 PROTO=TCP SPT=443 DPT=32964 WINDOW=269 RES=0x00 ACK FIN URGP=0 
[  291.271451] iptables reject: IN=wlp1s0f4u2 OUT= MAC=d0:37:45:ad:03:76:98:da:c4:bf:99:a5:08:00 SRC=142.250.180.202 DST=192.168.2.235 LEN=52 TOS=0x00 PREC=0x00 TTL=120 ID=22864 PROTO=TCP SPT=443 DPT=36768 WINDOW=265 RES=0x00 ACK FIN URGP=0 
[  291.719282] iptables reject: IN=wlp1s0f4u2 OUT= MAC=d0:37:45:ad:03:76:98:da:c4:bf:99:a5:08:00 SRC=142.250.180.202 DST=192.168.2.235 LEN=52 TOS=0x00 PREC=0x00 TTL=120 ID=23238 PROTO=TCP SPT=443 DPT=36768 WINDOW=265 RES=0x00 ACK FIN URGP=0 
[  292.648100] iptables reject: IN=wlp1s0f4u2 OUT= MAC=d0:37:45:ad:03:76:98:da:c4:bf:99:a5:08:00 SRC=142.250.180.202 DST=192.168.2.235 LEN=52 TOS=0x00 PREC=0x00 TTL=120 ID=23914 PROTO=TCP SPT=443 DPT=36768 WINDOW=265 RES=0x00 ACK FIN URGP=0 
[  292.882330] iptables reject: IN=wlp1s0f4u2 OUT= MAC=d0:37:45:ad:03:76:98:da:c4:bf:99:a5:08:00 SRC=172.217.20.13 DST=192.168.2.235 LEN=52 TOS=0x00 PREC=0x00 TTL=120 ID=18549 PROTO=TCP SPT=443 DPT=32964 WINDOW=269 RES=0x00 ACK FIN URGP=0 
[  294.441569] iptables reject: IN=wlp1s0f4u2 OUT= MAC=d0:37:45:ad:03:76:98:da:c4:bf:99:a5:08:00 SRC=142.250.180.202 DST=192.168.2.235 LEN=52 TOS=0x00 PREC=0x00 TTL=120 ID=24988 PROTO=TCP SPT=443 DPT=36768 WINDOW=265 RES=0x00 ACK FIN URGP=0 
[  296.473286] iptables reject: IN=wlp1s0f4u2 OUT= MAC=d0:37:45:ad:03:76:98:da:c4:bf:99:a5:08:00 SRC=172.217.20.13 DST=192.168.2.235 LEN=52 TOS=0x00 PREC=0x00 TTL=120 ID=21750 PROTO=TCP SPT=443 DPT=32964 WINDOW=269 RES=0x00 ACK FIN URGP=0 
[  298.028343] iptables reject: IN=wlp1s0f4u2 OUT= MAC=d0:37:45:ad:03:76:98:da:c4:bf:99:a5:08:00 SRC=142.250.180.202 DST=192.168.2.235 LEN=52 TOS=0x00 PREC=0x00 TTL=120 ID=26574 PROTO=TCP SPT=443 DPT=36768 WINDOW=265 RES=0x00 ACK FIN URGP=0 
[  298.325166] ip6tables deny: IN= OUT=wlp1s0f4u2 SRC=fe80:0000:0000:0000:6700:cfd7:8c26:2bf7 DST=ff02:0000:0000:0000:0000:0000:0000:0002 LEN=48 TC=0 HOPLIMIT=255 FLOWLBL=832884 PROTO=ICMPv6 TYPE=133 CODE=0 
[  300.995822] iptables reject: IN=wlp1s0f4u2 OUT= MAC=d0:37:45:ad:03:76:98:da:c4:bf:99:a5:08:00 SRC=142.251.39.74 DST=192.168.2.235 LEN=52 TOS=0x00 PREC=0x00 TTL=120 ID=31397 PROTO=TCP SPT=443 DPT=35926 WINDOW=286 RES=0x00 ACK FIN URGP=0 
[  301.222065] iptables reject: IN=wlp1s0f4u2 OUT= MAC=d0:37:45:ad:03:76:98:da:c4:bf:99:a5:08:00 SRC=142.251.39.74 DST=192.168.2.235 LEN=52 TOS=0x00 PREC=0x00 TTL=120 ID=31424 PROTO=TCP SPT=443 DPT=35926 WINDOW=286 RES=0x00 ACK FIN URGP=0 
[  301.470769] iptables reject: IN=wlp1s0f4u2 OUT= MAC=d0:37:45:ad:03:76:98:da:c4:bf:99:a5:08:00 SRC=142.251.39.74 DST=192.168.2.235 LEN=52 TOS=0x00 PREC=0x00 TTL=120 ID=31623 PROTO=TCP SPT=443 DPT=35926 WINDOW=286 RES=0x00 ACK FIN URGP=0 
[  301.916740] iptables reject: IN=wlp1s0f4u2 OUT= MAC=d0:37:45:ad:03:76:98:da:c4:bf:99:a5:08:00 SRC=142.251.39.74 DST=192.168.2.235 LEN=52 TOS=0x00 PREC=0x00 TTL=120 ID=31827 PROTO=TCP SPT=443 DPT=35926 WINDOW=286 RES=0x00 ACK FIN URGP=0 
[  302.843330] iptables reject: IN=wlp1s0f4u2 OUT= MAC=d0:37:45:ad:03:76:98:da:c4:bf:99:a5:08:00 SRC=142.251.39.74 DST=192.168.2.235 LEN=52 TOS=0x00 PREC=0x00 TTL=120 ID=32509 PROTO=TCP SPT=443 DPT=35926 WINDOW=286 RES=0x00 ACK FIN URGP=0 
[  303.913685] iptables reject: IN=wlp1s0f4u2 OUT= MAC=d0:37:45:ad:03:76:98:da:c4:bf:99:a5:08:00 SRC=172.217.20.13 DST=192.168.2.235 LEN=52 TOS=0x00 PREC=0x00 TTL=120 ID=24800 PROTO=TCP SPT=443 DPT=32964 WINDOW=269 RES=0x00 ACK FIN URGP=0 
[  304.624568] iptables reject: IN=wlp1s0f4u2 OUT= MAC=d0:37:45:ad:03:76:98:da:c4:bf:99:a5:08:00 SRC=142.251.39.74 DST=192.168.2.235 LEN=52 TOS=0x00 PREC=0x00 TTL=120 ID=33717 PROTO=TCP SPT=443 DPT=35926 WINDOW=286 RES=0x00 ACK FIN URGP=0 
[  305.201197] iptables reject: IN=wlp1s0f4u2 OUT= MAC=d0:37:45:ad:03:76:98:da:c4:bf:99:a5:08:00 SRC=142.250.180.202 DST=192.168.2.235 LEN=52 TOS=0x00 PREC=0x00 TTL=120 ID=32301 PROTO=TCP SPT=443 DPT=36768 WINDOW=265 RES=0x00 ACK FIN URGP=0 
[  308.211092] iptables reject: IN=wlp1s0f4u2 OUT= MAC=d0:37:45:ad:03:76:98:da:c4:bf:99:a5:08:00 SRC=142.251.39.74 DST=192.168.2.235 LEN=52 TOS=0x00 PREC=0x00 TTL=120 ID=35843 PROTO=TCP SPT=443 DPT=35926 WINDOW=286 RES=0x00 ACK FIN URGP=0 
[  315.441584] iptables reject: IN=wlp1s0f4u2 OUT= MAC=d0:37:45:ad:03:76:98:da:c4:bf:99:a5:08:00 SRC=142.251.39.74 DST=192.168.2.235 LEN=52 TOS=0x00 PREC=0x00 TTL=120 ID=42079 PROTO=TCP SPT=443 DPT=35926 WINDOW=286 RES=0x00 ACK FIN URGP=0 
[  318.232834] iptables reject: IN=wlp1s0f4u2 OUT= MAC=d0:37:45:ad:03:76:98:da:c4:bf:99:a5:08:00 SRC=172.217.20.13 DST=192.168.2.235 LEN=52 TOS=0x00 PREC=0x00 TTL=120 ID=38499 PROTO=TCP SPT=443 DPT=32964 WINDOW=269 RES=0x00 ACK FIN URGP=0 
[  319.535491] iptables reject: IN=wlp1s0f4u2 OUT= MAC=d0:37:45:ad:03:76:98:da:c4:bf:99:a5:08:00 SRC=142.250.180.202 DST=192.168.2.235 LEN=52 TOS=0x00 PREC=0x00 TTL=120 ID=40899 PROTO=TCP SPT=443 DPT=36768 WINDOW=265 RES=0x00 ACK FIN URGP=0 
[  329.771753] iptables reject: IN=wlp1s0f4u2 OUT= MAC=d0:37:45:ad:03:76:98:da:c4:bf:99:a5:08:00 SRC=142.251.39.74 DST=192.168.2.235 LEN=52 TOS=0x00 PREC=0x00 TTL=120 ID=50748 PROTO=TCP SPT=443 DPT=35926 WINDOW=286 RES=0x00 ACK FIN URGP=0 
[  346.898880] iptables reject: IN=wlp1s0f4u2 OUT= MAC=d0:37:45:ad:03:76:98:da:c4:bf:99:a5:08:00 SRC=172.217.20.13 DST=192.168.2.235 LEN=52 TOS=0x00 PREC=0x00 TTL=120 ID=50477 PROTO=TCP SPT=443 DPT=32964 WINDOW=269 RES=0x00 ACK FIN URGP=0 
[  348.202276] iptables reject: IN=wlp1s0f4u2 OUT= MAC=d0:37:45:ad:03:76:98:da:c4:bf:99:a5:08:00 SRC=142.250.180.202 DST=192.168.2.235 LEN=52 TOS=0x00 PREC=0x00 TTL=120 ID=52398 PROTO=TCP SPT=443 DPT=36768 WINDOW=265 RES=0x00 ACK FIN URGP=0 
[  358.461849] iptables reject: IN=wlp1s0f4u2 OUT= MAC=d0:37:45:ad:03:76:98:da:c4:bf:99:a5:08:00 SRC=142.251.39.74 DST=192.168.2.235 LEN=52 TOS=0x00 PREC=0x00 TTL=120 ID=61319 PROTO=TCP SPT=443 DPT=35926 WINDOW=286 RES=0x00 ACK FIN URGP=0 
[  497.569647] ip6tables reject: IN=wlp1s0f4u2 OUT= MAC=33:33:00:00:00:01:98:da:c4:bf:99:a5:86:dd SRC=fe80:0000:0000:0000:9ada:c4ff:febf:99a5 DST=ff02:0000:0000:0000:0000:0000:0000:0001 LEN=104 TC=0 HOPLIMIT=255 FLOWLBL=312001 PROTO=ICMPv6 TYPE=134 CODE=0 
[  552.545870] ip6tables deny: IN= OUT=wlp1s0f4u2 SRC=fe80:0000:0000:0000:6700:cfd7:8c26:2bf7 DST=ff02:0000:0000:0000:0000:0000:0000:0002 LEN=48 TC=0 HOPLIMIT=255 FLOWLBL=832884 PROTO=ICMPv6 TYPE=133 CODE=0 
[  719.636454] atkbd serio0: Unknown key pressed (translated set 2, code 0xf6 on isa0060/serio0).
[  719.636470] atkbd serio0: Use 'setkeycodes e076 <keycode>' to make it known.
[  720.348517] atkbd serio0: Unknown key released (translated set 2, code 0xf6 on isa0060/serio0).
[  720.348528] atkbd serio0: Use 'setkeycodes e076 <keycode>' to make it known.
[  742.360126] New not syn: IN= OUT=wlp1s0f4u2 SRC=192.168.2.235 DST=142.251.39.74 LEN=571 TOS=0x00 PREC=0x00 TTL=64 ID=64424 DF PROTO=TCP SPT=35926 DPT=443 WINDOW=501 RES=0x00 ACK PSH URGP=0 
[  742.604536] New not syn: IN= OUT=wlp1s0f4u2 SRC=192.168.2.235 DST=142.251.39.74 LEN=571 TOS=0x00 PREC=0x00 TTL=64 ID=64425 DF PROTO=TCP SPT=35926 DPT=443 WINDOW=501 RES=0x00 ACK PSH URGP=0 
[  742.847702] New not syn: IN= OUT=wlp1s0f4u2 SRC=192.168.2.235 DST=142.251.39.74 LEN=571 TOS=0x00 PREC=0x00 TTL=64 ID=64426 DF PROTO=TCP SPT=35926 DPT=443 WINDOW=501 RES=0x00 ACK PSH URGP=0 
[  743.297921] New not syn: IN= OUT=wlp1s0f4u2 SRC=192.168.2.235 DST=142.251.39.74 LEN=571 TOS=0x00 PREC=0x00 TTL=64 ID=64427 DF PROTO=TCP SPT=35926 DPT=443 WINDOW=501 RES=0x00 ACK PSH URGP=0 
[  744.207932] New not syn: IN= OUT=wlp1s0f4u2 SRC=192.168.2.235 DST=142.251.39.74 LEN=571 TOS=0x00 PREC=0x00 TTL=64 ID=64428 DF PROTO=TCP SPT=35926 DPT=443 WINDOW=501 RES=0x00 ACK PSH URGP=0 
[  746.044791] New not syn: IN= OUT=wlp1s0f4u2 SRC=192.168.2.235 DST=142.251.39.74 LEN=571 TOS=0x00 PREC=0x00 TTL=64 ID=64429 DF PROTO=TCP SPT=35926 DPT=443 WINDOW=501 RES=0x00 ACK PSH URGP=0 
[  749.671174] New not syn: IN= OUT=wlp1s0f4u2 SRC=192.168.2.235 DST=142.251.39.74 LEN=571 TOS=0x00 PREC=0x00 TTL=64 ID=64430 DF PROTO=TCP SPT=35926 DPT=443 WINDOW=501 RES=0x00 ACK PSH URGP=0 
[  756.924816] New not syn: IN= OUT=wlp1s0f4u2 SRC=192.168.2.235 DST=142.251.39.74 LEN=571 TOS=0x00 PREC=0x00 TTL=64 ID=64431 DF PROTO=TCP SPT=35926 DPT=443 WINDOW=501 RES=0x00 ACK PSH URGP=0 
[  772.711077] New not syn: IN= OUT=wlp1s0f4u2 SRC=192.168.2.235 DST=142.251.39.74 LEN=571 TOS=0x00 PREC=0x00 TTL=64 ID=64432 DF PROTO=TCP SPT=35926 DPT=443 WINDOW=501 RES=0x00 ACK PSH URGP=0 
[  801.724301] New not syn: IN= OUT=wlp1s0f4u2 SRC=192.168.2.235 DST=142.251.39.74 LEN=571 TOS=0x00 PREC=0x00 TTL=64 ID=64433 DF PROTO=TCP SPT=35926 DPT=443 WINDOW=501 RES=0x00 ACK PSH URGP=0 
[  871.634571] ip6tables reject: IN=wlp1s0f4u2 OUT= MAC=33:33:00:00:00:01:98:da:c4:bf:99:a5:86:dd SRC=fe80:0000:0000:0000:9ada:c4ff:febf:99a5 DST=ff02:0000:0000:0000:0000:0000:0000:0001 LEN=104 TC=0 HOPLIMIT=255 FLOWLBL=312001 PROTO=ICMPv6 TYPE=134 CODE=0 
[ 1060.493286] ip6tables deny: IN= OUT=wlp1s0f4u2 SRC=fe80:0000:0000:0000:6700:cfd7:8c26:2bf7 DST=ff02:0000:0000:0000:0000:0000:0000:0002 LEN=48 TC=0 HOPLIMIT=255 FLOWLBL=832884 PROTO=ICMPv6 TYPE=133 CODE=0 
[ 1164.248485] ip6tables reject: IN=wlp1s0f4u2 OUT= MAC=33:33:00:00:00:01:98:da:c4:bf:99:a5:86:dd SRC=fe80:0000:0000:0000:9ada:c4ff:febf:99a5 DST=ff02:0000:0000:0000:0000:0000:0000:0001 LEN=104 TC=0 HOPLIMIT=255 FLOWLBL=312001 PROTO=ICMPv6 TYPE=134 CODE=0 
[ 1429.012364] ip6tables reject: IN=wlp1s0f4u2 OUT= MAC=33:33:00:00:00:01:98:da:c4:bf:99:a5:86:dd SRC=fe80:0000:0000:0000:9ada:c4ff:febf:99a5 DST=ff02:0000:0000:0000:0000:0000:0000:0001 LEN=104 TC=0 HOPLIMIT=255 FLOWLBL=312001 PROTO=ICMPv6 TYPE=134 CODE=0 
