[    0.000000] Linux version 5.17.1-arch1-1 (linux@archlinux) (gcc (GCC) 11.2.0, GNU ld (GNU Binutils) 2.38) #1 SMP PREEMPT Mon, 28 Mar 2022 20:55:33 +0000
[    0.000000] Command line: BOOT_IMAGE=/boot/vmlinuz-linux root=UUID=86d11402-ffc7-4a95-a499-34a078ef1758 rw resume=UUID=f632905f-a4c6-4207-b787-badfa387bbf1 loglevel=3 audit=1 lsm=landlock,lockdown,yama,apparmor,bpf l1tf=full,force mds=full,nosmt mitigations=auto,nosmt nosmt=force pcie_aspm=force init_on_alloc=1 init_on_free=1 randomize_kstack_offset=on slab_nomerge pti=on slub_debug=ZF slub_debug=P page_poison=1 mem_encrypt=on vsyscall=none amd_iommu=force_isolation amdgpu.gpu_recovery=0 amdgpu.virtual_display=NULL amdgpu.audio=0 fsck.mode=force fsck.repair=yes efi=disable_early_pci_dma trace_clock=local tsc=unstable ahci sd=ahci acpi=on "acpi_osi=Windows 2019" acpi_sci=hight libata.ignore_hpa=1 lapic pnpbios=off libata.dma=0 "acpi_os_name=Klimenko Maxim Sergievich, GNU/Linux, all others fuck off" spectre_v2_user=seccomp,ibpb efi=old_map,nochunk,noruntime i8042.nopnp pci=assign-busses pci.nobios=1
[    0.000000] x86/fpu: Supporting XSAVE feature 0x001: 'x87 floating point registers'
[    0.000000] x86/fpu: Supporting XSAVE feature 0x002: 'SSE registers'
[    0.000000] x86/fpu: Supporting XSAVE feature 0x004: 'AVX registers'
[    0.000000] x86/fpu: xstate_offset[2]:  576, xstate_sizes[2]:  256
[    0.000000] x86/fpu: Enabled xstate features 0x7, context size is 832 bytes, using 'compacted' format.
[    0.000000] signal: max sigframe size: 1776
[    0.000000] BIOS-provided physical RAM map:
[    0.000000] BIOS-e820: [mem 0x0000000000000000-0x000000000009efff] usable
[    0.000000] BIOS-e820: [mem 0x000000000009f000-0x00000000000bffff] reserved
[    0.000000] BIOS-e820: [mem 0x0000000000100000-0x0000000009afffff] usable
[    0.000000] BIOS-e820: [mem 0x0000000009b00000-0x0000000009dfffff] reserved
[    0.000000] BIOS-e820: [mem 0x0000000009e00000-0x0000000009efffff] usable
[    0.000000] BIOS-e820: [mem 0x0000000009f00000-0x0000000009f0ffff] ACPI NVS
[    0.000000] BIOS-e820: [mem 0x0000000009f10000-0x00000000bab68fff] usable
[    0.000000] BIOS-e820: [mem 0x00000000bab69000-0x00000000bbd68fff] reserved
[    0.000000] BIOS-e820: [mem 0x00000000bbd69000-0x00000000c9f7efff] usable
[    0.000000] BIOS-e820: [mem 0x00000000c9f7f000-0x00000000caf7efff] type 20
[    0.000000] BIOS-e820: [mem 0x00000000caf7f000-0x00000000ccf7efff] reserved
[    0.000000] BIOS-e820: [mem 0x00000000ccf7f000-0x00000000cdf7efff] ACPI NVS
[    0.000000] BIOS-e820: [mem 0x00000000cdf7f000-0x00000000cdffefff] ACPI data
[    0.000000] BIOS-e820: [mem 0x00000000cdfff000-0x00000000cdffffff] usable
[    0.000000] BIOS-e820: [mem 0x00000000ce000000-0x00000000ceffffff] reserved
[    0.000000] BIOS-e820: [mem 0x00000000f8000000-0x00000000fbffffff] reserved
[    0.000000] BIOS-e820: [mem 0x00000000fde00000-0x00000000fdefffff] reserved
[    0.000000] BIOS-e820: [mem 0x00000000fec00000-0x00000000fec00fff] reserved
[    0.000000] BIOS-e820: [mem 0x00000000fec10000-0x00000000fec10fff] reserved
[    0.000000] BIOS-e820: [mem 0x00000000fec20000-0x00000000fec20fff] reserved
[    0.000000] BIOS-e820: [mem 0x00000000fed80000-0x00000000fed80fff] reserved
[    0.000000] BIOS-e820: [mem 0x00000000fee00000-0x00000000fee00fff] reserved
[    0.000000] BIOS-e820: [mem 0x00000000ff000000-0x00000000fff2ffff] reserved
[    0.000000] BIOS-e820: [mem 0x0000000100000000-0x000000040f33ffff] usable
[    0.000000] BIOS-e820: [mem 0x000000040f340000-0x000000042fffffff] reserved
[    0.000000] SMT: Force disabled
[    0.000000] Malformed early option 'acpi'
[    0.000000] Malformed early option 'acpi_sci'
[    0.000000] NX (Execute Disable) protection: active
[    0.000000] efi: EFI v2.70 by INSYDE Corp.
[    0.000000] efi: ACPI=0xcdffe000 ACPI 2.0=0xcdffe014 TPMFinalLog=0xcdf2c000 SMBIOS=0xcb70c000 SMBIOS 3.0=0xcb70a000 ESRT=0xcb70d418 
[    0.000000] SMBIOS 3.2.0 present.
[    0.000000] DMI: TIMI RedmiBook 14 II/TM1951, BIOS RMARN4B0P0909 08/19/2020
[    0.000000] tsc: Fast TSC calibration using PIT
[    0.000000] tsc: Detected 2370.670 MHz processor
[    0.000544] e820: update [mem 0x00000000-0x00000fff] usable ==> reserved
[    0.000546] e820: remove [mem 0x000a0000-0x000fffff] usable
[    0.000551] last_pfn = 0x40f340 max_arch_pfn = 0x400000000
[    0.000729] x86/PAT: Configuration [0-7]: WB  WC  UC- UC  WB  WP  UC- WT  
[    0.000951] last_pfn = 0xce000 max_arch_pfn = 0x400000000
[    0.010393] Kernel/User page tables isolation: force enabled on command line.
[    0.010395] Using GB pages for direct mapping
[    0.010856] Secure boot disabled
[    0.010857] RAMDISK: [mem 0x37311000-0x3797ffff]
[    0.010861] ACPI: Early table checksum verification disabled
[    0.010864] ACPI: RSDP 0x00000000CDFFE014 000024 (v02 XMCC  )
[    0.010867] ACPI: XSDT 0x00000000CDFCE188 000134 (v01 XMCC   XMCC1951 00000002      01000013)
[    0.010872] ACPI: FACP 0x00000000CDFEC000 00010C (v05 XMCC   XMCC1951 00000002      01000013)
[    0.010876] ACPI: DSDT 0x00000000CDFDF000 006545 (v01 XMCC   XMCC1951 00000002      01000013)
[    0.010879] ACPI: FACS 0x00000000CDF29000 000040
[    0.010881] ACPI: UEFI 0x00000000CDF7E000 000236 (v01 INSYDE H2O BIOS 00000001 ACPI 00040000)
[    0.010883] ACPI: SSDT 0x00000000CDFF5000 007216 (v02 AMD    AmdTable 00000002 MSFT 04000000)
[    0.010885] ACPI: IVRS 0x00000000CDFF4000 0001A4 (v02 AMD    AmdTable 00000001 AMD  00000000)
[    0.010887] ACPI: SSDT 0x00000000CDFF3000 000228 (v01 AMD    STD3     00000001 INTL 20130117)
[    0.010890] ACPI: SSDT 0x00000000CDFF2000 000D61 (v01 XMCC   XMCC1806 00003000 INTL 20130117)
[    0.010892] ACPI: SSDT 0x00000000CDFF1000 00046D (v01 Insyde TPMACPI  00001000 INTL 20130117)
[    0.010894] ACPI: TPM2 0x00000000CDFF0000 000034 (v04 XMCC   XMCC1951 00000002      01000013)
[    0.010896] ACPI: MSDM 0x00000000CDFEF000 000055 (v03 INSYDE H2O BIOS 00000001 ACPI 00040000)
[    0.010898] ACPI: ASF! 0x00000000CDFEE000 0000A5 (v32 XMCC   XMCC1951 00000002      01000013)
[    0.010900] ACPI: BOOT 0x00000000CDFED000 000028 (v01 XMCC   XMCC1951 00000002      01000013)
[    0.010903] ACPI: HPET 0x00000000CDFEB000 000038 (v01 XMCC   XMCC1951 00000002      01000013)
[    0.010905] ACPI: APIC 0x00000000CDFEA000 000138 (v03 XMCC   XMCC1951 00000002      01000013)
[    0.010907] ACPI: MCFG 0x00000000CDFE9000 00003C (v01 XMCC   XMCC1951 00000002      01000013)
[    0.010909] ACPI: SLIC 0x00000000CDFE8000 000176 (v01 XMCC   XMCC1951 00000002      01000013)
[    0.010911] ACPI: SSDT 0x00000000CDFDE000 000080 (v01 XMCC   XMCC1951 00000002      01000013)
[    0.010913] ACPI: VFCT 0x00000000CDFD0000 00D484 (v01 XMCC   XMCC1951 00000001 AMD  31504F47)
[    0.010915] ACPI: SSDT 0x00000000CDFCF000 0000F8 (v01 XMCC   PcdTabl  00001000 INTL 20130117)
[    0.010917] ACPI: SSDT 0x00000000CDFCC000 001500 (v01 AMD    AmdTable 00000001 AMD  00000001)
[    0.010920] ACPI: CRAT 0x00000000CDFFD000 000BA8 (v01 AMD    AmdTable 00000001 AMD  00000001)
[    0.010922] ACPI: CDIT 0x00000000CDFCB000 000029 (v01 AMD    AmdTable 00000001 AMD  00000001)
[    0.010924] ACPI: SSDT 0x00000000CDFCA000 00028D (v01 AMD    AmdTable 00000001 INTL 20130117)
[    0.010926] ACPI: SSDT 0x00000000CDFC9000 000C78 (v01 AMD    AmdTable 00000001 INTL 20130117)
[    0.010928] ACPI: SSDT 0x00000000CDFC7000 0010A5 (v01 AMD    AmdTable 00000001 INTL 20130117)
[    0.010930] ACPI: SSDT 0x00000000CDFC3000 0030C8 (v01 AMD    AmdTable 00000001 INTL 20130117)
[    0.010932] ACPI: FPDT 0x00000000CDFC2000 000044 (v01 XMCC   XMCC1951 00000002      01000013)
[    0.010934] ACPI: WSMT 0x00000000CDFC0000 000028 (v01 INSYDE H2O BIOS 00000001 ACPI 00040000)
[    0.010937] ACPI: SSDT 0x00000000CDFE7000 00020A (v01 AMD    AmdTable 00000001 INTL 20130117)
[    0.010939] ACPI: SSDT 0x00000000CDFE6000 0005A1 (v01 AMD    AmdTable 00000001 INTL 20130117)
[    0.010941] ACPI: SSDT 0x00000000CDFBF000 000343 (v01 AMD    AmdTable 00000001 INTL 20130117)
[    0.010943] ACPI: SSDT 0x00000000CDFBE000 00007D (v01 AMD    AmdTable 00000001 INTL 20130117)
[    0.010945] ACPI: SSDT 0x00000000CDFBD000 000822 (v01 AMD    AmdTable 00000001 INTL 20130117)
[    0.010947] ACPI: SSDT 0x00000000CDFBC000 000517 (v01 AMD    AmdTable 00000001 INTL 20130117)
[    0.010949] ACPI: BGRT 0x00000000CDFC1000 000038 (v01 INSYDE H2O BIOS 00000001 ACPI 00040000)
[    0.010951] ACPI: Reserving FACP table memory at [mem 0xcdfec000-0xcdfec10b]
[    0.010952] ACPI: Reserving DSDT table memory at [mem 0xcdfdf000-0xcdfe5544]
[    0.010953] ACPI: Reserving FACS table memory at [mem 0xcdf29000-0xcdf2903f]
[    0.010953] ACPI: Reserving UEFI table memory at [mem 0xcdf7e000-0xcdf7e235]
[    0.010954] ACPI: Reserving SSDT table memory at [mem 0xcdff5000-0xcdffc215]
[    0.010955] ACPI: Reserving IVRS table memory at [mem 0xcdff4000-0xcdff41a3]
[    0.010955] ACPI: Reserving SSDT table memory at [mem 0xcdff3000-0xcdff3227]
[    0.010956] ACPI: Reserving SSDT table memory at [mem 0xcdff2000-0xcdff2d60]
[    0.010957] ACPI: Reserving SSDT table memory at [mem 0xcdff1000-0xcdff146c]
[    0.010957] ACPI: Reserving TPM2 table memory at [mem 0xcdff0000-0xcdff0033]
[    0.010958] ACPI: Reserving MSDM table memory at [mem 0xcdfef000-0xcdfef054]
[    0.010959] ACPI: Reserving ASF! table memory at [mem 0xcdfee000-0xcdfee0a4]
[    0.010959] ACPI: Reserving BOOT table memory at [mem 0xcdfed000-0xcdfed027]
[    0.010960] ACPI: Reserving HPET table memory at [mem 0xcdfeb000-0xcdfeb037]
[    0.010960] ACPI: Reserving APIC table memory at [mem 0xcdfea000-0xcdfea137]
[    0.010961] ACPI: Reserving MCFG table memory at [mem 0xcdfe9000-0xcdfe903b]
[    0.010962] ACPI: Reserving SLIC table memory at [mem 0xcdfe8000-0xcdfe8175]
[    0.010962] ACPI: Reserving SSDT table memory at [mem 0xcdfde000-0xcdfde07f]
[    0.010963] ACPI: Reserving VFCT table memory at [mem 0xcdfd0000-0xcdfdd483]
[    0.010964] ACPI: Reserving SSDT table memory at [mem 0xcdfcf000-0xcdfcf0f7]
[    0.010964] ACPI: Reserving SSDT table memory at [mem 0xcdfcc000-0xcdfcd4ff]
[    0.010965] ACPI: Reserving CRAT table memory at [mem 0xcdffd000-0xcdffdba7]
[    0.010966] ACPI: Reserving CDIT table memory at [mem 0xcdfcb000-0xcdfcb028]
[    0.010966] ACPI: Reserving SSDT table memory at [mem 0xcdfca000-0xcdfca28c]
[    0.010967] ACPI: Reserving SSDT table memory at [mem 0xcdfc9000-0xcdfc9c77]
[    0.010968] ACPI: Reserving SSDT table memory at [mem 0xcdfc7000-0xcdfc80a4]
[    0.010968] ACPI: Reserving SSDT table memory at [mem 0xcdfc3000-0xcdfc60c7]
[    0.010969] ACPI: Reserving FPDT table memory at [mem 0xcdfc2000-0xcdfc2043]
[    0.010970] ACPI: Reserving WSMT table memory at [mem 0xcdfc0000-0xcdfc0027]
[    0.010970] ACPI: Reserving SSDT table memory at [mem 0xcdfe7000-0xcdfe7209]
[    0.010971] ACPI: Reserving SSDT table memory at [mem 0xcdfe6000-0xcdfe65a0]
[    0.010972] ACPI: Reserving SSDT table memory at [mem 0xcdfbf000-0xcdfbf342]
[    0.010973] ACPI: Reserving SSDT table memory at [mem 0xcdfbe000-0xcdfbe07c]
[    0.010973] ACPI: Reserving SSDT table memory at [mem 0xcdfbd000-0xcdfbd821]
[    0.010974] ACPI: Reserving SSDT table memory at [mem 0xcdfbc000-0xcdfbc516]
[    0.010975] ACPI: Reserving BGRT table memory at [mem 0xcdfc1000-0xcdfc1037]
[    0.011027] No NUMA configuration found
[    0.011027] Faking a node at [mem 0x0000000000000000-0x000000040f33ffff]
[    0.011031] NODE_DATA(0) allocated [mem 0x40f33c000-0x40f33ffff]
[    0.011061] Zone ranges:
[    0.011062]   DMA      [mem 0x0000000000001000-0x0000000000ffffff]
[    0.011063]   DMA32    [mem 0x0000000001000000-0x00000000ffffffff]
[    0.011064]   Normal   [mem 0x0000000100000000-0x000000040f33ffff]
[    0.011065]   Device   empty
[    0.011066] Movable zone start for each node
[    0.011067] Early memory node ranges
[    0.011067]   node   0: [mem 0x0000000000001000-0x000000000009efff]
[    0.011068]   node   0: [mem 0x0000000000100000-0x0000000009afffff]
[    0.011069]   node   0: [mem 0x0000000009e00000-0x0000000009efffff]
[    0.011070]   node   0: [mem 0x0000000009f10000-0x00000000bab68fff]
[    0.011071]   node   0: [mem 0x00000000bbd69000-0x00000000c9f7efff]
[    0.011071]   node   0: [mem 0x00000000cdfff000-0x00000000cdffffff]
[    0.011072]   node   0: [mem 0x0000000100000000-0x000000040f33ffff]
[    0.011074] Initmem setup node 0 [mem 0x0000000000001000-0x000000040f33ffff]
[    0.011077] On node 0, zone DMA: 1 pages in unavailable ranges
[    0.011094] On node 0, zone DMA: 97 pages in unavailable ranges
[    0.011239] On node 0, zone DMA32: 768 pages in unavailable ranges
[    0.016437] On node 0, zone DMA32: 16 pages in unavailable ranges
[    0.016908] On node 0, zone DMA32: 4608 pages in unavailable ranges
[    0.017041] On node 0, zone DMA32: 16512 pages in unavailable ranges
[    0.040464] On node 0, zone Normal: 8192 pages in unavailable ranges
[    0.040495] On node 0, zone Normal: 3264 pages in unavailable ranges
[    0.040645] ACPI: PM-Timer IO Port: 0x408
[    0.040652] ACPI: LAPIC_NMI (acpi_id[0x00] high edge lint[0x1])
[    0.040653] ACPI: LAPIC_NMI (acpi_id[0x01] high edge lint[0x1])
[    0.040654] ACPI: LAPIC_NMI (acpi_id[0x02] high edge lint[0x1])
[    0.040654] ACPI: LAPIC_NMI (acpi_id[0x03] high edge lint[0x1])
[    0.040655] ACPI: LAPIC_NMI (acpi_id[0x04] high edge lint[0x1])
[    0.040656] ACPI: LAPIC_NMI (acpi_id[0x05] high edge lint[0x1])
[    0.040656] ACPI: LAPIC_NMI (acpi_id[0x06] high edge lint[0x1])
[    0.040657] ACPI: LAPIC_NMI (acpi_id[0x07] high edge lint[0x1])
[    0.040657] ACPI: LAPIC_NMI (acpi_id[0x08] high edge lint[0x1])
[    0.040658] ACPI: LAPIC_NMI (acpi_id[0x09] high edge lint[0x1])
[    0.040658] ACPI: LAPIC_NMI (acpi_id[0x0a] high edge lint[0x1])
[    0.040659] ACPI: LAPIC_NMI (acpi_id[0x0b] high edge lint[0x1])
[    0.040659] ACPI: LAPIC_NMI (acpi_id[0x0c] high edge lint[0x1])
[    0.040660] ACPI: LAPIC_NMI (acpi_id[0x0d] high edge lint[0x1])
[    0.040660] ACPI: LAPIC_NMI (acpi_id[0x0e] high edge lint[0x1])
[    0.040661] ACPI: LAPIC_NMI (acpi_id[0x0f] high edge lint[0x1])
[    0.040674] IOAPIC[0]: apic_id 33, version 33, address 0xfec00000, GSI 0-23
[    0.040679] IOAPIC[1]: apic_id 34, version 33, address 0xfec01000, GSI 24-55
[    0.040680] ACPI: INT_SRC_OVR (bus 0 bus_irq 0 global_irq 2 dfl dfl)
[    0.040682] ACPI: INT_SRC_OVR (bus 0 bus_irq 9 global_irq 9 low level)
[    0.040685] ACPI: Using ACPI (MADT) for SMP configuration information
[    0.040686] ACPI: HPET id: 0x10228210 base: 0xfed00000
[    0.040691] smpboot: Allowing 16 CPUs, 10 hotplug CPUs
[    0.040715] PM: hibernation: Registered nosave memory: [mem 0x00000000-0x00000fff]
[    0.040716] PM: hibernation: Registered nosave memory: [mem 0x0009f000-0x000bffff]
[    0.040717] PM: hibernation: Registered nosave memory: [mem 0x000c0000-0x000fffff]
[    0.040719] PM: hibernation: Registered nosave memory: [mem 0x09b00000-0x09dfffff]
[    0.040720] PM: hibernation: Registered nosave memory: [mem 0x09f00000-0x09f0ffff]
[    0.040721] PM: hibernation: Registered nosave memory: [mem 0xbab69000-0xbbd68fff]
[    0.040723] PM: hibernation: Registered nosave memory: [mem 0xc9f7f000-0xcaf7efff]
[    0.040723] PM: hibernation: Registered nosave memory: [mem 0xcaf7f000-0xccf7efff]
[    0.040724] PM: hibernation: Registered nosave memory: [mem 0xccf7f000-0xcdf7efff]
[    0.040724] PM: hibernation: Registered nosave memory: [mem 0xcdf7f000-0xcdffefff]
[    0.040726] PM: hibernation: Registered nosave memory: [mem 0xce000000-0xceffffff]
[    0.040726] PM: hibernation: Registered nosave memory: [mem 0xcf000000-0xf7ffffff]
[    0.040727] PM: hibernation: Registered nosave memory: [mem 0xf8000000-0xfbffffff]
[    0.040727] PM: hibernation: Registered nosave memory: [mem 0xfc000000-0xfddfffff]
[    0.040728] PM: hibernation: Registered nosave memory: [mem 0xfde00000-0xfdefffff]
[    0.040728] PM: hibernation: Registered nosave memory: [mem 0xfdf00000-0xfebfffff]
[    0.040729] PM: hibernation: Registered nosave memory: [mem 0xfec00000-0xfec00fff]
[    0.040730] PM: hibernation: Registered nosave memory: [mem 0xfec01000-0xfec0ffff]
[    0.040730] PM: hibernation: Registered nosave memory: [mem 0xfec10000-0xfec10fff]
[    0.040731] PM: hibernation: Registered nosave memory: [mem 0xfec11000-0xfec1ffff]
[    0.040731] PM: hibernation: Registered nosave memory: [mem 0xfec20000-0xfec20fff]
[    0.040732] PM: hibernation: Registered nosave memory: [mem 0xfec21000-0xfed7ffff]
[    0.040732] PM: hibernation: Registered nosave memory: [mem 0xfed80000-0xfed80fff]
[    0.040733] PM: hibernation: Registered nosave memory: [mem 0xfed81000-0xfedfffff]
[    0.040733] PM: hibernation: Registered nosave memory: [mem 0xfee00000-0xfee00fff]
[    0.040734] PM: hibernation: Registered nosave memory: [mem 0xfee01000-0xfeffffff]
[    0.040734] PM: hibernation: Registered nosave memory: [mem 0xff000000-0xfff2ffff]
[    0.040735] PM: hibernation: Registered nosave memory: [mem 0xfff30000-0xffffffff]
[    0.040736] [mem 0xcf000000-0xf7ffffff] available for PCI devices
[    0.040738] Booting paravirtualized kernel on bare hardware
[    0.040741] clocksource: refined-jiffies: mask: 0xffffffff max_cycles: 0xffffffff, max_idle_ns: 6370452778343963 ns
[    0.044378] setup_percpu: NR_CPUS:320 nr_cpumask_bits:320 nr_cpu_ids:16 nr_node_ids:1
[    0.044990] percpu: Embedded 62 pages/cpu s217088 r8192 d28672 u262144
[    0.044999] pcpu-alloc: s217088 r8192 d28672 u262144 alloc=1*2097152
[    0.045001] pcpu-alloc: [0] 00 01 02 03 04 05 06 07 [0] 08 09 10 11 12 13 14 15 
[    0.045026] Fallback order for Node 0: 0 
[    0.045029] Built 1 zonelists, mobility grouping on.  Total pages: 3966649
[    0.045030] Policy zone: Normal
[    0.045031] Kernel command line: BOOT_IMAGE=/boot/vmlinuz-linux root=UUID=86d11402-ffc7-4a95-a499-34a078ef1758 rw resume=UUID=f632905f-a4c6-4207-b787-badfa387bbf1 loglevel=3 audit=1 lsm=landlock,lockdown,yama,apparmor,bpf l1tf=full,force mds=full,nosmt mitigations=auto,nosmt nosmt=force pcie_aspm=force init_on_alloc=1 init_on_free=1 randomize_kstack_offset=on slab_nomerge pti=on slub_debug=ZF slub_debug=P page_poison=1 mem_encrypt=on vsyscall=none amd_iommu=force_isolation amdgpu.gpu_recovery=0 amdgpu.virtual_display=NULL amdgpu.audio=0 fsck.mode=force fsck.repair=yes efi=disable_early_pci_dma trace_clock=local tsc=unstable ahci sd=ahci acpi=on "acpi_osi=Windows 2019" acpi_sci=hight libata.ignore_hpa=1 lapic pnpbios=off libata.dma=0 "acpi_os_name=Klimenko Maxim Sergievich, GNU/Linux, all others fuck off" spectre_v2_user=seccomp,ibpb efi=old_map,nochunk,noruntime i8042.nopnp pci=assign-busses pci.nobios=1
[    0.045079] audit: enabled (after initialization)
[    0.045121] PCIe ASPM is forcibly enabled
[    0.045179] mem auto-init: SLAB_POISON will take precedence over init_on_alloc/init_on_free
[    0.045263] tsc: Marking TSC unstable due to boot parameter
[    0.045363] Unknown kernel command line parameters "ahci BOOT_IMAGE=/boot/vmlinuz-linux pti=on mem_encrypt=on sd=ahci pnpbios=off spectre_v2_user=seccomp,ibpb", will be passed to user space.
[    0.047196] Dentry cache hash table entries: 2097152 (order: 12, 16777216 bytes, linear)
[    0.048109] Inode-cache hash table entries: 1048576 (order: 11, 8388608 bytes, linear)
[    0.048165] mem auto-init: CONFIG_PAGE_POISONING is on, will take precedence over init_on_alloc and init_on_free
[    0.048402] mem auto-init: stack:byref_all(zero), heap alloc:off, heap free:off
[    1.670167] Memory: 15719664K/16119096K available (14343K kernel code, 2107K rwdata, 11020K rodata, 1792K init, 3812K bss, 399172K reserved, 0K cma-reserved)
[    1.670173] **********************************************************
[    1.670173] **   NOTICE NOTICE NOTICE NOTICE NOTICE NOTICE NOTICE   **
[    1.670174] **                                                      **
[    1.670174] ** This system shows unhashed kernel memory addresses   **
[    1.670175] ** via the console, logs, and other interfaces. This    **
[    1.670175] ** might reduce the security of your system.            **
[    1.670175] **                                                      **
[    1.670176] ** If you see this message and you are not debugging    **
[    1.670176] ** the kernel, report this immediately to your system   **
[    1.670176] ** administrator!                                       **
[    1.670177] **                                                      **
[    1.670177] **   NOTICE NOTICE NOTICE NOTICE NOTICE NOTICE NOTICE   **
[    1.670177] **********************************************************
[    1.670180] random: get_random_u64 called from __kmem_cache_create+0x2a/0x550 with crng_init=0
[    1.670313] SLUB: HWalign=64, Order=0-3, MinObjects=0, CPUs=16, Nodes=1
[    1.670327] Kernel/User page tables isolation: enabled
[    1.670347] ftrace: allocating 45176 entries in 177 pages
[    1.676569] ftrace: allocated 177 pages with 4 groups
[    1.676662] Dynamic Preempt: full
[    1.676705] rcu: Preemptible hierarchical RCU implementation.
[    1.676706] rcu: 	RCU restricting CPUs from NR_CPUS=320 to nr_cpu_ids=16.
[    1.676706] rcu: 	RCU priority boosting: priority 1 delay 500 ms.
[    1.676707] 	Trampoline variant of Tasks RCU enabled.
[    1.676707] 	Rude variant of Tasks RCU enabled.
[    1.676708] 	Tracing variant of Tasks RCU enabled.
[    1.676709] rcu: RCU calculated value of scheduler-enlistment delay is 30 jiffies.
[    1.676709] rcu: Adjusting geometry for rcu_fanout_leaf=16, nr_cpu_ids=16
[    1.680082] NR_IRQS: 20736, nr_irqs: 1096, preallocated irqs: 16
[    1.680333] kfence: initialized - using 2097152 bytes for 255 objects at 0xffff8f503dc00000-0xffff8f503de00000
[    1.680456] random: crng init done (trusting CPU's manufacturer)
[    1.680489] Console: colour dummy device 80x25
[    1.680501] printk: console [tty0] enabled
[    1.680521] ACPI: Core revision 20211217
[    1.680708] ACPI: OSL: Overriding _OS definition to 'Klimenko Maxim Sergievich'
[    1.680736] clocksource: hpet: mask: 0xffffffff max_cycles: 0xffffffff, max_idle_ns: 133484873504 ns
[    1.680754] APIC: Switch to symmetric I/O mode setup
[    1.681605] AMD-Vi: ivrs, add hid:AMDI0020, uid:\_SB.FUR0, rdevid:160
[    1.681607] AMD-Vi: ivrs, add hid:AMDI0020, uid:\_SB.FUR1, rdevid:160
[    1.681608] AMD-Vi: ivrs, add hid:AMDI0020, uid:\_SB.FUR2, rdevid:160
[    1.681609] AMD-Vi: ivrs, add hid:AMDI0020, uid:\_SB.FUR3, rdevid:160
[    1.681907] Switched APIC routing to physical flat.
[    1.682657] ..TIMER: vector=0x30 apic1=0 pin1=2 apic2=-1 pin2=-1
[    1.697430] Calibrating delay loop (skipped), value calculated using timer frequency.. 4743.89 BogoMIPS (lpj=7902233)
[    1.697433] pid_max: default: 32768 minimum: 301
[    1.697463] LSM: Security Framework initializing
[    1.697474] landlock: Up and running.
[    1.697475] Yama: becoming mindful.
[    1.697511] AppArmor: AppArmor initialized
[    1.697514] LSM support for eBPF active
[    1.697572] Mount-cache hash table entries: 32768 (order: 6, 262144 bytes, linear)
[    1.697621] Mountpoint-cache hash table entries: 32768 (order: 6, 262144 bytes, linear)
[    1.697926] x86/cpu: User Mode Instruction Prevention (UMIP) activated
[    1.697983] LVT offset 1 assigned for vector 0xf9
[    1.698090] LVT offset 2 assigned for vector 0xf4
[    1.698116] Last level iTLB entries: 4KB 1024, 2MB 1024, 4MB 512
[    1.698117] Last level dTLB entries: 4KB 2048, 2MB 2048, 4MB 1024, 1GB 0
[    1.698121] Spectre V1 : Mitigation: usercopy/swapgs barriers and __user pointer sanitization
[    1.698125] Spectre V2 : Mitigation: Retpolines
[    1.698126] Spectre V2 : Spectre v2 / SpectreRSB mitigation: Filling RSB on context switch
[    1.698127] Spectre V2 : Enabling Restricted Speculation for firmware calls
[    1.698129] Spectre V2 : spectre_v2_user=seccomp,ibpb forced on command line.
[    1.698130] Spectre V2 : mitigation: Enabling always-on Indirect Branch Prediction Barrier
[    1.698133] Speculative Store Bypass: Mitigation: Speculative Store Bypass disabled via prctl
[    1.701168] Freeing SMP alternatives memory: 36K
[    1.811298] smpboot: CPU0: AMD Ryzen 5 4500U with Radeon Graphics (family: 0x17, model: 0x60, stepping: 0x1)
[    1.811491] cblist_init_generic: Setting adjustable number of callback queues.
[    1.811494] cblist_init_generic: Setting shift to 4 and lim to 1.
[    1.811509] cblist_init_generic: Setting shift to 4 and lim to 1.
[    1.811524] cblist_init_generic: Setting shift to 4 and lim to 1.
[    1.811547] Performance Events: Fam17h+ core perfctr, AMD PMU driver.
[    1.811553] ... version:                0
[    1.811554] ... bit width:              48
[    1.811554] ... generic registers:      6
[    1.811555] ... value mask:             0000ffffffffffff
[    1.811555] ... max period:             00007fffffffffff
[    1.811556] ... fixed-purpose events:   0
[    1.811556] ... event mask:             000000000000003f
[    1.811622] rcu: Hierarchical SRCU implementation.
[    1.812183] NMI watchdog: Enabled. Permanently consumes one hw-PMU counter.
[    1.812417] smp: Bringing up secondary CPUs ...
[    1.812554] x86: Booting SMP configuration:
[    1.812555] .... node  #0, CPUs:        #1  #2  #3  #4  #5
[    1.814546] smp: Brought up 1 node, 6 CPUs
[    1.814546] smpboot: Max logical packages: 3
[    1.814546] smpboot: Total of 6 processors activated (28459.37 BogoMIPS)
[    1.815602] devtmpfs: initialized
[    1.815602] x86/mm: Memory block size: 128MB
[    1.817732] ACPI: PM: Registering ACPI NVS region [mem 0x09f00000-0x09f0ffff] (65536 bytes)
[    1.817732] ACPI: PM: Registering ACPI NVS region [mem 0xccf7f000-0xcdf7efff] (16777216 bytes)
[    1.818237] clocksource: jiffies: mask: 0xffffffff max_cycles: 0xffffffff, max_idle_ns: 6370867519511994 ns
[    1.818270] futex hash table entries: 4096 (order: 6, 262144 bytes, linear)
[    1.818328] pinctrl core: initialized pinctrl subsystem
[    1.818434] PM: RTC time: 19:58:39, date: 2022-04-05
[    1.818611] NET: Registered PF_NETLINK/PF_ROUTE protocol family
[    1.819004] DMA: preallocated 2048 KiB GFP_KERNEL pool for atomic allocations
[    1.819233] DMA: preallocated 2048 KiB GFP_KERNEL|GFP_DMA pool for atomic allocations
[    1.819392] DMA: preallocated 2048 KiB GFP_KERNEL|GFP_DMA32 pool for atomic allocations
[    1.819416] audit: initializing netlink subsys (enabled)
[    1.819441] audit: type=2000 audit(1649188717.136:1): state=initialized audit_enabled=1 res=1
[    1.819441] thermal_sys: Registered thermal governor 'fair_share'
[    1.819441] thermal_sys: Registered thermal governor 'bang_bang'
[    1.819441] thermal_sys: Registered thermal governor 'step_wise'
[    1.819441] thermal_sys: Registered thermal governor 'user_space'
[    1.819441] thermal_sys: Registered thermal governor 'power_allocator'
[    1.819441] cpuidle: using governor ladder
[    1.819441] cpuidle: using governor menu
[    1.819441] Simple Boot Flag at 0x44 set to 0x1
[    1.819441] HugeTLB: can free 4094 vmemmap pages for hugepages-1048576kB
[    1.819441] acpiphp: ACPI Hot Plug PCI Controller Driver version: 0.5
[    1.819441] PCI: MMCONFIG for domain 0000 [bus 00-3f] at [mem 0xf8000000-0xfbffffff] (base 0xf8000000)
[    1.819441] PCI: MMCONFIG at [mem 0xf8000000-0xfbffffff] reserved in E820
[    1.819441] PCI: Using configuration type 1 for base access
[    1.822522] kprobes: kprobe jump-optimization is enabled. All kprobes are optimized if possible.
[    1.822527] HugeTLB: can free 6 vmemmap pages for hugepages-2048kB
[    1.822527] HugeTLB registered 1.00 GiB page size, pre-allocated 0 pages
[    1.822527] HugeTLB registered 2.00 MiB page size, pre-allocated 0 pages
[    1.822527] ACPI: Added _OSI(Module Device)
[    1.822527] ACPI: Added _OSI(Processor Device)
[    1.822527] ACPI: Added _OSI(3.0 _SCP Extensions)
[    1.822527] ACPI: Added _OSI(Processor Aggregator Device)
[    1.822527] ACPI: Added _OSI(Linux-Dell-Video)
[    1.822527] ACPI: Added _OSI(Linux-Lenovo-NV-HDMI-Audio)
[    1.822527] ACPI: Added _OSI(Linux-HPI-Hybrid-Graphics)
[    1.840528] ACPI: 18 ACPI AML tables successfully acquired and loaded
[    1.842109] ACPI: [Firmware Bug]: BIOS _OSI(Linux) query ignored
[    1.845216] ACPI: EC: EC started
[    1.845217] ACPI: EC: interrupt blocked
[    1.847615] ACPI: EC: EC_CMD/EC_SC=0x66, EC_DATA=0x62
[    1.847617] ACPI: \_SB_.PCI0.LPC0.EC0_: Boot DSDT EC used to handle transactions
[    1.847618] ACPI: Interpreter enabled
[    1.847633] ACPI: PM: (supports S0 S4 S5)
[    1.847635] ACPI: Using IOAPIC for interrupt routing
[    1.847847] PCI: Using host bridge windows from ACPI; if necessary, use "pci=nocrs" and report a bug
[    1.851016] ACPI: PM: Power Resource [P0U0]
[    1.851151] ACPI: PM: Power Resource [P3U0]
[    1.851961] ACPI: PM: Power Resource [P0U1]
[    1.852090] ACPI: PM: Power Resource [P3U1]
[    1.852799] ACPI: PM: Power Resource [P0S0]
[    1.852836] ACPI: PM: Power Resource [P3S0]
[    1.852994] ACPI: PM: Power Resource [P0S1]
[    1.853030] ACPI: PM: Power Resource [P3S1]
[    1.858793] ACPI: PCI Root Bridge [PCI0] (domain 0000 [bus 00-ff])
[    1.858799] acpi PNP0A08:00: _OSC: OS supports [ExtendedConfig ASPM ClockPM Segments MSI EDR HPX-Type3]
[    1.858918] acpi PNP0A08:00: _OSC: platform does not support [SHPCHotplug LTR DPC]
[    1.859136] acpi PNP0A08:00: _OSC: OS now controls [PCIeHotplug PME AER PCIeCapability]
[    1.859147] acpi PNP0A08:00: [Firmware Info]: MMCONFIG for domain 0000 [bus 00-3f] only partially covers this bridge
[    1.859494] PCI host bridge to bus 0000:00
[    1.859496] pci_bus 0000:00: root bus resource [io  0x0000-0x0cf7 window]
[    1.859498] pci_bus 0000:00: root bus resource [io  0x0d00-0xffff window]
[    1.859499] pci_bus 0000:00: root bus resource [mem 0x000a0000-0x000bffff window]
[    1.859500] pci_bus 0000:00: root bus resource [mem 0x000c0000-0x000cffff window]
[    1.859501] pci_bus 0000:00: root bus resource [mem 0x000d0000-0x000effff window]
[    1.859502] pci_bus 0000:00: root bus resource [mem 0xd0000000-0xf7ffffff window]
[    1.859503] pci_bus 0000:00: root bus resource [mem 0xfc000000-0xfed3ffff window]
[    1.859504] pci_bus 0000:00: root bus resource [mem 0x450200000-0xfcffffffff window]
[    1.859506] pci_bus 0000:00: root bus resource [bus 00-ff]
[    1.859518] pci 0000:00:00.0: [1022:1630] type 00 class 0x060000
[    1.859579] pci 0000:00:00.2: [1022:1631] type 00 class 0x080600
[    1.859645] pci 0000:00:01.0: [1022:1632] type 00 class 0x060000
[    1.859700] pci 0000:00:02.0: [1022:1632] type 00 class 0x060000
[    1.859756] pci 0000:00:08.0: [1022:1632] type 00 class 0x060000
[    1.859803] pci 0000:00:08.1: [1022:1635] type 01 class 0x060400
[    1.859823] pci 0000:00:08.1: enabling Extended Tags
[    1.859851] pci 0000:00:08.1: PME# supported from D0 D3hot D3cold
[    1.859943] pci 0000:00:08.2: [1022:1635] type 01 class 0x060400
[    1.859962] pci 0000:00:08.2: enabling Extended Tags
[    1.859990] pci 0000:00:08.2: PME# supported from D0 D3hot D3cold
[    1.860092] pci 0000:00:14.0: [1022:790b] type 00 class 0x0c0500
[    1.860216] pci 0000:00:14.3: [1022:790e] type 00 class 0x060100
[    1.860344] pci 0000:00:18.0: [1022:1448] type 00 class 0x060000
[    1.860372] pci 0000:00:18.1: [1022:1449] type 00 class 0x060000
[    1.860405] pci 0000:00:18.2: [1022:144a] type 00 class 0x060000
[    1.860436] pci 0000:00:18.3: [1022:144b] type 00 class 0x060000
[    1.860467] pci 0000:00:18.4: [1022:144c] type 00 class 0x060000
[    1.860495] pci 0000:00:18.5: [1022:144d] type 00 class 0x060000
[    1.860527] pci 0000:00:18.6: [1022:144e] type 00 class 0x060000
[    1.860554] pci 0000:00:18.7: [1022:144f] type 00 class 0x060000
[    1.860685] pci 0000:01:00.0: [1002:1636] type 00 class 0x030000
[    1.860696] pci 0000:01:00.0: reg 0x10: [mem 0xfce0000000-0xfcefffffff 64bit pref]
[    1.860703] pci 0000:01:00.0: reg 0x18: [mem 0xfcf0000000-0xfcf01fffff 64bit pref]
[    1.860708] pci 0000:01:00.0: reg 0x20: [io  0x1000-0x10ff]
[    1.860713] pci 0000:01:00.0: reg 0x24: [mem 0xd0400000-0xd047ffff]
[    1.860721] pci 0000:01:00.0: enabling Extended Tags
[    1.860732] pci 0000:01:00.0: BAR 0: assigned to efifb
[    1.860776] pci 0000:01:00.0: PME# supported from D1 D2 D3hot D3cold
[    1.860868] pci 0000:01:00.1: [1002:1637] type 00 class 0x040300
[    1.860875] pci 0000:01:00.1: reg 0x10: [mem 0xd04c8000-0xd04cbfff]
[    1.860895] pci 0000:01:00.1: enabling Extended Tags
[    1.860922] pci 0000:01:00.1: PME# supported from D1 D2 D3hot D3cold
[    1.860989] pci 0000:01:00.2: [1022:15df] type 00 class 0x108000
[    1.861001] pci 0000:01:00.2: reg 0x18: [mem 0xd0300000-0xd03fffff]
[    1.861010] pci 0000:01:00.2: reg 0x24: [mem 0xd04cc000-0xd04cdfff]
[    1.861016] pci 0000:01:00.2: enabling Extended Tags
[    1.861104] pci 0000:01:00.3: [1022:1639] type 00 class 0x0c0330
[    1.861114] pci 0000:01:00.3: reg 0x10: [mem 0xd0100000-0xd01fffff 64bit]
[    1.861136] pci 0000:01:00.3: enabling Extended Tags
[    1.861165] pci 0000:01:00.3: PME# supported from D0 D3hot D3cold
[    1.861231] pci 0000:01:00.4: [1022:1639] type 00 class 0x0c0330
[    1.861241] pci 0000:01:00.4: reg 0x10: [mem 0xd0200000-0xd02fffff 64bit]
[    1.861263] pci 0000:01:00.4: enabling Extended Tags
[    1.861292] pci 0000:01:00.4: PME# supported from D0 D3hot D3cold
[    1.861357] pci 0000:01:00.5: [1022:15e2] type 00 class 0x048000
[    1.861363] pci 0000:01:00.5: reg 0x10: [mem 0xd0480000-0xd04bffff]
[    1.861383] pci 0000:01:00.5: enabling Extended Tags
[    1.861411] pci 0000:01:00.5: PME# supported from D0 D3hot D3cold
[    1.861477] pci 0000:01:00.6: [1022:15e3] type 00 class 0x040300
[    1.861484] pci 0000:01:00.6: reg 0x10: [mem 0xd04c0000-0xd04c7fff]
[    1.861503] pci 0000:01:00.6: enabling Extended Tags
[    1.861530] pci 0000:01:00.6: PME# supported from D0 D3hot D3cold
[    1.861628] pci 0000:00:08.1: PCI bridge to [bus 01-ff]
[    1.861630] pci 0000:00:08.1:   bridge window [io  0x1000-0x1fff]
[    1.861632] pci 0000:00:08.1:   bridge window [mem 0xd0100000-0xd04fffff]
[    1.861634] pci 0000:00:08.1:   bridge window [mem 0xfce0000000-0xfcf01fffff 64bit pref]
[    1.861636] pci_bus 0000:01: busn_res: [bus 01-ff] end is updated to 01
[    1.861684] pci 0000:02:00.0: [1022:7901] type 00 class 0x010601
[    1.861710] pci 0000:02:00.0: reg 0x24: [mem 0xd0001000-0xd00017ff]
[    1.861718] pci 0000:02:00.0: enabling Extended Tags
[    1.861830] pci 0000:02:00.1: [1022:7901] type 00 class 0x010601
[    1.861856] pci 0000:02:00.1: reg 0x24: [mem 0xd0000000-0xd00007ff]
[    1.861863] pci 0000:02:00.1: enabling Extended Tags
[    1.861961] pci 0000:00:08.2: PCI bridge to [bus 02-ff]
[    1.861964] pci 0000:00:08.2:   bridge window [mem 0xd0000000-0xd00fffff]
[    1.861967] pci_bus 0000:02: busn_res: [bus 02-ff] end is updated to 02
[    1.863651] ACPI: PCI: Interrupt link LNKA configured for IRQ 0
[    1.863652] ACPI: PCI: Interrupt link LNKA disabled
[    1.863743] ACPI: PCI: Interrupt link LNKB configured for IRQ 0
[    1.863744] ACPI: PCI: Interrupt link LNKB disabled
[    1.863816] ACPI: PCI: Interrupt link LNKC configured for IRQ 0
[    1.863816] ACPI: PCI: Interrupt link LNKC disabled
[    1.863906] ACPI: PCI: Interrupt link LNKD configured for IRQ 0
[    1.863906] ACPI: PCI: Interrupt link LNKD disabled
[    1.863990] ACPI: PCI: Interrupt link LNKE configured for IRQ 0
[    1.863990] ACPI: PCI: Interrupt link LNKE disabled
[    1.864056] ACPI: PCI: Interrupt link LNKF configured for IRQ 0
[    1.864057] ACPI: PCI: Interrupt link LNKF disabled
[    1.864136] ACPI: PCI: Interrupt link LNKG configured for IRQ 0
[    1.864137] ACPI: PCI: Interrupt link LNKG disabled
[    1.864203] ACPI: PCI: Interrupt link LNKH configured for IRQ 0
[    1.864204] ACPI: PCI: Interrupt link LNKH disabled
[    1.866204] ACPI: EC: interrupt unblocked
[    1.866205] ACPI: EC: event unblocked
[    1.866210] ACPI: EC: EC_CMD/EC_SC=0x66, EC_DATA=0x62
[    1.866211] ACPI: EC: GPE=0x3
[    1.866212] ACPI: \_SB_.PCI0.LPC0.EC0_: Boot DSDT EC initialization complete
[    1.866213] ACPI: \_SB_.PCI0.LPC0.EC0_: EC: Used to handle transactions and events
[    1.866240] iommu: Default domain type: Translated 
[    1.866240] iommu: DMA domain TLB invalidation policy: lazy mode 
[    1.866240] pci 0000:01:00.0: vgaarb: VGA device added: decodes=io+mem,owns=none,locks=none
[    1.866240] pci 0000:01:00.0: vgaarb: bridge control possible
[    1.866240] pci 0000:01:00.0: vgaarb: setting as boot device
[    1.866240] vgaarb: loaded
[    1.866240] SCSI subsystem initialized
[    1.866240] libata version 3.00 loaded.
[    1.866240] ACPI: bus type USB registered
[    1.866240] usbcore: registered new interface driver usbfs
[    1.866240] usbcore: registered new interface driver hub
[    1.866240] usbcore: registered new device driver usb
[    1.868989] pps_core: LinuxPPS API ver. 1 registered
[    1.868990] pps_core: Software ver. 5.3.6 - Copyright 2005-2007 Rodolfo Giometti <giometti@linux.it>
[    1.868993] PTP clock support registered
[    1.869001] EDAC MC: Ver: 3.0.0
[    1.869046] NetLabel: Initializing
[    1.869046] NetLabel:  domain hash size = 128
[    1.869046] NetLabel:  protocols = UNLABELED CIPSOv4 CALIPSO
[    1.869046] NetLabel:  unlabeled traffic allowed by default
[    1.869046] mctp: management component transport protocol core
[    1.869046] NET: Registered PF_MCTP protocol family
[    1.869046] PCI: Using ACPI for IRQ routing
[    1.869046] audit: type=1409 audit(1649188717.186:2): netlabel: auid=0 ses=0 subj==unconfined nlbl_domain=(default) nlbl_protocol=unlbl res=1
[    1.869046] audit: type=1406 audit(1649188717.186:3): netlabel: auid=0 ses=0 subj==unconfined unlbl_accept=1 old=0
[    1.871923] PCI: pci_cache_line_size set to 64 bytes
[    1.871955] e820: reserve RAM buffer [mem 0x0009f000-0x0009ffff]
[    1.871956] e820: reserve RAM buffer [mem 0x09b00000-0x0bffffff]
[    1.871957] e820: reserve RAM buffer [mem 0x09f00000-0x0bffffff]
[    1.871958] e820: reserve RAM buffer [mem 0xbab69000-0xbbffffff]
[    1.871959] e820: reserve RAM buffer [mem 0xc9f7f000-0xcbffffff]
[    1.871960] e820: reserve RAM buffer [mem 0xce000000-0xcfffffff]
[    1.871961] e820: reserve RAM buffer [mem 0x40f340000-0x40fffffff]
[    1.871966] hpet0: at MMIO 0xfed00000, IRQs 2, 8, 0
[    1.871966] hpet0: 3 comparators, 32-bit 14.318180 MHz counter
[    1.874418] clocksource: Switched to clocksource hpet
[    1.884736] VFS: Disk quotas dquot_6.6.0
[    1.884749] VFS: Dquot-cache hash table entries: 512 (order 0, 4096 bytes)
[    1.884890] AppArmor: AppArmor Filesystem Enabled
[    1.884941] pnp: PnP ACPI init
[    1.885183] system 00:00: [mem 0xfec00000-0xfec01fff] could not be reserved
[    1.885187] system 00:00: [mem 0xfee00000-0xfee00fff] has been reserved
[    1.885188] system 00:00: [mem 0xfde00000-0xfdefffff] has been reserved
[    1.885215] audit: type=1400 audit(1649188717.203:4): apparmor="STATUS" info="AppArmor Filesystem Enabled" pid=1 comm="swapper/0"
[    1.885394] system 00:03: [io  0x0400-0x04cf] has been reserved
[    1.885397] system 00:03: [io  0x04d0-0x04d1] has been reserved
[    1.885398] system 00:03: [io  0x04d6] has been reserved
[    1.885399] system 00:03: [io  0x0c00-0x0c01] has been reserved
[    1.885400] system 00:03: [io  0x0c14] has been reserved
[    1.885401] system 00:03: [io  0x0c50-0x0c52] has been reserved
[    1.885403] system 00:03: [io  0x0c6c] has been reserved
[    1.885404] system 00:03: [io  0x0c6f] has been reserved
[    1.885405] system 00:03: [io  0x0cd0-0x0cdb] has been reserved
[    1.885476] system 00:04: [mem 0x000e0000-0x000fffff] could not be reserved
[    1.885478] system 00:04: [mem 0xff000000-0xffffffff] could not be reserved
[    1.886756] pnp: PnP ACPI: found 5 devices
[    1.895102] clocksource: acpi_pm: mask: 0xffffff max_cycles: 0xffffff, max_idle_ns: 2085701024 ns
[    1.895259] NET: Registered PF_INET protocol family
[    1.895789] IP idents hash table entries: 262144 (order: 9, 2097152 bytes, linear)
[    1.897785] tcp_listen_portaddr_hash hash table entries: 8192 (order: 5, 131072 bytes, linear)
[    1.897933] TCP established hash table entries: 131072 (order: 8, 1048576 bytes, linear)
[    1.898170] TCP bind hash table entries: 65536 (order: 8, 1048576 bytes, linear)
[    1.898236] TCP: Hash tables configured (established 131072 bind 65536)
[    1.898378] MPTCP token hash table entries: 16384 (order: 6, 393216 bytes, linear)
[    1.898433] UDP hash table entries: 8192 (order: 6, 262144 bytes, linear)
[    1.898484] UDP-Lite hash table entries: 8192 (order: 6, 262144 bytes, linear)
[    1.898567] NET: Registered PF_UNIX/PF_LOCAL protocol family
[    1.898572] NET: Registered PF_XDP protocol family
[    1.898584] pci 0000:00:08.1: PCI bridge to [bus 01]
[    1.898589] pci 0000:00:08.1:   bridge window [io  0x1000-0x1fff]
[    1.898592] pci 0000:00:08.1:   bridge window [mem 0xd0100000-0xd04fffff]
[    1.898594] pci 0000:00:08.1:   bridge window [mem 0xfce0000000-0xfcf01fffff 64bit pref]
[    1.898597] pci 0000:00:08.2: PCI bridge to [bus 02]
[    1.898600] pci 0000:00:08.2:   bridge window [mem 0xd0000000-0xd00fffff]
[    1.898605] pci_bus 0000:00: resource 4 [io  0x0000-0x0cf7 window]
[    1.898606] pci_bus 0000:00: resource 5 [io  0x0d00-0xffff window]
[    1.898607] pci_bus 0000:00: resource 6 [mem 0x000a0000-0x000bffff window]
[    1.898608] pci_bus 0000:00: resource 7 [mem 0x000c0000-0x000cffff window]
[    1.898609] pci_bus 0000:00: resource 8 [mem 0x000d0000-0x000effff window]
[    1.898610] pci_bus 0000:00: resource 9 [mem 0xd0000000-0xf7ffffff window]
[    1.898611] pci_bus 0000:00: resource 10 [mem 0xfc000000-0xfed3ffff window]
[    1.898612] pci_bus 0000:00: resource 11 [mem 0x450200000-0xfcffffffff window]
[    1.898613] pci_bus 0000:01: resource 0 [io  0x1000-0x1fff]
[    1.898614] pci_bus 0000:01: resource 1 [mem 0xd0100000-0xd04fffff]
[    1.898615] pci_bus 0000:01: resource 2 [mem 0xfce0000000-0xfcf01fffff 64bit pref]
[    1.898617] pci_bus 0000:02: resource 1 [mem 0xd0000000-0xd00fffff]
[    1.898752] pci 0000:01:00.1: D0 power state depends on 0000:01:00.0
[    1.898786] pci 0000:01:00.3: extending delay after power-on from D3hot to 20 msec
[    1.900507] pci 0000:01:00.4: extending delay after power-on from D3hot to 20 msec
[    2.030550] pci 0000:01:00.4: quirk_usb_early_handoff+0x0/0x750 took 126990 usecs
[    2.030564] PCI: CLS 64 bytes, default 64
[    2.030576] pci 0000:00:00.2: AMD-Vi: IOMMU performance counters supported
[    2.030635] Trying to unpack rootfs image as initramfs...
[    2.030646] pci 0000:00:00.2: can't derive routing for PCI INT A
[    2.030647] pci 0000:00:00.2: PCI INT A: not connected
[    2.030667] pci 0000:00:01.0: Adding to iommu group 0
[    2.030680] pci 0000:00:02.0: Adding to iommu group 1
[    2.030696] pci 0000:00:08.0: Adding to iommu group 2
[    2.030703] pci 0000:00:08.1: Adding to iommu group 2
[    2.030710] pci 0000:00:08.2: Adding to iommu group 2
[    2.030723] pci 0000:00:14.0: Adding to iommu group 3
[    2.030731] pci 0000:00:14.3: Adding to iommu group 3
[    2.030756] pci 0000:00:18.0: Adding to iommu group 4
[    2.030777] pci 0000:00:18.1: Adding to iommu group 4
[    2.030785] pci 0000:00:18.2: Adding to iommu group 4
[    2.030792] pci 0000:00:18.3: Adding to iommu group 4
[    2.030800] pci 0000:00:18.4: Adding to iommu group 4
[    2.030807] pci 0000:00:18.5: Adding to iommu group 4
[    2.030816] pci 0000:00:18.6: Adding to iommu group 4
[    2.030824] pci 0000:00:18.7: Adding to iommu group 4
[    2.030829] pci 0000:01:00.0: Adding to iommu group 2
[    2.030833] pci 0000:01:00.1: Adding to iommu group 2
[    2.030839] pci 0000:01:00.2: Adding to iommu group 2
[    2.030845] pci 0000:01:00.3: Adding to iommu group 2
[    2.030850] pci 0000:01:00.4: Adding to iommu group 2
[    2.030856] pci 0000:01:00.5: Adding to iommu group 2
[    2.030863] pci 0000:01:00.6: Adding to iommu group 2
[    2.030868] pci 0000:02:00.0: Adding to iommu group 2
[    2.030873] pci 0000:02:00.1: Adding to iommu group 2
[    2.032378] pci 0000:00:00.2: AMD-Vi: Found IOMMU cap 0x40
[    2.032382] AMD-Vi: Extended features (0x206d73ef22254ade): PPR X2APIC NX GT IA GA PC GA_vAPIC
[    2.032386] AMD-Vi: Interrupt remapping enabled
[    2.032387] AMD-Vi: Virtual APIC enabled
[    2.032387] AMD-Vi: X2APIC enabled
[    2.032664] software IO TLB: tearing down default memory pool
[    2.040637] LVT offset 0 assigned for vector 0x400
[    2.040988] perf: AMD IBS detected (0x000003ff)
[    2.040995] perf/amd_iommu: Detected AMD IOMMU #0 (2 banks, 4 counters/bank).
[    2.042792] Initialise system trusted keyrings
[    2.042801] Key type blacklist registered
[    2.042895] workingset: timestamp_bits=41 max_order=22 bucket_order=0
[    2.044384] zbud: loaded
[    2.047321] Key type asymmetric registered
[    2.047322] Asymmetric key parser 'x509' registered
[    2.445568] Freeing initrd memory: 6588K
[    2.448461] alg: self-tests for CTR-KDF (hmac(sha256)) passed
[    2.448502] Block layer SCSI generic (bsg) driver version 0.4 loaded (major 242)
[    2.448668] io scheduler mq-deadline registered
[    2.448672] io scheduler kyber registered
[    2.448756] io scheduler bfq registered
[    2.449746] pcieport 0000:00:08.1: PME: Signaling with IRQ 26
[    2.450074] pcieport 0000:00:08.2: PME: Signaling with IRQ 27
[    2.450168] shpchp: Standard Hot Plug PCI Controller Driver version: 0.4
[    2.451621] ACPI: AC: AC Adapter [ACAD] (on-line)
[    2.451661] input: Power Button as /devices/LNXSYSTM:00/LNXSYBUS:00/PNP0C0C:00/input/input0
[    2.451678] ACPI: button: Power Button [PWRB]
[    2.451708] input: Lid Switch as /devices/LNXSYSTM:00/LNXSYBUS:00/PNP0A08:00/device:2a/PNP0C09:00/PNP0C0D:00/input/input1
[    2.451725] ACPI: button: Lid Switch [LID0]
[    2.451763] Monitor-Mwait will be used to enter C-1 state
[    2.451766] ACPI: \_SB_.PLTF.C000: Found 3 idle states
[    2.451776] ACPI: FW issue: working around C-state latencies out of order
[    2.451874] ACPI: \_SB_.PLTF.C001: Found 3 idle states
[    2.451879] ACPI: FW issue: working around C-state latencies out of order
[    2.452101] ACPI: \_SB_.PLTF.C002: Found 3 idle states
[    2.452105] ACPI: FW issue: working around C-state latencies out of order
[    2.452189] ACPI: \_SB_.PLTF.C003: Found 3 idle states
[    2.452194] ACPI: FW issue: working around C-state latencies out of order
[    2.452614] ACPI: \_SB_.PLTF.C004: Found 3 idle states
[    2.452618] ACPI: FW issue: working around C-state latencies out of order
[    2.452726] ACPI: \_SB_.PLTF.C005: Found 3 idle states
[    2.452731] ACPI: FW issue: working around C-state latencies out of order
[    2.455004] thermal LNXTHERM:00: registered as thermal_zone0
[    2.455005] ACPI: thermal: Thermal Zone [TZ0] (40 C)
[    2.455150] Serial: 8250/16550 driver, 32 ports, IRQ sharing enabled
[    2.456730] Non-volatile memory driver v1.3
[    2.456731] Linux agpgart interface v0.103
[    2.456792] AMD-Vi: AMD IOMMUv2 loaded and initialized
[    2.456833] ACPI: bus type drm_connector registered
[    2.457932] ahci 0000:02:00.0: version 3.0
[    2.458057] ahci 0000:02:00.0: AHCI 0001.0301 32 slots 1 ports 6 Gbps 0x1 impl SATA mode
[    2.458060] ahci 0000:02:00.0: flags: 64bit ncq sntf ilck pm led clo only pmp fbs pio slum part 
[    2.458291] scsi host0: ahci
[    2.458348] ata1: SATA max UDMA/133 abar m2048@0xd0001000 port 0xd0001100 irq 29
[    2.458467] ahci 0000:02:00.1: AHCI 0001.0301 32 slots 1 ports 6 Gbps 0x1 impl SATA mode
[    2.458468] ahci 0000:02:00.1: flags: 64bit ncq sntf ilck pm led clo only pmp fbs pio slum part deso sadm sds 
[    2.458616] scsi host1: ahci
[    2.458653] ata2: SATA max UDMA/133 abar m2048@0xd0000000 port 0xd0000100 irq 31
[    2.458683] ehci_hcd: USB 2.0 'Enhanced' Host Controller (EHCI) Driver
[    2.458689] ehci-pci: EHCI PCI platform driver
[    2.458697] ohci_hcd: USB 1.1 'Open' Host Controller (OHCI) Driver
[    2.458698] ohci-pci: OHCI PCI platform driver
[    2.458704] uhci_hcd: USB Universal Host Controller Interface driver
[    2.458744] usbcore: registered new interface driver usbserial_generic
[    2.458747] usbserial: USB Serial support registered for generic
[    2.458813] rtc_cmos 00:01: RTC can wake from S4
[    2.459050] rtc_cmos 00:01: registered as rtc0
[    2.459090] rtc_cmos 00:01: setting system clock to 2022-04-05T19:58:39 UTC (1649188719)
[    2.459103] rtc_cmos 00:01: alarms up to one month, 114 bytes nvram, hpet irqs
[    2.459108] audit: type=1332 audit(1649188719.500:5): sec=1 nsec=721685488
[    2.459219] ledtrig-cpu: registered to indicate activity on CPUs
[    2.459420] efifb: probing for efifb
[    2.459470] efifb: No BGRT, not showing boot graphics
[    2.459470] efifb: framebuffer at 0xfce0000000, using 8128k, total 8128k
[    2.459471] efifb: mode is 1920x1080x32, linelength=7680, pages=1
[    2.459472] efifb: scrolling: redraw
[    2.459473] efifb: Truecolor: size=8:8:8:8, shift=24:16:8:0
[    2.459514] fbcon: Deferring console take-over
[    2.459515] fb0: EFI VGA frame buffer device
[    2.459529] hid: raw HID events driver (C) Jiri Kosina
[    2.459584] drop_monitor: Initializing network drop monitor service
[    2.459628] Initializing XFRM netlink socket
[    2.459718] NET: Registered PF_INET6 protocol family
[    2.462070] Segment Routing with IPv6
[    2.462072] RPL Segment Routing with IPv6
[    2.462080] In-situ OAM (IOAM) with IPv6
[    2.462098] NET: Registered PF_PACKET protocol family
[    2.462962] microcode: CPU0: patch_level=0x08600106
[    2.462974] microcode: CPU1: patch_level=0x08600106
[    2.462981] microcode: CPU2: patch_level=0x08600106
[    2.462991] microcode: CPU3: patch_level=0x08600106
[    2.463000] microcode: CPU4: patch_level=0x08600106
[    2.463026] microcode: CPU5: patch_level=0x08600106
[    2.463031] microcode: Microcode Update Driver: v2.2.
[    2.463156] resctrl: L3 allocation detected
[    2.463157] resctrl: MB allocation detected
[    2.463157] resctrl: L3 monitoring detected
[    2.463161] IPI shorthand broadcast: enabled
[    2.463358] registered taskstats version 1
[    2.463563] Loading compiled-in X.509 certificates
[    2.465908] Loaded X.509 cert 'Build time autogenerated kernel key: c55f1ddef02913bc5cc55272f3bdcfb9d9962090'
[    2.466616] zswap: loaded using pool lz4/z3fold
[    2.466987] Key type ._fscrypt registered
[    2.466988] Key type .fscrypt registered
[    2.466988] Key type fscrypt-provisioning registered
[    2.467032] AppArmor: AppArmor sha1 policy hashing enabled
[    2.467037] audit: type=1400 audit(1649188719.503:6): apparmor="STATUS" info="AppArmor sha1 policy hashing enabled" pid=1 comm="swapper/0"
[    2.469154] PM:   Magic number: 2:820:1000
[    2.469179] pnp 00:02: hash matches
[    2.469347] RAS: Correctable Errors collector initialized.
[    2.473255] ACPI: battery: Slot [BATT] (battery present)
[    2.770163] ata1: SATA link down (SStatus 0 SControl 300)
[    2.927690] ata2: SATA link up 6.0 Gbps (SStatus 133 SControl 300)
[    2.930495] ata2.00: ATA-11: SAMSUNG MZNLH512HALU-00000, RVT2200Q, max UDMA/133
[    2.931802] ata2.00: 1000215216 sectors, multi 16: LBA48 NCQ (depth 32), AA
[    2.934211] ata2.00: Features: Dev-Sleep NCQ-sndrcv
[    2.938329] ata2.00: configured for PIO4
[    2.938475] ata2.00: failed to enable DEVSLP
[    2.938481] ata2.00: failed to enable DIPM, Emask 0x40
[    8.601118] ata2: SATA link up 6.0 Gbps (SStatus 133 SControl 300)
[    8.612025] ata2.00: configured for PIO4
[    8.612434] scsi 1:0:0:0: Direct-Access     ATA      SAMSUNG MZNLH512 200Q PQ: 0 ANSI: 5
[    8.612929] sd 1:0:0:0: [sda] 1000215216 512-byte logical blocks: (512 GB/477 GiB)
[    8.612954] sd 1:0:0:0: [sda] Write Protect is off
[    8.612959] sd 1:0:0:0: [sda] Mode Sense: 00 3a 00 00
[    8.613000] sd 1:0:0:0: [sda] Write cache: enabled, read cache: enabled, doesn't support DPO or FUA
[    8.634213]  sda: sda1 sda2 sda3
[    8.651240] sd 1:0:0:0: [sda] Attached SCSI disk
[    8.653961] Freeing unused decrypted memory: 2036K
[    8.654304] Freeing unused kernel image (initmem) memory: 1792K
[    8.667661] Write protecting the kernel read-only data: 28672k
[    8.668460] Freeing unused kernel image (text/rodata gap) memory: 2040K
[    8.668764] Freeing unused kernel image (rodata/data gap) memory: 1268K
[    8.698187] x86/mm: Checked W+X mappings: passed, no W+X pages found.
[    8.698193] rodata_test: all tests were successful
[    8.698194] x86/mm: Checking user space page tables
[    8.726398] x86/mm: Checked W+X mappings: passed, no W+X pages found.
[    8.726412] Run /init as init process
[    8.726414]   with arguments:
[    8.726415]     /init
[    8.726415]     ahci
[    8.726416]   with environment:
[    8.726417]     HOME=/
[    8.726417]     TERM=linux
[    8.726418]     BOOT_IMAGE=/boot/vmlinuz-linux
[    8.726418]     pti=on
[    8.726419]     mem_encrypt=on
[    8.726420]     sd=ahci
[    8.726420]     pnpbios=off
[    8.726420]     spectre_v2_user=seccomp,ibpb
[    8.732919] fbcon: Taking over console
[    8.733049] Console: switching to colour frame buffer device 240x67
[    8.837971] xhci_hcd 0000:01:00.3: xHCI Host Controller
[    8.837979] xhci_hcd 0000:01:00.3: new USB bus registered, assigned bus number 1
[    8.838082] xhci_hcd 0000:01:00.3: hcc params 0x0268ffe5 hci version 0x110 quirks 0x0000020000000410
[    8.838463] usb usb1: New USB device found, idVendor=1d6b, idProduct=0002, bcdDevice= 5.17
[    8.838466] usb usb1: New USB device strings: Mfr=3, Product=2, SerialNumber=1
[    8.838467] usb usb1: Product: xHCI Host Controller
[    8.838468] usb usb1: Manufacturer: Linux 5.17.1-arch1-1 xhci-hcd
[    8.838470] usb usb1: SerialNumber: 0000:01:00.3
[    8.842344] i8042: PNP detection disabled
[    8.842965] hub 1-0:1.0: USB hub found
[    8.842978] hub 1-0:1.0: 4 ports detected
[    8.843359] xhci_hcd 0000:01:00.3: xHCI Host Controller
[    8.843364] xhci_hcd 0000:01:00.3: new USB bus registered, assigned bus number 2
[    8.843367] xhci_hcd 0000:01:00.3: Host supports USB 3.1 Enhanced SuperSpeed
[    8.843385] usb usb2: We don't know the algorithms for LPM for this host, disabling LPM.
[    8.843410] usb usb2: New USB device found, idVendor=1d6b, idProduct=0003, bcdDevice= 5.17
[    8.843412] usb usb2: New USB device strings: Mfr=3, Product=2, SerialNumber=1
[    8.843414] usb usb2: Product: xHCI Host Controller
[    8.843415] usb usb2: Manufacturer: Linux 5.17.1-arch1-1 xhci-hcd
[    8.843416] usb usb2: SerialNumber: 0000:01:00.3
[    8.843530] hub 2-0:1.0: USB hub found
[    8.843537] hub 2-0:1.0: 2 ports detected
[    8.843835] xhci_hcd 0000:01:00.4: xHCI Host Controller
[    8.843841] xhci_hcd 0000:01:00.4: new USB bus registered, assigned bus number 3
[    8.843947] xhci_hcd 0000:01:00.4: hcc params 0x0268ffe5 hci version 0x110 quirks 0x0000020000000410
[    8.844286] usb usb3: New USB device found, idVendor=1d6b, idProduct=0002, bcdDevice= 5.17
[    8.844288] usb usb3: New USB device strings: Mfr=3, Product=2, SerialNumber=1
[    8.844289] usb usb3: Product: xHCI Host Controller
[    8.844290] usb usb3: Manufacturer: Linux 5.17.1-arch1-1 xhci-hcd
[    8.844291] usb usb3: SerialNumber: 0000:01:00.4
[    8.844373] hub 3-0:1.0: USB hub found
[    8.844380] hub 3-0:1.0: 4 ports detected
[    8.844650] xhci_hcd 0000:01:00.4: xHCI Host Controller
[    8.844654] xhci_hcd 0000:01:00.4: new USB bus registered, assigned bus number 4
[    8.844657] xhci_hcd 0000:01:00.4: Host supports USB 3.1 Enhanced SuperSpeed
[    8.844675] usb usb4: We don't know the algorithms for LPM for this host, disabling LPM.
[    8.844698] usb usb4: New USB device found, idVendor=1d6b, idProduct=0003, bcdDevice= 5.17
[    8.844699] usb usb4: New USB device strings: Mfr=3, Product=2, SerialNumber=1
[    8.844700] usb usb4: Product: xHCI Host Controller
[    8.844701] usb usb4: Manufacturer: Linux 5.17.1-arch1-1 xhci-hcd
[    8.844702] usb usb4: SerialNumber: 0000:01:00.4
[    8.844774] hub 4-0:1.0: USB hub found
[    8.844780] hub 4-0:1.0: 2 ports detected
[    9.100818] usb 3-1: new high-speed USB device number 2 using xhci_hcd
[    9.118374] serio: i8042 KBD port at 0x60,0x64 irq 1
[    9.133520] input: AT Translated Set 2 keyboard as /devices/platform/i8042/serio0/input/input2
[    9.155176] PM: Image not found (code -22)
[    9.242585] usb 3-1: New USB device found, idVendor=1a40, idProduct=0801, bcdDevice= 1.00
[    9.242591] usb 3-1: New USB device strings: Mfr=0, Product=1, SerialNumber=0
[    9.242592] usb 3-1: Product: USB 2.0 Hub
[    9.293147] hub 3-1:1.0: USB hub found
[    9.293447] hub 3-1:1.0: 4 ports detected
[    9.367815] usb 4-1: new SuperSpeed USB device number 2 using xhci_hcd
[    9.395257] usb 4-1: New USB device found, idVendor=05e3, idProduct=0626, bcdDevice= 6.63
[    9.395260] usb 4-1: New USB device strings: Mfr=1, Product=2, SerialNumber=0
[    9.395261] usb 4-1: Product: USB3.1 Hub
[    9.395262] usb 4-1: Manufacturer: GenesysLogic
[    9.422020] hub 4-1:1.0: USB hub found
[    9.422833] hub 4-1:1.0: 4 ports detected
[    9.594105] usb 3-1.1: new full-speed USB device number 3 using xhci_hcd
[    9.743947] usb 3-1.1: not running at top speed; connect to a high speed hub
[    9.796711] usb 3-1.1: New USB device found, idVendor=25a4, idProduct=9311, bcdDevice= 2.01
[    9.796713] usb 3-1.1: New USB device strings: Mfr=1, Product=2, SerialNumber=3
[    9.796715] usb 3-1.1: Product: USB C Video Adaptor      
[    9.796716] usb 3-1.1: Manufacturer: USB C  
[    9.796720] usb 3-1.1: SerialNumber: 000000000001
[    9.807707] usb 4-1.2: new SuperSpeed USB device number 3 using xhci_hcd
[    9.824727] usb 4-1.2: New USB device found, idVendor=0bda, idProduct=8153, bcdDevice=30.00
[    9.824729] usb 4-1.2: New USB device strings: Mfr=1, Product=2, SerialNumber=6
[    9.824730] usb 4-1.2: Product: USB 10/100/1000 LAN
[    9.824731] usb 4-1.2: Manufacturer: Realtek
[    9.824731] usb 4-1.2: SerialNumber: 000001
[    9.897445] usb 3-1.2: new high-speed USB device number 4 using xhci_hcd
[    9.993083] usb 3-1.2: New USB device found, idVendor=05e3, idProduct=0610, bcdDevice= 6.63
[    9.993087] usb 3-1.2: New USB device strings: Mfr=1, Product=2, SerialNumber=0
[    9.993089] usb 3-1.2: Product: USB2.1 Hub
[    9.993090] usb 3-1.2: Manufacturer: GenesysLogic
[   10.029268] hub 3-1.2:1.0: USB hub found
[   10.029817] hub 3-1.2:1.0: 4 ports detected
[   10.064741] usb 4-1.4: new SuperSpeed USB device number 4 using xhci_hcd
[   10.088059] usb 4-1.4: New USB device found, idVendor=0bda, idProduct=9210, bcdDevice=20.01
[   10.088062] usb 4-1.4: New USB device strings: Mfr=1, Product=2, SerialNumber=3
[   10.088063] usb 4-1.4: Product: RTL9210
[   10.088064] usb 4-1.4: Manufacturer: Realtek
[   10.088068] usb 4-1.4: SerialNumber: 012345678904
[   10.093744] usbcore: registered new interface driver usb-storage
[   10.337442] usb 3-1.2.3: new low-speed USB device number 5 using xhci_hcd
[   10.467885] usb 3-1.2.3: New USB device found, idVendor=1bcf, idProduct=0005, bcdDevice= 0.90
[   10.467888] usb 3-1.2.3: New USB device strings: Mfr=0, Product=2, SerialNumber=0
[   10.467893] usb 3-1.2.3: Product: USB Optical Mouse
[   10.577834] scsi host2: uas
[   10.577966] usbcore: registered new interface driver uas
[   10.582678] scsi 2:0:0:0: Direct-Access     Realtek  RTL9210 NVME     1.00 PQ: 0 ANSI: 6
[   10.586120] input: USB Optical Mouse as /devices/pci0000:00/0000:00:08.1/0000:01:00.4/usb3/3-1/3-1.2/3-1.2.3/3-1.2.3:1.0/0003:1BCF:0005.0001/input/input3
[   10.586410] hid-generic 0003:1BCF:0005.0001: input,hidraw0: USB HID v1.10 Mouse [USB Optical Mouse] on usb-0000:01:00.4-1.2.3/input0
[   10.586465] usbcore: registered new interface driver usbhid
[   10.586467] usbhid: USB HID core driver
[   10.608192] sd 2:0:0:0: [sdb] 1000215216 512-byte logical blocks: (512 GB/477 GiB)
[   10.610735] sd 2:0:0:0: [sdb] Write Protect is off
[   10.610738] sd 2:0:0:0: [sdb] Mode Sense: 37 00 00 08
[   10.615248] sd 2:0:0:0: [sdb] Write cache: enabled, read cache: enabled, doesn't support DPO or FUA
[   10.619155] sd 2:0:0:0: [sdb] Optimal transfer size 33553920 bytes
[   10.659626]  sdb: sdb1
[   10.732907] sd 2:0:0:0: [sdb] Attached SCSI disk
[   12.586022] EXT4-fs (sda2): mounted filesystem with ordered data mode. Quota mode: none.
[   12.721302] request_module fs-efivarfs succeeded, but still no fs?
[   12.739907] audit: type=1334 audit(1649188729.776:7): prog-id=1 op=LOAD
[   12.739919] audit: type=1300 audit(1649188729.776:7): arch=c000003e syscall=321 success=yes exit=4 a0=5 a1=7ffff8010280 a2=90 a3=2 items=0 ppid=2 pid=235 auid=4294967295 uid=0 gid=0 euid=0 suid=0 fsuid=0 egid=0 sgid=0 fsgid=0 tty=(none) ses=4294967295 comm="bpf_preload" exe="/bpf_preload" subj==unconfined key=(null)
[   12.739921] audit: type=1327 audit(1649188729.776:7): proctitle="bpf_preload"
[   12.739928] audit: type=1334 audit(1649188729.776:8): prog-id=0 op=UNLOAD
[   12.746299] audit: type=1334 audit(1649188729.783:9): prog-id=2 op=LOAD
[   12.746305] audit: type=1300 audit(1649188729.783:9): arch=c000003e syscall=321 success=yes exit=6 a0=5 a1=7ffff8010030 a2=90 a3=5 items=0 ppid=2 pid=235 auid=4294967295 uid=0 gid=0 euid=0 suid=0 fsuid=0 egid=0 sgid=0 fsgid=0 tty=(none) ses=4294967295 comm="bpf_preload" exe="/bpf_preload" subj==unconfined key=(null)
[   12.746309] audit: type=1327 audit(1649188729.783:9): proctitle="bpf_preload"
[   12.746323] audit: type=1334 audit(1649188729.783:10): prog-id=0 op=UNLOAD
[   12.746403] audit: type=1334 audit(1649188729.783:11): prog-id=3 op=LOAD
[   12.746405] audit: type=1300 audit(1649188729.783:11): arch=c000003e syscall=321 success=yes exit=5 a0=5 a1=7ffff800ffc0 a2=90 a3=2 items=0 ppid=2 pid=235 auid=4294967295 uid=0 gid=0 euid=0 suid=0 fsuid=0 egid=0 sgid=0 fsgid=0 tty=(none) ses=4294967295 comm="bpf_preload" exe="/bpf_preload" subj==unconfined key=(null)
[   12.758855] systemd[1]: systemd 250.4-2-arch running in system mode (+PAM +AUDIT -SELINUX -APPARMOR -IMA +SMACK +SECCOMP +GCRYPT +GNUTLS +OPENSSL +ACL +BLKID +CURL +ELFUTILS +FIDO2 +IDN2 -IDN +IPTC +KMOD +LIBCRYPTSETUP +LIBFDISK +PCRE2 -PWQUALITY +P11KIT -QRENCODE +BZIP2 +LZ4 +XZ +ZLIB +ZSTD -BPF_FRAMEWORK +XKBCOMMON +UTMP -SYSVINIT default-hierarchy=unified)
[   12.774600] systemd[1]: Detected architecture x86-64.
[   12.775730] systemd[1]: Hostname set to <mksredmibook14ii>.
[   12.951301] systemd[1]: Queued start job for default target Graphical Interface.
[   12.952578] systemd[1]: Created slice Slice /system/getty.
[   12.952916] systemd[1]: Created slice Slice /system/modprobe.
[   12.953253] systemd[1]: Created slice Slice /system/systemd-fsck.
[   12.953532] systemd[1]: Created slice Slice /system/urxvtd.
[   12.953757] systemd[1]: Created slice User and Session Slice.
[   12.953864] systemd[1]: Started Dispatch Password Requests to Console Directory Watch.
[   12.953958] systemd[1]: Started Forward Password Requests to Wall Directory Watch.
[   12.954152] systemd[1]: Set up automount Arbitrary Executable File Formats File System Automount Point.
[   12.954253] systemd[1]: Reached target Local Encrypted Volumes.
[   12.954305] systemd[1]: Reached target Login Prompts.
[   12.954354] systemd[1]: Reached target Local Integrity Protected Volumes.
[   12.954412] systemd[1]: Reached target Path Units.
[   12.954466] systemd[1]: Reached target Remote File Systems.
[   12.954514] systemd[1]: Reached target Slice Units.
[   12.954570] systemd[1]: Reached target Local Verity Protected Volumes.
[   12.954670] systemd[1]: Listening on Device-mapper event daemon FIFOs.
[   12.955032] systemd[1]: Listening on LVM2 poll daemon socket.
[   12.955995] systemd[1]: Listening on Process Core Dump Socket.
[   12.957353] systemd[1]: Listening on Journal Audit Socket.
[   12.957500] systemd[1]: Listening on Journal Socket (/dev/log).
[   12.957645] systemd[1]: Listening on Journal Socket.
[   12.958836] systemd[1]: Listening on udev Control Socket.
[   12.958957] systemd[1]: Listening on udev Kernel Socket.
[   12.959993] systemd[1]: Mounting Huge Pages File System...
[   12.960754] systemd[1]: Mounting POSIX Message Queue File System...
[   12.961482] systemd[1]: Mounting Kernel Debug File System...
[   12.962380] systemd[1]: Mounting Kernel Trace File System...
[   12.963239] systemd[1]: Starting Load AppArmor profiles...
[   12.964232] systemd[1]: Starting Create List of Static Device Nodes...
[   12.965174] systemd[1]: Starting Monitoring of LVM2 mirrors, snapshots etc. using dmeventd or progress polling...
[   12.965961] systemd[1]: Starting Load Kernel Module configfs...
[   12.966791] systemd[1]: Starting Load Kernel Module drm...
[   12.967648] systemd[1]: Starting Load Kernel Module fuse...
[   12.967763] systemd[1]: File System Check on Root Device was skipped because of a failed condition check (ConditionPathIsReadWrite=!/).
[   12.969310] systemd[1]: Starting Journal Service...
[   12.973042] systemd[1]: Starting Load Kernel Modules...
[   12.973846] systemd[1]: Starting Remount Root and Kernel File Systems...
[   12.973965] systemd[1]: Repartition Root Disk was skipped because all trigger condition checks failed.
[   12.974745] systemd[1]: Starting Coldplug All udev Devices...
[   12.976066] systemd[1]: Mounted Huge Pages File System.
[   12.976238] systemd[1]: Mounted POSIX Message Queue File System.
[   12.976353] systemd[1]: Mounted Kernel Debug File System.
[   12.976462] systemd[1]: Mounted Kernel Trace File System.
[   12.976686] systemd[1]: Finished Create List of Static Device Nodes.
[   12.976994] systemd[1]: modprobe@configfs.service: Deactivated successfully.
[   12.977114] systemd[1]: Finished Load Kernel Module configfs.
[   12.977382] systemd[1]: modprobe@drm.service: Deactivated successfully.
[   12.977511] systemd[1]: Finished Load Kernel Module drm.
[   12.978455] systemd[1]: Mounting Kernel Configuration File System...
[   12.979575] fuse: init (API version 7.36)
[   12.980538] systemd[1]: modprobe@fuse.service: Deactivated successfully.
[   12.980696] systemd[1]: Finished Load Kernel Module fuse.
[   12.980979] systemd[1]: Mounted Kernel Configuration File System.
[   12.982441] systemd[1]: Mounting FUSE Control File System...
[   12.983760] EXT4-fs (sda2): re-mounted. Quota mode: none.
[   12.984512] systemd[1]: Finished Remount Root and Kernel File Systems.
[   12.984758] systemd[1]: First Boot Wizard was skipped because of a failed condition check (ConditionFirstBoot=yes).
[   12.998432] systemd[1]: Rebuild Hardware Database was skipped because of a failed condition check (ConditionNeedsUpdate=/etc).
[   12.999702] systemd[1]: Starting Load/Save Random Seed...
[   12.999965] systemd[1]: Create System Users was skipped because of a failed condition check (ConditionNeedsUpdate=/etc).
[   13.000935] systemd[1]: Starting Create Static Device Nodes in /dev...
[   13.001648] systemd[1]: Mounted FUSE Control File System.
[   13.005977] sd 1:0:0:0: Attached scsi generic sg0 type 0
[   13.006018] sd 2:0:0:0: Attached scsi generic sg1 type 0
[   13.017588] IPMI message handler: version 39.2
[   13.024012] ipmi device interface
[   13.025055] systemd[1]: Finished Load Kernel Modules.
[   13.026183] systemd[1]: Starting Apply Kernel Variables...
[   13.026577] systemd[1]: Finished Load/Save Random Seed.
[   13.026813] systemd[1]: First Boot Complete was skipped because of a failed condition check (ConditionFirstBoot=yes).
[   13.041022] systemd[1]: Finished Apply Kernel Variables.
[   13.056477] systemd[1]: Started Journal Service.
[   13.062292] systemd-journald[261]: Received client request to flush runtime journal.
[   13.280920] piix4_smbus 0000:00:14.0: SMBus Host Controller at 0xb00, revision 0
[   13.280927] piix4_smbus 0000:00:14.0: Using register 0x02 for SMBus port selection
[   13.281019] piix4_smbus 0000:00:14.0: Auxiliary SMBus Host Controller at 0xb20
[   13.297544] acpi_cpufreq: overriding BIOS provided _PSD data
[   13.366734] sp5100_tco: SP5100/SB800 TCO WatchDog Timer Driver
[   13.367099] sp5100-tco sp5100-tco: Using 0xfeb00000 for watchdog MMIO address
[   13.367617] sp5100-tco sp5100-tco: initialized. heartbeat=60 sec (nowayout=0)
[   13.374636] ACPI: video: Video Device [VGA] (multi-head: yes  rom: no  post: no)
[   13.377488] acpi PNP0C14:01: duplicate WMI GUID 05901221-D566-11D1-B2F0-00A0C9062910 (first instance was on PNP0C14:00)
[   13.377643] acpi device:0e: registered as cooling_device6
[   13.377724] input: Video Bus as /devices/LNXSYSTM:00/LNXSYBUS:00/PNP0A08:00/device:0d/LNXVIDEO:00/input/input4
[   13.528359] input: GXT7863:00 27C6:01E0 Mouse as /devices/platform/AMDI0010:03/i2c-0/i2c-GXT7863:00/0018:27C6:01E0.0002/input/input5
[   13.528429] input: GXT7863:00 27C6:01E0 Touchpad as /devices/platform/AMDI0010:03/i2c-0/i2c-GXT7863:00/0018:27C6:01E0.0002/input/input6
[   13.528483] hid-generic 0018:27C6:01E0.0002: input,hidraw1: I2C HID v1.00 Mouse [GXT7863:00 27C6:01E0] on i2c-GXT7863:00
[   13.678794] ccp 0000:01:00.2: enabling device (0000 -> 0002)
[   13.679013] ccp 0000:01:00.2: ccp: unable to access the device: you might be running a broken BIOS.
[   13.690787] ccp 0000:01:00.2: tee enabled
[   13.690795] ccp 0000:01:00.2: psp enabled
[   13.813474] snd_rn_pci_acp3x 0000:01:00.5: enabling device (0000 -> 0002)
[   13.858248] usbcore: registered new interface driver r8152
[   13.889426] usbcore: registered new interface driver cdc_ether
[   13.939446] usbcore: registered new interface driver r8153_ecm
[   13.965048] Adding 17380016k swap on /dev/sda3.  Priority:-2 extents:1 across:17380016k SSFS
[   13.996941] usb 4-1.2: reset SuperSpeed USB device number 3 using xhci_hcd
[   14.013054] snd_hda_intel 0000:01:00.1: enabling device (0000 -> 0002)
[   14.013173] snd_hda_intel 0000:01:00.1: Handle vga_switcheroo audio client
[   14.013342] snd_hda_intel 0000:01:00.6: enabling device (0000 -> 0002)
[   14.016815] [drm] amdgpu kernel modesetting enabled.
[   14.019866] RAPL PMU: API unit is 2^-32 Joules, 1 fixed counters, 163840 ms ovfl timer
[   14.019869] RAPL PMU: hw unit of domain package 2^-16 Joules
[   14.034608] amdgpu: Virtual CRAT table created for CPU
[   14.034641] amdgpu: Topology: Add CPU node
[   14.034738] checking generic (fce0000000 7f0000) vs hw (fce0000000 10000000)
[   14.034741] checking generic (fce0000000 7f0000) vs hw (fce0000000 10000000)
[   14.034742] fb0: switching to amdgpu from EFI VGA
[   14.034968] Console: switching to colour dummy device 80x25
[   14.035111] amdgpu 0000:01:00.0: vgaarb: deactivate vga console
[   14.035223] amdgpu 0000:01:00.0: enabling device (0006 -> 0007)
[   14.035310] [drm] initializing kernel modesetting (RENOIR 0x1002:0x1636 0x1D72:0x1951 0xC3).
[   14.035315] amdgpu 0000:01:00.0: amdgpu: Trusted Memory Zone (TMZ) feature enabled
[   14.035844] [drm] register mmio base: 0xD0400000
[   14.035846] [drm] register mmio size: 524288
[   14.035851] [drm] virtual display string:NULL, 0000:01:00.0:virtual_display:0, num_crtc:0
[   14.036843] [drm] add ip block number 0 <soc15_common>
[   14.036845] [drm] add ip block number 1 <gmc_v9_0>
[   14.036846] [drm] add ip block number 2 <vega10_ih>
[   14.036847] [drm] add ip block number 3 <psp>
[   14.036848] [drm] add ip block number 4 <smu>
[   14.036849] [drm] add ip block number 5 <dm>
[   14.036850] [drm] add ip block number 6 <gfx_v9_0>
[   14.036851] [drm] add ip block number 7 <sdma_v4_0>
[   14.036852] [drm] add ip block number 8 <vcn_v2_0>
[   14.036853] [drm] add ip block number 9 <jpeg_v2_0>
[   14.036872] amdgpu 0000:01:00.0: amdgpu: Fetched VBIOS from VFCT
[   14.036875] amdgpu: ATOM BIOS: 113-RENOIR-026
[   14.041637] cryptd: max_cpu_qlen set to 1000
[   14.042023] [drm] VCN decode is enabled in VM mode
[   14.042028] [drm] VCN encode is enabled in VM mode
[   14.042029] [drm] JPEG decode is enabled in VM mode
[   14.042035] amdgpu 0000:01:00.0: amdgpu: PCIE atomic ops is not supported
[   14.042112] [drm] vm size is 262144 GB, 4 levels, block size is 9-bit, fragment size is 9-bit
[   14.042121] amdgpu 0000:01:00.0: amdgpu: VRAM: 512M 0x000000F400000000 - 0x000000F41FFFFFFF (512M used)
[   14.042123] amdgpu 0000:01:00.0: amdgpu: GART: 1024M 0x0000000000000000 - 0x000000003FFFFFFF
[   14.042125] amdgpu 0000:01:00.0: amdgpu: AGP: 267419648M 0x000000F800000000 - 0x0000FFFFFFFFFFFF
[   14.042131] [drm] Detected VRAM RAM=512M, BAR=512M
[   14.042132] [drm] RAM width 128bits DDR4
[   14.042192] [drm] amdgpu: 512M of VRAM memory ready
[   14.042193] [drm] amdgpu: 3072M of GTT memory ready.
[   14.042205] [drm] GART: num cpu pages 262144, num gpu pages 262144
[   14.042306] [drm] PCIE GART of 1024M enabled.
[   14.042307] [drm] PTB located at 0x000000F400900000
[   14.052215] amdgpu 0000:01:00.0: amdgpu: PSP runtime database doesn't exist
[   14.057261] r8152 4-1.2:1.0: load rtl8153a-4 v2 02/07/20 successfully
[   14.058876] [drm] Loading DMUB firmware via PSP: version=0x0101001F
[   14.074938] input: HD-Audio Generic HDMI/DP,pcm=3 as /devices/pci0000:00/0000:00:08.1/0000:01:00.1/sound/card0/input8
[   14.074989] input: HD-Audio Generic HDMI/DP,pcm=7 as /devices/pci0000:00/0000:00:08.1/0000:01:00.1/sound/card0/input9
[   14.076108] mousedev: PS/2 mouse device common for all mice
[   14.084831] r8152 4-1.2:1.0 eth0: v1.12.12
[   14.099934] [drm] Found VCN firmware Version ENC: 1.16 DEC: 5 VEP: 0 Revision: 3
[   14.099966] amdgpu 0000:01:00.0: amdgpu: Will use PSP to load VCN firmware
[   14.102631] snd_hda_codec_realtek hdaudioC1D0: autoconfig for ALC256: line_outs=1 (0x14/0x0/0x0/0x0/0x0) type:speaker
[   14.102637] snd_hda_codec_realtek hdaudioC1D0:    speaker_outs=0 (0x0/0x0/0x0/0x0/0x0)
[   14.102639] snd_hda_codec_realtek hdaudioC1D0:    hp_outs=1 (0x21/0x0/0x0/0x0/0x0)
[   14.102641] snd_hda_codec_realtek hdaudioC1D0:    mono: mono_out=0x0
[   14.102642] snd_hda_codec_realtek hdaudioC1D0:    inputs:
[   14.102643] snd_hda_codec_realtek hdaudioC1D0:      Mic=0x19
[   14.103005] AVX2 version of gcm_enc/dec engaged.
[   14.103113] AES CTR mode by8 optimization enabled
[   14.188422] input: HD-Audio Generic Mic as /devices/pci0000:00/0000:00:08.1/0000:01:00.6/sound/card1/input10
[   14.188640] input: HD-Audio Generic Headphone as /devices/pci0000:00/0000:00:08.1/0000:01:00.6/sound/card1/input11
[   14.222407] MCE: In-kernel MCE decoding enabled.
[   14.289393] r8152 4-1.2:1.0 enp1s0f4u1u2: renamed from eth0
[   14.322697] input: GXT7863:00 27C6:01E0 Mouse as /devices/platform/AMDI0010:03/i2c-0/i2c-GXT7863:00/0018:27C6:01E0.0002/input/input12
[   14.322801] input: GXT7863:00 27C6:01E0 Touchpad as /devices/platform/AMDI0010:03/i2c-0/i2c-GXT7863:00/0018:27C6:01E0.0002/input/input13
[   14.322876] hid-multitouch 0018:27C6:01E0.0002: input,hidraw1: I2C HID v1.00 Mouse [GXT7863:00 27C6:01E0] on i2c-GXT7863:00
[   14.387273] intel_rapl_common: Found RAPL domain package
[   14.387277] intel_rapl_common: Found RAPL domain core
[   14.750959] [drm] reserve 0x400000 from 0xf41f800000 for PSP TMR
[   14.829989] amdgpu 0000:01:00.0: amdgpu: RAS: optional ras ta ucode is not available
[   14.837979] amdgpu 0000:01:00.0: amdgpu: RAP: optional rap ta ucode is not available
[   14.837980] amdgpu 0000:01:00.0: amdgpu: SECUREDISPLAY: securedisplay ta ucode is not available
[   14.838210] amdgpu 0000:01:00.0: amdgpu: SMU is initialized successfully!
[   14.838490] [drm] Display Core initialized with v3.2.167!
[   14.839046] [drm] DMUB hardware initialized: version=0x0101001F
[   14.964226] ucsi_acpi USBC000:00: PPM init failed (-110)
[   15.045327] [drm] kiq ring mec 2 pipe 1 q 0
[   15.047697] [drm] VCN decode and encode initialized successfully(under DPG Mode).
[   15.047709] [drm] JPEG decode initialized successfully.
[   15.049229] kfd kfd: amdgpu: Allocated 3969056 bytes on gart
[   15.065915] memmap_init_zone_device initialised 131072 pages in 0ms
[   15.065931] amdgpu: HMM registered 512MB device memory
[   15.065971] amdgpu: SRAT table not found
[   15.065972] amdgpu: Virtual CRAT table created for GPU
[   15.066693] amdgpu: Topology: Add dGPU node [0x1636:0x1002]
[   15.066697] kfd kfd: amdgpu: added device 1002:1636
[   15.066772] amdgpu 0000:01:00.0: amdgpu: SE 1, SH per SE 1, CU per SH 8, active_cu_number 6
[   15.066899] amdgpu 0000:01:00.0: amdgpu: ring gfx uses VM inv eng 0 on hub 0
[   15.066901] amdgpu 0000:01:00.0: amdgpu: ring comp_1.0.0 uses VM inv eng 1 on hub 0
[   15.066902] amdgpu 0000:01:00.0: amdgpu: ring comp_1.1.0 uses VM inv eng 4 on hub 0
[   15.066903] amdgpu 0000:01:00.0: amdgpu: ring comp_1.2.0 uses VM inv eng 5 on hub 0
[   15.066904] amdgpu 0000:01:00.0: amdgpu: ring comp_1.3.0 uses VM inv eng 6 on hub 0
[   15.066905] amdgpu 0000:01:00.0: amdgpu: ring comp_1.0.1 uses VM inv eng 7 on hub 0
[   15.066906] amdgpu 0000:01:00.0: amdgpu: ring comp_1.1.1 uses VM inv eng 8 on hub 0
[   15.066907] amdgpu 0000:01:00.0: amdgpu: ring comp_1.2.1 uses VM inv eng 9 on hub 0
[   15.066908] amdgpu 0000:01:00.0: amdgpu: ring comp_1.3.1 uses VM inv eng 10 on hub 0
[   15.066909] amdgpu 0000:01:00.0: amdgpu: ring kiq_2.1.0 uses VM inv eng 11 on hub 0
[   15.066910] amdgpu 0000:01:00.0: amdgpu: ring sdma0 uses VM inv eng 0 on hub 1
[   15.066911] amdgpu 0000:01:00.0: amdgpu: ring vcn_dec uses VM inv eng 1 on hub 1
[   15.066911] amdgpu 0000:01:00.0: amdgpu: ring vcn_enc0 uses VM inv eng 4 on hub 1
[   15.066912] amdgpu 0000:01:00.0: amdgpu: ring vcn_enc1 uses VM inv eng 5 on hub 1
[   15.066913] amdgpu 0000:01:00.0: amdgpu: ring jpeg_dec uses VM inv eng 6 on hub 1
[   15.070027] [drm] Initialized amdgpu 3.44.0 20150101 for 0000:01:00.0 on minor 0
[   15.076431] fbcon: amdgpudrmfb (fb0) is primary device
[   15.143140] Console: switching to colour frame buffer device 240x67
[   15.161932] amdgpu 0000:01:00.0: [drm] fb0: amdgpudrmfb frame buffer device
[   17.533554] IPv6: ADDRCONF(NETDEV_CHANGE): enp1s0f4u1u2: link becomes ready
[   17.533800] r8152 4-1.2:1.0 enp1s0f4u1u2: carrier on
[  155.930786] ip6tables deny: IN= OUT=enp1s0f4u1u2 SRC=0000:0000:0000:0000:0000:0000:0000:0000 DST=ff02:0000:0000:0000:0000:0000:0000:0016 LEN=76 TC=0 HOPLIMIT=1 FLOWLBL=0 PROTO=ICMPv6 TYPE=143 CODE=0 MARK=0xd4 
[  156.160828] ip6tables deny: IN= OUT=enp1s0f4u1u2 SRC=0000:0000:0000:0000:0000:0000:0000:0000 DST=ff02:0000:0000:0000:0000:0001:ffaa:6e29 LEN=72 TC=0 HOPLIMIT=255 FLOWLBL=0 PROTO=ICMPv6 TYPE=135 CODE=0 
[  156.717463] ip6tables deny: IN= OUT=enp1s0f4u1u2 SRC=0000:0000:0000:0000:0000:0000:0000:0000 DST=ff02:0000:0000:0000:0000:0000:0000:0016 LEN=76 TC=0 HOPLIMIT=1 FLOWLBL=0 PROTO=ICMPv6 TYPE=143 CODE=0 MARK=0xd4 
[  157.170887] ip6tables deny: IN= OUT=enp1s0f4u1u2 SRC=fe80:0000:0000:0000:3e5d:9937:dfaa:6e29 DST=ff02:0000:0000:0000:0000:0000:0000:0016 LEN=76 TC=0 HOPLIMIT=1 FLOWLBL=0 PROTO=ICMPv6 TYPE=143 CODE=0 MARK=0xd4 
[  157.370306] ip6tables deny: IN= OUT=enp1s0f4u1u2 SRC=fe80:0000:0000:0000:3e5d:9937:dfaa:6e29 DST=ff02:0000:0000:0000:0000:0000:0000:0002 LEN=48 TC=0 HOPLIMIT=255 FLOWLBL=733114 PROTO=ICMPv6 TYPE=133 CODE=0 
[  158.050830] ip6tables deny: IN= OUT=enp1s0f4u1u2 SRC=fe80:0000:0000:0000:3e5d:9937:dfaa:6e29 DST=ff02:0000:0000:0000:0000:0000:0000:0016 LEN=76 TC=0 HOPLIMIT=1 FLOWLBL=0 PROTO=ICMPv6 TYPE=143 CODE=0 MARK=0xd4 
[  160.954591] ip6tables deny: IN= OUT=enp1s0f4u1u2 SRC=fe80:0000:0000:0000:3e5d:9937:dfaa:6e29 DST=ff02:0000:0000:0000:0000:0000:0000:0016 LEN=76 TC=0 HOPLIMIT=1 FLOWLBL=0 PROTO=ICMPv6 TYPE=143 CODE=0 MARK=0xd4 
[  161.087474] ip6tables deny: IN= OUT=enp1s0f4u1u2 SRC=fe80:0000:0000:0000:3e5d:9937:dfaa:6e29 DST=ff02:0000:0000:0000:0000:0000:0000:0016 LEN=76 TC=0 HOPLIMIT=1 FLOWLBL=0 PROTO=ICMPv6 TYPE=143 CODE=0 MARK=0xd4 
[  161.568941] ip6tables deny: IN= OUT=enp1s0f4u1u2 SRC=fe80:0000:0000:0000:3e5d:9937:dfaa:6e29 DST=ff02:0000:0000:0000:0000:0000:0000:0002 LEN=48 TC=0 HOPLIMIT=255 FLOWLBL=733114 PROTO=ICMPv6 TYPE=133 CODE=0 
[  161.784223] ip6tables deny: IN= OUT=enp1s0f4u1u2 SRC=fe80:0000:0000:0000:3e5d:9937:dfaa:6e29 DST=ff02:0000:0000:0000:0000:0000:0000:0016 LEN=76 TC=0 HOPLIMIT=1 FLOWLBL=0 PROTO=ICMPv6 TYPE=143 CODE=0 MARK=0xd4 
[  170.347642] ip6tables deny: IN= OUT=enp1s0f4u1u2 SRC=fe80:0000:0000:0000:3e5d:9937:dfaa:6e29 DST=ff02:0000:0000:0000:0000:0000:0000:0002 LEN=48 TC=0 HOPLIMIT=255 FLOWLBL=733114 PROTO=ICMPv6 TYPE=133 CODE=0 
