[    0.000000] Linux version 5.15.7-arch1-1 (linux@archlinux) (gcc (GCC) 11.1.0, GNU ld (GNU Binutils) 2.36.1) #1 SMP PREEMPT Wed, 08 Dec 2021 14:33:16 +0000
[    0.000000] Command line: BOOT_IMAGE=/boot/vmlinuz-linux root=UUID=a1e2e1f9-dbcb-484e-a242-73d5754f8d98 rw quiet resume=UUID=36238c5a-d1ff-4e5f-986a-4d302098cfd7 loglevel=3 audit=0 lsm=landlock,lockdown,yama,apparmor,bpf l1tf=full,force mds=full,nosmt mitigations=auto,nosmt nosmt=force init_on_alloc=1 init_on_free=1 randomize_kstack_offset=on slab_nomerge pti=on slub_debug=ZF slub_debug=P page_poison=1 mem_encrypt=on
[    0.000000] x86/fpu: Supporting XSAVE feature 0x001: 'x87 floating point registers'
[    0.000000] x86/fpu: Supporting XSAVE feature 0x002: 'SSE registers'
[    0.000000] x86/fpu: Supporting XSAVE feature 0x004: 'AVX registers'
[    0.000000] x86/fpu: xstate_offset[2]:  576, xstate_sizes[2]:  256
[    0.000000] x86/fpu: Enabled xstate features 0x7, context size is 832 bytes, using 'compacted' format.
[    0.000000] signal: max sigframe size: 1776
[    0.000000] SMT: Force disabled
[    0.000000] BIOS-provided physical RAM map:
[    0.000000] BIOS-e820: [mem 0x0000000000000000-0x000000000009efff] usable
[    0.000000] BIOS-e820: [mem 0x000000000009f000-0x00000000000bffff] reserved
[    0.000000] BIOS-e820: [mem 0x0000000000100000-0x0000000009afffff] usable
[    0.000000] BIOS-e820: [mem 0x0000000009b00000-0x0000000009dfffff] reserved
[    0.000000] BIOS-e820: [mem 0x0000000009e00000-0x0000000009efffff] usable
[    0.000000] BIOS-e820: [mem 0x0000000009f00000-0x0000000009f0ffff] ACPI NVS
[    0.000000] BIOS-e820: [mem 0x0000000009f10000-0x00000000bab68fff] usable
[    0.000000] BIOS-e820: [mem 0x00000000bab69000-0x00000000bbd68fff] reserved
[    0.000000] BIOS-e820: [mem 0x00000000bbd69000-0x00000000c9f7efff] usable
[    0.000000] BIOS-e820: [mem 0x00000000c9f7f000-0x00000000caf7efff] type 20
[    0.000000] BIOS-e820: [mem 0x00000000caf7f000-0x00000000ccf7efff] reserved
[    0.000000] BIOS-e820: [mem 0x00000000ccf7f000-0x00000000cdf7efff] ACPI NVS
[    0.000000] BIOS-e820: [mem 0x00000000cdf7f000-0x00000000cdffefff] ACPI data
[    0.000000] BIOS-e820: [mem 0x00000000cdfff000-0x00000000cdffffff] usable
[    0.000000] BIOS-e820: [mem 0x00000000ce000000-0x00000000ceffffff] reserved
[    0.000000] BIOS-e820: [mem 0x00000000f8000000-0x00000000fbffffff] reserved
[    0.000000] BIOS-e820: [mem 0x00000000fde00000-0x00000000fdefffff] reserved
[    0.000000] BIOS-e820: [mem 0x00000000fec00000-0x00000000fec00fff] reserved
[    0.000000] BIOS-e820: [mem 0x00000000fec10000-0x00000000fec10fff] reserved
[    0.000000] BIOS-e820: [mem 0x00000000fec20000-0x00000000fec20fff] reserved
[    0.000000] BIOS-e820: [mem 0x00000000fed80000-0x00000000fed80fff] reserved
[    0.000000] BIOS-e820: [mem 0x00000000fee00000-0x00000000fee00fff] reserved
[    0.000000] BIOS-e820: [mem 0x00000000ff000000-0x00000000fff2ffff] reserved
[    0.000000] BIOS-e820: [mem 0x0000000100000000-0x000000040f33ffff] usable
[    0.000000] BIOS-e820: [mem 0x000000040f340000-0x000000042fffffff] reserved
[    0.000000] NX (Execute Disable) protection: active
[    0.000000] efi: EFI v2.70 by INSYDE Corp.
[    0.000000] efi: ACPI=0xcdffe000 ACPI 2.0=0xcdffe014 TPMFinalLog=0xcdf2c000 SMBIOS=0xcb70c000 SMBIOS 3.0=0xcb70a000 ESRT=0xcb70d418 
[    0.000000] SMBIOS 3.2.0 present.
[    0.000000] DMI: TIMI RedmiBook 14 II/TM1951, BIOS RMARN4B0P0909 08/19/2020
[    0.000000] tsc: Fast TSC calibration using PIT
[    0.000000] tsc: Detected 2370.454 MHz processor
[    0.000544] e820: update [mem 0x00000000-0x00000fff] usable ==> reserved
[    0.000546] e820: remove [mem 0x000a0000-0x000fffff] usable
[    0.000551] last_pfn = 0x40f340 max_arch_pfn = 0x400000000
[    0.000727] x86/PAT: Configuration [0-7]: WB  WC  UC- UC  WB  WP  UC- WT  
[    0.000947] last_pfn = 0xce000 max_arch_pfn = 0x400000000
[    0.010345] esrt: Reserving ESRT space from 0x00000000cb70d418 to 0x00000000cb70d450.
[    0.010353] Kernel/User page tables isolation: force enabled on command line.
[    0.010354] Using GB pages for direct mapping
[    0.010928] Secure boot disabled
[    0.010929] RAMDISK: [mem 0x36b1f000-0x37586fff]
[    0.010934] ACPI: Early table checksum verification disabled
[    0.010937] ACPI: RSDP 0x00000000CDFFE014 000024 (v02 XMCC  )
[    0.010940] ACPI: XSDT 0x00000000CDFCE188 000134 (v01 XMCC   XMCC1951 00000002      01000013)
[    0.010945] ACPI: FACP 0x00000000CDFEC000 00010C (v05 XMCC   XMCC1951 00000002      01000013)
[    0.010949] ACPI: DSDT 0x00000000CDFDF000 006545 (v01 XMCC   XMCC1951 00000002      01000013)
[    0.010951] ACPI: FACS 0x00000000CDF29000 000040
[    0.010953] ACPI: UEFI 0x00000000CDF7E000 000236 (v01 INSYDE H2O BIOS 00000001 ACPI 00040000)
[    0.010955] ACPI: SSDT 0x00000000CDFF5000 007216 (v02 AMD    AmdTable 00000002 MSFT 04000000)
[    0.010957] ACPI: IVRS 0x00000000CDFF4000 0001A4 (v02 AMD    AmdTable 00000001 AMD  00000000)
[    0.010959] ACPI: SSDT 0x00000000CDFF3000 000228 (v01 AMD    STD3     00000001 INTL 20130117)
[    0.010962] ACPI: SSDT 0x00000000CDFF2000 000D61 (v01 XMCC   XMCC1806 00003000 INTL 20130117)
[    0.010964] ACPI: SSDT 0x00000000CDFF1000 00046D (v01 Insyde TPMACPI  00001000 INTL 20130117)
[    0.010966] ACPI: TPM2 0x00000000CDFF0000 000034 (v04 XMCC   XMCC1951 00000002      01000013)
[    0.010968] ACPI: MSDM 0x00000000CDFEF000 000055 (v03 INSYDE H2O BIOS 00000001 ACPI 00040000)
[    0.010970] ACPI: ASF! 0x00000000CDFEE000 0000A5 (v32 XMCC   XMCC1951 00000002      01000013)
[    0.010972] ACPI: BOOT 0x00000000CDFED000 000028 (v01 XMCC   XMCC1951 00000002      01000013)
[    0.010975] ACPI: HPET 0x00000000CDFEB000 000038 (v01 XMCC   XMCC1951 00000002      01000013)
[    0.010977] ACPI: APIC 0x00000000CDFEA000 000138 (v03 XMCC   XMCC1951 00000002      01000013)
[    0.010979] ACPI: MCFG 0x00000000CDFE9000 00003C (v01 XMCC   XMCC1951 00000002      01000013)
[    0.010981] ACPI: SLIC 0x00000000CDFE8000 000176 (v01 XMCC   XMCC1951 00000002      01000013)
[    0.010983] ACPI: SSDT 0x00000000CDFDE000 000080 (v01 XMCC   XMCC1951 00000002      01000013)
[    0.010985] ACPI: VFCT 0x00000000CDFD0000 00D484 (v01 XMCC   XMCC1951 00000001 AMD  31504F47)
[    0.010987] ACPI: SSDT 0x00000000CDFCF000 0000F8 (v01 XMCC   PcdTabl  00001000 INTL 20130117)
[    0.010989] ACPI: SSDT 0x00000000CDFCC000 001500 (v01 AMD    AmdTable 00000001 AMD  00000001)
[    0.010991] ACPI: CRAT 0x00000000CDFFD000 000BA8 (v01 AMD    AmdTable 00000001 AMD  00000001)
[    0.010993] ACPI: CDIT 0x00000000CDFCB000 000029 (v01 AMD    AmdTable 00000001 AMD  00000001)
[    0.010996] ACPI: SSDT 0x00000000CDFCA000 00028D (v01 AMD    AmdTable 00000001 INTL 20130117)
[    0.010998] ACPI: SSDT 0x00000000CDFC9000 000C78 (v01 AMD    AmdTable 00000001 INTL 20130117)
[    0.011000] ACPI: SSDT 0x00000000CDFC7000 0010A5 (v01 AMD    AmdTable 00000001 INTL 20130117)
[    0.011002] ACPI: SSDT 0x00000000CDFC3000 0030C8 (v01 AMD    AmdTable 00000001 INTL 20130117)
[    0.011004] ACPI: FPDT 0x00000000CDFC2000 000044 (v01 XMCC   XMCC1951 00000002      01000013)
[    0.011006] ACPI: WSMT 0x00000000CDFC0000 000028 (v01 INSYDE H2O BIOS 00000001 ACPI 00040000)
[    0.011008] ACPI: SSDT 0x00000000CDFE7000 00020A (v01 AMD    AmdTable 00000001 INTL 20130117)
[    0.011010] ACPI: SSDT 0x00000000CDFE6000 0005A1 (v01 AMD    AmdTable 00000001 INTL 20130117)
[    0.011012] ACPI: SSDT 0x00000000CDFBF000 000343 (v01 AMD    AmdTable 00000001 INTL 20130117)
[    0.011014] ACPI: SSDT 0x00000000CDFBE000 00007D (v01 AMD    AmdTable 00000001 INTL 20130117)
[    0.011016] ACPI: SSDT 0x00000000CDFBD000 000822 (v01 AMD    AmdTable 00000001 INTL 20130117)
[    0.011018] ACPI: SSDT 0x00000000CDFBC000 000517 (v01 AMD    AmdTable 00000001 INTL 20130117)
[    0.011021] ACPI: BGRT 0x00000000CDFC1000 000038 (v01 INSYDE H2O BIOS 00000001 ACPI 00040000)
[    0.011022] ACPI: Reserving FACP table memory at [mem 0xcdfec000-0xcdfec10b]
[    0.011023] ACPI: Reserving DSDT table memory at [mem 0xcdfdf000-0xcdfe5544]
[    0.011024] ACPI: Reserving FACS table memory at [mem 0xcdf29000-0xcdf2903f]
[    0.011025] ACPI: Reserving UEFI table memory at [mem 0xcdf7e000-0xcdf7e235]
[    0.011025] ACPI: Reserving SSDT table memory at [mem 0xcdff5000-0xcdffc215]
[    0.011026] ACPI: Reserving IVRS table memory at [mem 0xcdff4000-0xcdff41a3]
[    0.011027] ACPI: Reserving SSDT table memory at [mem 0xcdff3000-0xcdff3227]
[    0.011027] ACPI: Reserving SSDT table memory at [mem 0xcdff2000-0xcdff2d60]
[    0.011028] ACPI: Reserving SSDT table memory at [mem 0xcdff1000-0xcdff146c]
[    0.011029] ACPI: Reserving TPM2 table memory at [mem 0xcdff0000-0xcdff0033]
[    0.011029] ACPI: Reserving MSDM table memory at [mem 0xcdfef000-0xcdfef054]
[    0.011030] ACPI: Reserving ASF! table memory at [mem 0xcdfee000-0xcdfee0a4]
[    0.011031] ACPI: Reserving BOOT table memory at [mem 0xcdfed000-0xcdfed027]
[    0.011031] ACPI: Reserving HPET table memory at [mem 0xcdfeb000-0xcdfeb037]
[    0.011032] ACPI: Reserving APIC table memory at [mem 0xcdfea000-0xcdfea137]
[    0.011033] ACPI: Reserving MCFG table memory at [mem 0xcdfe9000-0xcdfe903b]
[    0.011033] ACPI: Reserving SLIC table memory at [mem 0xcdfe8000-0xcdfe8175]
[    0.011034] ACPI: Reserving SSDT table memory at [mem 0xcdfde000-0xcdfde07f]
[    0.011035] ACPI: Reserving VFCT table memory at [mem 0xcdfd0000-0xcdfdd483]
[    0.011035] ACPI: Reserving SSDT table memory at [mem 0xcdfcf000-0xcdfcf0f7]
[    0.011036] ACPI: Reserving SSDT table memory at [mem 0xcdfcc000-0xcdfcd4ff]
[    0.011037] ACPI: Reserving CRAT table memory at [mem 0xcdffd000-0xcdffdba7]
[    0.011037] ACPI: Reserving CDIT table memory at [mem 0xcdfcb000-0xcdfcb028]
[    0.011038] ACPI: Reserving SSDT table memory at [mem 0xcdfca000-0xcdfca28c]
[    0.011039] ACPI: Reserving SSDT table memory at [mem 0xcdfc9000-0xcdfc9c77]
[    0.011039] ACPI: Reserving SSDT table memory at [mem 0xcdfc7000-0xcdfc80a4]
[    0.011040] ACPI: Reserving SSDT table memory at [mem 0xcdfc3000-0xcdfc60c7]
[    0.011041] ACPI: Reserving FPDT table memory at [mem 0xcdfc2000-0xcdfc2043]
[    0.011042] ACPI: Reserving WSMT table memory at [mem 0xcdfc0000-0xcdfc0027]
[    0.011042] ACPI: Reserving SSDT table memory at [mem 0xcdfe7000-0xcdfe7209]
[    0.011043] ACPI: Reserving SSDT table memory at [mem 0xcdfe6000-0xcdfe65a0]
[    0.011044] ACPI: Reserving SSDT table memory at [mem 0xcdfbf000-0xcdfbf342]
[    0.011045] ACPI: Reserving SSDT table memory at [mem 0xcdfbe000-0xcdfbe07c]
[    0.011045] ACPI: Reserving SSDT table memory at [mem 0xcdfbd000-0xcdfbd821]
[    0.011046] ACPI: Reserving SSDT table memory at [mem 0xcdfbc000-0xcdfbc516]
[    0.011047] ACPI: Reserving BGRT table memory at [mem 0xcdfc1000-0xcdfc1037]
[    0.011099] No NUMA configuration found
[    0.011099] Faking a node at [mem 0x0000000000000000-0x000000040f33ffff]
[    0.011102] NODE_DATA(0) allocated [mem 0x40f33c000-0x40f33ffff]
[    0.011129] Zone ranges:
[    0.011130]   DMA      [mem 0x0000000000001000-0x0000000000ffffff]
[    0.011131]   DMA32    [mem 0x0000000001000000-0x00000000ffffffff]
[    0.011132]   Normal   [mem 0x0000000100000000-0x000000040f33ffff]
[    0.011133]   Device   empty
[    0.011134] Movable zone start for each node
[    0.011135] Early memory node ranges
[    0.011135]   node   0: [mem 0x0000000000001000-0x000000000009efff]
[    0.011136]   node   0: [mem 0x0000000000100000-0x0000000009afffff]
[    0.011137]   node   0: [mem 0x0000000009e00000-0x0000000009efffff]
[    0.011137]   node   0: [mem 0x0000000009f10000-0x00000000bab68fff]
[    0.011138]   node   0: [mem 0x00000000bbd69000-0x00000000c9f7efff]
[    0.011139]   node   0: [mem 0x00000000cdfff000-0x00000000cdffffff]
[    0.011140]   node   0: [mem 0x0000000100000000-0x000000040f33ffff]
[    0.011141] Initmem setup node 0 [mem 0x0000000000001000-0x000000040f33ffff]
[    0.011144] On node 0, zone DMA: 1 pages in unavailable ranges
[    0.011159] On node 0, zone DMA: 97 pages in unavailable ranges
[    0.011289] On node 0, zone DMA32: 768 pages in unavailable ranges
[    0.016331] On node 0, zone DMA32: 16 pages in unavailable ranges
[    0.016791] On node 0, zone DMA32: 4608 pages in unavailable ranges
[    0.016942] On node 0, zone DMA32: 16512 pages in unavailable ranges
[    0.039758] On node 0, zone Normal: 8192 pages in unavailable ranges
[    0.039793] On node 0, zone Normal: 3264 pages in unavailable ranges
[    0.039943] ACPI: PM-Timer IO Port: 0x408
[    0.039949] ACPI: LAPIC_NMI (acpi_id[0x00] high edge lint[0x1])
[    0.039951] ACPI: LAPIC_NMI (acpi_id[0x01] high edge lint[0x1])
[    0.039951] ACPI: LAPIC_NMI (acpi_id[0x02] high edge lint[0x1])
[    0.039952] ACPI: LAPIC_NMI (acpi_id[0x03] high edge lint[0x1])
[    0.039953] ACPI: LAPIC_NMI (acpi_id[0x04] high edge lint[0x1])
[    0.039953] ACPI: LAPIC_NMI (acpi_id[0x05] high edge lint[0x1])
[    0.039954] ACPI: LAPIC_NMI (acpi_id[0x06] high edge lint[0x1])
[    0.039954] ACPI: LAPIC_NMI (acpi_id[0x07] high edge lint[0x1])
[    0.039955] ACPI: LAPIC_NMI (acpi_id[0x08] high edge lint[0x1])
[    0.039955] ACPI: LAPIC_NMI (acpi_id[0x09] high edge lint[0x1])
[    0.039956] ACPI: LAPIC_NMI (acpi_id[0x0a] high edge lint[0x1])
[    0.039956] ACPI: LAPIC_NMI (acpi_id[0x0b] high edge lint[0x1])
[    0.039957] ACPI: LAPIC_NMI (acpi_id[0x0c] high edge lint[0x1])
[    0.039958] ACPI: LAPIC_NMI (acpi_id[0x0d] high edge lint[0x1])
[    0.039958] ACPI: LAPIC_NMI (acpi_id[0x0e] high edge lint[0x1])
[    0.039959] ACPI: LAPIC_NMI (acpi_id[0x0f] high edge lint[0x1])
[    0.039972] IOAPIC[0]: apic_id 33, version 33, address 0xfec00000, GSI 0-23
[    0.039977] IOAPIC[1]: apic_id 34, version 33, address 0xfec01000, GSI 24-55
[    0.039979] ACPI: INT_SRC_OVR (bus 0 bus_irq 0 global_irq 2 dfl dfl)
[    0.039980] ACPI: INT_SRC_OVR (bus 0 bus_irq 9 global_irq 9 low level)
[    0.039983] ACPI: Using ACPI (MADT) for SMP configuration information
[    0.039984] ACPI: HPET id: 0x10228210 base: 0xfed00000
[    0.039992] e820: update [mem 0xb3288000-0xb328dfff] usable ==> reserved
[    0.040001] smpboot: Allowing 16 CPUs, 10 hotplug CPUs
[    0.040026] PM: hibernation: Registered nosave memory: [mem 0x00000000-0x00000fff]
[    0.040028] PM: hibernation: Registered nosave memory: [mem 0x0009f000-0x000bffff]
[    0.040029] PM: hibernation: Registered nosave memory: [mem 0x000c0000-0x000fffff]
[    0.040030] PM: hibernation: Registered nosave memory: [mem 0x09b00000-0x09dfffff]
[    0.040032] PM: hibernation: Registered nosave memory: [mem 0x09f00000-0x09f0ffff]
[    0.040033] PM: hibernation: Registered nosave memory: [mem 0xb3288000-0xb328dfff]
[    0.040035] PM: hibernation: Registered nosave memory: [mem 0xbab69000-0xbbd68fff]
[    0.040036] PM: hibernation: Registered nosave memory: [mem 0xc9f7f000-0xcaf7efff]
[    0.040037] PM: hibernation: Registered nosave memory: [mem 0xcaf7f000-0xccf7efff]
[    0.040037] PM: hibernation: Registered nosave memory: [mem 0xccf7f000-0xcdf7efff]
[    0.040038] PM: hibernation: Registered nosave memory: [mem 0xcdf7f000-0xcdffefff]
[    0.040039] PM: hibernation: Registered nosave memory: [mem 0xce000000-0xceffffff]
[    0.040040] PM: hibernation: Registered nosave memory: [mem 0xcf000000-0xf7ffffff]
[    0.040041] PM: hibernation: Registered nosave memory: [mem 0xf8000000-0xfbffffff]
[    0.040041] PM: hibernation: Registered nosave memory: [mem 0xfc000000-0xfddfffff]
[    0.040042] PM: hibernation: Registered nosave memory: [mem 0xfde00000-0xfdefffff]
[    0.040042] PM: hibernation: Registered nosave memory: [mem 0xfdf00000-0xfebfffff]
[    0.040043] PM: hibernation: Registered nosave memory: [mem 0xfec00000-0xfec00fff]
[    0.040043] PM: hibernation: Registered nosave memory: [mem 0xfec01000-0xfec0ffff]
[    0.040044] PM: hibernation: Registered nosave memory: [mem 0xfec10000-0xfec10fff]
[    0.040044] PM: hibernation: Registered nosave memory: [mem 0xfec11000-0xfec1ffff]
[    0.040045] PM: hibernation: Registered nosave memory: [mem 0xfec20000-0xfec20fff]
[    0.040045] PM: hibernation: Registered nosave memory: [mem 0xfec21000-0xfed7ffff]
[    0.040046] PM: hibernation: Registered nosave memory: [mem 0xfed80000-0xfed80fff]
[    0.040046] PM: hibernation: Registered nosave memory: [mem 0xfed81000-0xfedfffff]
[    0.040047] PM: hibernation: Registered nosave memory: [mem 0xfee00000-0xfee00fff]
[    0.040047] PM: hibernation: Registered nosave memory: [mem 0xfee01000-0xfeffffff]
[    0.040048] PM: hibernation: Registered nosave memory: [mem 0xff000000-0xfff2ffff]
[    0.040048] PM: hibernation: Registered nosave memory: [mem 0xfff30000-0xffffffff]
[    0.040050] [mem 0xcf000000-0xf7ffffff] available for PCI devices
[    0.040051] Booting paravirtualized kernel on bare hardware
[    0.040053] clocksource: refined-jiffies: mask: 0xffffffff max_cycles: 0xffffffff, max_idle_ns: 6370452778343963 ns
[    0.043769] setup_percpu: NR_CPUS:320 nr_cpumask_bits:320 nr_cpu_ids:16 nr_node_ids:1
[    0.044383] percpu: Embedded 61 pages/cpu s212992 r8192 d28672 u262144
[    0.044392] pcpu-alloc: s212992 r8192 d28672 u262144 alloc=1*2097152
[    0.044394] pcpu-alloc: [0] 00 01 02 03 04 05 06 07 [0] 08 09 10 11 12 13 14 15 
[    0.044421] Built 1 zonelists, mobility grouping on.  Total pages: 3966649
[    0.044422] Policy zone: Normal
[    0.044423] Kernel command line: BOOT_IMAGE=/boot/vmlinuz-linux root=UUID=a1e2e1f9-dbcb-484e-a242-73d5754f8d98 rw quiet resume=UUID=36238c5a-d1ff-4e5f-986a-4d302098cfd7 loglevel=3 audit=0 lsm=landlock,lockdown,yama,apparmor,bpf l1tf=full,force mds=full,nosmt mitigations=auto,nosmt nosmt=force init_on_alloc=1 init_on_free=1 randomize_kstack_offset=on slab_nomerge pti=on slub_debug=ZF slub_debug=P page_poison=1 mem_encrypt=on
[    0.044476] audit: disabled (until reboot)
[    0.044566] mem auto-init: SLAB_POISON will take precedence over init_on_alloc/init_on_free
[    0.044583] Unknown kernel command line parameters "BOOT_IMAGE=/boot/vmlinuz-linux pti=on mem_encrypt=on", will be passed to user space.
[    0.046414] Dentry cache hash table entries: 2097152 (order: 12, 16777216 bytes, linear)
[    0.047332] Inode-cache hash table entries: 1048576 (order: 11, 8388608 bytes, linear)
[    0.047389] mem auto-init: CONFIG_PAGE_POISONING is on, will take precedence over init_on_alloc and init_on_free
[    0.047622] mem auto-init: stack:byref_all(zero), heap alloc:off, heap free:off
[    1.656038] Memory: 15522260K/16119096K available (14344K kernel code, 2071K rwdata, 10792K rodata, 1860K init, 3844K bss, 596576K reserved, 0K cma-reserved)
[    1.656044] **********************************************************
[    1.656044] **   NOTICE NOTICE NOTICE NOTICE NOTICE NOTICE NOTICE   **
[    1.656045] **                                                      **
[    1.656045] ** This system shows unhashed kernel memory addresses   **
[    1.656046] ** via the console, logs, and other interfaces. This    **
[    1.656046] ** might reduce the security of your system.            **
[    1.656046] **                                                      **
[    1.656047] ** If you see this message and you are not debugging    **
[    1.656047] ** the kernel, report this immediately to your system   **
[    1.656047] ** administrator!                                       **
[    1.656048] **                                                      **
[    1.656048] **   NOTICE NOTICE NOTICE NOTICE NOTICE NOTICE NOTICE   **
[    1.656048] **********************************************************
[    1.656051] random: get_random_u64 called from __kmem_cache_create+0x2a/0x540 with crng_init=0
[    1.656210] SLUB: HWalign=64, Order=0-3, MinObjects=0, CPUs=16, Nodes=1
[    1.656226] Kernel/User page tables isolation: enabled
[    1.656249] ftrace: allocating 44294 entries in 174 pages
[    1.667428] ftrace: allocated 174 pages with 5 groups
[    1.667574] rcu: Preemptible hierarchical RCU implementation.
[    1.667575] rcu: 	RCU dyntick-idle grace-period acceleration is enabled.
[    1.667575] rcu: 	RCU restricting CPUs from NR_CPUS=320 to nr_cpu_ids=16.
[    1.667576] rcu: 	RCU priority boosting: priority 1 delay 500 ms.
[    1.667576] 	Trampoline variant of Tasks RCU enabled.
[    1.667577] 	Rude variant of Tasks RCU enabled.
[    1.667577] 	Tracing variant of Tasks RCU enabled.
[    1.667578] rcu: RCU calculated value of scheduler-enlistment delay is 30 jiffies.
[    1.667578] rcu: Adjusting geometry for rcu_fanout_leaf=16, nr_cpu_ids=16
[    1.670996] NR_IRQS: 20736, nr_irqs: 1096, preallocated irqs: 16
[    1.671254] kfence: initialized - using 2097152 bytes for 255 objects at 0xffff923f3dc00000-0xffff923f3de00000
[    1.671421] Console: colour dummy device 80x25
[    1.671434] printk: console [tty0] enabled
[    1.671454] ACPI: Core revision 20210730
[    1.671676] clocksource: hpet: mask: 0xffffffff max_cycles: 0xffffffff, max_idle_ns: 133484873504 ns
[    1.671694] APIC: Switch to symmetric I/O mode setup
[    1.672546] AMD-Vi: ivrs, add hid:AMDI0020, uid:\_SB.FUR0, rdevid:160
[    1.672547] AMD-Vi: ivrs, add hid:AMDI0020, uid:\_SB.FUR1, rdevid:160
[    1.672548] AMD-Vi: ivrs, add hid:AMDI0020, uid:\_SB.FUR2, rdevid:160
[    1.672549] AMD-Vi: ivrs, add hid:AMDI0020, uid:\_SB.FUR3, rdevid:160
[    1.672856] Switched APIC routing to physical flat.
[    1.673613] ..TIMER: vector=0x30 apic1=0 pin1=2 apic2=-1 pin2=-1
[    1.688367] clocksource: tsc-early: mask: 0xffffffffffffffff max_cycles: 0x222b307aeeb, max_idle_ns: 440795224821 ns
[    1.688376] Calibrating delay loop (skipped), value calculated using timer frequency.. 4742.44 BogoMIPS (lpj=7901513)
[    1.688378] pid_max: default: 32768 minimum: 301
[    1.715085] LSM: Security Framework initializing
[    1.715101] landlock: Up and running.
[    1.715102] Yama: becoming mindful.
[    1.715136] AppArmor: AppArmor initialized
[    1.715139] LSM support for eBPF active
[    1.715185] Mount-cache hash table entries: 32768 (order: 6, 262144 bytes, linear)
[    1.715221] Mountpoint-cache hash table entries: 32768 (order: 6, 262144 bytes, linear)
[    1.715480] x86/cpu: User Mode Instruction Prevention (UMIP) activated
[    1.715516] LVT offset 1 assigned for vector 0xf9
[    1.715576] LVT offset 2 assigned for vector 0xf4
[    1.715593] Last level iTLB entries: 4KB 1024, 2MB 1024, 4MB 512
[    1.715594] Last level dTLB entries: 4KB 2048, 2MB 2048, 4MB 1024, 1GB 0
[    1.715598] Spectre V1 : Mitigation: usercopy/swapgs barriers and __user pointer sanitization
[    1.715600] Spectre V2 : Mitigation: Full AMD retpoline
[    1.715600] Spectre V2 : Spectre v2 / SpectreRSB mitigation: Filling RSB on context switch
[    1.715601] Spectre V2 : Enabling Restricted Speculation for firmware calls
[    1.715602] Spectre V2 : mitigation: Enabling conditional Indirect Branch Prediction Barrier
[    1.715604] Speculative Store Bypass: Mitigation: Speculative Store Bypass disabled via prctl and seccomp
[    1.717774] Freeing SMP alternatives memory: 36K
[    1.828016] smpboot: CPU0: AMD Ryzen 5 4500U with Radeon Graphics (family: 0x17, model: 0x60, stepping: 0x1)
[    1.828177] Performance Events: Fam17h+ core perfctr, AMD PMU driver.
[    1.828182] ... version:                0
[    1.828183] ... bit width:              48
[    1.828183] ... generic registers:      6
[    1.828183] ... value mask:             0000ffffffffffff
[    1.828184] ... max period:             00007fffffffffff
[    1.828185] ... fixed-purpose events:   0
[    1.828185] ... event mask:             000000000000003f
[    1.828250] rcu: Hierarchical SRCU implementation.
[    1.828372] NMI watchdog: Enabled. Permanently consumes one hw-PMU counter.
[    1.828372] smp: Bringing up secondary CPUs ...
[    1.828372] x86: Booting SMP configuration:
[    1.828372] .... node  #0, CPUs:        #1  #2  #3
[    1.830781] TSC synchronization [CPU#0 -> CPU#3]:
[    1.830783] Measured 3492 cycles TSC warp between CPUs, turning off TSC clock.
[    1.830785] tsc: Marking TSC unstable due to check_tsc_sync_source failed
[    1.831846]   #4  #5
[    1.832102] smp: Brought up 1 node, 6 CPUs
[    1.832102] smpboot: Max logical packages: 3
[    1.832102] smpboot: Total of 6 processors activated (28456.67 BogoMIPS)
[    1.835604] devtmpfs: initialized
[    1.835604] x86/mm: Memory block size: 128MB
[    1.836215] ACPI: PM: Registering ACPI NVS region [mem 0x09f00000-0x09f0ffff] (65536 bytes)
[    1.836215] ACPI: PM: Registering ACPI NVS region [mem 0xccf7f000-0xcdf7efff] (16777216 bytes)
[    1.836215] clocksource: jiffies: mask: 0xffffffff max_cycles: 0xffffffff, max_idle_ns: 6370867519511994 ns
[    1.836215] futex hash table entries: 4096 (order: 6, 262144 bytes, linear)
[    1.836215] pinctrl core: initialized pinctrl subsystem
[    1.836215] PM: RTC time: 13:34:51, date: 2021-12-12
[    1.838560] NET: Registered PF_NETLINK/PF_ROUTE protocol family
[    1.838929] DMA: preallocated 2048 KiB GFP_KERNEL pool for atomic allocations
[    1.839180] DMA: preallocated 2048 KiB GFP_KERNEL|GFP_DMA pool for atomic allocations
[    1.839398] DMA: preallocated 2048 KiB GFP_KERNEL|GFP_DMA32 pool for atomic allocations
[    1.839550] thermal_sys: Registered thermal governor 'fair_share'
[    1.839551] thermal_sys: Registered thermal governor 'bang_bang'
[    1.839551] thermal_sys: Registered thermal governor 'step_wise'
[    1.839552] thermal_sys: Registered thermal governor 'user_space'
[    1.839552] thermal_sys: Registered thermal governor 'power_allocator'
[    1.839570] cpuidle: using governor ladder
[    1.839572] cpuidle: using governor menu
[    1.839600] Simple Boot Flag at 0x44 set to 0x80
[    1.839600] HugeTLB: can free 4094 vmemmap pages for hugepages-1048576kB
[    1.839600] ACPI: bus type PCI registered
[    1.839600] acpiphp: ACPI Hot Plug PCI Controller Driver version: 0.5
[    1.839600] PCI: MMCONFIG for domain 0000 [bus 00-3f] at [mem 0xf8000000-0xfbffffff] (base 0xf8000000)
[    1.839600] PCI: MMCONFIG at [mem 0xf8000000-0xfbffffff] reserved in E820
[    1.839600] PCI: Using configuration type 1 for base access
[    1.841713] Kprobes globally optimized
[    1.841748] HugeTLB: can free 6 vmemmap pages for hugepages-2048kB
[    1.841748] HugeTLB registered 1.00 GiB page size, pre-allocated 0 pages
[    1.841748] HugeTLB registered 2.00 MiB page size, pre-allocated 0 pages
[    1.845155] ACPI: Added _OSI(Module Device)
[    1.845156] ACPI: Added _OSI(Processor Device)
[    1.845157] ACPI: Added _OSI(3.0 _SCP Extensions)
[    1.845157] ACPI: Added _OSI(Processor Aggregator Device)
[    1.845158] ACPI: Added _OSI(Linux-Dell-Video)
[    1.845159] ACPI: Added _OSI(Linux-Lenovo-NV-HDMI-Audio)
[    1.845160] ACPI: Added _OSI(Linux-HPI-Hybrid-Graphics)
[    1.863123] ACPI: 18 ACPI AML tables successfully acquired and loaded
[    1.864790] ACPI: [Firmware Bug]: BIOS _OSI(Linux) query ignored
[    1.868011] ACPI: EC: EC started
[    1.868012] ACPI: EC: interrupt blocked
[    1.870514] ACPI: EC: EC_CMD/EC_SC=0x66, EC_DATA=0x62
[    1.870516] ACPI: \_SB_.PCI0.LPC0.EC0_: Boot DSDT EC used to handle transactions
[    1.870517] ACPI: Interpreter enabled
[    1.870533] ACPI: PM: (supports S0 S4 S5)
[    1.870533] ACPI: Using IOAPIC for interrupt routing
[    1.870754] PCI: Using host bridge windows from ACPI; if necessary, use "pci=nocrs" and report a bug
[    1.873990] ACPI: PM: Power Resource [P0U0]
[    1.874023] ACPI: PM: Power Resource [P3U0]
[    1.874811] ACPI: PM: Power Resource [P0U1]
[    1.874843] ACPI: PM: Power Resource [P3U1]
[    1.875617] ACPI: PM: Power Resource [P0S0]
[    1.875646] ACPI: PM: Power Resource [P3S0]
[    1.875813] ACPI: PM: Power Resource [P0S1]
[    1.875841] ACPI: PM: Power Resource [P3S1]
[    1.881903] ACPI: PCI Root Bridge [PCI0] (domain 0000 [bus 00-ff])
[    1.881909] acpi PNP0A08:00: _OSC: OS supports [ExtendedConfig ASPM ClockPM Segments MSI EDR HPX-Type3]
[    1.882149] acpi PNP0A08:00: _OSC: platform does not support [SHPCHotplug LTR DPC]
[    1.882378] acpi PNP0A08:00: _OSC: OS now controls [PCIeHotplug PME AER PCIeCapability]
[    1.882389] acpi PNP0A08:00: [Firmware Info]: MMCONFIG for domain 0000 [bus 00-3f] only partially covers this bridge
[    1.882749] PCI host bridge to bus 0000:00
[    1.882750] pci_bus 0000:00: root bus resource [io  0x0000-0x0cf7 window]
[    1.882752] pci_bus 0000:00: root bus resource [io  0x0d00-0xffff window]
[    1.882753] pci_bus 0000:00: root bus resource [mem 0x000a0000-0x000bffff window]
[    1.882754] pci_bus 0000:00: root bus resource [mem 0x000c0000-0x000c3fff window]
[    1.882755] pci_bus 0000:00: root bus resource [mem 0x000c4000-0x000c7fff window]
[    1.882756] pci_bus 0000:00: root bus resource [mem 0x000c8000-0x000cbfff window]
[    1.882757] pci_bus 0000:00: root bus resource [mem 0x000cc000-0x000cffff window]
[    1.882758] pci_bus 0000:00: root bus resource [mem 0x000d0000-0x000d3fff window]
[    1.882759] pci_bus 0000:00: root bus resource [mem 0x000d4000-0x000d7fff window]
[    1.882760] pci_bus 0000:00: root bus resource [mem 0x000d8000-0x000dbfff window]
[    1.882761] pci_bus 0000:00: root bus resource [mem 0x000dc000-0x000dffff window]
[    1.882762] pci_bus 0000:00: root bus resource [mem 0x000e0000-0x000e3fff window]
[    1.882763] pci_bus 0000:00: root bus resource [mem 0x000e4000-0x000e7fff window]
[    1.882764] pci_bus 0000:00: root bus resource [mem 0x000e8000-0x000ebfff window]
[    1.882765] pci_bus 0000:00: root bus resource [mem 0x000ec000-0x000effff window]
[    1.882766] pci_bus 0000:00: root bus resource [mem 0xd0000000-0xf7ffffff window]
[    1.882767] pci_bus 0000:00: root bus resource [mem 0xfc000000-0xfed3ffff window]
[    1.882768] pci_bus 0000:00: root bus resource [mem 0x450200000-0xfcffffffff window]
[    1.882769] pci_bus 0000:00: root bus resource [bus 00-ff]
[    1.882805] pci 0000:00:00.0: [1022:1630] type 00 class 0x060000
[    1.882919] pci 0000:00:00.2: [1022:1631] type 00 class 0x080600
[    1.883041] pci 0000:00:01.0: [1022:1632] type 00 class 0x060000
[    1.883141] pci 0000:00:02.0: [1022:1632] type 00 class 0x060000
[    1.883244] pci 0000:00:08.0: [1022:1632] type 00 class 0x060000
[    1.883364] pci 0000:00:08.1: [1022:1635] type 01 class 0x060400
[    1.883384] pci 0000:00:08.1: enabling Extended Tags
[    1.883413] pci 0000:00:08.1: PME# supported from D0 D3hot D3cold
[    1.883562] pci 0000:00:08.2: [1022:1635] type 01 class 0x060400
[    1.883581] pci 0000:00:08.2: enabling Extended Tags
[    1.883609] pci 0000:00:08.2: PME# supported from D0 D3hot D3cold
[    1.883758] pci 0000:00:14.0: [1022:790b] type 00 class 0x0c0500
[    1.883928] pci 0000:00:14.3: [1022:790e] type 00 class 0x060100
[    1.884083] pci 0000:00:18.0: [1022:1448] type 00 class 0x060000
[    1.884161] pci 0000:00:18.1: [1022:1449] type 00 class 0x060000
[    1.884234] pci 0000:00:18.2: [1022:144a] type 00 class 0x060000
[    1.884307] pci 0000:00:18.3: [1022:144b] type 00 class 0x060000
[    1.884381] pci 0000:00:18.4: [1022:144c] type 00 class 0x060000
[    1.884459] pci 0000:00:18.5: [1022:144d] type 00 class 0x060000
[    1.884532] pci 0000:00:18.6: [1022:144e] type 00 class 0x060000
[    1.884605] pci 0000:00:18.7: [1022:144f] type 00 class 0x060000
[    1.884775] pci 0000:01:00.0: [1002:1636] type 00 class 0x030000
[    1.884785] pci 0000:01:00.0: reg 0x10: [mem 0xfce0000000-0xfcefffffff 64bit pref]
[    1.884793] pci 0000:01:00.0: reg 0x18: [mem 0xfcf0000000-0xfcf01fffff 64bit pref]
[    1.884798] pci 0000:01:00.0: reg 0x20: [io  0x1000-0x10ff]
[    1.884803] pci 0000:01:00.0: reg 0x24: [mem 0xd0400000-0xd047ffff]
[    1.884811] pci 0000:01:00.0: enabling Extended Tags
[    1.884822] pci 0000:01:00.0: BAR 0: assigned to efifb
[    1.884859] pci 0000:01:00.0: PME# supported from D1 D2 D3hot D3cold
[    1.884987] pci 0000:01:00.1: [1002:1637] type 00 class 0x040300
[    1.884994] pci 0000:01:00.1: reg 0x10: [mem 0xd04c8000-0xd04cbfff]
[    1.885014] pci 0000:01:00.1: enabling Extended Tags
[    1.885050] pci 0000:01:00.1: PME# supported from D1 D2 D3hot D3cold
[    1.885148] pci 0000:01:00.2: [1022:15df] type 00 class 0x108000
[    1.885160] pci 0000:01:00.2: reg 0x18: [mem 0xd0300000-0xd03fffff]
[    1.885169] pci 0000:01:00.2: reg 0x24: [mem 0xd04cc000-0xd04cdfff]
[    1.885176] pci 0000:01:00.2: enabling Extended Tags
[    1.885295] pci 0000:01:00.3: [1022:1639] type 00 class 0x0c0330
[    1.885305] pci 0000:01:00.3: reg 0x10: [mem 0xd0100000-0xd01fffff 64bit]
[    1.885327] pci 0000:01:00.3: enabling Extended Tags
[    1.885356] pci 0000:01:00.3: PME# supported from D0 D3hot D3cold
[    1.885455] pci 0000:01:00.4: [1022:1639] type 00 class 0x0c0330
[    1.885465] pci 0000:01:00.4: reg 0x10: [mem 0xd0200000-0xd02fffff 64bit]
[    1.885487] pci 0000:01:00.4: enabling Extended Tags
[    1.885516] pci 0000:01:00.4: PME# supported from D0 D3hot D3cold
[    1.885616] pci 0000:01:00.5: [1022:15e2] type 00 class 0x048000
[    1.885623] pci 0000:01:00.5: reg 0x10: [mem 0xd0480000-0xd04bffff]
[    1.885643] pci 0000:01:00.5: enabling Extended Tags
[    1.885670] pci 0000:01:00.5: PME# supported from D0 D3hot D3cold
[    1.885762] pci 0000:01:00.6: [1022:15e3] type 00 class 0x040300
[    1.885769] pci 0000:01:00.6: reg 0x10: [mem 0xd04c0000-0xd04c7fff]
[    1.885789] pci 0000:01:00.6: enabling Extended Tags
[    1.885816] pci 0000:01:00.6: PME# supported from D0 D3hot D3cold
[    1.885905] pci 0000:00:08.1: PCI bridge to [bus 01]
[    1.885908] pci 0000:00:08.1:   bridge window [io  0x1000-0x1fff]
[    1.885910] pci 0000:00:08.1:   bridge window [mem 0xd0100000-0xd04fffff]
[    1.885912] pci 0000:00:08.1:   bridge window [mem 0xfce0000000-0xfcf01fffff 64bit pref]
[    1.885964] pci 0000:02:00.0: [1022:7901] type 00 class 0x010601
[    1.885990] pci 0000:02:00.0: reg 0x24: [mem 0xd0001000-0xd00017ff]
[    1.885998] pci 0000:02:00.0: enabling Extended Tags
[    1.886118] pci 0000:02:00.1: [1022:7901] type 00 class 0x010601
[    1.886144] pci 0000:02:00.1: reg 0x24: [mem 0xd0000000-0xd00007ff]
[    1.886151] pci 0000:02:00.1: enabling Extended Tags
[    1.886254] pci 0000:00:08.2: PCI bridge to [bus 02]
[    1.886257] pci 0000:00:08.2:   bridge window [mem 0xd0000000-0xd00fffff]
[    1.888062] ACPI: PCI: Interrupt link LNKA configured for IRQ 0
[    1.888063] ACPI: PCI: Interrupt link LNKA disabled
[    1.888158] ACPI: PCI: Interrupt link LNKB configured for IRQ 0
[    1.888158] ACPI: PCI: Interrupt link LNKB disabled
[    1.888233] ACPI: PCI: Interrupt link LNKC configured for IRQ 0
[    1.888234] ACPI: PCI: Interrupt link LNKC disabled
[    1.888326] ACPI: PCI: Interrupt link LNKD configured for IRQ 0
[    1.888327] ACPI: PCI: Interrupt link LNKD disabled
[    1.888416] ACPI: PCI: Interrupt link LNKE configured for IRQ 0
[    1.888417] ACPI: PCI: Interrupt link LNKE disabled
[    1.888486] ACPI: PCI: Interrupt link LNKF configured for IRQ 0
[    1.888487] ACPI: PCI: Interrupt link LNKF disabled
[    1.888555] ACPI: PCI: Interrupt link LNKG configured for IRQ 0
[    1.888556] ACPI: PCI: Interrupt link LNKG disabled
[    1.888625] ACPI: PCI: Interrupt link LNKH configured for IRQ 0
[    1.888626] ACPI: PCI: Interrupt link LNKH disabled
[    1.890703] ACPI: EC: interrupt unblocked
[    1.890704] ACPI: EC: event unblocked
[    1.890709] ACPI: EC: EC_CMD/EC_SC=0x66, EC_DATA=0x62
[    1.890709] ACPI: EC: GPE=0x3
[    1.890710] ACPI: \_SB_.PCI0.LPC0.EC0_: Boot DSDT EC initialization complete
[    1.890712] ACPI: \_SB_.PCI0.LPC0.EC0_: EC: Used to handle transactions and events
[    1.890742] iommu: Default domain type: Translated 
[    1.890742] iommu: DMA domain TLB invalidation policy: lazy mode 
[    1.890742] pci 0000:01:00.0: vgaarb: VGA device added: decodes=io+mem,owns=none,locks=none
[    1.890742] pci 0000:01:00.0: vgaarb: bridge control possible
[    1.890742] pci 0000:01:00.0: vgaarb: setting as boot device
[    1.890742] vgaarb: loaded
[    1.890742] SCSI subsystem initialized
[    1.890742] libata version 3.00 loaded.
[    1.890742] ACPI: bus type USB registered
[    1.890742] usbcore: registered new interface driver usbfs
[    1.890742] usbcore: registered new interface driver hub
[    1.890742] usbcore: registered new device driver usb
[    1.893338] pps_core: LinuxPPS API ver. 1 registered
[    1.893339] pps_core: Software ver. 5.3.6 - Copyright 2005-2007 Rodolfo Giometti <giometti@linux.it>
[    1.893341] PTP clock support registered
[    1.893352] EDAC MC: Ver: 3.0.0
[    1.893395] Registered efivars operations
[    1.893395] NetLabel: Initializing
[    1.893395] NetLabel:  domain hash size = 128
[    1.893395] NetLabel:  protocols = UNLABELED CIPSOv4 CALIPSO
[    1.893395] NetLabel:  unlabeled traffic allowed by default
[    1.893395] PCI: Using ACPI for IRQ routing
[    1.896795] PCI: pci_cache_line_size set to 64 bytes
[    1.896828] e820: reserve RAM buffer [mem 0x0009f000-0x0009ffff]
[    1.896829] e820: reserve RAM buffer [mem 0x09b00000-0x0bffffff]
[    1.896830] e820: reserve RAM buffer [mem 0x09f00000-0x0bffffff]
[    1.896831] e820: reserve RAM buffer [mem 0xb3288000-0xb3ffffff]
[    1.896832] e820: reserve RAM buffer [mem 0xbab69000-0xbbffffff]
[    1.896833] e820: reserve RAM buffer [mem 0xc9f7f000-0xcbffffff]
[    1.896833] e820: reserve RAM buffer [mem 0xce000000-0xcfffffff]
[    1.896834] e820: reserve RAM buffer [mem 0x40f340000-0x40fffffff]
[    1.896840] hpet0: at MMIO 0xfed00000, IRQs 2, 8, 0
[    1.896840] hpet0: 3 comparators, 32-bit 14.318180 MHz counter
[    1.898708] clocksource: Switched to clocksource hpet
[    1.908885] VFS: Disk quotas dquot_6.6.0
[    1.908903] VFS: Dquot-cache hash table entries: 512 (order 0, 4096 bytes)
[    1.909047] AppArmor: AppArmor Filesystem Enabled
[    1.909096] pnp: PnP ACPI init
[    1.909375] system 00:00: [mem 0xfec00000-0xfec01fff] could not be reserved
[    1.909380] system 00:00: [mem 0xfee00000-0xfee00fff] has been reserved
[    1.909382] system 00:00: [mem 0xfde00000-0xfdefffff] has been reserved
[    1.909627] system 00:03: [io  0x0400-0x04cf] has been reserved
[    1.909629] system 00:03: [io  0x04d0-0x04d1] has been reserved
[    1.909632] system 00:03: [io  0x04d6] has been reserved
[    1.909633] system 00:03: [io  0x0c00-0x0c01] has been reserved
[    1.909634] system 00:03: [io  0x0c14] has been reserved
[    1.909635] system 00:03: [io  0x0c50-0x0c52] has been reserved
[    1.909637] system 00:03: [io  0x0c6c] has been reserved
[    1.909638] system 00:03: [io  0x0c6f] has been reserved
[    1.909639] system 00:03: [io  0x0cd0-0x0cdb] has been reserved
[    1.909713] system 00:04: [mem 0x000e0000-0x000fffff] could not be reserved
[    1.909715] system 00:04: [mem 0xff000000-0xffffffff] could not be reserved
[    1.911135] pnp: PnP ACPI: found 5 devices
[    1.920113] clocksource: acpi_pm: mask: 0xffffff max_cycles: 0xffffff, max_idle_ns: 2085701024 ns
[    1.920270] NET: Registered PF_INET protocol family
[    1.920912] IP idents hash table entries: 262144 (order: 9, 2097152 bytes, linear)
[    1.921988] tcp_listen_portaddr_hash hash table entries: 8192 (order: 5, 131072 bytes, linear)
[    1.922119] TCP established hash table entries: 131072 (order: 8, 1048576 bytes, linear)
[    1.922511] TCP bind hash table entries: 65536 (order: 8, 1048576 bytes, linear)
[    1.922581] TCP: Hash tables configured (established 131072 bind 65536)
[    1.922743] MPTCP token hash table entries: 16384 (order: 6, 393216 bytes, linear)
[    1.922805] UDP hash table entries: 8192 (order: 6, 262144 bytes, linear)
[    1.922859] UDP-Lite hash table entries: 8192 (order: 6, 262144 bytes, linear)
[    1.922948] NET: Registered PF_UNIX/PF_LOCAL protocol family
[    1.922955] NET: Registered PF_XDP protocol family
[    1.922968] pci 0000:00:08.1: PCI bridge to [bus 01]
[    1.922972] pci 0000:00:08.1:   bridge window [io  0x1000-0x1fff]
[    1.922977] pci 0000:00:08.1:   bridge window [mem 0xd0100000-0xd04fffff]
[    1.922979] pci 0000:00:08.1:   bridge window [mem 0xfce0000000-0xfcf01fffff 64bit pref]
[    1.922982] pci 0000:00:08.2: PCI bridge to [bus 02]
[    1.922984] pci 0000:00:08.2:   bridge window [mem 0xd0000000-0xd00fffff]
[    1.922990] pci_bus 0000:00: resource 4 [io  0x0000-0x0cf7 window]
[    1.922991] pci_bus 0000:00: resource 5 [io  0x0d00-0xffff window]
[    1.922992] pci_bus 0000:00: resource 6 [mem 0x000a0000-0x000bffff window]
[    1.922993] pci_bus 0000:00: resource 7 [mem 0x000c0000-0x000c3fff window]
[    1.922994] pci_bus 0000:00: resource 8 [mem 0x000c4000-0x000c7fff window]
[    1.922995] pci_bus 0000:00: resource 9 [mem 0x000c8000-0x000cbfff window]
[    1.922996] pci_bus 0000:00: resource 10 [mem 0x000cc000-0x000cffff window]
[    1.922997] pci_bus 0000:00: resource 11 [mem 0x000d0000-0x000d3fff window]
[    1.922998] pci_bus 0000:00: resource 12 [mem 0x000d4000-0x000d7fff window]
[    1.922999] pci_bus 0000:00: resource 13 [mem 0x000d8000-0x000dbfff window]
[    1.923000] pci_bus 0000:00: resource 14 [mem 0x000dc000-0x000dffff window]
[    1.923001] pci_bus 0000:00: resource 15 [mem 0x000e0000-0x000e3fff window]
[    1.923002] pci_bus 0000:00: resource 16 [mem 0x000e4000-0x000e7fff window]
[    1.923003] pci_bus 0000:00: resource 17 [mem 0x000e8000-0x000ebfff window]
[    1.923004] pci_bus 0000:00: resource 18 [mem 0x000ec000-0x000effff window]
[    1.923005] pci_bus 0000:00: resource 19 [mem 0xd0000000-0xf7ffffff window]
[    1.923006] pci_bus 0000:00: resource 20 [mem 0xfc000000-0xfed3ffff window]
[    1.923007] pci_bus 0000:00: resource 21 [mem 0x450200000-0xfcffffffff window]
[    1.923008] pci_bus 0000:01: resource 0 [io  0x1000-0x1fff]
[    1.923009] pci_bus 0000:01: resource 1 [mem 0xd0100000-0xd04fffff]
[    1.923010] pci_bus 0000:01: resource 2 [mem 0xfce0000000-0xfcf01fffff 64bit pref]
[    1.923011] pci_bus 0000:02: resource 1 [mem 0xd0000000-0xd00fffff]
[    1.923161] pci 0000:01:00.1: D0 power state depends on 0000:01:00.0
[    1.923197] pci 0000:01:00.3: extending delay after power-on from D3hot to 20 msec
[    1.924574] pci 0000:01:00.4: extending delay after power-on from D3hot to 20 msec
[    1.966267] pci 0000:01:00.4: quirk_usb_early_handoff+0x0/0x750 took 40714 usecs
[    1.966281] PCI: CLS 64 bytes, default 64
[    1.966295] pci 0000:00:00.2: AMD-Vi: IOMMU performance counters supported
[    1.966353] Trying to unpack rootfs image as initramfs...
[    1.966368] pci 0000:00:00.2: can't derive routing for PCI INT A
[    1.966369] pci 0000:00:00.2: PCI INT A: not connected
[    1.966388] pci 0000:00:01.0: Adding to iommu group 0
[    1.966404] pci 0000:00:02.0: Adding to iommu group 1
[    1.966422] pci 0000:00:08.0: Adding to iommu group 2
[    1.966430] pci 0000:00:08.1: Adding to iommu group 2
[    1.966437] pci 0000:00:08.2: Adding to iommu group 2
[    1.966450] pci 0000:00:14.0: Adding to iommu group 3
[    1.966459] pci 0000:00:14.3: Adding to iommu group 3
[    1.966484] pci 0000:00:18.0: Adding to iommu group 4
[    1.966492] pci 0000:00:18.1: Adding to iommu group 4
[    1.966499] pci 0000:00:18.2: Adding to iommu group 4
[    1.966506] pci 0000:00:18.3: Adding to iommu group 4
[    1.966514] pci 0000:00:18.4: Adding to iommu group 4
[    1.966522] pci 0000:00:18.5: Adding to iommu group 4
[    1.966532] pci 0000:00:18.6: Adding to iommu group 4
[    1.966539] pci 0000:00:18.7: Adding to iommu group 4
[    1.966553] pci 0000:01:00.0: Adding to iommu group 2
[    1.966557] pci 0000:01:00.1: Adding to iommu group 2
[    1.966562] pci 0000:01:00.2: Adding to iommu group 2
[    1.966567] pci 0000:01:00.3: Adding to iommu group 2
[    1.966571] pci 0000:01:00.4: Adding to iommu group 2
[    1.966578] pci 0000:01:00.5: Adding to iommu group 2
[    1.966583] pci 0000:01:00.6: Adding to iommu group 2
[    1.966588] pci 0000:02:00.0: Adding to iommu group 2
[    1.966593] pci 0000:02:00.1: Adding to iommu group 2
[    1.968104] pci 0000:00:00.2: AMD-Vi: Found IOMMU cap 0x40
[    1.968109] AMD-Vi: Extended features (0x206d73ef22254ade): PPR X2APIC NX GT IA GA PC GA_vAPIC
[    1.968113] AMD-Vi: Interrupt remapping enabled
[    1.968114] AMD-Vi: Virtual APIC enabled
[    1.968114] AMD-Vi: X2APIC enabled
[    1.968458] software IO TLB: tearing down default memory pool
[    1.976382] LVT offset 0 assigned for vector 0x400
[    1.976771] perf: AMD IBS detected (0x000003ff)
[    1.976777] perf/amd_iommu: Detected AMD IOMMU #0 (2 banks, 4 counters/bank).
[    1.978805] Initialise system trusted keyrings
[    1.978819] Key type blacklist registered
[    1.978961] workingset: timestamp_bits=41 max_order=22 bucket_order=0
[    1.980472] zbud: loaded
[    1.983580] Key type asymmetric registered
[    1.983582] Asymmetric key parser 'x509' registered
[    1.983617] Block layer SCSI generic (bsg) driver version 0.4 loaded (major 242)
[    1.983739] io scheduler mq-deadline registered
[    1.983741] io scheduler kyber registered
[    1.983771] io scheduler bfq registered
[    1.984313] pcieport 0000:00:08.1: PME: Signaling with IRQ 26
[    1.984532] pcieport 0000:00:08.2: PME: Signaling with IRQ 27
[    1.984610] shpchp: Standard Hot Plug PCI Controller Driver version: 0.4
[    1.986356] ACPI: AC: AC Adapter [ACAD] (off-line)
[    1.986396] input: Power Button as /devices/LNXSYSTM:00/LNXSYBUS:00/PNP0C0C:00/input/input0
[    1.986413] ACPI: button: Power Button [PWRB]
[    1.986441] input: Lid Switch as /devices/LNXSYSTM:00/LNXSYBUS:00/PNP0A08:00/device:2a/PNP0C09:00/PNP0C0D:00/input/input1
[    1.986455] ACPI: button: Lid Switch [LID0]
[    1.986493] Monitor-Mwait will be used to enter C-1 state
[    1.986501] ACPI: \_SB_.PLTF.C000: Found 3 idle states
[    1.986507] ACPI: FW issue: working around C-state latencies out of order
[    1.986703] ACPI: \_SB_.PLTF.C001: Found 3 idle states
[    1.986710] ACPI: FW issue: working around C-state latencies out of order
[    1.986797] ACPI: \_SB_.PLTF.C002: Found 3 idle states
[    1.986802] ACPI: FW issue: working around C-state latencies out of order
[    1.986888] ACPI: \_SB_.PLTF.C003: Found 3 idle states
[    1.986893] ACPI: FW issue: working around C-state latencies out of order
[    1.987098] ACPI: \_SB_.PLTF.C004: Found 3 idle states
[    1.987103] ACPI: FW issue: working around C-state latencies out of order
[    1.987266] ACPI: \_SB_.PLTF.C005: Found 3 idle states
[    1.987271] ACPI: FW issue: working around C-state latencies out of order
[    1.989539] thermal LNXTHERM:00: registered as thermal_zone0
[    1.989543] ACPI: thermal: Thermal Zone [TZ0] (42 C)
[    1.989853] Serial: 8250/16550 driver, 32 ports, IRQ sharing enabled
[    1.992369] Non-volatile memory driver v1.3
[    1.992374] Linux agpgart interface v0.103
[    1.992462] AMD-Vi: AMD IOMMUv2 loaded and initialized
[    1.993527] ahci 0000:02:00.0: version 3.0
[    1.993685] ahci 0000:02:00.0: AHCI 0001.0301 32 slots 1 ports 6 Gbps 0x1 impl SATA mode
[    1.993687] ahci 0000:02:00.0: flags: 64bit ncq sntf ilck pm led clo only pmp fbs pio slum part 
[    1.993876] scsi host0: ahci
[    1.993939] ata1: SATA max UDMA/133 abar m2048@0xd0001000 port 0xd0001100 irq 29
[    1.994056] ahci 0000:02:00.1: AHCI 0001.0301 32 slots 1 ports 6 Gbps 0x1 impl SATA mode
[    1.994058] ahci 0000:02:00.1: flags: 64bit ncq sntf ilck pm led clo only pmp fbs pio slum part deso sadm sds 
[    1.994239] scsi host1: ahci
[    1.994279] ata2: SATA max UDMA/133 abar m2048@0xd0000000 port 0xd0000100 irq 31
[    1.994305] ehci_hcd: USB 2.0 'Enhanced' Host Controller (EHCI) Driver
[    1.994311] ehci-pci: EHCI PCI platform driver
[    1.994321] ohci_hcd: USB 1.1 'Open' Host Controller (OHCI) Driver
[    1.994322] ohci-pci: OHCI PCI platform driver
[    1.994328] uhci_hcd: USB Universal Host Controller Interface driver
[    1.994376] usbcore: registered new interface driver usbserial_generic
[    1.994380] usbserial: USB Serial support registered for generic
[    1.994475] rtc_cmos 00:01: RTC can wake from S4
[    1.994706] rtc_cmos 00:01: registered as rtc0
[    1.994741] rtc_cmos 00:01: setting system clock to 2021-12-12T13:34:51 UTC (1639316091)
[    1.994754] rtc_cmos 00:01: alarms up to one month, 114 bytes nvram, hpet irqs
[    1.994875] ledtrig-cpu: registered to indicate activity on CPUs
[    1.995092] efifb: probing for efifb
[    1.995101] efifb: framebuffer at 0xfce0000000, using 8128k, total 8128k
[    1.995102] efifb: mode is 1920x1080x32, linelength=7680, pages=1
[    1.995103] efifb: scrolling: redraw
[    1.995103] efifb: Truecolor: size=8:8:8:8, shift=24:16:8:0
[    1.995183] fbcon: Deferring console take-over
[    1.995184] fb0: EFI VGA frame buffer device
[    1.995225] hid: raw HID events driver (C) Jiri Kosina
[    1.995353] drop_monitor: Initializing network drop monitor service
[    1.995403] Initializing XFRM netlink socket
[    1.995542] NET: Registered PF_INET6 protocol family
[    2.008524] ACPI: battery: Slot [BATT] (battery present)
[    2.309120] ata1: SATA link down (SStatus 0 SControl 300)
[    2.353389] Freeing initrd memory: 10656K
[    2.360823] Segment Routing with IPv6
[    2.360826] RPL Segment Routing with IPv6
[    2.360844] In-situ OAM (IOAM) with IPv6
[    2.360869] NET: Registered PF_PACKET protocol family
[    2.362343] microcode: CPU0: patch_level=0x08600106
[    2.362350] microcode: CPU1: patch_level=0x08600106
[    2.362371] microcode: CPU2: patch_level=0x08600106
[    2.362409] microcode: CPU3: patch_level=0x08600106
[    2.362450] microcode: CPU4: patch_level=0x08600106
[    2.362494] microcode: CPU5: patch_level=0x08600106
[    2.362503] microcode: Microcode Update Driver: v2.2.
[    2.362973] resctrl: L3 allocation detected
[    2.362977] resctrl: MB allocation detected
[    2.362978] resctrl: L3 monitoring detected
[    2.362983] IPI shorthand broadcast: enabled
[    2.363273] registered taskstats version 1
[    2.363745] Loading compiled-in X.509 certificates
[    2.366050] Loaded X.509 cert 'Build time autogenerated kernel key: ffeacdc3b63e16caac9462699fabf7f282bd1360'
[    2.367060] zswap: loaded using pool lz4/z3fold
[    2.367746] Key type ._fscrypt registered
[    2.367748] Key type .fscrypt registered
[    2.367749] Key type fscrypt-provisioning registered
[    2.367808] AppArmor: AppArmor sha1 policy hashing enabled
[    2.368186] PM:   Magic number: 1:347:584
[    2.368449] RAS: Correctable Errors collector initialized.
[    2.465298] ata2: SATA link up 6.0 Gbps (SStatus 133 SControl 300)
[    2.468018] ata2.00: ATA-11: SAMSUNG MZNLH512HALU-00000, RVT2200Q, max UDMA/133
[    2.469126] ata2.00: 1000215216 sectors, multi 16: LBA48 NCQ (depth 32), AA
[    2.471243] ata2.00: Features: Dev-Sleep NCQ-sndrcv
[    2.474839] ata2.00: configured for UDMA/133
[    2.474981] ata2.00: failed to enable DEVSLP
[    2.474983] ata2.00: failed to enable DIPM, Emask 0x40
[    7.951965] ata2: SATA link up 6.0 Gbps (SStatus 133 SControl 300)
[    7.960312] ata2.00: configured for UDMA/133
[    7.961100] scsi 1:0:0:0: Direct-Access     ATA      SAMSUNG MZNLH512 200Q PQ: 0 ANSI: 5
[    7.961829] sd 1:0:0:0: [sda] 1000215216 512-byte logical blocks: (512 GB/477 GiB)
[    7.961853] sd 1:0:0:0: [sda] Write Protect is off
[    7.961858] sd 1:0:0:0: [sda] Mode Sense: 00 3a 00 00
[    7.961886] sd 1:0:0:0: [sda] Write cache: enabled, read cache: enabled, doesn't support DPO or FUA
[    7.996960]  sda: sda1 sda2 sda3
[    8.028826] sd 1:0:0:0: [sda] Attached SCSI disk
[    8.028983] Unstable clock detected, switching default tracing clock to "global"
               If you want to keep using the local clock, then add:
                 "trace_clock=local"
               on the kernel command line
[    8.032043] Freeing unused decrypted memory: 2036K
[    8.032559] Freeing unused kernel image (initmem) memory: 1860K
[    8.055312] Write protecting the kernel read-only data: 28672k
[    8.056312] Freeing unused kernel image (text/rodata gap) memory: 2036K
[    8.057055] Freeing unused kernel image (rodata/data gap) memory: 1496K
[    8.099237] x86/mm: Checked W+X mappings: passed, no W+X pages found.
[    8.099246] rodata_test: all tests were successful
[    8.099248] x86/mm: Checking user space page tables
[    8.139443] x86/mm: Checked W+X mappings: passed, no W+X pages found.
[    8.139475] Run /init as init process
[    8.139478]   with arguments:
[    8.139479]     /init
[    8.139480]   with environment:
[    8.139481]     HOME=/
[    8.139482]     TERM=linux
[    8.139483]     BOOT_IMAGE=/boot/vmlinuz-linux
[    8.139484]     pti=on
[    8.139485]     mem_encrypt=on
[    8.178874] fbcon: Taking over console
[    8.179018] Console: switching to colour frame buffer device 240x67
[    8.341285] xhci_hcd 0000:01:00.3: xHCI Host Controller
[    8.341305] xhci_hcd 0000:01:00.3: new USB bus registered, assigned bus number 1
[    8.341428] xhci_hcd 0000:01:00.3: hcc params 0x0268ffe5 hci version 0x110 quirks 0x0000020000000410
[    8.343061] usb usb1: New USB device found, idVendor=1d6b, idProduct=0002, bcdDevice= 5.15
[    8.343068] usb usb1: New USB device strings: Mfr=3, Product=2, SerialNumber=1
[    8.343071] usb usb1: Product: xHCI Host Controller
[    8.343072] usb usb1: Manufacturer: Linux 5.15.7-arch1-1 xhci-hcd
[    8.343074] usb usb1: SerialNumber: 0000:01:00.3
[    8.344072] hub 1-0:1.0: USB hub found
[    8.344088] hub 1-0:1.0: 4 ports detected
[    8.344738] xhci_hcd 0000:01:00.3: xHCI Host Controller
[    8.344748] xhci_hcd 0000:01:00.3: new USB bus registered, assigned bus number 2
[    8.344754] xhci_hcd 0000:01:00.3: Host supports USB 3.1 Enhanced SuperSpeed
[    8.344777] usb usb2: We don't know the algorithms for LPM for this host, disabling LPM.
[    8.344848] usb usb2: New USB device found, idVendor=1d6b, idProduct=0003, bcdDevice= 5.15
[    8.344851] usb usb2: New USB device strings: Mfr=3, Product=2, SerialNumber=1
[    8.344852] usb usb2: Product: xHCI Host Controller
[    8.344854] usb usb2: Manufacturer: Linux 5.15.7-arch1-1 xhci-hcd
[    8.344855] usb usb2: SerialNumber: 0000:01:00.3
[    8.345150] hub 2-0:1.0: USB hub found
[    8.345160] hub 2-0:1.0: 2 ports detected
[    8.345590] xhci_hcd 0000:01:00.4: xHCI Host Controller
[    8.345596] xhci_hcd 0000:01:00.4: new USB bus registered, assigned bus number 3
[    8.345750] xhci_hcd 0000:01:00.4: hcc params 0x0268ffe5 hci version 0x110 quirks 0x0000020000000410
[    8.346250] i8042: PNP: PS/2 Controller [PNP0303:KBC0] at 0x60,0x64 irq 1
[    8.346256] i8042: PNP: PS/2 appears to have AUX port disabled, if this is incorrect please boot with i8042.nopnp
[    8.346333] usb usb3: New USB device found, idVendor=1d6b, idProduct=0002, bcdDevice= 5.15
[    8.346337] usb usb3: New USB device strings: Mfr=3, Product=2, SerialNumber=1
[    8.346340] usb usb3: Product: xHCI Host Controller
[    8.346342] usb usb3: Manufacturer: Linux 5.15.7-arch1-1 xhci-hcd
[    8.346343] usb usb3: SerialNumber: 0000:01:00.4
[    8.346654] hub 3-0:1.0: USB hub found
[    8.346672] hub 3-0:1.0: 4 ports detected
[    8.347208] xhci_hcd 0000:01:00.4: xHCI Host Controller
[    8.347215] xhci_hcd 0000:01:00.4: new USB bus registered, assigned bus number 4
[    8.347222] xhci_hcd 0000:01:00.4: Host supports USB 3.1 Enhanced SuperSpeed
[    8.347250] usb usb4: We don't know the algorithms for LPM for this host, disabling LPM.
[    8.347284] usb usb4: New USB device found, idVendor=1d6b, idProduct=0003, bcdDevice= 5.15
[    8.347286] usb usb4: New USB device strings: Mfr=3, Product=2, SerialNumber=1
[    8.347288] usb usb4: Product: xHCI Host Controller
[    8.347289] usb usb4: Manufacturer: Linux 5.15.7-arch1-1 xhci-hcd
[    8.347290] usb usb4: SerialNumber: 0000:01:00.4
[    8.347453] hub 4-0:1.0: USB hub found
[    8.347464] hub 4-0:1.0: 2 ports detected
[    8.348011] serio: i8042 KBD port at 0x60,0x64 irq 1
[    8.361213] random: fast init done
[    8.386581] input: AT Translated Set 2 keyboard as /devices/platform/i8042/serio0/input/input2
[    8.397978] PM: Image not found (code -22)
[    8.595080] usb 3-2: new high-speed USB device number 2 using xhci_hcd
[    8.740593] usb 3-2: New USB device found, idVendor=0bda, idProduct=8152, bcdDevice=20.00
[    8.740605] usb 3-2: New USB device strings: Mfr=1, Product=2, SerialNumber=3
[    8.740608] usb 3-2: Product: USB 10/100 LAN
[    8.740611] usb 3-2: Manufacturer: Realtek
[    8.740614] usb 3-2: SerialNumber: 00E04C360696
[    9.999640] EXT4-fs (sda2): mounted filesystem with ordered data mode. Opts: (null). Quota mode: none.
[   10.166648] systemd[1]: systemd 249.7-2-arch running in system mode (+PAM +AUDIT -SELINUX -APPARMOR -IMA +SMACK +SECCOMP +GCRYPT +GNUTLS +OPENSSL +ACL +BLKID +CURL +ELFUTILS +FIDO2 +IDN2 -IDN +IPTC +KMOD +LIBCRYPTSETUP +LIBFDISK +PCRE2 -PWQUALITY +P11KIT -QRENCODE +BZIP2 +LZ4 +XZ +ZLIB +ZSTD +XKBCOMMON +UTMP -SYSVINIT default-hierarchy=unified)
[   10.182241] systemd[1]: Detected architecture x86-64.
[   10.182972] systemd[1]: Hostname set to <mksredmibook14ii>.
[   10.254762] random: lvmconfig: uninitialized urandom read (4 bytes read)
[   10.341827] systemd[1]: Queued start job for default target Graphical Interface.
[   10.344053] systemd[1]: Created slice Slice /system/getty.
[   10.344608] systemd[1]: Created slice Slice /system/modprobe.
[   10.345133] systemd[1]: Created slice Slice /system/systemd-fsck.
[   10.345439] systemd[1]: Created slice User and Session Slice.
[   10.345585] systemd[1]: Started Dispatch Password Requests to Console Directory Watch.
[   10.345675] systemd[1]: Started Forward Password Requests to Wall Directory Watch.
[   10.345963] systemd[1]: Set up automount Arbitrary Executable File Formats File System Automount Point.
[   10.346057] systemd[1]: Reached target Local Encrypted Volumes.
[   10.346096] systemd[1]: Reached target Login Prompts.
[   10.346149] systemd[1]: Reached target Path Units.
[   10.346187] systemd[1]: Reached target Remote File Systems.
[   10.346217] systemd[1]: Reached target Slice Units.
[   10.346269] systemd[1]: Reached target Local Verity Protected Volumes.
[   10.346382] systemd[1]: Listening on Device-mapper event daemon FIFOs.
[   10.346764] systemd[1]: Listening on LVM2 poll daemon socket.
[   10.348258] systemd[1]: Listening on Process Core Dump Socket.
[   10.351637] systemd[1]: Condition check resulted in Journal Audit Socket being skipped.
[   10.352639] systemd[1]: Listening on Journal Socket (/dev/log).
[   10.352881] systemd[1]: Listening on Journal Socket.
[   10.353764] systemd[1]: Listening on udev Control Socket.
[   10.353943] systemd[1]: Listening on udev Kernel Socket.
[   10.355553] systemd[1]: Mounting Huge Pages File System...
[   10.357355] systemd[1]: Mounting POSIX Message Queue File System...
[   10.358944] systemd[1]: Mounting Kernel Debug File System...
[   10.360440] systemd[1]: Mounting Kernel Trace File System...
[   10.362368] systemd[1]: Starting Create List of Static Device Nodes...
[   10.364409] systemd[1]: Starting Monitoring of LVM2 mirrors, snapshots etc. using dmeventd or progress polling...
[   10.365610] systemd[1]: Starting Load Kernel Module configfs...
[   10.366911] systemd[1]: Starting Load Kernel Module drm...
[   10.368363] systemd[1]: Starting Load Kernel Module fuse...
[   10.369282] random: lvm: uninitialized urandom read (4 bytes read)
[   10.369764] systemd[1]: Condition check resulted in Set Up Additional Binary Formats being skipped.
[   10.369834] systemd[1]: Condition check resulted in File System Check on Root Device being skipped.
[   10.372780] systemd[1]: Starting Journal Service...
[   10.374840] systemd[1]: Starting Load Kernel Modules...
[   10.376173] systemd[1]: Starting Remount Root and Kernel File Systems...
[   10.376332] systemd[1]: Condition check resulted in Repartition Root Disk being skipped.
[   10.377890] systemd[1]: Starting Coldplug All udev Devices...
[   10.380008] systemd[1]: Mounted Huge Pages File System.
[   10.380191] systemd[1]: Mounted POSIX Message Queue File System.
[   10.380375] systemd[1]: Mounted Kernel Debug File System.
[   10.380520] systemd[1]: Mounted Kernel Trace File System.
[   10.381041] systemd[1]: Finished Create List of Static Device Nodes.
[   10.382140] fuse: init (API version 7.34)
[   10.383200] EXT4-fs (sda2): re-mounted. Opts: (null). Quota mode: none.
[   10.385328] systemd[1]: modprobe@configfs.service: Deactivated successfully.
[   10.385726] systemd[1]: Finished Load Kernel Module configfs.
[   10.386090] systemd[1]: modprobe@drm.service: Deactivated successfully.
[   10.386618] systemd[1]: Finished Load Kernel Module drm.
[   10.387084] systemd[1]: modprobe@fuse.service: Deactivated successfully.
[   10.387567] systemd[1]: Finished Load Kernel Module fuse.
[   10.388241] systemd[1]: Finished Load Kernel Modules.
[   10.389273] systemd[1]: Finished Remount Root and Kernel File Systems.
[   10.391247] systemd[1]: Mounting FUSE Control File System...
[   10.392805] systemd[1]: Mounting Kernel Configuration File System...
[   10.392944] systemd[1]: Condition check resulted in First Boot Wizard being skipped.
[   10.394632] systemd[1]: Condition check resulted in Rebuild Hardware Database being skipped.
[   10.396163] systemd[1]: Starting Load/Save Random Seed...
[   10.397721] systemd[1]: Starting Apply Kernel Variables...
[   10.399773] systemd[1]: Starting Create System Users...
[   10.400831] systemd[1]: Mounted FUSE Control File System.
[   10.401018] systemd[1]: Mounted Kernel Configuration File System.
[   10.408795] systemd[1]: Finished Monitoring of LVM2 mirrors, snapshots etc. using dmeventd or progress polling.
[   10.412131] systemd[1]: Finished Apply Kernel Variables.
[   10.420145] systemd[1]: Finished Create System Users.
[   10.421846] systemd[1]: Starting Create Static Device Nodes in /dev...
[   10.468648] systemd[1]: Finished Create Static Device Nodes in /dev.
[   10.468879] systemd[1]: Reached target Preparation for Local File Systems.
[   10.468949] systemd[1]: Condition check resulted in Virtual Machine and Container Storage (Compatibility) being skipped.
[   10.471679] systemd[1]: Starting Rule-based Manager for Device Events and Files...
[   10.474764] systemd[1]: Started Journal Service.
[   10.482805] systemd-journald[250]: Received client request to flush runtime journal.
[   10.609949] acpi PNP0C14:01: duplicate WMI GUID 05901221-D566-11D1-B2F0-00A0C9062910 (first instance was on PNP0C14:00)
[   10.614503] acpi_cpufreq: overriding BIOS provided _PSD data
[   10.637761] ACPI: video: Video Device [VGA] (multi-head: yes  rom: no  post: no)
[   10.638228] acpi device:0e: registered as cooling_device6
[   10.638303] input: Video Bus as /devices/LNXSYSTM:00/LNXSYBUS:00/PNP0A08:00/device:0d/LNXVIDEO:00/input/input3
[   10.684964] ccp 0000:01:00.2: enabling device (0000 -> 0002)
[   10.685271] ccp 0000:01:00.2: ccp: unable to access the device: you might be running a broken BIOS.
[   10.695437] ccp 0000:01:00.2: tee enabled
[   10.695444] ccp 0000:01:00.2: psp enabled
[   10.752123] snd_rn_pci_acp3x 0000:01:00.5: enabling device (0000 -> 0002)
[   10.773484] input: GXT7863:00 27C6:01E0 Mouse as /devices/platform/AMDI0010:03/i2c-0/i2c-GXT7863:00/0018:27C6:01E0.0001/input/input4
[   10.773699] input: GXT7863:00 27C6:01E0 Touchpad as /devices/platform/AMDI0010:03/i2c-0/i2c-GXT7863:00/0018:27C6:01E0.0001/input/input5
[   10.773982] hid-generic 0018:27C6:01E0.0001: input,hidraw0: I2C HID v1.00 Mouse [GXT7863:00 27C6:01E0] on i2c-GXT7863:00
[   10.785484] usbcore: registered new interface driver r8152
[   10.910121] usbcore: registered new interface driver cdc_ether
[   10.955386] usb 3-2: reset high-speed USB device number 2 using xhci_hcd
[   10.973162] piix4_smbus 0000:00:14.0: SMBus Host Controller at 0xb00, revision 0
[   10.973169] piix4_smbus 0000:00:14.0: Using register 0x02 for SMBus port selection
[   10.974402] piix4_smbus 0000:00:14.0: Auxiliary SMBus Host Controller at 0xb20
[   10.980004] Adding 17309968k swap on /dev/sda3.  Priority:-2 extents:1 across:17309968k SSFS
[   10.983732] sp5100_tco: SP5100/SB800 TCO WatchDog Timer Driver
[   10.983949] sp5100-tco sp5100-tco: Using 0xfeb00000 for watchdog MMIO address
[   10.984068] sp5100-tco sp5100-tco: initialized. heartbeat=60 sec (nowayout=0)
[   11.002943] [drm] amdgpu kernel modesetting enabled.
[   11.022117] amdgpu: Virtual CRAT table created for CPU
[   11.022172] amdgpu: Topology: Add CPU node
[   11.022386] checking generic (fce0000000 7f0000) vs hw (fce0000000 10000000)
[   11.022388] fb0: switching to amdgpu from EFI VGA
[   11.023011] Console: switching to colour dummy device 80x25
[   11.023123] amdgpu 0000:01:00.0: vgaarb: deactivate vga console
[   11.023276] amdgpu 0000:01:00.0: enabling device (0006 -> 0007)
[   11.023420] [drm] initializing kernel modesetting (RENOIR 0x1002:0x1636 0x1D72:0x1951 0xC3).
[   11.023425] amdgpu 0000:01:00.0: amdgpu: Trusted Memory Zone (TMZ) feature enabled
[   11.023973] [drm] register mmio base: 0xD0400000
[   11.023975] [drm] register mmio size: 524288
[   11.023977] [drm] PCIE atomic ops is not supported
[   11.025692] [drm] add ip block number 0 <soc15_common>
[   11.025695] [drm] add ip block number 1 <gmc_v9_0>
[   11.025696] [drm] add ip block number 2 <vega10_ih>
[   11.025697] [drm] add ip block number 3 <psp>
[   11.025698] [drm] add ip block number 4 <smu>
[   11.025700] [drm] add ip block number 5 <gfx_v9_0>
[   11.025701] [drm] add ip block number 6 <sdma_v4_0>
[   11.025703] [drm] add ip block number 7 <dm>
[   11.025704] [drm] add ip block number 8 <vcn_v2_0>
[   11.025705] [drm] add ip block number 9 <jpeg_v2_0>
[   11.025729] amdgpu 0000:01:00.0: amdgpu: Fetched VBIOS from VFCT
[   11.025733] amdgpu: ATOM BIOS: 113-RENOIR-026
[   11.027538] [drm] VCN decode is enabled in VM mode
[   11.027540] [drm] VCN encode is enabled in VM mode
[   11.027542] [drm] JPEG decode is enabled in VM mode
[   11.027589] [drm] vm size is 262144 GB, 4 levels, block size is 9-bit, fragment size is 9-bit
[   11.027599] amdgpu 0000:01:00.0: amdgpu: VRAM: 512M 0x000000F400000000 - 0x000000F41FFFFFFF (512M used)
[   11.027603] amdgpu 0000:01:00.0: amdgpu: GART: 1024M 0x0000000000000000 - 0x000000003FFFFFFF
[   11.027605] amdgpu 0000:01:00.0: amdgpu: AGP: 267419648M 0x000000F800000000 - 0x0000FFFFFFFFFFFF
[   11.027612] [drm] Detected VRAM RAM=512M, BAR=512M
[   11.027614] [drm] RAM width 128bits DDR4
[   11.027684] [drm] amdgpu: 512M of VRAM memory ready
[   11.027685] [drm] amdgpu: 3072M of GTT memory ready.
[   11.027695] [drm] GART: num cpu pages 262144, num gpu pages 262144
[   11.027863] [drm] PCIE GART of 1024M enabled.
[   11.027864] [drm] PTB located at 0x000000F400900000
[   11.029479] amdgpu 0000:01:00.0: amdgpu: PSP runtime database doesn't exist
[   11.036700] [drm] Loading DMUB firmware via PSP: version=0x01010019
[   11.038133] [drm] Found VCN firmware Version ENC: 1.16 DEC: 5 VEP: 0 Revision: 3
[   11.038144] amdgpu 0000:01:00.0: amdgpu: Will use PSP to load VCN firmware
[   11.151401] r8152 3-2:1.0: skip request firmware
[   11.191777] snd_hda_intel 0000:01:00.1: enabling device (0000 -> 0002)
[   11.191979] snd_hda_intel 0000:01:00.1: Handle vga_switcheroo audio client
[   11.192247] snd_hda_intel 0000:01:00.6: enabling device (0000 -> 0002)
[   11.194588] r8152 3-2:1.0 eth0: v1.12.11
[   11.209356] input: HD-Audio Generic HDMI/DP,pcm=3 as /devices/pci0000:00/0000:00:08.1/0000:01:00.1/sound/card0/input7
[   11.209449] input: HD-Audio Generic HDMI/DP,pcm=7 as /devices/pci0000:00/0000:00:08.1/0000:01:00.1/sound/card0/input8
[   11.243346] input: PC Speaker as /devices/platform/pcspkr/input/input9
[   11.284097] snd_hda_codec_realtek hdaudioC1D0: autoconfig for ALC256: line_outs=1 (0x14/0x0/0x0/0x0/0x0) type:speaker
[   11.284105] snd_hda_codec_realtek hdaudioC1D0:    speaker_outs=0 (0x0/0x0/0x0/0x0/0x0)
[   11.284107] snd_hda_codec_realtek hdaudioC1D0:    hp_outs=1 (0x21/0x0/0x0/0x0/0x0)
[   11.284109] snd_hda_codec_realtek hdaudioC1D0:    mono: mono_out=0x0
[   11.284112] snd_hda_codec_realtek hdaudioC1D0:    inputs:
[   11.284113] snd_hda_codec_realtek hdaudioC1D0:      Mic=0x19
[   11.335992] input: HD-Audio Generic Mic as /devices/pci0000:00/0000:00:08.1/0000:01:00.6/sound/card1/input10
[   11.336108] input: HD-Audio Generic Headphone as /devices/pci0000:00/0000:00:08.1/0000:01:00.6/sound/card1/input11
[   11.341931] random: dbus-daemon: uninitialized urandom read (12 bytes read)
[   11.367041] RAPL PMU: API unit is 2^-32 Joules, 1 fixed counters, 163840 ms ovfl timer
[   11.367046] RAPL PMU: hw unit of domain package 2^-16 Joules
[   11.369402] random: dbus-daemon: uninitialized urandom read (12 bytes read)
[   11.381393] cryptd: max_cpu_qlen set to 1000
[   11.445508] AVX2 version of gcm_enc/dec engaged.
[   11.445552] AES CTR mode by8 optimization enabled
[   11.708277] r8152 3-2:1.0 enp1s0f4u2: renamed from eth0
[   11.720487] input: GXT7863:00 27C6:01E0 Mouse as /devices/platform/AMDI0010:03/i2c-0/i2c-GXT7863:00/0018:27C6:01E0.0001/input/input12
[   11.720990] input: GXT7863:00 27C6:01E0 Touchpad as /devices/platform/AMDI0010:03/i2c-0/i2c-GXT7863:00/0018:27C6:01E0.0001/input/input13
[   11.721082] hid-multitouch 0018:27C6:01E0.0001: input,hidraw0: I2C HID v1.00 Mouse [GXT7863:00 27C6:01E0] on i2c-GXT7863:00
[   11.731717] mousedev: PS/2 mouse device common for all mice
[   11.742217] kvm: Nested Virtualization enabled
[   11.742221] SVM: kvm: Nested Paging enabled
[   11.742242] SVM: Virtual VMLOAD VMSAVE supported
[   11.742243] SVM: Virtual GIF supported
[   11.758076] MCE: In-kernel MCE decoding enabled.
[   11.775079] random: crng init done
[   11.849180] intel_rapl_common: Found RAPL domain package
[   11.849185] intel_rapl_common: Found RAPL domain core
[   11.921737] [drm] reserve 0x400000 from 0xf41f800000 for PSP TMR
[   12.004684] amdgpu 0000:01:00.0: amdgpu: RAS: optional ras ta ucode is not available
[   12.013148] amdgpu 0000:01:00.0: amdgpu: RAP: optional rap ta ucode is not available
[   12.013155] amdgpu 0000:01:00.0: amdgpu: SECUREDISPLAY: securedisplay ta ucode is not available
[   12.013502] amdgpu 0000:01:00.0: amdgpu: SMU is initialized successfully!
[   12.014899] [drm] kiq ring mec 2 pipe 1 q 0
[   12.016411] [drm] Display Core initialized with v3.2.149!
[   12.016858] [drm] DMUB hardware initialized: version=0x01010019
[   12.047752] snd_hda_intel 0000:01:00.1: bound 0000:01:00.0 (ops amdgpu_dm_audio_component_bind_ops [amdgpu])
[   12.138362] [drm] VCN decode and encode initialized successfully(under DPG Mode).
[   12.138403] [drm] JPEG decode initialized successfully.
[   12.140176] kfd kfd: amdgpu: Allocated 3969056 bytes on gart
[   12.155185] memmap_init_zone_device initialised 131072 pages in 4ms
[   12.155198] amdgpu: HMM registered 512MB device memory
[   12.155243] amdgpu: SRAT table not found
[   12.155244] amdgpu: Virtual CRAT table created for GPU
[   12.155498] amdgpu: Topology: Add dGPU node [0x1636:0x1002]
[   12.155503] kfd kfd: amdgpu: added device 1002:1636
[   12.155521] amdgpu 0000:01:00.0: amdgpu: SE 1, SH per SE 2, CU per SH 18, active_cu_number 26
[   12.158259] [drm] fb mappable at 0x410CD1000
[   12.158262] [drm] vram apper at 0x410000000
[   12.158263] [drm] size 8294400
[   12.158264] [drm] fb depth is 24
[   12.158264] [drm]    pitch is 7680
[   12.159298] fbcon: amdgpu (fb0) is primary device
[   12.214712] Console: switching to colour frame buffer device 240x67
[   12.235095] amdgpu 0000:01:00.0: [drm] fb0: amdgpu frame buffer device
[   12.248778] amdgpu 0000:01:00.0: amdgpu: ring gfx uses VM inv eng 0 on hub 0
[   12.248784] amdgpu 0000:01:00.0: amdgpu: ring comp_1.0.0 uses VM inv eng 1 on hub 0
[   12.248786] amdgpu 0000:01:00.0: amdgpu: ring comp_1.1.0 uses VM inv eng 4 on hub 0
[   12.248788] amdgpu 0000:01:00.0: amdgpu: ring comp_1.2.0 uses VM inv eng 5 on hub 0
[   12.248789] amdgpu 0000:01:00.0: amdgpu: ring comp_1.3.0 uses VM inv eng 6 on hub 0
[   12.248790] amdgpu 0000:01:00.0: amdgpu: ring comp_1.0.1 uses VM inv eng 7 on hub 0
[   12.248791] amdgpu 0000:01:00.0: amdgpu: ring comp_1.1.1 uses VM inv eng 8 on hub 0
[   12.248793] amdgpu 0000:01:00.0: amdgpu: ring comp_1.2.1 uses VM inv eng 9 on hub 0
[   12.248794] amdgpu 0000:01:00.0: amdgpu: ring comp_1.3.1 uses VM inv eng 10 on hub 0
[   12.248796] amdgpu 0000:01:00.0: amdgpu: ring kiq_2.1.0 uses VM inv eng 11 on hub 0
[   12.248798] amdgpu 0000:01:00.0: amdgpu: ring sdma0 uses VM inv eng 0 on hub 1
[   12.248799] amdgpu 0000:01:00.0: amdgpu: ring vcn_dec uses VM inv eng 1 on hub 1
[   12.248801] amdgpu 0000:01:00.0: amdgpu: ring vcn_enc0 uses VM inv eng 4 on hub 1
[   12.248802] amdgpu 0000:01:00.0: amdgpu: ring vcn_enc1 uses VM inv eng 5 on hub 1
[   12.248804] amdgpu 0000:01:00.0: amdgpu: ring jpeg_dec uses VM inv eng 6 on hub 1
[   12.251860] [drm] Initialized amdgpu 3.42.0 20150101 for 0000:01:00.0 on minor 0
[   13.120871] IPv6: ADDRCONF(NETDEV_CHANGE): enp1s0f4u2: link becomes ready
[   13.122197] r8152 3-2:1.0 enp1s0f4u2: carrier on
[   73.088445] ucsi_acpi USBC000:00: PPM init failed (-110)
[   91.424701] iptables reject: IN=enp1s0f4u2 OUT= MAC= SRC=192.168.88.247 DST=224.0.0.251 LEN=68 TOS=0x00 PREC=0x00 TTL=1 ID=12362 DF PROTO=UDP SPT=5353 DPT=5353 LEN=48 
[   92.374377] iptables reject: IN=enp1s0f4u2 OUT= MAC= SRC=192.168.88.247 DST=224.0.0.251 LEN=68 TOS=0x00 PREC=0x00 TTL=1 ID=12475 DF PROTO=UDP SPT=5353 DPT=5353 LEN=48 
[   94.374811] iptables reject: IN=enp1s0f4u2 OUT= MAC= SRC=192.168.88.247 DST=224.0.0.251 LEN=68 TOS=0x00 PREC=0x00 TTL=1 ID=12827 DF PROTO=UDP SPT=5353 DPT=5353 LEN=48 
[  325.989259] Bluetooth: Core ver 2.22
[  325.989322] NET: Registered PF_BLUETOOTH protocol family
[  325.989323] Bluetooth: HCI device and connection manager initialized
[  325.989332] Bluetooth: HCI socket layer initialized
[  325.989335] Bluetooth: L2CAP socket layer initialized
[  325.989339] Bluetooth: SCO socket layer initialized
[  946.784527] atkbd serio0: Unknown key pressed (translated set 2, code 0xf6 on isa0060/serio0).
[  946.784533] atkbd serio0: Use 'setkeycodes e076 <keycode>' to make it known.
[  952.543853] atkbd serio0: Unknown key released (translated set 2, code 0xf6 on isa0060/serio0).
[  952.543858] atkbd serio0: Use 'setkeycodes e076 <keycode>' to make it known.
[ 3692.089094] atkbd serio0: Unknown key pressed (translated set 2, code 0xf6 on isa0060/serio0).
[ 3692.089101] atkbd serio0: Use 'setkeycodes e076 <keycode>' to make it known.
[ 3693.434279] atkbd serio0: Unknown key released (translated set 2, code 0xf6 on isa0060/serio0).
[ 3693.434289] atkbd serio0: Use 'setkeycodes e076 <keycode>' to make it known.
[ 5534.340686] atkbd serio0: Unknown key pressed (translated set 2, code 0xf6 on isa0060/serio0).
[ 5534.340695] atkbd serio0: Use 'setkeycodes e076 <keycode>' to make it known.
[ 5535.996595] atkbd serio0: Unknown key released (translated set 2, code 0xf6 on isa0060/serio0).
[ 5535.996601] atkbd serio0: Use 'setkeycodes e076 <keycode>' to make it known.
[ 6431.043029] atkbd serio0: Unknown key pressed (translated set 2, code 0xf6 on isa0060/serio0).
[ 6431.043037] atkbd serio0: Use 'setkeycodes e076 <keycode>' to make it known.
[ 6435.592829] atkbd serio0: Unknown key released (translated set 2, code 0xf6 on isa0060/serio0).
[ 6435.592834] atkbd serio0: Use 'setkeycodes e076 <keycode>' to make it known.
[22882.407789] atkbd serio0: Unknown key pressed (translated set 2, code 0xf6 on isa0060/serio0).
[22882.407794] atkbd serio0: Use 'setkeycodes e076 <keycode>' to make it known.
[22884.677295] atkbd serio0: Unknown key released (translated set 2, code 0xf6 on isa0060/serio0).
[22884.677301] atkbd serio0: Use 'setkeycodes e076 <keycode>' to make it known.
[30188.555372] atkbd serio0: Unknown key pressed (translated set 2, code 0xf6 on isa0060/serio0).
[30188.555377] atkbd serio0: Use 'setkeycodes e076 <keycode>' to make it known.
[30195.202953] atkbd serio0: Unknown key released (translated set 2, code 0xf6 on isa0060/serio0).
[30195.202959] atkbd serio0: Use 'setkeycodes e076 <keycode>' to make it known.
[30753.807069] atkbd serio0: Unknown key pressed (translated set 2, code 0xf6 on isa0060/serio0).
[30753.807074] atkbd serio0: Use 'setkeycodes e076 <keycode>' to make it known.
[30757.423725] atkbd serio0: Unknown key released (translated set 2, code 0xf6 on isa0060/serio0).
[30757.423731] atkbd serio0: Use 'setkeycodes e076 <keycode>' to make it known.
[30809.180791] atkbd serio0: Unknown key pressed (translated set 2, code 0xf6 on isa0060/serio0).
[30809.180795] atkbd serio0: Use 'setkeycodes e076 <keycode>' to make it known.
[30812.427744] atkbd serio0: Unknown key released (translated set 2, code 0xf6 on isa0060/serio0).
[30812.427756] atkbd serio0: Use 'setkeycodes e076 <keycode>' to make it known.
[32172.986227] atkbd serio0: Unknown key pressed (translated set 2, code 0xf6 on isa0060/serio0).
[32172.986232] atkbd serio0: Use 'setkeycodes e076 <keycode>' to make it known.
[32178.119669] atkbd serio0: Unknown key released (translated set 2, code 0xf6 on isa0060/serio0).
[32178.119673] atkbd serio0: Use 'setkeycodes e076 <keycode>' to make it known.
[32609.947295] atkbd serio0: Unknown key pressed (translated set 2, code 0xf6 on isa0060/serio0).
[32609.947305] atkbd serio0: Use 'setkeycodes e076 <keycode>' to make it known.
[32611.462794] atkbd serio0: Unknown key released (translated set 2, code 0xf6 on isa0060/serio0).
[32611.462803] atkbd serio0: Use 'setkeycodes e076 <keycode>' to make it known.
[32731.824930] atkbd serio0: Unknown key pressed (translated set 2, code 0xf6 on isa0060/serio0).
[32731.824938] atkbd serio0: Use 'setkeycodes e076 <keycode>' to make it known.
[32735.316864] atkbd serio0: Unknown key released (translated set 2, code 0xf6 on isa0060/serio0).
[32735.316868] atkbd serio0: Use 'setkeycodes e076 <keycode>' to make it known.
[33478.537179] atkbd serio0: Unknown key pressed (translated set 2, code 0xf6 on isa0060/serio0).
[33478.537187] atkbd serio0: Use 'setkeycodes e076 <keycode>' to make it known.
[33487.210599] atkbd serio0: Unknown key released (translated set 2, code 0xf6 on isa0060/serio0).
[33487.210604] atkbd serio0: Use 'setkeycodes e076 <keycode>' to make it known.
[33501.141977] atkbd serio0: Unknown key pressed (translated set 2, code 0xf6 on isa0060/serio0).
[33501.141982] atkbd serio0: Use 'setkeycodes e076 <keycode>' to make it known.
[33502.298537] atkbd serio0: Unknown key released (translated set 2, code 0xf6 on isa0060/serio0).
[33502.298542] atkbd serio0: Use 'setkeycodes e076 <keycode>' to make it known.
[38000.811280] NOHZ tick-stop error: Non-RCU local softirq work is pending, handler #08!!!
[38000.831266] NOHZ tick-stop error: Non-RCU local softirq work is pending, handler #08!!!
[38000.831365] NOHZ tick-stop error: Non-RCU local softirq work is pending, handler #08!!!
[38000.831388] NOHZ tick-stop error: Non-RCU local softirq work is pending, handler #08!!!
[38000.831493] NOHZ tick-stop error: Non-RCU local softirq work is pending, handler #08!!!
[38000.831523] NOHZ tick-stop error: Non-RCU local softirq work is pending, handler #08!!!
[38000.831583] NOHZ tick-stop error: Non-RCU local softirq work is pending, handler #08!!!
[38000.831600] NOHZ tick-stop error: Non-RCU local softirq work is pending, handler #08!!!
[38000.831659] NOHZ tick-stop error: Non-RCU local softirq work is pending, handler #08!!!
[38000.831676] NOHZ tick-stop error: Non-RCU local softirq work is pending, handler #08!!!
[42454.060728] atkbd serio0: Unknown key pressed (translated set 2, code 0xf6 on isa0060/serio0).
[42454.060733] atkbd serio0: Use 'setkeycodes e076 <keycode>' to make it known.
[42454.140369] atkbd serio0: Unknown key released (translated set 2, code 0xf6 on isa0060/serio0).
[42454.140374] atkbd serio0: Use 'setkeycodes e076 <keycode>' to make it known.
[42454.197671] atkbd serio0: Unknown key pressed (translated set 2, code 0xf6 on isa0060/serio0).
[42454.197680] atkbd serio0: Use 'setkeycodes e076 <keycode>' to make it known.
[42456.399400] atkbd serio0: Unknown key released (translated set 2, code 0xf6 on isa0060/serio0).
[42456.399406] atkbd serio0: Use 'setkeycodes e076 <keycode>' to make it known.
