[    0.000000] Linux version 5.15.7-arch1-1 (linux@archlinux) (gcc (GCC) 11.1.0, GNU ld (GNU Binutils) 2.36.1) #1 SMP PREEMPT Wed, 08 Dec 2021 14:33:16 +0000
[    0.000000] Command line: BOOT_IMAGE=/boot/vmlinuz-linux root=UUID=a1e2e1f9-dbcb-484e-a242-73d5754f8d98 rw quiet resume=UUID=36238c5a-d1ff-4e5f-986a-4d302098cfd7 loglevel=3 audit=0 lsm=landlock,lockdown,yama,apparmor,bpf l1tf=full,force mds=full,nosmt mitigations=auto,nosmt nosmt=force init_on_alloc=1 init_on_free=1 randomize_kstack_offset=on slab_nomerge pti=on slub_debug=ZF slub_debug=P page_poison=1 mem_encrypt=on
[    0.000000] x86/fpu: Supporting XSAVE feature 0x001: 'x87 floating point registers'
[    0.000000] x86/fpu: Supporting XSAVE feature 0x002: 'SSE registers'
[    0.000000] x86/fpu: Supporting XSAVE feature 0x004: 'AVX registers'
[    0.000000] x86/fpu: xstate_offset[2]:  576, xstate_sizes[2]:  256
[    0.000000] x86/fpu: Enabled xstate features 0x7, context size is 832 bytes, using 'compacted' format.
[    0.000000] signal: max sigframe size: 1776
[    0.000000] SMT: Force disabled
[    0.000000] BIOS-provided physical RAM map:
[    0.000000] BIOS-e820: [mem 0x0000000000000000-0x000000000009efff] usable
[    0.000000] BIOS-e820: [mem 0x000000000009f000-0x00000000000bffff] reserved
[    0.000000] BIOS-e820: [mem 0x0000000000100000-0x0000000009afffff] usable
[    0.000000] BIOS-e820: [mem 0x0000000009b00000-0x0000000009dfffff] reserved
[    0.000000] BIOS-e820: [mem 0x0000000009e00000-0x0000000009efffff] usable
[    0.000000] BIOS-e820: [mem 0x0000000009f00000-0x0000000009f0ffff] ACPI NVS
[    0.000000] BIOS-e820: [mem 0x0000000009f10000-0x00000000bab68fff] usable
[    0.000000] BIOS-e820: [mem 0x00000000bab69000-0x00000000bbd68fff] reserved
[    0.000000] BIOS-e820: [mem 0x00000000bbd69000-0x00000000c9f7efff] usable
[    0.000000] BIOS-e820: [mem 0x00000000c9f7f000-0x00000000caf7efff] type 20
[    0.000000] BIOS-e820: [mem 0x00000000caf7f000-0x00000000ccf7efff] reserved
[    0.000000] BIOS-e820: [mem 0x00000000ccf7f000-0x00000000cdf7efff] ACPI NVS
[    0.000000] BIOS-e820: [mem 0x00000000cdf7f000-0x00000000cdffefff] ACPI data
[    0.000000] BIOS-e820: [mem 0x00000000cdfff000-0x00000000cdffffff] usable
[    0.000000] BIOS-e820: [mem 0x00000000ce000000-0x00000000ceffffff] reserved
[    0.000000] BIOS-e820: [mem 0x00000000f8000000-0x00000000fbffffff] reserved
[    0.000000] BIOS-e820: [mem 0x00000000fde00000-0x00000000fdefffff] reserved
[    0.000000] BIOS-e820: [mem 0x00000000fec00000-0x00000000fec00fff] reserved
[    0.000000] BIOS-e820: [mem 0x00000000fec10000-0x00000000fec10fff] reserved
[    0.000000] BIOS-e820: [mem 0x00000000fec20000-0x00000000fec20fff] reserved
[    0.000000] BIOS-e820: [mem 0x00000000fed80000-0x00000000fed80fff] reserved
[    0.000000] BIOS-e820: [mem 0x00000000fee00000-0x00000000fee00fff] reserved
[    0.000000] BIOS-e820: [mem 0x00000000ff000000-0x00000000fff2ffff] reserved
[    0.000000] BIOS-e820: [mem 0x0000000100000000-0x000000040f33ffff] usable
[    0.000000] BIOS-e820: [mem 0x000000040f340000-0x000000042fffffff] reserved
[    0.000000] NX (Execute Disable) protection: active
[    0.000000] efi: EFI v2.70 by INSYDE Corp.
[    0.000000] efi: ACPI=0xcdffe000 ACPI 2.0=0xcdffe014 TPMFinalLog=0xcdf2c000 SMBIOS=0xcb70c000 SMBIOS 3.0=0xcb70a000 ESRT=0xcb70d418 
[    0.000000] SMBIOS 3.2.0 present.
[    0.000000] DMI: TIMI RedmiBook 14 II/TM1951, BIOS RMARN4B0P0909 08/19/2020
[    0.000000] tsc: Fast TSC calibration using PIT
[    0.000000] tsc: Detected 2370.380 MHz processor
[    0.000544] e820: update [mem 0x00000000-0x00000fff] usable ==> reserved
[    0.000546] e820: remove [mem 0x000a0000-0x000fffff] usable
[    0.000551] last_pfn = 0x40f340 max_arch_pfn = 0x400000000
[    0.000727] x86/PAT: Configuration [0-7]: WB  WC  UC- UC  WB  WP  UC- WT  
[    0.000949] last_pfn = 0xce000 max_arch_pfn = 0x400000000
[    0.010340] esrt: Reserving ESRT space from 0x00000000cb70d418 to 0x00000000cb70d450.
[    0.010349] Kernel/User page tables isolation: force enabled on command line.
[    0.010350] Using GB pages for direct mapping
[    0.010680] Secure boot disabled
[    0.010681] RAMDISK: [mem 0x36b1f000-0x37586fff]
[    0.010686] ACPI: Early table checksum verification disabled
[    0.010689] ACPI: RSDP 0x00000000CDFFE014 000024 (v02 XMCC  )
[    0.010692] ACPI: XSDT 0x00000000CDFCE188 000134 (v01 XMCC   XMCC1951 00000002      01000013)
[    0.010697] ACPI: FACP 0x00000000CDFEC000 00010C (v05 XMCC   XMCC1951 00000002      01000013)
[    0.010701] ACPI: DSDT 0x00000000CDFDF000 006545 (v01 XMCC   XMCC1951 00000002      01000013)
[    0.010704] ACPI: FACS 0x00000000CDF29000 000040
[    0.010706] ACPI: UEFI 0x00000000CDF7E000 000236 (v01 INSYDE H2O BIOS 00000001 ACPI 00040000)
[    0.010708] ACPI: SSDT 0x00000000CDFF5000 007216 (v02 AMD    AmdTable 00000002 MSFT 04000000)
[    0.010710] ACPI: IVRS 0x00000000CDFF4000 0001A4 (v02 AMD    AmdTable 00000001 AMD  00000000)
[    0.010712] ACPI: SSDT 0x00000000CDFF3000 000228 (v01 AMD    STD3     00000001 INTL 20130117)
[    0.010714] ACPI: SSDT 0x00000000CDFF2000 000D61 (v01 XMCC   XMCC1806 00003000 INTL 20130117)
[    0.010716] ACPI: SSDT 0x00000000CDFF1000 00046D (v01 Insyde TPMACPI  00001000 INTL 20130117)
[    0.010719] ACPI: TPM2 0x00000000CDFF0000 000034 (v04 XMCC   XMCC1951 00000002      01000013)
[    0.010721] ACPI: MSDM 0x00000000CDFEF000 000055 (v03 INSYDE H2O BIOS 00000001 ACPI 00040000)
[    0.010723] ACPI: ASF! 0x00000000CDFEE000 0000A5 (v32 XMCC   XMCC1951 00000002      01000013)
[    0.010725] ACPI: BOOT 0x00000000CDFED000 000028 (v01 XMCC   XMCC1951 00000002      01000013)
[    0.010727] ACPI: HPET 0x00000000CDFEB000 000038 (v01 XMCC   XMCC1951 00000002      01000013)
[    0.010729] ACPI: APIC 0x00000000CDFEA000 000138 (v03 XMCC   XMCC1951 00000002      01000013)
[    0.010731] ACPI: MCFG 0x00000000CDFE9000 00003C (v01 XMCC   XMCC1951 00000002      01000013)
[    0.010733] ACPI: SLIC 0x00000000CDFE8000 000176 (v01 XMCC   XMCC1951 00000002      01000013)
[    0.010735] ACPI: SSDT 0x00000000CDFDE000 000080 (v01 XMCC   XMCC1951 00000002      01000013)
[    0.010737] ACPI: VFCT 0x00000000CDFD0000 00D484 (v01 XMCC   XMCC1951 00000001 AMD  31504F47)
[    0.010739] ACPI: SSDT 0x00000000CDFCF000 0000F8 (v01 XMCC   PcdTabl  00001000 INTL 20130117)
[    0.010741] ACPI: SSDT 0x00000000CDFCC000 001500 (v01 AMD    AmdTable 00000001 AMD  00000001)
[    0.010744] ACPI: CRAT 0x00000000CDFFD000 000BA8 (v01 AMD    AmdTable 00000001 AMD  00000001)
[    0.010746] ACPI: CDIT 0x00000000CDFCB000 000029 (v01 AMD    AmdTable 00000001 AMD  00000001)
[    0.010748] ACPI: SSDT 0x00000000CDFCA000 00028D (v01 AMD    AmdTable 00000001 INTL 20130117)
[    0.010750] ACPI: SSDT 0x00000000CDFC9000 000C78 (v01 AMD    AmdTable 00000001 INTL 20130117)
[    0.010752] ACPI: SSDT 0x00000000CDFC7000 0010A5 (v01 AMD    AmdTable 00000001 INTL 20130117)
[    0.010754] ACPI: SSDT 0x00000000CDFC3000 0030C8 (v01 AMD    AmdTable 00000001 INTL 20130117)
[    0.010756] ACPI: FPDT 0x00000000CDFC2000 000044 (v01 XMCC   XMCC1951 00000002      01000013)
[    0.010758] ACPI: WSMT 0x00000000CDFC0000 000028 (v01 INSYDE H2O BIOS 00000001 ACPI 00040000)
[    0.010760] ACPI: SSDT 0x00000000CDFE7000 00020A (v01 AMD    AmdTable 00000001 INTL 20130117)
[    0.010762] ACPI: SSDT 0x00000000CDFE6000 0005A1 (v01 AMD    AmdTable 00000001 INTL 20130117)
[    0.010764] ACPI: SSDT 0x00000000CDFBF000 000343 (v01 AMD    AmdTable 00000001 INTL 20130117)
[    0.010766] ACPI: SSDT 0x00000000CDFBE000 00007D (v01 AMD    AmdTable 00000001 INTL 20130117)
[    0.010768] ACPI: SSDT 0x00000000CDFBD000 000822 (v01 AMD    AmdTable 00000001 INTL 20130117)
[    0.010770] ACPI: SSDT 0x00000000CDFBC000 000517 (v01 AMD    AmdTable 00000001 INTL 20130117)
[    0.010772] ACPI: BGRT 0x00000000CDFC1000 000038 (v01 INSYDE H2O BIOS 00000001 ACPI 00040000)
[    0.010774] ACPI: Reserving FACP table memory at [mem 0xcdfec000-0xcdfec10b]
[    0.010775] ACPI: Reserving DSDT table memory at [mem 0xcdfdf000-0xcdfe5544]
[    0.010776] ACPI: Reserving FACS table memory at [mem 0xcdf29000-0xcdf2903f]
[    0.010776] ACPI: Reserving UEFI table memory at [mem 0xcdf7e000-0xcdf7e235]
[    0.010777] ACPI: Reserving SSDT table memory at [mem 0xcdff5000-0xcdffc215]
[    0.010778] ACPI: Reserving IVRS table memory at [mem 0xcdff4000-0xcdff41a3]
[    0.010778] ACPI: Reserving SSDT table memory at [mem 0xcdff3000-0xcdff3227]
[    0.010779] ACPI: Reserving SSDT table memory at [mem 0xcdff2000-0xcdff2d60]
[    0.010780] ACPI: Reserving SSDT table memory at [mem 0xcdff1000-0xcdff146c]
[    0.010780] ACPI: Reserving TPM2 table memory at [mem 0xcdff0000-0xcdff0033]
[    0.010781] ACPI: Reserving MSDM table memory at [mem 0xcdfef000-0xcdfef054]
[    0.010782] ACPI: Reserving ASF! table memory at [mem 0xcdfee000-0xcdfee0a4]
[    0.010782] ACPI: Reserving BOOT table memory at [mem 0xcdfed000-0xcdfed027]
[    0.010783] ACPI: Reserving HPET table memory at [mem 0xcdfeb000-0xcdfeb037]
[    0.010784] ACPI: Reserving APIC table memory at [mem 0xcdfea000-0xcdfea137]
[    0.010784] ACPI: Reserving MCFG table memory at [mem 0xcdfe9000-0xcdfe903b]
[    0.010785] ACPI: Reserving SLIC table memory at [mem 0xcdfe8000-0xcdfe8175]
[    0.010786] ACPI: Reserving SSDT table memory at [mem 0xcdfde000-0xcdfde07f]
[    0.010786] ACPI: Reserving VFCT table memory at [mem 0xcdfd0000-0xcdfdd483]
[    0.010787] ACPI: Reserving SSDT table memory at [mem 0xcdfcf000-0xcdfcf0f7]
[    0.010788] ACPI: Reserving SSDT table memory at [mem 0xcdfcc000-0xcdfcd4ff]
[    0.010788] ACPI: Reserving CRAT table memory at [mem 0xcdffd000-0xcdffdba7]
[    0.010789] ACPI: Reserving CDIT table memory at [mem 0xcdfcb000-0xcdfcb028]
[    0.010790] ACPI: Reserving SSDT table memory at [mem 0xcdfca000-0xcdfca28c]
[    0.010790] ACPI: Reserving SSDT table memory at [mem 0xcdfc9000-0xcdfc9c77]
[    0.010791] ACPI: Reserving SSDT table memory at [mem 0xcdfc7000-0xcdfc80a4]
[    0.010792] ACPI: Reserving SSDT table memory at [mem 0xcdfc3000-0xcdfc60c7]
[    0.010792] ACPI: Reserving FPDT table memory at [mem 0xcdfc2000-0xcdfc2043]
[    0.010793] ACPI: Reserving WSMT table memory at [mem 0xcdfc0000-0xcdfc0027]
[    0.010794] ACPI: Reserving SSDT table memory at [mem 0xcdfe7000-0xcdfe7209]
[    0.010795] ACPI: Reserving SSDT table memory at [mem 0xcdfe6000-0xcdfe65a0]
[    0.010795] ACPI: Reserving SSDT table memory at [mem 0xcdfbf000-0xcdfbf342]
[    0.010796] ACPI: Reserving SSDT table memory at [mem 0xcdfbe000-0xcdfbe07c]
[    0.010797] ACPI: Reserving SSDT table memory at [mem 0xcdfbd000-0xcdfbd821]
[    0.010797] ACPI: Reserving SSDT table memory at [mem 0xcdfbc000-0xcdfbc516]
[    0.010798] ACPI: Reserving BGRT table memory at [mem 0xcdfc1000-0xcdfc1037]
[    0.010852] No NUMA configuration found
[    0.010853] Faking a node at [mem 0x0000000000000000-0x000000040f33ffff]
[    0.010856] NODE_DATA(0) allocated [mem 0x40f33c000-0x40f33ffff]
[    0.010882] Zone ranges:
[    0.010883]   DMA      [mem 0x0000000000001000-0x0000000000ffffff]
[    0.010885]   DMA32    [mem 0x0000000001000000-0x00000000ffffffff]
[    0.010886]   Normal   [mem 0x0000000100000000-0x000000040f33ffff]
[    0.010887]   Device   empty
[    0.010888] Movable zone start for each node
[    0.010888] Early memory node ranges
[    0.010889]   node   0: [mem 0x0000000000001000-0x000000000009efff]
[    0.010890]   node   0: [mem 0x0000000000100000-0x0000000009afffff]
[    0.010890]   node   0: [mem 0x0000000009e00000-0x0000000009efffff]
[    0.010891]   node   0: [mem 0x0000000009f10000-0x00000000bab68fff]
[    0.010892]   node   0: [mem 0x00000000bbd69000-0x00000000c9f7efff]
[    0.010893]   node   0: [mem 0x00000000cdfff000-0x00000000cdffffff]
[    0.010893]   node   0: [mem 0x0000000100000000-0x000000040f33ffff]
[    0.010895] Initmem setup node 0 [mem 0x0000000000001000-0x000000040f33ffff]
[    0.010898] On node 0, zone DMA: 1 pages in unavailable ranges
[    0.010914] On node 0, zone DMA: 97 pages in unavailable ranges
[    0.011043] On node 0, zone DMA32: 768 pages in unavailable ranges
[    0.016081] On node 0, zone DMA32: 16 pages in unavailable ranges
[    0.016543] On node 0, zone DMA32: 4608 pages in unavailable ranges
[    0.016694] On node 0, zone DMA32: 16512 pages in unavailable ranges
[    0.039477] On node 0, zone Normal: 8192 pages in unavailable ranges
[    0.039512] On node 0, zone Normal: 3264 pages in unavailable ranges
[    0.039663] ACPI: PM-Timer IO Port: 0x408
[    0.039670] ACPI: LAPIC_NMI (acpi_id[0x00] high edge lint[0x1])
[    0.039671] ACPI: LAPIC_NMI (acpi_id[0x01] high edge lint[0x1])
[    0.039672] ACPI: LAPIC_NMI (acpi_id[0x02] high edge lint[0x1])
[    0.039673] ACPI: LAPIC_NMI (acpi_id[0x03] high edge lint[0x1])
[    0.039673] ACPI: LAPIC_NMI (acpi_id[0x04] high edge lint[0x1])
[    0.039674] ACPI: LAPIC_NMI (acpi_id[0x05] high edge lint[0x1])
[    0.039674] ACPI: LAPIC_NMI (acpi_id[0x06] high edge lint[0x1])
[    0.039675] ACPI: LAPIC_NMI (acpi_id[0x07] high edge lint[0x1])
[    0.039676] ACPI: LAPIC_NMI (acpi_id[0x08] high edge lint[0x1])
[    0.039676] ACPI: LAPIC_NMI (acpi_id[0x09] high edge lint[0x1])
[    0.039677] ACPI: LAPIC_NMI (acpi_id[0x0a] high edge lint[0x1])
[    0.039677] ACPI: LAPIC_NMI (acpi_id[0x0b] high edge lint[0x1])
[    0.039678] ACPI: LAPIC_NMI (acpi_id[0x0c] high edge lint[0x1])
[    0.039678] ACPI: LAPIC_NMI (acpi_id[0x0d] high edge lint[0x1])
[    0.039679] ACPI: LAPIC_NMI (acpi_id[0x0e] high edge lint[0x1])
[    0.039679] ACPI: LAPIC_NMI (acpi_id[0x0f] high edge lint[0x1])
[    0.039692] IOAPIC[0]: apic_id 33, version 33, address 0xfec00000, GSI 0-23
[    0.039697] IOAPIC[1]: apic_id 34, version 33, address 0xfec01000, GSI 24-55
[    0.039699] ACPI: INT_SRC_OVR (bus 0 bus_irq 0 global_irq 2 dfl dfl)
[    0.039700] ACPI: INT_SRC_OVR (bus 0 bus_irq 9 global_irq 9 low level)
[    0.039703] ACPI: Using ACPI (MADT) for SMP configuration information
[    0.039704] ACPI: HPET id: 0x10228210 base: 0xfed00000
[    0.039713] e820: update [mem 0xb3288000-0xb328dfff] usable ==> reserved
[    0.039723] smpboot: Allowing 16 CPUs, 10 hotplug CPUs
[    0.039747] PM: hibernation: Registered nosave memory: [mem 0x00000000-0x00000fff]
[    0.039749] PM: hibernation: Registered nosave memory: [mem 0x0009f000-0x000bffff]
[    0.039750] PM: hibernation: Registered nosave memory: [mem 0x000c0000-0x000fffff]
[    0.039751] PM: hibernation: Registered nosave memory: [mem 0x09b00000-0x09dfffff]
[    0.039753] PM: hibernation: Registered nosave memory: [mem 0x09f00000-0x09f0ffff]
[    0.039754] PM: hibernation: Registered nosave memory: [mem 0xb3288000-0xb328dfff]
[    0.039755] PM: hibernation: Registered nosave memory: [mem 0xbab69000-0xbbd68fff]
[    0.039757] PM: hibernation: Registered nosave memory: [mem 0xc9f7f000-0xcaf7efff]
[    0.039758] PM: hibernation: Registered nosave memory: [mem 0xcaf7f000-0xccf7efff]
[    0.039758] PM: hibernation: Registered nosave memory: [mem 0xccf7f000-0xcdf7efff]
[    0.039759] PM: hibernation: Registered nosave memory: [mem 0xcdf7f000-0xcdffefff]
[    0.039760] PM: hibernation: Registered nosave memory: [mem 0xce000000-0xceffffff]
[    0.039761] PM: hibernation: Registered nosave memory: [mem 0xcf000000-0xf7ffffff]
[    0.039761] PM: hibernation: Registered nosave memory: [mem 0xf8000000-0xfbffffff]
[    0.039762] PM: hibernation: Registered nosave memory: [mem 0xfc000000-0xfddfffff]
[    0.039762] PM: hibernation: Registered nosave memory: [mem 0xfde00000-0xfdefffff]
[    0.039763] PM: hibernation: Registered nosave memory: [mem 0xfdf00000-0xfebfffff]
[    0.039763] PM: hibernation: Registered nosave memory: [mem 0xfec00000-0xfec00fff]
[    0.039764] PM: hibernation: Registered nosave memory: [mem 0xfec01000-0xfec0ffff]
[    0.039764] PM: hibernation: Registered nosave memory: [mem 0xfec10000-0xfec10fff]
[    0.039765] PM: hibernation: Registered nosave memory: [mem 0xfec11000-0xfec1ffff]
[    0.039765] PM: hibernation: Registered nosave memory: [mem 0xfec20000-0xfec20fff]
[    0.039766] PM: hibernation: Registered nosave memory: [mem 0xfec21000-0xfed7ffff]
[    0.039766] PM: hibernation: Registered nosave memory: [mem 0xfed80000-0xfed80fff]
[    0.039767] PM: hibernation: Registered nosave memory: [mem 0xfed81000-0xfedfffff]
[    0.039767] PM: hibernation: Registered nosave memory: [mem 0xfee00000-0xfee00fff]
[    0.039768] PM: hibernation: Registered nosave memory: [mem 0xfee01000-0xfeffffff]
[    0.039768] PM: hibernation: Registered nosave memory: [mem 0xff000000-0xfff2ffff]
[    0.039769] PM: hibernation: Registered nosave memory: [mem 0xfff30000-0xffffffff]
[    0.039770] [mem 0xcf000000-0xf7ffffff] available for PCI devices
[    0.039771] Booting paravirtualized kernel on bare hardware
[    0.039774] clocksource: refined-jiffies: mask: 0xffffffff max_cycles: 0xffffffff, max_idle_ns: 6370452778343963 ns
[    0.043489] setup_percpu: NR_CPUS:320 nr_cpumask_bits:320 nr_cpu_ids:16 nr_node_ids:1
[    0.044099] percpu: Embedded 61 pages/cpu s212992 r8192 d28672 u262144
[    0.044109] pcpu-alloc: s212992 r8192 d28672 u262144 alloc=1*2097152
[    0.044111] pcpu-alloc: [0] 00 01 02 03 04 05 06 07 [0] 08 09 10 11 12 13 14 15 
[    0.044144] Built 1 zonelists, mobility grouping on.  Total pages: 3966649
[    0.044145] Policy zone: Normal
[    0.044146] Kernel command line: BOOT_IMAGE=/boot/vmlinuz-linux root=UUID=a1e2e1f9-dbcb-484e-a242-73d5754f8d98 rw quiet resume=UUID=36238c5a-d1ff-4e5f-986a-4d302098cfd7 loglevel=3 audit=0 lsm=landlock,lockdown,yama,apparmor,bpf l1tf=full,force mds=full,nosmt mitigations=auto,nosmt nosmt=force init_on_alloc=1 init_on_free=1 randomize_kstack_offset=on slab_nomerge pti=on slub_debug=ZF slub_debug=P page_poison=1 mem_encrypt=on
[    0.044199] audit: disabled (until reboot)
[    0.044289] mem auto-init: SLAB_POISON will take precedence over init_on_alloc/init_on_free
[    0.044307] Unknown kernel command line parameters "BOOT_IMAGE=/boot/vmlinuz-linux pti=on mem_encrypt=on", will be passed to user space.
[    0.046150] Dentry cache hash table entries: 2097152 (order: 12, 16777216 bytes, linear)
[    0.047067] Inode-cache hash table entries: 1048576 (order: 11, 8388608 bytes, linear)
[    0.047125] mem auto-init: CONFIG_PAGE_POISONING is on, will take precedence over init_on_alloc and init_on_free
[    0.047358] mem auto-init: stack:byref_all(zero), heap alloc:off, heap free:off
[    1.656821] Memory: 15522260K/16119096K available (14344K kernel code, 2071K rwdata, 10792K rodata, 1860K init, 3844K bss, 596576K reserved, 0K cma-reserved)
[    1.656828] **********************************************************
[    1.656828] **   NOTICE NOTICE NOTICE NOTICE NOTICE NOTICE NOTICE   **
[    1.656829] **                                                      **
[    1.656829] ** This system shows unhashed kernel memory addresses   **
[    1.656830] ** via the console, logs, and other interfaces. This    **
[    1.656830] ** might reduce the security of your system.            **
[    1.656830] **                                                      **
[    1.656831] ** If you see this message and you are not debugging    **
[    1.656831] ** the kernel, report this immediately to your system   **
[    1.656831] ** administrator!                                       **
[    1.656832] **                                                      **
[    1.656832] **   NOTICE NOTICE NOTICE NOTICE NOTICE NOTICE NOTICE   **
[    1.656832] **********************************************************
[    1.656835] random: get_random_u64 called from __kmem_cache_create+0x2a/0x540 with crng_init=0
[    1.656990] SLUB: HWalign=64, Order=0-3, MinObjects=0, CPUs=16, Nodes=1
[    1.657005] Kernel/User page tables isolation: enabled
[    1.657027] ftrace: allocating 44294 entries in 174 pages
[    1.668409] ftrace: allocated 174 pages with 5 groups
[    1.668552] rcu: Preemptible hierarchical RCU implementation.
[    1.668552] rcu: 	RCU dyntick-idle grace-period acceleration is enabled.
[    1.668553] rcu: 	RCU restricting CPUs from NR_CPUS=320 to nr_cpu_ids=16.
[    1.668553] rcu: 	RCU priority boosting: priority 1 delay 500 ms.
[    1.668554] 	Trampoline variant of Tasks RCU enabled.
[    1.668554] 	Rude variant of Tasks RCU enabled.
[    1.668555] 	Tracing variant of Tasks RCU enabled.
[    1.668555] rcu: RCU calculated value of scheduler-enlistment delay is 30 jiffies.
[    1.668556] rcu: Adjusting geometry for rcu_fanout_leaf=16, nr_cpu_ids=16
[    1.671967] NR_IRQS: 20736, nr_irqs: 1096, preallocated irqs: 16
[    1.672225] kfence: initialized - using 2097152 bytes for 255 objects at 0xffff9175fdc00000-0xffff9175fde00000
[    1.672391] Console: colour dummy device 80x25
[    1.672403] printk: console [tty0] enabled
[    1.672423] ACPI: Core revision 20210730
[    1.672648] clocksource: hpet: mask: 0xffffffff max_cycles: 0xffffffff, max_idle_ns: 133484873504 ns
[    1.672666] APIC: Switch to symmetric I/O mode setup
[    1.673519] AMD-Vi: ivrs, add hid:AMDI0020, uid:\_SB.FUR0, rdevid:160
[    1.673521] AMD-Vi: ivrs, add hid:AMDI0020, uid:\_SB.FUR1, rdevid:160
[    1.673522] AMD-Vi: ivrs, add hid:AMDI0020, uid:\_SB.FUR2, rdevid:160
[    1.673523] AMD-Vi: ivrs, add hid:AMDI0020, uid:\_SB.FUR3, rdevid:160
[    1.673829] Switched APIC routing to physical flat.
[    1.674584] ..TIMER: vector=0x30 apic1=0 pin1=2 apic2=-1 pin2=-1
[    1.689340] clocksource: tsc-early: mask: 0xffffffffffffffff max_cycles: 0x222aeaa622e, max_idle_ns: 440795263906 ns
[    1.689349] Calibrating delay loop (skipped), value calculated using timer frequency.. 4742.29 BogoMIPS (lpj=7901266)
[    1.689351] pid_max: default: 32768 minimum: 301
[    1.716059] LSM: Security Framework initializing
[    1.716076] landlock: Up and running.
[    1.716077] Yama: becoming mindful.
[    1.716110] AppArmor: AppArmor initialized
[    1.716112] LSM support for eBPF active
[    1.716160] Mount-cache hash table entries: 32768 (order: 6, 262144 bytes, linear)
[    1.719345] Mountpoint-cache hash table entries: 32768 (order: 6, 262144 bytes, linear)
[    1.719605] x86/cpu: User Mode Instruction Prevention (UMIP) activated
[    1.719642] LVT offset 1 assigned for vector 0xf9
[    1.719704] LVT offset 2 assigned for vector 0xf4
[    1.719721] Last level iTLB entries: 4KB 1024, 2MB 1024, 4MB 512
[    1.719722] Last level dTLB entries: 4KB 2048, 2MB 2048, 4MB 1024, 1GB 0
[    1.719726] Spectre V1 : Mitigation: usercopy/swapgs barriers and __user pointer sanitization
[    1.719728] Spectre V2 : Mitigation: Full AMD retpoline
[    1.719729] Spectre V2 : Spectre v2 / SpectreRSB mitigation: Filling RSB on context switch
[    1.719729] Spectre V2 : Enabling Restricted Speculation for firmware calls
[    1.719731] Spectre V2 : mitigation: Enabling conditional Indirect Branch Prediction Barrier
[    1.719732] Speculative Store Bypass: Mitigation: Speculative Store Bypass disabled via prctl and seccomp
[    1.721891] Freeing SMP alternatives memory: 36K
[    1.831918] smpboot: CPU0: AMD Ryzen 5 4500U with Radeon Graphics (family: 0x17, model: 0x60, stepping: 0x1)
[    1.832080] Performance Events: Fam17h+ core perfctr, AMD PMU driver.
[    1.832086] ... version:                0
[    1.832086] ... bit width:              48
[    1.832087] ... generic registers:      6
[    1.832087] ... value mask:             0000ffffffffffff
[    1.832088] ... max period:             00007fffffffffff
[    1.832088] ... fixed-purpose events:   0
[    1.832089] ... event mask:             000000000000003f
[    1.832154] rcu: Hierarchical SRCU implementation.
[    1.832649] NMI watchdog: Enabled. Permanently consumes one hw-PMU counter.
[    1.832678] smp: Bringing up secondary CPUs ...
[    1.832678] x86: Booting SMP configuration:
[    1.832678] .... node  #0, CPUs:        #1  #2  #3
[    1.835090] TSC synchronization [CPU#0 -> CPU#3]:
[    1.835092] Measured 3563 cycles TSC warp between CPUs, turning off TSC clock.
[    1.835093] tsc: Marking TSC unstable due to check_tsc_sync_source failed
[    1.836146]   #4  #5
[    1.836400] smp: Brought up 1 node, 6 CPUs
[    1.836400] smpboot: Max logical packages: 3
[    1.836400] smpboot: Total of 6 processors activated (28455.74 BogoMIPS)
[    1.839945] devtmpfs: initialized
[    1.839945] x86/mm: Memory block size: 128MB
[    1.840522] ACPI: PM: Registering ACPI NVS region [mem 0x09f00000-0x09f0ffff] (65536 bytes)
[    1.840522] ACPI: PM: Registering ACPI NVS region [mem 0xccf7f000-0xcdf7efff] (16777216 bytes)
[    1.840522] clocksource: jiffies: mask: 0xffffffff max_cycles: 0xffffffff, max_idle_ns: 6370867519511994 ns
[    1.840522] futex hash table entries: 4096 (order: 6, 262144 bytes, linear)
[    1.840522] pinctrl core: initialized pinctrl subsystem
[    1.840522] PM: RTC time: 13:52:06, date: 2021-12-09
[    1.842787] NET: Registered PF_NETLINK/PF_ROUTE protocol family
[    1.843154] DMA: preallocated 2048 KiB GFP_KERNEL pool for atomic allocations
[    1.843403] DMA: preallocated 2048 KiB GFP_KERNEL|GFP_DMA pool for atomic allocations
[    1.843622] DMA: preallocated 2048 KiB GFP_KERNEL|GFP_DMA32 pool for atomic allocations
[    1.843774] thermal_sys: Registered thermal governor 'fair_share'
[    1.843775] thermal_sys: Registered thermal governor 'bang_bang'
[    1.843776] thermal_sys: Registered thermal governor 'step_wise'
[    1.843776] thermal_sys: Registered thermal governor 'user_space'
[    1.843777] thermal_sys: Registered thermal governor 'power_allocator'
[    1.843795] cpuidle: using governor ladder
[    1.843798] cpuidle: using governor menu
[    1.843824] Simple Boot Flag at 0x44 set to 0x80
[    1.843824] HugeTLB: can free 4094 vmemmap pages for hugepages-1048576kB
[    1.843824] ACPI: bus type PCI registered
[    1.843824] acpiphp: ACPI Hot Plug PCI Controller Driver version: 0.5
[    1.843824] PCI: MMCONFIG for domain 0000 [bus 00-3f] at [mem 0xf8000000-0xfbffffff] (base 0xf8000000)
[    1.843824] PCI: MMCONFIG at [mem 0xf8000000-0xfbffffff] reserved in E820
[    1.843824] PCI: Using configuration type 1 for base access
[    1.844569] Kprobes globally optimized
[    1.846113] HugeTLB: can free 6 vmemmap pages for hugepages-2048kB
[    1.846113] HugeTLB registered 1.00 GiB page size, pre-allocated 0 pages
[    1.846113] HugeTLB registered 2.00 MiB page size, pre-allocated 0 pages
[    1.849471] ACPI: Added _OSI(Module Device)
[    1.849472] ACPI: Added _OSI(Processor Device)
[    1.849473] ACPI: Added _OSI(3.0 _SCP Extensions)
[    1.849474] ACPI: Added _OSI(Processor Aggregator Device)
[    1.849475] ACPI: Added _OSI(Linux-Dell-Video)
[    1.849476] ACPI: Added _OSI(Linux-Lenovo-NV-HDMI-Audio)
[    1.849477] ACPI: Added _OSI(Linux-HPI-Hybrid-Graphics)
[    1.864775] ACPI: 18 ACPI AML tables successfully acquired and loaded
[    1.866435] ACPI: [Firmware Bug]: BIOS _OSI(Linux) query ignored
[    1.869637] ACPI: EC: EC started
[    1.869638] ACPI: EC: interrupt blocked
[    1.871989] ACPI: EC: EC_CMD/EC_SC=0x66, EC_DATA=0x62
[    1.871991] ACPI: \_SB_.PCI0.LPC0.EC0_: Boot DSDT EC used to handle transactions
[    1.871992] ACPI: Interpreter enabled
[    1.872008] ACPI: PM: (supports S0 S4 S5)
[    1.872009] ACPI: Using IOAPIC for interrupt routing
[    1.872228] PCI: Using host bridge windows from ACPI; if necessary, use "pci=nocrs" and report a bug
[    1.875444] ACPI: PM: Power Resource [P0U0]
[    1.875477] ACPI: PM: Power Resource [P3U0]
[    1.876271] ACPI: PM: Power Resource [P0U1]
[    1.876301] ACPI: PM: Power Resource [P3U1]
[    1.877072] ACPI: PM: Power Resource [P0S0]
[    1.877101] ACPI: PM: Power Resource [P3S0]
[    1.877268] ACPI: PM: Power Resource [P0S1]
[    1.877296] ACPI: PM: Power Resource [P3S1]
[    1.883401] ACPI: PCI Root Bridge [PCI0] (domain 0000 [bus 00-ff])
[    1.883407] acpi PNP0A08:00: _OSC: OS supports [ExtendedConfig ASPM ClockPM Segments MSI EDR HPX-Type3]
[    1.883647] acpi PNP0A08:00: _OSC: platform does not support [SHPCHotplug LTR DPC]
[    1.883878] acpi PNP0A08:00: _OSC: OS now controls [PCIeHotplug PME AER PCIeCapability]
[    1.883889] acpi PNP0A08:00: [Firmware Info]: MMCONFIG for domain 0000 [bus 00-3f] only partially covers this bridge
[    1.884248] PCI host bridge to bus 0000:00
[    1.884249] pci_bus 0000:00: root bus resource [io  0x0000-0x0cf7 window]
[    1.884251] pci_bus 0000:00: root bus resource [io  0x0d00-0xffff window]
[    1.884252] pci_bus 0000:00: root bus resource [mem 0x000a0000-0x000bffff window]
[    1.884253] pci_bus 0000:00: root bus resource [mem 0x000c0000-0x000c3fff window]
[    1.884254] pci_bus 0000:00: root bus resource [mem 0x000c4000-0x000c7fff window]
[    1.884255] pci_bus 0000:00: root bus resource [mem 0x000c8000-0x000cbfff window]
[    1.884256] pci_bus 0000:00: root bus resource [mem 0x000cc000-0x000cffff window]
[    1.884257] pci_bus 0000:00: root bus resource [mem 0x000d0000-0x000d3fff window]
[    1.884258] pci_bus 0000:00: root bus resource [mem 0x000d4000-0x000d7fff window]
[    1.884259] pci_bus 0000:00: root bus resource [mem 0x000d8000-0x000dbfff window]
[    1.884260] pci_bus 0000:00: root bus resource [mem 0x000dc000-0x000dffff window]
[    1.884261] pci_bus 0000:00: root bus resource [mem 0x000e0000-0x000e3fff window]
[    1.884262] pci_bus 0000:00: root bus resource [mem 0x000e4000-0x000e7fff window]
[    1.884263] pci_bus 0000:00: root bus resource [mem 0x000e8000-0x000ebfff window]
[    1.884264] pci_bus 0000:00: root bus resource [mem 0x000ec000-0x000effff window]
[    1.884265] pci_bus 0000:00: root bus resource [mem 0xd0000000-0xf7ffffff window]
[    1.884266] pci_bus 0000:00: root bus resource [mem 0xfc000000-0xfed3ffff window]
[    1.884267] pci_bus 0000:00: root bus resource [mem 0x450200000-0xfcffffffff window]
[    1.884269] pci_bus 0000:00: root bus resource [bus 00-ff]
[    1.884304] pci 0000:00:00.0: [1022:1630] type 00 class 0x060000
[    1.884419] pci 0000:00:00.2: [1022:1631] type 00 class 0x080600
[    1.884543] pci 0000:00:01.0: [1022:1632] type 00 class 0x060000
[    1.884642] pci 0000:00:02.0: [1022:1632] type 00 class 0x060000
[    1.884745] pci 0000:00:08.0: [1022:1632] type 00 class 0x060000
[    1.884871] pci 0000:00:08.1: [1022:1635] type 01 class 0x060400
[    1.884891] pci 0000:00:08.1: enabling Extended Tags
[    1.884921] pci 0000:00:08.1: PME# supported from D0 D3hot D3cold
[    1.885070] pci 0000:00:08.2: [1022:1635] type 01 class 0x060400
[    1.885089] pci 0000:00:08.2: enabling Extended Tags
[    1.885118] pci 0000:00:08.2: PME# supported from D0 D3hot D3cold
[    1.885264] pci 0000:00:14.0: [1022:790b] type 00 class 0x0c0500
[    1.885435] pci 0000:00:14.3: [1022:790e] type 00 class 0x060100
[    1.885591] pci 0000:00:18.0: [1022:1448] type 00 class 0x060000
[    1.885669] pci 0000:00:18.1: [1022:1449] type 00 class 0x060000
[    1.885744] pci 0000:00:18.2: [1022:144a] type 00 class 0x060000
[    1.885817] pci 0000:00:18.3: [1022:144b] type 00 class 0x060000
[    1.885894] pci 0000:00:18.4: [1022:144c] type 00 class 0x060000
[    1.885973] pci 0000:00:18.5: [1022:144d] type 00 class 0x060000
[    1.886049] pci 0000:00:18.6: [1022:144e] type 00 class 0x060000
[    1.886122] pci 0000:00:18.7: [1022:144f] type 00 class 0x060000
[    1.886292] pci 0000:01:00.0: [1002:1636] type 00 class 0x030000
[    1.886303] pci 0000:01:00.0: reg 0x10: [mem 0xfce0000000-0xfcefffffff 64bit pref]
[    1.886311] pci 0000:01:00.0: reg 0x18: [mem 0xfcf0000000-0xfcf01fffff 64bit pref]
[    1.886315] pci 0000:01:00.0: reg 0x20: [io  0x1000-0x10ff]
[    1.886320] pci 0000:01:00.0: reg 0x24: [mem 0xd0400000-0xd047ffff]
[    1.886328] pci 0000:01:00.0: enabling Extended Tags
[    1.886340] pci 0000:01:00.0: BAR 0: assigned to efifb
[    1.886375] pci 0000:01:00.0: PME# supported from D1 D2 D3hot D3cold
[    1.886502] pci 0000:01:00.1: [1002:1637] type 00 class 0x040300
[    1.886509] pci 0000:01:00.1: reg 0x10: [mem 0xd04c8000-0xd04cbfff]
[    1.886528] pci 0000:01:00.1: enabling Extended Tags
[    1.886556] pci 0000:01:00.1: PME# supported from D1 D2 D3hot D3cold
[    1.886655] pci 0000:01:00.2: [1022:15df] type 00 class 0x108000
[    1.886667] pci 0000:01:00.2: reg 0x18: [mem 0xd0300000-0xd03fffff]
[    1.886676] pci 0000:01:00.2: reg 0x24: [mem 0xd04cc000-0xd04cdfff]
[    1.886683] pci 0000:01:00.2: enabling Extended Tags
[    1.886804] pci 0000:01:00.3: [1022:1639] type 00 class 0x0c0330
[    1.886814] pci 0000:01:00.3: reg 0x10: [mem 0xd0100000-0xd01fffff 64bit]
[    1.886836] pci 0000:01:00.3: enabling Extended Tags
[    1.886867] pci 0000:01:00.3: PME# supported from D0 D3hot D3cold
[    1.886964] pci 0000:01:00.4: [1022:1639] type 00 class 0x0c0330
[    1.886974] pci 0000:01:00.4: reg 0x10: [mem 0xd0200000-0xd02fffff 64bit]
[    1.886997] pci 0000:01:00.4: enabling Extended Tags
[    1.887026] pci 0000:01:00.4: PME# supported from D0 D3hot D3cold
[    1.887126] pci 0000:01:00.5: [1022:15e2] type 00 class 0x048000
[    1.887133] pci 0000:01:00.5: reg 0x10: [mem 0xd0480000-0xd04bffff]
[    1.887153] pci 0000:01:00.5: enabling Extended Tags
[    1.887180] pci 0000:01:00.5: PME# supported from D0 D3hot D3cold
[    1.887276] pci 0000:01:00.6: [1022:15e3] type 00 class 0x040300
[    1.887283] pci 0000:01:00.6: reg 0x10: [mem 0xd04c0000-0xd04c7fff]
[    1.887303] pci 0000:01:00.6: enabling Extended Tags
[    1.887330] pci 0000:01:00.6: PME# supported from D0 D3hot D3cold
[    1.887419] pci 0000:00:08.1: PCI bridge to [bus 01]
[    1.887422] pci 0000:00:08.1:   bridge window [io  0x1000-0x1fff]
[    1.887424] pci 0000:00:08.1:   bridge window [mem 0xd0100000-0xd04fffff]
[    1.887426] pci 0000:00:08.1:   bridge window [mem 0xfce0000000-0xfcf01fffff 64bit pref]
[    1.887478] pci 0000:02:00.0: [1022:7901] type 00 class 0x010601
[    1.887504] pci 0000:02:00.0: reg 0x24: [mem 0xd0001000-0xd00017ff]
[    1.887512] pci 0000:02:00.0: enabling Extended Tags
[    1.887632] pci 0000:02:00.1: [1022:7901] type 00 class 0x010601
[    1.887658] pci 0000:02:00.1: reg 0x24: [mem 0xd0000000-0xd00007ff]
[    1.887666] pci 0000:02:00.1: enabling Extended Tags
[    1.887768] pci 0000:00:08.2: PCI bridge to [bus 02]
[    1.887772] pci 0000:00:08.2:   bridge window [mem 0xd0000000-0xd00fffff]
[    1.889511] ACPI: PCI: Interrupt link LNKA configured for IRQ 0
[    1.889512] ACPI: PCI: Interrupt link LNKA disabled
[    1.889606] ACPI: PCI: Interrupt link LNKB configured for IRQ 0
[    1.889607] ACPI: PCI: Interrupt link LNKB disabled
[    1.889681] ACPI: PCI: Interrupt link LNKC configured for IRQ 0
[    1.889682] ACPI: PCI: Interrupt link LNKC disabled
[    1.889775] ACPI: PCI: Interrupt link LNKD configured for IRQ 0
[    1.889776] ACPI: PCI: Interrupt link LNKD disabled
[    1.889864] ACPI: PCI: Interrupt link LNKE configured for IRQ 0
[    1.889865] ACPI: PCI: Interrupt link LNKE disabled
[    1.889935] ACPI: PCI: Interrupt link LNKF configured for IRQ 0
[    1.889936] ACPI: PCI: Interrupt link LNKF disabled
[    1.890005] ACPI: PCI: Interrupt link LNKG configured for IRQ 0
[    1.890005] ACPI: PCI: Interrupt link LNKG disabled
[    1.890074] ACPI: PCI: Interrupt link LNKH configured for IRQ 0
[    1.890075] ACPI: PCI: Interrupt link LNKH disabled
[    1.892156] ACPI: EC: interrupt unblocked
[    1.892157] ACPI: EC: event unblocked
[    1.892162] ACPI: EC: EC_CMD/EC_SC=0x66, EC_DATA=0x62
[    1.892163] ACPI: EC: GPE=0x3
[    1.892164] ACPI: \_SB_.PCI0.LPC0.EC0_: Boot DSDT EC initialization complete
[    1.892165] ACPI: \_SB_.PCI0.LPC0.EC0_: EC: Used to handle transactions and events
[    1.892683] iommu: Default domain type: Translated 
[    1.892683] iommu: DMA domain TLB invalidation policy: lazy mode 
[    1.892702] pci 0000:01:00.0: vgaarb: VGA device added: decodes=io+mem,owns=none,locks=none
[    1.892702] pci 0000:01:00.0: vgaarb: bridge control possible
[    1.892702] pci 0000:01:00.0: vgaarb: setting as boot device
[    1.892702] vgaarb: loaded
[    1.892905] SCSI subsystem initialized
[    1.892914] libata version 3.00 loaded.
[    1.892914] ACPI: bus type USB registered
[    1.892914] usbcore: registered new interface driver usbfs
[    1.892914] usbcore: registered new interface driver hub
[    1.892914] usbcore: registered new device driver usb
[    1.896881] pps_core: LinuxPPS API ver. 1 registered
[    1.896882] pps_core: Software ver. 5.3.6 - Copyright 2005-2007 Rodolfo Giometti <giometti@linux.it>
[    1.896885] PTP clock support registered
[    1.896894] EDAC MC: Ver: 3.0.0
[    1.896940] Registered efivars operations
[    1.899666] NetLabel: Initializing
[    1.899668] NetLabel:  domain hash size = 128
[    1.899670] NetLabel:  protocols = UNLABELED CIPSOv4 CALIPSO
[    1.899696] NetLabel:  unlabeled traffic allowed by default
[    1.899702] PCI: Using ACPI for IRQ routing
[    1.901852] PCI: pci_cache_line_size set to 64 bytes
[    1.901852] e820: reserve RAM buffer [mem 0x0009f000-0x0009ffff]
[    1.901852] e820: reserve RAM buffer [mem 0x09b00000-0x0bffffff]
[    1.901852] e820: reserve RAM buffer [mem 0x09f00000-0x0bffffff]
[    1.901852] e820: reserve RAM buffer [mem 0xb3288000-0xb3ffffff]
[    1.901852] e820: reserve RAM buffer [mem 0xbab69000-0xbbffffff]
[    1.901852] e820: reserve RAM buffer [mem 0xc9f7f000-0xcbffffff]
[    1.901852] e820: reserve RAM buffer [mem 0xce000000-0xcfffffff]
[    1.901852] e820: reserve RAM buffer [mem 0x40f340000-0x40fffffff]
[    1.901852] hpet0: at MMIO 0xfed00000, IRQs 2, 8, 0
[    1.901852] hpet0: 3 comparators, 32-bit 14.318180 MHz counter
[    1.902726] clocksource: Switched to clocksource hpet
[    1.913004] VFS: Disk quotas dquot_6.6.0
[    1.913023] VFS: Dquot-cache hash table entries: 512 (order 0, 4096 bytes)
[    1.913164] AppArmor: AppArmor Filesystem Enabled
[    1.913224] pnp: PnP ACPI init
[    1.913492] system 00:00: [mem 0xfec00000-0xfec01fff] could not be reserved
[    1.913497] system 00:00: [mem 0xfee00000-0xfee00fff] has been reserved
[    1.913499] system 00:00: [mem 0xfde00000-0xfdefffff] has been reserved
[    1.913736] system 00:03: [io  0x0400-0x04cf] has been reserved
[    1.913739] system 00:03: [io  0x04d0-0x04d1] has been reserved
[    1.913740] system 00:03: [io  0x04d6] has been reserved
[    1.913741] system 00:03: [io  0x0c00-0x0c01] has been reserved
[    1.913742] system 00:03: [io  0x0c14] has been reserved
[    1.913743] system 00:03: [io  0x0c50-0x0c52] has been reserved
[    1.913744] system 00:03: [io  0x0c6c] has been reserved
[    1.913745] system 00:03: [io  0x0c6f] has been reserved
[    1.913747] system 00:03: [io  0x0cd0-0x0cdb] has been reserved
[    1.913818] system 00:04: [mem 0x000e0000-0x000fffff] could not be reserved
[    1.913820] system 00:04: [mem 0xff000000-0xffffffff] could not be reserved
[    1.915579] pnp: PnP ACPI: found 5 devices
[    1.923641] clocksource: acpi_pm: mask: 0xffffff max_cycles: 0xffffff, max_idle_ns: 2085701024 ns
[    1.923798] NET: Registered PF_INET protocol family
[    1.924502] IP idents hash table entries: 262144 (order: 9, 2097152 bytes, linear)
[    1.925647] tcp_listen_portaddr_hash hash table entries: 8192 (order: 5, 131072 bytes, linear)
[    1.925801] TCP established hash table entries: 131072 (order: 8, 1048576 bytes, linear)
[    1.926050] TCP bind hash table entries: 65536 (order: 8, 1048576 bytes, linear)
[    1.926117] TCP: Hash tables configured (established 131072 bind 65536)
[    1.926271] MPTCP token hash table entries: 16384 (order: 6, 393216 bytes, linear)
[    1.926334] UDP hash table entries: 8192 (order: 6, 262144 bytes, linear)
[    1.926387] UDP-Lite hash table entries: 8192 (order: 6, 262144 bytes, linear)
[    1.926477] NET: Registered PF_UNIX/PF_LOCAL protocol family
[    1.926483] NET: Registered PF_XDP protocol family
[    1.926496] pci 0000:00:08.1: PCI bridge to [bus 01]
[    1.926500] pci 0000:00:08.1:   bridge window [io  0x1000-0x1fff]
[    1.926505] pci 0000:00:08.1:   bridge window [mem 0xd0100000-0xd04fffff]
[    1.926507] pci 0000:00:08.1:   bridge window [mem 0xfce0000000-0xfcf01fffff 64bit pref]
[    1.926510] pci 0000:00:08.2: PCI bridge to [bus 02]
[    1.926513] pci 0000:00:08.2:   bridge window [mem 0xd0000000-0xd00fffff]
[    1.926518] pci_bus 0000:00: resource 4 [io  0x0000-0x0cf7 window]
[    1.926519] pci_bus 0000:00: resource 5 [io  0x0d00-0xffff window]
[    1.926520] pci_bus 0000:00: resource 6 [mem 0x000a0000-0x000bffff window]
[    1.926521] pci_bus 0000:00: resource 7 [mem 0x000c0000-0x000c3fff window]
[    1.926522] pci_bus 0000:00: resource 8 [mem 0x000c4000-0x000c7fff window]
[    1.926523] pci_bus 0000:00: resource 9 [mem 0x000c8000-0x000cbfff window]
[    1.926524] pci_bus 0000:00: resource 10 [mem 0x000cc000-0x000cffff window]
[    1.926525] pci_bus 0000:00: resource 11 [mem 0x000d0000-0x000d3fff window]
[    1.926526] pci_bus 0000:00: resource 12 [mem 0x000d4000-0x000d7fff window]
[    1.926527] pci_bus 0000:00: resource 13 [mem 0x000d8000-0x000dbfff window]
[    1.926528] pci_bus 0000:00: resource 14 [mem 0x000dc000-0x000dffff window]
[    1.926529] pci_bus 0000:00: resource 15 [mem 0x000e0000-0x000e3fff window]
[    1.926530] pci_bus 0000:00: resource 16 [mem 0x000e4000-0x000e7fff window]
[    1.926531] pci_bus 0000:00: resource 17 [mem 0x000e8000-0x000ebfff window]
[    1.926532] pci_bus 0000:00: resource 18 [mem 0x000ec000-0x000effff window]
[    1.926532] pci_bus 0000:00: resource 19 [mem 0xd0000000-0xf7ffffff window]
[    1.926533] pci_bus 0000:00: resource 20 [mem 0xfc000000-0xfed3ffff window]
[    1.926534] pci_bus 0000:00: resource 21 [mem 0x450200000-0xfcffffffff window]
[    1.926535] pci_bus 0000:01: resource 0 [io  0x1000-0x1fff]
[    1.926536] pci_bus 0000:01: resource 1 [mem 0xd0100000-0xd04fffff]
[    1.926537] pci_bus 0000:01: resource 2 [mem 0xfce0000000-0xfcf01fffff 64bit pref]
[    1.926539] pci_bus 0000:02: resource 1 [mem 0xd0000000-0xd00fffff]
[    1.926686] pci 0000:01:00.1: D0 power state depends on 0000:01:00.0
[    1.926722] pci 0000:01:00.3: extending delay after power-on from D3hot to 20 msec
[    1.928107] pci 0000:01:00.4: extending delay after power-on from D3hot to 20 msec
[    1.944884] pci 0000:01:00.4: quirk_usb_early_handoff+0x0/0x750 took 16380 usecs
[    1.944898] PCI: CLS 64 bytes, default 64
[    1.944914] pci 0000:00:00.2: AMD-Vi: IOMMU performance counters supported
[    1.944974] Trying to unpack rootfs image as initramfs...
[    1.944977] pci 0000:00:00.2: can't derive routing for PCI INT A
[    1.944978] pci 0000:00:00.2: PCI INT A: not connected
[    1.944999] pci 0000:00:01.0: Adding to iommu group 0
[    1.945018] pci 0000:00:02.0: Adding to iommu group 1
[    1.945034] pci 0000:00:08.0: Adding to iommu group 2
[    1.945041] pci 0000:00:08.1: Adding to iommu group 2
[    1.945049] pci 0000:00:08.2: Adding to iommu group 2
[    1.945062] pci 0000:00:14.0: Adding to iommu group 3
[    1.945070] pci 0000:00:14.3: Adding to iommu group 3
[    1.945095] pci 0000:00:18.0: Adding to iommu group 4
[    1.945102] pci 0000:00:18.1: Adding to iommu group 4
[    1.945109] pci 0000:00:18.2: Adding to iommu group 4
[    1.945117] pci 0000:00:18.3: Adding to iommu group 4
[    1.945125] pci 0000:00:18.4: Adding to iommu group 4
[    1.945133] pci 0000:00:18.5: Adding to iommu group 4
[    1.945141] pci 0000:00:18.6: Adding to iommu group 4
[    1.945148] pci 0000:00:18.7: Adding to iommu group 4
[    1.945162] pci 0000:01:00.0: Adding to iommu group 2
[    1.945166] pci 0000:01:00.1: Adding to iommu group 2
[    1.945170] pci 0000:01:00.2: Adding to iommu group 2
[    1.945175] pci 0000:01:00.3: Adding to iommu group 2
[    1.945180] pci 0000:01:00.4: Adding to iommu group 2
[    1.945186] pci 0000:01:00.5: Adding to iommu group 2
[    1.945191] pci 0000:01:00.6: Adding to iommu group 2
[    1.945196] pci 0000:02:00.0: Adding to iommu group 2
[    1.945200] pci 0000:02:00.1: Adding to iommu group 2
[    1.946657] pci 0000:00:00.2: AMD-Vi: Found IOMMU cap 0x40
[    1.946663] AMD-Vi: Extended features (0x206d73ef22254ade): PPR X2APIC NX GT IA GA PC GA_vAPIC
[    1.946667] AMD-Vi: Interrupt remapping enabled
[    1.946667] AMD-Vi: Virtual APIC enabled
[    1.946668] AMD-Vi: X2APIC enabled
[    1.946933] software IO TLB: tearing down default memory pool
[    1.955034] LVT offset 0 assigned for vector 0x400
[    1.955365] perf: AMD IBS detected (0x000003ff)
[    1.955371] perf/amd_iommu: Detected AMD IOMMU #0 (2 banks, 4 counters/bank).
[    1.957305] Initialise system trusted keyrings
[    1.957325] Key type blacklist registered
[    1.957463] workingset: timestamp_bits=41 max_order=22 bucket_order=0
[    1.958990] zbud: loaded
[    1.962080] Key type asymmetric registered
[    1.962084] Asymmetric key parser 'x509' registered
[    1.962144] Block layer SCSI generic (bsg) driver version 0.4 loaded (major 242)
[    1.962269] io scheduler mq-deadline registered
[    1.962270] io scheduler kyber registered
[    1.962302] io scheduler bfq registered
[    1.962781] pcieport 0000:00:08.1: PME: Signaling with IRQ 26
[    1.962995] pcieport 0000:00:08.2: PME: Signaling with IRQ 27
[    1.963076] shpchp: Standard Hot Plug PCI Controller Driver version: 0.4
[    1.964807] ACPI: AC: AC Adapter [ACAD] (on-line)
[    1.964846] input: Power Button as /devices/LNXSYSTM:00/LNXSYBUS:00/PNP0C0C:00/input/input0
[    1.964864] ACPI: button: Power Button [PWRB]
[    1.964891] input: Lid Switch as /devices/LNXSYSTM:00/LNXSYBUS:00/PNP0A08:00/device:2a/PNP0C09:00/PNP0C0D:00/input/input1
[    1.964905] ACPI: button: Lid Switch [LID0]
[    1.964940] Monitor-Mwait will be used to enter C-1 state
[    1.964950] ACPI: \_SB_.PLTF.C000: Found 3 idle states
[    1.964957] ACPI: FW issue: working around C-state latencies out of order
[    1.965153] ACPI: \_SB_.PLTF.C001: Found 3 idle states
[    1.965159] ACPI: FW issue: working around C-state latencies out of order
[    1.965295] ACPI: \_SB_.PLTF.C002: Found 3 idle states
[    1.965302] ACPI: FW issue: working around C-state latencies out of order
[    1.965434] ACPI: \_SB_.PLTF.C003: Found 3 idle states
[    1.965441] ACPI: FW issue: working around C-state latencies out of order
[    1.965574] ACPI: \_SB_.PLTF.C004: Found 3 idle states
[    1.965581] ACPI: FW issue: working around C-state latencies out of order
[    1.965673] ACPI: \_SB_.PLTF.C005: Found 3 idle states
[    1.965678] ACPI: FW issue: working around C-state latencies out of order
[    1.968031] thermal LNXTHERM:00: registered as thermal_zone0
[    1.968034] ACPI: thermal: Thermal Zone [TZ0] (48 C)
[    1.968311] Serial: 8250/16550 driver, 32 ports, IRQ sharing enabled
[    1.970731] Non-volatile memory driver v1.3
[    1.970734] Linux agpgart interface v0.103
[    1.970865] AMD-Vi: AMD IOMMUv2 loaded and initialized
[    1.972033] ahci 0000:02:00.0: version 3.0
[    1.972206] ahci 0000:02:00.0: AHCI 0001.0301 32 slots 1 ports 6 Gbps 0x1 impl SATA mode
[    1.972209] ahci 0000:02:00.0: flags: 64bit ncq sntf ilck pm led clo only pmp fbs pio slum part 
[    1.972479] scsi host0: ahci
[    1.972543] ata1: SATA max UDMA/133 abar m2048@0xd0001000 port 0xd0001100 irq 29
[    1.972673] ahci 0000:02:00.1: AHCI 0001.0301 32 slots 1 ports 6 Gbps 0x1 impl SATA mode
[    1.972676] ahci 0000:02:00.1: flags: 64bit ncq sntf ilck pm led clo only pmp fbs pio slum part deso sadm sds 
[    1.972974] scsi host1: ahci
[    1.973028] ata2: SATA max UDMA/133 abar m2048@0xd0000000 port 0xd0000100 irq 31
[    1.973063] ehci_hcd: USB 2.0 'Enhanced' Host Controller (EHCI) Driver
[    1.973077] ehci-pci: EHCI PCI platform driver
[    1.973092] ohci_hcd: USB 1.1 'Open' Host Controller (OHCI) Driver
[    1.973094] ohci-pci: OHCI PCI platform driver
[    1.973100] uhci_hcd: USB Universal Host Controller Interface driver
[    1.973154] usbcore: registered new interface driver usbserial_generic
[    1.973162] usbserial: USB Serial support registered for generic
[    1.973315] rtc_cmos 00:01: RTC can wake from S4
[    1.973565] rtc_cmos 00:01: registered as rtc0
[    1.973602] rtc_cmos 00:01: setting system clock to 2021-12-09T13:52:06 UTC (1639057926)
[    1.973615] rtc_cmos 00:01: alarms up to one month, 114 bytes nvram, hpet irqs
[    1.973782] ledtrig-cpu: registered to indicate activity on CPUs
[    1.974007] efifb: probing for efifb
[    1.974017] efifb: framebuffer at 0xfce0000000, using 8128k, total 8128k
[    1.974018] efifb: mode is 1920x1080x32, linelength=7680, pages=1
[    1.974019] efifb: scrolling: redraw
[    1.974019] efifb: Truecolor: size=8:8:8:8, shift=24:16:8:0
[    1.974094] fbcon: Deferring console take-over
[    1.974095] fb0: EFI VGA frame buffer device
[    1.974129] hid: raw HID events driver (C) Jiri Kosina
[    1.974222] drop_monitor: Initializing network drop monitor service
[    1.974270] Initializing XFRM netlink socket
[    1.974373] NET: Registered PF_INET6 protocol family
[    1.986489] ACPI: battery: Slot [BATT] (battery present)
[    2.286875] ata1: SATA link down (SStatus 0 SControl 300)
[    2.331891] Freeing initrd memory: 10656K
[    2.338797] Segment Routing with IPv6
[    2.338800] RPL Segment Routing with IPv6
[    2.338818] In-situ OAM (IOAM) with IPv6
[    2.338843] NET: Registered PF_PACKET protocol family
[    2.340512] microcode: CPU0: patch_level=0x08600106
[    2.340541] microcode: CPU1: patch_level=0x08600106
[    2.340569] microcode: CPU2: patch_level=0x08600106
[    2.340580] microcode: CPU3: patch_level=0x08600106
[    2.340611] microcode: CPU4: patch_level=0x08600106
[    2.340635] microcode: CPU5: patch_level=0x08600106
[    2.340641] microcode: Microcode Update Driver: v2.2.
[    2.341105] resctrl: L3 allocation detected
[    2.341111] resctrl: MB allocation detected
[    2.341112] resctrl: L3 monitoring detected
[    2.341119] IPI shorthand broadcast: enabled
[    2.341400] registered taskstats version 1
[    2.341850] Loading compiled-in X.509 certificates
[    2.344148] Loaded X.509 cert 'Build time autogenerated kernel key: ffeacdc3b63e16caac9462699fabf7f282bd1360'
[    2.345519] zswap: loaded using pool lz4/z3fold
[    2.346139] Key type ._fscrypt registered
[    2.346142] Key type .fscrypt registered
[    2.346142] Key type fscrypt-provisioning registered
[    2.346211] AppArmor: AppArmor sha1 policy hashing enabled
[    2.346573] PM:   Magic number: 1:431:887
[    2.346579] graphics fb0: hash matches
[    2.346916] RAS: Correctable Errors collector initialized.
[    2.442939] ata2: SATA link up 6.0 Gbps (SStatus 133 SControl 300)
[    2.445801] ata2.00: ATA-11: SAMSUNG MZNLH512HALU-00000, RVT2200Q, max UDMA/133
[    2.447126] ata2.00: 1000215216 sectors, multi 16: LBA48 NCQ (depth 32), AA
[    2.448991] ata2.00: Features: Dev-Sleep NCQ-sndrcv
[    2.453150] ata2.00: configured for UDMA/133
[    2.453314] ata2.00: failed to enable DEVSLP
[    2.453324] ata2.00: failed to enable DIPM, Emask 0x40
[    7.952928] ata2: SATA link up 6.0 Gbps (SStatus 133 SControl 300)
[    7.963327] ata2.00: configured for UDMA/133
[    7.963943] scsi 1:0:0:0: Direct-Access     ATA      SAMSUNG MZNLH512 200Q PQ: 0 ANSI: 5
[    7.964291] sd 1:0:0:0: [sda] 1000215216 512-byte logical blocks: (512 GB/477 GiB)
[    7.964302] sd 1:0:0:0: [sda] Write Protect is off
[    7.964303] sd 1:0:0:0: [sda] Mode Sense: 00 3a 00 00
[    7.964315] sd 1:0:0:0: [sda] Write cache: enabled, read cache: enabled, doesn't support DPO or FUA
[    7.991334]  sda: sda1 sda2 sda3
[    8.003117] sd 1:0:0:0: [sda] Attached SCSI disk
[    8.003279] Unstable clock detected, switching default tracing clock to "global"
               If you want to keep using the local clock, then add:
                 "trace_clock=local"
               on the kernel command line
[    8.005200] Freeing unused decrypted memory: 2036K
[    8.005683] Freeing unused kernel image (initmem) memory: 1860K
[    8.029607] Write protecting the kernel read-only data: 28672k
[    8.030482] Freeing unused kernel image (text/rodata gap) memory: 2036K
[    8.031000] Freeing unused kernel image (rodata/data gap) memory: 1496K
[    8.056557] x86/mm: Checked W+X mappings: passed, no W+X pages found.
[    8.056565] rodata_test: all tests were successful
[    8.056567] x86/mm: Checking user space page tables
[    8.080967] x86/mm: Checked W+X mappings: passed, no W+X pages found.
[    8.080992] Run /init as init process
[    8.080995]   with arguments:
[    8.080996]     /init
[    8.080997]   with environment:
[    8.080997]     HOME=/
[    8.080998]     TERM=linux
[    8.080998]     BOOT_IMAGE=/boot/vmlinuz-linux
[    8.080999]     pti=on
[    8.081000]     mem_encrypt=on
[    8.106291] fbcon: Taking over console
[    8.106363] Console: switching to colour frame buffer device 240x67
[    8.205589] xhci_hcd 0000:01:00.3: xHCI Host Controller
[    8.205600] xhci_hcd 0000:01:00.3: new USB bus registered, assigned bus number 1
[    8.205701] xhci_hcd 0000:01:00.3: hcc params 0x0268ffe5 hci version 0x110 quirks 0x0000020000000410
[    8.205915] i8042: PNP: PS/2 Controller [PNP0303:KBC0] at 0x60,0x64 irq 1
[    8.205917] i8042: PNP: PS/2 appears to have AUX port disabled, if this is incorrect please boot with i8042.nopnp
[    8.206232] usb usb1: New USB device found, idVendor=1d6b, idProduct=0002, bcdDevice= 5.15
[    8.206234] usb usb1: New USB device strings: Mfr=3, Product=2, SerialNumber=1
[    8.206236] usb usb1: Product: xHCI Host Controller
[    8.206237] usb usb1: Manufacturer: Linux 5.15.7-arch1-1 xhci-hcd
[    8.206239] usb usb1: SerialNumber: 0000:01:00.3
[    8.206476] hub 1-0:1.0: USB hub found
[    8.206488] hub 1-0:1.0: 4 ports detected
[    8.206844] xhci_hcd 0000:01:00.3: xHCI Host Controller
[    8.206849] xhci_hcd 0000:01:00.3: new USB bus registered, assigned bus number 2
[    8.206852] xhci_hcd 0000:01:00.3: Host supports USB 3.1 Enhanced SuperSpeed
[    8.206869] usb usb2: We don't know the algorithms for LPM for this host, disabling LPM.
[    8.206895] usb usb2: New USB device found, idVendor=1d6b, idProduct=0003, bcdDevice= 5.15
[    8.206897] usb usb2: New USB device strings: Mfr=3, Product=2, SerialNumber=1
[    8.206899] usb usb2: Product: xHCI Host Controller
[    8.206900] usb usb2: Manufacturer: Linux 5.15.7-arch1-1 xhci-hcd
[    8.206901] usb usb2: SerialNumber: 0000:01:00.3
[    8.207140] hub 2-0:1.0: USB hub found
[    8.207148] hub 2-0:1.0: 2 ports detected
[    8.207426] xhci_hcd 0000:01:00.4: xHCI Host Controller
[    8.207429] xhci_hcd 0000:01:00.4: new USB bus registered, assigned bus number 3
[    8.207534] xhci_hcd 0000:01:00.4: hcc params 0x0268ffe5 hci version 0x110 quirks 0x0000020000000410
[    8.207659] serio: i8042 KBD port at 0x60,0x64 irq 1
[    8.207875] usb usb3: New USB device found, idVendor=1d6b, idProduct=0002, bcdDevice= 5.15
[    8.207877] usb usb3: New USB device strings: Mfr=3, Product=2, SerialNumber=1
[    8.207878] usb usb3: Product: xHCI Host Controller
[    8.207879] usb usb3: Manufacturer: Linux 5.15.7-arch1-1 xhci-hcd
[    8.207879] usb usb3: SerialNumber: 0000:01:00.4
[    8.207971] hub 3-0:1.0: USB hub found
[    8.207979] hub 3-0:1.0: 4 ports detected
[    8.208272] xhci_hcd 0000:01:00.4: xHCI Host Controller
[    8.208276] xhci_hcd 0000:01:00.4: new USB bus registered, assigned bus number 4
[    8.208278] xhci_hcd 0000:01:00.4: Host supports USB 3.1 Enhanced SuperSpeed
[    8.208296] usb usb4: We don't know the algorithms for LPM for this host, disabling LPM.
[    8.208318] usb usb4: New USB device found, idVendor=1d6b, idProduct=0003, bcdDevice= 5.15
[    8.208320] usb usb4: New USB device strings: Mfr=3, Product=2, SerialNumber=1
[    8.208471] usb usb4: Product: xHCI Host Controller
[    8.208472] usb usb4: Manufacturer: Linux 5.15.7-arch1-1 xhci-hcd
[    8.208473] usb usb4: SerialNumber: 0000:01:00.4
[    8.208736] hub 4-0:1.0: USB hub found
[    8.208745] hub 4-0:1.0: 2 ports detected
[    8.214122] random: fast init done
[    8.241188] input: AT Translated Set 2 keyboard as /devices/platform/i8042/serio0/input/input2
[    8.255481] PM: Image not found (code -22)
[    8.340463] EXT4-fs (sda2): mounted filesystem with ordered data mode. Opts: (null). Quota mode: none.
[    8.459414] usb 3-2: new high-speed USB device number 2 using xhci_hcd
[    8.467199] systemd[1]: systemd 249.7-2-arch running in system mode (+PAM +AUDIT -SELINUX -APPARMOR -IMA +SMACK +SECCOMP +GCRYPT +GNUTLS +OPENSSL +ACL +BLKID +CURL +ELFUTILS +FIDO2 +IDN2 -IDN +IPTC +KMOD +LIBCRYPTSETUP +LIBFDISK +PCRE2 -PWQUALITY +P11KIT -QRENCODE +BZIP2 +LZ4 +XZ +ZLIB +ZSTD +XKBCOMMON +UTMP -SYSVINIT default-hierarchy=unified)
[    8.483223] systemd[1]: Detected architecture x86-64.
[    8.484172] systemd[1]: Hostname set to <mksredmibook14ii>.
[    8.542037] random: lvmconfig: uninitialized urandom read (4 bytes read)
[    8.605156] usb 3-2: New USB device found, idVendor=0bda, idProduct=8152, bcdDevice=20.00
[    8.605166] usb 3-2: New USB device strings: Mfr=1, Product=2, SerialNumber=3
[    8.605170] usb 3-2: Product: USB 10/100 LAN
[    8.605173] usb 3-2: Manufacturer: Realtek
[    8.605175] usb 3-2: SerialNumber: 00E04C360696
[    8.614056] systemd[1]: Queued start job for default target Graphical Interface.
[    8.615462] systemd[1]: Created slice Slice /system/getty.
[    8.615768] systemd[1]: Created slice Slice /system/modprobe.
[    8.616083] systemd[1]: Created slice Slice /system/systemd-fsck.
[    8.616261] systemd[1]: Created slice User and Session Slice.
[    8.616344] systemd[1]: Started Dispatch Password Requests to Console Directory Watch.
[    8.616401] systemd[1]: Started Forward Password Requests to Wall Directory Watch.
[    8.616566] systemd[1]: Set up automount Arbitrary Executable File Formats File System Automount Point.
[    8.616630] systemd[1]: Reached target Local Encrypted Volumes.
[    8.616655] systemd[1]: Reached target Login Prompts.
[    8.616689] systemd[1]: Reached target Path Units.
[    8.616714] systemd[1]: Reached target Remote File Systems.
[    8.616735] systemd[1]: Reached target Slice Units.
[    8.616769] systemd[1]: Reached target Local Verity Protected Volumes.
[    8.616839] systemd[1]: Listening on Device-mapper event daemon FIFOs.
[    8.617226] systemd[1]: Listening on LVM2 poll daemon socket.
[    8.618231] systemd[1]: Listening on Process Core Dump Socket.
[    8.621268] systemd[1]: Condition check resulted in Journal Audit Socket being skipped.
[    8.621468] systemd[1]: Listening on Journal Socket (/dev/log).
[    8.621583] systemd[1]: Listening on Journal Socket.
[    8.623377] systemd[1]: Listening on udev Control Socket.
[    8.623524] systemd[1]: Listening on udev Kernel Socket.
[    8.624338] systemd[1]: Mounting Huge Pages File System...
[    8.624955] systemd[1]: Mounting POSIX Message Queue File System...
[    8.625700] systemd[1]: Mounting Kernel Debug File System...
[    8.626487] systemd[1]: Mounting Kernel Trace File System...
[    8.627524] systemd[1]: Starting Create List of Static Device Nodes...
[    8.628397] systemd[1]: Starting Monitoring of LVM2 mirrors, snapshots etc. using dmeventd or progress polling...
[    8.629076] systemd[1]: Starting Load Kernel Module configfs...
[    8.630064] systemd[1]: Starting Load Kernel Module drm...
[    8.630907] systemd[1]: Starting Load Kernel Module fuse...
[    8.631018] random: lvm: uninitialized urandom read (4 bytes read)
[    8.632233] systemd[1]: Condition check resulted in Set Up Additional Binary Formats being skipped.
[    8.632284] systemd[1]: Condition check resulted in File System Check on Root Device being skipped.
[    8.634034] systemd[1]: Starting Journal Service...
[    8.636666] systemd[1]: Starting Load Kernel Modules...
[    8.637320] systemd[1]: Starting Remount Root and Kernel File Systems...
[    8.637402] systemd[1]: Condition check resulted in Repartition Root Disk being skipped.
[    8.638094] systemd[1]: Starting Coldplug All udev Devices...
[    8.639685] systemd[1]: Mounted Huge Pages File System.
[    8.639832] systemd[1]: Mounted POSIX Message Queue File System.
[    8.639941] fuse: init (API version 7.34)
[    8.639944] systemd[1]: Mounted Kernel Debug File System.
[    8.640046] systemd[1]: Mounted Kernel Trace File System.
[    8.640379] systemd[1]: Finished Create List of Static Device Nodes.
[    8.641813] EXT4-fs (sda2): re-mounted. Opts: (null). Quota mode: none.
[    8.642012] systemd[1]: modprobe@configfs.service: Deactivated successfully.
[    8.642244] systemd[1]: Finished Load Kernel Module configfs.
[    8.643159] systemd[1]: modprobe@drm.service: Deactivated successfully.
[    8.643406] systemd[1]: Finished Load Kernel Module drm.
[    8.643689] systemd[1]: modprobe@fuse.service: Deactivated successfully.
[    8.643925] systemd[1]: Finished Load Kernel Module fuse.
[    8.644400] systemd[1]: Finished Remount Root and Kernel File Systems.
[    8.645564] systemd[1]: Mounting FUSE Control File System...
[    8.646438] systemd[1]: Mounting Kernel Configuration File System...
[    8.646525] systemd[1]: Condition check resulted in First Boot Wizard being skipped.
[    8.648371] systemd[1]: Condition check resulted in Rebuild Hardware Database being skipped.
[    8.649205] systemd[1]: Starting Load/Save Random Seed...
[    8.650510] systemd[1]: Starting Create System Users...
[    8.651773] systemd[1]: Finished Load Kernel Modules.
[    8.652702] systemd[1]: Mounted FUSE Control File System.
[    8.652810] systemd[1]: Mounted Kernel Configuration File System.
[    8.653749] systemd[1]: Starting Apply Kernel Variables...
[    8.662888] systemd[1]: Finished Apply Kernel Variables.
[    8.667759] systemd[1]: Finished Monitoring of LVM2 mirrors, snapshots etc. using dmeventd or progress polling.
[    8.668402] systemd[1]: Finished Create System Users.
[    8.669858] systemd[1]: Starting Create Static Device Nodes in /dev...
[    8.687703] systemd[1]: Started Journal Service.
[    8.693231] systemd-journald[243]: Received client request to flush runtime journal.
[    8.777882] usbcore: registered new interface driver r8152
[    8.788786] acpi_cpufreq: overriding BIOS provided _PSD data
[    8.804211] usbcore: registered new interface driver cdc_ether
[    8.821359] acpi PNP0C14:01: duplicate WMI GUID 05901221-D566-11D1-B2F0-00A0C9062910 (first instance was on PNP0C14:00)
[    8.868193] ACPI: video: Video Device [VGA] (multi-head: yes  rom: no  post: no)
[    8.868516] acpi device:0e: registered as cooling_device6
[    8.868566] input: Video Bus as /devices/LNXSYSTM:00/LNXSYBUS:00/PNP0A08:00/device:0d/LNXVIDEO:00/input/input3
[    8.904748] Adding 17309968k swap on /dev/sda3.  Priority:-2 extents:1 across:17309968k SSFS
[    8.910053] piix4_smbus 0000:00:14.0: SMBus Host Controller at 0xb00, revision 0
[    8.910058] piix4_smbus 0000:00:14.0: Using register 0x02 for SMBus port selection
[    8.910155] piix4_smbus 0000:00:14.0: Auxiliary SMBus Host Controller at 0xb20
[    8.944253] sp5100_tco: SP5100/SB800 TCO WatchDog Timer Driver
[    8.944354] sp5100-tco sp5100-tco: Using 0xfeb00000 for watchdog MMIO address
[    8.944396] usb 3-2: reset high-speed USB device number 2 using xhci_hcd
[    8.944493] sp5100-tco sp5100-tco: initialized. heartbeat=60 sec (nowayout=0)
[    9.024020] input: GXT7863:00 27C6:01E0 Mouse as /devices/platform/AMDI0010:03/i2c-0/i2c-GXT7863:00/0018:27C6:01E0.0001/input/input4
[    9.024284] input: GXT7863:00 27C6:01E0 Touchpad as /devices/platform/AMDI0010:03/i2c-0/i2c-GXT7863:00/0018:27C6:01E0.0001/input/input5
[    9.024550] hid-generic 0018:27C6:01E0.0001: input,hidraw0: I2C HID v1.00 Mouse [GXT7863:00 27C6:01E0] on i2c-GXT7863:00
[    9.058996] random: dbus-daemon: uninitialized urandom read (12 bytes read)
[    9.139181] r8152 3-2:1.0: skip request firmware
[    9.178622] r8152 3-2:1.0 eth0: v1.12.11
[    9.307591] ccp 0000:01:00.2: enabling device (0000 -> 0002)
[    9.307935] ccp 0000:01:00.2: ccp: unable to access the device: you might be running a broken BIOS.
[    9.318122] ccp 0000:01:00.2: tee enabled
[    9.318128] ccp 0000:01:00.2: psp enabled
[    9.388155] snd_rn_pci_acp3x 0000:01:00.5: enabling device (0000 -> 0002)
[    9.403328] input: PC Speaker as /devices/platform/pcspkr/input/input7
[    9.481615] RAPL PMU: API unit is 2^-32 Joules, 1 fixed counters, 163840 ms ovfl timer
[    9.481619] RAPL PMU: hw unit of domain package 2^-16 Joules
[    9.544055] cryptd: max_cpu_qlen set to 1000
[    9.558169] AVX2 version of gcm_enc/dec engaged.
[    9.558204] AES CTR mode by8 optimization enabled
[    9.568039] snd_hda_intel 0000:01:00.1: enabling device (0000 -> 0002)
[    9.568196] snd_hda_intel 0000:01:00.1: Handle vga_switcheroo audio client
[    9.568500] [drm] amdgpu kernel modesetting enabled.
[    9.568505] snd_hda_intel 0000:01:00.6: enabling device (0000 -> 0002)
[    9.591238] amdgpu: Virtual CRAT table created for CPU
[    9.591276] amdgpu: Topology: Add CPU node
[    9.591371] checking generic (fce0000000 7f0000) vs hw (fce0000000 10000000)
[    9.591373] fb0: switching to amdgpu from EFI VGA
[    9.591466] Console: switching to colour dummy device 80x25
[    9.591499] amdgpu 0000:01:00.0: vgaarb: deactivate vga console
[    9.591588] amdgpu 0000:01:00.0: enabling device (0006 -> 0007)
[    9.591649] [drm] initializing kernel modesetting (RENOIR 0x1002:0x1636 0x1D72:0x1951 0xC3).
[    9.591653] amdgpu 0000:01:00.0: amdgpu: Trusted Memory Zone (TMZ) feature enabled
[    9.592373] [drm] register mmio base: 0xD0400000
[    9.592375] [drm] register mmio size: 524288
[    9.592377] [drm] PCIE atomic ops is not supported
[    9.593327] [drm] add ip block number 0 <soc15_common>
[    9.593329] [drm] add ip block number 1 <gmc_v9_0>
[    9.593330] [drm] add ip block number 2 <vega10_ih>
[    9.593331] [drm] add ip block number 3 <psp>
[    9.593332] [drm] add ip block number 4 <smu>
[    9.593333] [drm] add ip block number 5 <gfx_v9_0>
[    9.593334] [drm] add ip block number 6 <sdma_v4_0>
[    9.593336] [drm] add ip block number 7 <dm>
[    9.593337] [drm] add ip block number 8 <vcn_v2_0>
[    9.593338] [drm] add ip block number 9 <jpeg_v2_0>
[    9.593359] amdgpu 0000:01:00.0: amdgpu: Fetched VBIOS from VFCT
[    9.593363] amdgpu: ATOM BIOS: 113-RENOIR-026
[    9.594540] [drm] VCN decode is enabled in VM mode
[    9.594542] [drm] VCN encode is enabled in VM mode
[    9.594543] [drm] JPEG decode is enabled in VM mode
[    9.594589] [drm] vm size is 262144 GB, 4 levels, block size is 9-bit, fragment size is 9-bit
[    9.594597] amdgpu 0000:01:00.0: amdgpu: VRAM: 512M 0x000000F400000000 - 0x000000F41FFFFFFF (512M used)
[    9.594600] amdgpu 0000:01:00.0: amdgpu: GART: 1024M 0x0000000000000000 - 0x000000003FFFFFFF
[    9.594601] amdgpu 0000:01:00.0: amdgpu: AGP: 267419648M 0x000000F800000000 - 0x0000FFFFFFFFFFFF
[    9.594607] [drm] Detected VRAM RAM=512M, BAR=512M
[    9.594609] [drm] RAM width 128bits DDR4
[    9.594657] [drm] amdgpu: 512M of VRAM memory ready
[    9.594658] [drm] amdgpu: 3072M of GTT memory ready.
[    9.594669] [drm] GART: num cpu pages 262144, num gpu pages 262144
[    9.594764] [drm] PCIE GART of 1024M enabled.
[    9.594765] [drm] PTB located at 0x000000F400900000
[    9.596600] amdgpu 0000:01:00.0: amdgpu: PSP runtime database doesn't exist
[    9.601569] [drm] Loading DMUB firmware via PSP: version=0x01010019
[    9.602964] [drm] Found VCN firmware Version ENC: 1.16 DEC: 5 VEP: 0 Revision: 3
[    9.602987] amdgpu 0000:01:00.0: amdgpu: Will use PSP to load VCN firmware
[    9.626587] input: HD-Audio Generic HDMI/DP,pcm=3 as /devices/pci0000:00/0000:00:08.1/0000:01:00.1/sound/card0/input8
[    9.626648] input: HD-Audio Generic HDMI/DP,pcm=7 as /devices/pci0000:00/0000:00:08.1/0000:01:00.1/sound/card0/input9
[    9.655305] snd_hda_codec_realtek hdaudioC1D0: autoconfig for ALC256: line_outs=1 (0x14/0x0/0x0/0x0/0x0) type:speaker
[    9.655312] snd_hda_codec_realtek hdaudioC1D0:    speaker_outs=0 (0x0/0x0/0x0/0x0/0x0)
[    9.655314] snd_hda_codec_realtek hdaudioC1D0:    hp_outs=1 (0x21/0x0/0x0/0x0/0x0)
[    9.655315] snd_hda_codec_realtek hdaudioC1D0:    mono: mono_out=0x0
[    9.655316] snd_hda_codec_realtek hdaudioC1D0:    inputs:
[    9.655317] snd_hda_codec_realtek hdaudioC1D0:      Mic=0x19
[    9.731468] input: HD-Audio Generic Mic as /devices/pci0000:00/0000:00:08.1/0000:01:00.6/sound/card1/input10
[    9.731528] input: HD-Audio Generic Headphone as /devices/pci0000:00/0000:00:08.1/0000:01:00.6/sound/card1/input11
[    9.741760] kvm: Nested Virtualization enabled
[    9.741763] SVM: kvm: Nested Paging enabled
[    9.741784] SVM: Virtual VMLOAD VMSAVE supported
[    9.741784] SVM: Virtual GIF supported
[    9.776904] urandom_read: 1 callbacks suppressed
[    9.776907] random: NetworkManager: uninitialized urandom read (16 bytes read)
[    9.781660] r8152 3-2:1.0 enp1s0f4u2: renamed from eth0
[    9.791954] MCE: In-kernel MCE decoding enabled.
[    9.826798] input: GXT7863:00 27C6:01E0 Mouse as /devices/platform/AMDI0010:03/i2c-0/i2c-GXT7863:00/0018:27C6:01E0.0001/input/input12
[    9.826875] input: GXT7863:00 27C6:01E0 Touchpad as /devices/platform/AMDI0010:03/i2c-0/i2c-GXT7863:00/0018:27C6:01E0.0001/input/input13
[    9.826926] hid-multitouch 0018:27C6:01E0.0001: input,hidraw0: I2C HID v1.00 Mouse [GXT7863:00 27C6:01E0] on i2c-GXT7863:00
[    9.851240] mousedev: PS/2 mouse device common for all mice
[    9.996459] intel_rapl_common: Found RAPL domain package
[    9.996463] intel_rapl_common: Found RAPL domain core
[   10.026116] random: nm-dispatcher: uninitialized urandom read (16 bytes read)
[   10.276675] [drm] reserve 0x400000 from 0xf41f800000 for PSP TMR
[   10.355315] amdgpu 0000:01:00.0: amdgpu: RAS: optional ras ta ucode is not available
[   10.363248] amdgpu 0000:01:00.0: amdgpu: RAP: optional rap ta ucode is not available
[   10.363252] amdgpu 0000:01:00.0: amdgpu: SECUREDISPLAY: securedisplay ta ucode is not available
[   10.363926] amdgpu 0000:01:00.0: amdgpu: SMU is initialized successfully!
[   10.365331] [drm] kiq ring mec 2 pipe 1 q 0
[   10.366160] [drm] Display Core initialized with v3.2.149!
[   10.366598] [drm] DMUB hardware initialized: version=0x01010019
[   10.390446] snd_hda_intel 0000:01:00.1: bound 0000:01:00.0 (ops amdgpu_dm_audio_component_bind_ops [amdgpu])
[   10.429377] random: crng init done
[   10.479004] [drm] VCN decode and encode initialized successfully(under DPG Mode).
[   10.479027] [drm] JPEG decode initialized successfully.
[   10.481471] kfd kfd: amdgpu: Allocated 3969056 bytes on gart
[   10.509647] memmap_init_zone_device initialised 131072 pages in 4ms
[   10.509661] amdgpu: HMM registered 512MB device memory
[   10.509716] amdgpu: SRAT table not found
[   10.509718] amdgpu: Virtual CRAT table created for GPU
[   10.510080] amdgpu: Topology: Add dGPU node [0x1636:0x1002]
[   10.510085] kfd kfd: amdgpu: added device 1002:1636
[   10.510104] amdgpu 0000:01:00.0: amdgpu: SE 1, SH per SE 2, CU per SH 18, active_cu_number 26
[   10.513004] [drm] fb mappable at 0x410CD1000
[   10.513008] [drm] vram apper at 0x410000000
[   10.513009] [drm] size 8294400
[   10.513009] [drm] fb depth is 24
[   10.513010] [drm]    pitch is 7680
[   10.513160] fbcon: amdgpu (fb0) is primary device
[   10.574275] Console: switching to colour frame buffer device 240x67
[   10.592820] amdgpu 0000:01:00.0: [drm] fb0: amdgpu frame buffer device
[   10.613459] amdgpu 0000:01:00.0: amdgpu: ring gfx uses VM inv eng 0 on hub 0
[   10.613470] amdgpu 0000:01:00.0: amdgpu: ring comp_1.0.0 uses VM inv eng 1 on hub 0
[   10.613474] amdgpu 0000:01:00.0: amdgpu: ring comp_1.1.0 uses VM inv eng 4 on hub 0
[   10.613477] amdgpu 0000:01:00.0: amdgpu: ring comp_1.2.0 uses VM inv eng 5 on hub 0
[   10.613479] amdgpu 0000:01:00.0: amdgpu: ring comp_1.3.0 uses VM inv eng 6 on hub 0
[   10.613481] amdgpu 0000:01:00.0: amdgpu: ring comp_1.0.1 uses VM inv eng 7 on hub 0
[   10.613483] amdgpu 0000:01:00.0: amdgpu: ring comp_1.1.1 uses VM inv eng 8 on hub 0
[   10.613485] amdgpu 0000:01:00.0: amdgpu: ring comp_1.2.1 uses VM inv eng 9 on hub 0
[   10.613488] amdgpu 0000:01:00.0: amdgpu: ring comp_1.3.1 uses VM inv eng 10 on hub 0
[   10.613490] amdgpu 0000:01:00.0: amdgpu: ring kiq_2.1.0 uses VM inv eng 11 on hub 0
[   10.613493] amdgpu 0000:01:00.0: amdgpu: ring sdma0 uses VM inv eng 0 on hub 1
[   10.613496] amdgpu 0000:01:00.0: amdgpu: ring vcn_dec uses VM inv eng 1 on hub 1
[   10.613499] amdgpu 0000:01:00.0: amdgpu: ring vcn_enc0 uses VM inv eng 4 on hub 1
[   10.613501] amdgpu 0000:01:00.0: amdgpu: ring vcn_enc1 uses VM inv eng 5 on hub 1
[   10.613504] amdgpu 0000:01:00.0: amdgpu: ring jpeg_dec uses VM inv eng 6 on hub 1
[   10.615356] [drm] Initialized amdgpu 3.42.0 20150101 for 0000:01:00.0 on minor 0
[   11.046030] IPv6: ADDRCONF(NETDEV_CHANGE): enp1s0f4u2: link becomes ready
[   11.047312] r8152 3-2:1.0 enp1s0f4u2: carrier on
[   42.538890] iptables reject: IN=enp1s0f4u2 OUT= MAC= SRC=192.168.88.247 DST=224.0.0.251 LEN=68 TOS=0x00 PREC=0x00 TTL=1 ID=26433 DF PROTO=UDP SPT=5353 DPT=5353 LEN=48 
[   43.505183] iptables reject: IN=enp1s0f4u2 OUT= MAC= SRC=192.168.88.247 DST=224.0.0.251 LEN=68 TOS=0x00 PREC=0x00 TTL=1 ID=26513 DF PROTO=UDP SPT=5353 DPT=5353 LEN=48 
[   45.505376] iptables reject: IN=enp1s0f4u2 OUT= MAC= SRC=192.168.88.247 DST=224.0.0.251 LEN=68 TOS=0x00 PREC=0x00 TTL=1 ID=26864 DF PROTO=UDP SPT=5353 DPT=5353 LEN=48 
[   69.676044] ucsi_acpi USBC000:00: PPM init failed (-110)
[  263.981352] atkbd serio0: Unknown key pressed (translated set 2, code 0xf6 on isa0060/serio0).
[  263.981361] atkbd serio0: Use 'setkeycodes e076 <keycode>' to make it known.
[  264.065238] atkbd serio0: Unknown key released (translated set 2, code 0xf6 on isa0060/serio0).
[  264.065247] atkbd serio0: Use 'setkeycodes e076 <keycode>' to make it known.
[  264.282625] atkbd serio0: Unknown key pressed (translated set 2, code 0xf6 on isa0060/serio0).
[  264.282630] atkbd serio0: Use 'setkeycodes e076 <keycode>' to make it known.
[  264.756546] atkbd serio0: Unknown key released (translated set 2, code 0xf6 on isa0060/serio0).
[  264.756551] atkbd serio0: Use 'setkeycodes e076 <keycode>' to make it known.
[  266.793685] Bluetooth: Core ver 2.22
[  266.793716] NET: Registered PF_BLUETOOTH protocol family
[  266.793717] Bluetooth: HCI device and connection manager initialized
[  266.793722] Bluetooth: HCI socket layer initialized
[  266.793723] Bluetooth: L2CAP socket layer initialized
[  266.793726] Bluetooth: SCO socket layer initialized
[  266.795401] device enp1s0f4u2 entered promiscuous mode
[  266.796376] r8152 3-2:1.0 enp1s0f4u2: Promiscuous mode enabled
[  272.700050] device enp1s0f4u2 left promiscuous mode
[  497.674410] iptables reject: IN=enp1s0f4u2 OUT= MAC= SRC=192.168.88.247 DST=224.0.0.251 LEN=68 TOS=0x00 PREC=0x00 TTL=1 ID=61504 DF PROTO=UDP SPT=5353 DPT=5353 LEN=48 
[  498.664533] iptables reject: IN=enp1s0f4u2 OUT= MAC= SRC=192.168.88.247 DST=224.0.0.251 LEN=68 TOS=0x00 PREC=0x00 TTL=1 ID=61570 DF PROTO=UDP SPT=5353 DPT=5353 LEN=48 
[  500.664697] iptables reject: IN=enp1s0f4u2 OUT= MAC= SRC=192.168.88.247 DST=224.0.0.251 LEN=68 TOS=0x00 PREC=0x00 TTL=1 ID=62137 DF PROTO=UDP SPT=5353 DPT=5353 LEN=48 
[  549.929993] device enp1s0f4u2 entered promiscuous mode
[  549.930176] r8152 3-2:1.0 enp1s0f4u2: Promiscuous mode enabled
[  554.457123] device enp1s0f4u2 left promiscuous mode
[ 2758.449739] atkbd serio0: Unknown key pressed (translated set 2, code 0xf6 on isa0060/serio0).
[ 2758.449750] atkbd serio0: Use 'setkeycodes e076 <keycode>' to make it known.
[ 2761.613439] atkbd serio0: Unknown key released (translated set 2, code 0xf6 on isa0060/serio0).
[ 2761.613449] atkbd serio0: Use 'setkeycodes e076 <keycode>' to make it known.
[16850.855968] atkbd serio0: Unknown key pressed (translated set 2, code 0xf6 on isa0060/serio0).
[16850.855973] atkbd serio0: Use 'setkeycodes e076 <keycode>' to make it known.
[16853.605364] atkbd serio0: Unknown key released (translated set 2, code 0xf6 on isa0060/serio0).
[16853.605370] atkbd serio0: Use 'setkeycodes e076 <keycode>' to make it known.
[19980.194360] atkbd serio0: Unknown key pressed (translated set 2, code 0xf6 on isa0060/serio0).
[19980.194365] atkbd serio0: Use 'setkeycodes e076 <keycode>' to make it known.
[19981.154197] atkbd serio0: Unknown key released (translated set 2, code 0xf6 on isa0060/serio0).
[19981.154203] atkbd serio0: Use 'setkeycodes e076 <keycode>' to make it known.
[20195.573318] atkbd serio0: Unknown key pressed (translated set 2, code 0xf6 on isa0060/serio0).
[20195.573329] atkbd serio0: Use 'setkeycodes e076 <keycode>' to make it known.
[20197.369720] atkbd serio0: Unknown key released (translated set 2, code 0xf6 on isa0060/serio0).
[20197.369726] atkbd serio0: Use 'setkeycodes e076 <keycode>' to make it known.
[28765.857007] atkbd serio0: Unknown key pressed (translated set 2, code 0xf6 on isa0060/serio0).
[28765.857013] atkbd serio0: Use 'setkeycodes e076 <keycode>' to make it known.
[28765.905700] atkbd serio0: Unknown key released (translated set 2, code 0xf6 on isa0060/serio0).
[28765.905709] atkbd serio0: Use 'setkeycodes e076 <keycode>' to make it known.
[28766.120650] atkbd serio0: Unknown key pressed (translated set 2, code 0xf6 on isa0060/serio0).
[28766.120655] atkbd serio0: Use 'setkeycodes e076 <keycode>' to make it known.
[28767.683479] atkbd serio0: Unknown key released (translated set 2, code 0xf6 on isa0060/serio0).
[28767.683484] atkbd serio0: Use 'setkeycodes e076 <keycode>' to make it known.
[31717.667725] atkbd serio0: Unknown key pressed (translated set 2, code 0xf6 on isa0060/serio0).
[31717.667732] atkbd serio0: Use 'setkeycodes e076 <keycode>' to make it known.
[31718.804537] atkbd serio0: Unknown key released (translated set 2, code 0xf6 on isa0060/serio0).
[31718.804543] atkbd serio0: Use 'setkeycodes e076 <keycode>' to make it known.
[32799.414930] atkbd serio0: Unknown key pressed (translated set 2, code 0xf6 on isa0060/serio0).
[32799.414939] atkbd serio0: Use 'setkeycodes e076 <keycode>' to make it known.
[32801.564722] atkbd serio0: Unknown key released (translated set 2, code 0xf6 on isa0060/serio0).
[32801.564731] atkbd serio0: Use 'setkeycodes e076 <keycode>' to make it known.
[40605.494988] atkbd serio0: Unknown key pressed (translated set 2, code 0xf6 on isa0060/serio0).
[40605.494993] atkbd serio0: Use 'setkeycodes e076 <keycode>' to make it known.
[40608.906632] atkbd serio0: Unknown key released (translated set 2, code 0xf6 on isa0060/serio0).
[40608.906637] atkbd serio0: Use 'setkeycodes e076 <keycode>' to make it known.
[42482.660805] atkbd serio0: Unknown key pressed (translated set 2, code 0xf6 on isa0060/serio0).
[42482.660814] atkbd serio0: Use 'setkeycodes e076 <keycode>' to make it known.
[42484.090581] atkbd serio0: Unknown key released (translated set 2, code 0xf6 on isa0060/serio0).
[42484.090586] atkbd serio0: Use 'setkeycodes e076 <keycode>' to make it known.
[51090.620119] device enp1s0f4u2 entered promiscuous mode
[51090.620525] r8152 3-2:1.0 enp1s0f4u2: Promiscuous mode enabled
[51097.479839] device enp1s0f4u2 left promiscuous mode
