[    0.000000] Linux version 5.17.1-arch1-1 (linux@archlinux) (gcc (GCC) 11.2.0, GNU ld (GNU Binutils) 2.38) #1 SMP PREEMPT Mon, 28 Mar 2022 20:55:33 +0000
[    0.000000] Command line: BOOT_IMAGE=/boot/vmlinuz-linux root=UUID=86d11402-ffc7-4a95-a499-34a078ef1758 rw resume=UUID=f632905f-a4c6-4207-b787-badfa387bbf1 loglevel=3 audit=1 lsm=landlock,lockdown,yama,apparmor,bpf l1tf=full,force mds=full,nosmt mitigations=auto,nosmt nosmt=force pcie_aspm=force init_on_alloc=1 init_on_free=1 randomize_kstack_offset=on slab_nomerge pti=on slub_debug=ZF slub_debug=P page_poison=1 mem_encrypt=on vsyscall=none amd_iommu=force_isolation amdgpu.gpu_recovery=1 amdgpu.virtual_display=NULL amdgpu.audio=0 fsck.mode=force fsck.repair=yes efi=disable_early_pci_dma trace_clock=local tsc=unstable ahci sd=ahci acpi=on "acpi_osi=Windows 2019" acpi_sci=hight libata.ignore_hpa=1 lapic pci=nobios pnpbios=off libata.dma=0 "acpi_os_name=Klimenko Maxim Sergievich, GNU/Linux, all others fuck off" spectre_v2_user=seccomp,ibpb efi=old_map,nochunk,noruntime spectre_v2=retpoline,amd
[    0.000000] x86/fpu: Supporting XSAVE feature 0x001: 'x87 floating point registers'
[    0.000000] x86/fpu: Supporting XSAVE feature 0x002: 'SSE registers'
[    0.000000] x86/fpu: Supporting XSAVE feature 0x004: 'AVX registers'
[    0.000000] x86/fpu: xstate_offset[2]:  576, xstate_sizes[2]:  256
[    0.000000] x86/fpu: Enabled xstate features 0x7, context size is 832 bytes, using 'compacted' format.
[    0.000000] signal: max sigframe size: 1776
[    0.000000] BIOS-provided physical RAM map:
[    0.000000] BIOS-e820: [mem 0x0000000000000000-0x000000000009efff] usable
[    0.000000] BIOS-e820: [mem 0x000000000009f000-0x00000000000bffff] reserved
[    0.000000] BIOS-e820: [mem 0x0000000000100000-0x0000000009afffff] usable
[    0.000000] BIOS-e820: [mem 0x0000000009b00000-0x0000000009dfffff] reserved
[    0.000000] BIOS-e820: [mem 0x0000000009e00000-0x0000000009efffff] usable
[    0.000000] BIOS-e820: [mem 0x0000000009f00000-0x0000000009f0ffff] ACPI NVS
[    0.000000] BIOS-e820: [mem 0x0000000009f10000-0x00000000bab68fff] usable
[    0.000000] BIOS-e820: [mem 0x00000000bab69000-0x00000000bbd68fff] reserved
[    0.000000] BIOS-e820: [mem 0x00000000bbd69000-0x00000000c9f7efff] usable
[    0.000000] BIOS-e820: [mem 0x00000000c9f7f000-0x00000000caf7efff] type 20
[    0.000000] BIOS-e820: [mem 0x00000000caf7f000-0x00000000ccf7efff] reserved
[    0.000000] BIOS-e820: [mem 0x00000000ccf7f000-0x00000000cdf7efff] ACPI NVS
[    0.000000] BIOS-e820: [mem 0x00000000cdf7f000-0x00000000cdffefff] ACPI data
[    0.000000] BIOS-e820: [mem 0x00000000cdfff000-0x00000000cdffffff] usable
[    0.000000] BIOS-e820: [mem 0x00000000ce000000-0x00000000ceffffff] reserved
[    0.000000] BIOS-e820: [mem 0x00000000f8000000-0x00000000fbffffff] reserved
[    0.000000] BIOS-e820: [mem 0x00000000fde00000-0x00000000fdefffff] reserved
[    0.000000] BIOS-e820: [mem 0x00000000fec00000-0x00000000fec00fff] reserved
[    0.000000] BIOS-e820: [mem 0x00000000fec10000-0x00000000fec10fff] reserved
[    0.000000] BIOS-e820: [mem 0x00000000fec20000-0x00000000fec20fff] reserved
[    0.000000] BIOS-e820: [mem 0x00000000fed80000-0x00000000fed80fff] reserved
[    0.000000] BIOS-e820: [mem 0x00000000fee00000-0x00000000fee00fff] reserved
[    0.000000] BIOS-e820: [mem 0x00000000ff000000-0x00000000fff2ffff] reserved
[    0.000000] BIOS-e820: [mem 0x0000000100000000-0x000000040f33ffff] usable
[    0.000000] BIOS-e820: [mem 0x000000040f340000-0x000000042fffffff] reserved
[    0.000000] SMT: Force disabled
[    0.000000] Malformed early option 'acpi'
[    0.000000] Malformed early option 'acpi_sci'
[    0.000000] PCI: Unknown option `nobios'
[    0.000000] NX (Execute Disable) protection: active
[    0.000000] efi: EFI v2.70 by INSYDE Corp.
[    0.000000] efi: ACPI=0xcdffe000 ACPI 2.0=0xcdffe014 TPMFinalLog=0xcdf2c000 SMBIOS=0xcb70c000 SMBIOS 3.0=0xcb70a000 ESRT=0xcb70d418 
[    0.000000] SMBIOS 3.2.0 present.
[    0.000000] DMI: TIMI RedmiBook 14 II/TM1951, BIOS RMARN4B0P0909 08/19/2020
[    0.000000] tsc: Fast TSC calibration using PIT
[    0.000000] tsc: Detected 2370.649 MHz processor
[    0.000544] e820: update [mem 0x00000000-0x00000fff] usable ==> reserved
[    0.000547] e820: remove [mem 0x000a0000-0x000fffff] usable
[    0.000552] last_pfn = 0x40f340 max_arch_pfn = 0x400000000
[    0.000729] x86/PAT: Configuration [0-7]: WB  WC  UC- UC  WB  WP  UC- WT  
[    0.000953] last_pfn = 0xce000 max_arch_pfn = 0x400000000
[    0.010441] Kernel/User page tables isolation: force enabled on command line.
[    0.010442] Using GB pages for direct mapping
[    0.010831] Secure boot disabled
[    0.010831] RAMDISK: [mem 0x37311000-0x3797ffff]
[    0.010836] ACPI: Early table checksum verification disabled
[    0.010839] ACPI: RSDP 0x00000000CDFFE014 000024 (v02 XMCC  )
[    0.010842] ACPI: XSDT 0x00000000CDFCE188 000134 (v01 XMCC   XMCC1951 00000002      01000013)
[    0.010847] ACPI: FACP 0x00000000CDFEC000 00010C (v05 XMCC   XMCC1951 00000002      01000013)
[    0.010851] ACPI: DSDT 0x00000000CDFDF000 006545 (v01 XMCC   XMCC1951 00000002      01000013)
[    0.010853] ACPI: FACS 0x00000000CDF29000 000040
[    0.010855] ACPI: UEFI 0x00000000CDF7E000 000236 (v01 INSYDE H2O BIOS 00000001 ACPI 00040000)
[    0.010858] ACPI: SSDT 0x00000000CDFF5000 007216 (v02 AMD    AmdTable 00000002 MSFT 04000000)
[    0.010860] ACPI: IVRS 0x00000000CDFF4000 0001A4 (v02 AMD    AmdTable 00000001 AMD  00000000)
[    0.010862] ACPI: SSDT 0x00000000CDFF3000 000228 (v01 AMD    STD3     00000001 INTL 20130117)
[    0.010864] ACPI: SSDT 0x00000000CDFF2000 000D61 (v01 XMCC   XMCC1806 00003000 INTL 20130117)
[    0.010867] ACPI: SSDT 0x00000000CDFF1000 00046D (v01 Insyde TPMACPI  00001000 INTL 20130117)
[    0.010869] ACPI: TPM2 0x00000000CDFF0000 000034 (v04 XMCC   XMCC1951 00000002      01000013)
[    0.010871] ACPI: MSDM 0x00000000CDFEF000 000055 (v03 INSYDE H2O BIOS 00000001 ACPI 00040000)
[    0.010873] ACPI: ASF! 0x00000000CDFEE000 0000A5 (v32 XMCC   XMCC1951 00000002      01000013)
[    0.010875] ACPI: BOOT 0x00000000CDFED000 000028 (v01 XMCC   XMCC1951 00000002      01000013)
[    0.010877] ACPI: HPET 0x00000000CDFEB000 000038 (v01 XMCC   XMCC1951 00000002      01000013)
[    0.010879] ACPI: APIC 0x00000000CDFEA000 000138 (v03 XMCC   XMCC1951 00000002      01000013)
[    0.010882] ACPI: MCFG 0x00000000CDFE9000 00003C (v01 XMCC   XMCC1951 00000002      01000013)
[    0.010884] ACPI: SLIC 0x00000000CDFE8000 000176 (v01 XMCC   XMCC1951 00000002      01000013)
[    0.010886] ACPI: SSDT 0x00000000CDFDE000 000080 (v01 XMCC   XMCC1951 00000002      01000013)
[    0.010888] ACPI: VFCT 0x00000000CDFD0000 00D484 (v01 XMCC   XMCC1951 00000001 AMD  31504F47)
[    0.010890] ACPI: SSDT 0x00000000CDFCF000 0000F8 (v01 XMCC   PcdTabl  00001000 INTL 20130117)
[    0.010892] ACPI: SSDT 0x00000000CDFCC000 001500 (v01 AMD    AmdTable 00000001 AMD  00000001)
[    0.010894] ACPI: CRAT 0x00000000CDFFD000 000BA8 (v01 AMD    AmdTable 00000001 AMD  00000001)
[    0.010896] ACPI: CDIT 0x00000000CDFCB000 000029 (v01 AMD    AmdTable 00000001 AMD  00000001)
[    0.010898] ACPI: SSDT 0x00000000CDFCA000 00028D (v01 AMD    AmdTable 00000001 INTL 20130117)
[    0.010901] ACPI: SSDT 0x00000000CDFC9000 000C78 (v01 AMD    AmdTable 00000001 INTL 20130117)
[    0.010903] ACPI: SSDT 0x00000000CDFC7000 0010A5 (v01 AMD    AmdTable 00000001 INTL 20130117)
[    0.010905] ACPI: SSDT 0x00000000CDFC3000 0030C8 (v01 AMD    AmdTable 00000001 INTL 20130117)
[    0.010907] ACPI: FPDT 0x00000000CDFC2000 000044 (v01 XMCC   XMCC1951 00000002      01000013)
[    0.010909] ACPI: WSMT 0x00000000CDFC0000 000028 (v01 INSYDE H2O BIOS 00000001 ACPI 00040000)
[    0.010911] ACPI: SSDT 0x00000000CDFE7000 00020A (v01 AMD    AmdTable 00000001 INTL 20130117)
[    0.010913] ACPI: SSDT 0x00000000CDFE6000 0005A1 (v01 AMD    AmdTable 00000001 INTL 20130117)
[    0.010915] ACPI: SSDT 0x00000000CDFBF000 000343 (v01 AMD    AmdTable 00000001 INTL 20130117)
[    0.010917] ACPI: SSDT 0x00000000CDFBE000 00007D (v01 AMD    AmdTable 00000001 INTL 20130117)
[    0.010920] ACPI: SSDT 0x00000000CDFBD000 000822 (v01 AMD    AmdTable 00000001 INTL 20130117)
[    0.010922] ACPI: SSDT 0x00000000CDFBC000 000517 (v01 AMD    AmdTable 00000001 INTL 20130117)
[    0.010924] ACPI: BGRT 0x00000000CDFC1000 000038 (v01 INSYDE H2O BIOS 00000001 ACPI 00040000)
[    0.010925] ACPI: Reserving FACP table memory at [mem 0xcdfec000-0xcdfec10b]
[    0.010927] ACPI: Reserving DSDT table memory at [mem 0xcdfdf000-0xcdfe5544]
[    0.010927] ACPI: Reserving FACS table memory at [mem 0xcdf29000-0xcdf2903f]
[    0.010928] ACPI: Reserving UEFI table memory at [mem 0xcdf7e000-0xcdf7e235]
[    0.010929] ACPI: Reserving SSDT table memory at [mem 0xcdff5000-0xcdffc215]
[    0.010929] ACPI: Reserving IVRS table memory at [mem 0xcdff4000-0xcdff41a3]
[    0.010930] ACPI: Reserving SSDT table memory at [mem 0xcdff3000-0xcdff3227]
[    0.010931] ACPI: Reserving SSDT table memory at [mem 0xcdff2000-0xcdff2d60]
[    0.010931] ACPI: Reserving SSDT table memory at [mem 0xcdff1000-0xcdff146c]
[    0.010932] ACPI: Reserving TPM2 table memory at [mem 0xcdff0000-0xcdff0033]
[    0.010933] ACPI: Reserving MSDM table memory at [mem 0xcdfef000-0xcdfef054]
[    0.010933] ACPI: Reserving ASF! table memory at [mem 0xcdfee000-0xcdfee0a4]
[    0.010934] ACPI: Reserving BOOT table memory at [mem 0xcdfed000-0xcdfed027]
[    0.010934] ACPI: Reserving HPET table memory at [mem 0xcdfeb000-0xcdfeb037]
[    0.010935] ACPI: Reserving APIC table memory at [mem 0xcdfea000-0xcdfea137]
[    0.010936] ACPI: Reserving MCFG table memory at [mem 0xcdfe9000-0xcdfe903b]
[    0.010936] ACPI: Reserving SLIC table memory at [mem 0xcdfe8000-0xcdfe8175]
[    0.010937] ACPI: Reserving SSDT table memory at [mem 0xcdfde000-0xcdfde07f]
[    0.010938] ACPI: Reserving VFCT table memory at [mem 0xcdfd0000-0xcdfdd483]
[    0.010938] ACPI: Reserving SSDT table memory at [mem 0xcdfcf000-0xcdfcf0f7]
[    0.010939] ACPI: Reserving SSDT table memory at [mem 0xcdfcc000-0xcdfcd4ff]
[    0.010940] ACPI: Reserving CRAT table memory at [mem 0xcdffd000-0xcdffdba7]
[    0.010940] ACPI: Reserving CDIT table memory at [mem 0xcdfcb000-0xcdfcb028]
[    0.010941] ACPI: Reserving SSDT table memory at [mem 0xcdfca000-0xcdfca28c]
[    0.010942] ACPI: Reserving SSDT table memory at [mem 0xcdfc9000-0xcdfc9c77]
[    0.010942] ACPI: Reserving SSDT table memory at [mem 0xcdfc7000-0xcdfc80a4]
[    0.010943] ACPI: Reserving SSDT table memory at [mem 0xcdfc3000-0xcdfc60c7]
[    0.010944] ACPI: Reserving FPDT table memory at [mem 0xcdfc2000-0xcdfc2043]
[    0.010944] ACPI: Reserving WSMT table memory at [mem 0xcdfc0000-0xcdfc0027]
[    0.010945] ACPI: Reserving SSDT table memory at [mem 0xcdfe7000-0xcdfe7209]
[    0.010946] ACPI: Reserving SSDT table memory at [mem 0xcdfe6000-0xcdfe65a0]
[    0.010947] ACPI: Reserving SSDT table memory at [mem 0xcdfbf000-0xcdfbf342]
[    0.010947] ACPI: Reserving SSDT table memory at [mem 0xcdfbe000-0xcdfbe07c]
[    0.010948] ACPI: Reserving SSDT table memory at [mem 0xcdfbd000-0xcdfbd821]
[    0.010949] ACPI: Reserving SSDT table memory at [mem 0xcdfbc000-0xcdfbc516]
[    0.010949] ACPI: Reserving BGRT table memory at [mem 0xcdfc1000-0xcdfc1037]
[    0.011001] No NUMA configuration found
[    0.011002] Faking a node at [mem 0x0000000000000000-0x000000040f33ffff]
[    0.011006] NODE_DATA(0) allocated [mem 0x40f33c000-0x40f33ffff]
[    0.011035] Zone ranges:
[    0.011036]   DMA      [mem 0x0000000000001000-0x0000000000ffffff]
[    0.011037]   DMA32    [mem 0x0000000001000000-0x00000000ffffffff]
[    0.011038]   Normal   [mem 0x0000000100000000-0x000000040f33ffff]
[    0.011039]   Device   empty
[    0.011040] Movable zone start for each node
[    0.011041] Early memory node ranges
[    0.011041]   node   0: [mem 0x0000000000001000-0x000000000009efff]
[    0.011042]   node   0: [mem 0x0000000000100000-0x0000000009afffff]
[    0.011043]   node   0: [mem 0x0000000009e00000-0x0000000009efffff]
[    0.011044]   node   0: [mem 0x0000000009f10000-0x00000000bab68fff]
[    0.011045]   node   0: [mem 0x00000000bbd69000-0x00000000c9f7efff]
[    0.011045]   node   0: [mem 0x00000000cdfff000-0x00000000cdffffff]
[    0.011046]   node   0: [mem 0x0000000100000000-0x000000040f33ffff]
[    0.011048] Initmem setup node 0 [mem 0x0000000000001000-0x000000040f33ffff]
[    0.011052] On node 0, zone DMA: 1 pages in unavailable ranges
[    0.011069] On node 0, zone DMA: 97 pages in unavailable ranges
[    0.011214] On node 0, zone DMA32: 768 pages in unavailable ranges
[    0.016486] On node 0, zone DMA32: 16 pages in unavailable ranges
[    0.016953] On node 0, zone DMA32: 4608 pages in unavailable ranges
[    0.017094] On node 0, zone DMA32: 16512 pages in unavailable ranges
[    0.040621] On node 0, zone Normal: 8192 pages in unavailable ranges
[    0.040652] On node 0, zone Normal: 3264 pages in unavailable ranges
[    0.040802] ACPI: PM-Timer IO Port: 0x408
[    0.040808] ACPI: LAPIC_NMI (acpi_id[0x00] high edge lint[0x1])
[    0.040809] ACPI: LAPIC_NMI (acpi_id[0x01] high edge lint[0x1])
[    0.040810] ACPI: LAPIC_NMI (acpi_id[0x02] high edge lint[0x1])
[    0.040811] ACPI: LAPIC_NMI (acpi_id[0x03] high edge lint[0x1])
[    0.040811] ACPI: LAPIC_NMI (acpi_id[0x04] high edge lint[0x1])
[    0.040812] ACPI: LAPIC_NMI (acpi_id[0x05] high edge lint[0x1])
[    0.040813] ACPI: LAPIC_NMI (acpi_id[0x06] high edge lint[0x1])
[    0.040813] ACPI: LAPIC_NMI (acpi_id[0x07] high edge lint[0x1])
[    0.040814] ACPI: LAPIC_NMI (acpi_id[0x08] high edge lint[0x1])
[    0.040814] ACPI: LAPIC_NMI (acpi_id[0x09] high edge lint[0x1])
[    0.040815] ACPI: LAPIC_NMI (acpi_id[0x0a] high edge lint[0x1])
[    0.040815] ACPI: LAPIC_NMI (acpi_id[0x0b] high edge lint[0x1])
[    0.040816] ACPI: LAPIC_NMI (acpi_id[0x0c] high edge lint[0x1])
[    0.040816] ACPI: LAPIC_NMI (acpi_id[0x0d] high edge lint[0x1])
[    0.040817] ACPI: LAPIC_NMI (acpi_id[0x0e] high edge lint[0x1])
[    0.040817] ACPI: LAPIC_NMI (acpi_id[0x0f] high edge lint[0x1])
[    0.040830] IOAPIC[0]: apic_id 33, version 33, address 0xfec00000, GSI 0-23
[    0.040836] IOAPIC[1]: apic_id 34, version 33, address 0xfec01000, GSI 24-55
[    0.040837] ACPI: INT_SRC_OVR (bus 0 bus_irq 0 global_irq 2 dfl dfl)
[    0.040839] ACPI: INT_SRC_OVR (bus 0 bus_irq 9 global_irq 9 low level)
[    0.040841] ACPI: Using ACPI (MADT) for SMP configuration information
[    0.040842] ACPI: HPET id: 0x10228210 base: 0xfed00000
[    0.040848] smpboot: Allowing 16 CPUs, 10 hotplug CPUs
[    0.040870] PM: hibernation: Registered nosave memory: [mem 0x00000000-0x00000fff]
[    0.040872] PM: hibernation: Registered nosave memory: [mem 0x0009f000-0x000bffff]
[    0.040873] PM: hibernation: Registered nosave memory: [mem 0x000c0000-0x000fffff]
[    0.040874] PM: hibernation: Registered nosave memory: [mem 0x09b00000-0x09dfffff]
[    0.040876] PM: hibernation: Registered nosave memory: [mem 0x09f00000-0x09f0ffff]
[    0.040877] PM: hibernation: Registered nosave memory: [mem 0xbab69000-0xbbd68fff]
[    0.040879] PM: hibernation: Registered nosave memory: [mem 0xc9f7f000-0xcaf7efff]
[    0.040879] PM: hibernation: Registered nosave memory: [mem 0xcaf7f000-0xccf7efff]
[    0.040880] PM: hibernation: Registered nosave memory: [mem 0xccf7f000-0xcdf7efff]
[    0.040880] PM: hibernation: Registered nosave memory: [mem 0xcdf7f000-0xcdffefff]
[    0.040882] PM: hibernation: Registered nosave memory: [mem 0xce000000-0xceffffff]
[    0.040882] PM: hibernation: Registered nosave memory: [mem 0xcf000000-0xf7ffffff]
[    0.040883] PM: hibernation: Registered nosave memory: [mem 0xf8000000-0xfbffffff]
[    0.040883] PM: hibernation: Registered nosave memory: [mem 0xfc000000-0xfddfffff]
[    0.040884] PM: hibernation: Registered nosave memory: [mem 0xfde00000-0xfdefffff]
[    0.040884] PM: hibernation: Registered nosave memory: [mem 0xfdf00000-0xfebfffff]
[    0.040885] PM: hibernation: Registered nosave memory: [mem 0xfec00000-0xfec00fff]
[    0.040885] PM: hibernation: Registered nosave memory: [mem 0xfec01000-0xfec0ffff]
[    0.040886] PM: hibernation: Registered nosave memory: [mem 0xfec10000-0xfec10fff]
[    0.040886] PM: hibernation: Registered nosave memory: [mem 0xfec11000-0xfec1ffff]
[    0.040887] PM: hibernation: Registered nosave memory: [mem 0xfec20000-0xfec20fff]
[    0.040887] PM: hibernation: Registered nosave memory: [mem 0xfec21000-0xfed7ffff]
[    0.040888] PM: hibernation: Registered nosave memory: [mem 0xfed80000-0xfed80fff]
[    0.040889] PM: hibernation: Registered nosave memory: [mem 0xfed81000-0xfedfffff]
[    0.040889] PM: hibernation: Registered nosave memory: [mem 0xfee00000-0xfee00fff]
[    0.040890] PM: hibernation: Registered nosave memory: [mem 0xfee01000-0xfeffffff]
[    0.040890] PM: hibernation: Registered nosave memory: [mem 0xff000000-0xfff2ffff]
[    0.040891] PM: hibernation: Registered nosave memory: [mem 0xfff30000-0xffffffff]
[    0.040892] [mem 0xcf000000-0xf7ffffff] available for PCI devices
[    0.040894] Booting paravirtualized kernel on bare hardware
[    0.040896] clocksource: refined-jiffies: mask: 0xffffffff max_cycles: 0xffffffff, max_idle_ns: 6370452778343963 ns
[    0.044553] setup_percpu: NR_CPUS:320 nr_cpumask_bits:320 nr_cpu_ids:16 nr_node_ids:1
[    0.045160] percpu: Embedded 62 pages/cpu s217088 r8192 d28672 u262144
[    0.045168] pcpu-alloc: s217088 r8192 d28672 u262144 alloc=1*2097152
[    0.045170] pcpu-alloc: [0] 00 01 02 03 04 05 06 07 [0] 08 09 10 11 12 13 14 15 
[    0.045195] Fallback order for Node 0: 0 
[    0.045198] Built 1 zonelists, mobility grouping on.  Total pages: 3966649
[    0.045199] Policy zone: Normal
[    0.045200] Kernel command line: BOOT_IMAGE=/boot/vmlinuz-linux root=UUID=86d11402-ffc7-4a95-a499-34a078ef1758 rw resume=UUID=f632905f-a4c6-4207-b787-badfa387bbf1 loglevel=3 audit=1 lsm=landlock,lockdown,yama,apparmor,bpf l1tf=full,force mds=full,nosmt mitigations=auto,nosmt nosmt=force pcie_aspm=force init_on_alloc=1 init_on_free=1 randomize_kstack_offset=on slab_nomerge pti=on slub_debug=ZF slub_debug=P page_poison=1 mem_encrypt=on vsyscall=none amd_iommu=force_isolation amdgpu.gpu_recovery=1 amdgpu.virtual_display=NULL amdgpu.audio=0 fsck.mode=force fsck.repair=yes efi=disable_early_pci_dma trace_clock=local tsc=unstable ahci sd=ahci acpi=on "acpi_osi=Windows 2019" acpi_sci=hight libata.ignore_hpa=1 lapic pci=nobios pnpbios=off libata.dma=0 "acpi_os_name=Klimenko Maxim Sergievich, GNU/Linux, all others fuck off" spectre_v2_user=seccomp,ibpb efi=old_map,nochunk,noruntime spectre_v2=retpoline,amd
[    0.045249] audit: enabled (after initialization)
[    0.045290] PCIe ASPM is forcibly enabled
[    0.045350] mem auto-init: SLAB_POISON will take precedence over init_on_alloc/init_on_free
[    0.045435] tsc: Marking TSC unstable due to boot parameter
[    0.045526] Unknown kernel command line parameters "ahci BOOT_IMAGE=/boot/vmlinuz-linux pti=on mem_encrypt=on sd=ahci pnpbios=off spectre_v2_user=seccomp,ibpb spectre_v2=retpoline,amd", will be passed to user space.
[    0.047357] Dentry cache hash table entries: 2097152 (order: 12, 16777216 bytes, linear)
[    0.048273] Inode-cache hash table entries: 1048576 (order: 11, 8388608 bytes, linear)
[    0.048331] mem auto-init: CONFIG_PAGE_POISONING is on, will take precedence over init_on_alloc and init_on_free
[    0.048563] mem auto-init: stack:byref_all(zero), heap alloc:off, heap free:off
[    1.670712] Memory: 15719664K/16119096K available (14343K kernel code, 2107K rwdata, 11020K rodata, 1792K init, 3812K bss, 399172K reserved, 0K cma-reserved)
[    1.670718] **********************************************************
[    1.670719] **   NOTICE NOTICE NOTICE NOTICE NOTICE NOTICE NOTICE   **
[    1.670719] **                                                      **
[    1.670720] ** This system shows unhashed kernel memory addresses   **
[    1.670720] ** via the console, logs, and other interfaces. This    **
[    1.670720] ** might reduce the security of your system.            **
[    1.670721] **                                                      **
[    1.670721] ** If you see this message and you are not debugging    **
[    1.670721] ** the kernel, report this immediately to your system   **
[    1.670722] ** administrator!                                       **
[    1.670722] **                                                      **
[    1.670722] **   NOTICE NOTICE NOTICE NOTICE NOTICE NOTICE NOTICE   **
[    1.670723] **********************************************************
[    1.670725] random: get_random_u64 called from __kmem_cache_create+0x2a/0x550 with crng_init=0
[    1.670856] SLUB: HWalign=64, Order=0-3, MinObjects=0, CPUs=16, Nodes=1
[    1.670870] Kernel/User page tables isolation: enabled
[    1.670891] ftrace: allocating 45176 entries in 177 pages
[    1.677053] ftrace: allocated 177 pages with 4 groups
[    1.677147] Dynamic Preempt: full
[    1.677191] rcu: Preemptible hierarchical RCU implementation.
[    1.677191] rcu: 	RCU restricting CPUs from NR_CPUS=320 to nr_cpu_ids=16.
[    1.677192] rcu: 	RCU priority boosting: priority 1 delay 500 ms.
[    1.677193] 	Trampoline variant of Tasks RCU enabled.
[    1.677193] 	Rude variant of Tasks RCU enabled.
[    1.677194] 	Tracing variant of Tasks RCU enabled.
[    1.677195] rcu: RCU calculated value of scheduler-enlistment delay is 30 jiffies.
[    1.677195] rcu: Adjusting geometry for rcu_fanout_leaf=16, nr_cpu_ids=16
[    1.680806] NR_IRQS: 20736, nr_irqs: 1096, preallocated irqs: 16
[    1.681060] kfence: initialized - using 2097152 bytes for 255 objects at 0xffff9261fdc00000-0xffff9261fde00000
[    1.681181] random: crng init done (trusting CPU's manufacturer)
[    1.681215] Console: colour dummy device 80x25
[    1.681227] printk: console [tty0] enabled
[    1.681249] ACPI: Core revision 20211217
[    1.681436] ACPI: OSL: Overriding _OS definition to 'Klimenko Maxim Sergievich'
[    1.681465] clocksource: hpet: mask: 0xffffffff max_cycles: 0xffffffff, max_idle_ns: 133484873504 ns
[    1.681482] APIC: Switch to symmetric I/O mode setup
[    1.682332] AMD-Vi: ivrs, add hid:AMDI0020, uid:\_SB.FUR0, rdevid:160
[    1.682333] AMD-Vi: ivrs, add hid:AMDI0020, uid:\_SB.FUR1, rdevid:160
[    1.682334] AMD-Vi: ivrs, add hid:AMDI0020, uid:\_SB.FUR2, rdevid:160
[    1.682335] AMD-Vi: ivrs, add hid:AMDI0020, uid:\_SB.FUR3, rdevid:160
[    1.682635] Switched APIC routing to physical flat.
[    1.683386] ..TIMER: vector=0x30 apic1=0 pin1=2 apic2=-1 pin2=-1
[    1.698159] Calibrating delay loop (skipped), value calculated using timer frequency.. 4743.85 BogoMIPS (lpj=7902163)
[    1.698162] pid_max: default: 32768 minimum: 301
[    1.698192] LSM: Security Framework initializing
[    1.698204] landlock: Up and running.
[    1.698205] Yama: becoming mindful.
[    1.698241] AppArmor: AppArmor initialized
[    1.698244] LSM support for eBPF active
[    1.698301] Mount-cache hash table entries: 32768 (order: 6, 262144 bytes, linear)
[    1.698352] Mountpoint-cache hash table entries: 32768 (order: 6, 262144 bytes, linear)
[    1.698661] x86/cpu: User Mode Instruction Prevention (UMIP) activated
[    1.698717] LVT offset 1 assigned for vector 0xf9
[    1.698824] LVT offset 2 assigned for vector 0xf4
[    1.698850] Last level iTLB entries: 4KB 1024, 2MB 1024, 4MB 512
[    1.698852] Last level dTLB entries: 4KB 2048, 2MB 2048, 4MB 1024, 1GB 0
[    1.698857] Spectre V1 : Mitigation: usercopy/swapgs barriers and __user pointer sanitization
[    1.698862] Spectre V2 : retpoline,amd selected on command line.
[    1.698862] Spectre V2 : WARNING: LFENCE mitigation is not recommended for this CPU, data leaks possible!
[    1.698863] Spectre V2 : Mitigation: LFENCE
[    1.698863] Spectre V2 : Spectre v2 / SpectreRSB mitigation: Filling RSB on context switch
[    1.698864] Spectre V2 : Enabling Restricted Speculation for firmware calls
[    1.698866] Spectre V2 : spectre_v2_user=seccomp,ibpb forced on command line.
[    1.698867] Spectre V2 : mitigation: Enabling always-on Indirect Branch Prediction Barrier
[    1.698870] Speculative Store Bypass: Mitigation: Speculative Store Bypass disabled via prctl
[    1.703830] Freeing SMP alternatives memory: 36K
[    1.813918] smpboot: CPU0: AMD Ryzen 5 4500U with Radeon Graphics (family: 0x17, model: 0x60, stepping: 0x1)
[    1.814123] cblist_init_generic: Setting adjustable number of callback queues.
[    1.814126] cblist_init_generic: Setting shift to 4 and lim to 1.
[    1.814144] cblist_init_generic: Setting shift to 4 and lim to 1.
[    1.814162] cblist_init_generic: Setting shift to 4 and lim to 1.
[    1.814181] Performance Events: Fam17h+ core perfctr, AMD PMU driver.
[    1.814186] ... version:                0
[    1.814187] ... bit width:              48
[    1.814187] ... generic registers:      6
[    1.814188] ... value mask:             0000ffffffffffff
[    1.814189] ... max period:             00007fffffffffff
[    1.814189] ... fixed-purpose events:   0
[    1.814190] ... event mask:             000000000000003f
[    1.814252] rcu: Hierarchical SRCU implementation.
[    1.814796] NMI watchdog: Enabled. Permanently consumes one hw-PMU counter.
[    1.814821] smp: Bringing up secondary CPUs ...
[    1.814821] x86: Booting SMP configuration:
[    1.814821] .... node  #0, CPUs:        #1  #2  #3  #4  #5
[    1.815262] smp: Brought up 1 node, 6 CPUs
[    1.815262] smpboot: Max logical packages: 3
[    1.815262] smpboot: Total of 6 processors activated (28459.11 BogoMIPS)
[    1.816277] devtmpfs: initialized
[    1.816277] x86/mm: Memory block size: 128MB
[    1.818328] ACPI: PM: Registering ACPI NVS region [mem 0x09f00000-0x09f0ffff] (65536 bytes)
[    1.818328] ACPI: PM: Registering ACPI NVS region [mem 0xccf7f000-0xcdf7efff] (16777216 bytes)
[    1.818932] clocksource: jiffies: mask: 0xffffffff max_cycles: 0xffffffff, max_idle_ns: 6370867519511994 ns
[    1.818954] futex hash table entries: 4096 (order: 6, 262144 bytes, linear)
[    1.819014] pinctrl core: initialized pinctrl subsystem
[    1.819126] PM: RTC time: 19:25:58, date: 2022-04-05
[    1.819572] NET: Registered PF_NETLINK/PF_ROUTE protocol family
[    1.819962] DMA: preallocated 2048 KiB GFP_KERNEL pool for atomic allocations
[    1.820187] DMA: preallocated 2048 KiB GFP_KERNEL|GFP_DMA pool for atomic allocations
[    1.820342] DMA: preallocated 2048 KiB GFP_KERNEL|GFP_DMA32 pool for atomic allocations
[    1.820365] audit: initializing netlink subsys (enabled)
[    1.820391] audit: type=2000 audit(1649186756.136:1): state=initialized audit_enabled=1 res=1
[    1.820391] thermal_sys: Registered thermal governor 'fair_share'
[    1.820391] thermal_sys: Registered thermal governor 'bang_bang'
[    1.820391] thermal_sys: Registered thermal governor 'step_wise'
[    1.820391] thermal_sys: Registered thermal governor 'user_space'
[    1.820391] thermal_sys: Registered thermal governor 'power_allocator'
[    1.820391] cpuidle: using governor ladder
[    1.820391] cpuidle: using governor menu
[    1.820391] Simple Boot Flag at 0x44 set to 0x1
[    1.820391] HugeTLB: can free 4094 vmemmap pages for hugepages-1048576kB
[    1.820391] acpiphp: ACPI Hot Plug PCI Controller Driver version: 0.5
[    1.820391] PCI: MMCONFIG for domain 0000 [bus 00-3f] at [mem 0xf8000000-0xfbffffff] (base 0xf8000000)
[    1.820391] PCI: MMCONFIG at [mem 0xf8000000-0xfbffffff] reserved in E820
[    1.820391] PCI: Using configuration type 1 for base access
[    1.823217] kprobes: kprobe jump-optimization is enabled. All kprobes are optimized if possible.
[    1.823222] HugeTLB: can free 6 vmemmap pages for hugepages-2048kB
[    1.823222] HugeTLB registered 1.00 GiB page size, pre-allocated 0 pages
[    1.823222] HugeTLB registered 2.00 MiB page size, pre-allocated 0 pages
[    1.823222] ACPI: Added _OSI(Module Device)
[    1.823222] ACPI: Added _OSI(Processor Device)
[    1.823222] ACPI: Added _OSI(3.0 _SCP Extensions)
[    1.823222] ACPI: Added _OSI(Processor Aggregator Device)
[    1.823222] ACPI: Added _OSI(Linux-Dell-Video)
[    1.823222] ACPI: Added _OSI(Linux-Lenovo-NV-HDMI-Audio)
[    1.823222] ACPI: Added _OSI(Linux-HPI-Hybrid-Graphics)
[    1.840924] ACPI: 18 ACPI AML tables successfully acquired and loaded
[    1.842476] ACPI: [Firmware Bug]: BIOS _OSI(Linux) query ignored
[    1.845542] ACPI: EC: EC started
[    1.845543] ACPI: EC: interrupt blocked
[    1.847709] ACPI: EC: EC_CMD/EC_SC=0x66, EC_DATA=0x62
[    1.847711] ACPI: \_SB_.PCI0.LPC0.EC0_: Boot DSDT EC used to handle transactions
[    1.847712] ACPI: Interpreter enabled
[    1.847727] ACPI: PM: (supports S0 S4 S5)
[    1.847728] ACPI: Using IOAPIC for interrupt routing
[    1.847938] PCI: Using host bridge windows from ACPI; if necessary, use "pci=nocrs" and report a bug
[    1.851092] ACPI: PM: Power Resource [P0U0]
[    1.851225] ACPI: PM: Power Resource [P3U0]
[    1.852032] ACPI: PM: Power Resource [P0U1]
[    1.852161] ACPI: PM: Power Resource [P3U1]
[    1.852863] ACPI: PM: Power Resource [P0S0]
[    1.852901] ACPI: PM: Power Resource [P3S0]
[    1.853057] ACPI: PM: Power Resource [P0S1]
[    1.853093] ACPI: PM: Power Resource [P3S1]
[    1.858871] ACPI: PCI Root Bridge [PCI0] (domain 0000 [bus 00-ff])
[    1.858877] acpi PNP0A08:00: _OSC: OS supports [ExtendedConfig ASPM ClockPM Segments MSI EDR HPX-Type3]
[    1.858995] acpi PNP0A08:00: _OSC: platform does not support [SHPCHotplug LTR DPC]
[    1.859211] acpi PNP0A08:00: _OSC: OS now controls [PCIeHotplug PME AER PCIeCapability]
[    1.859222] acpi PNP0A08:00: [Firmware Info]: MMCONFIG for domain 0000 [bus 00-3f] only partially covers this bridge
[    1.859564] PCI host bridge to bus 0000:00
[    1.859566] pci_bus 0000:00: root bus resource [io  0x0000-0x0cf7 window]
[    1.859567] pci_bus 0000:00: root bus resource [io  0x0d00-0xffff window]
[    1.859569] pci_bus 0000:00: root bus resource [mem 0x000a0000-0x000bffff window]
[    1.859570] pci_bus 0000:00: root bus resource [mem 0x000c0000-0x000cffff window]
[    1.859571] pci_bus 0000:00: root bus resource [mem 0x000d0000-0x000effff window]
[    1.859572] pci_bus 0000:00: root bus resource [mem 0xd0000000-0xf7ffffff window]
[    1.859573] pci_bus 0000:00: root bus resource [mem 0xfc000000-0xfed3ffff window]
[    1.859574] pci_bus 0000:00: root bus resource [mem 0x450200000-0xfcffffffff window]
[    1.859575] pci_bus 0000:00: root bus resource [bus 00-ff]
[    1.859587] pci 0000:00:00.0: [1022:1630] type 00 class 0x060000
[    1.859649] pci 0000:00:00.2: [1022:1631] type 00 class 0x080600
[    1.859714] pci 0000:00:01.0: [1022:1632] type 00 class 0x060000
[    1.859768] pci 0000:00:02.0: [1022:1632] type 00 class 0x060000
[    1.859823] pci 0000:00:08.0: [1022:1632] type 00 class 0x060000
[    1.859869] pci 0000:00:08.1: [1022:1635] type 01 class 0x060400
[    1.859889] pci 0000:00:08.1: enabling Extended Tags
[    1.859918] pci 0000:00:08.1: PME# supported from D0 D3hot D3cold
[    1.860007] pci 0000:00:08.2: [1022:1635] type 01 class 0x060400
[    1.860026] pci 0000:00:08.2: enabling Extended Tags
[    1.860054] pci 0000:00:08.2: PME# supported from D0 D3hot D3cold
[    1.860156] pci 0000:00:14.0: [1022:790b] type 00 class 0x0c0500
[    1.860279] pci 0000:00:14.3: [1022:790e] type 00 class 0x060100
[    1.860406] pci 0000:00:18.0: [1022:1448] type 00 class 0x060000
[    1.860435] pci 0000:00:18.1: [1022:1449] type 00 class 0x060000
[    1.860467] pci 0000:00:18.2: [1022:144a] type 00 class 0x060000
[    1.860494] pci 0000:00:18.3: [1022:144b] type 00 class 0x060000
[    1.860524] pci 0000:00:18.4: [1022:144c] type 00 class 0x060000
[    1.860551] pci 0000:00:18.5: [1022:144d] type 00 class 0x060000
[    1.860581] pci 0000:00:18.6: [1022:144e] type 00 class 0x060000
[    1.860607] pci 0000:00:18.7: [1022:144f] type 00 class 0x060000
[    1.860720] pci 0000:01:00.0: [1002:1636] type 00 class 0x030000
[    1.860731] pci 0000:01:00.0: reg 0x10: [mem 0xfce0000000-0xfcefffffff 64bit pref]
[    1.860738] pci 0000:01:00.0: reg 0x18: [mem 0xfcf0000000-0xfcf01fffff 64bit pref]
[    1.860743] pci 0000:01:00.0: reg 0x20: [io  0x1000-0x10ff]
[    1.860748] pci 0000:01:00.0: reg 0x24: [mem 0xd0400000-0xd047ffff]
[    1.860756] pci 0000:01:00.0: enabling Extended Tags
[    1.860768] pci 0000:01:00.0: BAR 0: assigned to efifb
[    1.860803] pci 0000:01:00.0: PME# supported from D1 D2 D3hot D3cold
[    1.860894] pci 0000:01:00.1: [1002:1637] type 00 class 0x040300
[    1.860900] pci 0000:01:00.1: reg 0x10: [mem 0xd04c8000-0xd04cbfff]
[    1.860920] pci 0000:01:00.1: enabling Extended Tags
[    1.860947] pci 0000:01:00.1: PME# supported from D1 D2 D3hot D3cold
[    1.861012] pci 0000:01:00.2: [1022:15df] type 00 class 0x108000
[    1.861024] pci 0000:01:00.2: reg 0x18: [mem 0xd0300000-0xd03fffff]
[    1.861033] pci 0000:01:00.2: reg 0x24: [mem 0xd04cc000-0xd04cdfff]
[    1.861039] pci 0000:01:00.2: enabling Extended Tags
[    1.861126] pci 0000:01:00.3: [1022:1639] type 00 class 0x0c0330
[    1.861136] pci 0000:01:00.3: reg 0x10: [mem 0xd0100000-0xd01fffff 64bit]
[    1.861158] pci 0000:01:00.3: enabling Extended Tags
[    1.861187] pci 0000:01:00.3: PME# supported from D0 D3hot D3cold
[    1.861251] pci 0000:01:00.4: [1022:1639] type 00 class 0x0c0330
[    1.861260] pci 0000:01:00.4: reg 0x10: [mem 0xd0200000-0xd02fffff 64bit]
[    1.861282] pci 0000:01:00.4: enabling Extended Tags
[    1.861311] pci 0000:01:00.4: PME# supported from D0 D3hot D3cold
[    1.861375] pci 0000:01:00.5: [1022:15e2] type 00 class 0x048000
[    1.861382] pci 0000:01:00.5: reg 0x10: [mem 0xd0480000-0xd04bffff]
[    1.861402] pci 0000:01:00.5: enabling Extended Tags
[    1.861430] pci 0000:01:00.5: PME# supported from D0 D3hot D3cold
[    1.861503] pci 0000:01:00.6: [1022:15e3] type 00 class 0x040300
[    1.861510] pci 0000:01:00.6: reg 0x10: [mem 0xd04c0000-0xd04c7fff]
[    1.861530] pci 0000:01:00.6: enabling Extended Tags
[    1.861557] pci 0000:01:00.6: PME# supported from D0 D3hot D3cold
[    1.861651] pci 0000:00:08.1: PCI bridge to [bus 01]
[    1.861654] pci 0000:00:08.1:   bridge window [io  0x1000-0x1fff]
[    1.861655] pci 0000:00:08.1:   bridge window [mem 0xd0100000-0xd04fffff]
[    1.861658] pci 0000:00:08.1:   bridge window [mem 0xfce0000000-0xfcf01fffff 64bit pref]
[    1.861701] pci 0000:02:00.0: [1022:7901] type 00 class 0x010601
[    1.861727] pci 0000:02:00.0: reg 0x24: [mem 0xd0001000-0xd00017ff]
[    1.861735] pci 0000:02:00.0: enabling Extended Tags
[    1.861846] pci 0000:02:00.1: [1022:7901] type 00 class 0x010601
[    1.861872] pci 0000:02:00.1: reg 0x24: [mem 0xd0000000-0xd00007ff]
[    1.861880] pci 0000:02:00.1: enabling Extended Tags
[    1.861976] pci 0000:00:08.2: PCI bridge to [bus 02]
[    1.861980] pci 0000:00:08.2:   bridge window [mem 0xd0000000-0xd00fffff]
[    1.863662] ACPI: PCI: Interrupt link LNKA configured for IRQ 0
[    1.863664] ACPI: PCI: Interrupt link LNKA disabled
[    1.863754] ACPI: PCI: Interrupt link LNKB configured for IRQ 0
[    1.863755] ACPI: PCI: Interrupt link LNKB disabled
[    1.863827] ACPI: PCI: Interrupt link LNKC configured for IRQ 0
[    1.863827] ACPI: PCI: Interrupt link LNKC disabled
[    1.863916] ACPI: PCI: Interrupt link LNKD configured for IRQ 0
[    1.863917] ACPI: PCI: Interrupt link LNKD disabled
[    1.864000] ACPI: PCI: Interrupt link LNKE configured for IRQ 0
[    1.864001] ACPI: PCI: Interrupt link LNKE disabled
[    1.864067] ACPI: PCI: Interrupt link LNKF configured for IRQ 0
[    1.864067] ACPI: PCI: Interrupt link LNKF disabled
[    1.864135] ACPI: PCI: Interrupt link LNKG configured for IRQ 0
[    1.864135] ACPI: PCI: Interrupt link LNKG disabled
[    1.864201] ACPI: PCI: Interrupt link LNKH configured for IRQ 0
[    1.864202] ACPI: PCI: Interrupt link LNKH disabled
[    1.866184] ACPI: EC: interrupt unblocked
[    1.866185] ACPI: EC: event unblocked
[    1.866193] ACPI: EC: EC_CMD/EC_SC=0x66, EC_DATA=0x62
[    1.866194] ACPI: EC: GPE=0x3
[    1.866195] ACPI: \_SB_.PCI0.LPC0.EC0_: Boot DSDT EC initialization complete
[    1.866196] ACPI: \_SB_.PCI0.LPC0.EC0_: EC: Used to handle transactions and events
[    1.866239] iommu: Default domain type: Translated 
[    1.866240] iommu: DMA domain TLB invalidation policy: lazy mode 
[    1.866252] pci 0000:01:00.0: vgaarb: VGA device added: decodes=io+mem,owns=none,locks=none
[    1.866252] pci 0000:01:00.0: vgaarb: bridge control possible
[    1.866252] pci 0000:01:00.0: vgaarb: setting as boot device
[    1.866252] vgaarb: loaded
[    1.866252] SCSI subsystem initialized
[    1.866252] libata version 3.00 loaded.
[    1.866252] ACPI: bus type USB registered
[    1.866252] usbcore: registered new interface driver usbfs
[    1.866252] usbcore: registered new interface driver hub
[    1.866252] usbcore: registered new device driver usb
[    1.876254] pps_core: LinuxPPS API ver. 1 registered
[    1.876255] pps_core: Software ver. 5.3.6 - Copyright 2005-2007 Rodolfo Giometti <giometti@linux.it>
[    1.876258] PTP clock support registered
[    1.876266] EDAC MC: Ver: 3.0.0
[    1.876310] NetLabel: Initializing
[    1.876310] NetLabel:  domain hash size = 128
[    1.876310] NetLabel:  protocols = UNLABELED CIPSOv4 CALIPSO
[    1.876310] NetLabel:  unlabeled traffic allowed by default
[    1.876310] mctp: management component transport protocol core
[    1.876310] NET: Registered PF_MCTP protocol family
[    1.876310] PCI: Using ACPI for IRQ routing
[    1.876310] audit: type=1409 audit(1649186756.193:2): netlabel: auid=0 ses=0 subj==unconfined nlbl_domain=(default) nlbl_protocol=unlbl res=1
[    1.876310] audit: type=1406 audit(1649186756.193:3): netlabel: auid=0 ses=0 subj==unconfined unlbl_accept=1 old=0
[    1.878757] PCI: pci_cache_line_size set to 64 bytes
[    1.878790] e820: reserve RAM buffer [mem 0x0009f000-0x0009ffff]
[    1.878792] e820: reserve RAM buffer [mem 0x09b00000-0x0bffffff]
[    1.878793] e820: reserve RAM buffer [mem 0x09f00000-0x0bffffff]
[    1.878794] e820: reserve RAM buffer [mem 0xbab69000-0xbbffffff]
[    1.878795] e820: reserve RAM buffer [mem 0xc9f7f000-0xcbffffff]
[    1.878796] e820: reserve RAM buffer [mem 0xce000000-0xcfffffff]
[    1.878796] e820: reserve RAM buffer [mem 0x40f340000-0x40fffffff]
[    1.878801] hpet0: at MMIO 0xfed00000, IRQs 2, 8, 0
[    1.878801] hpet0: 3 comparators, 32-bit 14.318180 MHz counter
[    1.880663] clocksource: Switched to clocksource hpet
[    1.888187] VFS: Disk quotas dquot_6.6.0
[    1.888200] VFS: Dquot-cache hash table entries: 512 (order 0, 4096 bytes)
[    1.888342] AppArmor: AppArmor Filesystem Enabled
[    1.888394] pnp: PnP ACPI init
[    1.888629] audit: type=1400 audit(1649186756.206:4): apparmor="STATUS" info="AppArmor Filesystem Enabled" pid=1 comm="swapper/0"
[    1.888633] system 00:00: [mem 0xfec00000-0xfec01fff] could not be reserved
[    1.888638] system 00:00: [mem 0xfee00000-0xfee00fff] has been reserved
[    1.888640] system 00:00: [mem 0xfde00000-0xfdefffff] has been reserved
[    1.888848] system 00:03: [io  0x0400-0x04cf] has been reserved
[    1.888850] system 00:03: [io  0x04d0-0x04d1] has been reserved
[    1.888852] system 00:03: [io  0x04d6] has been reserved
[    1.888853] system 00:03: [io  0x0c00-0x0c01] has been reserved
[    1.888854] system 00:03: [io  0x0c14] has been reserved
[    1.888855] system 00:03: [io  0x0c50-0x0c52] has been reserved
[    1.888856] system 00:03: [io  0x0c6c] has been reserved
[    1.888858] system 00:03: [io  0x0c6f] has been reserved
[    1.888859] system 00:03: [io  0x0cd0-0x0cdb] has been reserved
[    1.888929] system 00:04: [mem 0x000e0000-0x000fffff] could not be reserved
[    1.888931] system 00:04: [mem 0xff000000-0xffffffff] could not be reserved
[    1.890030] pnp: PnP ACPI: found 5 devices
[    1.898245] clocksource: acpi_pm: mask: 0xffffff max_cycles: 0xffffff, max_idle_ns: 2085701024 ns
[    1.898354] NET: Registered PF_INET protocol family
[    1.898921] IP idents hash table entries: 262144 (order: 9, 2097152 bytes, linear)
[    1.900967] tcp_listen_portaddr_hash hash table entries: 8192 (order: 5, 131072 bytes, linear)
[    1.901114] TCP established hash table entries: 131072 (order: 8, 1048576 bytes, linear)
[    1.901349] TCP bind hash table entries: 65536 (order: 8, 1048576 bytes, linear)
[    1.901415] TCP: Hash tables configured (established 131072 bind 65536)
[    1.901585] MPTCP token hash table entries: 16384 (order: 6, 393216 bytes, linear)
[    1.901642] UDP hash table entries: 8192 (order: 6, 262144 bytes, linear)
[    1.901693] UDP-Lite hash table entries: 8192 (order: 6, 262144 bytes, linear)
[    1.901777] NET: Registered PF_UNIX/PF_LOCAL protocol family
[    1.901783] NET: Registered PF_XDP protocol family
[    1.901796] pci 0000:00:08.1: PCI bridge to [bus 01]
[    1.901800] pci 0000:00:08.1:   bridge window [io  0x1000-0x1fff]
[    1.901804] pci 0000:00:08.1:   bridge window [mem 0xd0100000-0xd04fffff]
[    1.901806] pci 0000:00:08.1:   bridge window [mem 0xfce0000000-0xfcf01fffff 64bit pref]
[    1.901809] pci 0000:00:08.2: PCI bridge to [bus 02]
[    1.901812] pci 0000:00:08.2:   bridge window [mem 0xd0000000-0xd00fffff]
[    1.901817] pci_bus 0000:00: resource 4 [io  0x0000-0x0cf7 window]
[    1.901819] pci_bus 0000:00: resource 5 [io  0x0d00-0xffff window]
[    1.901820] pci_bus 0000:00: resource 6 [mem 0x000a0000-0x000bffff window]
[    1.901821] pci_bus 0000:00: resource 7 [mem 0x000c0000-0x000cffff window]
[    1.901821] pci_bus 0000:00: resource 8 [mem 0x000d0000-0x000effff window]
[    1.901822] pci_bus 0000:00: resource 9 [mem 0xd0000000-0xf7ffffff window]
[    1.901823] pci_bus 0000:00: resource 10 [mem 0xfc000000-0xfed3ffff window]
[    1.901824] pci_bus 0000:00: resource 11 [mem 0x450200000-0xfcffffffff window]
[    1.901825] pci_bus 0000:01: resource 0 [io  0x1000-0x1fff]
[    1.901826] pci_bus 0000:01: resource 1 [mem 0xd0100000-0xd04fffff]
[    1.901827] pci_bus 0000:01: resource 2 [mem 0xfce0000000-0xfcf01fffff 64bit pref]
[    1.901828] pci_bus 0000:02: resource 1 [mem 0xd0000000-0xd00fffff]
[    1.901972] pci 0000:01:00.1: D0 power state depends on 0000:01:00.0
[    1.902005] pci 0000:01:00.3: extending delay after power-on from D3hot to 20 msec
[    1.903723] pci 0000:01:00.4: extending delay after power-on from D3hot to 20 msec
[    2.031309] pci 0000:01:00.4: quirk_usb_early_handoff+0x0/0x750 took 124592 usecs
[    2.031324] PCI: CLS 64 bytes, default 64
[    2.031336] pci 0000:00:00.2: AMD-Vi: IOMMU performance counters supported
[    2.031395] Trying to unpack rootfs image as initramfs...
[    2.031401] pci 0000:00:00.2: can't derive routing for PCI INT A
[    2.031402] pci 0000:00:00.2: PCI INT A: not connected
[    2.031421] pci 0000:00:01.0: Adding to iommu group 0
[    2.031435] pci 0000:00:02.0: Adding to iommu group 1
[    2.031453] pci 0000:00:08.0: Adding to iommu group 2
[    2.031460] pci 0000:00:08.1: Adding to iommu group 2
[    2.031468] pci 0000:00:08.2: Adding to iommu group 2
[    2.031481] pci 0000:00:14.0: Adding to iommu group 3
[    2.031502] pci 0000:00:14.3: Adding to iommu group 3
[    2.031529] pci 0000:00:18.0: Adding to iommu group 4
[    2.031536] pci 0000:00:18.1: Adding to iommu group 4
[    2.031544] pci 0000:00:18.2: Adding to iommu group 4
[    2.031552] pci 0000:00:18.3: Adding to iommu group 4
[    2.031560] pci 0000:00:18.4: Adding to iommu group 4
[    2.031568] pci 0000:00:18.5: Adding to iommu group 4
[    2.031577] pci 0000:00:18.6: Adding to iommu group 4
[    2.031585] pci 0000:00:18.7: Adding to iommu group 4
[    2.031590] pci 0000:01:00.0: Adding to iommu group 2
[    2.031594] pci 0000:01:00.1: Adding to iommu group 2
[    2.031599] pci 0000:01:00.2: Adding to iommu group 2
[    2.031605] pci 0000:01:00.3: Adding to iommu group 2
[    2.031611] pci 0000:01:00.4: Adding to iommu group 2
[    2.031616] pci 0000:01:00.5: Adding to iommu group 2
[    2.031623] pci 0000:01:00.6: Adding to iommu group 2
[    2.031628] pci 0000:02:00.0: Adding to iommu group 2
[    2.031633] pci 0000:02:00.1: Adding to iommu group 2
[    2.033167] pci 0000:00:00.2: AMD-Vi: Found IOMMU cap 0x40
[    2.033170] AMD-Vi: Extended features (0x206d73ef22254ade): PPR X2APIC NX GT IA GA PC GA_vAPIC
[    2.033175] AMD-Vi: Interrupt remapping enabled
[    2.033176] AMD-Vi: Virtual APIC enabled
[    2.033176] AMD-Vi: X2APIC enabled
[    2.033361] software IO TLB: tearing down default memory pool
[    2.041326] LVT offset 0 assigned for vector 0x400
[    2.041701] perf: AMD IBS detected (0x000003ff)
[    2.041707] perf/amd_iommu: Detected AMD IOMMU #0 (2 banks, 4 counters/bank).
[    2.043814] Initialise system trusted keyrings
[    2.043824] Key type blacklist registered
[    2.043933] workingset: timestamp_bits=41 max_order=22 bucket_order=0
[    2.046015] zbud: loaded
[    2.049023] Key type asymmetric registered
[    2.049025] Asymmetric key parser 'x509' registered
[    2.444887] Freeing initrd memory: 6588K
[    2.448610] alg: self-tests for CTR-KDF (hmac(sha256)) passed
[    2.448651] Block layer SCSI generic (bsg) driver version 0.4 loaded (major 242)
[    2.448811] io scheduler mq-deadline registered
[    2.448815] io scheduler kyber registered
[    2.448897] io scheduler bfq registered
[    2.449859] pcieport 0000:00:08.1: PME: Signaling with IRQ 26
[    2.450188] pcieport 0000:00:08.2: PME: Signaling with IRQ 27
[    2.450327] shpchp: Standard Hot Plug PCI Controller Driver version: 0.4
[    2.452662] ACPI: AC: AC Adapter [ACAD] (on-line)
[    2.452702] input: Power Button as /devices/LNXSYSTM:00/LNXSYBUS:00/PNP0C0C:00/input/input0
[    2.452719] ACPI: button: Power Button [PWRB]
[    2.452748] input: Lid Switch as /devices/LNXSYSTM:00/LNXSYBUS:00/PNP0A08:00/device:2a/PNP0C09:00/PNP0C0D:00/input/input1
[    2.452765] ACPI: button: Lid Switch [LID0]
[    2.452836] Monitor-Mwait will be used to enter C-1 state
[    2.452860] ACPI: \_SB_.PLTF.C000: Found 3 idle states
[    2.452867] ACPI: FW issue: working around C-state latencies out of order
[    2.453012] ACPI: \_SB_.PLTF.C001: Found 3 idle states
[    2.453019] ACPI: FW issue: working around C-state latencies out of order
[    2.453249] ACPI: \_SB_.PLTF.C002: Found 3 idle states
[    2.453255] ACPI: FW issue: working around C-state latencies out of order
[    2.453340] ACPI: \_SB_.PLTF.C003: Found 3 idle states
[    2.453345] ACPI: FW issue: working around C-state latencies out of order
[    2.453437] ACPI: \_SB_.PLTF.C004: Found 3 idle states
[    2.453441] ACPI: FW issue: working around C-state latencies out of order
[    2.453810] ACPI: \_SB_.PLTF.C005: Found 3 idle states
[    2.453815] ACPI: FW issue: working around C-state latencies out of order
[    2.456182] thermal LNXTHERM:00: registered as thermal_zone0
[    2.456184] ACPI: thermal: Thermal Zone [TZ0] (0 C)
[    2.456335] Serial: 8250/16550 driver, 32 ports, IRQ sharing enabled
[    2.458284] Non-volatile memory driver v1.3
[    2.458286] Linux agpgart interface v0.103
[    2.458331] AMD-Vi: AMD IOMMUv2 loaded and initialized
[    2.458420] ACPI: bus type drm_connector registered
[    2.459404] ahci 0000:02:00.0: version 3.0
[    2.459528] ahci 0000:02:00.0: AHCI 0001.0301 32 slots 1 ports 6 Gbps 0x1 impl SATA mode
[    2.459530] ahci 0000:02:00.0: flags: 64bit ncq sntf ilck pm led clo only pmp fbs pio slum part 
[    2.459751] scsi host0: ahci
[    2.459812] ata1: SATA max UDMA/133 abar m2048@0xd0001000 port 0xd0001100 irq 29
[    2.459964] ahci 0000:02:00.1: AHCI 0001.0301 32 slots 1 ports 6 Gbps 0x1 impl SATA mode
[    2.459966] ahci 0000:02:00.1: flags: 64bit ncq sntf ilck pm led clo only pmp fbs pio slum part deso sadm sds 
[    2.460151] scsi host1: ahci
[    2.460187] ata2: SATA max UDMA/133 abar m2048@0xd0000000 port 0xd0000100 irq 31
[    2.460213] ehci_hcd: USB 2.0 'Enhanced' Host Controller (EHCI) Driver
[    2.460221] ehci-pci: EHCI PCI platform driver
[    2.460227] ohci_hcd: USB 1.1 'Open' Host Controller (OHCI) Driver
[    2.460229] ohci-pci: OHCI PCI platform driver
[    2.460235] uhci_hcd: USB Universal Host Controller Interface driver
[    2.460274] usbcore: registered new interface driver usbserial_generic
[    2.460278] usbserial: USB Serial support registered for generic
[    2.460345] rtc_cmos 00:01: RTC can wake from S4
[    2.460583] rtc_cmos 00:01: registered as rtc0
[    2.460624] rtc_cmos 00:01: setting system clock to 2022-04-05T19:25:58 UTC (1649186758)
[    2.460629] audit: type=1332 audit(1649186758.500:5): sec=1 nsec=720879990
[    2.460635] rtc_cmos 00:01: alarms up to one month, 114 bytes nvram, hpet irqs
[    2.460766] ledtrig-cpu: registered to indicate activity on CPUs
[    2.460961] efifb: probing for efifb
[    2.461008] efifb: No BGRT, not showing boot graphics
[    2.461008] efifb: framebuffer at 0xfce0000000, using 8128k, total 8128k
[    2.461009] efifb: mode is 1920x1080x32, linelength=7680, pages=1
[    2.461010] efifb: scrolling: redraw
[    2.461011] efifb: Truecolor: size=8:8:8:8, shift=24:16:8:0
[    2.461044] fbcon: Deferring console take-over
[    2.461044] fb0: EFI VGA frame buffer device
[    2.461058] hid: raw HID events driver (C) Jiri Kosina
[    2.461115] drop_monitor: Initializing network drop monitor service
[    2.461158] Initializing XFRM netlink socket
[    2.461245] NET: Registered PF_INET6 protocol family
[    2.463469] Segment Routing with IPv6
[    2.463471] RPL Segment Routing with IPv6
[    2.463477] In-situ OAM (IOAM) with IPv6
[    2.463492] NET: Registered PF_PACKET protocol family
[    2.464289] microcode: CPU0: patch_level=0x08600106
[    2.464297] microcode: CPU1: patch_level=0x08600106
[    2.464319] microcode: CPU2: patch_level=0x08600106
[    2.464327] microcode: CPU3: patch_level=0x08600106
[    2.464332] microcode: CPU4: patch_level=0x08600106
[    2.464339] microcode: CPU5: patch_level=0x08600106
[    2.464343] microcode: Microcode Update Driver: v2.2.
[    2.464462] resctrl: L3 allocation detected
[    2.464463] resctrl: MB allocation detected
[    2.464463] resctrl: L3 monitoring detected
[    2.464467] IPI shorthand broadcast: enabled
[    2.464657] registered taskstats version 1
[    2.464851] Loading compiled-in X.509 certificates
[    2.467232] Loaded X.509 cert 'Build time autogenerated kernel key: c55f1ddef02913bc5cc55272f3bdcfb9d9962090'
[    2.467899] zswap: loaded using pool lz4/z3fold
[    2.468420] Key type ._fscrypt registered
[    2.468421] Key type .fscrypt registered
[    2.468421] Key type fscrypt-provisioning registered
[    2.468468] AppArmor: AppArmor sha1 policy hashing enabled
[    2.468473] audit: type=1400 audit(1649186758.506:6): apparmor="STATUS" info="AppArmor sha1 policy hashing enabled" pid=1 comm="swapper/0"
[    2.470584] PM:   Magic number: 2:752:444
[    2.470793] RAS: Correctable Errors collector initialized.
[    2.475299] ACPI: battery: Slot [BATT] (battery present)
[    2.771121] ata1: SATA link down (SStatus 0 SControl 300)
[    2.928459] ata2: SATA link up 6.0 Gbps (SStatus 133 SControl 300)
[    2.931272] ata2.00: ATA-11: SAMSUNG MZNLH512HALU-00000, RVT2200Q, max UDMA/133
[    2.932395] ata2.00: 1000215216 sectors, multi 16: LBA48 NCQ (depth 32), AA
[    2.935020] ata2.00: Features: Dev-Sleep NCQ-sndrcv
[    2.939283] ata2.00: configured for PIO4
[    2.939410] ata2.00: failed to enable DEVSLP
[    2.939416] ata2.00: failed to enable DIPM, Emask 0x40
[    8.605085] ata2: SATA link up 6.0 Gbps (SStatus 133 SControl 300)
[    8.615996] ata2.00: configured for PIO4
[    8.616547] scsi 1:0:0:0: Direct-Access     ATA      SAMSUNG MZNLH512 200Q PQ: 0 ANSI: 5
[    8.617351] sd 1:0:0:0: [sda] 1000215216 512-byte logical blocks: (512 GB/477 GiB)
[    8.617373] sd 1:0:0:0: [sda] Write Protect is off
[    8.617378] sd 1:0:0:0: [sda] Mode Sense: 00 3a 00 00
[    8.617408] sd 1:0:0:0: [sda] Write cache: enabled, read cache: enabled, doesn't support DPO or FUA
[    8.635321]  sda: sda1 sda2 sda3
[    8.652002] sd 1:0:0:0: [sda] Attached SCSI disk
[    8.655063] Freeing unused decrypted memory: 2036K
[    8.655401] Freeing unused kernel image (initmem) memory: 1792K
[    8.668445] Write protecting the kernel read-only data: 28672k
[    8.669390] Freeing unused kernel image (text/rodata gap) memory: 2040K
[    8.669675] Freeing unused kernel image (rodata/data gap) memory: 1268K
[    8.694062] x86/mm: Checked W+X mappings: passed, no W+X pages found.
[    8.694068] rodata_test: all tests were successful
[    8.694070] x86/mm: Checking user space page tables
[    8.717416] x86/mm: Checked W+X mappings: passed, no W+X pages found.
[    8.717430] Run /init as init process
[    8.717432]   with arguments:
[    8.717433]     /init
[    8.717433]     ahci
[    8.717434]   with environment:
[    8.717435]     HOME=/
[    8.717435]     TERM=linux
[    8.717436]     BOOT_IMAGE=/boot/vmlinuz-linux
[    8.717436]     pti=on
[    8.717437]     mem_encrypt=on
[    8.717438]     sd=ahci
[    8.717438]     pnpbios=off
[    8.717439]     spectre_v2_user=seccomp,ibpb
[    8.717439]     spectre_v2=retpoline,amd
[    8.724389] fbcon: Taking over console
[    8.724517] Console: switching to colour frame buffer device 240x67
[    8.832178] xhci_hcd 0000:01:00.3: xHCI Host Controller
[    8.832186] xhci_hcd 0000:01:00.3: new USB bus registered, assigned bus number 1
[    8.832294] xhci_hcd 0000:01:00.3: hcc params 0x0268ffe5 hci version 0x110 quirks 0x0000020000000410
[    8.832658] usb usb1: New USB device found, idVendor=1d6b, idProduct=0002, bcdDevice= 5.17
[    8.832661] usb usb1: New USB device strings: Mfr=3, Product=2, SerialNumber=1
[    8.832662] usb usb1: Product: xHCI Host Controller
[    8.832663] usb usb1: Manufacturer: Linux 5.17.1-arch1-1 xhci-hcd
[    8.832664] usb usb1: SerialNumber: 0000:01:00.3
[    8.832793] hub 1-0:1.0: USB hub found
[    8.832802] hub 1-0:1.0: 4 ports detected
[    8.833123] i8042: PNP: PS/2 Controller [PNP0303:KBC0] at 0x60,0x64 irq 1
[    8.833127] i8042: PNP: PS/2 appears to have AUX port disabled, if this is incorrect please boot with i8042.nopnp
[    8.833148] xhci_hcd 0000:01:00.3: xHCI Host Controller
[    8.833152] xhci_hcd 0000:01:00.3: new USB bus registered, assigned bus number 2
[    8.833156] xhci_hcd 0000:01:00.3: Host supports USB 3.1 Enhanced SuperSpeed
[    8.833176] usb usb2: We don't know the algorithms for LPM for this host, disabling LPM.
[    8.833204] usb usb2: New USB device found, idVendor=1d6b, idProduct=0003, bcdDevice= 5.17
[    8.833206] usb usb2: New USB device strings: Mfr=3, Product=2, SerialNumber=1
[    8.833208] usb usb2: Product: xHCI Host Controller
[    8.833209] usb usb2: Manufacturer: Linux 5.17.1-arch1-1 xhci-hcd
[    8.833209] usb usb2: SerialNumber: 0000:01:00.3
[    8.833298] hub 2-0:1.0: USB hub found
[    8.833306] hub 2-0:1.0: 2 ports detected
[    8.833580] xhci_hcd 0000:01:00.4: xHCI Host Controller
[    8.833585] xhci_hcd 0000:01:00.4: new USB bus registered, assigned bus number 3
[    8.833690] xhci_hcd 0000:01:00.4: hcc params 0x0268ffe5 hci version 0x110 quirks 0x0000020000000410
[    8.834019] usb usb3: New USB device found, idVendor=1d6b, idProduct=0002, bcdDevice= 5.17
[    8.834021] usb usb3: New USB device strings: Mfr=3, Product=2, SerialNumber=1
[    8.834022] usb usb3: Product: xHCI Host Controller
[    8.834023] usb usb3: Manufacturer: Linux 5.17.1-arch1-1 xhci-hcd
[    8.834024] usb usb3: SerialNumber: 0000:01:00.4
[    8.834114] hub 3-0:1.0: USB hub found
[    8.834123] hub 3-0:1.0: 4 ports detected
[    8.834387] xhci_hcd 0000:01:00.4: xHCI Host Controller
[    8.834391] xhci_hcd 0000:01:00.4: new USB bus registered, assigned bus number 4
[    8.834393] xhci_hcd 0000:01:00.4: Host supports USB 3.1 Enhanced SuperSpeed
[    8.834410] usb usb4: We don't know the algorithms for LPM for this host, disabling LPM.
[    8.834433] usb usb4: New USB device found, idVendor=1d6b, idProduct=0003, bcdDevice= 5.17
[    8.834434] usb usb4: New USB device strings: Mfr=3, Product=2, SerialNumber=1
[    8.834435] usb usb4: Product: xHCI Host Controller
[    8.834436] usb usb4: Manufacturer: Linux 5.17.1-arch1-1 xhci-hcd
[    8.834437] usb usb4: SerialNumber: 0000:01:00.4
[    8.834531] hub 4-0:1.0: USB hub found
[    8.834538] hub 4-0:1.0: 2 ports detected
[    8.834686] serio: i8042 KBD port at 0x60,0x64 irq 1
[    8.857109] input: AT Translated Set 2 keyboard as /devices/platform/i8042/serio0/input/input2
[    9.005520] PM: Image not found (code -22)
[    9.081787] usb 3-1: new high-speed USB device number 2 using xhci_hcd
[    9.223313] usb 3-1: New USB device found, idVendor=1a40, idProduct=0801, bcdDevice= 1.00
[    9.223316] usb 3-1: New USB device strings: Mfr=0, Product=1, SerialNumber=0
[    9.223317] usb 3-1: Product: USB 2.0 Hub
[    9.282696] hub 3-1:1.0: USB hub found
[    9.282943] hub 3-1:1.0: 4 ports detected
[    9.345078] usb 4-1: new SuperSpeed USB device number 2 using xhci_hcd
[    9.368666] usb 4-1: New USB device found, idVendor=05e3, idProduct=0626, bcdDevice= 6.63
[    9.368669] usb 4-1: New USB device strings: Mfr=1, Product=2, SerialNumber=0
[    9.368670] usb 4-1: Product: USB3.1 Hub
[    9.368671] usb 4-1: Manufacturer: GenesysLogic
[    9.395407] hub 4-1:1.0: USB hub found
[    9.396210] hub 4-1:1.0: 4 ports detected
[    9.581774] usb 3-1.1: new full-speed USB device number 3 using xhci_hcd
[    9.720510] usb 3-1.1: not running at top speed; connect to a high speed hub
[    9.772506] usb 3-1.1: New USB device found, idVendor=25a4, idProduct=9311, bcdDevice= 2.01
[    9.772513] usb 3-1.1: New USB device strings: Mfr=1, Product=2, SerialNumber=3
[    9.772516] usb 3-1.1: Product: USB C Video Adaptor      
[    9.772518] usb 3-1.1: Manufacturer: USB C  
[    9.772520] usb 3-1.1: SerialNumber: 000000000001
[    9.785211] usb 4-1.2: new SuperSpeed USB device number 3 using xhci_hcd
[    9.802627] usb 4-1.2: New USB device found, idVendor=0bda, idProduct=8153, bcdDevice=30.00
[    9.802631] usb 4-1.2: New USB device strings: Mfr=1, Product=2, SerialNumber=6
[    9.802632] usb 4-1.2: Product: USB 10/100/1000 LAN
[    9.802633] usb 4-1.2: Manufacturer: Realtek
[    9.802634] usb 4-1.2: SerialNumber: 000001
[    9.874865] usb 3-1.2: new high-speed USB device number 4 using xhci_hcd
[    9.970214] usb 3-1.2: New USB device found, idVendor=05e3, idProduct=0610, bcdDevice= 6.63
[    9.970221] usb 3-1.2: New USB device strings: Mfr=1, Product=2, SerialNumber=0
[    9.970224] usb 3-1.2: Product: USB2.1 Hub
[    9.970226] usb 3-1.2: Manufacturer: GenesysLogic
[   10.018795] hub 3-1.2:1.0: USB hub found
[   10.019333] hub 3-1.2:1.0: 4 ports detected
[   10.038828] usb 4-1.4: new SuperSpeed USB device number 4 using xhci_hcd
[   10.061930] usb 4-1.4: New USB device found, idVendor=0bda, idProduct=9210, bcdDevice=20.01
[   10.061936] usb 4-1.4: New USB device strings: Mfr=1, Product=2, SerialNumber=3
[   10.061939] usb 4-1.4: Product: RTL9210
[   10.061941] usb 4-1.4: Manufacturer: Realtek
[   10.061943] usb 4-1.4: SerialNumber: 012345678904
[   10.067555] usbcore: registered new interface driver usb-storage
[   10.324862] usb 3-1.2.3: new low-speed USB device number 5 using xhci_hcd
[   10.452569] usb 3-1.2.3: New USB device found, idVendor=1bcf, idProduct=0005, bcdDevice= 0.90
[   10.452577] usb 3-1.2.3: New USB device strings: Mfr=0, Product=2, SerialNumber=0
[   10.452580] usb 3-1.2.3: Product: USB Optical Mouse
[   10.530470] scsi host2: uas
[   10.530663] usbcore: registered new interface driver uas
[   10.535278] scsi 2:0:0:0: Direct-Access     Realtek  RTL9210 NVME     1.00 PQ: 0 ANSI: 6
[   10.543888] input: USB Optical Mouse as /devices/pci0000:00/0000:00:08.1/0000:01:00.4/usb3/3-1/3-1.2/3-1.2.3/3-1.2.3:1.0/0003:1BCF:0005.0001/input/input3
[   10.544098] hid-generic 0003:1BCF:0005.0001: input,hidraw0: USB HID v1.10 Mouse [USB Optical Mouse] on usb-0000:01:00.4-1.2.3/input0
[   10.544158] usbcore: registered new interface driver usbhid
[   10.544160] usbhid: USB HID core driver
[   10.560533] sd 2:0:0:0: [sdb] 1000215216 512-byte logical blocks: (512 GB/477 GiB)
[   10.562914] sd 2:0:0:0: [sdb] Write Protect is off
[   10.562921] sd 2:0:0:0: [sdb] Mode Sense: 37 00 00 08
[   10.567600] sd 2:0:0:0: [sdb] Write cache: enabled, read cache: enabled, doesn't support DPO or FUA
[   10.571482] sd 2:0:0:0: [sdb] Optimal transfer size 33553920 bytes
[   10.627384]  sdb: sdb1
[   10.672846] sd 2:0:0:0: [sdb] Attached SCSI disk
[   12.966253] EXT4-fs (sda2): mounted filesystem with ordered data mode. Quota mode: none.
[   13.104105] request_module fs-efivarfs succeeded, but still no fs?
[   13.123199] audit: type=1334 audit(1649186769.159:7): prog-id=1 op=LOAD
[   13.123206] audit: type=1300 audit(1649186769.159:7): arch=c000003e syscall=321 success=yes exit=4 a0=5 a1=7ffc0d0ba3b0 a2=90 a3=2 items=0 ppid=2 pid=239 auid=4294967295 uid=0 gid=0 euid=0 suid=0 fsuid=0 egid=0 sgid=0 fsgid=0 tty=(none) ses=4294967295 comm="bpf_preload" exe="/bpf_preload" subj==unconfined key=(null)
[   13.123209] audit: type=1327 audit(1649186769.159:7): proctitle="bpf_preload"
[   13.123211] audit: type=1334 audit(1649186769.159:8): prog-id=0 op=UNLOAD
[   13.129314] audit: type=1334 audit(1649186769.166:9): prog-id=2 op=LOAD
[   13.129322] audit: type=1300 audit(1649186769.166:9): arch=c000003e syscall=321 success=yes exit=6 a0=5 a1=7ffc0d0ba160 a2=90 a3=5 items=0 ppid=2 pid=239 auid=4294967295 uid=0 gid=0 euid=0 suid=0 fsuid=0 egid=0 sgid=0 fsgid=0 tty=(none) ses=4294967295 comm="bpf_preload" exe="/bpf_preload" subj==unconfined key=(null)
[   13.129325] audit: type=1327 audit(1649186769.166:9): proctitle="bpf_preload"
[   13.129327] audit: type=1334 audit(1649186769.166:10): prog-id=0 op=UNLOAD
[   13.129386] audit: type=1334 audit(1649186769.166:11): prog-id=3 op=LOAD
[   13.129389] audit: type=1300 audit(1649186769.166:11): arch=c000003e syscall=321 success=yes exit=5 a0=5 a1=7ffc0d0ba0f0 a2=90 a3=2 items=0 ppid=2 pid=239 auid=4294967295 uid=0 gid=0 euid=0 suid=0 fsuid=0 egid=0 sgid=0 fsgid=0 tty=(none) ses=4294967295 comm="bpf_preload" exe="/bpf_preload" subj==unconfined key=(null)
[   13.141682] systemd[1]: systemd 250.4-2-arch running in system mode (+PAM +AUDIT -SELINUX -APPARMOR -IMA +SMACK +SECCOMP +GCRYPT +GNUTLS +OPENSSL +ACL +BLKID +CURL +ELFUTILS +FIDO2 +IDN2 -IDN +IPTC +KMOD +LIBCRYPTSETUP +LIBFDISK +PCRE2 -PWQUALITY +P11KIT -QRENCODE +BZIP2 +LZ4 +XZ +ZLIB +ZSTD -BPF_FRAMEWORK +XKBCOMMON +UTMP -SYSVINIT default-hierarchy=unified)
[   13.162034] systemd[1]: Detected architecture x86-64.
[   13.163400] systemd[1]: Hostname set to <mksredmibook14ii>.
[   13.338979] systemd[1]: Queued start job for default target Graphical Interface.
[   13.339999] systemd[1]: Created slice Slice /system/getty.
[   13.340331] systemd[1]: Created slice Slice /system/modprobe.
[   13.340660] systemd[1]: Created slice Slice /system/systemd-fsck.
[   13.340943] systemd[1]: Created slice Slice /system/urxvtd.
[   13.341158] systemd[1]: Created slice User and Session Slice.
[   13.341265] systemd[1]: Started Dispatch Password Requests to Console Directory Watch.
[   13.341355] systemd[1]: Started Forward Password Requests to Wall Directory Watch.
[   13.341540] systemd[1]: Set up automount Arbitrary Executable File Formats File System Automount Point.
[   13.341640] systemd[1]: Reached target Local Encrypted Volumes.
[   13.341694] systemd[1]: Reached target Login Prompts.
[   13.341744] systemd[1]: Reached target Local Integrity Protected Volumes.
[   13.341803] systemd[1]: Reached target Path Units.
[   13.341855] systemd[1]: Reached target Remote File Systems.
[   13.341903] systemd[1]: Reached target Slice Units.
[   13.341958] systemd[1]: Reached target Local Verity Protected Volumes.
[   13.342056] systemd[1]: Listening on Device-mapper event daemon FIFOs.
[   13.342430] systemd[1]: Listening on LVM2 poll daemon socket.
[   13.343392] systemd[1]: Listening on Process Core Dump Socket.
[   13.344738] systemd[1]: Listening on Journal Audit Socket.
[   13.344883] systemd[1]: Listening on Journal Socket (/dev/log).
[   13.345026] systemd[1]: Listening on Journal Socket.
[   13.346214] systemd[1]: Listening on udev Control Socket.
[   13.346331] systemd[1]: Listening on udev Kernel Socket.
[   13.347345] systemd[1]: Mounting Huge Pages File System...
[   13.348068] systemd[1]: Mounting POSIX Message Queue File System...
[   13.348820] systemd[1]: Mounting Kernel Debug File System...
[   13.349738] systemd[1]: Mounting Kernel Trace File System...
[   13.350608] systemd[1]: Starting Load AppArmor profiles...
[   13.351538] systemd[1]: Starting Create List of Static Device Nodes...
[   13.352336] systemd[1]: Starting Monitoring of LVM2 mirrors, snapshots etc. using dmeventd or progress polling...
[   13.353174] systemd[1]: Starting Load Kernel Module configfs...
[   13.353997] systemd[1]: Starting Load Kernel Module drm...
[   13.354880] systemd[1]: Starting Load Kernel Module fuse...
[   13.354987] systemd[1]: File System Check on Root Device was skipped because of a failed condition check (ConditionPathIsReadWrite=!/).
[   13.356416] systemd[1]: Starting Journal Service...
[   13.359254] systemd[1]: Starting Load Kernel Modules...
[   13.360018] systemd[1]: Starting Remount Root and Kernel File Systems...
[   13.360138] systemd[1]: Repartition Root Disk was skipped because all trigger condition checks failed.
[   13.360856] systemd[1]: Starting Coldplug All udev Devices...
[   13.362226] systemd[1]: Mounted Huge Pages File System.
[   13.362398] systemd[1]: Mounted POSIX Message Queue File System.
[   13.362531] systemd[1]: Mounted Kernel Debug File System.
[   13.362658] systemd[1]: Mounted Kernel Trace File System.
[   13.362908] systemd[1]: Finished Create List of Static Device Nodes.
[   13.363246] systemd[1]: modprobe@configfs.service: Deactivated successfully.
[   13.363371] systemd[1]: Finished Load Kernel Module configfs.
[   13.363641] systemd[1]: modprobe@drm.service: Deactivated successfully.
[   13.363760] systemd[1]: Finished Load Kernel Module drm.
[   13.364749] systemd[1]: Mounting Kernel Configuration File System...
[   13.366032] fuse: init (API version 7.36)
[   13.366432] systemd[1]: Mounted Kernel Configuration File System.
[   13.366760] systemd[1]: modprobe@fuse.service: Deactivated successfully.
[   13.366895] systemd[1]: Finished Load Kernel Module fuse.
[   13.368074] systemd[1]: Mounting FUSE Control File System...
[   13.374206] systemd[1]: Mounted FUSE Control File System.
[   13.394114] EXT4-fs (sda2): re-mounted. Quota mode: none.
[   13.395504] systemd[1]: Finished Remount Root and Kernel File Systems.
[   13.395769] systemd[1]: First Boot Wizard was skipped because of a failed condition check (ConditionFirstBoot=yes).
[   13.396147] sd 1:0:0:0: Attached scsi generic sg0 type 0
[   13.396195] sd 2:0:0:0: Attached scsi generic sg1 type 0
[   13.397986] systemd[1]: Rebuild Hardware Database was skipped because of a failed condition check (ConditionNeedsUpdate=/etc).
[   13.398829] systemd[1]: Starting Load/Save Random Seed...
[   13.398975] systemd[1]: Create System Users was skipped because of a failed condition check (ConditionNeedsUpdate=/etc).
[   13.399821] systemd[1]: Starting Create Static Device Nodes in /dev...
[   13.406276] IPMI message handler: version 39.2
[   13.410434] ipmi device interface
[   13.411463] systemd[1]: Finished Load Kernel Modules.
[   13.412968] systemd[1]: Starting Apply Kernel Variables...
[   13.423168] systemd[1]: Finished Load/Save Random Seed.
[   13.423495] systemd[1]: First Boot Complete was skipped because of a failed condition check (ConditionFirstBoot=yes).
[   13.433932] systemd[1]: Finished Apply Kernel Variables.
[   13.440828] systemd[1]: Started Journal Service.
[   13.447674] systemd-journald[265]: Received client request to flush runtime journal.
[   13.661915] acpi_cpufreq: overriding BIOS provided _PSD data
[   13.670334] acpi PNP0C14:01: duplicate WMI GUID 05901221-D566-11D1-B2F0-00A0C9062910 (first instance was on PNP0C14:00)
[   13.762928] ACPI: video: Video Device [VGA] (multi-head: yes  rom: no  post: no)
[   13.763256] acpi device:0e: registered as cooling_device6
[   13.763308] input: Video Bus as /devices/LNXSYSTM:00/LNXSYBUS:00/PNP0A08:00/device:0d/LNXVIDEO:00/input/input4
[   13.839311] input: GXT7863:00 27C6:01E0 Mouse as /devices/platform/AMDI0010:03/i2c-0/i2c-GXT7863:00/0018:27C6:01E0.0002/input/input5
[   13.839439] input: GXT7863:00 27C6:01E0 Touchpad as /devices/platform/AMDI0010:03/i2c-0/i2c-GXT7863:00/0018:27C6:01E0.0002/input/input6
[   13.839512] hid-generic 0018:27C6:01E0.0002: input,hidraw1: I2C HID v1.00 Mouse [GXT7863:00 27C6:01E0] on i2c-GXT7863:00
[   13.882368] ccp 0000:01:00.2: enabling device (0000 -> 0002)
[   13.882617] ccp 0000:01:00.2: ccp: unable to access the device: you might be running a broken BIOS.
[   13.896668] ccp 0000:01:00.2: tee enabled
[   13.896673] ccp 0000:01:00.2: psp enabled
[   13.956038] piix4_smbus 0000:00:14.0: SMBus Host Controller at 0xb00, revision 0
[   13.956044] piix4_smbus 0000:00:14.0: Using register 0x02 for SMBus port selection
[   13.956128] piix4_smbus 0000:00:14.0: Auxiliary SMBus Host Controller at 0xb20
[   13.980677] sp5100_tco: SP5100/SB800 TCO WatchDog Timer Driver
[   13.980784] sp5100-tco sp5100-tco: Using 0xfeb00000 for watchdog MMIO address
[   13.985486] sp5100-tco sp5100-tco: initialized. heartbeat=60 sec (nowayout=0)
[   13.987538] snd_rn_pci_acp3x 0000:01:00.5: enabling device (0000 -> 0002)
[   14.062415] usbcore: registered new interface driver r8152
[   14.194673] usb 4-1.2: reset SuperSpeed USB device number 3 using xhci_hcd
[   14.254793] r8152 4-1.2:1.0: load rtl8153a-4 v2 02/07/20 successfully
[   14.269046] usbcore: registered new interface driver cdc_ether
[   14.281988] r8152 4-1.2:1.0 eth0: v1.12.12
[   14.285363] mousedev: PS/2 mouse device common for all mice
[   14.288993] [drm] amdgpu kernel modesetting enabled.
[   14.298324] usbcore: registered new interface driver r8153_ecm
[   14.309181] amdgpu: Virtual CRAT table created for CPU
[   14.309212] amdgpu: Topology: Add CPU node
[   14.309305] checking generic (fce0000000 7f0000) vs hw (fce0000000 10000000)
[   14.309309] checking generic (fce0000000 7f0000) vs hw (fce0000000 10000000)
[   14.309310] fb0: switching to amdgpu from EFI VGA
[   14.309489] Console: switching to colour dummy device 80x25
[   14.309628] amdgpu 0000:01:00.0: vgaarb: deactivate vga console
[   14.309729] amdgpu 0000:01:00.0: enabling device (0006 -> 0007)
[   14.309814] [drm] initializing kernel modesetting (RENOIR 0x1002:0x1636 0x1D72:0x1951 0xC3).
[   14.309818] amdgpu 0000:01:00.0: amdgpu: Trusted Memory Zone (TMZ) feature enabled
[   14.310707] [drm] register mmio base: 0xD0400000
[   14.310709] [drm] register mmio size: 524288
[   14.310715] [drm] virtual display string:NULL, 0000:01:00.0:virtual_display:0, num_crtc:0
[   14.311897] [drm] add ip block number 0 <soc15_common>
[   14.311899] [drm] add ip block number 1 <gmc_v9_0>
[   14.311900] [drm] add ip block number 2 <vega10_ih>
[   14.311902] [drm] add ip block number 3 <psp>
[   14.311903] [drm] add ip block number 4 <smu>
[   14.311904] [drm] add ip block number 5 <dm>
[   14.311905] [drm] add ip block number 6 <gfx_v9_0>
[   14.311906] [drm] add ip block number 7 <sdma_v4_0>
[   14.311907] [drm] add ip block number 8 <vcn_v2_0>
[   14.311908] [drm] add ip block number 9 <jpeg_v2_0>
[   14.311927] amdgpu 0000:01:00.0: amdgpu: Fetched VBIOS from VFCT
[   14.311930] amdgpu: ATOM BIOS: 113-RENOIR-026
[   14.316877] [drm] VCN decode is enabled in VM mode
[   14.316884] [drm] VCN encode is enabled in VM mode
[   14.316885] [drm] JPEG decode is enabled in VM mode
[   14.316892] amdgpu 0000:01:00.0: amdgpu: PCIE atomic ops is not supported
[   14.316980] [drm] vm size is 262144 GB, 4 levels, block size is 9-bit, fragment size is 9-bit
[   14.316989] amdgpu 0000:01:00.0: amdgpu: VRAM: 512M 0x000000F400000000 - 0x000000F41FFFFFFF (512M used)
[   14.316992] amdgpu 0000:01:00.0: amdgpu: GART: 1024M 0x0000000000000000 - 0x000000003FFFFFFF
[   14.316994] amdgpu 0000:01:00.0: amdgpu: AGP: 267419648M 0x000000F800000000 - 0x0000FFFFFFFFFFFF
[   14.317003] [drm] Detected VRAM RAM=512M, BAR=512M
[   14.317004] [drm] RAM width 128bits DDR4
[   14.317080] [drm] amdgpu: 512M of VRAM memory ready
[   14.317081] [drm] amdgpu: 3072M of GTT memory ready.
[   14.317096] [drm] GART: num cpu pages 262144, num gpu pages 262144
[   14.317231] [drm] PCIE GART of 1024M enabled.
[   14.317232] [drm] PTB located at 0x000000F400900000
[   14.338042] amdgpu 0000:01:00.0: amdgpu: PSP runtime database doesn't exist
[   14.350223] snd_hda_intel 0000:01:00.1: enabling device (0000 -> 0002)
[   14.350345] snd_hda_intel 0000:01:00.1: Handle vga_switcheroo audio client
[   14.350532] snd_hda_intel 0000:01:00.6: enabling device (0000 -> 0002)
[   14.354700] [drm] Loading DMUB firmware via PSP: version=0x0101001F
[   14.357187] Adding 17380016k swap on /dev/sda3.  Priority:-2 extents:1 across:17380016k SSFS
[   14.404067] input: HD-Audio Generic HDMI/DP,pcm=3 as /devices/pci0000:00/0000:00:08.1/0000:01:00.1/sound/card0/input8
[   14.404132] input: HD-Audio Generic HDMI/DP,pcm=7 as /devices/pci0000:00/0000:00:08.1/0000:01:00.1/sound/card0/input9
[   14.437654] [drm] Found VCN firmware Version ENC: 1.16 DEC: 5 VEP: 0 Revision: 3
[   14.437686] amdgpu 0000:01:00.0: amdgpu: Will use PSP to load VCN firmware
[   14.446371] snd_hda_codec_realtek hdaudioC1D0: autoconfig for ALC256: line_outs=1 (0x14/0x0/0x0/0x0/0x0) type:speaker
[   14.446377] snd_hda_codec_realtek hdaudioC1D0:    speaker_outs=0 (0x0/0x0/0x0/0x0/0x0)
[   14.446380] snd_hda_codec_realtek hdaudioC1D0:    hp_outs=1 (0x21/0x0/0x0/0x0/0x0)
[   14.446382] snd_hda_codec_realtek hdaudioC1D0:    mono: mono_out=0x0
[   14.446383] snd_hda_codec_realtek hdaudioC1D0:    inputs:
[   14.446385] snd_hda_codec_realtek hdaudioC1D0:      Mic=0x19
[   14.472064] RAPL PMU: API unit is 2^-32 Joules, 1 fixed counters, 163840 ms ovfl timer
[   14.472067] RAPL PMU: hw unit of domain package 2^-16 Joules
[   14.487196] cryptd: max_cpu_qlen set to 1000
[   14.515649] input: HD-Audio Generic Mic as /devices/pci0000:00/0000:00:08.1/0000:01:00.6/sound/card1/input10
[   14.515733] input: HD-Audio Generic Headphone as /devices/pci0000:00/0000:00:08.1/0000:01:00.6/sound/card1/input11
[   14.526376] AVX2 version of gcm_enc/dec engaged.
[   14.526419] AES CTR mode by8 optimization enabled
[   14.662118] MCE: In-kernel MCE decoding enabled.
[   14.669820] r8152 4-1.2:1.0 enp1s0f4u1u2: renamed from eth0
[   14.703327] input: GXT7863:00 27C6:01E0 Mouse as /devices/platform/AMDI0010:03/i2c-0/i2c-GXT7863:00/0018:27C6:01E0.0002/input/input12
[   14.748296] input: GXT7863:00 27C6:01E0 Touchpad as /devices/platform/AMDI0010:03/i2c-0/i2c-GXT7863:00/0018:27C6:01E0.0002/input/input13
[   14.748558] hid-multitouch 0018:27C6:01E0.0002: input,hidraw1: I2C HID v1.00 Mouse [GXT7863:00 27C6:01E0] on i2c-GXT7863:00
[   14.779503] intel_rapl_common: Found RAPL domain package
[   14.779508] intel_rapl_common: Found RAPL domain core
[   15.159699] [drm] reserve 0x400000 from 0xf41f800000 for PSP TMR
[   15.238696] amdgpu 0000:01:00.0: amdgpu: RAS: optional ras ta ucode is not available
[   15.246711] amdgpu 0000:01:00.0: amdgpu: RAP: optional rap ta ucode is not available
[   15.246717] amdgpu 0000:01:00.0: amdgpu: SECUREDISPLAY: securedisplay ta ucode is not available
[   15.247208] amdgpu 0000:01:00.0: amdgpu: SMU is initialized successfully!
[   15.248181] [drm] Display Core initialized with v3.2.167!
[   15.248729] [drm] DMUB hardware initialized: version=0x0101001F
[   15.261503] ucsi_acpi USBC000:00: PPM init failed (-110)
[   15.449643] [drm] kiq ring mec 2 pipe 1 q 0
[   15.452649] [drm] VCN decode and encode initialized successfully(under DPG Mode).
[   15.452667] [drm] JPEG decode initialized successfully.
[   15.454213] kfd kfd: amdgpu: Allocated 3969056 bytes on gart
[   15.474040] memmap_init_zone_device initialised 131072 pages in 0ms
[   15.474052] amdgpu: HMM registered 512MB device memory
[   15.474097] amdgpu: SRAT table not found
[   15.474102] amdgpu: Virtual CRAT table created for GPU
[   15.474419] amdgpu: Topology: Add dGPU node [0x1636:0x1002]
[   15.474424] kfd kfd: amdgpu: added device 1002:1636
[   15.474436] amdgpu 0000:01:00.0: amdgpu: SE 1, SH per SE 1, CU per SH 8, active_cu_number 6
[   15.474619] amdgpu 0000:01:00.0: amdgpu: ring gfx uses VM inv eng 0 on hub 0
[   15.474621] amdgpu 0000:01:00.0: amdgpu: ring comp_1.0.0 uses VM inv eng 1 on hub 0
[   15.474623] amdgpu 0000:01:00.0: amdgpu: ring comp_1.1.0 uses VM inv eng 4 on hub 0
[   15.474624] amdgpu 0000:01:00.0: amdgpu: ring comp_1.2.0 uses VM inv eng 5 on hub 0
[   15.474626] amdgpu 0000:01:00.0: amdgpu: ring comp_1.3.0 uses VM inv eng 6 on hub 0
[   15.474627] amdgpu 0000:01:00.0: amdgpu: ring comp_1.0.1 uses VM inv eng 7 on hub 0
[   15.474628] amdgpu 0000:01:00.0: amdgpu: ring comp_1.1.1 uses VM inv eng 8 on hub 0
[   15.474629] amdgpu 0000:01:00.0: amdgpu: ring comp_1.2.1 uses VM inv eng 9 on hub 0
[   15.474631] amdgpu 0000:01:00.0: amdgpu: ring comp_1.3.1 uses VM inv eng 10 on hub 0
[   15.474632] amdgpu 0000:01:00.0: amdgpu: ring kiq_2.1.0 uses VM inv eng 11 on hub 0
[   15.474633] amdgpu 0000:01:00.0: amdgpu: ring sdma0 uses VM inv eng 0 on hub 1
[   15.474635] amdgpu 0000:01:00.0: amdgpu: ring vcn_dec uses VM inv eng 1 on hub 1
[   15.474636] amdgpu 0000:01:00.0: amdgpu: ring vcn_enc0 uses VM inv eng 4 on hub 1
[   15.474637] amdgpu 0000:01:00.0: amdgpu: ring vcn_enc1 uses VM inv eng 5 on hub 1
[   15.474639] amdgpu 0000:01:00.0: amdgpu: ring jpeg_dec uses VM inv eng 6 on hub 1
[   15.476311] [drm] Initialized amdgpu 3.44.0 20150101 for 0000:01:00.0 on minor 0
[   15.482664] fbcon: amdgpudrmfb (fb0) is primary device
[   15.550509] Console: switching to colour frame buffer device 240x67
[   15.570934] amdgpu 0000:01:00.0: [drm] fb0: amdgpudrmfb frame buffer device
[   17.683297] IPv6: ADDRCONF(NETDEV_CHANGE): enp1s0f4u1u2: link becomes ready
[   17.683497] r8152 4-1.2:1.0 enp1s0f4u1u2: carrier on
[   55.253112] ip6tables deny: IN= OUT=enp1s0f4u1u2 SRC=0000:0000:0000:0000:0000:0000:0000:0000 DST=ff02:0000:0000:0000:0000:0000:0000:0016 LEN=76 TC=0 HOPLIMIT=1 FLOWLBL=0 PROTO=ICMPv6 TYPE=143 CODE=0 MARK=0xd4 
[   55.494901] ip6tables deny: IN= OUT=enp1s0f4u1u2 SRC=0000:0000:0000:0000:0000:0000:0000:0000 DST=ff02:0000:0000:0000:0000:0001:ffaa:6e29 LEN=72 TC=0 HOPLIMIT=255 FLOWLBL=0 PROTO=ICMPv6 TYPE=135 CODE=0 
[   55.921570] ip6tables deny: IN= OUT=enp1s0f4u1u2 SRC=0000:0000:0000:0000:0000:0000:0000:0000 DST=ff02:0000:0000:0000:0000:0000:0000:0016 LEN=76 TC=0 HOPLIMIT=1 FLOWLBL=0 PROTO=ICMPv6 TYPE=143 CODE=0 MARK=0xd4 
[   56.508268] ip6tables deny: IN= OUT=enp1s0f4u1u2 SRC=fe80:0000:0000:0000:3e5d:9937:dfaa:6e29 DST=ff02:0000:0000:0000:0000:0000:0000:0016 LEN=76 TC=0 HOPLIMIT=1 FLOWLBL=0 PROTO=ICMPv6 TYPE=143 CODE=0 MARK=0xd4 
[   56.535549] ip6tables deny: IN= OUT=enp1s0f4u1u2 SRC=fe80:0000:0000:0000:3e5d:9937:dfaa:6e29 DST=ff02:0000:0000:0000:0000:0000:0000:0002 LEN=48 TC=0 HOPLIMIT=255 FLOWLBL=567026 PROTO=ICMPv6 TYPE=133 CODE=0 
[   56.651572] ip6tables deny: IN= OUT=enp1s0f4u1u2 SRC=fe80:0000:0000:0000:3e5d:9937:dfaa:6e29 DST=ff02:0000:0000:0000:0000:0000:0000:0016 LEN=76 TC=0 HOPLIMIT=1 FLOWLBL=0 PROTO=ICMPv6 TYPE=143 CODE=0 MARK=0xd4 
[   60.288407] ip6tables deny: IN= OUT=enp1s0f4u1u2 SRC=fe80:0000:0000:0000:3e5d:9937:dfaa:6e29 DST=ff02:0000:0000:0000:0000:0000:0000:0016 LEN=76 TC=0 HOPLIMIT=1 FLOWLBL=0 PROTO=ICMPv6 TYPE=143 CODE=0 MARK=0xd4 
[   60.451560] ip6tables deny: IN= OUT=enp1s0f4u1u2 SRC=fe80:0000:0000:0000:3e5d:9937:dfaa:6e29 DST=ff02:0000:0000:0000:0000:0000:0000:0016 LEN=76 TC=0 HOPLIMIT=1 FLOWLBL=0 PROTO=ICMPv6 TYPE=143 CODE=0 MARK=0xd4 
[   60.486188] ip6tables deny: IN= OUT=enp1s0f4u1u2 SRC=fe80:0000:0000:0000:3e5d:9937:dfaa:6e29 DST=ff02:0000:0000:0000:0000:0000:0000:0002 LEN=48 TC=0 HOPLIMIT=255 FLOWLBL=567026 PROTO=ICMPv6 TYPE=133 CODE=0 
[   60.991850] ip6tables deny: IN= OUT=enp1s0f4u1u2 SRC=fe80:0000:0000:0000:3e5d:9937:dfaa:6e29 DST=ff02:0000:0000:0000:0000:0000:0000:0016 LEN=76 TC=0 HOPLIMIT=1 FLOWLBL=0 PROTO=ICMPv6 TYPE=143 CODE=0 MARK=0xd4 
[   68.291671] ip6tables deny: IN= OUT=enp1s0f4u1u2 SRC=fe80:0000:0000:0000:3e5d:9937:dfaa:6e29 DST=ff02:0000:0000:0000:0000:0000:0000:0002 LEN=48 TC=0 HOPLIMIT=255 FLOWLBL=567026 PROTO=ICMPv6 TYPE=133 CODE=0 
[   83.798373] ip6tables deny: IN= OUT=enp1s0f4u1u2 SRC=fe80:0000:0000:0000:3e5d:9937:dfaa:6e29 DST=ff02:0000:0000:0000:0000:0000:0000:0002 LEN=48 TC=0 HOPLIMIT=255 FLOWLBL=567026 PROTO=ICMPv6 TYPE=133 CODE=0 
[   89.011561] ip6tables deny: IN= OUT=enp1s0f4u1u2 SRC=fe80:0000:0000:0000:3e5d:9937:dfaa:6e29 DST=ff02:0000:0000:0000:0000:0000:0000:0016 LEN=76 TC=0 HOPLIMIT=1 FLOWLBL=0 PROTO=ICMPv6 TYPE=143 CODE=0 MARK=0xd4 
[   89.111561] ip6tables deny: IN= OUT=enp1s0f4u1u2 SRC=fe80:0000:0000:0000:3e5d:9937:dfaa:6e29 DST=ff02:0000:0000:0000:0000:0000:0000:0016 LEN=76 TC=0 HOPLIMIT=1 FLOWLBL=0 PROTO=ICMPv6 TYPE=143 CODE=0 MARK=0xd4 
[  113.938373] ip6tables deny: IN= OUT=enp1s0f4u1u2 SRC=fe80:0000:0000:0000:3e5d:9937:dfaa:6e29 DST=ff02:0000:0000:0000:0000:0000:0000:0002 LEN=48 TC=0 HOPLIMIT=255 FLOWLBL=567026 PROTO=ICMPv6 TYPE=133 CODE=0 
[  119.014882] ip6tables deny: IN= OUT=enp1s0f4u1u2 SRC=fe80:0000:0000:0000:3e5d:9937:dfaa:6e29 DST=ff02:0000:0000:0000:0000:0000:0000:0016 LEN=76 TC=0 HOPLIMIT=1 FLOWLBL=0 PROTO=ICMPv6 TYPE=143 CODE=0 MARK=0xd4 
[  119.128246] ip6tables deny: IN= OUT=enp1s0f4u1u2 SRC=fe80:0000:0000:0000:3e5d:9937:dfaa:6e29 DST=ff02:0000:0000:0000:0000:0000:0000:0016 LEN=76 TC=0 HOPLIMIT=1 FLOWLBL=0 PROTO=ICMPv6 TYPE=143 CODE=0 MARK=0xd4 
