[    0.000000] Linux version 5.15.7-arch1-1 (linux@archlinux) (gcc (GCC) 11.1.0, GNU ld (GNU Binutils) 2.36.1) #1 SMP PREEMPT Wed, 08 Dec 2021 14:33:16 +0000
[    0.000000] Command line: BOOT_IMAGE=/boot/vmlinuz-linux root=UUID=a1e2e1f9-dbcb-484e-a242-73d5754f8d98 rw quiet resume=UUID=36238c5a-d1ff-4e5f-986a-4d302098cfd7 loglevel=3 audit=0 lsm=landlock,lockdown,yama,apparmor,bpf l1tf=full,force mds=full,nosmt mitigations=auto,nosmt nosmt=force init_on_alloc=1 init_on_free=1 randomize_kstack_offset=on slab_nomerge pti=on slub_debug=ZF slub_debug=P page_poison=1 mem_encrypt=on
[    0.000000] x86/fpu: Supporting XSAVE feature 0x001: 'x87 floating point registers'
[    0.000000] x86/fpu: Supporting XSAVE feature 0x002: 'SSE registers'
[    0.000000] x86/fpu: Supporting XSAVE feature 0x004: 'AVX registers'
[    0.000000] x86/fpu: xstate_offset[2]:  576, xstate_sizes[2]:  256
[    0.000000] x86/fpu: Enabled xstate features 0x7, context size is 832 bytes, using 'compacted' format.
[    0.000000] signal: max sigframe size: 1776
[    0.000000] SMT: Force disabled
[    0.000000] BIOS-provided physical RAM map:
[    0.000000] BIOS-e820: [mem 0x0000000000000000-0x000000000009efff] usable
[    0.000000] BIOS-e820: [mem 0x000000000009f000-0x00000000000bffff] reserved
[    0.000000] BIOS-e820: [mem 0x0000000000100000-0x0000000009afffff] usable
[    0.000000] BIOS-e820: [mem 0x0000000009b00000-0x0000000009dfffff] reserved
[    0.000000] BIOS-e820: [mem 0x0000000009e00000-0x0000000009efffff] usable
[    0.000000] BIOS-e820: [mem 0x0000000009f00000-0x0000000009f0ffff] ACPI NVS
[    0.000000] BIOS-e820: [mem 0x0000000009f10000-0x00000000bab68fff] usable
[    0.000000] BIOS-e820: [mem 0x00000000bab69000-0x00000000bbd68fff] reserved
[    0.000000] BIOS-e820: [mem 0x00000000bbd69000-0x00000000c9f7efff] usable
[    0.000000] BIOS-e820: [mem 0x00000000c9f7f000-0x00000000caf7efff] type 20
[    0.000000] BIOS-e820: [mem 0x00000000caf7f000-0x00000000ccf7efff] reserved
[    0.000000] BIOS-e820: [mem 0x00000000ccf7f000-0x00000000cdf7efff] ACPI NVS
[    0.000000] BIOS-e820: [mem 0x00000000cdf7f000-0x00000000cdffefff] ACPI data
[    0.000000] BIOS-e820: [mem 0x00000000cdfff000-0x00000000cdffffff] usable
[    0.000000] BIOS-e820: [mem 0x00000000ce000000-0x00000000ceffffff] reserved
[    0.000000] BIOS-e820: [mem 0x00000000f8000000-0x00000000fbffffff] reserved
[    0.000000] BIOS-e820: [mem 0x00000000fde00000-0x00000000fdefffff] reserved
[    0.000000] BIOS-e820: [mem 0x00000000fec00000-0x00000000fec00fff] reserved
[    0.000000] BIOS-e820: [mem 0x00000000fec10000-0x00000000fec10fff] reserved
[    0.000000] BIOS-e820: [mem 0x00000000fec20000-0x00000000fec20fff] reserved
[    0.000000] BIOS-e820: [mem 0x00000000fed80000-0x00000000fed80fff] reserved
[    0.000000] BIOS-e820: [mem 0x00000000fee00000-0x00000000fee00fff] reserved
[    0.000000] BIOS-e820: [mem 0x00000000ff000000-0x00000000fff2ffff] reserved
[    0.000000] BIOS-e820: [mem 0x0000000100000000-0x000000040f33ffff] usable
[    0.000000] BIOS-e820: [mem 0x000000040f340000-0x000000042fffffff] reserved
[    0.000000] NX (Execute Disable) protection: active
[    0.000000] efi: EFI v2.70 by INSYDE Corp.
[    0.000000] efi: ACPI=0xcdffe000 ACPI 2.0=0xcdffe014 TPMFinalLog=0xcdf2c000 SMBIOS=0xcb70c000 SMBIOS 3.0=0xcb70a000 ESRT=0xcb70d418 
[    0.000000] SMBIOS 3.2.0 present.
[    0.000000] DMI: TIMI RedmiBook 14 II/TM1951, BIOS RMARN4B0P0909 08/19/2020
[    0.000000] tsc: Fast TSC calibration using PIT
[    0.000000] tsc: Detected 2370.570 MHz processor
[    0.000544] e820: update [mem 0x00000000-0x00000fff] usable ==> reserved
[    0.000546] e820: remove [mem 0x000a0000-0x000fffff] usable
[    0.000551] last_pfn = 0x40f340 max_arch_pfn = 0x400000000
[    0.000728] x86/PAT: Configuration [0-7]: WB  WC  UC- UC  WB  WP  UC- WT  
[    0.000951] last_pfn = 0xce000 max_arch_pfn = 0x400000000
[    0.010345] esrt: Reserving ESRT space from 0x00000000cb70d418 to 0x00000000cb70d450.
[    0.010353] Kernel/User page tables isolation: force enabled on command line.
[    0.010354] Using GB pages for direct mapping
[    0.011162] Secure boot disabled
[    0.011163] RAMDISK: [mem 0x36b1f000-0x37586fff]
[    0.011168] ACPI: Early table checksum verification disabled
[    0.011171] ACPI: RSDP 0x00000000CDFFE014 000024 (v02 XMCC  )
[    0.011174] ACPI: XSDT 0x00000000CDFCE188 000134 (v01 XMCC   XMCC1951 00000002      01000013)
[    0.011179] ACPI: FACP 0x00000000CDFEC000 00010C (v05 XMCC   XMCC1951 00000002      01000013)
[    0.011183] ACPI: DSDT 0x00000000CDFDF000 006545 (v01 XMCC   XMCC1951 00000002      01000013)
[    0.011185] ACPI: FACS 0x00000000CDF29000 000040
[    0.011187] ACPI: UEFI 0x00000000CDF7E000 000236 (v01 INSYDE H2O BIOS 00000001 ACPI 00040000)
[    0.011190] ACPI: SSDT 0x00000000CDFF5000 007216 (v02 AMD    AmdTable 00000002 MSFT 04000000)
[    0.011192] ACPI: IVRS 0x00000000CDFF4000 0001A4 (v02 AMD    AmdTable 00000001 AMD  00000000)
[    0.011194] ACPI: SSDT 0x00000000CDFF3000 000228 (v01 AMD    STD3     00000001 INTL 20130117)
[    0.011196] ACPI: SSDT 0x00000000CDFF2000 000D61 (v01 XMCC   XMCC1806 00003000 INTL 20130117)
[    0.011198] ACPI: SSDT 0x00000000CDFF1000 00046D (v01 Insyde TPMACPI  00001000 INTL 20130117)
[    0.011200] ACPI: TPM2 0x00000000CDFF0000 000034 (v04 XMCC   XMCC1951 00000002      01000013)
[    0.011203] ACPI: MSDM 0x00000000CDFEF000 000055 (v03 INSYDE H2O BIOS 00000001 ACPI 00040000)
[    0.011205] ACPI: ASF! 0x00000000CDFEE000 0000A5 (v32 XMCC   XMCC1951 00000002      01000013)
[    0.011207] ACPI: BOOT 0x00000000CDFED000 000028 (v01 XMCC   XMCC1951 00000002      01000013)
[    0.011209] ACPI: HPET 0x00000000CDFEB000 000038 (v01 XMCC   XMCC1951 00000002      01000013)
[    0.011211] ACPI: APIC 0x00000000CDFEA000 000138 (v03 XMCC   XMCC1951 00000002      01000013)
[    0.011213] ACPI: MCFG 0x00000000CDFE9000 00003C (v01 XMCC   XMCC1951 00000002      01000013)
[    0.011215] ACPI: SLIC 0x00000000CDFE8000 000176 (v01 XMCC   XMCC1951 00000002      01000013)
[    0.011217] ACPI: SSDT 0x00000000CDFDE000 000080 (v01 XMCC   XMCC1951 00000002      01000013)
[    0.011219] ACPI: VFCT 0x00000000CDFD0000 00D484 (v01 XMCC   XMCC1951 00000001 AMD  31504F47)
[    0.011222] ACPI: SSDT 0x00000000CDFCF000 0000F8 (v01 XMCC   PcdTabl  00001000 INTL 20130117)
[    0.011224] ACPI: SSDT 0x00000000CDFCC000 001500 (v01 AMD    AmdTable 00000001 AMD  00000001)
[    0.011226] ACPI: CRAT 0x00000000CDFFD000 000BA8 (v01 AMD    AmdTable 00000001 AMD  00000001)
[    0.011228] ACPI: CDIT 0x00000000CDFCB000 000029 (v01 AMD    AmdTable 00000001 AMD  00000001)
[    0.011230] ACPI: SSDT 0x00000000CDFCA000 00028D (v01 AMD    AmdTable 00000001 INTL 20130117)
[    0.011232] ACPI: SSDT 0x00000000CDFC9000 000C78 (v01 AMD    AmdTable 00000001 INTL 20130117)
[    0.011234] ACPI: SSDT 0x00000000CDFC7000 0010A5 (v01 AMD    AmdTable 00000001 INTL 20130117)
[    0.011236] ACPI: SSDT 0x00000000CDFC3000 0030C8 (v01 AMD    AmdTable 00000001 INTL 20130117)
[    0.011238] ACPI: FPDT 0x00000000CDFC2000 000044 (v01 XMCC   XMCC1951 00000002      01000013)
[    0.011240] ACPI: WSMT 0x00000000CDFC0000 000028 (v01 INSYDE H2O BIOS 00000001 ACPI 00040000)
[    0.011242] ACPI: SSDT 0x00000000CDFE7000 00020A (v01 AMD    AmdTable 00000001 INTL 20130117)
[    0.011244] ACPI: SSDT 0x00000000CDFE6000 0005A1 (v01 AMD    AmdTable 00000001 INTL 20130117)
[    0.011246] ACPI: SSDT 0x00000000CDFBF000 000343 (v01 AMD    AmdTable 00000001 INTL 20130117)
[    0.011249] ACPI: SSDT 0x00000000CDFBE000 00007D (v01 AMD    AmdTable 00000001 INTL 20130117)
[    0.011251] ACPI: SSDT 0x00000000CDFBD000 000822 (v01 AMD    AmdTable 00000001 INTL 20130117)
[    0.011253] ACPI: SSDT 0x00000000CDFBC000 000517 (v01 AMD    AmdTable 00000001 INTL 20130117)
[    0.011255] ACPI: BGRT 0x00000000CDFC1000 000038 (v01 INSYDE H2O BIOS 00000001 ACPI 00040000)
[    0.011256] ACPI: Reserving FACP table memory at [mem 0xcdfec000-0xcdfec10b]
[    0.011258] ACPI: Reserving DSDT table memory at [mem 0xcdfdf000-0xcdfe5544]
[    0.011258] ACPI: Reserving FACS table memory at [mem 0xcdf29000-0xcdf2903f]
[    0.011259] ACPI: Reserving UEFI table memory at [mem 0xcdf7e000-0xcdf7e235]
[    0.011260] ACPI: Reserving SSDT table memory at [mem 0xcdff5000-0xcdffc215]
[    0.011260] ACPI: Reserving IVRS table memory at [mem 0xcdff4000-0xcdff41a3]
[    0.011261] ACPI: Reserving SSDT table memory at [mem 0xcdff3000-0xcdff3227]
[    0.011262] ACPI: Reserving SSDT table memory at [mem 0xcdff2000-0xcdff2d60]
[    0.011262] ACPI: Reserving SSDT table memory at [mem 0xcdff1000-0xcdff146c]
[    0.011263] ACPI: Reserving TPM2 table memory at [mem 0xcdff0000-0xcdff0033]
[    0.011264] ACPI: Reserving MSDM table memory at [mem 0xcdfef000-0xcdfef054]
[    0.011264] ACPI: Reserving ASF! table memory at [mem 0xcdfee000-0xcdfee0a4]
[    0.011265] ACPI: Reserving BOOT table memory at [mem 0xcdfed000-0xcdfed027]
[    0.011266] ACPI: Reserving HPET table memory at [mem 0xcdfeb000-0xcdfeb037]
[    0.011266] ACPI: Reserving APIC table memory at [mem 0xcdfea000-0xcdfea137]
[    0.011267] ACPI: Reserving MCFG table memory at [mem 0xcdfe9000-0xcdfe903b]
[    0.011268] ACPI: Reserving SLIC table memory at [mem 0xcdfe8000-0xcdfe8175]
[    0.011268] ACPI: Reserving SSDT table memory at [mem 0xcdfde000-0xcdfde07f]
[    0.011269] ACPI: Reserving VFCT table memory at [mem 0xcdfd0000-0xcdfdd483]
[    0.011270] ACPI: Reserving SSDT table memory at [mem 0xcdfcf000-0xcdfcf0f7]
[    0.011270] ACPI: Reserving SSDT table memory at [mem 0xcdfcc000-0xcdfcd4ff]
[    0.011271] ACPI: Reserving CRAT table memory at [mem 0xcdffd000-0xcdffdba7]
[    0.011272] ACPI: Reserving CDIT table memory at [mem 0xcdfcb000-0xcdfcb028]
[    0.011272] ACPI: Reserving SSDT table memory at [mem 0xcdfca000-0xcdfca28c]
[    0.011273] ACPI: Reserving SSDT table memory at [mem 0xcdfc9000-0xcdfc9c77]
[    0.011274] ACPI: Reserving SSDT table memory at [mem 0xcdfc7000-0xcdfc80a4]
[    0.011274] ACPI: Reserving SSDT table memory at [mem 0xcdfc3000-0xcdfc60c7]
[    0.011275] ACPI: Reserving FPDT table memory at [mem 0xcdfc2000-0xcdfc2043]
[    0.011276] ACPI: Reserving WSMT table memory at [mem 0xcdfc0000-0xcdfc0027]
[    0.011277] ACPI: Reserving SSDT table memory at [mem 0xcdfe7000-0xcdfe7209]
[    0.011277] ACPI: Reserving SSDT table memory at [mem 0xcdfe6000-0xcdfe65a0]
[    0.011278] ACPI: Reserving SSDT table memory at [mem 0xcdfbf000-0xcdfbf342]
[    0.011279] ACPI: Reserving SSDT table memory at [mem 0xcdfbe000-0xcdfbe07c]
[    0.011280] ACPI: Reserving SSDT table memory at [mem 0xcdfbd000-0xcdfbd821]
[    0.011280] ACPI: Reserving SSDT table memory at [mem 0xcdfbc000-0xcdfbc516]
[    0.011281] ACPI: Reserving BGRT table memory at [mem 0xcdfc1000-0xcdfc1037]
[    0.011333] No NUMA configuration found
[    0.011334] Faking a node at [mem 0x0000000000000000-0x000000040f33ffff]
[    0.011337] NODE_DATA(0) allocated [mem 0x40f33c000-0x40f33ffff]
[    0.011363] Zone ranges:
[    0.011364]   DMA      [mem 0x0000000000001000-0x0000000000ffffff]
[    0.011365]   DMA32    [mem 0x0000000001000000-0x00000000ffffffff]
[    0.011367]   Normal   [mem 0x0000000100000000-0x000000040f33ffff]
[    0.011368]   Device   empty
[    0.011368] Movable zone start for each node
[    0.011369] Early memory node ranges
[    0.011369]   node   0: [mem 0x0000000000001000-0x000000000009efff]
[    0.011370]   node   0: [mem 0x0000000000100000-0x0000000009afffff]
[    0.011371]   node   0: [mem 0x0000000009e00000-0x0000000009efffff]
[    0.011372]   node   0: [mem 0x0000000009f10000-0x00000000bab68fff]
[    0.011373]   node   0: [mem 0x00000000bbd69000-0x00000000c9f7efff]
[    0.011373]   node   0: [mem 0x00000000cdfff000-0x00000000cdffffff]
[    0.011374]   node   0: [mem 0x0000000100000000-0x000000040f33ffff]
[    0.011376] Initmem setup node 0 [mem 0x0000000000001000-0x000000040f33ffff]
[    0.011379] On node 0, zone DMA: 1 pages in unavailable ranges
[    0.011394] On node 0, zone DMA: 97 pages in unavailable ranges
[    0.011525] On node 0, zone DMA32: 768 pages in unavailable ranges
[    0.016566] On node 0, zone DMA32: 16 pages in unavailable ranges
[    0.017024] On node 0, zone DMA32: 4608 pages in unavailable ranges
[    0.017165] On node 0, zone DMA32: 16512 pages in unavailable ranges
[    0.039972] On node 0, zone Normal: 8192 pages in unavailable ranges
[    0.040007] On node 0, zone Normal: 3264 pages in unavailable ranges
[    0.040159] ACPI: PM-Timer IO Port: 0x408
[    0.040165] ACPI: LAPIC_NMI (acpi_id[0x00] high edge lint[0x1])
[    0.040166] ACPI: LAPIC_NMI (acpi_id[0x01] high edge lint[0x1])
[    0.040167] ACPI: LAPIC_NMI (acpi_id[0x02] high edge lint[0x1])
[    0.040167] ACPI: LAPIC_NMI (acpi_id[0x03] high edge lint[0x1])
[    0.040168] ACPI: LAPIC_NMI (acpi_id[0x04] high edge lint[0x1])
[    0.040169] ACPI: LAPIC_NMI (acpi_id[0x05] high edge lint[0x1])
[    0.040169] ACPI: LAPIC_NMI (acpi_id[0x06] high edge lint[0x1])
[    0.040170] ACPI: LAPIC_NMI (acpi_id[0x07] high edge lint[0x1])
[    0.040170] ACPI: LAPIC_NMI (acpi_id[0x08] high edge lint[0x1])
[    0.040171] ACPI: LAPIC_NMI (acpi_id[0x09] high edge lint[0x1])
[    0.040171] ACPI: LAPIC_NMI (acpi_id[0x0a] high edge lint[0x1])
[    0.040172] ACPI: LAPIC_NMI (acpi_id[0x0b] high edge lint[0x1])
[    0.040172] ACPI: LAPIC_NMI (acpi_id[0x0c] high edge lint[0x1])
[    0.040173] ACPI: LAPIC_NMI (acpi_id[0x0d] high edge lint[0x1])
[    0.040174] ACPI: LAPIC_NMI (acpi_id[0x0e] high edge lint[0x1])
[    0.040174] ACPI: LAPIC_NMI (acpi_id[0x0f] high edge lint[0x1])
[    0.040188] IOAPIC[0]: apic_id 33, version 33, address 0xfec00000, GSI 0-23
[    0.040193] IOAPIC[1]: apic_id 34, version 33, address 0xfec01000, GSI 24-55
[    0.040194] ACPI: INT_SRC_OVR (bus 0 bus_irq 0 global_irq 2 dfl dfl)
[    0.040196] ACPI: INT_SRC_OVR (bus 0 bus_irq 9 global_irq 9 low level)
[    0.040198] ACPI: Using ACPI (MADT) for SMP configuration information
[    0.040199] ACPI: HPET id: 0x10228210 base: 0xfed00000
[    0.040207] e820: update [mem 0xb3288000-0xb328dfff] usable ==> reserved
[    0.040217] smpboot: Allowing 16 CPUs, 10 hotplug CPUs
[    0.040241] PM: hibernation: Registered nosave memory: [mem 0x00000000-0x00000fff]
[    0.040243] PM: hibernation: Registered nosave memory: [mem 0x0009f000-0x000bffff]
[    0.040244] PM: hibernation: Registered nosave memory: [mem 0x000c0000-0x000fffff]
[    0.040245] PM: hibernation: Registered nosave memory: [mem 0x09b00000-0x09dfffff]
[    0.040247] PM: hibernation: Registered nosave memory: [mem 0x09f00000-0x09f0ffff]
[    0.040248] PM: hibernation: Registered nosave memory: [mem 0xb3288000-0xb328dfff]
[    0.040250] PM: hibernation: Registered nosave memory: [mem 0xbab69000-0xbbd68fff]
[    0.040251] PM: hibernation: Registered nosave memory: [mem 0xc9f7f000-0xcaf7efff]
[    0.040252] PM: hibernation: Registered nosave memory: [mem 0xcaf7f000-0xccf7efff]
[    0.040252] PM: hibernation: Registered nosave memory: [mem 0xccf7f000-0xcdf7efff]
[    0.040253] PM: hibernation: Registered nosave memory: [mem 0xcdf7f000-0xcdffefff]
[    0.040254] PM: hibernation: Registered nosave memory: [mem 0xce000000-0xceffffff]
[    0.040255] PM: hibernation: Registered nosave memory: [mem 0xcf000000-0xf7ffffff]
[    0.040255] PM: hibernation: Registered nosave memory: [mem 0xf8000000-0xfbffffff]
[    0.040256] PM: hibernation: Registered nosave memory: [mem 0xfc000000-0xfddfffff]
[    0.040256] PM: hibernation: Registered nosave memory: [mem 0xfde00000-0xfdefffff]
[    0.040257] PM: hibernation: Registered nosave memory: [mem 0xfdf00000-0xfebfffff]
[    0.040257] PM: hibernation: Registered nosave memory: [mem 0xfec00000-0xfec00fff]
[    0.040258] PM: hibernation: Registered nosave memory: [mem 0xfec01000-0xfec0ffff]
[    0.040258] PM: hibernation: Registered nosave memory: [mem 0xfec10000-0xfec10fff]
[    0.040259] PM: hibernation: Registered nosave memory: [mem 0xfec11000-0xfec1ffff]
[    0.040260] PM: hibernation: Registered nosave memory: [mem 0xfec20000-0xfec20fff]
[    0.040260] PM: hibernation: Registered nosave memory: [mem 0xfec21000-0xfed7ffff]
[    0.040261] PM: hibernation: Registered nosave memory: [mem 0xfed80000-0xfed80fff]
[    0.040261] PM: hibernation: Registered nosave memory: [mem 0xfed81000-0xfedfffff]
[    0.040262] PM: hibernation: Registered nosave memory: [mem 0xfee00000-0xfee00fff]
[    0.040262] PM: hibernation: Registered nosave memory: [mem 0xfee01000-0xfeffffff]
[    0.040263] PM: hibernation: Registered nosave memory: [mem 0xff000000-0xfff2ffff]
[    0.040263] PM: hibernation: Registered nosave memory: [mem 0xfff30000-0xffffffff]
[    0.040264] [mem 0xcf000000-0xf7ffffff] available for PCI devices
[    0.040265] Booting paravirtualized kernel on bare hardware
[    0.040268] clocksource: refined-jiffies: mask: 0xffffffff max_cycles: 0xffffffff, max_idle_ns: 6370452778343963 ns
[    0.043990] setup_percpu: NR_CPUS:320 nr_cpumask_bits:320 nr_cpu_ids:16 nr_node_ids:1
[    0.044601] percpu: Embedded 61 pages/cpu s212992 r8192 d28672 u262144
[    0.044610] pcpu-alloc: s212992 r8192 d28672 u262144 alloc=1*2097152
[    0.044612] pcpu-alloc: [0] 00 01 02 03 04 05 06 07 [0] 08 09 10 11 12 13 14 15 
[    0.044640] Built 1 zonelists, mobility grouping on.  Total pages: 3966649
[    0.044641] Policy zone: Normal
[    0.044642] Kernel command line: BOOT_IMAGE=/boot/vmlinuz-linux root=UUID=a1e2e1f9-dbcb-484e-a242-73d5754f8d98 rw quiet resume=UUID=36238c5a-d1ff-4e5f-986a-4d302098cfd7 loglevel=3 audit=0 lsm=landlock,lockdown,yama,apparmor,bpf l1tf=full,force mds=full,nosmt mitigations=auto,nosmt nosmt=force init_on_alloc=1 init_on_free=1 randomize_kstack_offset=on slab_nomerge pti=on slub_debug=ZF slub_debug=P page_poison=1 mem_encrypt=on
[    0.044694] audit: disabled (until reboot)
[    0.044782] mem auto-init: SLAB_POISON will take precedence over init_on_alloc/init_on_free
[    0.044800] Unknown kernel command line parameters "BOOT_IMAGE=/boot/vmlinuz-linux pti=on mem_encrypt=on", will be passed to user space.
[    0.046641] Dentry cache hash table entries: 2097152 (order: 12, 16777216 bytes, linear)
[    0.047556] Inode-cache hash table entries: 1048576 (order: 11, 8388608 bytes, linear)
[    0.047612] mem auto-init: CONFIG_PAGE_POISONING is on, will take precedence over init_on_alloc and init_on_free
[    0.047848] mem auto-init: stack:byref_all(zero), heap alloc:off, heap free:off
[    1.656816] Memory: 15522260K/16119096K available (14344K kernel code, 2071K rwdata, 10792K rodata, 1860K init, 3844K bss, 596576K reserved, 0K cma-reserved)
[    1.656822] **********************************************************
[    1.656822] **   NOTICE NOTICE NOTICE NOTICE NOTICE NOTICE NOTICE   **
[    1.656823] **                                                      **
[    1.656823] ** This system shows unhashed kernel memory addresses   **
[    1.656824] ** via the console, logs, and other interfaces. This    **
[    1.656824] ** might reduce the security of your system.            **
[    1.656824] **                                                      **
[    1.656825] ** If you see this message and you are not debugging    **
[    1.656825] ** the kernel, report this immediately to your system   **
[    1.656825] ** administrator!                                       **
[    1.656826] **                                                      **
[    1.656826] **   NOTICE NOTICE NOTICE NOTICE NOTICE NOTICE NOTICE   **
[    1.656826] **********************************************************
[    1.656829] random: get_random_u64 called from __kmem_cache_create+0x2a/0x540 with crng_init=0
[    1.656985] SLUB: HWalign=64, Order=0-3, MinObjects=0, CPUs=16, Nodes=1
[    1.657001] Kernel/User page tables isolation: enabled
[    1.657023] ftrace: allocating 44294 entries in 174 pages
[    1.668144] ftrace: allocated 174 pages with 5 groups
[    1.668289] rcu: Preemptible hierarchical RCU implementation.
[    1.668290] rcu: 	RCU dyntick-idle grace-period acceleration is enabled.
[    1.668290] rcu: 	RCU restricting CPUs from NR_CPUS=320 to nr_cpu_ids=16.
[    1.668291] rcu: 	RCU priority boosting: priority 1 delay 500 ms.
[    1.668292] 	Trampoline variant of Tasks RCU enabled.
[    1.668292] 	Rude variant of Tasks RCU enabled.
[    1.668293] 	Tracing variant of Tasks RCU enabled.
[    1.668293] rcu: RCU calculated value of scheduler-enlistment delay is 30 jiffies.
[    1.668294] rcu: Adjusting geometry for rcu_fanout_leaf=16, nr_cpu_ids=16
[    1.671707] NR_IRQS: 20736, nr_irqs: 1096, preallocated irqs: 16
[    1.671964] kfence: initialized - using 2097152 bytes for 255 objects at 0xffff918a7dc00000-0xffff918a7de00000
[    1.672131] Console: colour dummy device 80x25
[    1.672144] printk: console [tty0] enabled
[    1.672165] ACPI: Core revision 20210730
[    1.672390] clocksource: hpet: mask: 0xffffffff max_cycles: 0xffffffff, max_idle_ns: 133484873504 ns
[    1.672408] APIC: Switch to symmetric I/O mode setup
[    1.673266] AMD-Vi: ivrs, add hid:AMDI0020, uid:\_SB.FUR0, rdevid:160
[    1.673267] AMD-Vi: ivrs, add hid:AMDI0020, uid:\_SB.FUR1, rdevid:160
[    1.673268] AMD-Vi: ivrs, add hid:AMDI0020, uid:\_SB.FUR2, rdevid:160
[    1.673269] AMD-Vi: ivrs, add hid:AMDI0020, uid:\_SB.FUR3, rdevid:160
[    1.673575] Switched APIC routing to physical flat.
[    1.674330] ..TIMER: vector=0x30 apic1=0 pin1=2 apic2=-1 pin2=-1
[    1.689081] clocksource: tsc-early: mask: 0xffffffffffffffff max_cycles: 0x222b9df0514, max_idle_ns: 440795217257 ns
[    1.689089] Calibrating delay loop (skipped), value calculated using timer frequency.. 4743.68 BogoMIPS (lpj=7901900)
[    1.689091] pid_max: default: 32768 minimum: 301
[    1.715799] LSM: Security Framework initializing
[    1.715816] landlock: Up and running.
[    1.715817] Yama: becoming mindful.
[    1.715853] AppArmor: AppArmor initialized
[    1.715856] LSM support for eBPF active
[    1.715903] Mount-cache hash table entries: 32768 (order: 6, 262144 bytes, linear)
[    1.715939] Mountpoint-cache hash table entries: 32768 (order: 6, 262144 bytes, linear)
[    1.716197] x86/cpu: User Mode Instruction Prevention (UMIP) activated
[    1.716234] LVT offset 1 assigned for vector 0xf9
[    1.716293] LVT offset 2 assigned for vector 0xf4
[    1.716310] Last level iTLB entries: 4KB 1024, 2MB 1024, 4MB 512
[    1.716311] Last level dTLB entries: 4KB 2048, 2MB 2048, 4MB 1024, 1GB 0
[    1.716315] Spectre V1 : Mitigation: usercopy/swapgs barriers and __user pointer sanitization
[    1.716317] Spectre V2 : Mitigation: Full AMD retpoline
[    1.716318] Spectre V2 : Spectre v2 / SpectreRSB mitigation: Filling RSB on context switch
[    1.716318] Spectre V2 : Enabling Restricted Speculation for firmware calls
[    1.716320] Spectre V2 : mitigation: Enabling conditional Indirect Branch Prediction Barrier
[    1.716322] Speculative Store Bypass: Mitigation: Speculative Store Bypass disabled via prctl and seccomp
[    1.718485] Freeing SMP alternatives memory: 36K
[    1.828681] smpboot: CPU0: AMD Ryzen 5 4500U with Radeon Graphics (family: 0x17, model: 0x60, stepping: 0x1)
[    1.828844] Performance Events: Fam17h+ core perfctr, AMD PMU driver.
[    1.828848] ... version:                0
[    1.828849] ... bit width:              48
[    1.828849] ... generic registers:      6
[    1.828850] ... value mask:             0000ffffffffffff
[    1.828850] ... max period:             00007fffffffffff
[    1.828851] ... fixed-purpose events:   0
[    1.828851] ... event mask:             000000000000003f
[    1.828916] rcu: Hierarchical SRCU implementation.
[    1.829085] NMI watchdog: Enabled. Permanently consumes one hw-PMU counter.
[    1.829085] smp: Bringing up secondary CPUs ...
[    1.829085] x86: Booting SMP configuration:
[    1.829085] .... node  #0, CPUs:        #1  #2  #3
[    1.831494] TSC synchronization [CPU#0 -> CPU#3]:
[    1.831496] Measured 3563 cycles TSC warp between CPUs, turning off TSC clock.
[    1.831497] tsc: Marking TSC unstable due to check_tsc_sync_source failed
[    1.832553]   #4  #5
[    1.832817] smp: Brought up 1 node, 6 CPUs
[    1.832817] smpboot: Max logical packages: 3
[    1.832817] smpboot: Total of 6 processors activated (28458.12 BogoMIPS)
[    1.836539] devtmpfs: initialized
[    1.836539] x86/mm: Memory block size: 128MB
[    1.836931] ACPI: PM: Registering ACPI NVS region [mem 0x09f00000-0x09f0ffff] (65536 bytes)
[    1.836931] ACPI: PM: Registering ACPI NVS region [mem 0xccf7f000-0xcdf7efff] (16777216 bytes)
[    1.836931] clocksource: jiffies: mask: 0xffffffff max_cycles: 0xffffffff, max_idle_ns: 6370867519511994 ns
[    1.836931] futex hash table entries: 4096 (order: 6, 262144 bytes, linear)
[    1.839092] pinctrl core: initialized pinctrl subsystem
[    1.839205] PM: RTC time: 04:57:24, date: 2021-12-13
[    1.839919] NET: Registered PF_NETLINK/PF_ROUTE protocol family
[    1.840287] DMA: preallocated 2048 KiB GFP_KERNEL pool for atomic allocations
[    1.840537] DMA: preallocated 2048 KiB GFP_KERNEL|GFP_DMA pool for atomic allocations
[    1.840753] DMA: preallocated 2048 KiB GFP_KERNEL|GFP_DMA32 pool for atomic allocations
[    1.840905] thermal_sys: Registered thermal governor 'fair_share'
[    1.840907] thermal_sys: Registered thermal governor 'bang_bang'
[    1.840907] thermal_sys: Registered thermal governor 'step_wise'
[    1.840908] thermal_sys: Registered thermal governor 'user_space'
[    1.840908] thermal_sys: Registered thermal governor 'power_allocator'
[    1.840926] cpuidle: using governor ladder
[    1.840929] cpuidle: using governor menu
[    1.840956] Simple Boot Flag at 0x44 set to 0x80
[    1.840956] HugeTLB: can free 4094 vmemmap pages for hugepages-1048576kB
[    1.840956] ACPI: bus type PCI registered
[    1.840956] acpiphp: ACPI Hot Plug PCI Controller Driver version: 0.5
[    1.840956] PCI: MMCONFIG for domain 0000 [bus 00-3f] at [mem 0xf8000000-0xfbffffff] (base 0xf8000000)
[    1.840956] PCI: MMCONFIG at [mem 0xf8000000-0xfbffffff] reserved in E820
[    1.840956] PCI: Using configuration type 1 for base access
[    1.843046] Kprobes globally optimized
[    1.843142] HugeTLB: can free 6 vmemmap pages for hugepages-2048kB
[    1.843142] HugeTLB registered 1.00 GiB page size, pre-allocated 0 pages
[    1.843142] HugeTLB registered 2.00 MiB page size, pre-allocated 0 pages
[    1.845866] ACPI: Added _OSI(Module Device)
[    1.845868] ACPI: Added _OSI(Processor Device)
[    1.845868] ACPI: Added _OSI(3.0 _SCP Extensions)
[    1.845869] ACPI: Added _OSI(Processor Aggregator Device)
[    1.845870] ACPI: Added _OSI(Linux-Dell-Video)
[    1.845871] ACPI: Added _OSI(Linux-Lenovo-NV-HDMI-Audio)
[    1.845872] ACPI: Added _OSI(Linux-HPI-Hybrid-Graphics)
[    1.865210] ACPI: 18 ACPI AML tables successfully acquired and loaded
[    1.866879] ACPI: [Firmware Bug]: BIOS _OSI(Linux) query ignored
[    1.870098] ACPI: EC: EC started
[    1.870099] ACPI: EC: interrupt blocked
[    1.872199] ACPI: EC: EC_CMD/EC_SC=0x66, EC_DATA=0x62
[    1.872201] ACPI: \_SB_.PCI0.LPC0.EC0_: Boot DSDT EC used to handle transactions
[    1.872202] ACPI: Interpreter enabled
[    1.872218] ACPI: PM: (supports S0 S4 S5)
[    1.872219] ACPI: Using IOAPIC for interrupt routing
[    1.872444] PCI: Using host bridge windows from ACPI; if necessary, use "pci=nocrs" and report a bug
[    1.875673] ACPI: PM: Power Resource [P0U0]
[    1.875706] ACPI: PM: Power Resource [P3U0]
[    1.876498] ACPI: PM: Power Resource [P0U1]
[    1.876533] ACPI: PM: Power Resource [P3U1]
[    1.877302] ACPI: PM: Power Resource [P0S0]
[    1.877331] ACPI: PM: Power Resource [P3S0]
[    1.877501] ACPI: PM: Power Resource [P0S1]
[    1.877530] ACPI: PM: Power Resource [P3S1]
[    1.883569] ACPI: PCI Root Bridge [PCI0] (domain 0000 [bus 00-ff])
[    1.883575] acpi PNP0A08:00: _OSC: OS supports [ExtendedConfig ASPM ClockPM Segments MSI EDR HPX-Type3]
[    1.883815] acpi PNP0A08:00: _OSC: platform does not support [SHPCHotplug LTR DPC]
[    1.884044] acpi PNP0A08:00: _OSC: OS now controls [PCIeHotplug PME AER PCIeCapability]
[    1.884055] acpi PNP0A08:00: [Firmware Info]: MMCONFIG for domain 0000 [bus 00-3f] only partially covers this bridge
[    1.884414] PCI host bridge to bus 0000:00
[    1.884415] pci_bus 0000:00: root bus resource [io  0x0000-0x0cf7 window]
[    1.884417] pci_bus 0000:00: root bus resource [io  0x0d00-0xffff window]
[    1.884418] pci_bus 0000:00: root bus resource [mem 0x000a0000-0x000bffff window]
[    1.884419] pci_bus 0000:00: root bus resource [mem 0x000c0000-0x000c3fff window]
[    1.884420] pci_bus 0000:00: root bus resource [mem 0x000c4000-0x000c7fff window]
[    1.884421] pci_bus 0000:00: root bus resource [mem 0x000c8000-0x000cbfff window]
[    1.884422] pci_bus 0000:00: root bus resource [mem 0x000cc000-0x000cffff window]
[    1.884423] pci_bus 0000:00: root bus resource [mem 0x000d0000-0x000d3fff window]
[    1.884424] pci_bus 0000:00: root bus resource [mem 0x000d4000-0x000d7fff window]
[    1.884425] pci_bus 0000:00: root bus resource [mem 0x000d8000-0x000dbfff window]
[    1.884426] pci_bus 0000:00: root bus resource [mem 0x000dc000-0x000dffff window]
[    1.884427] pci_bus 0000:00: root bus resource [mem 0x000e0000-0x000e3fff window]
[    1.884428] pci_bus 0000:00: root bus resource [mem 0x000e4000-0x000e7fff window]
[    1.884429] pci_bus 0000:00: root bus resource [mem 0x000e8000-0x000ebfff window]
[    1.884430] pci_bus 0000:00: root bus resource [mem 0x000ec000-0x000effff window]
[    1.884431] pci_bus 0000:00: root bus resource [mem 0xd0000000-0xf7ffffff window]
[    1.884432] pci_bus 0000:00: root bus resource [mem 0xfc000000-0xfed3ffff window]
[    1.884433] pci_bus 0000:00: root bus resource [mem 0x450200000-0xfcffffffff window]
[    1.884434] pci_bus 0000:00: root bus resource [bus 00-ff]
[    1.884470] pci 0000:00:00.0: [1022:1630] type 00 class 0x060000
[    1.884587] pci 0000:00:00.2: [1022:1631] type 00 class 0x080600
[    1.884709] pci 0000:00:01.0: [1022:1632] type 00 class 0x060000
[    1.884808] pci 0000:00:02.0: [1022:1632] type 00 class 0x060000
[    1.884911] pci 0000:00:08.0: [1022:1632] type 00 class 0x060000
[    1.885031] pci 0000:00:08.1: [1022:1635] type 01 class 0x060400
[    1.885051] pci 0000:00:08.1: enabling Extended Tags
[    1.885080] pci 0000:00:08.1: PME# supported from D0 D3hot D3cold
[    1.885229] pci 0000:00:08.2: [1022:1635] type 01 class 0x060400
[    1.885249] pci 0000:00:08.2: enabling Extended Tags
[    1.885277] pci 0000:00:08.2: PME# supported from D0 D3hot D3cold
[    1.885422] pci 0000:00:14.0: [1022:790b] type 00 class 0x0c0500
[    1.885592] pci 0000:00:14.3: [1022:790e] type 00 class 0x060100
[    1.885746] pci 0000:00:18.0: [1022:1448] type 00 class 0x060000
[    1.885827] pci 0000:00:18.1: [1022:1449] type 00 class 0x060000
[    1.885900] pci 0000:00:18.2: [1022:144a] type 00 class 0x060000
[    1.885972] pci 0000:00:18.3: [1022:144b] type 00 class 0x060000
[    1.886047] pci 0000:00:18.4: [1022:144c] type 00 class 0x060000
[    1.886125] pci 0000:00:18.5: [1022:144d] type 00 class 0x060000
[    1.886197] pci 0000:00:18.6: [1022:144e] type 00 class 0x060000
[    1.886270] pci 0000:00:18.7: [1022:144f] type 00 class 0x060000
[    1.886440] pci 0000:01:00.0: [1002:1636] type 00 class 0x030000
[    1.886450] pci 0000:01:00.0: reg 0x10: [mem 0xfce0000000-0xfcefffffff 64bit pref]
[    1.886458] pci 0000:01:00.0: reg 0x18: [mem 0xfcf0000000-0xfcf01fffff 64bit pref]
[    1.886463] pci 0000:01:00.0: reg 0x20: [io  0x1000-0x10ff]
[    1.886467] pci 0000:01:00.0: reg 0x24: [mem 0xd0400000-0xd047ffff]
[    1.886475] pci 0000:01:00.0: enabling Extended Tags
[    1.886487] pci 0000:01:00.0: BAR 0: assigned to efifb
[    1.886525] pci 0000:01:00.0: PME# supported from D1 D2 D3hot D3cold
[    1.886654] pci 0000:01:00.1: [1002:1637] type 00 class 0x040300
[    1.886661] pci 0000:01:00.1: reg 0x10: [mem 0xd04c8000-0xd04cbfff]
[    1.886680] pci 0000:01:00.1: enabling Extended Tags
[    1.886708] pci 0000:01:00.1: PME# supported from D1 D2 D3hot D3cold
[    1.886803] pci 0000:01:00.2: [1022:15df] type 00 class 0x108000
[    1.886815] pci 0000:01:00.2: reg 0x18: [mem 0xd0300000-0xd03fffff]
[    1.886824] pci 0000:01:00.2: reg 0x24: [mem 0xd04cc000-0xd04cdfff]
[    1.886830] pci 0000:01:00.2: enabling Extended Tags
[    1.886950] pci 0000:01:00.3: [1022:1639] type 00 class 0x0c0330
[    1.886959] pci 0000:01:00.3: reg 0x10: [mem 0xd0100000-0xd01fffff 64bit]
[    1.886982] pci 0000:01:00.3: enabling Extended Tags
[    1.887011] pci 0000:01:00.3: PME# supported from D0 D3hot D3cold
[    1.887109] pci 0000:01:00.4: [1022:1639] type 00 class 0x0c0330
[    1.887119] pci 0000:01:00.4: reg 0x10: [mem 0xd0200000-0xd02fffff 64bit]
[    1.887141] pci 0000:01:00.4: enabling Extended Tags
[    1.887170] pci 0000:01:00.4: PME# supported from D0 D3hot D3cold
[    1.887270] pci 0000:01:00.5: [1022:15e2] type 00 class 0x048000
[    1.887277] pci 0000:01:00.5: reg 0x10: [mem 0xd0480000-0xd04bffff]
[    1.887296] pci 0000:01:00.5: enabling Extended Tags
[    1.887323] pci 0000:01:00.5: PME# supported from D0 D3hot D3cold
[    1.887420] pci 0000:01:00.6: [1022:15e3] type 00 class 0x040300
[    1.887427] pci 0000:01:00.6: reg 0x10: [mem 0xd04c0000-0xd04c7fff]
[    1.887447] pci 0000:01:00.6: enabling Extended Tags
[    1.887474] pci 0000:01:00.6: PME# supported from D0 D3hot D3cold
[    1.887565] pci 0000:00:08.1: PCI bridge to [bus 01]
[    1.887567] pci 0000:00:08.1:   bridge window [io  0x1000-0x1fff]
[    1.887569] pci 0000:00:08.1:   bridge window [mem 0xd0100000-0xd04fffff]
[    1.887572] pci 0000:00:08.1:   bridge window [mem 0xfce0000000-0xfcf01fffff 64bit pref]
[    1.887623] pci 0000:02:00.0: [1022:7901] type 00 class 0x010601
[    1.887649] pci 0000:02:00.0: reg 0x24: [mem 0xd0001000-0xd00017ff]
[    1.887657] pci 0000:02:00.0: enabling Extended Tags
[    1.887777] pci 0000:02:00.1: [1022:7901] type 00 class 0x010601
[    1.887803] pci 0000:02:00.1: reg 0x24: [mem 0xd0000000-0xd00007ff]
[    1.887811] pci 0000:02:00.1: enabling Extended Tags
[    1.887914] pci 0000:00:08.2: PCI bridge to [bus 02]
[    1.887917] pci 0000:00:08.2:   bridge window [mem 0xd0000000-0xd00fffff]
[    1.889644] ACPI: PCI: Interrupt link LNKA configured for IRQ 0
[    1.889646] ACPI: PCI: Interrupt link LNKA disabled
[    1.889740] ACPI: PCI: Interrupt link LNKB configured for IRQ 0
[    1.889741] ACPI: PCI: Interrupt link LNKB disabled
[    1.889816] ACPI: PCI: Interrupt link LNKC configured for IRQ 0
[    1.889817] ACPI: PCI: Interrupt link LNKC disabled
[    1.889910] ACPI: PCI: Interrupt link LNKD configured for IRQ 0
[    1.889910] ACPI: PCI: Interrupt link LNKD disabled
[    1.889997] ACPI: PCI: Interrupt link LNKE configured for IRQ 0
[    1.889998] ACPI: PCI: Interrupt link LNKE disabled
[    1.890066] ACPI: PCI: Interrupt link LNKF configured for IRQ 0
[    1.890067] ACPI: PCI: Interrupt link LNKF disabled
[    1.890136] ACPI: PCI: Interrupt link LNKG configured for IRQ 0
[    1.890136] ACPI: PCI: Interrupt link LNKG disabled
[    1.890205] ACPI: PCI: Interrupt link LNKH configured for IRQ 0
[    1.890205] ACPI: PCI: Interrupt link LNKH disabled
[    1.892282] ACPI: EC: interrupt unblocked
[    1.892284] ACPI: EC: event unblocked
[    1.892289] ACPI: EC: EC_CMD/EC_SC=0x66, EC_DATA=0x62
[    1.892289] ACPI: EC: GPE=0x3
[    1.892290] ACPI: \_SB_.PCI0.LPC0.EC0_: Boot DSDT EC initialization complete
[    1.892292] ACPI: \_SB_.PCI0.LPC0.EC0_: EC: Used to handle transactions and events
[    1.892318] iommu: Default domain type: Translated 
[    1.892318] iommu: DMA domain TLB invalidation policy: lazy mode 
[    1.892434] pci 0000:01:00.0: vgaarb: VGA device added: decodes=io+mem,owns=none,locks=none
[    1.892437] pci 0000:01:00.0: vgaarb: bridge control possible
[    1.892438] pci 0000:01:00.0: vgaarb: setting as boot device
[    1.892439] vgaarb: loaded
[    1.892643] SCSI subsystem initialized
[    1.892651] libata version 3.00 loaded.
[    1.892651] ACPI: bus type USB registered
[    1.892651] usbcore: registered new interface driver usbfs
[    1.892651] usbcore: registered new interface driver hub
[    1.892651] usbcore: registered new device driver usb
[    1.895848] pps_core: LinuxPPS API ver. 1 registered
[    1.895849] pps_core: Software ver. 5.3.6 - Copyright 2005-2007 Rodolfo Giometti <giometti@linux.it>
[    1.895852] PTP clock support registered
[    1.895863] EDAC MC: Ver: 3.0.0
[    1.895907] Registered efivars operations
[    1.895919] NetLabel: Initializing
[    1.895921] NetLabel:  domain hash size = 128
[    1.895922] NetLabel:  protocols = UNLABELED CIPSOv4 CALIPSO
[    1.895934] NetLabel:  unlabeled traffic allowed by default
[    1.895937] PCI: Using ACPI for IRQ routing
[    1.898002] PCI: pci_cache_line_size set to 64 bytes
[    1.898034] e820: reserve RAM buffer [mem 0x0009f000-0x0009ffff]
[    1.898036] e820: reserve RAM buffer [mem 0x09b00000-0x0bffffff]
[    1.898037] e820: reserve RAM buffer [mem 0x09f00000-0x0bffffff]
[    1.898037] e820: reserve RAM buffer [mem 0xb3288000-0xb3ffffff]
[    1.898038] e820: reserve RAM buffer [mem 0xbab69000-0xbbffffff]
[    1.898039] e820: reserve RAM buffer [mem 0xc9f7f000-0xcbffffff]
[    1.898040] e820: reserve RAM buffer [mem 0xce000000-0xcfffffff]
[    1.898041] e820: reserve RAM buffer [mem 0x40f340000-0x40fffffff]
[    1.898047] hpet0: at MMIO 0xfed00000, IRQs 2, 8, 0
[    1.898047] hpet0: 3 comparators, 32-bit 14.318180 MHz counter
[    1.900428] clocksource: Switched to clocksource hpet
[    1.909382] VFS: Disk quotas dquot_6.6.0
[    1.909400] VFS: Dquot-cache hash table entries: 512 (order 0, 4096 bytes)
[    1.909543] AppArmor: AppArmor Filesystem Enabled
[    1.909595] pnp: PnP ACPI init
[    1.909876] system 00:00: [mem 0xfec00000-0xfec01fff] could not be reserved
[    1.909880] system 00:00: [mem 0xfee00000-0xfee00fff] has been reserved
[    1.909882] system 00:00: [mem 0xfde00000-0xfdefffff] has been reserved
[    1.910126] system 00:03: [io  0x0400-0x04cf] has been reserved
[    1.910128] system 00:03: [io  0x04d0-0x04d1] has been reserved
[    1.910129] system 00:03: [io  0x04d6] has been reserved
[    1.910130] system 00:03: [io  0x0c00-0x0c01] has been reserved
[    1.910132] system 00:03: [io  0x0c14] has been reserved
[    1.910133] system 00:03: [io  0x0c50-0x0c52] has been reserved
[    1.910134] system 00:03: [io  0x0c6c] has been reserved
[    1.910135] system 00:03: [io  0x0c6f] has been reserved
[    1.910136] system 00:03: [io  0x0cd0-0x0cdb] has been reserved
[    1.910211] system 00:04: [mem 0x000e0000-0x000fffff] could not be reserved
[    1.910213] system 00:04: [mem 0xff000000-0xffffffff] could not be reserved
[    1.911882] pnp: PnP ACPI: found 5 devices
[    1.920486] clocksource: acpi_pm: mask: 0xffffff max_cycles: 0xffffff, max_idle_ns: 2085701024 ns
[    1.920644] NET: Registered PF_INET protocol family
[    1.921366] IP idents hash table entries: 262144 (order: 9, 2097152 bytes, linear)
[    1.922644] tcp_listen_portaddr_hash hash table entries: 8192 (order: 5, 131072 bytes, linear)
[    1.922780] TCP established hash table entries: 131072 (order: 8, 1048576 bytes, linear)
[    1.923013] TCP bind hash table entries: 65536 (order: 8, 1048576 bytes, linear)
[    1.923239] TCP: Hash tables configured (established 131072 bind 65536)
[    1.923403] MPTCP token hash table entries: 16384 (order: 6, 393216 bytes, linear)
[    1.923462] UDP hash table entries: 8192 (order: 6, 262144 bytes, linear)
[    1.923514] UDP-Lite hash table entries: 8192 (order: 6, 262144 bytes, linear)
[    1.923602] NET: Registered PF_UNIX/PF_LOCAL protocol family
[    1.923608] NET: Registered PF_XDP protocol family
[    1.923622] pci 0000:00:08.1: PCI bridge to [bus 01]
[    1.923626] pci 0000:00:08.1:   bridge window [io  0x1000-0x1fff]
[    1.923631] pci 0000:00:08.1:   bridge window [mem 0xd0100000-0xd04fffff]
[    1.923633] pci 0000:00:08.1:   bridge window [mem 0xfce0000000-0xfcf01fffff 64bit pref]
[    1.923636] pci 0000:00:08.2: PCI bridge to [bus 02]
[    1.923639] pci 0000:00:08.2:   bridge window [mem 0xd0000000-0xd00fffff]
[    1.923644] pci_bus 0000:00: resource 4 [io  0x0000-0x0cf7 window]
[    1.923646] pci_bus 0000:00: resource 5 [io  0x0d00-0xffff window]
[    1.923647] pci_bus 0000:00: resource 6 [mem 0x000a0000-0x000bffff window]
[    1.923648] pci_bus 0000:00: resource 7 [mem 0x000c0000-0x000c3fff window]
[    1.923649] pci_bus 0000:00: resource 8 [mem 0x000c4000-0x000c7fff window]
[    1.923650] pci_bus 0000:00: resource 9 [mem 0x000c8000-0x000cbfff window]
[    1.923651] pci_bus 0000:00: resource 10 [mem 0x000cc000-0x000cffff window]
[    1.923652] pci_bus 0000:00: resource 11 [mem 0x000d0000-0x000d3fff window]
[    1.923653] pci_bus 0000:00: resource 12 [mem 0x000d4000-0x000d7fff window]
[    1.923654] pci_bus 0000:00: resource 13 [mem 0x000d8000-0x000dbfff window]
[    1.923655] pci_bus 0000:00: resource 14 [mem 0x000dc000-0x000dffff window]
[    1.923656] pci_bus 0000:00: resource 15 [mem 0x000e0000-0x000e3fff window]
[    1.923657] pci_bus 0000:00: resource 16 [mem 0x000e4000-0x000e7fff window]
[    1.923658] pci_bus 0000:00: resource 17 [mem 0x000e8000-0x000ebfff window]
[    1.923658] pci_bus 0000:00: resource 18 [mem 0x000ec000-0x000effff window]
[    1.923659] pci_bus 0000:00: resource 19 [mem 0xd0000000-0xf7ffffff window]
[    1.923660] pci_bus 0000:00: resource 20 [mem 0xfc000000-0xfed3ffff window]
[    1.923661] pci_bus 0000:00: resource 21 [mem 0x450200000-0xfcffffffff window]
[    1.923663] pci_bus 0000:01: resource 0 [io  0x1000-0x1fff]
[    1.923664] pci_bus 0000:01: resource 1 [mem 0xd0100000-0xd04fffff]
[    1.923664] pci_bus 0000:01: resource 2 [mem 0xfce0000000-0xfcf01fffff 64bit pref]
[    1.923666] pci_bus 0000:02: resource 1 [mem 0xd0000000-0xd00fffff]
[    1.923820] pci 0000:01:00.1: D0 power state depends on 0000:01:00.0
[    1.923856] pci 0000:01:00.3: extending delay after power-on from D3hot to 20 msec
[    1.925231] pci 0000:01:00.4: extending delay after power-on from D3hot to 20 msec
[    1.965424] pci 0000:01:00.4: quirk_usb_early_handoff+0x0/0x750 took 39247 usecs
[    1.965438] PCI: CLS 64 bytes, default 64
[    1.965451] pci 0000:00:00.2: AMD-Vi: IOMMU performance counters supported
[    1.965509] Trying to unpack rootfs image as initramfs...
[    1.965519] pci 0000:00:00.2: can't derive routing for PCI INT A
[    1.965520] pci 0000:00:00.2: PCI INT A: not connected
[    1.965543] pci 0000:00:01.0: Adding to iommu group 0
[    1.965559] pci 0000:00:02.0: Adding to iommu group 1
[    1.965575] pci 0000:00:08.0: Adding to iommu group 2
[    1.965583] pci 0000:00:08.1: Adding to iommu group 2
[    1.965590] pci 0000:00:08.2: Adding to iommu group 2
[    1.965603] pci 0000:00:14.0: Adding to iommu group 3
[    1.965613] pci 0000:00:14.3: Adding to iommu group 3
[    1.965637] pci 0000:00:18.0: Adding to iommu group 4
[    1.965644] pci 0000:00:18.1: Adding to iommu group 4
[    1.965652] pci 0000:00:18.2: Adding to iommu group 4
[    1.965660] pci 0000:00:18.3: Adding to iommu group 4
[    1.965667] pci 0000:00:18.4: Adding to iommu group 4
[    1.965675] pci 0000:00:18.5: Adding to iommu group 4
[    1.965685] pci 0000:00:18.6: Adding to iommu group 4
[    1.965692] pci 0000:00:18.7: Adding to iommu group 4
[    1.965707] pci 0000:01:00.0: Adding to iommu group 2
[    1.965711] pci 0000:01:00.1: Adding to iommu group 2
[    1.965716] pci 0000:01:00.2: Adding to iommu group 2
[    1.965721] pci 0000:01:00.3: Adding to iommu group 2
[    1.965726] pci 0000:01:00.4: Adding to iommu group 2
[    1.965733] pci 0000:01:00.5: Adding to iommu group 2
[    1.965738] pci 0000:01:00.6: Adding to iommu group 2
[    1.965743] pci 0000:02:00.0: Adding to iommu group 2
[    1.965748] pci 0000:02:00.1: Adding to iommu group 2
[    1.967314] pci 0000:00:00.2: AMD-Vi: Found IOMMU cap 0x40
[    1.967320] AMD-Vi: Extended features (0x206d73ef22254ade): PPR X2APIC NX GT IA GA PC GA_vAPIC
[    1.967324] AMD-Vi: Interrupt remapping enabled
[    1.967325] AMD-Vi: Virtual APIC enabled
[    1.967325] AMD-Vi: X2APIC enabled
[    1.967580] software IO TLB: tearing down default memory pool
[    1.975531] LVT offset 0 assigned for vector 0x400
[    1.975932] perf: AMD IBS detected (0x000003ff)
[    1.975938] perf/amd_iommu: Detected AMD IOMMU #0 (2 banks, 4 counters/bank).
[    1.978164] Initialise system trusted keyrings
[    1.978178] Key type blacklist registered
[    1.978308] workingset: timestamp_bits=41 max_order=22 bucket_order=0
[    1.979833] zbud: loaded
[    1.983096] Key type asymmetric registered
[    1.983097] Asymmetric key parser 'x509' registered
[    1.983130] Block layer SCSI generic (bsg) driver version 0.4 loaded (major 242)
[    1.983253] io scheduler mq-deadline registered
[    1.983255] io scheduler kyber registered
[    1.983285] io scheduler bfq registered
[    1.983824] pcieport 0000:00:08.1: PME: Signaling with IRQ 26
[    1.984042] pcieport 0000:00:08.2: PME: Signaling with IRQ 27
[    1.984122] shpchp: Standard Hot Plug PCI Controller Driver version: 0.4
[    1.985461] ACPI: AC: AC Adapter [ACAD] (on-line)
[    1.985500] input: Power Button as /devices/LNXSYSTM:00/LNXSYBUS:00/PNP0C0C:00/input/input0
[    1.985518] ACPI: button: Power Button [PWRB]
[    1.985545] input: Lid Switch as /devices/LNXSYSTM:00/LNXSYBUS:00/PNP0A08:00/device:2a/PNP0C09:00/PNP0C0D:00/input/input1
[    1.985560] ACPI: button: Lid Switch [LID0]
[    1.985595] Monitor-Mwait will be used to enter C-1 state
[    1.985605] ACPI: \_SB_.PLTF.C000: Found 3 idle states
[    1.985611] ACPI: FW issue: working around C-state latencies out of order
[    1.985805] ACPI: \_SB_.PLTF.C001: Found 3 idle states
[    1.985813] ACPI: FW issue: working around C-state latencies out of order
[    1.985914] ACPI: \_SB_.PLTF.C002: Found 3 idle states
[    1.985919] ACPI: FW issue: working around C-state latencies out of order
[    1.986023] ACPI: \_SB_.PLTF.C003: Found 3 idle states
[    1.986028] ACPI: FW issue: working around C-state latencies out of order
[    1.986134] ACPI: \_SB_.PLTF.C004: Found 3 idle states
[    1.986138] ACPI: FW issue: working around C-state latencies out of order
[    1.986351] ACPI: \_SB_.PLTF.C005: Found 3 idle states
[    1.986356] ACPI: FW issue: working around C-state latencies out of order
[    1.988345] thermal LNXTHERM:00: registered as thermal_zone0
[    1.988349] ACPI: thermal: Thermal Zone [TZ0] (50 C)
[    1.988649] Serial: 8250/16550 driver, 32 ports, IRQ sharing enabled
[    1.990784] Non-volatile memory driver v1.3
[    1.990786] Linux agpgart interface v0.103
[    1.990870] AMD-Vi: AMD IOMMUv2 loaded and initialized
[    1.991827] ahci 0000:02:00.0: version 3.0
[    1.991998] ahci 0000:02:00.0: AHCI 0001.0301 32 slots 1 ports 6 Gbps 0x1 impl SATA mode
[    1.992000] ahci 0000:02:00.0: flags: 64bit ncq sntf ilck pm led clo only pmp fbs pio slum part 
[    1.992176] scsi host0: ahci
[    1.992235] ata1: SATA max UDMA/133 abar m2048@0xd0001000 port 0xd0001100 irq 29
[    1.992353] ahci 0000:02:00.1: AHCI 0001.0301 32 slots 1 ports 6 Gbps 0x1 impl SATA mode
[    1.992355] ahci 0000:02:00.1: flags: 64bit ncq sntf ilck pm led clo only pmp fbs pio slum part deso sadm sds 
[    1.992546] scsi host1: ahci
[    1.992587] ata2: SATA max UDMA/133 abar m2048@0xd0000000 port 0xd0000100 irq 31
[    1.992612] ehci_hcd: USB 2.0 'Enhanced' Host Controller (EHCI) Driver
[    1.992619] ehci-pci: EHCI PCI platform driver
[    1.992630] ohci_hcd: USB 1.1 'Open' Host Controller (OHCI) Driver
[    1.992632] ohci-pci: OHCI PCI platform driver
[    1.992637] uhci_hcd: USB Universal Host Controller Interface driver
[    1.992713] usbcore: registered new interface driver usbserial_generic
[    1.992718] usbserial: USB Serial support registered for generic
[    1.992831] rtc_cmos 00:01: RTC can wake from S4
[    1.993059] rtc_cmos 00:01: registered as rtc0
[    1.993094] rtc_cmos 00:01: setting system clock to 2021-12-13T04:57:25 UTC (1639371445)
[    1.993107] rtc_cmos 00:01: alarms up to one month, 114 bytes nvram, hpet irqs
[    1.993255] ledtrig-cpu: registered to indicate activity on CPUs
[    1.993468] efifb: probing for efifb
[    1.993478] efifb: framebuffer at 0xfce0000000, using 8128k, total 8128k
[    1.993479] efifb: mode is 1920x1080x32, linelength=7680, pages=1
[    1.993480] efifb: scrolling: redraw
[    1.993481] efifb: Truecolor: size=8:8:8:8, shift=24:16:8:0
[    1.993520] fbcon: Deferring console take-over
[    1.993520] fb0: EFI VGA frame buffer device
[    1.993542] hid: raw HID events driver (C) Jiri Kosina
[    1.993612] drop_monitor: Initializing network drop monitor service
[    1.993660] Initializing XFRM netlink socket
[    1.993757] NET: Registered PF_INET6 protocol family
[    2.007439] ACPI: battery: Slot [BATT] (battery present)
[    2.306559] ata1: SATA link down (SStatus 0 SControl 300)
[    2.352764] Freeing initrd memory: 10656K
[    2.359628] Segment Routing with IPv6
[    2.359631] RPL Segment Routing with IPv6
[    2.359648] In-situ OAM (IOAM) with IPv6
[    2.359673] NET: Registered PF_PACKET protocol family
[    2.361467] microcode: CPU0: patch_level=0x08600106
[    2.361493] microcode: CPU1: patch_level=0x08600106
[    2.361498] microcode: CPU2: patch_level=0x08600106
[    2.361513] microcode: CPU3: patch_level=0x08600106
[    2.361552] microcode: CPU4: patch_level=0x08600106
[    2.361589] microcode: CPU5: patch_level=0x08600106
[    2.361597] microcode: Microcode Update Driver: v2.2.
[    2.361836] resctrl: L3 allocation detected
[    2.361840] resctrl: MB allocation detected
[    2.361840] resctrl: L3 monitoring detected
[    2.361846] IPI shorthand broadcast: enabled
[    2.362089] registered taskstats version 1
[    2.362380] Loading compiled-in X.509 certificates
[    2.365239] Loaded X.509 cert 'Build time autogenerated kernel key: ffeacdc3b63e16caac9462699fabf7f282bd1360'
[    2.366427] zswap: loaded using pool lz4/z3fold
[    2.367237] Key type ._fscrypt registered
[    2.367239] Key type .fscrypt registered
[    2.367240] Key type fscrypt-provisioning registered
[    2.367301] AppArmor: AppArmor sha1 policy hashing enabled
[    2.367679] PM:   Magic number: 1:877:969
[    2.367913] RAS: Correctable Errors collector initialized.
[    2.462693] ata2: SATA link up 6.0 Gbps (SStatus 133 SControl 300)
[    2.465403] ata2.00: ATA-11: SAMSUNG MZNLH512HALU-00000, RVT2200Q, max UDMA/133
[    2.466593] ata2.00: 1000215216 sectors, multi 16: LBA48 NCQ (depth 32), AA
[    2.468422] ata2.00: Features: Dev-Sleep NCQ-sndrcv
[    2.471510] ata2.00: configured for UDMA/133
[    2.471711] ata2.00: failed to enable DEVSLP
[    2.471725] ata2.00: failed to enable DIPM, Emask 0x40
[    7.952680] ata2: SATA link up 6.0 Gbps (SStatus 133 SControl 300)
[    7.960666] ata2.00: configured for UDMA/133
[    7.961303] scsi 1:0:0:0: Direct-Access     ATA      SAMSUNG MZNLH512 200Q PQ: 0 ANSI: 5
[    7.961655] sd 1:0:0:0: [sda] 1000215216 512-byte logical blocks: (512 GB/477 GiB)
[    7.961665] sd 1:0:0:0: [sda] Write Protect is off
[    7.961666] sd 1:0:0:0: [sda] Mode Sense: 00 3a 00 00
[    7.961678] sd 1:0:0:0: [sda] Write cache: enabled, read cache: enabled, doesn't support DPO or FUA
[    7.992290]  sda: sda1 sda2 sda3
[    8.006193] sd 1:0:0:0: [sda] Attached SCSI disk
[    8.006355] Unstable clock detected, switching default tracing clock to "global"
               If you want to keep using the local clock, then add:
                 "trace_clock=local"
               on the kernel command line
[    8.008417] Freeing unused decrypted memory: 2036K
[    8.008787] Freeing unused kernel image (initmem) memory: 1860K
[    8.042681] Write protecting the kernel read-only data: 28672k
[    8.043615] Freeing unused kernel image (text/rodata gap) memory: 2036K
[    8.044108] Freeing unused kernel image (rodata/data gap) memory: 1496K
[    8.069635] x86/mm: Checked W+X mappings: passed, no W+X pages found.
[    8.069644] rodata_test: all tests were successful
[    8.069646] x86/mm: Checking user space page tables
[    8.094057] x86/mm: Checked W+X mappings: passed, no W+X pages found.
[    8.094083] Run /init as init process
[    8.094085]   with arguments:
[    8.094086]     /init
[    8.094087]   with environment:
[    8.094087]     HOME=/
[    8.094088]     TERM=linux
[    8.094089]     BOOT_IMAGE=/boot/vmlinuz-linux
[    8.094089]     pti=on
[    8.094090]     mem_encrypt=on
[    8.118641] fbcon: Taking over console
[    8.118716] Console: switching to colour frame buffer device 240x67
[    8.219705] i8042: PNP: PS/2 Controller [PNP0303:KBC0] at 0x60,0x64 irq 1
[    8.219708] i8042: PNP: PS/2 appears to have AUX port disabled, if this is incorrect please boot with i8042.nopnp
[    8.220424] xhci_hcd 0000:01:00.3: xHCI Host Controller
[    8.220431] xhci_hcd 0000:01:00.3: new USB bus registered, assigned bus number 1
[    8.220533] xhci_hcd 0000:01:00.3: hcc params 0x0268ffe5 hci version 0x110 quirks 0x0000020000000410
[    8.220924] usb usb1: New USB device found, idVendor=1d6b, idProduct=0002, bcdDevice= 5.15
[    8.220926] usb usb1: New USB device strings: Mfr=3, Product=2, SerialNumber=1
[    8.220928] usb usb1: Product: xHCI Host Controller
[    8.220929] usb usb1: Manufacturer: Linux 5.15.7-arch1-1 xhci-hcd
[    8.220930] usb usb1: SerialNumber: 0000:01:00.3
[    8.221094] hub 1-0:1.0: USB hub found
[    8.221105] hub 1-0:1.0: 4 ports detected
[    8.221375] serio: i8042 KBD port at 0x60,0x64 irq 1
[    8.222095] xhci_hcd 0000:01:00.3: xHCI Host Controller
[    8.222101] xhci_hcd 0000:01:00.3: new USB bus registered, assigned bus number 2
[    8.222105] xhci_hcd 0000:01:00.3: Host supports USB 3.1 Enhanced SuperSpeed
[    8.222123] usb usb2: We don't know the algorithms for LPM for this host, disabling LPM.
[    8.222147] usb usb2: New USB device found, idVendor=1d6b, idProduct=0003, bcdDevice= 5.15
[    8.222149] usb usb2: New USB device strings: Mfr=3, Product=2, SerialNumber=1
[    8.222150] usb usb2: Product: xHCI Host Controller
[    8.222151] usb usb2: Manufacturer: Linux 5.15.7-arch1-1 xhci-hcd
[    8.222153] usb usb2: SerialNumber: 0000:01:00.3
[    8.222287] hub 2-0:1.0: USB hub found
[    8.222294] hub 2-0:1.0: 2 ports detected
[    8.222610] xhci_hcd 0000:01:00.4: xHCI Host Controller
[    8.222614] xhci_hcd 0000:01:00.4: new USB bus registered, assigned bus number 3
[    8.222717] xhci_hcd 0000:01:00.4: hcc params 0x0268ffe5 hci version 0x110 quirks 0x0000020000000410
[    8.223065] usb usb3: New USB device found, idVendor=1d6b, idProduct=0002, bcdDevice= 5.15
[    8.223067] usb usb3: New USB device strings: Mfr=3, Product=2, SerialNumber=1
[    8.223069] usb usb3: Product: xHCI Host Controller
[    8.223070] usb usb3: Manufacturer: Linux 5.15.7-arch1-1 xhci-hcd
[    8.223070] usb usb3: SerialNumber: 0000:01:00.4
[    8.223211] hub 3-0:1.0: USB hub found
[    8.223219] hub 3-0:1.0: 4 ports detected
[    8.223473] xhci_hcd 0000:01:00.4: xHCI Host Controller
[    8.223476] xhci_hcd 0000:01:00.4: new USB bus registered, assigned bus number 4
[    8.223478] xhci_hcd 0000:01:00.4: Host supports USB 3.1 Enhanced SuperSpeed
[    8.223492] usb usb4: We don't know the algorithms for LPM for this host, disabling LPM.
[    8.223512] usb usb4: New USB device found, idVendor=1d6b, idProduct=0003, bcdDevice= 5.15
[    8.223513] usb usb4: New USB device strings: Mfr=3, Product=2, SerialNumber=1
[    8.223514] usb usb4: Product: xHCI Host Controller
[    8.223515] usb usb4: Manufacturer: Linux 5.15.7-arch1-1 xhci-hcd
[    8.223516] usb usb4: SerialNumber: 0000:01:00.4
[    8.223646] hub 4-0:1.0: USB hub found
[    8.223653] hub 4-0:1.0: 2 ports detected
[    8.234954] random: fast init done
[    8.258795] PM: Image not found (code -22)
[    8.260253] input: AT Translated Set 2 keyboard as /devices/platform/i8042/serio0/input/input2
[    8.340840] EXT4-fs (sda2): mounted filesystem with ordered data mode. Opts: (null). Quota mode: none.
[    8.469477] systemd[1]: systemd 249.7-2-arch running in system mode (+PAM +AUDIT -SELINUX -APPARMOR -IMA +SMACK +SECCOMP +GCRYPT +GNUTLS +OPENSSL +ACL +BLKID +CURL +ELFUTILS +FIDO2 +IDN2 -IDN +IPTC +KMOD +LIBCRYPTSETUP +LIBFDISK +PCRE2 -PWQUALITY +P11KIT -QRENCODE +BZIP2 +LZ4 +XZ +ZLIB +ZSTD +XKBCOMMON +UTMP -SYSVINIT default-hierarchy=unified)
[    8.475942] usb 3-2: new high-speed USB device number 2 using xhci_hcd
[    8.486298] systemd[1]: Detected architecture x86-64.
[    8.487193] systemd[1]: Hostname set to <mksredmibook14ii>.
[    8.541835] random: lvmconfig: uninitialized urandom read (4 bytes read)
[    8.606173] systemd[1]: Queued start job for default target Graphical Interface.
[    8.607592] systemd[1]: Created slice Slice /system/getty.
[    8.607905] systemd[1]: Created slice Slice /system/modprobe.
[    8.608209] systemd[1]: Created slice Slice /system/systemd-fsck.
[    8.608399] systemd[1]: Created slice User and Session Slice.
[    8.608479] systemd[1]: Started Dispatch Password Requests to Console Directory Watch.
[    8.608542] systemd[1]: Started Forward Password Requests to Wall Directory Watch.
[    8.608716] systemd[1]: Set up automount Arbitrary Executable File Formats File System Automount Point.
[    8.608778] systemd[1]: Reached target Local Encrypted Volumes.
[    8.608802] systemd[1]: Reached target Login Prompts.
[    8.608837] systemd[1]: Reached target Path Units.
[    8.608861] systemd[1]: Reached target Remote File Systems.
[    8.608882] systemd[1]: Reached target Slice Units.
[    8.608918] systemd[1]: Reached target Local Verity Protected Volumes.
[    8.608988] systemd[1]: Listening on Device-mapper event daemon FIFOs.
[    8.609342] systemd[1]: Listening on LVM2 poll daemon socket.
[    8.610365] systemd[1]: Listening on Process Core Dump Socket.
[    8.613250] systemd[1]: Condition check resulted in Journal Audit Socket being skipped.
[    8.614127] systemd[1]: Listening on Journal Socket (/dev/log).
[    8.614270] systemd[1]: Listening on Journal Socket.
[    8.615127] systemd[1]: Listening on udev Control Socket.
[    8.615267] systemd[1]: Listening on udev Kernel Socket.
[    8.616157] systemd[1]: Mounting Huge Pages File System...
[    8.616951] systemd[1]: Mounting POSIX Message Queue File System...
[    8.617890] systemd[1]: Mounting Kernel Debug File System...
[    8.618647] systemd[1]: Mounting Kernel Trace File System...
[    8.619967] systemd[1]: Starting Create List of Static Device Nodes...
[    8.620853] systemd[1]: Starting Monitoring of LVM2 mirrors, snapshots etc. using dmeventd or progress polling...
[    8.621161] usb 3-2: New USB device found, idVendor=0bda, idProduct=8152, bcdDevice=20.00
[    8.621169] usb 3-2: New USB device strings: Mfr=1, Product=2, SerialNumber=3
[    8.621172] usb 3-2: Product: USB 10/100 LAN
[    8.621174] usb 3-2: Manufacturer: Realtek
[    8.621176] usb 3-2: SerialNumber: 00E04C360696
[    8.621612] systemd[1]: Starting Load Kernel Module configfs...
[    8.622327] systemd[1]: Starting Load Kernel Module drm...
[    8.623307] systemd[1]: Starting Load Kernel Module fuse...
[    8.623471] random: lvm: uninitialized urandom read (4 bytes read)
[    8.624430] systemd[1]: Condition check resulted in Set Up Additional Binary Formats being skipped.
[    8.624477] systemd[1]: Condition check resulted in File System Check on Root Device being skipped.
[    8.626110] systemd[1]: Starting Journal Service...
[    8.627464] systemd[1]: Starting Load Kernel Modules...
[    8.628227] systemd[1]: Starting Remount Root and Kernel File Systems...
[    8.628303] systemd[1]: Condition check resulted in Repartition Root Disk being skipped.
[    8.629038] systemd[1]: Starting Coldplug All udev Devices...
[    8.630520] systemd[1]: Mounted Huge Pages File System.
[    8.630636] systemd[1]: Mounted POSIX Message Queue File System.
[    8.630725] systemd[1]: Mounted Kernel Debug File System.
[    8.630811] systemd[1]: Mounted Kernel Trace File System.
[    8.631126] systemd[1]: Finished Create List of Static Device Nodes.
[    8.632595] fuse: init (API version 7.34)
[    8.632987] systemd[1]: modprobe@configfs.service: Deactivated successfully.
[    8.633269] systemd[1]: Finished Load Kernel Module configfs.
[    8.633448] EXT4-fs (sda2): re-mounted. Opts: (null). Quota mode: none.
[    8.633603] systemd[1]: modprobe@drm.service: Deactivated successfully.
[    8.633836] systemd[1]: Finished Load Kernel Module drm.
[    8.634536] systemd[1]: modprobe@fuse.service: Deactivated successfully.
[    8.634840] systemd[1]: Finished Load Kernel Module fuse.
[    8.635218] systemd[1]: Finished Remount Root and Kernel File Systems.
[    8.636349] systemd[1]: Mounting FUSE Control File System...
[    8.637238] systemd[1]: Mounting Kernel Configuration File System...
[    8.637330] systemd[1]: Condition check resulted in First Boot Wizard being skipped.
[    8.638411] systemd[1]: Condition check resulted in Rebuild Hardware Database being skipped.
[    8.639427] systemd[1]: Starting Load/Save Random Seed...
[    8.640766] systemd[1]: Starting Create System Users...
[    8.641916] systemd[1]: Finished Load Kernel Modules.
[    8.642989] systemd[1]: Mounted FUSE Control File System.
[    8.643085] systemd[1]: Mounted Kernel Configuration File System.
[    8.643936] systemd[1]: Starting Apply Kernel Variables...
[    8.651721] systemd[1]: Finished Apply Kernel Variables.
[    8.657491] systemd[1]: Finished Create System Users.
[    8.658826] systemd[1]: Starting Create Static Device Nodes in /dev...
[    8.664949] systemd[1]: Finished Monitoring of LVM2 mirrors, snapshots etc. using dmeventd or progress polling.
[    8.685877] systemd[1]: Started Journal Service.
[    8.691008] systemd-journald[241]: Received client request to flush runtime journal.
[    8.754914] usbcore: registered new interface driver r8152
[    8.762951] usbcore: registered new interface driver cdc_ether
[    8.777668] acpi_cpufreq: overriding BIOS provided _PSD data
[    8.813064] acpi PNP0C14:01: duplicate WMI GUID 05901221-D566-11D1-B2F0-00A0C9062910 (first instance was on PNP0C14:00)
[    8.820373] ACPI: video: Video Device [VGA] (multi-head: yes  rom: no  post: no)
[    8.820962] acpi device:0e: registered as cooling_device6
[    8.821071] input: Video Bus as /devices/LNXSYSTM:00/LNXSYBUS:00/PNP0A08:00/device:0d/LNXVIDEO:00/input/input3
[    8.850457] piix4_smbus 0000:00:14.0: SMBus Host Controller at 0xb00, revision 0
[    8.850462] piix4_smbus 0000:00:14.0: Using register 0x02 for SMBus port selection
[    8.850555] piix4_smbus 0000:00:14.0: Auxiliary SMBus Host Controller at 0xb20
[    8.855409] sp5100_tco: SP5100/SB800 TCO WatchDog Timer Driver
[    8.855525] sp5100-tco sp5100-tco: Using 0xfeb00000 for watchdog MMIO address
[    8.856086] sp5100-tco sp5100-tco: initialized. heartbeat=60 sec (nowayout=0)
[    8.877762] Adding 17309968k swap on /dev/sda3.  Priority:-2 extents:1 across:17309968k SSFS
[    8.927572] usb 3-2: reset high-speed USB device number 2 using xhci_hcd
[    8.987084] input: GXT7863:00 27C6:01E0 Mouse as /devices/platform/AMDI0010:03/i2c-0/i2c-GXT7863:00/0018:27C6:01E0.0001/input/input4
[    8.987234] input: GXT7863:00 27C6:01E0 Touchpad as /devices/platform/AMDI0010:03/i2c-0/i2c-GXT7863:00/0018:27C6:01E0.0001/input/input5
[    8.987416] hid-generic 0018:27C6:01E0.0001: input,hidraw0: I2C HID v1.00 Mouse [GXT7863:00 27C6:01E0] on i2c-GXT7863:00
[    9.110608] random: dbus-daemon: uninitialized urandom read (12 bytes read)
[    9.123251] r8152 3-2:1.0: skip request firmware
[    9.161678] r8152 3-2:1.0 eth0: v1.12.11
[    9.227320] ccp 0000:01:00.2: enabling device (0000 -> 0002)
[    9.229499] ccp 0000:01:00.2: ccp: unable to access the device: you might be running a broken BIOS.
[    9.239658] ccp 0000:01:00.2: tee enabled
[    9.239668] ccp 0000:01:00.2: psp enabled
[    9.338222] snd_rn_pci_acp3x 0000:01:00.5: enabling device (0000 -> 0002)
[    9.416451] input: PC Speaker as /devices/platform/pcspkr/input/input7
[    9.426581] [drm] amdgpu kernel modesetting enabled.
[    9.445943] amdgpu: Virtual CRAT table created for CPU
[    9.445979] amdgpu: Topology: Add CPU node
[    9.446697] snd_hda_intel 0000:01:00.1: enabling device (0000 -> 0002)
[    9.446723] checking generic (fce0000000 7f0000) vs hw (fce0000000 10000000)
[    9.446728] fb0: switching to amdgpu from EFI VGA
[    9.446803] snd_hda_intel 0000:01:00.1: Handle vga_switcheroo audio client
[    9.446890] Console: switching to colour dummy device 80x25
[    9.446955] amdgpu 0000:01:00.0: vgaarb: deactivate vga console
[    9.446973] snd_hda_intel 0000:01:00.6: enabling device (0000 -> 0002)
[    9.447050] amdgpu 0000:01:00.0: enabling device (0006 -> 0007)
[    9.447146] [drm] initializing kernel modesetting (RENOIR 0x1002:0x1636 0x1D72:0x1951 0xC3).
[    9.447149] amdgpu 0000:01:00.0: amdgpu: Trusted Memory Zone (TMZ) feature enabled
[    9.447627] [drm] register mmio base: 0xD0400000
[    9.447629] [drm] register mmio size: 524288
[    9.447631] [drm] PCIE atomic ops is not supported
[    9.448736] [drm] add ip block number 0 <soc15_common>
[    9.448737] [drm] add ip block number 1 <gmc_v9_0>
[    9.448738] [drm] add ip block number 2 <vega10_ih>
[    9.448739] [drm] add ip block number 3 <psp>
[    9.448740] [drm] add ip block number 4 <smu>
[    9.448741] [drm] add ip block number 5 <gfx_v9_0>
[    9.448742] [drm] add ip block number 6 <sdma_v4_0>
[    9.448743] [drm] add ip block number 7 <dm>
[    9.448744] [drm] add ip block number 8 <vcn_v2_0>
[    9.448745] [drm] add ip block number 9 <jpeg_v2_0>
[    9.448767] amdgpu 0000:01:00.0: amdgpu: Fetched VBIOS from VFCT
[    9.448774] amdgpu: ATOM BIOS: 113-RENOIR-026
[    9.450011] [drm] VCN decode is enabled in VM mode
[    9.450015] [drm] VCN encode is enabled in VM mode
[    9.450015] [drm] JPEG decode is enabled in VM mode
[    9.450065] [drm] vm size is 262144 GB, 4 levels, block size is 9-bit, fragment size is 9-bit
[    9.450074] amdgpu 0000:01:00.0: amdgpu: VRAM: 512M 0x000000F400000000 - 0x000000F41FFFFFFF (512M used)
[    9.450077] amdgpu 0000:01:00.0: amdgpu: GART: 1024M 0x0000000000000000 - 0x000000003FFFFFFF
[    9.450079] amdgpu 0000:01:00.0: amdgpu: AGP: 267419648M 0x000000F800000000 - 0x0000FFFFFFFFFFFF
[    9.450086] [drm] Detected VRAM RAM=512M, BAR=512M
[    9.450087] [drm] RAM width 128bits DDR4
[    9.450134] [drm] amdgpu: 512M of VRAM memory ready
[    9.450135] [drm] amdgpu: 3072M of GTT memory ready.
[    9.450142] [drm] GART: num cpu pages 262144, num gpu pages 262144
[    9.450252] [drm] PCIE GART of 1024M enabled.
[    9.450253] [drm] PTB located at 0x000000F400900000
[    9.453109] amdgpu 0000:01:00.0: amdgpu: PSP runtime database doesn't exist
[    9.468292] [drm] Loading DMUB firmware via PSP: version=0x01010019
[    9.469444] input: HD-Audio Generic HDMI/DP,pcm=3 as /devices/pci0000:00/0000:00:08.1/0000:01:00.1/sound/card0/input8
[    9.469494] [drm] Found VCN firmware Version ENC: 1.16 DEC: 5 VEP: 0 Revision: 3
[    9.469507] amdgpu 0000:01:00.0: amdgpu: Will use PSP to load VCN firmware
[    9.469523] input: HD-Audio Generic HDMI/DP,pcm=7 as /devices/pci0000:00/0000:00:08.1/0000:01:00.1/sound/card0/input9
[    9.497108] snd_hda_codec_realtek hdaudioC1D0: autoconfig for ALC256: line_outs=1 (0x14/0x0/0x0/0x0/0x0) type:speaker
[    9.497118] snd_hda_codec_realtek hdaudioC1D0:    speaker_outs=0 (0x0/0x0/0x0/0x0/0x0)
[    9.497122] snd_hda_codec_realtek hdaudioC1D0:    hp_outs=1 (0x21/0x0/0x0/0x0/0x0)
[    9.497125] snd_hda_codec_realtek hdaudioC1D0:    mono: mono_out=0x0
[    9.497127] snd_hda_codec_realtek hdaudioC1D0:    inputs:
[    9.497129] snd_hda_codec_realtek hdaudioC1D0:      Mic=0x19
[    9.543161] input: HD-Audio Generic Mic as /devices/pci0000:00/0000:00:08.1/0000:01:00.6/sound/card1/input10
[    9.543217] input: HD-Audio Generic Headphone as /devices/pci0000:00/0000:00:08.1/0000:01:00.6/sound/card1/input11
[    9.547440] RAPL PMU: API unit is 2^-32 Joules, 1 fixed counters, 163840 ms ovfl timer
[    9.547446] RAPL PMU: hw unit of domain package 2^-16 Joules
[    9.551712] cryptd: max_cpu_qlen set to 1000
[    9.603163] AVX2 version of gcm_enc/dec engaged.
[    9.603291] AES CTR mode by8 optimization enabled
[    9.749422] r8152 3-2:1.0 enp1s0f4u2: renamed from eth0
[    9.799190] kvm: Nested Virtualization enabled
[    9.799195] SVM: kvm: Nested Paging enabled
[    9.799217] SVM: Virtual VMLOAD VMSAVE supported
[    9.799218] SVM: Virtual GIF supported
[    9.808505] MCE: In-kernel MCE decoding enabled.
[    9.816075] input: GXT7863:00 27C6:01E0 Mouse as /devices/platform/AMDI0010:03/i2c-0/i2c-GXT7863:00/0018:27C6:01E0.0001/input/input12
[    9.816164] input: GXT7863:00 27C6:01E0 Touchpad as /devices/platform/AMDI0010:03/i2c-0/i2c-GXT7863:00/0018:27C6:01E0.0001/input/input13
[    9.816245] hid-multitouch 0018:27C6:01E0.0001: input,hidraw0: I2C HID v1.00 Mouse [GXT7863:00 27C6:01E0] on i2c-GXT7863:00
[    9.858266] mousedev: PS/2 mouse device common for all mice
[    9.943831] intel_rapl_common: Found RAPL domain package
[    9.943839] intel_rapl_common: Found RAPL domain core
[    9.952167] urandom_read: 1 callbacks suppressed
[    9.952170] random: NetworkManager: uninitialized urandom read (16 bytes read)
[   10.107575] random: nm-dispatcher: uninitialized urandom read (16 bytes read)
[   10.205767] [drm] reserve 0x400000 from 0xf41f800000 for PSP TMR
[   10.289113] amdgpu 0000:01:00.0: amdgpu: RAS: optional ras ta ucode is not available
[   10.297207] amdgpu 0000:01:00.0: amdgpu: RAP: optional rap ta ucode is not available
[   10.297214] amdgpu 0000:01:00.0: amdgpu: SECUREDISPLAY: securedisplay ta ucode is not available
[   10.298146] amdgpu 0000:01:00.0: amdgpu: SMU is initialized successfully!
[   10.299567] [drm] kiq ring mec 2 pipe 1 q 0
[   10.301094] [drm] Display Core initialized with v3.2.149!
[   10.301540] [drm] DMUB hardware initialized: version=0x01010019
[   10.330069] snd_hda_intel 0000:01:00.1: bound 0000:01:00.0 (ops amdgpu_dm_audio_component_bind_ops [amdgpu])
[   10.355782] random: crng init done
[   10.418196] [drm] VCN decode and encode initialized successfully(under DPG Mode).
[   10.418223] [drm] JPEG decode initialized successfully.
[   10.420796] kfd kfd: amdgpu: Allocated 3969056 bytes on gart
[   10.450995] memmap_init_zone_device initialised 131072 pages in 0ms
[   10.451009] amdgpu: HMM registered 512MB device memory
[   10.451061] amdgpu: SRAT table not found
[   10.451062] amdgpu: Virtual CRAT table created for GPU
[   10.451351] amdgpu: Topology: Add dGPU node [0x1636:0x1002]
[   10.451356] kfd kfd: amdgpu: added device 1002:1636
[   10.451375] amdgpu 0000:01:00.0: amdgpu: SE 1, SH per SE 2, CU per SH 18, active_cu_number 26
[   10.454050] [drm] fb mappable at 0x410CD1000
[   10.454056] [drm] vram apper at 0x410000000
[   10.454057] [drm] size 8294400
[   10.454058] [drm] fb depth is 24
[   10.454060] [drm]    pitch is 7680
[   10.454187] fbcon: amdgpu (fb0) is primary device
[   10.513629] Console: switching to colour frame buffer device 240x67
[   10.535679] amdgpu 0000:01:00.0: [drm] fb0: amdgpu frame buffer device
[   10.549561] amdgpu 0000:01:00.0: amdgpu: ring gfx uses VM inv eng 0 on hub 0
[   10.549570] amdgpu 0000:01:00.0: amdgpu: ring comp_1.0.0 uses VM inv eng 1 on hub 0
[   10.549575] amdgpu 0000:01:00.0: amdgpu: ring comp_1.1.0 uses VM inv eng 4 on hub 0
[   10.549577] amdgpu 0000:01:00.0: amdgpu: ring comp_1.2.0 uses VM inv eng 5 on hub 0
[   10.549579] amdgpu 0000:01:00.0: amdgpu: ring comp_1.3.0 uses VM inv eng 6 on hub 0
[   10.549582] amdgpu 0000:01:00.0: amdgpu: ring comp_1.0.1 uses VM inv eng 7 on hub 0
[   10.549584] amdgpu 0000:01:00.0: amdgpu: ring comp_1.1.1 uses VM inv eng 8 on hub 0
[   10.549586] amdgpu 0000:01:00.0: amdgpu: ring comp_1.2.1 uses VM inv eng 9 on hub 0
[   10.549588] amdgpu 0000:01:00.0: amdgpu: ring comp_1.3.1 uses VM inv eng 10 on hub 0
[   10.549591] amdgpu 0000:01:00.0: amdgpu: ring kiq_2.1.0 uses VM inv eng 11 on hub 0
[   10.549594] amdgpu 0000:01:00.0: amdgpu: ring sdma0 uses VM inv eng 0 on hub 1
[   10.549596] amdgpu 0000:01:00.0: amdgpu: ring vcn_dec uses VM inv eng 1 on hub 1
[   10.549599] amdgpu 0000:01:00.0: amdgpu: ring vcn_enc0 uses VM inv eng 4 on hub 1
[   10.549601] amdgpu 0000:01:00.0: amdgpu: ring vcn_enc1 uses VM inv eng 5 on hub 1
[   10.549604] amdgpu 0000:01:00.0: amdgpu: ring jpeg_dec uses VM inv eng 6 on hub 1
[   10.552037] [drm] Initialized amdgpu 3.42.0 20150101 for 0000:01:00.0 on minor 0
[   11.045119] IPv6: ADDRCONF(NETDEV_CHANGE): enp1s0f4u2: link becomes ready
[   11.046440] r8152 3-2:1.0 enp1s0f4u2: carrier on
[   38.520691] iptables reject: IN=enp1s0f4u2 OUT= MAC= SRC=192.168.88.247 DST=224.0.0.251 LEN=68 TOS=0x00 PREC=0x00 TTL=1 ID=18555 DF PROTO=UDP SPT=5353 DPT=5353 LEN=48 
[   39.497144] iptables reject: IN=enp1s0f4u2 OUT= MAC= SRC=192.168.88.247 DST=224.0.0.251 LEN=68 TOS=0x00 PREC=0x00 TTL=1 ID=18817 DF PROTO=UDP SPT=5353 DPT=5353 LEN=48 
[   41.501465] iptables reject: IN=enp1s0f4u2 OUT= MAC= SRC=192.168.88.247 DST=224.0.0.251 LEN=68 TOS=0x00 PREC=0x00 TTL=1 ID=19244 DF PROTO=UDP SPT=5353 DPT=5353 LEN=48 
[   69.656031] ucsi_acpi USBC000:00: PPM init failed (-110)
[  343.088198] Bluetooth: Core ver 2.22
[  343.088239] NET: Registered PF_BLUETOOTH protocol family
[  343.088240] Bluetooth: HCI device and connection manager initialized
[  343.088245] Bluetooth: HCI socket layer initialized
[  343.088247] Bluetooth: L2CAP socket layer initialized
[  343.088250] Bluetooth: SCO socket layer initialized
[  392.529042] atkbd serio0: Unknown key pressed (translated set 2, code 0xf6 on isa0060/serio0).
[  392.529054] atkbd serio0: Use 'setkeycodes e076 <keycode>' to make it known.
[  393.707438] atkbd serio0: Unknown key released (translated set 2, code 0xf6 on isa0060/serio0).
[  393.707449] atkbd serio0: Use 'setkeycodes e076 <keycode>' to make it known.
[  781.672390] NOHZ tick-stop error: Non-RCU local softirq work is pending, handler #08!!!
[  799.336100] NOHZ tick-stop error: Non-RCU local softirq work is pending, handler #08!!!
[  799.336711] NOHZ tick-stop error: Non-RCU local softirq work is pending, handler #08!!!
[  799.338901] NOHZ tick-stop error: Non-RCU local softirq work is pending, handler #08!!!
[  799.338945] NOHZ tick-stop error: Non-RCU local softirq work is pending, handler #08!!!
[  799.359310] NOHZ tick-stop error: Non-RCU local softirq work is pending, handler #08!!!
[  799.369221] NOHZ tick-stop error: Non-RCU local softirq work is pending, handler #08!!!
[  799.905004] usb 3-2: USB disconnect, device number 2
[  802.119034] usb 3-2: new high-speed USB device number 3 using xhci_hcd
[  802.271737] usb 3-2: New USB device found, idVendor=0bda, idProduct=8152, bcdDevice=20.00
[  802.271748] usb 3-2: New USB device strings: Mfr=1, Product=2, SerialNumber=3
[  802.271751] usb 3-2: Product: USB 10/100 LAN
[  802.271754] usb 3-2: Manufacturer: Realtek
[  802.271757] usb 3-2: SerialNumber: 00E04C360696
[  802.272015] usb 3-2: Device is not authorized for usage
[  802.305111] usb 3-2: authorized to connect
[  802.480001] usb 3-2: reset high-speed USB device number 3 using xhci_hcd
[  802.663250] r8152 3-2:1.0: skip request firmware
[  802.705285] r8152 3-2:1.0 eth0: v1.12.11
[  802.725749] r8152 3-2:1.0 enp1s0f4u2: renamed from eth0
[  804.783933] r8152 3-2:1.0 enp1s0f4u2: Stop submitting intr, status -71
[  848.529176] usb 3-2: USB disconnect, device number 3
[  848.862381] usb 3-2: new high-speed USB device number 4 using xhci_hcd
[  849.011248] usb 3-2: New USB device found, idVendor=0bda, idProduct=8152, bcdDevice=20.00
[  849.011258] usb 3-2: New USB device strings: Mfr=1, Product=2, SerialNumber=3
[  849.011262] usb 3-2: Product: USB 10/100 LAN
[  849.011265] usb 3-2: Manufacturer: Realtek
[  849.011267] usb 3-2: SerialNumber: 00E04C360696
[  849.011475] usb 3-2: Device is not authorized for usage
[  849.041475] usb 3-2: authorized to connect
[  849.842454] r8152 3-2:1.0 (unnamed net_device) (uninitialized): Get ether addr fail
[  849.842574] usb 3-2: USB disconnect, device number 4
[  849.842758] r8152 3-2:1.0 eth0: v1.12.11
[  852.385918] usb 3-2: new high-speed USB device number 5 using xhci_hcd
[  852.531905] usb 3-2: New USB device found, idVendor=0bda, idProduct=8152, bcdDevice=20.00
[  852.531916] usb 3-2: New USB device strings: Mfr=1, Product=2, SerialNumber=3
[  852.531920] usb 3-2: Product: USB 10/100 LAN
[  852.531922] usb 3-2: Manufacturer: Realtek
[  852.531925] usb 3-2: SerialNumber: 00E04C360696
[  852.532180] usb 3-2: Device is not authorized for usage
[  852.561783] usb 3-2: authorized to connect
[  852.735865] usb 3-2: reset high-speed USB device number 5 using xhci_hcd
[  852.916618] r8152 3-2:1.0: skip request firmware
[  852.955452] r8152 3-2:1.0 eth0: v1.12.11
[  852.970040] r8152 3-2:1.0 enp1s0f4u2: renamed from eth0
[  854.853529] IPv6: ADDRCONF(NETDEV_CHANGE): enp1s0f4u2: link becomes ready
[  854.854949] r8152 3-2:1.0 enp1s0f4u2: carrier on
[  868.813557] iptables reject: IN=enp1s0f4u2 OUT= MAC= SRC=192.168.88.247 DST=224.0.0.251 LEN=68 TOS=0x00 PREC=0x00 TTL=1 ID=30666 DF PROTO=UDP SPT=5353 DPT=5353 LEN=48 
[  868.813882] iptables reject: IN=enp1s0f4u2 OUT= MAC= SRC=192.168.88.247 DST=224.0.0.251 LEN=68 TOS=0x00 PREC=0x00 TTL=1 ID=30667 DF PROTO=UDP SPT=5353 DPT=5353 LEN=48 
[  869.812436] iptables reject: IN=enp1s0f4u2 OUT= MAC= SRC=192.168.88.247 DST=224.0.0.251 LEN=68 TOS=0x00 PREC=0x00 TTL=1 ID=30688 DF PROTO=UDP SPT=5353 DPT=5353 LEN=48 
[  869.813031] iptables reject: IN=enp1s0f4u2 OUT= MAC= SRC=192.168.88.247 DST=224.0.0.251 LEN=68 TOS=0x00 PREC=0x00 TTL=1 ID=30689 DF PROTO=UDP SPT=5353 DPT=5353 LEN=48 
[  871.813978] iptables reject: IN=enp1s0f4u2 OUT= MAC= SRC=192.168.88.247 DST=224.0.0.251 LEN=68 TOS=0x00 PREC=0x00 TTL=1 ID=31023 DF PROTO=UDP SPT=5353 DPT=5353 LEN=48 
[  871.814605] iptables reject: IN=enp1s0f4u2 OUT= MAC= SRC=192.168.88.247 DST=224.0.0.251 LEN=68 TOS=0x00 PREC=0x00 TTL=1 ID=31024 DF PROTO=UDP SPT=5353 DPT=5353 LEN=48 
[ 1503.297398] atkbd serio0: Unknown key pressed (translated set 2, code 0xf6 on isa0060/serio0).
[ 1503.297409] atkbd serio0: Use 'setkeycodes e076 <keycode>' to make it known.
[ 1503.473559] atkbd serio0: Unknown key released (translated set 2, code 0xf6 on isa0060/serio0).
[ 1503.473575] atkbd serio0: Use 'setkeycodes e076 <keycode>' to make it known.
[ 1807.871167] atkbd serio0: Unknown key pressed (translated set 2, code 0xf6 on isa0060/serio0).
[ 1807.871175] atkbd serio0: Use 'setkeycodes e076 <keycode>' to make it known.
[ 1809.954349] atkbd serio0: Unknown key released (translated set 2, code 0xf6 on isa0060/serio0).
[ 1809.954358] atkbd serio0: Use 'setkeycodes e076 <keycode>' to make it known.
[ 2044.885314] atkbd serio0: Unknown key pressed (translated set 2, code 0xf6 on isa0060/serio0).
[ 2044.885324] atkbd serio0: Use 'setkeycodes e076 <keycode>' to make it known.
[ 2046.096557] atkbd serio0: Unknown key released (translated set 2, code 0xf6 on isa0060/serio0).
[ 2046.096569] atkbd serio0: Use 'setkeycodes e076 <keycode>' to make it known.
