[    0.000000] Linux version 5.16.8-arch1-1 (linux@archlinux) (gcc (GCC) 11.1.0, GNU ld (GNU Binutils) 2.36.1) #1 SMP PREEMPT Tue, 08 Feb 2022 21:21:08 +0000
[    0.000000] Command line: BOOT_IMAGE=/boot/vmlinuz-linux root=UUID=4a1e3b32-c022-4157-be6c-5f37d4e06cdf rw quiet resume=UUID=d8ba5b72-ed10-49e7-94e8-1b4f0c08b046 loglevel=3 audit=1 lsm=landlock,lockdown,yama,apparmor,bpf l1tf=full,force mds=full,nosmt mitigations=auto,nosmt nosmt=force pcie_aspm=force init_on_alloc=1 init_on_free=1 randomize_kstack_offset=on slab_nomerge pti=on slub_debug=ZF slub_debug=P page_poison=1 mem_encrypt=on vsyscall=nonei amd_iommu=force_isolation amdgpu.vm_update_mode=0 amdgpu.gpu_recovery=1 amdgpu.fw_load_type=2 amdgpu.virtual_display=NULL amdgpu.audio=0 amdgpu.lbpw=1 amdgpu.tmz=1 amdgpu.freesync_video=1 fsck.mode=force fsck.repair=yes ipv6.disable=1
[    0.000000] x86/fpu: Supporting XSAVE feature 0x001: 'x87 floating point registers'
[    0.000000] x86/fpu: Supporting XSAVE feature 0x002: 'SSE registers'
[    0.000000] x86/fpu: Supporting XSAVE feature 0x004: 'AVX registers'
[    0.000000] x86/fpu: xstate_offset[2]:  576, xstate_sizes[2]:  256
[    0.000000] x86/fpu: Enabled xstate features 0x7, context size is 832 bytes, using 'compacted' format.
[    0.000000] signal: max sigframe size: 1776
[    0.000000] BIOS-provided physical RAM map:
[    0.000000] BIOS-e820: [mem 0x0000000000000000-0x000000000009efff] usable
[    0.000000] BIOS-e820: [mem 0x000000000009f000-0x00000000000bffff] reserved
[    0.000000] BIOS-e820: [mem 0x0000000000100000-0x0000000009afffff] usable
[    0.000000] BIOS-e820: [mem 0x0000000009b00000-0x0000000009dfffff] reserved
[    0.000000] BIOS-e820: [mem 0x0000000009e00000-0x0000000009efffff] usable
[    0.000000] BIOS-e820: [mem 0x0000000009f00000-0x0000000009f0ffff] ACPI NVS
[    0.000000] BIOS-e820: [mem 0x0000000009f10000-0x00000000bab68fff] usable
[    0.000000] BIOS-e820: [mem 0x00000000bab69000-0x00000000bbd68fff] reserved
[    0.000000] BIOS-e820: [mem 0x00000000bbd69000-0x00000000c9f7efff] usable
[    0.000000] BIOS-e820: [mem 0x00000000c9f7f000-0x00000000caf7efff] type 20
[    0.000000] BIOS-e820: [mem 0x00000000caf7f000-0x00000000ccf7efff] reserved
[    0.000000] BIOS-e820: [mem 0x00000000ccf7f000-0x00000000cdf7efff] ACPI NVS
[    0.000000] BIOS-e820: [mem 0x00000000cdf7f000-0x00000000cdffefff] ACPI data
[    0.000000] BIOS-e820: [mem 0x00000000cdfff000-0x00000000cdffffff] usable
[    0.000000] BIOS-e820: [mem 0x00000000ce000000-0x00000000ceffffff] reserved
[    0.000000] BIOS-e820: [mem 0x00000000f8000000-0x00000000fbffffff] reserved
[    0.000000] BIOS-e820: [mem 0x00000000fde00000-0x00000000fdefffff] reserved
[    0.000000] BIOS-e820: [mem 0x00000000fec00000-0x00000000fec00fff] reserved
[    0.000000] BIOS-e820: [mem 0x00000000fec10000-0x00000000fec10fff] reserved
[    0.000000] BIOS-e820: [mem 0x00000000fec20000-0x00000000fec20fff] reserved
[    0.000000] BIOS-e820: [mem 0x00000000fed80000-0x00000000fed80fff] reserved
[    0.000000] BIOS-e820: [mem 0x00000000fee00000-0x00000000fee00fff] reserved
[    0.000000] BIOS-e820: [mem 0x00000000ff000000-0x00000000fff2ffff] reserved
[    0.000000] BIOS-e820: [mem 0x0000000100000000-0x000000040f33ffff] usable
[    0.000000] BIOS-e820: [mem 0x000000040f340000-0x000000042fffffff] reserved
[    0.000000] SMT: Force disabled
[    0.000000] Malformed early option 'vsyscall'
[    0.000000] NX (Execute Disable) protection: active
[    0.000000] efi: EFI v2.70 by INSYDE Corp.
[    0.000000] efi: ACPI=0xcdffe000 ACPI 2.0=0xcdffe014 TPMFinalLog=0xcdf2c000 SMBIOS=0xcb70c000 SMBIOS 3.0=0xcb70a000 ESRT=0xcb70d418 
[    0.000000] SMBIOS 3.2.0 present.
[    0.000000] DMI: TIMI RedmiBook 14 II/TM1951, BIOS RMARN4B0P0909 08/19/2020
[    0.000000] tsc: Fast TSC calibration using PIT
[    0.000000] tsc: Detected 2370.375 MHz processor
[    0.000544] e820: update [mem 0x00000000-0x00000fff] usable ==> reserved
[    0.000546] e820: remove [mem 0x000a0000-0x000fffff] usable
[    0.000552] last_pfn = 0x40f340 max_arch_pfn = 0x400000000
[    0.000728] x86/PAT: Configuration [0-7]: WB  WC  UC- UC  WB  WP  UC- WT  
[    0.000953] last_pfn = 0xce000 max_arch_pfn = 0x400000000
[    0.010439] esrt: Reserving ESRT space from 0x00000000cb70d418 to 0x00000000cb70d450.
[    0.010448] Kernel/User page tables isolation: force enabled on command line.
[    0.010449] Using GB pages for direct mapping
[    0.010970] Secure boot disabled
[    0.010971] RAMDISK: [mem 0x36aff000-0x37576fff]
[    0.010976] ACPI: Early table checksum verification disabled
[    0.010980] ACPI: RSDP 0x00000000CDFFE014 000024 (v02 XMCC  )
[    0.010983] ACPI: XSDT 0x00000000CDFCE188 000134 (v01 XMCC   XMCC1951 00000002      01000013)
[    0.010987] ACPI: FACP 0x00000000CDFEC000 00010C (v05 XMCC   XMCC1951 00000002      01000013)
[    0.010991] ACPI: DSDT 0x00000000CDFDF000 006545 (v01 XMCC   XMCC1951 00000002      01000013)
[    0.010994] ACPI: FACS 0x00000000CDF29000 000040
[    0.010996] ACPI: UEFI 0x00000000CDF7E000 000236 (v01 INSYDE H2O BIOS 00000001 ACPI 00040000)
[    0.010998] ACPI: SSDT 0x00000000CDFF5000 007216 (v02 AMD    AmdTable 00000002 MSFT 04000000)
[    0.011000] ACPI: IVRS 0x00000000CDFF4000 0001A4 (v02 AMD    AmdTable 00000001 AMD  00000000)
[    0.011002] ACPI: SSDT 0x00000000CDFF3000 000228 (v01 AMD    STD3     00000001 INTL 20130117)
[    0.011004] ACPI: SSDT 0x00000000CDFF2000 000D61 (v01 XMCC   XMCC1806 00003000 INTL 20130117)
[    0.011007] ACPI: SSDT 0x00000000CDFF1000 00046D (v01 Insyde TPMACPI  00001000 INTL 20130117)
[    0.011009] ACPI: TPM2 0x00000000CDFF0000 000034 (v04 XMCC   XMCC1951 00000002      01000013)
[    0.011011] ACPI: MSDM 0x00000000CDFEF000 000055 (v03 INSYDE H2O BIOS 00000001 ACPI 00040000)
[    0.011013] ACPI: ASF! 0x00000000CDFEE000 0000A5 (v32 XMCC   XMCC1951 00000002      01000013)
[    0.011015] ACPI: BOOT 0x00000000CDFED000 000028 (v01 XMCC   XMCC1951 00000002      01000013)
[    0.011017] ACPI: HPET 0x00000000CDFEB000 000038 (v01 XMCC   XMCC1951 00000002      01000013)
[    0.011020] ACPI: APIC 0x00000000CDFEA000 000138 (v03 XMCC   XMCC1951 00000002      01000013)
[    0.011022] ACPI: MCFG 0x00000000CDFE9000 00003C (v01 XMCC   XMCC1951 00000002      01000013)
[    0.011024] ACPI: SLIC 0x00000000CDFE8000 000176 (v01 XMCC   XMCC1951 00000002      01000013)
[    0.011026] ACPI: SSDT 0x00000000CDFDE000 000080 (v01 XMCC   XMCC1951 00000002      01000013)
[    0.011028] ACPI: VFCT 0x00000000CDFD0000 00D484 (v01 XMCC   XMCC1951 00000001 AMD  31504F47)
[    0.011030] ACPI: SSDT 0x00000000CDFCF000 0000F8 (v01 XMCC   PcdTabl  00001000 INTL 20130117)
[    0.011032] ACPI: SSDT 0x00000000CDFCC000 001500 (v01 AMD    AmdTable 00000001 AMD  00000001)
[    0.011034] ACPI: CRAT 0x00000000CDFFD000 000BA8 (v01 AMD    AmdTable 00000001 AMD  00000001)
[    0.011036] ACPI: CDIT 0x00000000CDFCB000 000029 (v01 AMD    AmdTable 00000001 AMD  00000001)
[    0.011039] ACPI: SSDT 0x00000000CDFCA000 00028D (v01 AMD    AmdTable 00000001 INTL 20130117)
[    0.011041] ACPI: SSDT 0x00000000CDFC9000 000C78 (v01 AMD    AmdTable 00000001 INTL 20130117)
[    0.011043] ACPI: SSDT 0x00000000CDFC7000 0010A5 (v01 AMD    AmdTable 00000001 INTL 20130117)
[    0.011045] ACPI: SSDT 0x00000000CDFC3000 0030C8 (v01 AMD    AmdTable 00000001 INTL 20130117)
[    0.011047] ACPI: FPDT 0x00000000CDFC2000 000044 (v01 XMCC   XMCC1951 00000002      01000013)
[    0.011049] ACPI: WSMT 0x00000000CDFC0000 000028 (v01 INSYDE H2O BIOS 00000001 ACPI 00040000)
[    0.011051] ACPI: SSDT 0x00000000CDFE7000 00020A (v01 AMD    AmdTable 00000001 INTL 20130117)
[    0.011053] ACPI: SSDT 0x00000000CDFE6000 0005A1 (v01 AMD    AmdTable 00000001 INTL 20130117)
[    0.011055] ACPI: SSDT 0x00000000CDFBF000 000343 (v01 AMD    AmdTable 00000001 INTL 20130117)
[    0.011057] ACPI: SSDT 0x00000000CDFBE000 00007D (v01 AMD    AmdTable 00000001 INTL 20130117)
[    0.011059] ACPI: SSDT 0x00000000CDFBD000 000822 (v01 AMD    AmdTable 00000001 INTL 20130117)
[    0.011061] ACPI: SSDT 0x00000000CDFBC000 000517 (v01 AMD    AmdTable 00000001 INTL 20130117)
[    0.011064] ACPI: BGRT 0x00000000CDFC1000 000038 (v01 INSYDE H2O BIOS 00000001 ACPI 00040000)
[    0.011065] ACPI: Reserving FACP table memory at [mem 0xcdfec000-0xcdfec10b]
[    0.011066] ACPI: Reserving DSDT table memory at [mem 0xcdfdf000-0xcdfe5544]
[    0.011067] ACPI: Reserving FACS table memory at [mem 0xcdf29000-0xcdf2903f]
[    0.011068] ACPI: Reserving UEFI table memory at [mem 0xcdf7e000-0xcdf7e235]
[    0.011068] ACPI: Reserving SSDT table memory at [mem 0xcdff5000-0xcdffc215]
[    0.011069] ACPI: Reserving IVRS table memory at [mem 0xcdff4000-0xcdff41a3]
[    0.011070] ACPI: Reserving SSDT table memory at [mem 0xcdff3000-0xcdff3227]
[    0.011071] ACPI: Reserving SSDT table memory at [mem 0xcdff2000-0xcdff2d60]
[    0.011071] ACPI: Reserving SSDT table memory at [mem 0xcdff1000-0xcdff146c]
[    0.011072] ACPI: Reserving TPM2 table memory at [mem 0xcdff0000-0xcdff0033]
[    0.011073] ACPI: Reserving MSDM table memory at [mem 0xcdfef000-0xcdfef054]
[    0.011073] ACPI: Reserving ASF! table memory at [mem 0xcdfee000-0xcdfee0a4]
[    0.011074] ACPI: Reserving BOOT table memory at [mem 0xcdfed000-0xcdfed027]
[    0.011074] ACPI: Reserving HPET table memory at [mem 0xcdfeb000-0xcdfeb037]
[    0.011075] ACPI: Reserving APIC table memory at [mem 0xcdfea000-0xcdfea137]
[    0.011076] ACPI: Reserving MCFG table memory at [mem 0xcdfe9000-0xcdfe903b]
[    0.011077] ACPI: Reserving SLIC table memory at [mem 0xcdfe8000-0xcdfe8175]
[    0.011077] ACPI: Reserving SSDT table memory at [mem 0xcdfde000-0xcdfde07f]
[    0.011078] ACPI: Reserving VFCT table memory at [mem 0xcdfd0000-0xcdfdd483]
[    0.011079] ACPI: Reserving SSDT table memory at [mem 0xcdfcf000-0xcdfcf0f7]
[    0.011079] ACPI: Reserving SSDT table memory at [mem 0xcdfcc000-0xcdfcd4ff]
[    0.011080] ACPI: Reserving CRAT table memory at [mem 0xcdffd000-0xcdffdba7]
[    0.011081] ACPI: Reserving CDIT table memory at [mem 0xcdfcb000-0xcdfcb028]
[    0.011082] ACPI: Reserving SSDT table memory at [mem 0xcdfca000-0xcdfca28c]
[    0.011082] ACPI: Reserving SSDT table memory at [mem 0xcdfc9000-0xcdfc9c77]
[    0.011083] ACPI: Reserving SSDT table memory at [mem 0xcdfc7000-0xcdfc80a4]
[    0.011084] ACPI: Reserving SSDT table memory at [mem 0xcdfc3000-0xcdfc60c7]
[    0.011084] ACPI: Reserving FPDT table memory at [mem 0xcdfc2000-0xcdfc2043]
[    0.011085] ACPI: Reserving WSMT table memory at [mem 0xcdfc0000-0xcdfc0027]
[    0.011086] ACPI: Reserving SSDT table memory at [mem 0xcdfe7000-0xcdfe7209]
[    0.011087] ACPI: Reserving SSDT table memory at [mem 0xcdfe6000-0xcdfe65a0]
[    0.011087] ACPI: Reserving SSDT table memory at [mem 0xcdfbf000-0xcdfbf342]
[    0.011088] ACPI: Reserving SSDT table memory at [mem 0xcdfbe000-0xcdfbe07c]
[    0.011089] ACPI: Reserving SSDT table memory at [mem 0xcdfbd000-0xcdfbd821]
[    0.011089] ACPI: Reserving SSDT table memory at [mem 0xcdfbc000-0xcdfbc516]
[    0.011090] ACPI: Reserving BGRT table memory at [mem 0xcdfc1000-0xcdfc1037]
[    0.011143] No NUMA configuration found
[    0.011143] Faking a node at [mem 0x0000000000000000-0x000000040f33ffff]
[    0.011146] NODE_DATA(0) allocated [mem 0x40f33c000-0x40f33ffff]
[    0.011176] Zone ranges:
[    0.011176]   DMA      [mem 0x0000000000001000-0x0000000000ffffff]
[    0.011177]   DMA32    [mem 0x0000000001000000-0x00000000ffffffff]
[    0.011179]   Normal   [mem 0x0000000100000000-0x000000040f33ffff]
[    0.011180]   Device   empty
[    0.011181] Movable zone start for each node
[    0.011181] Early memory node ranges
[    0.011181]   node   0: [mem 0x0000000000001000-0x000000000009efff]
[    0.011183]   node   0: [mem 0x0000000000100000-0x0000000009afffff]
[    0.011183]   node   0: [mem 0x0000000009e00000-0x0000000009efffff]
[    0.011184]   node   0: [mem 0x0000000009f10000-0x00000000bab68fff]
[    0.011185]   node   0: [mem 0x00000000bbd69000-0x00000000c9f7efff]
[    0.011186]   node   0: [mem 0x00000000cdfff000-0x00000000cdffffff]
[    0.011186]   node   0: [mem 0x0000000100000000-0x000000040f33ffff]
[    0.011188] Initmem setup node 0 [mem 0x0000000000001000-0x000000040f33ffff]
[    0.011191] On node 0, zone DMA: 1 pages in unavailable ranges
[    0.011209] On node 0, zone DMA: 97 pages in unavailable ranges
[    0.011357] On node 0, zone DMA32: 768 pages in unavailable ranges
[    0.016656] On node 0, zone DMA32: 16 pages in unavailable ranges
[    0.017138] On node 0, zone DMA32: 4608 pages in unavailable ranges
[    0.017291] On node 0, zone DMA32: 16512 pages in unavailable ranges
[    0.041180] On node 0, zone Normal: 8192 pages in unavailable ranges
[    0.041212] On node 0, zone Normal: 3264 pages in unavailable ranges
[    0.041362] ACPI: PM-Timer IO Port: 0x408
[    0.041369] ACPI: LAPIC_NMI (acpi_id[0x00] high edge lint[0x1])
[    0.041370] ACPI: LAPIC_NMI (acpi_id[0x01] high edge lint[0x1])
[    0.041370] ACPI: LAPIC_NMI (acpi_id[0x02] high edge lint[0x1])
[    0.041371] ACPI: LAPIC_NMI (acpi_id[0x03] high edge lint[0x1])
[    0.041372] ACPI: LAPIC_NMI (acpi_id[0x04] high edge lint[0x1])
[    0.041372] ACPI: LAPIC_NMI (acpi_id[0x05] high edge lint[0x1])
[    0.041373] ACPI: LAPIC_NMI (acpi_id[0x06] high edge lint[0x1])
[    0.041373] ACPI: LAPIC_NMI (acpi_id[0x07] high edge lint[0x1])
[    0.041374] ACPI: LAPIC_NMI (acpi_id[0x08] high edge lint[0x1])
[    0.041374] ACPI: LAPIC_NMI (acpi_id[0x09] high edge lint[0x1])
[    0.041375] ACPI: LAPIC_NMI (acpi_id[0x0a] high edge lint[0x1])
[    0.041375] ACPI: LAPIC_NMI (acpi_id[0x0b] high edge lint[0x1])
[    0.041376] ACPI: LAPIC_NMI (acpi_id[0x0c] high edge lint[0x1])
[    0.041377] ACPI: LAPIC_NMI (acpi_id[0x0d] high edge lint[0x1])
[    0.041377] ACPI: LAPIC_NMI (acpi_id[0x0e] high edge lint[0x1])
[    0.041378] ACPI: LAPIC_NMI (acpi_id[0x0f] high edge lint[0x1])
[    0.041391] IOAPIC[0]: apic_id 33, version 33, address 0xfec00000, GSI 0-23
[    0.041396] IOAPIC[1]: apic_id 34, version 33, address 0xfec01000, GSI 24-55
[    0.041397] ACPI: INT_SRC_OVR (bus 0 bus_irq 0 global_irq 2 dfl dfl)
[    0.041399] ACPI: INT_SRC_OVR (bus 0 bus_irq 9 global_irq 9 low level)
[    0.041402] ACPI: Using ACPI (MADT) for SMP configuration information
[    0.041403] ACPI: HPET id: 0x10228210 base: 0xfed00000
[    0.041411] e820: update [mem 0xb3636000-0xb363bfff] usable ==> reserved
[    0.041420] smpboot: Allowing 16 CPUs, 10 hotplug CPUs
[    0.041445] PM: hibernation: Registered nosave memory: [mem 0x00000000-0x00000fff]
[    0.041446] PM: hibernation: Registered nosave memory: [mem 0x0009f000-0x000bffff]
[    0.041447] PM: hibernation: Registered nosave memory: [mem 0x000c0000-0x000fffff]
[    0.041449] PM: hibernation: Registered nosave memory: [mem 0x09b00000-0x09dfffff]
[    0.041450] PM: hibernation: Registered nosave memory: [mem 0x09f00000-0x09f0ffff]
[    0.041452] PM: hibernation: Registered nosave memory: [mem 0xb3636000-0xb363bfff]
[    0.041453] PM: hibernation: Registered nosave memory: [mem 0xbab69000-0xbbd68fff]
[    0.041455] PM: hibernation: Registered nosave memory: [mem 0xc9f7f000-0xcaf7efff]
[    0.041455] PM: hibernation: Registered nosave memory: [mem 0xcaf7f000-0xccf7efff]
[    0.041456] PM: hibernation: Registered nosave memory: [mem 0xccf7f000-0xcdf7efff]
[    0.041456] PM: hibernation: Registered nosave memory: [mem 0xcdf7f000-0xcdffefff]
[    0.041458] PM: hibernation: Registered nosave memory: [mem 0xce000000-0xceffffff]
[    0.041458] PM: hibernation: Registered nosave memory: [mem 0xcf000000-0xf7ffffff]
[    0.041459] PM: hibernation: Registered nosave memory: [mem 0xf8000000-0xfbffffff]
[    0.041459] PM: hibernation: Registered nosave memory: [mem 0xfc000000-0xfddfffff]
[    0.041460] PM: hibernation: Registered nosave memory: [mem 0xfde00000-0xfdefffff]
[    0.041461] PM: hibernation: Registered nosave memory: [mem 0xfdf00000-0xfebfffff]
[    0.041461] PM: hibernation: Registered nosave memory: [mem 0xfec00000-0xfec00fff]
[    0.041462] PM: hibernation: Registered nosave memory: [mem 0xfec01000-0xfec0ffff]
[    0.041462] PM: hibernation: Registered nosave memory: [mem 0xfec10000-0xfec10fff]
[    0.041463] PM: hibernation: Registered nosave memory: [mem 0xfec11000-0xfec1ffff]
[    0.041463] PM: hibernation: Registered nosave memory: [mem 0xfec20000-0xfec20fff]
[    0.041464] PM: hibernation: Registered nosave memory: [mem 0xfec21000-0xfed7ffff]
[    0.041464] PM: hibernation: Registered nosave memory: [mem 0xfed80000-0xfed80fff]
[    0.041465] PM: hibernation: Registered nosave memory: [mem 0xfed81000-0xfedfffff]
[    0.041465] PM: hibernation: Registered nosave memory: [mem 0xfee00000-0xfee00fff]
[    0.041466] PM: hibernation: Registered nosave memory: [mem 0xfee01000-0xfeffffff]
[    0.041466] PM: hibernation: Registered nosave memory: [mem 0xff000000-0xfff2ffff]
[    0.041467] PM: hibernation: Registered nosave memory: [mem 0xfff30000-0xffffffff]
[    0.041468] [mem 0xcf000000-0xf7ffffff] available for PCI devices
[    0.041469] Booting paravirtualized kernel on bare hardware
[    0.041472] clocksource: refined-jiffies: mask: 0xffffffff max_cycles: 0xffffffff, max_idle_ns: 6370452778343963 ns
[    0.045128] setup_percpu: NR_CPUS:320 nr_cpumask_bits:320 nr_cpu_ids:16 nr_node_ids:1
[    0.045793] percpu: Embedded 61 pages/cpu s212992 r8192 d28672 u262144
[    0.045802] pcpu-alloc: s212992 r8192 d28672 u262144 alloc=1*2097152
[    0.045805] pcpu-alloc: [0] 00 01 02 03 04 05 06 07 [0] 08 09 10 11 12 13 14 15 
[    0.045830] Fallback order for Node 0: 0 
[    0.045833] Built 1 zonelists, mobility grouping on.  Total pages: 3966649
[    0.045834] Policy zone: Normal
[    0.045835] Kernel command line: BOOT_IMAGE=/boot/vmlinuz-linux root=UUID=4a1e3b32-c022-4157-be6c-5f37d4e06cdf rw quiet resume=UUID=d8ba5b72-ed10-49e7-94e8-1b4f0c08b046 loglevel=3 audit=1 lsm=landlock,lockdown,yama,apparmor,bpf l1tf=full,force mds=full,nosmt mitigations=auto,nosmt nosmt=force pcie_aspm=force init_on_alloc=1 init_on_free=1 randomize_kstack_offset=on slab_nomerge pti=on slub_debug=ZF slub_debug=P page_poison=1 mem_encrypt=on vsyscall=nonei amd_iommu=force_isolation amdgpu.vm_update_mode=0 amdgpu.gpu_recovery=1 amdgpu.fw_load_type=2 amdgpu.virtual_display=NULL amdgpu.audio=0 amdgpu.lbpw=1 amdgpu.tmz=1 amdgpu.freesync_video=1 fsck.mode=force fsck.repair=yes ipv6.disable=1
[    0.045890] audit: enabled (after initialization)
[    0.045934] PCIe ASPM is forcibly enabled
[    0.045998] mem auto-init: SLAB_POISON will take precedence over init_on_alloc/init_on_free
[    0.046125] Unknown kernel command line parameters "BOOT_IMAGE=/boot/vmlinuz-linux pti=on mem_encrypt=on", will be passed to user space.
[    0.047949] Dentry cache hash table entries: 2097152 (order: 12, 16777216 bytes, linear)
[    0.048859] Inode-cache hash table entries: 1048576 (order: 11, 8388608 bytes, linear)
[    0.048915] mem auto-init: CONFIG_PAGE_POISONING is on, will take precedence over init_on_alloc and init_on_free
[    0.049155] mem auto-init: stack:byref_all(zero), heap alloc:off, heap free:off
[    1.659354] Memory: 15558036K/16119096K available (14344K kernel code, 2078K rwdata, 10924K rodata, 1784K init, 3872K bss, 560800K reserved, 0K cma-reserved)
[    1.659360] **********************************************************
[    1.659361] **   NOTICE NOTICE NOTICE NOTICE NOTICE NOTICE NOTICE   **
[    1.659361] **                                                      **
[    1.659362] ** This system shows unhashed kernel memory addresses   **
[    1.659362] ** via the console, logs, and other interfaces. This    **
[    1.659362] ** might reduce the security of your system.            **
[    1.659363] **                                                      **
[    1.659363] ** If you see this message and you are not debugging    **
[    1.659364] ** the kernel, report this immediately to your system   **
[    1.659364] ** administrator!                                       **
[    1.659364] **                                                      **
[    1.659365] **   NOTICE NOTICE NOTICE NOTICE NOTICE NOTICE NOTICE   **
[    1.659365] **********************************************************
[    1.659368] random: get_random_u64 called from __kmem_cache_create+0x2a/0x550 with crng_init=0
[    1.659524] SLUB: HWalign=64, Order=0-3, MinObjects=0, CPUs=16, Nodes=1
[    1.659539] Kernel/User page tables isolation: enabled
[    1.659560] ftrace: allocating 45012 entries in 176 pages
[    1.671008] ftrace: allocated 176 pages with 3 groups
[    1.671103] Dynamic Preempt: full
[    1.671147] rcu: Preemptible hierarchical RCU implementation.
[    1.671148] rcu: 	RCU dyntick-idle grace-period acceleration is enabled.
[    1.671148] rcu: 	RCU restricting CPUs from NR_CPUS=320 to nr_cpu_ids=16.
[    1.671149] rcu: 	RCU priority boosting: priority 1 delay 500 ms.
[    1.671150] 	Trampoline variant of Tasks RCU enabled.
[    1.671150] 	Rude variant of Tasks RCU enabled.
[    1.671151] 	Tracing variant of Tasks RCU enabled.
[    1.671151] rcu: RCU calculated value of scheduler-enlistment delay is 30 jiffies.
[    1.671152] rcu: Adjusting geometry for rcu_fanout_leaf=16, nr_cpu_ids=16
[    1.674545] NR_IRQS: 20736, nr_irqs: 1096, preallocated irqs: 16
[    1.674797] kfence: initialized - using 2097152 bytes for 255 objects at 0xffff99c2bdc00000-0xffff99c2bde00000
[    1.674963] Console: colour dummy device 80x25
[    1.674975] printk: console [tty0] enabled
[    1.674995] ACPI: Core revision 20210930
[    1.675212] clocksource: hpet: mask: 0xffffffff max_cycles: 0xffffffff, max_idle_ns: 133484873504 ns
[    1.675231] APIC: Switch to symmetric I/O mode setup
[    1.676049] AMD-Vi: ivrs, add hid:AMDI0020, uid:\_SB.FUR0, rdevid:160
[    1.676050] AMD-Vi: ivrs, add hid:AMDI0020, uid:\_SB.FUR1, rdevid:160
[    1.676051] AMD-Vi: ivrs, add hid:AMDI0020, uid:\_SB.FUR2, rdevid:160
[    1.676052] AMD-Vi: ivrs, add hid:AMDI0020, uid:\_SB.FUR3, rdevid:160
[    1.676349] Switched APIC routing to physical flat.
[    1.677104] ..TIMER: vector=0x30 apic1=0 pin1=2 apic2=-1 pin2=-1
[    1.691906] clocksource: tsc-early: mask: 0xffffffffffffffff max_cycles: 0x222ae5cdbf3, max_idle_ns: 440795219777 ns
[    1.691914] Calibrating delay loop (skipped), value calculated using timer frequency.. 4742.28 BogoMIPS (lpj=7901250)
[    1.691916] pid_max: default: 32768 minimum: 301
[    1.715289] LSM: Security Framework initializing
[    1.715305] landlock: Up and running.
[    1.715306] Yama: becoming mindful.
[    1.715337] AppArmor: AppArmor initialized
[    1.715339] LSM support for eBPF active
[    1.715378] Mount-cache hash table entries: 32768 (order: 6, 262144 bytes, linear)
[    1.715407] Mountpoint-cache hash table entries: 32768 (order: 6, 262144 bytes, linear)
[    1.715654] x86/cpu: User Mode Instruction Prevention (UMIP) activated
[    1.715690] LVT offset 1 assigned for vector 0xf9
[    1.715750] LVT offset 2 assigned for vector 0xf4
[    1.715767] Last level iTLB entries: 4KB 1024, 2MB 1024, 4MB 512
[    1.715768] Last level dTLB entries: 4KB 2048, 2MB 2048, 4MB 1024, 1GB 0
[    1.715772] Spectre V1 : Mitigation: usercopy/swapgs barriers and __user pointer sanitization
[    1.715775] Spectre V2 : Mitigation: Full AMD retpoline
[    1.715775] Spectre V2 : Spectre v2 / SpectreRSB mitigation: Filling RSB on context switch
[    1.715775] Spectre V2 : Enabling Restricted Speculation for firmware calls
[    1.715777] Spectre V2 : mitigation: Enabling conditional Indirect Branch Prediction Barrier
[    1.715779] Speculative Store Bypass: Mitigation: Speculative Store Bypass disabled via prctl
[    1.722075] Freeing SMP alternatives memory: 36K
[    1.832114] smpboot: CPU0: AMD Ryzen 5 4500U with Radeon Graphics (family: 0x17, model: 0x60, stepping: 0x1)
[    1.832285] Performance Events: Fam17h+ core perfctr, AMD PMU driver.
[    1.832290] ... version:                0
[    1.832291] ... bit width:              48
[    1.832291] ... generic registers:      6
[    1.832291] ... value mask:             0000ffffffffffff
[    1.832292] ... max period:             00007fffffffffff
[    1.832293] ... fixed-purpose events:   0
[    1.832293] ... event mask:             000000000000003f
[    1.832359] rcu: Hierarchical SRCU implementation.
[    1.832878] NMI watchdog: Enabled. Permanently consumes one hw-PMU counter.
[    1.833088] smp: Bringing up secondary CPUs ...
[    1.833205] x86: Booting SMP configuration:
[    1.833206] .... node  #0, CPUs:        #1  #2  #3  #4  #5
[    1.845309] smp: Brought up 1 node, 6 CPUs
[    1.845309] smpboot: Max logical packages: 3
[    1.845309] smpboot: Total of 6 processors activated (28455.68 BogoMIPS)
[    1.846164] devtmpfs: initialized
[    1.846164] x86/mm: Memory block size: 128MB
[    1.846410] ACPI: PM: Registering ACPI NVS region [mem 0x09f00000-0x09f0ffff] (65536 bytes)
[    1.846410] ACPI: PM: Registering ACPI NVS region [mem 0xccf7f000-0xcdf7efff] (16777216 bytes)
[    1.848657] clocksource: jiffies: mask: 0xffffffff max_cycles: 0xffffffff, max_idle_ns: 6370867519511994 ns
[    1.848679] futex hash table entries: 4096 (order: 6, 262144 bytes, linear)
[    1.848744] pinctrl core: initialized pinctrl subsystem
[    1.848853] PM: RTC time: 01:26:47, date: 2022-02-13
[    1.849052] NET: Registered PF_NETLINK/PF_ROUTE protocol family
[    1.849431] DMA: preallocated 2048 KiB GFP_KERNEL pool for atomic allocations
[    1.849661] DMA: preallocated 2048 KiB GFP_KERNEL|GFP_DMA pool for atomic allocations
[    1.849820] DMA: preallocated 2048 KiB GFP_KERNEL|GFP_DMA32 pool for atomic allocations
[    1.849842] audit: initializing netlink subsys (enabled)
[    1.849864] audit: type=2000 audit(1644715606.173:1): state=initialized audit_enabled=1 res=1
[    1.849864] thermal_sys: Registered thermal governor 'fair_share'
[    1.849864] thermal_sys: Registered thermal governor 'bang_bang'
[    1.849864] thermal_sys: Registered thermal governor 'step_wise'
[    1.849864] thermal_sys: Registered thermal governor 'user_space'
[    1.849864] thermal_sys: Registered thermal governor 'power_allocator'
[    1.849864] cpuidle: using governor ladder
[    1.849864] cpuidle: using governor menu
[    1.849864] Simple Boot Flag at 0x44 set to 0x1
[    1.849864] HugeTLB: can free 4094 vmemmap pages for hugepages-1048576kB
[    1.849864] acpiphp: ACPI Hot Plug PCI Controller Driver version: 0.5
[    1.849864] PCI: MMCONFIG for domain 0000 [bus 00-3f] at [mem 0xf8000000-0xfbffffff] (base 0xf8000000)
[    1.849864] PCI: MMCONFIG at [mem 0xf8000000-0xfbffffff] reserved in E820
[    1.849864] PCI: Using configuration type 1 for base access
[    1.852286] kprobes: kprobe jump-optimization is enabled. All kprobes are optimized if possible.
[    1.852291] HugeTLB: can free 6 vmemmap pages for hugepages-2048kB
[    1.852291] HugeTLB registered 1.00 GiB page size, pre-allocated 0 pages
[    1.852291] HugeTLB registered 2.00 MiB page size, pre-allocated 0 pages
[    1.852291] ACPI: Added _OSI(Module Device)
[    1.852291] ACPI: Added _OSI(Processor Device)
[    1.852291] ACPI: Added _OSI(3.0 _SCP Extensions)
[    1.852291] ACPI: Added _OSI(Processor Aggregator Device)
[    1.852291] ACPI: Added _OSI(Linux-Dell-Video)
[    1.852291] ACPI: Added _OSI(Linux-Lenovo-NV-HDMI-Audio)
[    1.852291] ACPI: Added _OSI(Linux-HPI-Hybrid-Graphics)
[    1.870207] ACPI: 18 ACPI AML tables successfully acquired and loaded
[    1.871778] ACPI: [Firmware Bug]: BIOS _OSI(Linux) query ignored
[    1.874882] ACPI: EC: EC started
[    1.874883] ACPI: EC: interrupt blocked
[    1.876966] ACPI: EC: EC_CMD/EC_SC=0x66, EC_DATA=0x62
[    1.876968] ACPI: \_SB_.PCI0.LPC0.EC0_: Boot DSDT EC used to handle transactions
[    1.876969] ACPI: Interpreter enabled
[    1.876984] ACPI: PM: (supports S0 S4 S5)
[    1.876985] ACPI: Using IOAPIC for interrupt routing
[    1.877195] PCI: Using host bridge windows from ACPI; if necessary, use "pci=nocrs" and report a bug
[    1.880345] ACPI: PM: Power Resource [P0U0]
[    1.880476] ACPI: PM: Power Resource [P3U0]
[    1.881225] ACPI: PM: Power Resource [P0U1]
[    1.881353] ACPI: PM: Power Resource [P3U1]
[    1.882005] ACPI: PM: Power Resource [P0S0]
[    1.882041] ACPI: PM: Power Resource [P3S0]
[    1.882197] ACPI: PM: Power Resource [P0S1]
[    1.882233] ACPI: PM: Power Resource [P3S1]
[    1.888141] ACPI: PCI Root Bridge [PCI0] (domain 0000 [bus 00-ff])
[    1.888147] acpi PNP0A08:00: _OSC: OS supports [ExtendedConfig ASPM ClockPM Segments MSI EDR HPX-Type3]
[    1.888267] acpi PNP0A08:00: _OSC: platform does not support [SHPCHotplug LTR DPC]
[    1.888487] acpi PNP0A08:00: _OSC: OS now controls [PCIeHotplug PME AER PCIeCapability]
[    1.888498] acpi PNP0A08:00: [Firmware Info]: MMCONFIG for domain 0000 [bus 00-3f] only partially covers this bridge
[    1.888852] PCI host bridge to bus 0000:00
[    1.888853] pci_bus 0000:00: root bus resource [io  0x0000-0x0cf7 window]
[    1.888855] pci_bus 0000:00: root bus resource [io  0x0d00-0xffff window]
[    1.888856] pci_bus 0000:00: root bus resource [mem 0x000a0000-0x000bffff window]
[    1.888857] pci_bus 0000:00: root bus resource [mem 0x000c0000-0x000cffff window]
[    1.888858] pci_bus 0000:00: root bus resource [mem 0x000d0000-0x000effff window]
[    1.888859] pci_bus 0000:00: root bus resource [mem 0xd0000000-0xf7ffffff window]
[    1.888860] pci_bus 0000:00: root bus resource [mem 0xfc000000-0xfed3ffff window]
[    1.888861] pci_bus 0000:00: root bus resource [mem 0x450200000-0xfcffffffff window]
[    1.888862] pci_bus 0000:00: root bus resource [bus 00-ff]
[    1.888875] pci 0000:00:00.0: [1022:1630] type 00 class 0x060000
[    1.888936] pci 0000:00:00.2: [1022:1631] type 00 class 0x080600
[    1.889007] pci 0000:00:01.0: [1022:1632] type 00 class 0x060000
[    1.889057] pci 0000:00:02.0: [1022:1632] type 00 class 0x060000
[    1.889112] pci 0000:00:08.0: [1022:1632] type 00 class 0x060000
[    1.889159] pci 0000:00:08.1: [1022:1635] type 01 class 0x060400
[    1.889178] pci 0000:00:08.1: enabling Extended Tags
[    1.889207] pci 0000:00:08.1: PME# supported from D0 D3hot D3cold
[    1.889310] pci 0000:00:08.2: [1022:1635] type 01 class 0x060400
[    1.889329] pci 0000:00:08.2: enabling Extended Tags
[    1.889357] pci 0000:00:08.2: PME# supported from D0 D3hot D3cold
[    1.889455] pci 0000:00:14.0: [1022:790b] type 00 class 0x0c0500
[    1.889579] pci 0000:00:14.3: [1022:790e] type 00 class 0x060100
[    1.889711] pci 0000:00:18.0: [1022:1448] type 00 class 0x060000
[    1.889742] pci 0000:00:18.1: [1022:1449] type 00 class 0x060000
[    1.889770] pci 0000:00:18.2: [1022:144a] type 00 class 0x060000
[    1.889797] pci 0000:00:18.3: [1022:144b] type 00 class 0x060000
[    1.889827] pci 0000:00:18.4: [1022:144c] type 00 class 0x060000
[    1.889858] pci 0000:00:18.5: [1022:144d] type 00 class 0x060000
[    1.889885] pci 0000:00:18.6: [1022:144e] type 00 class 0x060000
[    1.889912] pci 0000:00:18.7: [1022:144f] type 00 class 0x060000
[    1.890034] pci 0000:01:00.0: [1002:1636] type 00 class 0x030000
[    1.890044] pci 0000:01:00.0: reg 0x10: [mem 0xfce0000000-0xfcefffffff 64bit pref]
[    1.890052] pci 0000:01:00.0: reg 0x18: [mem 0xfcf0000000-0xfcf01fffff 64bit pref]
[    1.890056] pci 0000:01:00.0: reg 0x20: [io  0x1000-0x10ff]
[    1.890061] pci 0000:01:00.0: reg 0x24: [mem 0xd0400000-0xd047ffff]
[    1.890069] pci 0000:01:00.0: enabling Extended Tags
[    1.890081] pci 0000:01:00.0: BAR 0: assigned to efifb
[    1.890116] pci 0000:01:00.0: PME# supported from D1 D2 D3hot D3cold
[    1.890212] pci 0000:01:00.1: [1002:1637] type 00 class 0x040300
[    1.890219] pci 0000:01:00.1: reg 0x10: [mem 0xd04c8000-0xd04cbfff]
[    1.890238] pci 0000:01:00.1: enabling Extended Tags
[    1.890265] pci 0000:01:00.1: PME# supported from D1 D2 D3hot D3cold
[    1.890333] pci 0000:01:00.2: [1022:15df] type 00 class 0x108000
[    1.890345] pci 0000:01:00.2: reg 0x18: [mem 0xd0300000-0xd03fffff]
[    1.890353] pci 0000:01:00.2: reg 0x24: [mem 0xd04cc000-0xd04cdfff]
[    1.890360] pci 0000:01:00.2: enabling Extended Tags
[    1.890452] pci 0000:01:00.3: [1022:1639] type 00 class 0x0c0330
[    1.890462] pci 0000:01:00.3: reg 0x10: [mem 0xd0100000-0xd01fffff 64bit]
[    1.890484] pci 0000:01:00.3: enabling Extended Tags
[    1.890513] pci 0000:01:00.3: PME# supported from D0 D3hot D3cold
[    1.890582] pci 0000:01:00.4: [1022:1639] type 00 class 0x0c0330
[    1.890592] pci 0000:01:00.4: reg 0x10: [mem 0xd0200000-0xd02fffff 64bit]
[    1.890614] pci 0000:01:00.4: enabling Extended Tags
[    1.890643] pci 0000:01:00.4: PME# supported from D0 D3hot D3cold
[    1.890713] pci 0000:01:00.5: [1022:15e2] type 00 class 0x048000
[    1.890720] pci 0000:01:00.5: reg 0x10: [mem 0xd0480000-0xd04bffff]
[    1.890739] pci 0000:01:00.5: enabling Extended Tags
[    1.890766] pci 0000:01:00.5: PME# supported from D0 D3hot D3cold
[    1.890837] pci 0000:01:00.6: [1022:15e3] type 00 class 0x040300
[    1.890843] pci 0000:01:00.6: reg 0x10: [mem 0xd04c0000-0xd04c7fff]
[    1.890863] pci 0000:01:00.6: enabling Extended Tags
[    1.890890] pci 0000:01:00.6: PME# supported from D0 D3hot D3cold
[    1.890975] pci 0000:00:08.1: PCI bridge to [bus 01]
[    1.890978] pci 0000:00:08.1:   bridge window [io  0x1000-0x1fff]
[    1.890980] pci 0000:00:08.1:   bridge window [mem 0xd0100000-0xd04fffff]
[    1.890982] pci 0000:00:08.1:   bridge window [mem 0xfce0000000-0xfcf01fffff 64bit pref]
[    1.891028] pci 0000:02:00.0: [1022:7901] type 00 class 0x010601
[    1.891054] pci 0000:02:00.0: reg 0x24: [mem 0xd0001000-0xd00017ff]
[    1.891061] pci 0000:02:00.0: enabling Extended Tags
[    1.891175] pci 0000:02:00.1: [1022:7901] type 00 class 0x010601
[    1.891201] pci 0000:02:00.1: reg 0x24: [mem 0xd0000000-0xd00007ff]
[    1.891209] pci 0000:02:00.1: enabling Extended Tags
[    1.891307] pci 0000:00:08.2: PCI bridge to [bus 02]
[    1.891311] pci 0000:00:08.2:   bridge window [mem 0xd0000000-0xd00fffff]
[    1.893026] ACPI: PCI: Interrupt link LNKA configured for IRQ 0
[    1.893028] ACPI: PCI: Interrupt link LNKA disabled
[    1.893119] ACPI: PCI: Interrupt link LNKB configured for IRQ 0
[    1.893120] ACPI: PCI: Interrupt link LNKB disabled
[    1.893193] ACPI: PCI: Interrupt link LNKC configured for IRQ 0
[    1.893193] ACPI: PCI: Interrupt link LNKC disabled
[    1.893283] ACPI: PCI: Interrupt link LNKD configured for IRQ 0
[    1.893284] ACPI: PCI: Interrupt link LNKD disabled
[    1.893368] ACPI: PCI: Interrupt link LNKE configured for IRQ 0
[    1.893369] ACPI: PCI: Interrupt link LNKE disabled
[    1.893435] ACPI: PCI: Interrupt link LNKF configured for IRQ 0
[    1.893436] ACPI: PCI: Interrupt link LNKF disabled
[    1.893503] ACPI: PCI: Interrupt link LNKG configured for IRQ 0
[    1.893503] ACPI: PCI: Interrupt link LNKG disabled
[    1.893570] ACPI: PCI: Interrupt link LNKH configured for IRQ 0
[    1.893570] ACPI: PCI: Interrupt link LNKH disabled
[    1.895585] ACPI: EC: interrupt unblocked
[    1.895586] ACPI: EC: event unblocked
[    1.895594] ACPI: EC: EC_CMD/EC_SC=0x66, EC_DATA=0x62
[    1.895595] ACPI: EC: GPE=0x3
[    1.895596] ACPI: \_SB_.PCI0.LPC0.EC0_: Boot DSDT EC initialization complete
[    1.895598] ACPI: \_SB_.PCI0.LPC0.EC0_: EC: Used to handle transactions and events
[    1.895640] iommu: Default domain type: Translated 
[    1.895641] iommu: DMA domain TLB invalidation policy: lazy mode 
[    1.895653] pci 0000:01:00.0: vgaarb: VGA device added: decodes=io+mem,owns=none,locks=none
[    1.895653] pci 0000:01:00.0: vgaarb: bridge control possible
[    1.895653] pci 0000:01:00.0: vgaarb: setting as boot device
[    1.895653] vgaarb: loaded
[    1.895653] SCSI subsystem initialized
[    1.895653] libata version 3.00 loaded.
[    1.895653] ACPI: bus type USB registered
[    1.895653] usbcore: registered new interface driver usbfs
[    1.895653] usbcore: registered new interface driver hub
[    1.895653] usbcore: registered new device driver usb
[    1.905571] pps_core: LinuxPPS API ver. 1 registered
[    1.905572] pps_core: Software ver. 5.3.6 - Copyright 2005-2007 Rodolfo Giometti <giometti@linux.it>
[    1.905575] PTP clock support registered
[    1.905582] EDAC MC: Ver: 3.0.0
[    1.905629] Registered efivars operations
[    1.905629] NetLabel: Initializing
[    1.905629] NetLabel:  domain hash size = 128
[    1.905629] NetLabel:  protocols = UNLABELED CIPSOv4 CALIPSO
[    1.905629] NetLabel:  unlabeled traffic allowed by default
[    1.905629] mctp: management component transport protocol core
[    1.905629] NET: Registered PF_MCTP protocol family
[    1.905629] PCI: Using ACPI for IRQ routing
[    1.905629] audit: type=1409 audit(1644715606.229:2): netlabel: auid=0 ses=0 subj==unconfined nlbl_domain=(default) nlbl_protocol=unlbl res=1
[    1.905629] audit: type=1406 audit(1644715606.229:3): netlabel: auid=0 ses=0 subj==unconfined unlbl_accept=1 old=0
[    1.907493] PCI: pci_cache_line_size set to 64 bytes
[    1.907525] e820: reserve RAM buffer [mem 0x0009f000-0x0009ffff]
[    1.907527] e820: reserve RAM buffer [mem 0x09b00000-0x0bffffff]
[    1.907528] e820: reserve RAM buffer [mem 0x09f00000-0x0bffffff]
[    1.907529] e820: reserve RAM buffer [mem 0xb3636000-0xb3ffffff]
[    1.907530] e820: reserve RAM buffer [mem 0xbab69000-0xbbffffff]
[    1.907531] e820: reserve RAM buffer [mem 0xc9f7f000-0xcbffffff]
[    1.907532] e820: reserve RAM buffer [mem 0xce000000-0xcfffffff]
[    1.907533] e820: reserve RAM buffer [mem 0x40f340000-0x40fffffff]
[    1.907537] hpet0: at MMIO 0xfed00000, IRQs 2, 8, 0
[    1.907537] hpet0: 3 comparators, 32-bit 14.318180 MHz counter
[    1.910113] clocksource: Switched to clocksource tsc-early
[    1.918299] VFS: Disk quotas dquot_6.6.0
[    1.918319] VFS: Dquot-cache hash table entries: 512 (order 0, 4096 bytes)
[    1.918452] AppArmor: AppArmor Filesystem Enabled
[    1.918509] pnp: PnP ACPI init
[    1.918723] audit: type=1400 audit(1644715606.239:4): apparmor="STATUS" info="AppArmor Filesystem Enabled" pid=1 comm="swapper/0"
[    1.918779] system 00:00: [mem 0xfec00000-0xfec01fff] could not be reserved
[    1.918784] system 00:00: [mem 0xfee00000-0xfee00fff] has been reserved
[    1.918786] system 00:00: [mem 0xfde00000-0xfdefffff] has been reserved
[    1.919024] system 00:03: [io  0x0400-0x04cf] has been reserved
[    1.919026] system 00:03: [io  0x04d0-0x04d1] has been reserved
[    1.919027] system 00:03: [io  0x04d6] has been reserved
[    1.919028] system 00:03: [io  0x0c00-0x0c01] has been reserved
[    1.919030] system 00:03: [io  0x0c14] has been reserved
[    1.919031] system 00:03: [io  0x0c50-0x0c52] has been reserved
[    1.919032] system 00:03: [io  0x0c6c] has been reserved
[    1.919033] system 00:03: [io  0x0c6f] has been reserved
[    1.919034] system 00:03: [io  0x0cd0-0x0cdb] has been reserved
[    1.919105] system 00:04: [mem 0x000e0000-0x000fffff] could not be reserved
[    1.919106] system 00:04: [mem 0xff000000-0xffffffff] could not be reserved
[    1.920226] pnp: PnP ACPI: found 5 devices
[    1.928039] clocksource: acpi_pm: mask: 0xffffff max_cycles: 0xffffff, max_idle_ns: 2085701024 ns
[    1.928194] NET: Registered PF_INET protocol family
[    1.928722] IP idents hash table entries: 262144 (order: 9, 2097152 bytes, linear)
[    1.930950] tcp_listen_portaddr_hash hash table entries: 8192 (order: 5, 131072 bytes, linear)
[    1.931140] TCP established hash table entries: 131072 (order: 8, 1048576 bytes, linear)
[    1.931467] TCP bind hash table entries: 65536 (order: 8, 1048576 bytes, linear)
[    1.931534] TCP: Hash tables configured (established 131072 bind 65536)
[    1.931684] MPTCP token hash table entries: 16384 (order: 6, 393216 bytes, linear)
[    1.931742] UDP hash table entries: 8192 (order: 6, 262144 bytes, linear)
[    1.931793] UDP-Lite hash table entries: 8192 (order: 6, 262144 bytes, linear)
[    1.931873] NET: Registered PF_UNIX/PF_LOCAL protocol family
[    1.931879] NET: Registered PF_XDP protocol family
[    1.931893] pci 0000:00:08.1: PCI bridge to [bus 01]
[    1.931897] pci 0000:00:08.1:   bridge window [io  0x1000-0x1fff]
[    1.931900] pci 0000:00:08.1:   bridge window [mem 0xd0100000-0xd04fffff]
[    1.931902] pci 0000:00:08.1:   bridge window [mem 0xfce0000000-0xfcf01fffff 64bit pref]
[    1.931906] pci 0000:00:08.2: PCI bridge to [bus 02]
[    1.931908] pci 0000:00:08.2:   bridge window [mem 0xd0000000-0xd00fffff]
[    1.931913] pci_bus 0000:00: resource 4 [io  0x0000-0x0cf7 window]
[    1.931915] pci_bus 0000:00: resource 5 [io  0x0d00-0xffff window]
[    1.931916] pci_bus 0000:00: resource 6 [mem 0x000a0000-0x000bffff window]
[    1.931917] pci_bus 0000:00: resource 7 [mem 0x000c0000-0x000cffff window]
[    1.931918] pci_bus 0000:00: resource 8 [mem 0x000d0000-0x000effff window]
[    1.931918] pci_bus 0000:00: resource 9 [mem 0xd0000000-0xf7ffffff window]
[    1.931919] pci_bus 0000:00: resource 10 [mem 0xfc000000-0xfed3ffff window]
[    1.931920] pci_bus 0000:00: resource 11 [mem 0x450200000-0xfcffffffff window]
[    1.931922] pci_bus 0000:01: resource 0 [io  0x1000-0x1fff]
[    1.931923] pci_bus 0000:01: resource 1 [mem 0xd0100000-0xd04fffff]
[    1.931924] pci_bus 0000:01: resource 2 [mem 0xfce0000000-0xfcf01fffff 64bit pref]
[    1.931925] pci_bus 0000:02: resource 1 [mem 0xd0000000-0xd00fffff]
[    1.932069] pci 0000:01:00.1: D0 power state depends on 0000:01:00.0
[    1.932074] pci 0000:01:00.3: extending delay after power-on from D3hot to 20 msec
[    1.933989] pci 0000:01:00.4: extending delay after power-on from D3hot to 20 msec
[    1.945199] pci 0000:01:00.4: quirk_usb_early_handoff+0x0/0x750 took 10945 usecs
[    1.945210] PCI: CLS 64 bytes, default 64
[    1.945221] pci 0000:00:00.2: AMD-Vi: IOMMU performance counters supported
[    1.945273] Trying to unpack rootfs image as initramfs...
[    1.945282] pci 0000:00:00.2: can't derive routing for PCI INT A
[    1.945283] pci 0000:00:00.2: PCI INT A: not connected
[    1.945301] pci 0000:00:01.0: Adding to iommu group 0
[    1.945316] pci 0000:00:02.0: Adding to iommu group 1
[    1.945332] pci 0000:00:08.0: Adding to iommu group 2
[    1.945339] pci 0000:00:08.1: Adding to iommu group 2
[    1.945347] pci 0000:00:08.2: Adding to iommu group 2
[    1.945360] pci 0000:00:14.0: Adding to iommu group 3
[    1.945371] pci 0000:00:14.3: Adding to iommu group 3
[    1.945393] pci 0000:00:18.0: Adding to iommu group 4
[    1.945401] pci 0000:00:18.1: Adding to iommu group 4
[    1.945408] pci 0000:00:18.2: Adding to iommu group 4
[    1.945415] pci 0000:00:18.3: Adding to iommu group 4
[    1.945423] pci 0000:00:18.4: Adding to iommu group 4
[    1.945431] pci 0000:00:18.5: Adding to iommu group 4
[    1.945438] pci 0000:00:18.6: Adding to iommu group 4
[    1.945447] pci 0000:00:18.7: Adding to iommu group 4
[    1.945451] pci 0000:01:00.0: Adding to iommu group 2
[    1.945455] pci 0000:01:00.1: Adding to iommu group 2
[    1.945462] pci 0000:01:00.2: Adding to iommu group 2
[    1.945467] pci 0000:01:00.3: Adding to iommu group 2
[    1.945471] pci 0000:01:00.4: Adding to iommu group 2
[    1.945478] pci 0000:01:00.5: Adding to iommu group 2
[    1.945482] pci 0000:01:00.6: Adding to iommu group 2
[    1.945487] pci 0000:02:00.0: Adding to iommu group 2
[    1.945492] pci 0000:02:00.1: Adding to iommu group 2
[    1.947218] pci 0000:00:00.2: AMD-Vi: Found IOMMU cap 0x40
[    1.947222] AMD-Vi: Extended features (0x206d73ef22254ade): PPR X2APIC NX GT IA GA PC GA_vAPIC
[    1.947227] AMD-Vi: Interrupt remapping enabled
[    1.947227] AMD-Vi: Virtual APIC enabled
[    1.947228] AMD-Vi: X2APIC enabled
[    1.947456] software IO TLB: tearing down default memory pool
[    1.955605] LVT offset 0 assigned for vector 0x400
[    1.955805] perf: AMD IBS detected (0x000003ff)
[    1.955812] perf/amd_iommu: Detected AMD IOMMU #0 (2 banks, 4 counters/bank).
[    1.957532] Initialise system trusted keyrings
[    1.957549] Key type blacklist registered
[    1.957644] workingset: timestamp_bits=41 max_order=22 bucket_order=0
[    1.959068] zbud: loaded
[    1.961942] Key type asymmetric registered
[    1.961944] Asymmetric key parser 'x509' registered
[    1.961973] Block layer SCSI generic (bsg) driver version 0.4 loaded (major 242)
[    1.962080] io scheduler mq-deadline registered
[    1.962082] io scheduler kyber registered
[    1.962109] io scheduler bfq registered
[    1.962932] pcieport 0000:00:08.1: PME: Signaling with IRQ 26
[    1.963263] pcieport 0000:00:08.2: PME: Signaling with IRQ 27
[    1.963405] shpchp: Standard Hot Plug PCI Controller Driver version: 0.4
[    1.964897] ACPI: AC: AC Adapter [ACAD] (off-line)
[    1.964935] input: Power Button as /devices/LNXSYSTM:00/LNXSYBUS:00/PNP0C0C:00/input/input0
[    1.964952] ACPI: button: Power Button [PWRB]
[    1.964978] input: Lid Switch as /devices/LNXSYSTM:00/LNXSYBUS:00/PNP0A08:00/device:2a/PNP0C09:00/PNP0C0D:00/input/input1
[    1.964998] ACPI: button: Lid Switch [LID0]
[    1.965038] Monitor-Mwait will be used to enter C-1 state
[    1.965044] ACPI: \_SB_.PLTF.C000: Found 3 idle states
[    1.965054] ACPI: FW issue: working around C-state latencies out of order
[    1.965145] ACPI: \_SB_.PLTF.C001: Found 3 idle states
[    1.965150] ACPI: FW issue: working around C-state latencies out of order
[    1.965322] ACPI: \_SB_.PLTF.C002: Found 3 idle states
[    1.965336] ACPI: FW issue: working around C-state latencies out of order
[    1.965585] ACPI: \_SB_.PLTF.C003: Found 3 idle states
[    1.965597] ACPI: FW issue: working around C-state latencies out of order
[    1.965810] ACPI: \_SB_.PLTF.C004: Found 3 idle states
[    1.965821] ACPI: FW issue: working around C-state latencies out of order
[    1.966023] ACPI: \_SB_.PLTF.C005: Found 3 idle states
[    1.966034] ACPI: FW issue: working around C-state latencies out of order
[    1.968137] thermal LNXTHERM:00: registered as thermal_zone0
[    1.968138] ACPI: thermal: Thermal Zone [TZ0] (0 C)
[    1.968319] Serial: 8250/16550 driver, 32 ports, IRQ sharing enabled
[    1.970482] Non-volatile memory driver v1.3
[    1.970483] Linux agpgart interface v0.103
[    1.970514] AMD-Vi: AMD IOMMUv2 loaded and initialized
[    1.970563] ACPI: bus type drm_connector registered
[    1.971510] ahci 0000:02:00.0: version 3.0
[    1.971685] ahci 0000:02:00.0: AHCI 0001.0301 32 slots 1 ports 6 Gbps 0x1 impl SATA mode
[    1.971688] ahci 0000:02:00.0: flags: 64bit ncq sntf ilck pm led clo only pmp fbs pio slum part 
[    1.971879] scsi host0: ahci
[    1.971963] ata1: SATA max UDMA/133 abar m2048@0xd0001000 port 0xd0001100 irq 29
[    1.972080] ahci 0000:02:00.1: AHCI 0001.0301 32 slots 1 ports 6 Gbps 0x1 impl SATA mode
[    1.972081] ahci 0000:02:00.1: flags: 64bit ncq sntf ilck pm led clo only pmp fbs pio slum part deso sadm sds 
[    1.972211] scsi host1: ahci
[    1.972250] ata2: SATA max UDMA/133 abar m2048@0xd0000000 port 0xd0000100 irq 31
[    1.972274] ehci_hcd: USB 2.0 'Enhanced' Host Controller (EHCI) Driver
[    1.972282] ehci-pci: EHCI PCI platform driver
[    1.972290] ohci_hcd: USB 1.1 'Open' Host Controller (OHCI) Driver
[    1.972292] ohci-pci: OHCI PCI platform driver
[    1.972297] uhci_hcd: USB Universal Host Controller Interface driver
[    1.972338] usbcore: registered new interface driver usbserial_generic
[    1.972341] usbserial: USB Serial support registered for generic
[    1.972415] rtc_cmos 00:01: RTC can wake from S4
[    1.972678] rtc_cmos 00:01: registered as rtc0
[    1.972714] rtc_cmos 00:01: setting system clock to 2022-02-13T01:26:47 UTC (1644715607)
[    1.972716] audit: type=1332 audit(1644715607.500:5): sec=1 nsec=202538031
[    1.972727] rtc_cmos 00:01: alarms up to one month, 114 bytes nvram, hpet irqs
[    1.972863] ledtrig-cpu: registered to indicate activity on CPUs
[    1.973097] efifb: probing for efifb
[    1.973105] efifb: framebuffer at 0xfce0000000, using 8128k, total 8128k
[    1.973106] efifb: mode is 1920x1080x32, linelength=7680, pages=1
[    1.973107] efifb: scrolling: redraw
[    1.973108] efifb: Truecolor: size=8:8:8:8, shift=24:16:8:0
[    1.973157] fbcon: Deferring console take-over
[    1.973157] fb0: EFI VGA frame buffer device
[    1.973211] hid: raw HID events driver (C) Jiri Kosina
[    1.973278] drop_monitor: Initializing network drop monitor service
[    1.973323] Initializing XFRM netlink socket
[    1.973327] IPv6: Loaded, but administratively disabled, reboot required to enable
[    1.973328] NET: Registered PF_PACKET protocol family
[    1.974212] microcode: CPU0: patch_level=0x08600106
[    1.974215] microcode: CPU1: patch_level=0x08600106
[    1.974232] microcode: CPU2: patch_level=0x08600106
[    1.974252] microcode: CPU3: patch_level=0x08600106
[    1.974274] microcode: CPU4: patch_level=0x08600106
[    1.974319] microcode: CPU5: patch_level=0x08600106
[    1.974323] microcode: Microcode Update Driver: v2.2.
[    1.974512] resctrl: L3 allocation detected
[    1.974514] resctrl: MB allocation detected
[    1.974514] resctrl: L3 monitoring detected
[    1.974517] IPI shorthand broadcast: enabled
[    1.974529] sched_clock: Marking stable (1974002068, 498561)->(3077146726, -1102646097)
[    1.974814] registered taskstats version 1
[    1.975032] Loading compiled-in X.509 certificates
[    1.977709] Loaded X.509 cert 'Build time autogenerated kernel key: 1d2ee76cdb3fb8bfa19eb2f4c9e2e584fda64db1'
[    1.978633] zswap: loaded using pool lz4/z3fold
[    1.979142] Key type ._fscrypt registered
[    1.979143] Key type .fscrypt registered
[    1.979144] Key type fscrypt-provisioning registered
[    1.979280] AppArmor: AppArmor sha1 policy hashing enabled
[    1.979309] audit: type=1400 audit(1644715607.503:6): apparmor="STATUS" info="AppArmor sha1 policy hashing enabled" pid=1 comm="swapper/0"
[    1.980685] PM:   Magic number: 10:428:407
[    1.980714] platform ACPI0003:00: hash matches
[    1.980715] platform PNP0800:00: hash matches
[    1.980724] ac ACPI0003:00: hash matches
[    1.980726] acpi PNP0800:00: hash matches
[    1.980886] RAS: Correctable Errors collector initialized.
[    1.987311] ACPI: battery: Slot [BATT] (battery present)
[    2.289697] ata1: SATA link down (SStatus 0 SControl 300)
[    2.327148] Freeing initrd memory: 10720K
[    2.741202] ata2: SATA link up 6.0 Gbps (SStatus 133 SControl 300)
[    2.743983] ata2.00: ATA-11: SAMSUNG MZNLH512HALU-00000, RVT2200Q, max UDMA/133
[    2.744900] ata2.00: 1000215216 sectors, multi 16: LBA48 NCQ (depth 32), AA
[    2.748041] ata2.00: Features: Dev-Sleep NCQ-sndrcv
[    2.753055] ata2.00: configured for UDMA/133
[    2.753184] ata2.00: failed to enable DEVSLP
[    2.753190] ata2.00: failed to enable DIPM, Emask 0x40
[    3.006021] clocksource: timekeeping watchdog on CPU1: Marking clocksource 'tsc-early' as unstable because the skew is too large:
[    3.006030] clocksource:                       'hpet' wd_nsec: 506792343 wd_now: 1d5118e wd_last: 1665876 mask: ffffffff
[    3.006035] clocksource:                       'tsc-early' cs_nsec: 793138162 cs_now: 4e0a3869a cs_last: 470947833 mask: ffffffffffffffff
[    3.006038] clocksource:                       'tsc-early' is current clocksource.
[    3.006048] tsc: Marking TSC unstable due to clocksource watchdog
[    3.006066] TSC found unstable after boot, most likely due to broken BIOS. Use 'tsc=unstable'.
[    3.006067] sched_clock: Marking unstable (3005566989, 498561)<-(4108711612, -1102646097)
[    3.006397] clocksource: Switched to clocksource hpet
[    7.955505] ata2: SATA link up 6.0 Gbps (SStatus 133 SControl 300)
[    7.966122] ata2.00: configured for UDMA/133
[    7.966741] scsi 1:0:0:0: Direct-Access     ATA      SAMSUNG MZNLH512 200Q PQ: 0 ANSI: 5
[    7.967215] sd 1:0:0:0: [sda] 1000215216 512-byte logical blocks: (512 GB/477 GiB)
[    7.967227] sd 1:0:0:0: [sda] Write Protect is off
[    7.967229] sd 1:0:0:0: [sda] Mode Sense: 00 3a 00 00
[    7.967246] sd 1:0:0:0: [sda] Write cache: enabled, read cache: enabled, doesn't support DPO or FUA
[    8.000104]  sda: sda1 sda2 sda3
[    8.032793] sd 1:0:0:0: [sda] Attached SCSI disk
[    8.032956] Unstable clock detected, switching default tracing clock to "global"
               If you want to keep using the local clock, then add:
                 "trace_clock=local"
               on the kernel command line
[    8.036938] Freeing unused decrypted memory: 2036K
[    8.037324] Freeing unused kernel image (initmem) memory: 1784K
[    8.058879] Write protecting the kernel read-only data: 28672k
[    8.059840] Freeing unused kernel image (text/rodata gap) memory: 2036K
[    8.060337] Freeing unused kernel image (rodata/data gap) memory: 1364K
[    8.100762] x86/mm: Checked W+X mappings: passed, no W+X pages found.
[    8.100768] rodata_test: all tests were successful
[    8.100770] x86/mm: Checking user space page tables
[    8.139310] x86/mm: Checked W+X mappings: passed, no W+X pages found.
[    8.139343] Run /init as init process
[    8.139344]   with arguments:
[    8.139346]     /init
[    8.139347]   with environment:
[    8.139348]     HOME=/
[    8.139348]     TERM=linux
[    8.139349]     BOOT_IMAGE=/boot/vmlinuz-linux
[    8.139350]     pti=on
[    8.139351]     mem_encrypt=on
[    8.172190] fbcon: Taking over console
[    8.172328] Console: switching to colour frame buffer device 240x67
[    8.326604] i8042: PNP: PS/2 Controller [PNP0303:KBC0] at 0x60,0x64 irq 1
[    8.326610] i8042: PNP: PS/2 appears to have AUX port disabled, if this is incorrect please boot with i8042.nopnp
[    8.328267] serio: i8042 KBD port at 0x60,0x64 irq 1
[    8.328705] xhci_hcd 0000:01:00.3: xHCI Host Controller
[    8.328714] xhci_hcd 0000:01:00.3: new USB bus registered, assigned bus number 1
[    8.328845] xhci_hcd 0000:01:00.3: hcc params 0x0268ffe5 hci version 0x110 quirks 0x0000020000000410
[    8.329326] usb usb1: New USB device found, idVendor=1d6b, idProduct=0002, bcdDevice= 5.16
[    8.329329] usb usb1: New USB device strings: Mfr=3, Product=2, SerialNumber=1
[    8.329331] usb usb1: Product: xHCI Host Controller
[    8.329333] usb usb1: Manufacturer: Linux 5.16.8-arch1-1 xhci-hcd
[    8.329334] usb usb1: SerialNumber: 0000:01:00.3
[    8.329498] hub 1-0:1.0: USB hub found
[    8.329509] hub 1-0:1.0: 4 ports detected
[    8.329947] xhci_hcd 0000:01:00.3: xHCI Host Controller
[    8.329952] xhci_hcd 0000:01:00.3: new USB bus registered, assigned bus number 2
[    8.329955] xhci_hcd 0000:01:00.3: Host supports USB 3.1 Enhanced SuperSpeed
[    8.329976] usb usb2: We don't know the algorithms for LPM for this host, disabling LPM.
[    8.330008] usb usb2: New USB device found, idVendor=1d6b, idProduct=0003, bcdDevice= 5.16
[    8.330011] usb usb2: New USB device strings: Mfr=3, Product=2, SerialNumber=1
[    8.330012] usb usb2: Product: xHCI Host Controller
[    8.330014] usb usb2: Manufacturer: Linux 5.16.8-arch1-1 xhci-hcd
[    8.330015] usb usb2: SerialNumber: 0000:01:00.3
[    8.330131] hub 2-0:1.0: USB hub found
[    8.330139] hub 2-0:1.0: 2 ports detected
[    8.330485] xhci_hcd 0000:01:00.4: xHCI Host Controller
[    8.330490] xhci_hcd 0000:01:00.4: new USB bus registered, assigned bus number 3
[    8.330616] xhci_hcd 0000:01:00.4: hcc params 0x0268ffe5 hci version 0x110 quirks 0x0000020000000410
[    8.331079] usb usb3: New USB device found, idVendor=1d6b, idProduct=0002, bcdDevice= 5.16
[    8.331082] usb usb3: New USB device strings: Mfr=3, Product=2, SerialNumber=1
[    8.331083] usb usb3: Product: xHCI Host Controller
[    8.331084] usb usb3: Manufacturer: Linux 5.16.8-arch1-1 xhci-hcd
[    8.331086] usb usb3: SerialNumber: 0000:01:00.4
[    8.331232] hub 3-0:1.0: USB hub found
[    8.331243] hub 3-0:1.0: 4 ports detected
[    8.331644] xhci_hcd 0000:01:00.4: xHCI Host Controller
[    8.331648] xhci_hcd 0000:01:00.4: new USB bus registered, assigned bus number 4
[    8.331651] xhci_hcd 0000:01:00.4: Host supports USB 3.1 Enhanced SuperSpeed
[    8.331672] usb usb4: We don't know the algorithms for LPM for this host, disabling LPM.
[    8.331709] usb usb4: New USB device found, idVendor=1d6b, idProduct=0003, bcdDevice= 5.16
[    8.331711] usb usb4: New USB device strings: Mfr=3, Product=2, SerialNumber=1
[    8.331712] usb usb4: Product: xHCI Host Controller
[    8.331713] usb usb4: Manufacturer: Linux 5.16.8-arch1-1 xhci-hcd
[    8.331715] usb usb4: SerialNumber: 0000:01:00.4
[    8.331835] hub 4-0:1.0: USB hub found
[    8.331845] hub 4-0:1.0: 2 ports detected
[    8.358456] input: AT Translated Set 2 keyboard as /devices/platform/i8042/serio0/input/input2
[    8.372689] random: fast init done
[    8.477985] PM: Image not found (code -22)
[    9.763710] REISERFS (device sda2): found reiserfs format "3.6" with standard journal
[    9.763724] REISERFS (device sda2): using ordered data mode
[    9.763725] reiserfs: using flush barriers
[    9.763955] REISERFS (device sda2): journal params: device sda2, size 8192, journal first block 18, max trans len 1024, max batch 900, max commit age 30, max trans age 30
[    9.764210] REISERFS (device sda2): checking transaction log (sda2)
[    9.769885] REISERFS (device sda2): Using r5 hash to sort names
[    9.905568] audit: type=1334 audit(1644715615.430:7): prog-id=1 op=LOAD
[    9.905574] audit: type=1300 audit(1644715615.430:7): arch=c000003e syscall=321 success=yes exit=4 a0=5 a1=7ffe2eedb710 a2=80 a3=0 items=0 ppid=2 pid=200 auid=4294967295 uid=0 gid=0 euid=0 suid=0 fsuid=0 egid=0 sgid=0 fsgid=0 tty=(none) ses=4294967295 comm="bpf_preload" exe="/bpf_preload" subj==unconfined key=(null)
[    9.905578] audit: type=1327 audit(1644715615.430:7): proctitle="bpf_preload"
[    9.905581] audit: type=1334 audit(1644715615.430:8): prog-id=0 op=UNLOAD
[    9.915843] audit: type=1334 audit(1644715615.440:9): prog-id=2 op=LOAD
[    9.915852] audit: type=1300 audit(1644715615.440:9): arch=c000003e syscall=321 success=yes exit=6 a0=5 a1=7ffe2eedb420 a2=80 a3=0 items=0 ppid=2 pid=200 auid=4294967295 uid=0 gid=0 euid=0 suid=0 fsuid=0 egid=0 sgid=0 fsgid=0 tty=(none) ses=4294967295 comm="bpf_preload" exe="/bpf_preload" subj==unconfined key=(null)
[    9.915856] audit: type=1327 audit(1644715615.440:9): proctitle="bpf_preload"
[    9.915859] audit: type=1334 audit(1644715615.440:10): prog-id=0 op=UNLOAD
[    9.915972] audit: type=1334 audit(1644715615.440:11): prog-id=3 op=LOAD
[    9.915974] audit: type=1300 audit(1644715615.440:11): arch=c000003e syscall=321 success=yes exit=5 a0=5 a1=7ffe2eedb3f0 a2=80 a3=0 items=0 ppid=2 pid=200 auid=4294967295 uid=0 gid=0 euid=0 suid=0 fsuid=0 egid=0 sgid=0 fsgid=0 tty=(none) ses=4294967295 comm="bpf_preload" exe="/bpf_preload" subj==unconfined key=(null)
[    9.934714] systemd[1]: systemd 250.3-4-arch running in system mode (+PAM +AUDIT -SELINUX -APPARMOR -IMA +SMACK +SECCOMP +GCRYPT +GNUTLS +OPENSSL +ACL +BLKID +CURL +ELFUTILS +FIDO2 +IDN2 -IDN +IPTC +KMOD +LIBCRYPTSETUP +LIBFDISK +PCRE2 -PWQUALITY +P11KIT -QRENCODE +BZIP2 +LZ4 +XZ +ZLIB +ZSTD -BPF_FRAMEWORK +XKBCOMMON +UTMP -SYSVINIT default-hierarchy=unified)
[    9.949144] systemd[1]: Detected architecture x86-64.
[    9.950480] systemd[1]: Hostname set to <mksredmibook14ii>.
[   10.095933] systemd[1]: Queued start job for default target Graphical Interface.
[   10.098031] systemd[1]: Created slice Slice /system/getty.
[   10.098464] systemd[1]: Created slice Slice /system/modprobe.
[   10.098961] systemd[1]: Created slice Slice /system/systemd-fsck.
[   10.099262] systemd[1]: Created slice User and Session Slice.
[   10.099374] systemd[1]: Started Dispatch Password Requests to Console Directory Watch.
[   10.099456] systemd[1]: Started Forward Password Requests to Wall Directory Watch.
[   10.099702] systemd[1]: Set up automount Arbitrary Executable File Formats File System Automount Point.
[   10.099783] systemd[1]: Reached target Local Encrypted Volumes.
[   10.099818] systemd[1]: Reached target Login Prompts.
[   10.099852] systemd[1]: Reached target Local Integrity Protected Volumes.
[   10.099895] systemd[1]: Reached target Path Units.
[   10.099930] systemd[1]: Reached target Remote File Systems.
[   10.099967] systemd[1]: Reached target Slice Units.
[   10.100011] systemd[1]: Reached target Local Verity Protected Volumes.
[   10.100122] systemd[1]: Listening on Device-mapper event daemon FIFOs.
[   10.100677] systemd[1]: Listening on LVM2 poll daemon socket.
[   10.101903] systemd[1]: Listening on Process Core Dump Socket.
[   10.102194] systemd[1]: Listening on Journal Audit Socket.
[   10.102355] systemd[1]: Listening on Journal Socket (/dev/log).
[   10.102514] systemd[1]: Listening on Journal Socket.
[   10.102713] systemd[1]: Listening on Network Service Netlink Socket.
[   10.102848] systemd[1]: Listening on Userspace Out-Of-Memory (OOM) Killer Socket.
[   10.103403] systemd[1]: Listening on udev Control Socket.
[   10.103540] systemd[1]: Listening on udev Kernel Socket.
[   10.104814] systemd[1]: Mounting Huge Pages File System...
[   10.105941] systemd[1]: Mounting POSIX Message Queue File System...
[   10.107089] systemd[1]: Mounting Kernel Debug File System...
[   10.108426] systemd[1]: Mounting Kernel Trace File System...
[   10.110139] systemd[1]: Starting Load AppArmor profiles...
[   10.111448] systemd[1]: Starting Create List of Static Device Nodes...
[   10.112666] systemd[1]: Starting Monitoring of LVM2 mirrors, snapshots etc. using dmeventd or progress polling...
[   10.114022] systemd[1]: Starting Load Kernel Module configfs...
[   10.115223] systemd[1]: Starting Load Kernel Module drm...
[   10.116718] systemd[1]: Starting Load Kernel Module fuse...
[   10.116825] systemd[1]: File System Check on Root Device was skipped because of a failed condition check (ConditionPathIsReadWrite=!/).
[   10.119431] systemd[1]: Starting Journal Service...
[   10.119788] systemd[1]: Load Kernel Modules was skipped because all trigger condition checks failed.
[   10.121176] systemd[1]: Starting Remount Root and Kernel File Systems...
[   10.121285] systemd[1]: Repartition Root Disk was skipped because all trigger condition checks failed.
[   10.122678] systemd[1]: Starting Apply Kernel Variables...
[   10.123977] systemd[1]: Starting Coldplug All udev Devices...
[   10.126399] systemd[1]: Mounted Huge Pages File System.
[   10.126596] systemd[1]: Mounted POSIX Message Queue File System.
[   10.126729] systemd[1]: Mounted Kernel Debug File System.
[   10.126865] systemd[1]: Mounted Kernel Trace File System.
[   10.127197] systemd[1]: Finished Create List of Static Device Nodes.
[   10.127727] systemd[1]: modprobe@configfs.service: Deactivated successfully.
[   10.127947] systemd[1]: Finished Load Kernel Module configfs.
[   10.128349] systemd[1]: modprobe@drm.service: Deactivated successfully.
[   10.128567] systemd[1]: Finished Load Kernel Module drm.
[   10.130634] systemd[1]: Mounting Kernel Configuration File System...
[   10.131094] fuse: init (API version 7.35)
[   10.132293] systemd[1]: modprobe@fuse.service: Deactivated successfully.
[   10.132512] systemd[1]: Finished Load Kernel Module fuse.
[   10.133389] systemd[1]: Mounted Kernel Configuration File System.
[   10.134764] systemd[1]: Mounting FUSE Control File System...
[   10.139430] systemd[1]: Finished Remount Root and Kernel File Systems.
[   10.139849] systemd[1]: Mounted FUSE Control File System.
[   10.140446] systemd[1]: Finished Apply Kernel Variables.
[   10.140772] systemd[1]: First Boot Wizard was skipped because of a failed condition check (ConditionFirstBoot=yes).
[   10.141593] systemd[1]: Rebuild Hardware Database was skipped because of a failed condition check (ConditionNeedsUpdate=/etc).
[   10.142415] random: lvm: uninitialized urandom read (4 bytes read)
[   10.143539] systemd[1]: Starting Load/Save Random Seed...
[   10.143698] systemd[1]: Create System Users was skipped because of a failed condition check (ConditionNeedsUpdate=/etc).
[   10.145095] systemd[1]: Starting Create Static Device Nodes in /dev...
[   10.195915] systemd[1]: Finished Create Static Device Nodes in /dev.
[   10.199449] systemd[1]: Starting Rule-based Manager for Device Events and Files...
[   10.205573] systemd[1]: Finished Monitoring of LVM2 mirrors, snapshots etc. using dmeventd or progress polling.
[   10.205873] systemd[1]: Reached target Preparation for Local File Systems.
[   10.205941] systemd[1]: Virtual Machine and Container Storage (Compatibility) was skipped because of a failed condition check (ConditionPathExists=/var/lib/machines.raw).
[   10.235332] systemd[1]: Started Journal Service.
[   10.243660] systemd-journald[226]: Received client request to flush runtime journal.
[   10.457385] piix4_smbus 0000:00:14.0: SMBus Host Controller at 0xb00, revision 0
[   10.457391] piix4_smbus 0000:00:14.0: Using register 0x02 for SMBus port selection
[   10.457501] piix4_smbus 0000:00:14.0: Auxiliary SMBus Host Controller at 0xb20
[   10.472716] sp5100_tco: SP5100/SB800 TCO WatchDog Timer Driver
[   10.472896] sp5100-tco sp5100-tco: Using 0xfeb00000 for watchdog MMIO address
[   10.475982] acpi_cpufreq: overriding BIOS provided _PSD data
[   10.478639] sp5100-tco sp5100-tco: initialized. heartbeat=60 sec (nowayout=0)
[   10.479396] acpi PNP0C14:01: duplicate WMI GUID 05901221-D566-11D1-B2F0-00A0C9062910 (first instance was on PNP0C14:00)
[   10.604721] ACPI: video: Video Device [VGA] (multi-head: yes  rom: no  post: no)
[   10.605145] acpi device:0e: registered as cooling_device6
[   10.605214] input: Video Bus as /devices/LNXSYSTM:00/LNXSYBUS:00/PNP0A08:00/device:0d/LNXVIDEO:00/input/input3
[   10.753011] input: GXT7863:00 27C6:01E0 Mouse as /devices/platform/AMDI0010:03/i2c-0/i2c-GXT7863:00/0018:27C6:01E0.0001/input/input4
[   10.753256] input: GXT7863:00 27C6:01E0 Touchpad as /devices/platform/AMDI0010:03/i2c-0/i2c-GXT7863:00/0018:27C6:01E0.0001/input/input5
[   10.753463] hid-generic 0018:27C6:01E0.0001: input,hidraw0: I2C HID v1.00 Mouse [GXT7863:00 27C6:01E0] on i2c-GXT7863:00
[   10.758645] ccp 0000:01:00.2: enabling device (0000 -> 0002)
[   10.758924] ccp 0000:01:00.2: ccp: unable to access the device: you might be running a broken BIOS.
[   10.770113] ccp 0000:01:00.2: tee enabled
[   10.770118] ccp 0000:01:00.2: psp enabled
[   10.890954] snd_rn_pci_acp3x 0000:01:00.5: enabling device (0000 -> 0002)
[   11.126478] snd_hda_intel 0000:01:00.1: enabling device (0000 -> 0002)
[   11.126670] snd_hda_intel 0000:01:00.1: Handle vga_switcheroo audio client
[   11.132862] snd_hda_intel 0000:01:00.6: enabling device (0000 -> 0002)
[   11.203655] input: HD-Audio Generic HDMI/DP,pcm=3 as /devices/pci0000:00/0000:00:08.1/0000:01:00.1/sound/card0/input7
[   11.203805] input: HD-Audio Generic HDMI/DP,pcm=7 as /devices/pci0000:00/0000:00:08.1/0000:01:00.1/sound/card0/input8
[   11.207117] [drm] amdgpu kernel modesetting enabled.
[   11.214305] snd_hda_codec_realtek hdaudioC1D0: autoconfig for ALC256: line_outs=1 (0x14/0x0/0x0/0x0/0x0) type:speaker
[   11.214312] snd_hda_codec_realtek hdaudioC1D0:    speaker_outs=0 (0x0/0x0/0x0/0x0/0x0)
[   11.214314] snd_hda_codec_realtek hdaudioC1D0:    hp_outs=1 (0x21/0x0/0x0/0x0/0x0)
[   11.214316] snd_hda_codec_realtek hdaudioC1D0:    mono: mono_out=0x0
[   11.214317] snd_hda_codec_realtek hdaudioC1D0:    inputs:
[   11.214318] snd_hda_codec_realtek hdaudioC1D0:      Mic=0x19
[   11.227002] amdgpu: Virtual CRAT table created for CPU
[   11.227029] amdgpu: Topology: Add CPU node
[   11.227125] checking generic (fce0000000 7f0000) vs hw (fce0000000 10000000)
[   11.227128] checking generic (fce0000000 7f0000) vs hw (fce0000000 10000000)
[   11.227129] fb0: switching to amdgpu from EFI VGA
[   11.228630] Console: switching to colour dummy device 80x25
[   11.228712] amdgpu 0000:01:00.0: vgaarb: deactivate vga console
[   11.229189] amdgpu 0000:01:00.0: enabling device (0006 -> 0007)
[   11.229316] [drm] initializing kernel modesetting (RENOIR 0x1002:0x1636 0x1D72:0x1951 0xC3).
[   11.229321] amdgpu 0000:01:00.0: amdgpu: Trusted Memory Zone (TMZ) feature enabled
[   11.229833] [drm] register mmio base: 0xD0400000
[   11.229835] [drm] register mmio size: 524288
[   11.229841] [drm] virtual display string:NULL, 0000:01:00.0:virtual_display:0, num_crtc:0
[   11.230950] [drm] add ip block number 0 <soc15_common>
[   11.230951] [drm] add ip block number 1 <gmc_v9_0>
[   11.230953] [drm] add ip block number 2 <vega10_ih>
[   11.230954] [drm] add ip block number 3 <psp>
[   11.230955] [drm] add ip block number 4 <smu>
[   11.230956] [drm] add ip block number 5 <dm>
[   11.230957] [drm] add ip block number 6 <gfx_v9_0>
[   11.230958] [drm] add ip block number 7 <sdma_v4_0>
[   11.230959] [drm] add ip block number 8 <vcn_v2_0>
[   11.230960] [drm] add ip block number 9 <jpeg_v2_0>
[   11.230979] amdgpu 0000:01:00.0: amdgpu: Fetched VBIOS from VFCT
[   11.230982] amdgpu: ATOM BIOS: 113-RENOIR-026
[   11.235819] [drm] VCN decode is enabled in VM mode
[   11.235824] [drm] VCN encode is enabled in VM mode
[   11.235826] [drm] JPEG decode is enabled in VM mode
[   11.235832] amdgpu 0000:01:00.0: amdgpu: PCIE atomic ops is not supported
[   11.235911] [drm] vm size is 262144 GB, 4 levels, block size is 9-bit, fragment size is 9-bit
[   11.235920] amdgpu 0000:01:00.0: amdgpu: VRAM: 512M 0x000000F400000000 - 0x000000F41FFFFFFF (512M used)
[   11.235923] amdgpu 0000:01:00.0: amdgpu: GART: 1024M 0x0000000000000000 - 0x000000003FFFFFFF
[   11.235925] amdgpu 0000:01:00.0: amdgpu: AGP: 267419648M 0x000000F800000000 - 0x0000FFFFFFFFFFFF
[   11.235933] [drm] Detected VRAM RAM=512M, BAR=512M
[   11.235935] [drm] RAM width 128bits DDR4
[   11.236002] [drm] amdgpu: 512M of VRAM memory ready
[   11.236003] [drm] amdgpu: 3072M of GTT memory ready.
[   11.236017] [drm] GART: num cpu pages 262144, num gpu pages 262144
[   11.236151] [drm] PCIE GART of 1024M enabled.
[   11.236152] [drm] PTB located at 0x000000F400900000
[   11.246962] amdgpu 0000:01:00.0: amdgpu: PSP runtime database doesn't exist
[   11.256996] [drm] Loading DMUB firmware via PSP: version=0x0101001C
[   11.257937] input: HD-Audio Generic Mic as /devices/pci0000:00/0000:00:08.1/0000:01:00.6/sound/card1/input9
[   11.258051] input: HD-Audio Generic Headphone as /devices/pci0000:00/0000:00:08.1/0000:01:00.6/sound/card1/input10
[   11.307743] [drm] Found VCN firmware Version ENC: 1.16 DEC: 5 VEP: 0 Revision: 3
[   11.307773] amdgpu 0000:01:00.0: amdgpu: Will use PSP to load VCN firmware
[   11.352177] Adding 17309976k swap on /dev/sda3.  Priority:-2 extents:1 across:17309976k SSFS
[   11.367105] RAPL PMU: API unit is 2^-32 Joules, 1 fixed counters, 163840 ms ovfl timer
[   11.367110] RAPL PMU: hw unit of domain package 2^-16 Joules
[   11.377268] cryptd: max_cpu_qlen set to 1000
[   11.426127] AVX2 version of gcm_enc/dec engaged.
[   11.426169] AES CTR mode by8 optimization enabled
[   11.615831] random: dbus-daemon: uninitialized urandom read (12 bytes read)
[   11.636538] random: dbus-daemon: uninitialized urandom read (12 bytes read)
[   11.652721] MCE: In-kernel MCE decoding enabled.
[   11.675283] random: crng init done
[   11.739181] input: GXT7863:00 27C6:01E0 Mouse as /devices/platform/AMDI0010:03/i2c-0/i2c-GXT7863:00/0018:27C6:01E0.0001/input/input11
[   11.739344] input: GXT7863:00 27C6:01E0 Touchpad as /devices/platform/AMDI0010:03/i2c-0/i2c-GXT7863:00/0018:27C6:01E0.0001/input/input12
[   11.739710] hid-multitouch 0018:27C6:01E0.0001: input,hidraw0: I2C HID v1.00 Mouse [GXT7863:00 27C6:01E0] on i2c-GXT7863:00
[   11.760720] mousedev: PS/2 mouse device common for all mice
[   11.766554] intel_rapl_common: Found RAPL domain package
[   11.766558] intel_rapl_common: Found RAPL domain core
[   11.966461] cfg80211: Loading compiled-in X.509 certificates for regulatory database
[   11.977625] cfg80211: Loaded X.509 cert 'sforshee: 00b28ddf47aef9cea7'
[   11.977711] platform regulatory.0: Direct firmware load for regulatory.db failed with error -2
[   11.977716] cfg80211: failed to load regulatory.db
[   12.092554] [drm] reserve 0x400000 from 0xf41f800000 for PSP TMR
[   12.158596] ucsi_acpi USBC000:00: PPM init failed (-110)
[   12.175033] amdgpu 0000:01:00.0: amdgpu: RAS: optional ras ta ucode is not available
[   12.183134] amdgpu 0000:01:00.0: amdgpu: RAP: optional rap ta ucode is not available
[   12.183141] amdgpu 0000:01:00.0: amdgpu: SECUREDISPLAY: securedisplay ta ucode is not available
[   12.184017] amdgpu 0000:01:00.0: amdgpu: SMU is initialized successfully!
[   12.184399] [drm] Display Core initialized with v3.2.160!
[   12.185044] [drm] DMUB hardware initialized: version=0x0101001C
[   12.306146] [drm] kiq ring mec 2 pipe 1 q 0
[   12.308515] [drm] VCN decode and encode initialized successfully(under DPG Mode).
[   12.308535] [drm] JPEG decode initialized successfully.
[   12.310792] kfd kfd: amdgpu: Allocated 3969056 bytes on gart
[   12.332026] memmap_init_zone_device initialised 131072 pages in 4ms
[   12.332040] amdgpu: HMM registered 512MB device memory
[   12.332096] amdgpu: SRAT table not found
[   12.332097] amdgpu: Virtual CRAT table created for GPU
[   12.332316] amdgpu: Topology: Add dGPU node [0x1636:0x1002]
[   12.332323] kfd kfd: amdgpu: added device 1002:1636
[   12.332339] amdgpu 0000:01:00.0: amdgpu: SE 1, SH per SE 1, CU per SH 8, active_cu_number 6
[   12.335823] [drm] fb mappable at 0x410CD2000
[   12.335827] [drm] vram apper at 0x410000000
[   12.335828] [drm] size 8294400
[   12.335829] [drm] fb depth is 24
[   12.335829] [drm]    pitch is 7680
[   12.338952] fbcon: amdgpudrmfb (fb0) is primary device
[   12.399185] Console: switching to colour frame buffer device 240x67
[   12.422960] amdgpu 0000:01:00.0: [drm] fb0: amdgpudrmfb frame buffer device
[   12.436447] amdgpu 0000:01:00.0: amdgpu: ring gfx uses VM inv eng 0 on hub 0
[   12.436454] amdgpu 0000:01:00.0: amdgpu: ring comp_1.0.0 uses VM inv eng 1 on hub 0
[   12.436457] amdgpu 0000:01:00.0: amdgpu: ring comp_1.1.0 uses VM inv eng 4 on hub 0
[   12.436459] amdgpu 0000:01:00.0: amdgpu: ring comp_1.2.0 uses VM inv eng 5 on hub 0
[   12.436461] amdgpu 0000:01:00.0: amdgpu: ring comp_1.3.0 uses VM inv eng 6 on hub 0
[   12.436463] amdgpu 0000:01:00.0: amdgpu: ring comp_1.0.1 uses VM inv eng 7 on hub 0
[   12.436465] amdgpu 0000:01:00.0: amdgpu: ring comp_1.1.1 uses VM inv eng 8 on hub 0
[   12.436467] amdgpu 0000:01:00.0: amdgpu: ring comp_1.2.1 uses VM inv eng 9 on hub 0
[   12.436469] amdgpu 0000:01:00.0: amdgpu: ring comp_1.3.1 uses VM inv eng 10 on hub 0
[   12.436471] amdgpu 0000:01:00.0: amdgpu: ring kiq_2.1.0 uses VM inv eng 11 on hub 0
[   12.436473] amdgpu 0000:01:00.0: amdgpu: ring sdma0 uses VM inv eng 0 on hub 1
[   12.436475] amdgpu 0000:01:00.0: amdgpu: ring vcn_dec uses VM inv eng 1 on hub 1
[   12.436477] amdgpu 0000:01:00.0: amdgpu: ring vcn_enc0 uses VM inv eng 4 on hub 1
[   12.436479] amdgpu 0000:01:00.0: amdgpu: ring vcn_enc1 uses VM inv eng 5 on hub 1
[   12.436481] amdgpu 0000:01:00.0: amdgpu: ring jpeg_dec uses VM inv eng 6 on hub 1
[   12.438423] [drm] Initialized amdgpu 3.44.0 20150101 for 0000:01:00.0 on minor 0
[   28.835523] usb 3-1: new high-speed USB device number 2 using xhci_hcd
[   28.978158] usb 3-1: New USB device found, idVendor=1a40, idProduct=0801, bcdDevice= 1.00
[   28.978172] usb 3-1: New USB device strings: Mfr=0, Product=1, SerialNumber=0
[   28.978176] usb 3-1: Product: USB 2.0 Hub
[   29.022813] hub 3-1:1.0: USB hub found
[   29.023101] hub 3-1:1.0: 4 ports detected
[   29.098773] usb 4-1: new SuperSpeed USB device number 2 using xhci_hcd
[   29.122407] usb 4-1: New USB device found, idVendor=05e3, idProduct=0626, bcdDevice= 6.63
[   29.122417] usb 4-1: New USB device strings: Mfr=1, Product=2, SerialNumber=0
[   29.122420] usb 4-1: Product: USB3.1 Hub
[   29.122422] usb 4-1: Manufacturer: GenesysLogic
[   29.150956] hub 4-1:1.0: USB hub found
[   29.151760] hub 4-1:1.0: 4 ports detected
[   29.311946] usb 3-1.2: new high-speed USB device number 3 using xhci_hcd
[   29.413949] usb 3-1.2: New USB device found, idVendor=05e3, idProduct=0610, bcdDevice= 6.63
[   29.413958] usb 3-1.2: New USB device strings: Mfr=1, Product=2, SerialNumber=0
[   29.413962] usb 3-1.2: Product: USB2.1 Hub
[   29.413964] usb 3-1.2: Manufacturer: GenesysLogic
[   29.470186] hub 3-1.2:1.0: USB hub found
[   29.470692] hub 3-1.2:1.0: 4 ports detected
[   29.485444] usb 4-1.2: new SuperSpeed USB device number 3 using xhci_hcd
[   29.505951] usb 4-1.2: New USB device found, idVendor=0bda, idProduct=8153, bcdDevice=30.00
[   29.505959] usb 4-1.2: New USB device strings: Mfr=1, Product=2, SerialNumber=6
[   29.505962] usb 4-1.2: Product: USB 10/100/1000 LAN
[   29.505963] usb 4-1.2: Manufacturer: Realtek
[   29.505965] usb 4-1.2: SerialNumber: 000001
[   29.639737] usb 4-1: USB disconnect, device number 2
[   29.639746] usb 4-1.2: USB disconnect, device number 3
[   29.781980] usb 3-1.2.4: new low-speed USB device number 4 using xhci_hcd
[   29.912953] usb 3-1.2.4: New USB device found, idVendor=1bcf, idProduct=0005, bcdDevice= 0.90
[   29.912963] usb 3-1.2.4: New USB device strings: Mfr=0, Product=2, SerialNumber=0
[   29.912966] usb 3-1.2.4: Product: USB Optical Mouse
[   30.072082] usb 4-1: new SuperSpeed USB device number 4 using xhci_hcd
[   30.101942] usb 4-1: New USB device found, idVendor=05e3, idProduct=0626, bcdDevice= 6.63
[   30.101950] usb 4-1: New USB device strings: Mfr=1, Product=2, SerialNumber=0
[   30.101953] usb 4-1: Product: USB3.1 Hub
[   30.101955] usb 4-1: Manufacturer: GenesysLogic
[   30.126814] hub 4-1:1.0: USB hub found
[   30.127602] hub 4-1:1.0: 4 ports detected
[   30.412087] usb 4-1.2: new SuperSpeed USB device number 5 using xhci_hcd
[   30.429375] usb 4-1.2: New USB device found, idVendor=0bda, idProduct=8153, bcdDevice=30.00
[   30.429386] usb 4-1.2: New USB device strings: Mfr=1, Product=2, SerialNumber=6
[   30.429389] usb 4-1.2: Product: USB 10/100/1000 LAN
[   30.429391] usb 4-1.2: Manufacturer: Realtek
[   30.429393] usb 4-1.2: SerialNumber: 000001
[   30.638715] usb 3-1.1: new full-speed USB device number 5 using xhci_hcd
[   30.723379] input: USB Optical Mouse as /devices/pci0000:00/0000:00:08.1/0000:01:00.4/usb3/3-1/3-1.2/3-1.2.4/3-1.2.4:1.0/0003:1BCF:0005.0002/input/input14
[   30.774850] usb 3-1.1: not running at top speed; connect to a high speed hub
[   30.778931] hid-generic 0003:1BCF:0005.0002: input,hidraw1: USB HID v1.10 Mouse [USB Optical Mouse] on usb-0000:01:00.4-1.2.4/input0
[   30.779030] usbcore: registered new interface driver usbhid
[   30.779033] usbhid: USB HID core driver
[   30.825854] usb 3-1.1: New USB device found, idVendor=25a4, idProduct=9311, bcdDevice= 2.01
[   30.825864] usb 3-1.1: New USB device strings: Mfr=1, Product=2, SerialNumber=3
[   30.825867] usb 3-1.1: Product: USB C Video Adaptor      
[   30.825869] usb 3-1.1: Manufacturer: USB C  
[   30.825870] usb 3-1.1: SerialNumber: 000000000001
[   31.895958] usbcore: registered new interface driver r8152
[   31.909976] usbcore: registered new interface driver cdc_ether
[   31.915278] usbcore: registered new interface driver r8153_ecm
[   32.014074] usb 4-1.2: reset SuperSpeed USB device number 5 using xhci_hcd
[   32.065529] r8152 4-1.2:1.0: load rtl8153a-4 v2 02/07/20 successfully
[   32.093756] r8152 4-1.2:1.0 eth0: v1.12.12
[   36.647375] r8152 4-1.2:1.0 enp1s0f4u1u2: renamed from eth0
[   36.734889] r8152 4-1.2:1.0 enp1s0f4u1u2: carrier on
[   42.093792] NOHZ tick-stop error: Non-RCU local softirq work is pending, handler #08!!!
[   52.081643] New not syn: IN=enp1s0f4u1u2 OUT= MAC=34:29:8f:73:88:91:84:d8:1b:8a:31:73:08:00 SRC=142.250.180.234 DST=192.168.1.116 LEN=1470 TOS=0x00 PREC=0x40 TTL=121 ID=55278 PROTO=TCP SPT=443 DPT=43124 WINDOW=3221 RES=0x00 ACK PSH URGP=0 
[   82.549960] atkbd serio0: Unknown key pressed (translated set 2, code 0xf6 on isa0060/serio0).
[   82.549975] atkbd serio0: Use 'setkeycodes e076 <keycode>' to make it known.
[   83.028498] atkbd serio0: Unknown key released (translated set 2, code 0xf6 on isa0060/serio0).
[   83.028510] atkbd serio0: Use 'setkeycodes e076 <keycode>' to make it known.
[   85.369066] New not syn: IN=enp1s0f4u1u2 OUT= MAC=34:29:8f:73:88:91:84:d8:1b:8a:31:73:08:00 SRC=142.250.102.188 DST=192.168.1.116 LEN=475 TOS=0x00 PREC=0x00 TTL=119 ID=6870 PROTO=TCP SPT=5228 DPT=57026 WINDOW=265 RES=0x00 ACK PSH URGP=0 
[   85.466548] New not syn: IN=enp1s0f4u1u2 OUT= MAC=34:29:8f:73:88:91:84:d8:1b:8a:31:73:08:00 SRC=142.250.102.188 DST=192.168.1.116 LEN=475 TOS=0x00 PREC=0x00 TTL=119 ID=6908 PROTO=TCP SPT=5228 DPT=57026 WINDOW=265 RES=0x00 ACK PSH URGP=0 
[   85.553809] New not syn: IN=enp1s0f4u1u2 OUT= MAC=34:29:8f:73:88:91:84:d8:1b:8a:31:73:08:00 SRC=142.250.102.188 DST=192.168.1.116 LEN=475 TOS=0x00 PREC=0x00 TTL=119 ID=6983 PROTO=TCP SPT=5228 DPT=57026 WINDOW=265 RES=0x00 ACK PSH URGP=0 
[   85.801218] New not syn: IN=enp1s0f4u1u2 OUT= MAC=34:29:8f:73:88:91:84:d8:1b:8a:31:73:08:00 SRC=142.250.102.188 DST=192.168.1.116 LEN=898 TOS=0x00 PREC=0x00 TTL=119 ID=7123 PROTO=TCP SPT=5228 DPT=57026 WINDOW=265 RES=0x00 ACK PSH URGP=0 
[   86.290336] New not syn: IN=enp1s0f4u1u2 OUT= MAC=34:29:8f:73:88:91:84:d8:1b:8a:31:73:08:00 SRC=142.250.102.188 DST=192.168.1.116 LEN=898 TOS=0x00 PREC=0x00 TTL=119 ID=7521 PROTO=TCP SPT=5228 DPT=57026 WINDOW=265 RES=0x00 ACK PSH URGP=0 
[   87.284094] New not syn: IN=enp1s0f4u1u2 OUT= MAC=34:29:8f:73:88:91:84:d8:1b:8a:31:73:08:00 SRC=142.250.102.188 DST=192.168.1.116 LEN=898 TOS=0x00 PREC=0x00 TTL=119 ID=7991 PROTO=TCP SPT=5228 DPT=57026 WINDOW=265 RES=0x00 ACK PSH URGP=0 
[   87.454411] iptables reject: IN=enp1s0f4u1u2 OUT= MAC=34:29:8f:73:88:91:84:d8:1b:8a:31:73:08:00 SRC=142.250.102.188 DST=192.168.1.116 LEN=52 TOS=0x00 PREC=0x00 TTL=119 ID=8132 PROTO=TCP SPT=5228 DPT=57026 WINDOW=265 RES=0x00 ACK FIN URGP=0 
[   89.270745] iptables reject: IN=enp1s0f4u1u2 OUT= MAC=34:29:8f:73:88:91:84:d8:1b:8a:31:73:08:00 SRC=142.250.102.188 DST=192.168.1.116 LEN=898 TOS=0x00 PREC=0x00 TTL=119 ID=9477 PROTO=TCP SPT=5228 DPT=57026 WINDOW=265 RES=0x00 ACK PSH FIN URGP=0 
[   89.492218] usb 3-1.2.4: USB disconnect, device number 4
[   90.515516] usb 3-1.2.4: new low-speed USB device number 6 using xhci_hcd
[   90.560913] New not syn: IN=enp1s0f4u1u2 OUT= MAC=34:29:8f:73:88:91:84:d8:1b:8a:31:73:08:00 SRC=149.154.167.51 DST=192.168.1.116 LEN=52 TOS=0x00 PREC=0x00 TTL=52 ID=5545 DF PROTO=TCP SPT=443 DPT=60454 WINDOW=939 RES=0x00 ACK URGP=0 
[   90.649143] usb 3-1.2.4: New USB device found, idVendor=1bcf, idProduct=0005, bcdDevice= 0.90
[   90.649152] usb 3-1.2.4: New USB device strings: Mfr=0, Product=2, SerialNumber=0
[   90.649155] usb 3-1.2.4: Product: USB Optical Mouse
[   90.717660] input: USB Optical Mouse as /devices/pci0000:00/0000:00:08.1/0000:01:00.4/usb3/3-1/3-1.2/3-1.2.4/3-1.2.4:1.0/0003:1BCF:0005.0003/input/input15
[   90.717897] hid-generic 0003:1BCF:0005.0003: input,hidraw1: USB HID v1.10 Mouse [USB Optical Mouse] on usb-0000:01:00.4-1.2.4/input0
[   92.198506] New not syn: IN=enp1s0f4u1u2 OUT= MAC=34:29:8f:73:88:91:84:d8:1b:8a:31:73:08:00 SRC=149.154.167.50 DST=192.168.1.116 LEN=52 TOS=0x00 PREC=0x00 TTL=52 ID=52722 DF PROTO=TCP SPT=443 DPT=34042 WINDOW=835 RES=0x00 ACK URGP=0 
[   92.336036] New not syn: IN=enp1s0f4u1u2 OUT= MAC=34:29:8f:73:88:91:84:d8:1b:8a:31:73:08:00 SRC=172.217.20.197 DST=192.168.1.116 LEN=125 TOS=0x00 PREC=0x80 TTL=121 ID=3568 PROTO=TCP SPT=443 DPT=54310 WINDOW=294 RES=0x00 ACK PSH URGP=0 
[   92.559048] New not syn: IN=enp1s0f4u1u2 OUT= MAC=34:29:8f:73:88:91:84:d8:1b:8a:31:73:08:00 SRC=172.217.20.197 DST=192.168.1.116 LEN=125 TOS=0x00 PREC=0x80 TTL=121 ID=3577 PROTO=TCP SPT=443 DPT=54310 WINDOW=294 RES=0x00 ACK PSH URGP=0 
[   92.784188] New not syn: IN=enp1s0f4u1u2 OUT= MAC=34:29:8f:73:88:91:84:d8:1b:8a:31:73:08:00 SRC=172.217.20.197 DST=192.168.1.116 LEN=125 TOS=0x00 PREC=0x00 TTL=120 ID=3611 PROTO=TCP SPT=443 DPT=54310 WINDOW=294 RES=0x00 ACK PSH URGP=0 
[   93.178596] iptables reject: IN=enp1s0f4u1u2 OUT= MAC=34:29:8f:73:88:91:84:d8:1b:8a:31:73:08:00 SRC=142.250.102.188 DST=192.168.1.116 LEN=898 TOS=0x00 PREC=0x00 TTL=119 ID=11085 PROTO=TCP SPT=5228 DPT=57026 WINDOW=265 RES=0x00 ACK PSH FIN URGP=0 
[   93.232007] New not syn: IN=enp1s0f4u1u2 OUT= MAC=34:29:8f:73:88:91:84:d8:1b:8a:31:73:08:00 SRC=172.217.20.197 DST=192.168.1.116 LEN=125 TOS=0x00 PREC=0x80 TTL=121 ID=4052 PROTO=TCP SPT=443 DPT=54310 WINDOW=294 RES=0x00 ACK PSH URGP=0 
[   94.128715] New not syn: IN=enp1s0f4u1u2 OUT= MAC=34:29:8f:73:88:91:84:d8:1b:8a:31:73:08:00 SRC=172.217.20.197 DST=192.168.1.116 LEN=125 TOS=0x00 PREC=0x00 TTL=121 ID=4440 PROTO=TCP SPT=443 DPT=54310 WINDOW=294 RES=0x00 ACK PSH URGP=0 
[   95.922236] New not syn: IN=enp1s0f4u1u2 OUT= MAC=34:29:8f:73:88:91:84:d8:1b:8a:31:73:08:00 SRC=172.217.20.197 DST=192.168.1.116 LEN=125 TOS=0x00 PREC=0x00 TTL=120 ID=4763 PROTO=TCP SPT=443 DPT=54310 WINDOW=294 RES=0x00 ACK PSH URGP=0 
[   97.340544] iptables reject: IN=enp1s0f4u1u2 OUT= MAC=34:29:8f:73:88:91:84:d8:1b:8a:31:73:08:00 SRC=172.217.20.197 DST=192.168.1.116 LEN=108 TOS=0x00 PREC=0x00 TTL=120 ID=6060 PROTO=TCP SPT=443 DPT=54310 WINDOW=294 RES=0x00 ACK PSH FIN URGP=0 
[   99.508942] iptables reject: IN=enp1s0f4u1u2 OUT= MAC=34:29:8f:73:88:91:84:d8:1b:8a:31:73:08:00 SRC=172.217.20.197 DST=192.168.1.116 LEN=181 TOS=0x00 PREC=0x80 TTL=121 ID=8208 PROTO=TCP SPT=443 DPT=54310 WINDOW=294 RES=0x00 ACK PSH FIN URGP=0 
[  101.121654] iptables reject: IN=enp1s0f4u1u2 OUT= MAC=34:29:8f:73:88:91:84:d8:1b:8a:31:73:08:00 SRC=142.250.102.188 DST=192.168.1.116 LEN=898 TOS=0x00 PREC=0x00 TTL=119 ID=13395 PROTO=TCP SPT=5228 DPT=57026 WINDOW=265 RES=0x00 ACK PSH FIN URGP=0 
[  106.691219] iptables reject: IN=enp1s0f4u1u2 OUT= MAC=34:29:8f:73:88:91:84:d8:1b:8a:31:73:08:00 SRC=172.217.20.197 DST=192.168.1.116 LEN=181 TOS=0x00 PREC=0x80 TTL=121 ID=9779 PROTO=TCP SPT=443 DPT=54310 WINDOW=294 RES=0x00 ACK PSH FIN URGP=0 
[  115.341557] New not syn: IN=enp1s0f4u1u2 OUT= MAC=34:29:8f:73:88:91:84:d8:1b:8a:31:73:08:00 SRC=35.233.239.65 DST=192.168.1.116 LEN=52 TOS=0x00 PREC=0x00 TTL=55 ID=48554 DF PROTO=TCP SPT=443 DPT=46482 WINDOW=501 RES=0x00 ACK URGP=0 
[  116.902876] iptables reject: IN=enp1s0f4u1u2 OUT= MAC=34:29:8f:73:88:91:84:d8:1b:8a:31:73:08:00 SRC=142.250.102.188 DST=192.168.1.116 LEN=898 TOS=0x00 PREC=0x00 TTL=120 ID=14060 PROTO=TCP SPT=5228 DPT=57026 WINDOW=265 RES=0x00 ACK PSH FIN URGP=0 
[  120.981125] iptables reject: IN=enp1s0f4u1u2 OUT= MAC=34:29:8f:73:88:91:84:d8:1b:8a:31:73:08:00 SRC=172.217.20.197 DST=192.168.1.116 LEN=181 TOS=0x00 PREC=0x00 TTL=121 ID=14211 PROTO=TCP SPT=443 DPT=54310 WINDOW=294 RES=0x00 ACK PSH FIN URGP=0 
[  149.644779] iptables reject: IN=enp1s0f4u1u2 OUT= MAC=34:29:8f:73:88:91:84:d8:1b:8a:31:73:08:00 SRC=172.217.20.197 DST=192.168.1.116 LEN=181 TOS=0x00 PREC=0x80 TTL=121 ID=25235 PROTO=TCP SPT=443 DPT=54310 WINDOW=294 RES=0x00 ACK PSH FIN URGP=0 
[  166.237982] New not syn: IN=enp1s0f4u1u2 OUT= MAC=34:29:8f:73:88:91:84:d8:1b:8a:31:73:08:00 SRC=149.154.167.51 DST=192.168.1.116 LEN=52 TOS=0x00 PREC=0x00 TTL=52 ID=5546 DF PROTO=TCP SPT=443 DPT=60454 WINDOW=939 RES=0x00 ACK URGP=0 
[  167.870069] New not syn: IN=enp1s0f4u1u2 OUT= MAC=34:29:8f:73:88:91:84:d8:1b:8a:31:73:08:00 SRC=149.154.167.50 DST=192.168.1.116 LEN=52 TOS=0x00 PREC=0x00 TTL=52 ID=52723 DF PROTO=TCP SPT=443 DPT=34042 WINDOW=835 RES=0x00 ACK URGP=0 
[  173.560120] NOHZ tick-stop error: Non-RCU local softirq work is pending, handler #08!!!
