[    0.000000] Linux version 5.15.8-arch1-1 (linux@archlinux) (gcc (GCC) 11.1.0, GNU ld (GNU Binutils) 2.36.1) #1 SMP PREEMPT Tue, 14 Dec 2021 12:28:02 +0000
[    0.000000] Command line: BOOT_IMAGE=/boot/vmlinuz-linux root=UUID=a1e2e1f9-dbcb-484e-a242-73d5754f8d98 rw quiet resume=UUID=36238c5a-d1ff-4e5f-986a-4d302098cfd7 loglevel=3 audit=0 lsm=landlock,lockdown,yama,apparmor,bpf l1tf=full,force mds=full,nosmt mitigations=auto,nosmt nosmt=force init_on_alloc=1 init_on_free=1 randomize_kstack_offset=on slab_nomerge pti=on slub_debug=ZF slub_debug=P page_poison=1 mem_encrypt=on
[    0.000000] x86/fpu: Supporting XSAVE feature 0x001: 'x87 floating point registers'
[    0.000000] x86/fpu: Supporting XSAVE feature 0x002: 'SSE registers'
[    0.000000] x86/fpu: Supporting XSAVE feature 0x004: 'AVX registers'
[    0.000000] x86/fpu: xstate_offset[2]:  576, xstate_sizes[2]:  256
[    0.000000] x86/fpu: Enabled xstate features 0x7, context size is 832 bytes, using 'compacted' format.
[    0.000000] signal: max sigframe size: 1776
[    0.000000] SMT: Force disabled
[    0.000000] BIOS-provided physical RAM map:
[    0.000000] BIOS-e820: [mem 0x0000000000000000-0x000000000009efff] usable
[    0.000000] BIOS-e820: [mem 0x000000000009f000-0x00000000000bffff] reserved
[    0.000000] BIOS-e820: [mem 0x0000000000100000-0x0000000009afffff] usable
[    0.000000] BIOS-e820: [mem 0x0000000009b00000-0x0000000009dfffff] reserved
[    0.000000] BIOS-e820: [mem 0x0000000009e00000-0x0000000009efffff] usable
[    0.000000] BIOS-e820: [mem 0x0000000009f00000-0x0000000009f0ffff] ACPI NVS
[    0.000000] BIOS-e820: [mem 0x0000000009f10000-0x00000000bab68fff] usable
[    0.000000] BIOS-e820: [mem 0x00000000bab69000-0x00000000bbd68fff] reserved
[    0.000000] BIOS-e820: [mem 0x00000000bbd69000-0x00000000c9f7efff] usable
[    0.000000] BIOS-e820: [mem 0x00000000c9f7f000-0x00000000caf7efff] type 20
[    0.000000] BIOS-e820: [mem 0x00000000caf7f000-0x00000000ccf7efff] reserved
[    0.000000] BIOS-e820: [mem 0x00000000ccf7f000-0x00000000cdf7efff] ACPI NVS
[    0.000000] BIOS-e820: [mem 0x00000000cdf7f000-0x00000000cdffefff] ACPI data
[    0.000000] BIOS-e820: [mem 0x00000000cdfff000-0x00000000cdffffff] usable
[    0.000000] BIOS-e820: [mem 0x00000000ce000000-0x00000000ceffffff] reserved
[    0.000000] BIOS-e820: [mem 0x00000000f8000000-0x00000000fbffffff] reserved
[    0.000000] BIOS-e820: [mem 0x00000000fde00000-0x00000000fdefffff] reserved
[    0.000000] BIOS-e820: [mem 0x00000000fec00000-0x00000000fec00fff] reserved
[    0.000000] BIOS-e820: [mem 0x00000000fec10000-0x00000000fec10fff] reserved
[    0.000000] BIOS-e820: [mem 0x00000000fec20000-0x00000000fec20fff] reserved
[    0.000000] BIOS-e820: [mem 0x00000000fed80000-0x00000000fed80fff] reserved
[    0.000000] BIOS-e820: [mem 0x00000000fee00000-0x00000000fee00fff] reserved
[    0.000000] BIOS-e820: [mem 0x00000000ff000000-0x00000000fff2ffff] reserved
[    0.000000] BIOS-e820: [mem 0x0000000100000000-0x000000040f33ffff] usable
[    0.000000] BIOS-e820: [mem 0x000000040f340000-0x000000042fffffff] reserved
[    0.000000] NX (Execute Disable) protection: active
[    0.000000] efi: EFI v2.70 by INSYDE Corp.
[    0.000000] efi: ACPI=0xcdffe000 ACPI 2.0=0xcdffe014 TPMFinalLog=0xcdf2c000 SMBIOS=0xcb70c000 SMBIOS 3.0=0xcb70a000 ESRT=0xcb70d418 
[    0.000000] SMBIOS 3.2.0 present.
[    0.000000] DMI: TIMI RedmiBook 14 II/TM1951, BIOS RMARN4B0P0909 08/19/2020
[    0.000000] tsc: Fast TSC calibration using PIT
[    0.000000] tsc: Detected 2370.619 MHz processor
[    0.000545] e820: update [mem 0x00000000-0x00000fff] usable ==> reserved
[    0.000547] e820: remove [mem 0x000a0000-0x000fffff] usable
[    0.000552] last_pfn = 0x40f340 max_arch_pfn = 0x400000000
[    0.000731] x86/PAT: Configuration [0-7]: WB  WC  UC- UC  WB  WP  UC- WT  
[    0.000954] last_pfn = 0xce000 max_arch_pfn = 0x400000000
[    0.010330] esrt: Reserving ESRT space from 0x00000000cb70d418 to 0x00000000cb70d450.
[    0.010339] Kernel/User page tables isolation: force enabled on command line.
[    0.010340] Using GB pages for direct mapping
[    0.010973] Secure boot disabled
[    0.010973] RAMDISK: [mem 0x36b17000-0x37582fff]
[    0.010979] ACPI: Early table checksum verification disabled
[    0.010982] ACPI: RSDP 0x00000000CDFFE014 000024 (v02 XMCC  )
[    0.010985] ACPI: XSDT 0x00000000CDFCE188 000134 (v01 XMCC   XMCC1951 00000002      01000013)
[    0.010990] ACPI: FACP 0x00000000CDFEC000 00010C (v05 XMCC   XMCC1951 00000002      01000013)
[    0.010994] ACPI: DSDT 0x00000000CDFDF000 006545 (v01 XMCC   XMCC1951 00000002      01000013)
[    0.010996] ACPI: FACS 0x00000000CDF29000 000040
[    0.010998] ACPI: UEFI 0x00000000CDF7E000 000236 (v01 INSYDE H2O BIOS 00000001 ACPI 00040000)
[    0.011000] ACPI: SSDT 0x00000000CDFF5000 007216 (v02 AMD    AmdTable 00000002 MSFT 04000000)
[    0.011002] ACPI: IVRS 0x00000000CDFF4000 0001A4 (v02 AMD    AmdTable 00000001 AMD  00000000)
[    0.011005] ACPI: SSDT 0x00000000CDFF3000 000228 (v01 AMD    STD3     00000001 INTL 20130117)
[    0.011007] ACPI: SSDT 0x00000000CDFF2000 000D61 (v01 XMCC   XMCC1806 00003000 INTL 20130117)
[    0.011009] ACPI: SSDT 0x00000000CDFF1000 00046D (v01 Insyde TPMACPI  00001000 INTL 20130117)
[    0.011011] ACPI: TPM2 0x00000000CDFF0000 000034 (v04 XMCC   XMCC1951 00000002      01000013)
[    0.011013] ACPI: MSDM 0x00000000CDFEF000 000055 (v03 INSYDE H2O BIOS 00000001 ACPI 00040000)
[    0.011015] ACPI: ASF! 0x00000000CDFEE000 0000A5 (v32 XMCC   XMCC1951 00000002      01000013)
[    0.011018] ACPI: BOOT 0x00000000CDFED000 000028 (v01 XMCC   XMCC1951 00000002      01000013)
[    0.011020] ACPI: HPET 0x00000000CDFEB000 000038 (v01 XMCC   XMCC1951 00000002      01000013)
[    0.011022] ACPI: APIC 0x00000000CDFEA000 000138 (v03 XMCC   XMCC1951 00000002      01000013)
[    0.011024] ACPI: MCFG 0x00000000CDFE9000 00003C (v01 XMCC   XMCC1951 00000002      01000013)
[    0.011026] ACPI: SLIC 0x00000000CDFE8000 000176 (v01 XMCC   XMCC1951 00000002      01000013)
[    0.011028] ACPI: SSDT 0x00000000CDFDE000 000080 (v01 XMCC   XMCC1951 00000002      01000013)
[    0.011030] ACPI: VFCT 0x00000000CDFD0000 00D484 (v01 XMCC   XMCC1951 00000001 AMD  31504F47)
[    0.011033] ACPI: SSDT 0x00000000CDFCF000 0000F8 (v01 XMCC   PcdTabl  00001000 INTL 20130117)
[    0.011035] ACPI: SSDT 0x00000000CDFCC000 001500 (v01 AMD    AmdTable 00000001 AMD  00000001)
[    0.011037] ACPI: CRAT 0x00000000CDFFD000 000BA8 (v01 AMD    AmdTable 00000001 AMD  00000001)
[    0.011039] ACPI: CDIT 0x00000000CDFCB000 000029 (v01 AMD    AmdTable 00000001 AMD  00000001)
[    0.011041] ACPI: SSDT 0x00000000CDFCA000 00028D (v01 AMD    AmdTable 00000001 INTL 20130117)
[    0.011043] ACPI: SSDT 0x00000000CDFC9000 000C78 (v01 AMD    AmdTable 00000001 INTL 20130117)
[    0.011045] ACPI: SSDT 0x00000000CDFC7000 0010A5 (v01 AMD    AmdTable 00000001 INTL 20130117)
[    0.011047] ACPI: SSDT 0x00000000CDFC3000 0030C8 (v01 AMD    AmdTable 00000001 INTL 20130117)
[    0.011050] ACPI: FPDT 0x00000000CDFC2000 000044 (v01 XMCC   XMCC1951 00000002      01000013)
[    0.011052] ACPI: WSMT 0x00000000CDFC0000 000028 (v01 INSYDE H2O BIOS 00000001 ACPI 00040000)
[    0.011054] ACPI: SSDT 0x00000000CDFE7000 00020A (v01 AMD    AmdTable 00000001 INTL 20130117)
[    0.011056] ACPI: SSDT 0x00000000CDFE6000 0005A1 (v01 AMD    AmdTable 00000001 INTL 20130117)
[    0.011058] ACPI: SSDT 0x00000000CDFBF000 000343 (v01 AMD    AmdTable 00000001 INTL 20130117)
[    0.011060] ACPI: SSDT 0x00000000CDFBE000 00007D (v01 AMD    AmdTable 00000001 INTL 20130117)
[    0.011062] ACPI: SSDT 0x00000000CDFBD000 000822 (v01 AMD    AmdTable 00000001 INTL 20130117)
[    0.011064] ACPI: SSDT 0x00000000CDFBC000 000517 (v01 AMD    AmdTable 00000001 INTL 20130117)
[    0.011066] ACPI: BGRT 0x00000000CDFC1000 000038 (v01 INSYDE H2O BIOS 00000001 ACPI 00040000)
[    0.011068] ACPI: Reserving FACP table memory at [mem 0xcdfec000-0xcdfec10b]
[    0.011069] ACPI: Reserving DSDT table memory at [mem 0xcdfdf000-0xcdfe5544]
[    0.011070] ACPI: Reserving FACS table memory at [mem 0xcdf29000-0xcdf2903f]
[    0.011071] ACPI: Reserving UEFI table memory at [mem 0xcdf7e000-0xcdf7e235]
[    0.011071] ACPI: Reserving SSDT table memory at [mem 0xcdff5000-0xcdffc215]
[    0.011072] ACPI: Reserving IVRS table memory at [mem 0xcdff4000-0xcdff41a3]
[    0.011073] ACPI: Reserving SSDT table memory at [mem 0xcdff3000-0xcdff3227]
[    0.011073] ACPI: Reserving SSDT table memory at [mem 0xcdff2000-0xcdff2d60]
[    0.011074] ACPI: Reserving SSDT table memory at [mem 0xcdff1000-0xcdff146c]
[    0.011075] ACPI: Reserving TPM2 table memory at [mem 0xcdff0000-0xcdff0033]
[    0.011076] ACPI: Reserving MSDM table memory at [mem 0xcdfef000-0xcdfef054]
[    0.011076] ACPI: Reserving ASF! table memory at [mem 0xcdfee000-0xcdfee0a4]
[    0.011077] ACPI: Reserving BOOT table memory at [mem 0xcdfed000-0xcdfed027]
[    0.011078] ACPI: Reserving HPET table memory at [mem 0xcdfeb000-0xcdfeb037]
[    0.011078] ACPI: Reserving APIC table memory at [mem 0xcdfea000-0xcdfea137]
[    0.011079] ACPI: Reserving MCFG table memory at [mem 0xcdfe9000-0xcdfe903b]
[    0.011080] ACPI: Reserving SLIC table memory at [mem 0xcdfe8000-0xcdfe8175]
[    0.011080] ACPI: Reserving SSDT table memory at [mem 0xcdfde000-0xcdfde07f]
[    0.011081] ACPI: Reserving VFCT table memory at [mem 0xcdfd0000-0xcdfdd483]
[    0.011082] ACPI: Reserving SSDT table memory at [mem 0xcdfcf000-0xcdfcf0f7]
[    0.011083] ACPI: Reserving SSDT table memory at [mem 0xcdfcc000-0xcdfcd4ff]
[    0.011083] ACPI: Reserving CRAT table memory at [mem 0xcdffd000-0xcdffdba7]
[    0.011084] ACPI: Reserving CDIT table memory at [mem 0xcdfcb000-0xcdfcb028]
[    0.011085] ACPI: Reserving SSDT table memory at [mem 0xcdfca000-0xcdfca28c]
[    0.011086] ACPI: Reserving SSDT table memory at [mem 0xcdfc9000-0xcdfc9c77]
[    0.011086] ACPI: Reserving SSDT table memory at [mem 0xcdfc7000-0xcdfc80a4]
[    0.011087] ACPI: Reserving SSDT table memory at [mem 0xcdfc3000-0xcdfc60c7]
[    0.011088] ACPI: Reserving FPDT table memory at [mem 0xcdfc2000-0xcdfc2043]
[    0.011089] ACPI: Reserving WSMT table memory at [mem 0xcdfc0000-0xcdfc0027]
[    0.011089] ACPI: Reserving SSDT table memory at [mem 0xcdfe7000-0xcdfe7209]
[    0.011090] ACPI: Reserving SSDT table memory at [mem 0xcdfe6000-0xcdfe65a0]
[    0.011091] ACPI: Reserving SSDT table memory at [mem 0xcdfbf000-0xcdfbf342]
[    0.011092] ACPI: Reserving SSDT table memory at [mem 0xcdfbe000-0xcdfbe07c]
[    0.011093] ACPI: Reserving SSDT table memory at [mem 0xcdfbd000-0xcdfbd821]
[    0.011093] ACPI: Reserving SSDT table memory at [mem 0xcdfbc000-0xcdfbc516]
[    0.011094] ACPI: Reserving BGRT table memory at [mem 0xcdfc1000-0xcdfc1037]
[    0.011147] No NUMA configuration found
[    0.011148] Faking a node at [mem 0x0000000000000000-0x000000040f33ffff]
[    0.011151] NODE_DATA(0) allocated [mem 0x40f33c000-0x40f33ffff]
[    0.011178] Zone ranges:
[    0.011179]   DMA      [mem 0x0000000000001000-0x0000000000ffffff]
[    0.011180]   DMA32    [mem 0x0000000001000000-0x00000000ffffffff]
[    0.011181]   Normal   [mem 0x0000000100000000-0x000000040f33ffff]
[    0.011182]   Device   empty
[    0.011183] Movable zone start for each node
[    0.011184] Early memory node ranges
[    0.011184]   node   0: [mem 0x0000000000001000-0x000000000009efff]
[    0.011185]   node   0: [mem 0x0000000000100000-0x0000000009afffff]
[    0.011186]   node   0: [mem 0x0000000009e00000-0x0000000009efffff]
[    0.011187]   node   0: [mem 0x0000000009f10000-0x00000000bab68fff]
[    0.011188]   node   0: [mem 0x00000000bbd69000-0x00000000c9f7efff]
[    0.011188]   node   0: [mem 0x00000000cdfff000-0x00000000cdffffff]
[    0.011189]   node   0: [mem 0x0000000100000000-0x000000040f33ffff]
[    0.011191] Initmem setup node 0 [mem 0x0000000000001000-0x000000040f33ffff]
[    0.011195] On node 0, zone DMA: 1 pages in unavailable ranges
[    0.011210] On node 0, zone DMA: 97 pages in unavailable ranges
[    0.011340] On node 0, zone DMA32: 768 pages in unavailable ranges
[    0.016375] On node 0, zone DMA32: 16 pages in unavailable ranges
[    0.016840] On node 0, zone DMA32: 4608 pages in unavailable ranges
[    0.016991] On node 0, zone DMA32: 16512 pages in unavailable ranges
[    0.039775] On node 0, zone Normal: 8192 pages in unavailable ranges
[    0.039809] On node 0, zone Normal: 3264 pages in unavailable ranges
[    0.039960] ACPI: PM-Timer IO Port: 0x408
[    0.039967] ACPI: LAPIC_NMI (acpi_id[0x00] high edge lint[0x1])
[    0.039968] ACPI: LAPIC_NMI (acpi_id[0x01] high edge lint[0x1])
[    0.039968] ACPI: LAPIC_NMI (acpi_id[0x02] high edge lint[0x1])
[    0.039969] ACPI: LAPIC_NMI (acpi_id[0x03] high edge lint[0x1])
[    0.039970] ACPI: LAPIC_NMI (acpi_id[0x04] high edge lint[0x1])
[    0.039970] ACPI: LAPIC_NMI (acpi_id[0x05] high edge lint[0x1])
[    0.039971] ACPI: LAPIC_NMI (acpi_id[0x06] high edge lint[0x1])
[    0.039971] ACPI: LAPIC_NMI (acpi_id[0x07] high edge lint[0x1])
[    0.039972] ACPI: LAPIC_NMI (acpi_id[0x08] high edge lint[0x1])
[    0.039973] ACPI: LAPIC_NMI (acpi_id[0x09] high edge lint[0x1])
[    0.039973] ACPI: LAPIC_NMI (acpi_id[0x0a] high edge lint[0x1])
[    0.039974] ACPI: LAPIC_NMI (acpi_id[0x0b] high edge lint[0x1])
[    0.039974] ACPI: LAPIC_NMI (acpi_id[0x0c] high edge lint[0x1])
[    0.039975] ACPI: LAPIC_NMI (acpi_id[0x0d] high edge lint[0x1])
[    0.039975] ACPI: LAPIC_NMI (acpi_id[0x0e] high edge lint[0x1])
[    0.039976] ACPI: LAPIC_NMI (acpi_id[0x0f] high edge lint[0x1])
[    0.039989] IOAPIC[0]: apic_id 33, version 33, address 0xfec00000, GSI 0-23
[    0.039994] IOAPIC[1]: apic_id 34, version 33, address 0xfec01000, GSI 24-55
[    0.039996] ACPI: INT_SRC_OVR (bus 0 bus_irq 0 global_irq 2 dfl dfl)
[    0.039997] ACPI: INT_SRC_OVR (bus 0 bus_irq 9 global_irq 9 low level)
[    0.040000] ACPI: Using ACPI (MADT) for SMP configuration information
[    0.040001] ACPI: HPET id: 0x10228210 base: 0xfed00000
[    0.040009] e820: update [mem 0xb325f000-0xb3264fff] usable ==> reserved
[    0.040018] smpboot: Allowing 16 CPUs, 10 hotplug CPUs
[    0.040043] PM: hibernation: Registered nosave memory: [mem 0x00000000-0x00000fff]
[    0.040044] PM: hibernation: Registered nosave memory: [mem 0x0009f000-0x000bffff]
[    0.040045] PM: hibernation: Registered nosave memory: [mem 0x000c0000-0x000fffff]
[    0.040047] PM: hibernation: Registered nosave memory: [mem 0x09b00000-0x09dfffff]
[    0.040048] PM: hibernation: Registered nosave memory: [mem 0x09f00000-0x09f0ffff]
[    0.040050] PM: hibernation: Registered nosave memory: [mem 0xb325f000-0xb3264fff]
[    0.040051] PM: hibernation: Registered nosave memory: [mem 0xbab69000-0xbbd68fff]
[    0.040053] PM: hibernation: Registered nosave memory: [mem 0xc9f7f000-0xcaf7efff]
[    0.040053] PM: hibernation: Registered nosave memory: [mem 0xcaf7f000-0xccf7efff]
[    0.040054] PM: hibernation: Registered nosave memory: [mem 0xccf7f000-0xcdf7efff]
[    0.040054] PM: hibernation: Registered nosave memory: [mem 0xcdf7f000-0xcdffefff]
[    0.040056] PM: hibernation: Registered nosave memory: [mem 0xce000000-0xceffffff]
[    0.040056] PM: hibernation: Registered nosave memory: [mem 0xcf000000-0xf7ffffff]
[    0.040057] PM: hibernation: Registered nosave memory: [mem 0xf8000000-0xfbffffff]
[    0.040058] PM: hibernation: Registered nosave memory: [mem 0xfc000000-0xfddfffff]
[    0.040058] PM: hibernation: Registered nosave memory: [mem 0xfde00000-0xfdefffff]
[    0.040059] PM: hibernation: Registered nosave memory: [mem 0xfdf00000-0xfebfffff]
[    0.040059] PM: hibernation: Registered nosave memory: [mem 0xfec00000-0xfec00fff]
[    0.040060] PM: hibernation: Registered nosave memory: [mem 0xfec01000-0xfec0ffff]
[    0.040060] PM: hibernation: Registered nosave memory: [mem 0xfec10000-0xfec10fff]
[    0.040061] PM: hibernation: Registered nosave memory: [mem 0xfec11000-0xfec1ffff]
[    0.040061] PM: hibernation: Registered nosave memory: [mem 0xfec20000-0xfec20fff]
[    0.040062] PM: hibernation: Registered nosave memory: [mem 0xfec21000-0xfed7ffff]
[    0.040063] PM: hibernation: Registered nosave memory: [mem 0xfed80000-0xfed80fff]
[    0.040063] PM: hibernation: Registered nosave memory: [mem 0xfed81000-0xfedfffff]
[    0.040064] PM: hibernation: Registered nosave memory: [mem 0xfee00000-0xfee00fff]
[    0.040064] PM: hibernation: Registered nosave memory: [mem 0xfee01000-0xfeffffff]
[    0.040065] PM: hibernation: Registered nosave memory: [mem 0xff000000-0xfff2ffff]
[    0.040065] PM: hibernation: Registered nosave memory: [mem 0xfff30000-0xffffffff]
[    0.040067] [mem 0xcf000000-0xf7ffffff] available for PCI devices
[    0.040068] Booting paravirtualized kernel on bare hardware
[    0.040071] clocksource: refined-jiffies: mask: 0xffffffff max_cycles: 0xffffffff, max_idle_ns: 6370452778343963 ns
[    0.043791] setup_percpu: NR_CPUS:320 nr_cpumask_bits:320 nr_cpu_ids:16 nr_node_ids:1
[    0.044394] percpu: Embedded 61 pages/cpu s212992 r8192 d28672 u262144
[    0.044403] pcpu-alloc: s212992 r8192 d28672 u262144 alloc=1*2097152
[    0.044404] pcpu-alloc: [0] 00 01 02 03 04 05 06 07 [0] 08 09 10 11 12 13 14 15 
[    0.044432] Built 1 zonelists, mobility grouping on.  Total pages: 3966649
[    0.044433] Policy zone: Normal
[    0.044434] Kernel command line: BOOT_IMAGE=/boot/vmlinuz-linux root=UUID=a1e2e1f9-dbcb-484e-a242-73d5754f8d98 rw quiet resume=UUID=36238c5a-d1ff-4e5f-986a-4d302098cfd7 loglevel=3 audit=0 lsm=landlock,lockdown,yama,apparmor,bpf l1tf=full,force mds=full,nosmt mitigations=auto,nosmt nosmt=force init_on_alloc=1 init_on_free=1 randomize_kstack_offset=on slab_nomerge pti=on slub_debug=ZF slub_debug=P page_poison=1 mem_encrypt=on
[    0.044490] audit: disabled (until reboot)
[    0.044589] mem auto-init: SLAB_POISON will take precedence over init_on_alloc/init_on_free
[    0.044608] Unknown kernel command line parameters "BOOT_IMAGE=/boot/vmlinuz-linux pti=on mem_encrypt=on", will be passed to user space.
[    0.046436] Dentry cache hash table entries: 2097152 (order: 12, 16777216 bytes, linear)
[    0.047346] Inode-cache hash table entries: 1048576 (order: 11, 8388608 bytes, linear)
[    0.047404] mem auto-init: CONFIG_PAGE_POISONING is on, will take precedence over init_on_alloc and init_on_free
[    0.047636] mem auto-init: stack:byref_all(zero), heap alloc:off, heap free:off
[    1.678699] Memory: 15517468K/16119096K available (14344K kernel code, 2071K rwdata, 10792K rodata, 1860K init, 3844K bss, 601368K reserved, 0K cma-reserved)
[    1.678706] **********************************************************
[    1.678706] **   NOTICE NOTICE NOTICE NOTICE NOTICE NOTICE NOTICE   **
[    1.678707] **                                                      **
[    1.678708] ** This system shows unhashed kernel memory addresses   **
[    1.678708] ** via the console, logs, and other interfaces. This    **
[    1.678708] ** might reduce the security of your system.            **
[    1.678709] **                                                      **
[    1.678709] ** If you see this message and you are not debugging    **
[    1.678709] ** the kernel, report this immediately to your system   **
[    1.678710] ** administrator!                                       **
[    1.678710] **                                                      **
[    1.678710] **   NOTICE NOTICE NOTICE NOTICE NOTICE NOTICE NOTICE   **
[    1.678711] **********************************************************
[    1.678713] random: get_random_u64 called from __kmem_cache_create+0x2a/0x540 with crng_init=0
[    1.678874] SLUB: HWalign=64, Order=0-3, MinObjects=0, CPUs=16, Nodes=1
[    1.678890] Kernel/User page tables isolation: enabled
[    1.678913] ftrace: allocating 44295 entries in 174 pages
[    1.690662] ftrace: allocated 174 pages with 5 groups
[    1.690811] rcu: Preemptible hierarchical RCU implementation.
[    1.690811] rcu: 	RCU dyntick-idle grace-period acceleration is enabled.
[    1.690812] rcu: 	RCU restricting CPUs from NR_CPUS=320 to nr_cpu_ids=16.
[    1.690812] rcu: 	RCU priority boosting: priority 1 delay 500 ms.
[    1.690813] 	Trampoline variant of Tasks RCU enabled.
[    1.690813] 	Rude variant of Tasks RCU enabled.
[    1.690814] 	Tracing variant of Tasks RCU enabled.
[    1.690814] rcu: RCU calculated value of scheduler-enlistment delay is 30 jiffies.
[    1.690815] rcu: Adjusting geometry for rcu_fanout_leaf=16, nr_cpu_ids=16
[    1.694290] NR_IRQS: 20736, nr_irqs: 1096, preallocated irqs: 16
[    1.694549] kfence: initialized - using 2097152 bytes for 255 objects at 0xffff91327dc00000-0xffff91327de00000
[    1.694715] Console: colour dummy device 80x25
[    1.694728] printk: console [tty0] enabled
[    1.694748] ACPI: Core revision 20210730
[    1.694971] clocksource: hpet: mask: 0xffffffff max_cycles: 0xffffffff, max_idle_ns: 133484873504 ns
[    1.694989] APIC: Switch to symmetric I/O mode setup
[    1.695866] AMD-Vi: ivrs, add hid:AMDI0020, uid:\_SB.FUR0, rdevid:160
[    1.695868] AMD-Vi: ivrs, add hid:AMDI0020, uid:\_SB.FUR1, rdevid:160
[    1.695869] AMD-Vi: ivrs, add hid:AMDI0020, uid:\_SB.FUR2, rdevid:160
[    1.695870] AMD-Vi: ivrs, add hid:AMDI0020, uid:\_SB.FUR3, rdevid:160
[    1.696178] Switched APIC routing to physical flat.
[    1.696936] ..TIMER: vector=0x30 apic1=0 pin1=2 apic2=-1 pin2=-1
[    1.711662] clocksource: tsc-early: mask: 0xffffffffffffffff max_cycles: 0x222bcc1ea93, max_idle_ns: 440795209692 ns
[    1.711670] Calibrating delay loop (skipped), value calculated using timer frequency.. 4743.78 BogoMIPS (lpj=7902063)
[    1.711673] pid_max: default: 32768 minimum: 301
[    1.738382] LSM: Security Framework initializing
[    1.738399] landlock: Up and running.
[    1.738400] Yama: becoming mindful.
[    1.738435] AppArmor: AppArmor initialized
[    1.738437] LSM support for eBPF active
[    1.738487] Mount-cache hash table entries: 32768 (order: 6, 262144 bytes, linear)
[    1.738523] Mountpoint-cache hash table entries: 32768 (order: 6, 262144 bytes, linear)
[    1.738782] x86/cpu: User Mode Instruction Prevention (UMIP) activated
[    1.738819] LVT offset 1 assigned for vector 0xf9
[    1.738879] LVT offset 2 assigned for vector 0xf4
[    1.738896] Last level iTLB entries: 4KB 1024, 2MB 1024, 4MB 512
[    1.738896] Last level dTLB entries: 4KB 2048, 2MB 2048, 4MB 1024, 1GB 0
[    1.738900] Spectre V1 : Mitigation: usercopy/swapgs barriers and __user pointer sanitization
[    1.738903] Spectre V2 : Mitigation: Full AMD retpoline
[    1.738903] Spectre V2 : Spectre v2 / SpectreRSB mitigation: Filling RSB on context switch
[    1.738904] Spectre V2 : Enabling Restricted Speculation for firmware calls
[    1.738905] Spectre V2 : mitigation: Enabling conditional Indirect Branch Prediction Barrier
[    1.738907] Speculative Store Bypass: Mitigation: Speculative Store Bypass disabled via prctl and seccomp
[    1.742208] Freeing SMP alternatives memory: 36K
[    1.852241] smpboot: CPU0: AMD Ryzen 5 4500U with Radeon Graphics (family: 0x17, model: 0x60, stepping: 0x1)
[    1.852405] Performance Events: Fam17h+ core perfctr, AMD PMU driver.
[    1.852410] ... version:                0
[    1.852411] ... bit width:              48
[    1.852411] ... generic registers:      6
[    1.852411] ... value mask:             0000ffffffffffff
[    1.852412] ... max period:             00007fffffffffff
[    1.852413] ... fixed-purpose events:   0
[    1.852413] ... event mask:             000000000000003f
[    1.852478] rcu: Hierarchical SRCU implementation.
[    1.852980] NMI watchdog: Enabled. Permanently consumes one hw-PMU counter.
[    1.853184] smp: Bringing up secondary CPUs ...
[    1.853313] x86: Booting SMP configuration:
[    1.853314] .... node  #0, CPUs:        #1  #2  #3  #4  #5
[    1.865051] smp: Brought up 1 node, 6 CPUs
[    1.865053] smpboot: Max logical packages: 3
[    1.865054] smpboot: Total of 6 processors activated (28458.73 BogoMIPS)
[    1.865465] devtmpfs: initialized
[    1.865465] x86/mm: Memory block size: 128MB
[    1.866184] ACPI: PM: Registering ACPI NVS region [mem 0x09f00000-0x09f0ffff] (65536 bytes)
[    1.866184] ACPI: PM: Registering ACPI NVS region [mem 0xccf7f000-0xcdf7efff] (16777216 bytes)
[    1.866184] clocksource: jiffies: mask: 0xffffffff max_cycles: 0xffffffff, max_idle_ns: 6370867519511994 ns
[    1.866184] futex hash table entries: 4096 (order: 6, 262144 bytes, linear)
[    1.868384] pinctrl core: initialized pinctrl subsystem
[    1.868498] PM: RTC time: 23:21:57, date: 2021-12-15
[    1.868705] NET: Registered PF_NETLINK/PF_ROUTE protocol family
[    1.869083] DMA: preallocated 2048 KiB GFP_KERNEL pool for atomic allocations
[    1.869336] DMA: preallocated 2048 KiB GFP_KERNEL|GFP_DMA pool for atomic allocations
[    1.869552] DMA: preallocated 2048 KiB GFP_KERNEL|GFP_DMA32 pool for atomic allocations
[    1.869708] thermal_sys: Registered thermal governor 'fair_share'
[    1.869709] thermal_sys: Registered thermal governor 'bang_bang'
[    1.869709] thermal_sys: Registered thermal governor 'step_wise'
[    1.869710] thermal_sys: Registered thermal governor 'user_space'
[    1.869710] thermal_sys: Registered thermal governor 'power_allocator'
[    1.869729] cpuidle: using governor ladder
[    1.869732] cpuidle: using governor menu
[    1.869758] Simple Boot Flag at 0x44 set to 0x1
[    1.869758] HugeTLB: can free 4094 vmemmap pages for hugepages-1048576kB
[    1.869758] ACPI: bus type PCI registered
[    1.869758] acpiphp: ACPI Hot Plug PCI Controller Driver version: 0.5
[    1.869758] PCI: MMCONFIG for domain 0000 [bus 00-3f] at [mem 0xf8000000-0xfbffffff] (base 0xf8000000)
[    1.869758] PCI: MMCONFIG at [mem 0xf8000000-0xfbffffff] reserved in E820
[    1.869758] PCI: Using configuration type 1 for base access
[    1.871853] Kprobes globally optimized
[    1.871857] HugeTLB: can free 6 vmemmap pages for hugepages-2048kB
[    1.871857] HugeTLB registered 1.00 GiB page size, pre-allocated 0 pages
[    1.871857] HugeTLB registered 2.00 MiB page size, pre-allocated 0 pages
[    1.875113] ACPI: Added _OSI(Module Device)
[    1.875115] ACPI: Added _OSI(Processor Device)
[    1.875115] ACPI: Added _OSI(3.0 _SCP Extensions)
[    1.875116] ACPI: Added _OSI(Processor Aggregator Device)
[    1.875117] ACPI: Added _OSI(Linux-Dell-Video)
[    1.875118] ACPI: Added _OSI(Linux-Lenovo-NV-HDMI-Audio)
[    1.875119] ACPI: Added _OSI(Linux-HPI-Hybrid-Graphics)
[    1.893372] ACPI: 18 ACPI AML tables successfully acquired and loaded
[    1.895037] ACPI: [Firmware Bug]: BIOS _OSI(Linux) query ignored
[    1.898269] ACPI: EC: EC started
[    1.898270] ACPI: EC: interrupt blocked
[    1.900499] ACPI: EC: EC_CMD/EC_SC=0x66, EC_DATA=0x62
[    1.900501] ACPI: \_SB_.PCI0.LPC0.EC0_: Boot DSDT EC used to handle transactions
[    1.900502] ACPI: Interpreter enabled
[    1.900518] ACPI: PM: (supports S0 S4 S5)
[    1.900519] ACPI: Using IOAPIC for interrupt routing
[    1.900736] PCI: Using host bridge windows from ACPI; if necessary, use "pci=nocrs" and report a bug
[    1.903953] ACPI: PM: Power Resource [P0U0]
[    1.903985] ACPI: PM: Power Resource [P3U0]
[    1.904789] ACPI: PM: Power Resource [P0U1]
[    1.904821] ACPI: PM: Power Resource [P3U1]
[    1.905602] ACPI: PM: Power Resource [P0S0]
[    1.905632] ACPI: PM: Power Resource [P3S0]
[    1.905800] ACPI: PM: Power Resource [P0S1]
[    1.905829] ACPI: PM: Power Resource [P3S1]
[    1.912115] ACPI: PCI Root Bridge [PCI0] (domain 0000 [bus 00-ff])
[    1.912120] acpi PNP0A08:00: _OSC: OS supports [ExtendedConfig ASPM ClockPM Segments MSI EDR HPX-Type3]
[    1.912361] acpi PNP0A08:00: _OSC: platform does not support [SHPCHotplug LTR DPC]
[    1.912591] acpi PNP0A08:00: _OSC: OS now controls [PCIeHotplug PME AER PCIeCapability]
[    1.912601] acpi PNP0A08:00: [Firmware Info]: MMCONFIG for domain 0000 [bus 00-3f] only partially covers this bridge
[    1.912961] PCI host bridge to bus 0000:00
[    1.912963] pci_bus 0000:00: root bus resource [io  0x0000-0x0cf7 window]
[    1.912964] pci_bus 0000:00: root bus resource [io  0x0d00-0xffff window]
[    1.912966] pci_bus 0000:00: root bus resource [mem 0x000a0000-0x000bffff window]
[    1.912967] pci_bus 0000:00: root bus resource [mem 0x000c0000-0x000c3fff window]
[    1.912968] pci_bus 0000:00: root bus resource [mem 0x000c4000-0x000c7fff window]
[    1.912969] pci_bus 0000:00: root bus resource [mem 0x000c8000-0x000cbfff window]
[    1.912970] pci_bus 0000:00: root bus resource [mem 0x000cc000-0x000cffff window]
[    1.912971] pci_bus 0000:00: root bus resource [mem 0x000d0000-0x000d3fff window]
[    1.912972] pci_bus 0000:00: root bus resource [mem 0x000d4000-0x000d7fff window]
[    1.912973] pci_bus 0000:00: root bus resource [mem 0x000d8000-0x000dbfff window]
[    1.912974] pci_bus 0000:00: root bus resource [mem 0x000dc000-0x000dffff window]
[    1.912975] pci_bus 0000:00: root bus resource [mem 0x000e0000-0x000e3fff window]
[    1.912976] pci_bus 0000:00: root bus resource [mem 0x000e4000-0x000e7fff window]
[    1.912977] pci_bus 0000:00: root bus resource [mem 0x000e8000-0x000ebfff window]
[    1.912978] pci_bus 0000:00: root bus resource [mem 0x000ec000-0x000effff window]
[    1.912979] pci_bus 0000:00: root bus resource [mem 0xd0000000-0xf7ffffff window]
[    1.912980] pci_bus 0000:00: root bus resource [mem 0xfc000000-0xfed3ffff window]
[    1.912981] pci_bus 0000:00: root bus resource [mem 0x450200000-0xfcffffffff window]
[    1.912982] pci_bus 0000:00: root bus resource [bus 00-ff]
[    1.913018] pci 0000:00:00.0: [1022:1630] type 00 class 0x060000
[    1.913133] pci 0000:00:00.2: [1022:1631] type 00 class 0x080600
[    1.913256] pci 0000:00:01.0: [1022:1632] type 00 class 0x060000
[    1.913356] pci 0000:00:02.0: [1022:1632] type 00 class 0x060000
[    1.913459] pci 0000:00:08.0: [1022:1632] type 00 class 0x060000
[    1.913580] pci 0000:00:08.1: [1022:1635] type 01 class 0x060400
[    1.913600] pci 0000:00:08.1: enabling Extended Tags
[    1.913630] pci 0000:00:08.1: PME# supported from D0 D3hot D3cold
[    1.913779] pci 0000:00:08.2: [1022:1635] type 01 class 0x060400
[    1.913799] pci 0000:00:08.2: enabling Extended Tags
[    1.913827] pci 0000:00:08.2: PME# supported from D0 D3hot D3cold
[    1.913972] pci 0000:00:14.0: [1022:790b] type 00 class 0x0c0500
[    1.914142] pci 0000:00:14.3: [1022:790e] type 00 class 0x060100
[    1.914301] pci 0000:00:18.0: [1022:1448] type 00 class 0x060000
[    1.914379] pci 0000:00:18.1: [1022:1449] type 00 class 0x060000
[    1.914452] pci 0000:00:18.2: [1022:144a] type 00 class 0x060000
[    1.914527] pci 0000:00:18.3: [1022:144b] type 00 class 0x060000
[    1.914600] pci 0000:00:18.4: [1022:144c] type 00 class 0x060000
[    1.914679] pci 0000:00:18.5: [1022:144d] type 00 class 0x060000
[    1.914753] pci 0000:00:18.6: [1022:144e] type 00 class 0x060000
[    1.914826] pci 0000:00:18.7: [1022:144f] type 00 class 0x060000
[    1.914998] pci 0000:01:00.0: [1002:1636] type 00 class 0x030000
[    1.915018] pci 0000:01:00.0: reg 0x10: [mem 0xfce0000000-0xfcefffffff 64bit pref]
[    1.915025] pci 0000:01:00.0: reg 0x18: [mem 0xfcf0000000-0xfcf01fffff 64bit pref]
[    1.915030] pci 0000:01:00.0: reg 0x20: [io  0x1000-0x10ff]
[    1.915035] pci 0000:01:00.0: reg 0x24: [mem 0xd0400000-0xd047ffff]
[    1.915043] pci 0000:01:00.0: enabling Extended Tags
[    1.915055] pci 0000:01:00.0: BAR 0: assigned to efifb
[    1.915091] pci 0000:01:00.0: PME# supported from D1 D2 D3hot D3cold
[    1.915221] pci 0000:01:00.1: [1002:1637] type 00 class 0x040300
[    1.915228] pci 0000:01:00.1: reg 0x10: [mem 0xd04c8000-0xd04cbfff]
[    1.915248] pci 0000:01:00.1: enabling Extended Tags
[    1.915277] pci 0000:01:00.1: PME# supported from D1 D2 D3hot D3cold
[    1.915373] pci 0000:01:00.2: [1022:15df] type 00 class 0x108000
[    1.915385] pci 0000:01:00.2: reg 0x18: [mem 0xd0300000-0xd03fffff]
[    1.915393] pci 0000:01:00.2: reg 0x24: [mem 0xd04cc000-0xd04cdfff]
[    1.915400] pci 0000:01:00.2: enabling Extended Tags
[    1.915519] pci 0000:01:00.3: [1022:1639] type 00 class 0x0c0330
[    1.915529] pci 0000:01:00.3: reg 0x10: [mem 0xd0100000-0xd01fffff 64bit]
[    1.915551] pci 0000:01:00.3: enabling Extended Tags
[    1.915580] pci 0000:01:00.3: PME# supported from D0 D3hot D3cold
[    1.915679] pci 0000:01:00.4: [1022:1639] type 00 class 0x0c0330
[    1.915689] pci 0000:01:00.4: reg 0x10: [mem 0xd0200000-0xd02fffff 64bit]
[    1.915712] pci 0000:01:00.4: enabling Extended Tags
[    1.915741] pci 0000:01:00.4: PME# supported from D0 D3hot D3cold
[    1.915841] pci 0000:01:00.5: [1022:15e2] type 00 class 0x048000
[    1.915848] pci 0000:01:00.5: reg 0x10: [mem 0xd0480000-0xd04bffff]
[    1.915867] pci 0000:01:00.5: enabling Extended Tags
[    1.915894] pci 0000:01:00.5: PME# supported from D0 D3hot D3cold
[    1.915987] pci 0000:01:00.6: [1022:15e3] type 00 class 0x040300
[    1.915993] pci 0000:01:00.6: reg 0x10: [mem 0xd04c0000-0xd04c7fff]
[    1.916013] pci 0000:01:00.6: enabling Extended Tags
[    1.916040] pci 0000:01:00.6: PME# supported from D0 D3hot D3cold
[    1.916128] pci 0000:00:08.1: PCI bridge to [bus 01]
[    1.916131] pci 0000:00:08.1:   bridge window [io  0x1000-0x1fff]
[    1.916133] pci 0000:00:08.1:   bridge window [mem 0xd0100000-0xd04fffff]
[    1.916135] pci 0000:00:08.1:   bridge window [mem 0xfce0000000-0xfcf01fffff 64bit pref]
[    1.916187] pci 0000:02:00.0: [1022:7901] type 00 class 0x010601
[    1.916213] pci 0000:02:00.0: reg 0x24: [mem 0xd0001000-0xd00017ff]
[    1.916221] pci 0000:02:00.0: enabling Extended Tags
[    1.916342] pci 0000:02:00.1: [1022:7901] type 00 class 0x010601
[    1.916369] pci 0000:02:00.1: reg 0x24: [mem 0xd0000000-0xd00007ff]
[    1.916376] pci 0000:02:00.1: enabling Extended Tags
[    1.916479] pci 0000:00:08.2: PCI bridge to [bus 02]
[    1.916482] pci 0000:00:08.2:   bridge window [mem 0xd0000000-0xd00fffff]
[    1.918401] ACPI: PCI: Interrupt link LNKA configured for IRQ 0
[    1.918403] ACPI: PCI: Interrupt link LNKA disabled
[    1.918497] ACPI: PCI: Interrupt link LNKB configured for IRQ 0
[    1.918498] ACPI: PCI: Interrupt link LNKB disabled
[    1.918573] ACPI: PCI: Interrupt link LNKC configured for IRQ 0
[    1.918574] ACPI: PCI: Interrupt link LNKC disabled
[    1.918666] ACPI: PCI: Interrupt link LNKD configured for IRQ 0
[    1.918667] ACPI: PCI: Interrupt link LNKD disabled
[    1.918753] ACPI: PCI: Interrupt link LNKE configured for IRQ 0
[    1.918754] ACPI: PCI: Interrupt link LNKE disabled
[    1.918823] ACPI: PCI: Interrupt link LNKF configured for IRQ 0
[    1.918824] ACPI: PCI: Interrupt link LNKF disabled
[    1.918893] ACPI: PCI: Interrupt link LNKG configured for IRQ 0
[    1.918894] ACPI: PCI: Interrupt link LNKG disabled
[    1.918963] ACPI: PCI: Interrupt link LNKH configured for IRQ 0
[    1.918963] ACPI: PCI: Interrupt link LNKH disabled
[    1.921046] ACPI: EC: interrupt unblocked
[    1.921047] ACPI: EC: event unblocked
[    1.921054] ACPI: EC: EC_CMD/EC_SC=0x66, EC_DATA=0x62
[    1.921055] ACPI: EC: GPE=0x3
[    1.921056] ACPI: \_SB_.PCI0.LPC0.EC0_: Boot DSDT EC initialization complete
[    1.921058] ACPI: \_SB_.PCI0.LPC0.EC0_: EC: Used to handle transactions and events
[    1.921104] iommu: Default domain type: Translated 
[    1.921104] iommu: DMA domain TLB invalidation policy: lazy mode 
[    1.921121] pci 0000:01:00.0: vgaarb: VGA device added: decodes=io+mem,owns=none,locks=none
[    1.921121] pci 0000:01:00.0: vgaarb: bridge control possible
[    1.921121] pci 0000:01:00.0: vgaarb: setting as boot device
[    1.921121] vgaarb: loaded
[    1.921121] SCSI subsystem initialized
[    1.921121] libata version 3.00 loaded.
[    1.921121] ACPI: bus type USB registered
[    1.921121] usbcore: registered new interface driver usbfs
[    1.921121] usbcore: registered new interface driver hub
[    1.921121] usbcore: registered new device driver usb
[    1.927647] pps_core: LinuxPPS API ver. 1 registered
[    1.927648] pps_core: Software ver. 5.3.6 - Copyright 2005-2007 Rodolfo Giometti <giometti@linux.it>
[    1.927652] PTP clock support registered
[    1.927660] EDAC MC: Ver: 3.0.0
[    1.928367] Registered efivars operations
[    1.928500] NetLabel: Initializing
[    1.928501] NetLabel:  domain hash size = 128
[    1.928502] NetLabel:  protocols = UNLABELED CIPSOv4 CALIPSO
[    1.928515] NetLabel:  unlabeled traffic allowed by default
[    1.928518] PCI: Using ACPI for IRQ routing
[    1.930580] PCI: pci_cache_line_size set to 64 bytes
[    1.930613] e820: reserve RAM buffer [mem 0x0009f000-0x0009ffff]
[    1.930614] e820: reserve RAM buffer [mem 0x09b00000-0x0bffffff]
[    1.930616] e820: reserve RAM buffer [mem 0x09f00000-0x0bffffff]
[    1.930616] e820: reserve RAM buffer [mem 0xb325f000-0xb3ffffff]
[    1.930617] e820: reserve RAM buffer [mem 0xbab69000-0xbbffffff]
[    1.930618] e820: reserve RAM buffer [mem 0xc9f7f000-0xcbffffff]
[    1.930619] e820: reserve RAM buffer [mem 0xce000000-0xcfffffff]
[    1.930620] e820: reserve RAM buffer [mem 0x40f340000-0x40fffffff]
[    1.930625] hpet0: at MMIO 0xfed00000, IRQs 2, 8, 0
[    1.930625] hpet0: 3 comparators, 32-bit 14.318180 MHz counter
[    1.933250] clocksource: Switched to clocksource tsc-early
[    1.941958] VFS: Disk quotas dquot_6.6.0
[    1.941975] VFS: Dquot-cache hash table entries: 512 (order 0, 4096 bytes)
[    1.942120] AppArmor: AppArmor Filesystem Enabled
[    1.942171] pnp: PnP ACPI init
[    1.942448] system 00:00: [mem 0xfec00000-0xfec01fff] could not be reserved
[    1.942453] system 00:00: [mem 0xfee00000-0xfee00fff] has been reserved
[    1.942455] system 00:00: [mem 0xfde00000-0xfdefffff] has been reserved
[    1.942700] system 00:03: [io  0x0400-0x04cf] has been reserved
[    1.942702] system 00:03: [io  0x04d0-0x04d1] has been reserved
[    1.942704] system 00:03: [io  0x04d6] has been reserved
[    1.942705] system 00:03: [io  0x0c00-0x0c01] has been reserved
[    1.942706] system 00:03: [io  0x0c14] has been reserved
[    1.942707] system 00:03: [io  0x0c50-0x0c52] has been reserved
[    1.942708] system 00:03: [io  0x0c6c] has been reserved
[    1.942709] system 00:03: [io  0x0c6f] has been reserved
[    1.942710] system 00:03: [io  0x0cd0-0x0cdb] has been reserved
[    1.942785] system 00:04: [mem 0x000e0000-0x000fffff] could not be reserved
[    1.942787] system 00:04: [mem 0xff000000-0xffffffff] could not be reserved
[    1.943999] pnp: PnP ACPI: found 5 devices
[    1.951847] clocksource: acpi_pm: mask: 0xffffff max_cycles: 0xffffff, max_idle_ns: 2085701024 ns
[    1.952006] NET: Registered PF_INET protocol family
[    1.952729] IP idents hash table entries: 262144 (order: 9, 2097152 bytes, linear)
[    1.954354] tcp_listen_portaddr_hash hash table entries: 8192 (order: 5, 131072 bytes, linear)
[    1.954506] TCP established hash table entries: 131072 (order: 8, 1048576 bytes, linear)
[    1.954750] TCP bind hash table entries: 65536 (order: 8, 1048576 bytes, linear)
[    1.954817] TCP: Hash tables configured (established 131072 bind 65536)
[    1.954971] MPTCP token hash table entries: 16384 (order: 6, 393216 bytes, linear)
[    1.955036] UDP hash table entries: 8192 (order: 6, 262144 bytes, linear)
[    1.955090] UDP-Lite hash table entries: 8192 (order: 6, 262144 bytes, linear)
[    1.955177] NET: Registered PF_UNIX/PF_LOCAL protocol family
[    1.955184] NET: Registered PF_XDP protocol family
[    1.955197] pci 0000:00:08.1: PCI bridge to [bus 01]
[    1.955200] pci 0000:00:08.1:   bridge window [io  0x1000-0x1fff]
[    1.955204] pci 0000:00:08.1:   bridge window [mem 0xd0100000-0xd04fffff]
[    1.955206] pci 0000:00:08.1:   bridge window [mem 0xfce0000000-0xfcf01fffff 64bit pref]
[    1.955210] pci 0000:00:08.2: PCI bridge to [bus 02]
[    1.955212] pci 0000:00:08.2:   bridge window [mem 0xd0000000-0xd00fffff]
[    1.955218] pci_bus 0000:00: resource 4 [io  0x0000-0x0cf7 window]
[    1.955219] pci_bus 0000:00: resource 5 [io  0x0d00-0xffff window]
[    1.955220] pci_bus 0000:00: resource 6 [mem 0x000a0000-0x000bffff window]
[    1.955221] pci_bus 0000:00: resource 7 [mem 0x000c0000-0x000c3fff window]
[    1.955222] pci_bus 0000:00: resource 8 [mem 0x000c4000-0x000c7fff window]
[    1.955223] pci_bus 0000:00: resource 9 [mem 0x000c8000-0x000cbfff window]
[    1.955224] pci_bus 0000:00: resource 10 [mem 0x000cc000-0x000cffff window]
[    1.955225] pci_bus 0000:00: resource 11 [mem 0x000d0000-0x000d3fff window]
[    1.955226] pci_bus 0000:00: resource 12 [mem 0x000d4000-0x000d7fff window]
[    1.955227] pci_bus 0000:00: resource 13 [mem 0x000d8000-0x000dbfff window]
[    1.955228] pci_bus 0000:00: resource 14 [mem 0x000dc000-0x000dffff window]
[    1.955229] pci_bus 0000:00: resource 15 [mem 0x000e0000-0x000e3fff window]
[    1.955230] pci_bus 0000:00: resource 16 [mem 0x000e4000-0x000e7fff window]
[    1.955231] pci_bus 0000:00: resource 17 [mem 0x000e8000-0x000ebfff window]
[    1.955232] pci_bus 0000:00: resource 18 [mem 0x000ec000-0x000effff window]
[    1.955233] pci_bus 0000:00: resource 19 [mem 0xd0000000-0xf7ffffff window]
[    1.955234] pci_bus 0000:00: resource 20 [mem 0xfc000000-0xfed3ffff window]
[    1.955235] pci_bus 0000:00: resource 21 [mem 0x450200000-0xfcffffffff window]
[    1.955236] pci_bus 0000:01: resource 0 [io  0x1000-0x1fff]
[    1.955237] pci_bus 0000:01: resource 1 [mem 0xd0100000-0xd04fffff]
[    1.955238] pci_bus 0000:01: resource 2 [mem 0xfce0000000-0xfcf01fffff 64bit pref]
[    1.955239] pci_bus 0000:02: resource 1 [mem 0xd0000000-0xd00fffff]
[    1.955385] pci 0000:01:00.1: D0 power state depends on 0000:01:00.0
[    1.955418] pci 0000:01:00.3: extending delay after power-on from D3hot to 20 msec
[    1.957061] pci 0000:01:00.4: extending delay after power-on from D3hot to 20 msec
[    2.073610] pci 0000:01:00.4: quirk_usb_early_handoff+0x0/0x750 took 113815 usecs
[    2.073621] PCI: CLS 64 bytes, default 64
[    2.073636] pci 0000:00:00.2: AMD-Vi: IOMMU performance counters supported
[    2.073688] Trying to unpack rootfs image as initramfs...
[    2.073707] pci 0000:00:00.2: can't derive routing for PCI INT A
[    2.073708] pci 0000:00:00.2: PCI INT A: not connected
[    2.073727] pci 0000:00:01.0: Adding to iommu group 0
[    2.073743] pci 0000:00:02.0: Adding to iommu group 1
[    2.073759] pci 0000:00:08.0: Adding to iommu group 2
[    2.073766] pci 0000:00:08.1: Adding to iommu group 2
[    2.073774] pci 0000:00:08.2: Adding to iommu group 2
[    2.073787] pci 0000:00:14.0: Adding to iommu group 3
[    2.073797] pci 0000:00:14.3: Adding to iommu group 3
[    2.073822] pci 0000:00:18.0: Adding to iommu group 4
[    2.073829] pci 0000:00:18.1: Adding to iommu group 4
[    2.073837] pci 0000:00:18.2: Adding to iommu group 4
[    2.073844] pci 0000:00:18.3: Adding to iommu group 4
[    2.073851] pci 0000:00:18.4: Adding to iommu group 4
[    2.073858] pci 0000:00:18.5: Adding to iommu group 4
[    2.073869] pci 0000:00:18.6: Adding to iommu group 4
[    2.073876] pci 0000:00:18.7: Adding to iommu group 4
[    2.073890] pci 0000:01:00.0: Adding to iommu group 2
[    2.073894] pci 0000:01:00.1: Adding to iommu group 2
[    2.073899] pci 0000:01:00.2: Adding to iommu group 2
[    2.073904] pci 0000:01:00.3: Adding to iommu group 2
[    2.073909] pci 0000:01:00.4: Adding to iommu group 2
[    2.073916] pci 0000:01:00.5: Adding to iommu group 2
[    2.073921] pci 0000:01:00.6: Adding to iommu group 2
[    2.073926] pci 0000:02:00.0: Adding to iommu group 2
[    2.073931] pci 0000:02:00.1: Adding to iommu group 2
[    2.075466] pci 0000:00:00.2: AMD-Vi: Found IOMMU cap 0x40
[    2.075471] AMD-Vi: Extended features (0x206d73ef22254ade): PPR X2APIC NX GT IA GA PC GA_vAPIC
[    2.075475] AMD-Vi: Interrupt remapping enabled
[    2.075476] AMD-Vi: Virtual APIC enabled
[    2.075476] AMD-Vi: X2APIC enabled
[    2.075732] software IO TLB: tearing down default memory pool
[    2.083758] LVT offset 0 assigned for vector 0x400
[    2.083933] perf: AMD IBS detected (0x000003ff)
[    2.083939] perf/amd_iommu: Detected AMD IOMMU #0 (2 banks, 4 counters/bank).
[    2.085708] Initialise system trusted keyrings
[    2.085723] Key type blacklist registered
[    2.085835] workingset: timestamp_bits=41 max_order=22 bucket_order=0
[    2.087904] zbud: loaded
[    2.090938] Key type asymmetric registered
[    2.090940] Asymmetric key parser 'x509' registered
[    2.090971] Block layer SCSI generic (bsg) driver version 0.4 loaded (major 242)
[    2.091075] io scheduler mq-deadline registered
[    2.091076] io scheduler kyber registered
[    2.091108] io scheduler bfq registered
[    2.091597] pcieport 0000:00:08.1: PME: Signaling with IRQ 26
[    2.091817] pcieport 0000:00:08.2: PME: Signaling with IRQ 27
[    2.091896] shpchp: Standard Hot Plug PCI Controller Driver version: 0.4
[    2.093057] ACPI: AC: AC Adapter [ACAD] (on-line)
[    2.093098] input: Power Button as /devices/LNXSYSTM:00/LNXSYBUS:00/PNP0C0C:00/input/input0
[    2.093115] ACPI: button: Power Button [PWRB]
[    2.093143] input: Lid Switch as /devices/LNXSYSTM:00/LNXSYBUS:00/PNP0A08:00/device:2a/PNP0C09:00/PNP0C0D:00/input/input1
[    2.093158] ACPI: button: Lid Switch [LID0]
[    2.093194] Monitor-Mwait will be used to enter C-1 state
[    2.093197] ACPI: \_SB_.PLTF.C000: Found 3 idle states
[    2.093207] ACPI: FW issue: working around C-state latencies out of order
[    2.093292] ACPI: \_SB_.PLTF.C001: Found 3 idle states
[    2.093296] ACPI: FW issue: working around C-state latencies out of order
[    2.093473] ACPI: \_SB_.PLTF.C002: Found 3 idle states
[    2.093482] ACPI: FW issue: working around C-state latencies out of order
[    2.093577] ACPI: \_SB_.PLTF.C003: Found 3 idle states
[    2.093582] ACPI: FW issue: working around C-state latencies out of order
[    2.093771] ACPI: \_SB_.PLTF.C004: Found 3 idle states
[    2.093780] ACPI: FW issue: working around C-state latencies out of order
[    2.093945] ACPI: \_SB_.PLTF.C005: Found 3 idle states
[    2.093954] ACPI: FW issue: working around C-state latencies out of order
[    2.095994] thermal LNXTHERM:00: registered as thermal_zone0
[    2.095998] ACPI: thermal: Thermal Zone [TZ0] (0 C)
[    2.096263] Serial: 8250/16550 driver, 32 ports, IRQ sharing enabled
[    2.096687] ACPI: battery: Slot [BATT] (battery absent)
[    2.098073] Non-volatile memory driver v1.3
[    2.098075] Linux agpgart interface v0.103
[    2.098150] AMD-Vi: AMD IOMMUv2 loaded and initialized
[    2.099652] ahci 0000:02:00.0: version 3.0
[    2.099851] ahci 0000:02:00.0: AHCI 0001.0301 32 slots 1 ports 6 Gbps 0x1 impl SATA mode
[    2.099853] ahci 0000:02:00.0: flags: 64bit ncq sntf ilck pm led clo only pmp fbs pio slum part 
[    2.100151] scsi host0: ahci
[    2.100227] ata1: SATA max UDMA/133 abar m2048@0xd0001000 port 0xd0001100 irq 29
[    2.100413] ahci 0000:02:00.1: AHCI 0001.0301 32 slots 1 ports 6 Gbps 0x1 impl SATA mode
[    2.100416] ahci 0000:02:00.1: flags: 64bit ncq sntf ilck pm led clo only pmp fbs pio slum part deso sadm sds 
[    2.100723] scsi host1: ahci
[    2.100778] ata2: SATA max UDMA/133 abar m2048@0xd0000000 port 0xd0000100 irq 31
[    2.100815] ehci_hcd: USB 2.0 'Enhanced' Host Controller (EHCI) Driver
[    2.100835] ehci-pci: EHCI PCI platform driver
[    2.100852] ohci_hcd: USB 1.1 'Open' Host Controller (OHCI) Driver
[    2.100854] ohci-pci: OHCI PCI platform driver
[    2.100859] uhci_hcd: USB Universal Host Controller Interface driver
[    2.100919] usbcore: registered new interface driver usbserial_generic
[    2.100923] usbserial: USB Serial support registered for generic
[    2.101028] rtc_cmos 00:01: RTC can wake from S4
[    2.101290] rtc_cmos 00:01: registered as rtc0
[    2.101321] rtc_cmos 00:01: setting system clock to 2021-12-15T23:21:58 UTC (1639610518)
[    2.101335] rtc_cmos 00:01: alarms up to one month, 114 bytes nvram, hpet irqs
[    2.101531] ledtrig-cpu: registered to indicate activity on CPUs
[    2.101796] efifb: probing for efifb
[    2.101808] efifb: framebuffer at 0xfce0000000, using 8128k, total 8128k
[    2.101809] efifb: mode is 1920x1080x32, linelength=7680, pages=1
[    2.101810] efifb: scrolling: redraw
[    2.101810] efifb: Truecolor: size=8:8:8:8, shift=24:16:8:0
[    2.101843] fbcon: Deferring console take-over
[    2.101844] fb0: EFI VGA frame buffer device
[    2.101873] hid: raw HID events driver (C) Jiri Kosina
[    2.101974] drop_monitor: Initializing network drop monitor service
[    2.102022] Initializing XFRM netlink socket
[    2.102124] NET: Registered PF_INET6 protocol family
[    2.419737] ata1: SATA link down (SStatus 0 SControl 300)
[    2.471023] Freeing initrd memory: 10672K
[    2.477977] Segment Routing with IPv6
[    2.477980] RPL Segment Routing with IPv6
[    2.477996] In-situ OAM (IOAM) with IPv6
[    2.478021] NET: Registered PF_PACKET protocol family
[    2.479301] microcode: CPU0: patch_level=0x08600106
[    2.479329] microcode: CPU1: patch_level=0x08600106
[    2.479348] microcode: CPU2: patch_level=0x08600106
[    2.479370] microcode: CPU3: patch_level=0x08600106
[    2.479393] microcode: CPU4: patch_level=0x08600106
[    2.479422] microcode: CPU5: patch_level=0x08600106
[    2.479431] microcode: Microcode Update Driver: v2.2.
[    2.479771] resctrl: L3 allocation detected
[    2.479774] resctrl: MB allocation detected
[    2.479775] resctrl: L3 monitoring detected
[    2.479780] IPI shorthand broadcast: enabled
[    2.479795] sched_clock: Marking stable (2479220232, 507403)->(3585539779, -1105812144)
[    2.480161] registered taskstats version 1
[    2.480514] Loading compiled-in X.509 certificates
[    2.482806] Loaded X.509 cert 'Build time autogenerated kernel key: e31b3a49ceda79da08fdf623435169c29bf0df2e'
[    2.484025] zswap: loaded using pool lz4/z3fold
[    2.484856] Key type ._fscrypt registered
[    2.484859] Key type .fscrypt registered
[    2.484860] Key type fscrypt-provisioning registered
[    2.484922] AppArmor: AppArmor sha1 policy hashing enabled
[    2.485328] PM:   Magic number: 1:429:403
[    2.485649] RAS: Correctable Errors collector initialized.
[    2.869753] ata2: SATA link up 6.0 Gbps (SStatus 133 SControl 300)
[    2.872493] ata2.00: ATA-11: SAMSUNG MZNLH512HALU-00000, RVT2200Q, max UDMA/133
[    2.873405] ata2.00: 1000215216 sectors, multi 16: LBA48 NCQ (depth 32), AA
[    2.875430] ata2.00: Features: Dev-Sleep NCQ-sndrcv
[    2.878841] ata2.00: configured for UDMA/133
[    2.878997] ata2.00: failed to enable DEVSLP
[    2.879008] ata2.00: failed to enable DIPM, Emask 0x40
[    3.137105] clocksource: timekeeping watchdog on CPU1: Marking clocksource 'tsc-early' as unstable because the skew is too large:
[    3.137112] clocksource:                       'hpet' wd_nsec: 506729626 wd_now: 1ed31bf wd_last: 17e7c29 mask: ffffffff
[    3.137117] clocksource:                       'tsc-early' cs_nsec: 797313556 cs_now: 842f8b575 cs_last: 7d24faa82 mask: ffffffffffffffff
[    3.137120] clocksource:                       'tsc-early' is current clocksource.
[    3.137130] tsc: Marking TSC unstable due to clocksource watchdog
[    3.137149] TSC found unstable after boot, most likely due to broken BIOS. Use 'tsc=unstable'.
[    3.137150] sched_clock: Marking unstable (3136640756, 507403)<-(4242960277, -1105812144)
[    3.137607] clocksource: Switched to clocksource hpet
[    7.975259] ata2: SATA link up 6.0 Gbps (SStatus 133 SControl 300)
[    7.985339] ata2.00: configured for UDMA/133
[    7.986039] scsi 1:0:0:0: Direct-Access     ATA      SAMSUNG MZNLH512 200Q PQ: 0 ANSI: 5
[    7.986368] sd 1:0:0:0: [sda] 1000215216 512-byte logical blocks: (512 GB/477 GiB)
[    7.986377] sd 1:0:0:0: [sda] Write Protect is off
[    7.986379] sd 1:0:0:0: [sda] Mode Sense: 00 3a 00 00
[    7.986391] sd 1:0:0:0: [sda] Write cache: enabled, read cache: enabled, doesn't support DPO or FUA
[    8.029540]  sda: sda1 sda2 sda3
[    8.052083] sd 1:0:0:0: [sda] Attached SCSI disk
[    8.052245] Unstable clock detected, switching default tracing clock to "global"
               If you want to keep using the local clock, then add:
                 "trace_clock=local"
               on the kernel command line
[    8.054206] Freeing unused decrypted memory: 2036K
[    8.054698] Freeing unused kernel image (initmem) memory: 1860K
[    8.075370] Write protecting the kernel read-only data: 28672k
[    8.076336] Freeing unused kernel image (text/rodata gap) memory: 2036K
[    8.076832] Freeing unused kernel image (rodata/data gap) memory: 1496K
[    8.102325] x86/mm: Checked W+X mappings: passed, no W+X pages found.
[    8.102332] rodata_test: all tests were successful
[    8.102334] x86/mm: Checking user space page tables
[    8.126739] x86/mm: Checked W+X mappings: passed, no W+X pages found.
[    8.126765] Run /init as init process
[    8.126767]   with arguments:
[    8.126768]     /init
[    8.126769]   with environment:
[    8.126770]     HOME=/
[    8.126770]     TERM=linux
[    8.126771]     BOOT_IMAGE=/boot/vmlinuz-linux
[    8.126771]     pti=on
[    8.126772]     mem_encrypt=on
[    8.151745] fbcon: Taking over console
[    8.151822] Console: switching to colour frame buffer device 240x67
[    8.249629] xhci_hcd 0000:01:00.3: xHCI Host Controller
[    8.249638] xhci_hcd 0000:01:00.3: new USB bus registered, assigned bus number 1
[    8.249745] xhci_hcd 0000:01:00.3: hcc params 0x0268ffe5 hci version 0x110 quirks 0x0000020000000410
[    8.250113] usb usb1: New USB device found, idVendor=1d6b, idProduct=0002, bcdDevice= 5.15
[    8.250115] usb usb1: New USB device strings: Mfr=3, Product=2, SerialNumber=1
[    8.250117] usb usb1: Product: xHCI Host Controller
[    8.250118] usb usb1: Manufacturer: Linux 5.15.8-arch1-1 xhci-hcd
[    8.250119] usb usb1: SerialNumber: 0000:01:00.3
[    8.250260] hub 1-0:1.0: USB hub found
[    8.250269] hub 1-0:1.0: 4 ports detected
[    8.250739] xhci_hcd 0000:01:00.3: xHCI Host Controller
[    8.250747] xhci_hcd 0000:01:00.3: new USB bus registered, assigned bus number 2
[    8.250750] xhci_hcd 0000:01:00.3: Host supports USB 3.1 Enhanced SuperSpeed
[    8.250772] i8042: PNP: PS/2 Controller [PNP0303:KBC0] at 0x60,0x64 irq 1
[    8.250776] i8042: PNP: PS/2 appears to have AUX port disabled, if this is incorrect please boot with i8042.nopnp
[    8.250807] usb usb2: We don't know the algorithms for LPM for this host, disabling LPM.
[    8.250835] usb usb2: New USB device found, idVendor=1d6b, idProduct=0003, bcdDevice= 5.15
[    8.250838] usb usb2: New USB device strings: Mfr=3, Product=2, SerialNumber=1
[    8.250839] usb usb2: Product: xHCI Host Controller
[    8.250840] usb usb2: Manufacturer: Linux 5.15.8-arch1-1 xhci-hcd
[    8.250841] usb usb2: SerialNumber: 0000:01:00.3
[    8.250963] hub 2-0:1.0: USB hub found
[    8.250971] hub 2-0:1.0: 2 ports detected
[    8.251280] xhci_hcd 0000:01:00.4: xHCI Host Controller
[    8.251284] xhci_hcd 0000:01:00.4: new USB bus registered, assigned bus number 3
[    8.251386] xhci_hcd 0000:01:00.4: hcc params 0x0268ffe5 hci version 0x110 quirks 0x0000020000000410
[    8.251716] usb usb3: New USB device found, idVendor=1d6b, idProduct=0002, bcdDevice= 5.15
[    8.251718] usb usb3: New USB device strings: Mfr=3, Product=2, SerialNumber=1
[    8.251719] usb usb3: Product: xHCI Host Controller
[    8.251719] usb usb3: Manufacturer: Linux 5.15.8-arch1-1 xhci-hcd
[    8.251720] usb usb3: SerialNumber: 0000:01:00.4
[    8.251801] hub 3-0:1.0: USB hub found
[    8.251809] hub 3-0:1.0: 4 ports detected
[    8.252057] xhci_hcd 0000:01:00.4: xHCI Host Controller
[    8.252060] xhci_hcd 0000:01:00.4: new USB bus registered, assigned bus number 4
[    8.252062] xhci_hcd 0000:01:00.4: Host supports USB 3.1 Enhanced SuperSpeed
[    8.252085] usb usb4: We don't know the algorithms for LPM for this host, disabling LPM.
[    8.252111] usb usb4: New USB device found, idVendor=1d6b, idProduct=0003, bcdDevice= 5.15
[    8.252112] usb usb4: New USB device strings: Mfr=3, Product=2, SerialNumber=1
[    8.252113] usb usb4: Product: xHCI Host Controller
[    8.252114] usb usb4: Manufacturer: Linux 5.15.8-arch1-1 xhci-hcd
[    8.252115] usb usb4: SerialNumber: 0000:01:00.4
[    8.252189] hub 4-0:1.0: USB hub found
[    8.252195] hub 4-0:1.0: 2 ports detected
[    8.252611] serio: i8042 KBD port at 0x60,0x64 irq 1
[    8.277327] input: AT Translated Set 2 keyboard as /devices/platform/i8042/serio0/input/input2
[    8.292553] PM: Image not found (code -22)
[    8.309496] random: fast init done
[    8.407088] EXT4-fs (sda2): mounted filesystem with ordered data mode. Opts: (null). Quota mode: none.
[    8.505021] usb 3-1: new high-speed USB device number 2 using xhci_hcd
[    8.539937] systemd[1]: systemd 249.7-2-arch running in system mode (+PAM +AUDIT -SELINUX -APPARMOR -IMA +SMACK +SECCOMP +GCRYPT +GNUTLS +OPENSSL +ACL +BLKID +CURL +ELFUTILS +FIDO2 +IDN2 -IDN +IPTC +KMOD +LIBCRYPTSETUP +LIBFDISK +PCRE2 -PWQUALITY +P11KIT -QRENCODE +BZIP2 +LZ4 +XZ +ZLIB +ZSTD +XKBCOMMON +UTMP -SYSVINIT default-hierarchy=unified)
[    8.555526] systemd[1]: Detected architecture x86-64.
[    8.556399] systemd[1]: Hostname set to <mksredmibook14ii>.
[    8.614330] random: lvmconfig: uninitialized urandom read (4 bytes read)
[    8.647138] usb 3-1: New USB device found, idVendor=1a40, idProduct=0801, bcdDevice= 1.00
[    8.647143] usb 3-1: New USB device strings: Mfr=0, Product=1, SerialNumber=0
[    8.647145] usb 3-1: Product: USB 2.0 Hub
[    8.679691] systemd[1]: Queued start job for default target Graphical Interface.
[    8.681318] systemd[1]: Created slice Slice /system/getty.
[    8.681615] systemd[1]: Created slice Slice /system/modprobe.
[    8.681978] systemd[1]: Created slice Slice /system/systemd-fsck.
[    8.682150] systemd[1]: Created slice User and Session Slice.
[    8.682226] systemd[1]: Started Dispatch Password Requests to Console Directory Watch.
[    8.682291] systemd[1]: Started Forward Password Requests to Wall Directory Watch.
[    8.682458] systemd[1]: Set up automount Arbitrary Executable File Formats File System Automount Point.
[    8.682520] systemd[1]: Reached target Local Encrypted Volumes.
[    8.682544] systemd[1]: Reached target Login Prompts.
[    8.682579] systemd[1]: Reached target Path Units.
[    8.682603] systemd[1]: Reached target Remote File Systems.
[    8.682626] systemd[1]: Reached target Slice Units.
[    8.682661] systemd[1]: Reached target Local Verity Protected Volumes.
[    8.682732] systemd[1]: Listening on Device-mapper event daemon FIFOs.
[    8.683037] systemd[1]: Listening on LVM2 poll daemon socket.
[    8.683896] systemd[1]: Listening on Process Core Dump Socket.
[    8.686491] systemd[1]: Condition check resulted in Journal Audit Socket being skipped.
[    8.687584] systemd[1]: Listening on Journal Socket (/dev/log).
[    8.687701] systemd[1]: Listening on Journal Socket.
[    8.688619] systemd[1]: Listening on udev Control Socket.
[    8.688716] systemd[1]: Listening on udev Kernel Socket.
[    8.689519] systemd[1]: Mounting Huge Pages File System...
[    8.690150] systemd[1]: Mounting POSIX Message Queue File System...
[    8.690793] systemd[1]: Mounting Kernel Debug File System...
[    8.691499] systemd[1]: Mounting Kernel Trace File System...
[    8.692610] systemd[1]: Starting Create List of Static Device Nodes...
[    8.693491] systemd[1]: Starting Monitoring of LVM2 mirrors, snapshots etc. using dmeventd or progress polling...
[    8.694322] systemd[1]: Starting Load Kernel Module configfs...
[    8.695270] systemd[1]: Starting Load Kernel Module drm...
[    8.696135] systemd[1]: Starting Load Kernel Module fuse...
[    8.696196] random: lvm: uninitialized urandom read (4 bytes read)
[    8.697402] systemd[1]: Condition check resulted in Set Up Additional Binary Formats being skipped.
[    8.697454] systemd[1]: Condition check resulted in File System Check on Root Device being skipped.
[    8.699079] systemd[1]: Starting Journal Service...
[    8.700274] hub 3-1:1.0: USB hub found
[    8.700579] hub 3-1:1.0: 4 ports detected
[    8.702022] systemd[1]: Starting Load Kernel Modules...
[    8.702921] systemd[1]: Starting Remount Root and Kernel File Systems...
[    8.703019] systemd[1]: Condition check resulted in Repartition Root Disk being skipped.
[    8.703807] systemd[1]: Starting Coldplug All udev Devices...
[    8.705238] systemd[1]: Mounted Huge Pages File System.
[    8.705277] fuse: init (API version 7.34)
[    8.705390] systemd[1]: Mounted POSIX Message Queue File System.
[    8.705491] systemd[1]: Mounted Kernel Debug File System.
[    8.705593] systemd[1]: Mounted Kernel Trace File System.
[    8.705978] systemd[1]: Finished Create List of Static Device Nodes.
[    8.707639] EXT4-fs (sda2): re-mounted. Opts: (null). Quota mode: none.
[    8.707667] systemd[1]: modprobe@configfs.service: Deactivated successfully.
[    8.707897] systemd[1]: Finished Load Kernel Module configfs.
[    8.708826] systemd[1]: modprobe@drm.service: Deactivated successfully.
[    8.709077] systemd[1]: Finished Load Kernel Module drm.
[    8.709406] systemd[1]: modprobe@fuse.service: Deactivated successfully.
[    8.709879] systemd[1]: Finished Load Kernel Module fuse.
[    8.710427] systemd[1]: Finished Remount Root and Kernel File Systems.
[    8.710900] systemd[1]: Finished Load Kernel Modules.
[    8.712058] systemd[1]: Mounting FUSE Control File System...
[    8.712926] systemd[1]: Mounting Kernel Configuration File System...
[    8.713013] systemd[1]: Condition check resulted in First Boot Wizard being skipped.
[    8.714615] systemd[1]: Condition check resulted in Rebuild Hardware Database being skipped.
[    8.715612] systemd[1]: Starting Load/Save Random Seed...
[    8.716738] systemd[1]: Starting Apply Kernel Variables...
[    8.716821] systemd[1]: Condition check resulted in Create System Users being skipped.
[    8.717614] systemd[1]: Starting Create Static Device Nodes in /dev...
[    8.718478] systemd[1]: Mounted FUSE Control File System.
[    8.718625] systemd[1]: Mounted Kernel Configuration File System.
[    8.725917] systemd[1]: Finished Apply Kernel Variables.
[    8.737283] systemd[1]: Finished Monitoring of LVM2 mirrors, snapshots etc. using dmeventd or progress polling.
[    8.751284] systemd[1]: Finished Create Static Device Nodes in /dev.
[    8.751454] systemd[1]: Reached target Preparation for Local File Systems.
[    8.751499] systemd[1]: Condition check resulted in Virtual Machine and Container Storage (Compatibility) being skipped.
[    8.753142] systemd[1]: Starting Rule-based Manager for Device Events and Files...
[    8.756707] systemd[1]: Started Journal Service.
[    8.761119] systemd-journald[241]: Received client request to flush runtime journal.
[    8.768816] usb 4-1: new SuperSpeed USB device number 2 using xhci_hcd
[    8.792904] usb 4-1: New USB device found, idVendor=05e3, idProduct=0626, bcdDevice= 6.63
[    8.792909] usb 4-1: New USB device strings: Mfr=1, Product=2, SerialNumber=0
[    8.792911] usb 4-1: Product: USB3.1 Hub
[    8.792912] usb 4-1: Manufacturer: GenesysLogic
[    8.813017] hub 4-1:1.0: USB hub found
[    8.813824] hub 4-1:1.0: 4 ports detected
[    8.847700] acpi_cpufreq: overriding BIOS provided _PSD data
[    8.894096] ACPI: video: Video Device [VGA] (multi-head: yes  rom: no  post: no)
[    8.901034] acpi PNP0C14:01: duplicate WMI GUID 05901221-D566-11D1-B2F0-00A0C9062910 (first instance was on PNP0C14:00)
[    8.901640] acpi device:0e: registered as cooling_device6
[    8.901712] input: Video Bus as /devices/LNXSYSTM:00/LNXSYBUS:00/PNP0A08:00/device:0d/LNXVIDEO:00/input/input3
[    8.934662] ccp 0000:01:00.2: enabling device (0000 -> 0002)
[    8.936881] ccp 0000:01:00.2: ccp: unable to access the device: you might be running a broken BIOS.
[    8.941459] snd_rn_pci_acp3x 0000:01:00.5: enabling device (0000 -> 0002)
[    8.947051] ccp 0000:01:00.2: tee enabled
[    8.947056] ccp 0000:01:00.2: psp enabled
[    8.985859] piix4_smbus 0000:00:14.0: SMBus Host Controller at 0xb00, revision 0
[    8.985865] piix4_smbus 0000:00:14.0: Using register 0x02 for SMBus port selection
[    8.986004] piix4_smbus 0000:00:14.0: Auxiliary SMBus Host Controller at 0xb20
[    8.989891] sp5100_tco: SP5100/SB800 TCO WatchDog Timer Driver
[    8.990007] sp5100-tco sp5100-tco: Using 0xfeb00000 for watchdog MMIO address
[    8.990101] sp5100-tco sp5100-tco: initialized. heartbeat=60 sec (nowayout=0)
[    9.001713] usb 3-1.1: new full-speed USB device number 3 using xhci_hcd
[    9.002234] Adding 17309968k swap on /dev/sda3.  Priority:-2 extents:1 across:17309968k SSFS
[    9.026246] input: GXT7863:00 27C6:01E0 Mouse as /devices/platform/AMDI0010:03/i2c-0/i2c-GXT7863:00/0018:27C6:01E0.0001/input/input4
[    9.026344] input: GXT7863:00 27C6:01E0 Touchpad as /devices/platform/AMDI0010:03/i2c-0/i2c-GXT7863:00/0018:27C6:01E0.0001/input/input5
[    9.026434] hid-generic 0018:27C6:01E0.0001: input,hidraw0: I2C HID v1.00 Mouse [GXT7863:00 27C6:01E0] on i2c-GXT7863:00
[    9.151107] usb 3-1.1: not running at top speed; connect to a high speed hub
[    9.198483] [drm] amdgpu kernel modesetting enabled.
[    9.203103] usb 3-1.1: New USB device found, idVendor=25a4, idProduct=9311, bcdDevice= 2.01
[    9.203106] usb 3-1.1: New USB device strings: Mfr=1, Product=2, SerialNumber=3
[    9.203108] usb 3-1.1: Product: USB C Video Adaptor      
[    9.203109] usb 3-1.1: Manufacturer: USB C  
[    9.203110] usb 3-1.1: SerialNumber: 000000000001
[    9.205867] snd_hda_intel 0000:01:00.1: enabling device (0000 -> 0002)
[    9.206312] snd_hda_intel 0000:01:00.1: Handle vga_switcheroo audio client
[    9.207293] snd_hda_intel 0000:01:00.6: enabling device (0000 -> 0002)
[    9.215411] usb 4-1.1: new SuperSpeed USB device number 3 using xhci_hcd
[    9.224239] random: dbus-daemon: uninitialized urandom read (12 bytes read)
[    9.226285] amdgpu: Virtual CRAT table created for CPU
[    9.226314] amdgpu: Topology: Add CPU node
[    9.226407] checking generic (fce0000000 7f0000) vs hw (fce0000000 10000000)
[    9.226409] fb0: switching to amdgpu from EFI VGA
[    9.226467] Console: switching to colour dummy device 80x25
[    9.226498] amdgpu 0000:01:00.0: vgaarb: deactivate vga console
[    9.226575] amdgpu 0000:01:00.0: enabling device (0006 -> 0007)
[    9.226632] [drm] initializing kernel modesetting (RENOIR 0x1002:0x1636 0x1D72:0x1951 0xC3).
[    9.226636] amdgpu 0000:01:00.0: amdgpu: Trusted Memory Zone (TMZ) feature enabled
[    9.227107] [drm] register mmio base: 0xD0400000
[    9.227109] [drm] register mmio size: 524288
[    9.227111] [drm] PCIE atomic ops is not supported
[    9.228055] [drm] add ip block number 0 <soc15_common>
[    9.228057] [drm] add ip block number 1 <gmc_v9_0>
[    9.228058] [drm] add ip block number 2 <vega10_ih>
[    9.228058] [drm] add ip block number 3 <psp>
[    9.228059] [drm] add ip block number 4 <smu>
[    9.228060] [drm] add ip block number 5 <gfx_v9_0>
[    9.228061] [drm] add ip block number 6 <sdma_v4_0>
[    9.228062] [drm] add ip block number 7 <dm>
[    9.228063] [drm] add ip block number 8 <vcn_v2_0>
[    9.228064] [drm] add ip block number 9 <jpeg_v2_0>
[    9.228081] amdgpu 0000:01:00.0: amdgpu: Fetched VBIOS from VFCT
[    9.228084] amdgpu: ATOM BIOS: 113-RENOIR-026
[    9.230619] [drm] VCN decode is enabled in VM mode
[    9.230622] [drm] VCN encode is enabled in VM mode
[    9.230623] [drm] JPEG decode is enabled in VM mode
[    9.230672] [drm] vm size is 262144 GB, 4 levels, block size is 9-bit, fragment size is 9-bit
[    9.230680] amdgpu 0000:01:00.0: amdgpu: VRAM: 512M 0x000000F400000000 - 0x000000F41FFFFFFF (512M used)
[    9.230683] amdgpu 0000:01:00.0: amdgpu: GART: 1024M 0x0000000000000000 - 0x000000003FFFFFFF
[    9.230685] amdgpu 0000:01:00.0: amdgpu: AGP: 267419648M 0x000000F800000000 - 0x0000FFFFFFFFFFFF
[    9.230691] [drm] Detected VRAM RAM=512M, BAR=512M
[    9.230692] [drm] RAM width 128bits DDR4
[    9.230743] [drm] amdgpu: 512M of VRAM memory ready
[    9.230744] [drm] amdgpu: 3072M of GTT memory ready.
[    9.230751] [drm] GART: num cpu pages 262144, num gpu pages 262144
[    9.230848] [drm] PCIE GART of 1024M enabled.
[    9.230848] [drm] PTB located at 0x000000F400900000
[    9.233868] amdgpu 0000:01:00.0: amdgpu: PSP runtime database doesn't exist
[    9.235307] usb 4-1.1: New USB device found, idVendor=8564, idProduct=4000, bcdDevice= 0.04
[    9.235312] usb 4-1.1: New USB device strings: Mfr=3, Product=4, SerialNumber=2
[    9.235314] usb 4-1.1: Product: Transcend
[    9.235316] usb 4-1.1: Manufacturer: TS-RDF5A
[    9.235317] usb 4-1.1: SerialNumber: 000000000004
[    9.239975] input: HD-Audio Generic HDMI/DP,pcm=3 as /devices/pci0000:00/0000:00:08.1/0000:01:00.1/sound/card0/input7
[    9.240025] input: HD-Audio Generic HDMI/DP,pcm=7 as /devices/pci0000:00/0000:00:08.1/0000:01:00.1/sound/card0/input8
[    9.254721] [drm] Loading DMUB firmware via PSP: version=0x01010019
[    9.256549] [drm] Found VCN firmware Version ENC: 1.16 DEC: 5 VEP: 0 Revision: 3
[    9.256578] amdgpu 0000:01:00.0: amdgpu: Will use PSP to load VCN firmware
[    9.284233] snd_hda_codec_realtek hdaudioC1D0: autoconfig for ALC256: line_outs=1 (0x14/0x0/0x0/0x0/0x0) type:speaker
[    9.284239] snd_hda_codec_realtek hdaudioC1D0:    speaker_outs=0 (0x0/0x0/0x0/0x0/0x0)
[    9.284241] snd_hda_codec_realtek hdaudioC1D0:    hp_outs=1 (0x21/0x0/0x0/0x0/0x0)
[    9.284242] snd_hda_codec_realtek hdaudioC1D0:    mono: mono_out=0x0
[    9.284243] snd_hda_codec_realtek hdaudioC1D0:    inputs:
[    9.284244] snd_hda_codec_realtek hdaudioC1D0:      Mic=0x19
[    9.305027] usb 3-1.2: new high-speed USB device number 4 using xhci_hcd
[    9.331100] input: HD-Audio Generic Mic as /devices/pci0000:00/0000:00:08.1/0000:01:00.6/sound/card1/input9
[    9.331175] input: HD-Audio Generic Headphone as /devices/pci0000:00/0000:00:08.1/0000:01:00.6/sound/card1/input10
[    9.396282] input: PC Speaker as /devices/platform/pcspkr/input/input11
[    9.400585] usb 3-1.2: New USB device found, idVendor=05e3, idProduct=0610, bcdDevice= 6.63
[    9.400591] usb 3-1.2: New USB device strings: Mfr=1, Product=2, SerialNumber=0
[    9.400593] usb 3-1.2: Product: USB2.1 Hub
[    9.400594] usb 3-1.2: Manufacturer: GenesysLogic
[    9.436400] hub 3-1.2:1.0: USB hub found
[    9.436958] hub 3-1.2:1.0: 4 ports detected
[    9.458537] RAPL PMU: API unit is 2^-32 Joules, 1 fixed counters, 163840 ms ovfl timer
[    9.458541] RAPL PMU: hw unit of domain package 2^-16 Joules
[    9.471838] usb 4-1.2: new SuperSpeed USB device number 4 using xhci_hcd
[    9.490106] usb 4-1.2: New USB device found, idVendor=0bda, idProduct=8153, bcdDevice=30.00
[    9.490111] usb 4-1.2: New USB device strings: Mfr=1, Product=2, SerialNumber=6
[    9.490113] usb 4-1.2: Product: USB 10/100/1000 LAN
[    9.490114] usb 4-1.2: Manufacturer: Realtek
[    9.490115] usb 4-1.2: SerialNumber: 000001
[    9.499384] cryptd: max_cpu_qlen set to 1000
[    9.546395] AVX2 version of gcm_enc/dec engaged.
[    9.546438] AES CTR mode by8 optimization enabled
[    9.726704] kvm: Nested Virtualization enabled
[    9.726708] SVM: kvm: Nested Paging enabled
[    9.726728] SVM: Virtual VMLOAD VMSAVE supported
[    9.726729] SVM: Virtual GIF supported
[    9.733658] usb-storage 4-1.1:1.0: USB Mass Storage device detected
[    9.736470] MCE: In-kernel MCE decoding enabled.
[    9.740906] scsi host2: usb-storage 4-1.1:1.0
[    9.741090] usbcore: registered new interface driver usb-storage
[    9.745021] usb 3-1.2.3: new low-speed USB device number 5 using xhci_hcd
[    9.778623] usbcore: registered new interface driver uas
[    9.823861] input: GXT7863:00 27C6:01E0 Mouse as /devices/platform/AMDI0010:03/i2c-0/i2c-GXT7863:00/0018:27C6:01E0.0001/input/input12
[    9.823994] input: GXT7863:00 27C6:01E0 Touchpad as /devices/platform/AMDI0010:03/i2c-0/i2c-GXT7863:00/0018:27C6:01E0.0001/input/input13
[    9.824086] hid-multitouch 0018:27C6:01E0.0001: input,hidraw0: I2C HID v1.00 Mouse [GXT7863:00 27C6:01E0] on i2c-GXT7863:00
[    9.838459] usbcore: registered new interface driver r8152
[    9.839205] intel_rapl_common: Found RAPL domain package
[    9.839209] intel_rapl_common: Found RAPL domain core
[    9.840811] mousedev: PS/2 mouse device common for all mice
[    9.885158] usb 3-1.2.3: New USB device found, idVendor=1bcf, idProduct=0005, bcdDevice= 0.90
[    9.885163] usb 3-1.2.3: New USB device strings: Mfr=0, Product=2, SerialNumber=0
[    9.885165] usb 3-1.2.3: Product: USB Optical Mouse
[    9.904931] usbcore: registered new interface driver cdc_ether
[    9.912389] [drm] reserve 0x400000 from 0xf41f800000 for PSP TMR
[    9.935538] usbcore: registered new interface driver r8153_ecm
[    9.964262] usb 4-1.2: reset SuperSpeed USB device number 4 using xhci_hcd
[    9.991794] amdgpu 0000:01:00.0: amdgpu: RAS: optional ras ta ucode is not available
[    9.992742] urandom_read: 1 callbacks suppressed
[    9.992745] random: NetworkManager: uninitialized urandom read (16 bytes read)
[    9.999772] amdgpu 0000:01:00.0: amdgpu: RAP: optional rap ta ucode is not available
[    9.999779] amdgpu 0000:01:00.0: amdgpu: SECUREDISPLAY: securedisplay ta ucode is not available
[   10.000123] amdgpu 0000:01:00.0: amdgpu: SMU is initialized successfully!
[   10.001554] [drm] kiq ring mec 2 pipe 1 q 0
[   10.002376] [drm] Display Core initialized with v3.2.149!
[   10.002811] [drm] DMUB hardware initialized: version=0x01010019
[   10.009412] input: USB Optical Mouse as /devices/pci0000:00/0000:00:08.1/0000:01:00.4/usb3/3-1/3-1.2/3-1.2.3/3-1.2.3:1.0/0003:1BCF:0005.0002/input/input15
[   10.009523] hid-generic 0003:1BCF:0005.0002: input,hidraw1: USB HID v1.10 Mouse [USB Optical Mouse] on usb-0000:01:00.4-1.2.3/input0
[   10.009555] usbcore: registered new interface driver usbhid
[   10.009556] usbhid: USB HID core driver
[   10.023958] snd_hda_intel 0000:01:00.1: bound 0000:01:00.0 (ops amdgpu_dm_audio_component_bind_ops [amdgpu])
[   10.028606] r8152 4-1.2:1.0: load rtl8153a-4 v2 02/07/20 successfully
[   10.055444] r8152 4-1.2:1.0 eth0: v1.12.11
[   10.070470] r8152 4-1.2:1.0 enp1s0f4u1u2: renamed from eth0
[   10.118222] [drm] VCN decode and encode initialized successfully(under DPG Mode).
[   10.118244] [drm] JPEG decode initialized successfully.
[   10.119981] kfd kfd: amdgpu: Allocated 3969056 bytes on gart
[   10.134741] memmap_init_zone_device initialised 131072 pages in 0ms
[   10.134752] amdgpu: HMM registered 512MB device memory
[   10.134797] amdgpu: SRAT table not found
[   10.134798] amdgpu: Virtual CRAT table created for GPU
[   10.135570] amdgpu: Topology: Add dGPU node [0x1636:0x1002]
[   10.135575] kfd kfd: amdgpu: added device 1002:1636
[   10.135918] amdgpu 0000:01:00.0: amdgpu: SE 1, SH per SE 2, CU per SH 18, active_cu_number 26
[   10.138254] [drm] fb mappable at 0x410CD1000
[   10.138256] [drm] vram apper at 0x410000000
[   10.138256] [drm] size 8294400
[   10.138257] [drm] fb depth is 24
[   10.138257] [drm]    pitch is 7680
[   10.138383] fbcon: amdgpu (fb0) is primary device
[   10.162481] random: nm-dispatcher: uninitialized urandom read (16 bytes read)
[   10.191015] Console: switching to colour frame buffer device 240x67
[   10.210691] amdgpu 0000:01:00.0: [drm] fb0: amdgpu frame buffer device
[   10.225522] amdgpu 0000:01:00.0: amdgpu: ring gfx uses VM inv eng 0 on hub 0
[   10.225526] amdgpu 0000:01:00.0: amdgpu: ring comp_1.0.0 uses VM inv eng 1 on hub 0
[   10.225528] amdgpu 0000:01:00.0: amdgpu: ring comp_1.1.0 uses VM inv eng 4 on hub 0
[   10.225529] amdgpu 0000:01:00.0: amdgpu: ring comp_1.2.0 uses VM inv eng 5 on hub 0
[   10.225530] amdgpu 0000:01:00.0: amdgpu: ring comp_1.3.0 uses VM inv eng 6 on hub 0
[   10.225530] amdgpu 0000:01:00.0: amdgpu: ring comp_1.0.1 uses VM inv eng 7 on hub 0
[   10.225531] amdgpu 0000:01:00.0: amdgpu: ring comp_1.1.1 uses VM inv eng 8 on hub 0
[   10.225532] amdgpu 0000:01:00.0: amdgpu: ring comp_1.2.1 uses VM inv eng 9 on hub 0
[   10.225533] amdgpu 0000:01:00.0: amdgpu: ring comp_1.3.1 uses VM inv eng 10 on hub 0
[   10.225535] amdgpu 0000:01:00.0: amdgpu: ring kiq_2.1.0 uses VM inv eng 11 on hub 0
[   10.225536] amdgpu 0000:01:00.0: amdgpu: ring sdma0 uses VM inv eng 0 on hub 1
[   10.225537] amdgpu 0000:01:00.0: amdgpu: ring vcn_dec uses VM inv eng 1 on hub 1
[   10.225538] amdgpu 0000:01:00.0: amdgpu: ring vcn_enc0 uses VM inv eng 4 on hub 1
[   10.225540] amdgpu 0000:01:00.0: amdgpu: ring vcn_enc1 uses VM inv eng 5 on hub 1
[   10.225541] amdgpu 0000:01:00.0: amdgpu: ring jpeg_dec uses VM inv eng 6 on hub 1
[   10.228220] [drm] Initialized amdgpu 3.42.0 20150101 for 0000:01:00.0 on minor 0
[   10.329071] random: Xorg: uninitialized urandom read (8 bytes read)
[   10.440172] random: crng init done
[   10.471294] r8152 4-1.2:1.0 enp1s0f4u1u2: Stop submitting intr, status -108
[   10.760520] scsi 2:0:0:0: Direct-Access     TS-RDF5A Transcend        0004 PQ: 0 ANSI: 6
[   10.999579] sd 2:0:0:0: [sdb] 60456960 512-byte logical blocks: (31.0 GB/28.8 GiB)
[   11.000488] sd 2:0:0:0: [sdb] Write Protect is off
[   11.000492] sd 2:0:0:0: [sdb] Mode Sense: 21 00 00 00
[   11.001313] sd 2:0:0:0: [sdb] Write cache: disabled, read cache: enabled, doesn't support DPO or FUA
[   11.007442]  sdb: sdb1 sdb2
[   11.010856] sd 2:0:0:0: [sdb] Attached SCSI removable disk
[   59.152095] usb 2-2: new SuperSpeed USB device number 2 using xhci_hcd
[   59.171004] usb 2-2: New USB device found, idVendor=0e8d, idProduct=7612, bcdDevice= 1.00
[   59.171015] usb 2-2: New USB device strings: Mfr=2, Product=3, SerialNumber=4
[   59.171018] usb 2-2: Product: Wireless 
[   59.171021] usb 2-2: Manufacturer: MediaTek Inc.
[   59.171023] usb 2-2: SerialNumber: 000000000
[   59.171300] usb 2-2: Device is not authorized for usage
[   59.173537] usb 2-2: authorized to connect
[   59.284017] cfg80211: Loading compiled-in X.509 certificates for regulatory database
[   59.286946] cfg80211: Loaded X.509 cert 'sforshee: 00b28ddf47aef9cea7'
[   59.287232] platform regulatory.0: Direct firmware load for regulatory.db failed with error -2
[   59.287239] cfg80211: failed to load regulatory.db
[   59.482544] usb 2-2: reset SuperSpeed USB device number 2 using xhci_hcd
[   59.502091] mt76x2u 2-2:1.0: ASIC revision: 76120044
[   59.531685] mt76x2u 2-2:1.0: ROM patch build: 20141115060606a
[   59.697099] mt76x2u 2-2:1.0: Firmware Version: 0.0.00
[   59.697122] mt76x2u 2-2:1.0: Build: 1
[   59.697124] mt76x2u 2-2:1.0: Build Time: 201507311614____
[   60.432203] ieee80211 phy0: Selected rate control algorithm 'minstrel_ht'
[   60.433785] usbcore: registered new interface driver mt76x2u
[   60.446451] mt76x2u 2-2:1.0 wlp1s0f3u2: renamed from wlan0
[   69.695073] ucsi_acpi USBC000:00: PPM init failed (-110)
[   77.267164] wlp1s0f3u2: authenticate with d4:72:26:6c:e6:67
[   77.693546] wlp1s0f3u2: send auth to d4:72:26:6c:e6:67 (try 1/3)
[   77.695392] wlp1s0f3u2: authenticated
[   77.698519] wlp1s0f3u2: associate with d4:72:26:6c:e6:67 (try 1/3)
[   77.702057] wlp1s0f3u2: RX AssocResp from d4:72:26:6c:e6:67 (capab=0x8431 status=0 aid=1)
[   77.704288] wlp1s0f3u2: associated
[   77.940653] IPv6: ADDRCONF(NETDEV_CHANGE): wlp1s0f3u2: link becomes ready
[  232.958618] atkbd serio0: Unknown key pressed (translated set 2, code 0xf6 on isa0060/serio0).
[  232.958630] atkbd serio0: Use 'setkeycodes e076 <keycode>' to make it known.
[  233.542196] atkbd serio0: Unknown key released (translated set 2, code 0xf6 on isa0060/serio0).
[  233.542211] atkbd serio0: Use 'setkeycodes e076 <keycode>' to make it known.
[  237.459731] iptables reject: IN=wlp1s0f3u2 OUT= MAC= SRC=192.168.43.250 DST=224.0.0.251 LEN=68 TOS=0x00 PREC=0x00 TTL=1 ID=2326 DF PROTO=UDP SPT=5353 DPT=5353 LEN=48 
[  238.445869] iptables reject: IN=wlp1s0f3u2 OUT= MAC= SRC=192.168.43.250 DST=224.0.0.251 LEN=68 TOS=0x00 PREC=0x00 TTL=1 ID=2617 DF PROTO=UDP SPT=5353 DPT=5353 LEN=48 
[  240.446803] iptables reject: IN=wlp1s0f3u2 OUT= MAC= SRC=192.168.43.250 DST=224.0.0.251 LEN=68 TOS=0x00 PREC=0x00 TTL=1 ID=2965 DF PROTO=UDP SPT=5353 DPT=5353 LEN=48 
[  280.897673] Bluetooth: Core ver 2.22
[  280.897707] NET: Registered PF_BLUETOOTH protocol family
[  280.897708] Bluetooth: HCI device and connection manager initialized
[  280.897713] Bluetooth: HCI socket layer initialized
[  280.897715] Bluetooth: L2CAP socket layer initialized
[  280.897718] Bluetooth: SCO socket layer initialized
