[    0.000000] Linux version 5.14.13-AMD (max@mksnotebook) (gcc (GCC) 11.1.0, GNU ld (GNU Binutils) 2.36.1) #6 SMP PREEMPT Sun Oct 17 17:04:05 EEST 2021
[    0.000000] Command line: BOOT_IMAGE=/@/boot/vmlinuz-linux-amd root=UUID=60699b1d-4878-4c7a-9ce1-e6cca69ee26a rw rootflags=subvol=@ quiet cryptdevice=UUID=f5c58973-d2db-4063-9fb3-06e53844933b:luks-f5c58973-d2db-4063-9fb3-06e53844933b root=/dev/mapper/luks-f5c58973-d2db-4063-9fb3-06e53844933b apparmor=1 security=apparmor resume=UUID=151d3cac-f952-4e01-9ecf-9b1a98b0597a udev.log_priority=3 lsm=landlock,lockdown,yama,apparmor,bpf amdgpu.audio=0 amdgpu.noretry=0 pci=nocrs mem_encrypt=on transparent_hugepage=madvise rtw88_8822ce.blacklist=1 rd.driver.blacklist=rtw88_8822ce
[    0.000000] KERNEL supported cpus:
[    0.000000]   AMD AuthenticAMD
[    0.000000] x86/fpu: Supporting XSAVE feature 0x001: 'x87 floating point registers'
[    0.000000] x86/fpu: Supporting XSAVE feature 0x002: 'SSE registers'
[    0.000000] x86/fpu: Supporting XSAVE feature 0x004: 'AVX registers'
[    0.000000] x86/fpu: xstate_offset[2]:  576, xstate_sizes[2]:  256
[    0.000000] x86/fpu: Enabled xstate features 0x7, context size is 832 bytes, using 'compacted' format.
[    0.000000] signal: max sigframe size: 1776
[    0.000000] BIOS-provided physical RAM map:
[    0.000000] BIOS-e820: [mem 0x0000000000000000-0x000000000009efff] usable
[    0.000000] BIOS-e820: [mem 0x000000000009f000-0x00000000000bffff] reserved
[    0.000000] BIOS-e820: [mem 0x0000000000100000-0x0000000009afffff] usable
[    0.000000] BIOS-e820: [mem 0x0000000009b00000-0x0000000009dfffff] reserved
[    0.000000] BIOS-e820: [mem 0x0000000009e00000-0x0000000009efffff] usable
[    0.000000] BIOS-e820: [mem 0x0000000009f00000-0x0000000009f0ffff] ACPI NVS
[    0.000000] BIOS-e820: [mem 0x0000000009f10000-0x00000000bab68fff] usable
[    0.000000] BIOS-e820: [mem 0x00000000bab69000-0x00000000bbd68fff] reserved
[    0.000000] BIOS-e820: [mem 0x00000000bbd69000-0x00000000c9f7efff] usable
[    0.000000] BIOS-e820: [mem 0x00000000c9f7f000-0x00000000caf7efff] type 20
[    0.000000] BIOS-e820: [mem 0x00000000caf7f000-0x00000000ccf7efff] reserved
[    0.000000] BIOS-e820: [mem 0x00000000ccf7f000-0x00000000cdf7efff] ACPI NVS
[    0.000000] BIOS-e820: [mem 0x00000000cdf7f000-0x00000000cdffefff] ACPI data
[    0.000000] BIOS-e820: [mem 0x00000000cdfff000-0x00000000cdffffff] usable
[    0.000000] BIOS-e820: [mem 0x00000000ce000000-0x00000000ceffffff] reserved
[    0.000000] BIOS-e820: [mem 0x00000000f8000000-0x00000000fbffffff] reserved
[    0.000000] BIOS-e820: [mem 0x00000000fde00000-0x00000000fdefffff] reserved
[    0.000000] BIOS-e820: [mem 0x00000000fec00000-0x00000000fec00fff] reserved
[    0.000000] BIOS-e820: [mem 0x00000000fec10000-0x00000000fec10fff] reserved
[    0.000000] BIOS-e820: [mem 0x00000000fec20000-0x00000000fec20fff] reserved
[    0.000000] BIOS-e820: [mem 0x00000000fed80000-0x00000000fed80fff] reserved
[    0.000000] BIOS-e820: [mem 0x00000000fee00000-0x00000000fee00fff] reserved
[    0.000000] BIOS-e820: [mem 0x00000000ff000000-0x00000000fff2ffff] reserved
[    0.000000] BIOS-e820: [mem 0x0000000100000000-0x000000040f33ffff] usable
[    0.000000] BIOS-e820: [mem 0x000000040f340000-0x000000042fffffff] reserved
[    0.000000] NX (Execute Disable) protection: active
[    0.000000] efi: EFI v2.70 by INSYDE Corp.
[    0.000000] efi: ACPI=0xcdffe000 ACPI 2.0=0xcdffe014 TPMFinalLog=0xcdf2c000 SMBIOS=0xcb70c000 SMBIOS 3.0=0xcb70a000 ESRT=0xcb70d418 
[    0.000000] SMBIOS 3.2.0 present.
[    0.000000] DMI: TIMI RedmiBook 14 II/TM1951, BIOS RMARN4B0P0909 08/19/2020
[    0.000000] tsc: Fast TSC calibration using PIT
[    0.000000] tsc: Detected 2370.518 MHz processor
[    0.000545] e820: update [mem 0x00000000-0x00000fff] usable ==> reserved
[    0.000547] e820: remove [mem 0x000a0000-0x000fffff] usable
[    0.000552] last_pfn = 0x40f340 max_arch_pfn = 0x400000000
[    0.000734] x86/PAT: Configuration [0-7]: WB  WC  UC- UC  WB  WP  UC- WT  
[    0.000967] last_pfn = 0xce000 max_arch_pfn = 0x400000000
[    0.010451] esrt: Reserving ESRT space from 0x00000000cb70d418 to 0x00000000cb70d450.
[    0.010460] Using GB pages for direct mapping
[    0.010983] Secure boot disabled
[    0.010984] RAMDISK: [mem 0x35bcb000-0x36ddcfff]
[    0.010989] ACPI: Early table checksum verification disabled
[    0.010992] ACPI: RSDP 0x00000000CDFFE014 000024 (v02 XMCC  )
[    0.010995] ACPI: XSDT 0x00000000CDFCE188 000134 (v01 XMCC   XMCC1951 00000002      01000013)
[    0.011000] ACPI: FACP 0x00000000CDFEC000 00010C (v05 XMCC   XMCC1951 00000002      01000013)
[    0.011004] ACPI: DSDT 0x00000000CDFDF000 006545 (v01 XMCC   XMCC1951 00000002      01000013)
[    0.011006] ACPI: FACS 0x00000000CDF29000 000040
[    0.011008] ACPI: UEFI 0x00000000CDF7E000 000236 (v01 INSYDE H2O BIOS 00000001 ACPI 00040000)
[    0.011010] ACPI: SSDT 0x00000000CDFF5000 007216 (v02 AMD    AmdTable 00000002 MSFT 04000000)
[    0.011012] ACPI: IVRS 0x00000000CDFF4000 0001A4 (v02 AMD    AmdTable 00000001 AMD  00000000)
[    0.011014] ACPI: SSDT 0x00000000CDFF3000 000228 (v01 AMD    STD3     00000001 INTL 20130117)
[    0.011017] ACPI: SSDT 0x00000000CDFF2000 000D61 (v01 XMCC   XMCC1806 00003000 INTL 20130117)
[    0.011019] ACPI: SSDT 0x00000000CDFF1000 00046D (v01 Insyde TPMACPI  00001000 INTL 20130117)
[    0.011021] ACPI: TPM2 0x00000000CDFF0000 000034 (v04 XMCC   XMCC1951 00000002      01000013)
[    0.011023] ACPI: MSDM 0x00000000CDFEF000 000055 (v03 INSYDE H2O BIOS 00000001 ACPI 00040000)
[    0.011025] ACPI: ASF! 0x00000000CDFEE000 0000A5 (v32 XMCC   XMCC1951 00000002      01000013)
[    0.011027] ACPI: BOOT 0x00000000CDFED000 000028 (v01 XMCC   XMCC1951 00000002      01000013)
[    0.011029] ACPI: HPET 0x00000000CDFEB000 000038 (v01 XMCC   XMCC1951 00000002      01000013)
[    0.011031] ACPI: APIC 0x00000000CDFEA000 000138 (v03 XMCC   XMCC1951 00000002      01000013)
[    0.011033] ACPI: MCFG 0x00000000CDFE9000 00003C (v01 XMCC   XMCC1951 00000002      01000013)
[    0.011035] ACPI: SLIC 0x00000000CDFE8000 000176 (v01 XMCC   XMCC1951 00000002      01000013)
[    0.011037] ACPI: SSDT 0x00000000CDFDE000 000080 (v01 XMCC   XMCC1951 00000002      01000013)
[    0.011040] ACPI: VFCT 0x00000000CDFD0000 00D484 (v01 XMCC   XMCC1951 00000001 AMD  31504F47)
[    0.011042] ACPI: SSDT 0x00000000CDFCF000 0000F8 (v01 XMCC   PcdTabl  00001000 INTL 20130117)
[    0.011044] ACPI: SSDT 0x00000000CDFCC000 001500 (v01 AMD    AmdTable 00000001 AMD  00000001)
[    0.011046] ACPI: CRAT 0x00000000CDFFD000 000BA8 (v01 AMD    AmdTable 00000001 AMD  00000001)
[    0.011048] ACPI: CDIT 0x00000000CDFCB000 000029 (v01 AMD    AmdTable 00000001 AMD  00000001)
[    0.011050] ACPI: SSDT 0x00000000CDFCA000 00028D (v01 AMD    AmdTable 00000001 INTL 20130117)
[    0.011052] ACPI: SSDT 0x00000000CDFC9000 000C78 (v01 AMD    AmdTable 00000001 INTL 20130117)
[    0.011054] ACPI: SSDT 0x00000000CDFC7000 0010A5 (v01 AMD    AmdTable 00000001 INTL 20130117)
[    0.011056] ACPI: SSDT 0x00000000CDFC3000 0030C8 (v01 AMD    AmdTable 00000001 INTL 20130117)
[    0.011058] ACPI: FPDT 0x00000000CDFC2000 000044 (v01 XMCC   XMCC1951 00000002      01000013)
[    0.011060] ACPI: WSMT 0x00000000CDFC0000 000028 (v01 INSYDE H2O BIOS 00000001 ACPI 00040000)
[    0.011062] ACPI: SSDT 0x00000000CDFE7000 00020A (v01 AMD    AmdTable 00000001 INTL 20130117)
[    0.011064] ACPI: SSDT 0x00000000CDFE6000 0005A1 (v01 AMD    AmdTable 00000001 INTL 20130117)
[    0.011067] ACPI: SSDT 0x00000000CDFBF000 000343 (v01 AMD    AmdTable 00000001 INTL 20130117)
[    0.011069] ACPI: SSDT 0x00000000CDFBE000 00007D (v01 AMD    AmdTable 00000001 INTL 20130117)
[    0.011071] ACPI: SSDT 0x00000000CDFBD000 000822 (v01 AMD    AmdTable 00000001 INTL 20130117)
[    0.011073] ACPI: SSDT 0x00000000CDFBC000 000517 (v01 AMD    AmdTable 00000001 INTL 20130117)
[    0.011075] ACPI: BGRT 0x00000000CDFC1000 000038 (v01 INSYDE H2O BIOS 00000001 ACPI 00040000)
[    0.011076] ACPI: Reserving FACP table memory at [mem 0xcdfec000-0xcdfec10b]
[    0.011078] ACPI: Reserving DSDT table memory at [mem 0xcdfdf000-0xcdfe5544]
[    0.011078] ACPI: Reserving FACS table memory at [mem 0xcdf29000-0xcdf2903f]
[    0.011079] ACPI: Reserving UEFI table memory at [mem 0xcdf7e000-0xcdf7e235]
[    0.011080] ACPI: Reserving SSDT table memory at [mem 0xcdff5000-0xcdffc215]
[    0.011081] ACPI: Reserving IVRS table memory at [mem 0xcdff4000-0xcdff41a3]
[    0.011081] ACPI: Reserving SSDT table memory at [mem 0xcdff3000-0xcdff3227]
[    0.011082] ACPI: Reserving SSDT table memory at [mem 0xcdff2000-0xcdff2d60]
[    0.011083] ACPI: Reserving SSDT table memory at [mem 0xcdff1000-0xcdff146c]
[    0.011084] ACPI: Reserving TPM2 table memory at [mem 0xcdff0000-0xcdff0033]
[    0.011084] ACPI: Reserving MSDM table memory at [mem 0xcdfef000-0xcdfef054]
[    0.011085] ACPI: Reserving ASF! table memory at [mem 0xcdfee000-0xcdfee0a4]
[    0.011086] ACPI: Reserving BOOT table memory at [mem 0xcdfed000-0xcdfed027]
[    0.011087] ACPI: Reserving HPET table memory at [mem 0xcdfeb000-0xcdfeb037]
[    0.011087] ACPI: Reserving APIC table memory at [mem 0xcdfea000-0xcdfea137]
[    0.011088] ACPI: Reserving MCFG table memory at [mem 0xcdfe9000-0xcdfe903b]
[    0.011089] ACPI: Reserving SLIC table memory at [mem 0xcdfe8000-0xcdfe8175]
[    0.011090] ACPI: Reserving SSDT table memory at [mem 0xcdfde000-0xcdfde07f]
[    0.011091] ACPI: Reserving VFCT table memory at [mem 0xcdfd0000-0xcdfdd483]
[    0.011091] ACPI: Reserving SSDT table memory at [mem 0xcdfcf000-0xcdfcf0f7]
[    0.011092] ACPI: Reserving SSDT table memory at [mem 0xcdfcc000-0xcdfcd4ff]
[    0.011093] ACPI: Reserving CRAT table memory at [mem 0xcdffd000-0xcdffdba7]
[    0.011094] ACPI: Reserving CDIT table memory at [mem 0xcdfcb000-0xcdfcb028]
[    0.011094] ACPI: Reserving SSDT table memory at [mem 0xcdfca000-0xcdfca28c]
[    0.011095] ACPI: Reserving SSDT table memory at [mem 0xcdfc9000-0xcdfc9c77]
[    0.011096] ACPI: Reserving SSDT table memory at [mem 0xcdfc7000-0xcdfc80a4]
[    0.011097] ACPI: Reserving SSDT table memory at [mem 0xcdfc3000-0xcdfc60c7]
[    0.011098] ACPI: Reserving FPDT table memory at [mem 0xcdfc2000-0xcdfc2043]
[    0.011098] ACPI: Reserving WSMT table memory at [mem 0xcdfc0000-0xcdfc0027]
[    0.011099] ACPI: Reserving SSDT table memory at [mem 0xcdfe7000-0xcdfe7209]
[    0.011100] ACPI: Reserving SSDT table memory at [mem 0xcdfe6000-0xcdfe65a0]
[    0.011101] ACPI: Reserving SSDT table memory at [mem 0xcdfbf000-0xcdfbf342]
[    0.011102] ACPI: Reserving SSDT table memory at [mem 0xcdfbe000-0xcdfbe07c]
[    0.011102] ACPI: Reserving SSDT table memory at [mem 0xcdfbd000-0xcdfbd821]
[    0.011103] ACPI: Reserving SSDT table memory at [mem 0xcdfbc000-0xcdfbc516]
[    0.011104] ACPI: Reserving BGRT table memory at [mem 0xcdfc1000-0xcdfc1037]
[    0.011124] No NUMA configuration found
[    0.011124] Faking a node at [mem 0x0000000000000000-0x000000040f33ffff]
[    0.011129] NODE_DATA(0) allocated [mem 0x40f33c000-0x40f33ffff]
[    0.011152] Zone ranges:
[    0.011152]   DMA      [mem 0x0000000000001000-0x0000000000ffffff]
[    0.011154]   DMA32    [mem 0x0000000001000000-0x00000000ffffffff]
[    0.011155]   Normal   [mem 0x0000000100000000-0x000000040f33ffff]
[    0.011156]   Device   empty
[    0.011157] Movable zone start for each node
[    0.011158] Early memory node ranges
[    0.011158]   node   0: [mem 0x0000000000001000-0x000000000009efff]
[    0.011159]   node   0: [mem 0x0000000000100000-0x0000000009afffff]
[    0.011160]   node   0: [mem 0x0000000009e00000-0x0000000009efffff]
[    0.011161]   node   0: [mem 0x0000000009f10000-0x00000000bab68fff]
[    0.011162]   node   0: [mem 0x00000000bbd69000-0x00000000c9f7efff]
[    0.011163]   node   0: [mem 0x00000000cdfff000-0x00000000cdffffff]
[    0.011163]   node   0: [mem 0x0000000100000000-0x000000040f33ffff]
[    0.011165] Initmem setup node 0 [mem 0x0000000000001000-0x000000040f33ffff]
[    0.011168] On node 0, zone DMA: 1 pages in unavailable ranges
[    0.011184] On node 0, zone DMA: 97 pages in unavailable ranges
[    0.011320] On node 0, zone DMA32: 768 pages in unavailable ranges
[    0.016625] On node 0, zone DMA32: 16 pages in unavailable ranges
[    0.017113] On node 0, zone DMA32: 4608 pages in unavailable ranges
[    0.017242] On node 0, zone DMA32: 16512 pages in unavailable ranges
[    0.041436] On node 0, zone Normal: 8192 pages in unavailable ranges
[    0.041467] On node 0, zone Normal: 3264 pages in unavailable ranges
[    0.041618] ACPI: PM-Timer IO Port: 0x408
[    0.041624] ACPI: LAPIC_NMI (acpi_id[0x00] high edge lint[0x1])
[    0.041625] ACPI: LAPIC_NMI (acpi_id[0x01] high edge lint[0x1])
[    0.041626] ACPI: LAPIC_NMI (acpi_id[0x02] high edge lint[0x1])
[    0.041627] ACPI: LAPIC_NMI (acpi_id[0x03] high edge lint[0x1])
[    0.041627] ACPI: LAPIC_NMI (acpi_id[0x04] high edge lint[0x1])
[    0.041628] ACPI: LAPIC_NMI (acpi_id[0x05] high edge lint[0x1])
[    0.041629] ACPI: LAPIC_NMI (acpi_id[0x06] high edge lint[0x1])
[    0.041629] ACPI: LAPIC_NMI (acpi_id[0x07] high edge lint[0x1])
[    0.041630] ACPI: LAPIC_NMI (acpi_id[0x08] high edge lint[0x1])
[    0.041631] ACPI: LAPIC_NMI (acpi_id[0x09] high edge lint[0x1])
[    0.041631] ACPI: LAPIC_NMI (acpi_id[0x0a] high edge lint[0x1])
[    0.041632] ACPI: LAPIC_NMI (acpi_id[0x0b] high edge lint[0x1])
[    0.041633] ACPI: LAPIC_NMI (acpi_id[0x0c] high edge lint[0x1])
[    0.041633] ACPI: LAPIC_NMI (acpi_id[0x0d] high edge lint[0x1])
[    0.041634] ACPI: LAPIC_NMI (acpi_id[0x0e] high edge lint[0x1])
[    0.041634] ACPI: LAPIC_NMI (acpi_id[0x0f] high edge lint[0x1])
[    0.041647] IOAPIC[0]: apic_id 33, version 33, address 0xfec00000, GSI 0-23
[    0.041652] IOAPIC[1]: apic_id 34, version 33, address 0xfec01000, GSI 24-55
[    0.041654] ACPI: INT_SRC_OVR (bus 0 bus_irq 0 global_irq 2 dfl dfl)
[    0.041655] ACPI: INT_SRC_OVR (bus 0 bus_irq 9 global_irq 9 low level)
[    0.041658] ACPI: Using ACPI (MADT) for SMP configuration information
[    0.041659] ACPI: HPET id: 0x10228210 base: 0xfed00000
[    0.041667] e820: update [mem 0xb362e000-0xb3633fff] usable ==> reserved
[    0.041677] smpboot: Allowing 16 CPUs, 10 hotplug CPUs
[    0.041701] PM: hibernation: Registered nosave memory: [mem 0x00000000-0x00000fff]
[    0.041703] PM: hibernation: Registered nosave memory: [mem 0x0009f000-0x000bffff]
[    0.041704] PM: hibernation: Registered nosave memory: [mem 0x000c0000-0x000fffff]
[    0.041705] PM: hibernation: Registered nosave memory: [mem 0x09b00000-0x09dfffff]
[    0.041707] PM: hibernation: Registered nosave memory: [mem 0x09f00000-0x09f0ffff]
[    0.041708] PM: hibernation: Registered nosave memory: [mem 0xb362e000-0xb3633fff]
[    0.041710] PM: hibernation: Registered nosave memory: [mem 0xbab69000-0xbbd68fff]
[    0.041711] PM: hibernation: Registered nosave memory: [mem 0xc9f7f000-0xcaf7efff]
[    0.041712] PM: hibernation: Registered nosave memory: [mem 0xcaf7f000-0xccf7efff]
[    0.041713] PM: hibernation: Registered nosave memory: [mem 0xccf7f000-0xcdf7efff]
[    0.041713] PM: hibernation: Registered nosave memory: [mem 0xcdf7f000-0xcdffefff]
[    0.041715] PM: hibernation: Registered nosave memory: [mem 0xce000000-0xceffffff]
[    0.041715] PM: hibernation: Registered nosave memory: [mem 0xcf000000-0xf7ffffff]
[    0.041716] PM: hibernation: Registered nosave memory: [mem 0xf8000000-0xfbffffff]
[    0.041717] PM: hibernation: Registered nosave memory: [mem 0xfc000000-0xfddfffff]
[    0.041717] PM: hibernation: Registered nosave memory: [mem 0xfde00000-0xfdefffff]
[    0.041718] PM: hibernation: Registered nosave memory: [mem 0xfdf00000-0xfebfffff]
[    0.041718] PM: hibernation: Registered nosave memory: [mem 0xfec00000-0xfec00fff]
[    0.041719] PM: hibernation: Registered nosave memory: [mem 0xfec01000-0xfec0ffff]
[    0.041720] PM: hibernation: Registered nosave memory: [mem 0xfec10000-0xfec10fff]
[    0.041720] PM: hibernation: Registered nosave memory: [mem 0xfec11000-0xfec1ffff]
[    0.041721] PM: hibernation: Registered nosave memory: [mem 0xfec20000-0xfec20fff]
[    0.041721] PM: hibernation: Registered nosave memory: [mem 0xfec21000-0xfed7ffff]
[    0.041722] PM: hibernation: Registered nosave memory: [mem 0xfed80000-0xfed80fff]
[    0.041723] PM: hibernation: Registered nosave memory: [mem 0xfed81000-0xfedfffff]
[    0.041723] PM: hibernation: Registered nosave memory: [mem 0xfee00000-0xfee00fff]
[    0.041724] PM: hibernation: Registered nosave memory: [mem 0xfee01000-0xfeffffff]
[    0.041724] PM: hibernation: Registered nosave memory: [mem 0xff000000-0xfff2ffff]
[    0.041725] PM: hibernation: Registered nosave memory: [mem 0xfff30000-0xffffffff]
[    0.041726] [mem 0xcf000000-0xf7ffffff] available for PCI devices
[    0.041727] Booting paravirtualized kernel on bare hardware
[    0.041730] clocksource: refined-jiffies: mask: 0xffffffff max_cycles: 0xffffffff, max_idle_ns: 6370452778343963 ns
[    0.044768] setup_percpu: NR_CPUS:128 nr_cpumask_bits:128 nr_cpu_ids:16 nr_node_ids:1
[    0.045325] percpu: Embedded 50 pages/cpu s167936 r8192 d28672 u262144
[    0.045333] pcpu-alloc: s167936 r8192 d28672 u262144 alloc=1*2097152
[    0.045336] pcpu-alloc: [0] 00 01 02 03 04 05 06 07 [0] 08 09 10 11 12 13 14 15 
[    0.045363] Built 1 zonelists, mobility grouping on.  Total pages: 3966649
[    0.045364] Policy zone: Normal
[    0.045365] Kernel command line: BOOT_IMAGE=/@/boot/vmlinuz-linux-amd root=UUID=60699b1d-4878-4c7a-9ce1-e6cca69ee26a rw rootflags=subvol=@ quiet cryptdevice=UUID=f5c58973-d2db-4063-9fb3-06e53844933b:luks-f5c58973-d2db-4063-9fb3-06e53844933b root=/dev/mapper/luks-f5c58973-d2db-4063-9fb3-06e53844933b apparmor=1 security=apparmor resume=UUID=151d3cac-f952-4e01-9ecf-9b1a98b0597a udev.log_priority=3 lsm=landlock,lockdown,yama,apparmor,bpf amdgpu.audio=0 amdgpu.noretry=0 pci=nocrs mem_encrypt=on transparent_hugepage=madvise rtw88_8822ce.blacklist=1 rd.driver.blacklist=rtw88_8822ce
[    0.045474] Unknown command line parameters: BOOT_IMAGE=/@/boot/vmlinuz-linux-amd cryptdevice=UUID=f5c58973-d2db-4063-9fb3-06e53844933b:luks-f5c58973-d2db-4063-9fb3-06e53844933b mem_encrypt=on
[    0.047285] Dentry cache hash table entries: 2097152 (order: 12, 16777216 bytes, linear)
[    0.048190] Inode-cache hash table entries: 1048576 (order: 11, 8388608 bytes, linear)
[    0.048233] mem auto-init: stack:byref_all(zero), heap alloc:off, heap free:on
[    0.048235] mem auto-init: clearing system memory may take some time...
[    1.809401] Memory: 15563216K/16119096K available (12295K kernel code, 3083K rwdata, 3432K rodata, 1652K init, 3860K bss, 555620K reserved, 0K cma-reserved)
[    1.809409] random: get_random_u64 called from __kmem_cache_create+0x26/0x540 with crng_init=0
[    1.809538] SLUB: HWalign=64, Order=0-3, MinObjects=0, CPUs=16, Nodes=1
[    1.809551] ftrace: allocating 36378 entries in 143 pages
[    1.818551] ftrace: allocated 143 pages with 5 groups
[    1.818641] rcu: Preemptible hierarchical RCU implementation.
[    1.818641] rcu: 	RCU restricting CPUs from NR_CPUS=128 to nr_cpu_ids=16.
[    1.818642] 	Trampoline variant of Tasks RCU enabled.
[    1.818643] 	Rude variant of Tasks RCU enabled.
[    1.818643] 	Tracing variant of Tasks RCU enabled.
[    1.818644] rcu: RCU calculated value of scheduler-enlistment delay is 30 jiffies.
[    1.818645] rcu: Adjusting geometry for rcu_fanout_leaf=16, nr_cpu_ids=16
[    1.821276] NR_IRQS: 8448, nr_irqs: 1096, preallocated irqs: 16
[    1.821602] random: crng done (trusting CPU's manufacturer)
[    1.821630] Console: colour dummy device 80x25
[    1.821641] printk: console [tty0] enabled
[    1.821657] ACPI: Core revision 20210604
[    1.821837] clocksource: hpet: mask: 0xffffffff max_cycles: 0xffffffff, max_idle_ns: 133484873504 ns
[    1.821854] APIC: Switch to symmetric I/O mode setup
[    1.822244] AMD-Vi: ivrs, add hid:AMDI0020, uid:\_SB.FUR0, rdevid:160
[    1.822246] AMD-Vi: ivrs, add hid:AMDI0020, uid:\_SB.FUR1, rdevid:160
[    1.822247] AMD-Vi: ivrs, add hid:AMDI0020, uid:\_SB.FUR2, rdevid:160
[    1.822248] AMD-Vi: ivrs, add hid:AMDI0020, uid:\_SB.FUR3, rdevid:160
[    1.822480] Switched APIC routing to physical flat.
[    1.823205] ..TIMER: vector=0x30 apic1=0 pin1=2 apic2=-1 pin2=-1
[    1.838528] clocksource: tsc-early: mask: 0xffffffffffffffff max_cycles: 0x222b6ce8bbc, max_idle_ns: 440795223561 ns
[    1.838537] Calibrating delay loop (skipped), value calculated using timer frequency.. 4742.57 BogoMIPS (lpj=7901726)
[    1.838539] pid_max: default: 32768 minimum: 301
[    1.861187] LSM: Security Framework initializing
[    1.861190] LSM: security= is ignored because it is superseded by lsm=
[    1.861198] landlock: Up and running.
[    1.861199] Yama: becoming mindful.
[    1.861215] AppArmor: AppArmor initialized
[    1.861217] LSM support for eBPF active
[    1.861228] Mount-cache hash table entries: 32768 (order: 6, 262144 bytes, linear)
[    1.861230] Mountpoint-cache hash table entries: 32768 (order: 6, 262144 bytes, linear)
[    1.861402] x86/cpu: User Mode Instruction Prevention (UMIP) activated
[    1.861439] LVT offset 1 assigned for vector 0xf9
[    1.861499] LVT offset 2 assigned for vector 0xf4
[    1.861516] Last level iTLB entries: 4KB 1024, 2MB 1024, 4MB 512
[    1.861517] Last level dTLB entries: 4KB 2048, 2MB 2048, 4MB 1024, 1GB 0
[    1.861520] Spectre V1 : Mitigation: usercopy/swapgs barriers and __user pointer sanitization
[    1.861523] Spectre V2 : Mitigation: Full AMD retpoline
[    1.861523] Spectre V2 : Spectre v2 / SpectreRSB mitigation: Filling RSB on context switch
[    1.861524] Spectre V2 : Enabling Restricted Speculation for firmware calls
[    1.861526] Spectre V2 : mitigation: Enabling conditional Indirect Branch Prediction Barrier
[    1.861527] Speculative Store Bypass: Mitigation: Speculative Store Bypass disabled via prctl and seccomp
[    1.863355] Freeing SMP alternatives memory: 32K
[    1.973345] smpboot: CPU0: AMD Ryzen 5 4500U with Radeon Graphics (family: 0x17, model: 0x60, stepping: 0x1)
[    1.973491] Performance Events: Fam17h+ core perfctr, AMD PMU driver.
[    1.973495] ... version:                0
[    1.973495] ... bit width:              48
[    1.973496] ... generic registers:      6
[    1.973496] ... value mask:             0000ffffffffffff
[    1.973497] ... max period:             00007fffffffffff
[    1.973498] ... fixed-purpose events:   0
[    1.973498] ... event mask:             000000000000003f
[    1.973545] rcu: Hierarchical SRCU implementation.
[    1.973820] NMI watchdog: Enabled. Permanently consumes one hw-PMU counter.
[    1.973912] smp: Bringing up secondary CPUs ...
[    1.973977] x86: Booting SMP configuration:
[    1.973978] .... node  #0, CPUs:        #1  #2  #3  #4  #5
[    1.984219] smp: Brought up 1 node, 6 CPUs
[    1.984219] smpboot: Max logical packages: 3
[    1.984219] smpboot: Total of 6 processors activated (28457.47 BogoMIPS)
[    1.985440] devtmpfs: initialized
[    1.985440] x86/mm: Memory block size: 128MB
[    1.985935] ACPI: PM: Registering ACPI NVS region [mem 0x09f00000-0x09f0ffff] (65536 bytes)
[    1.985935] ACPI: PM: Registering ACPI NVS region [mem 0xccf7f000-0xcdf7efff] (16777216 bytes)
[    1.985935] clocksource: jiffies: mask: 0xffffffff max_cycles: 0xffffffff, max_idle_ns: 6370867519511994 ns
[    1.985935] futex hash table entries: 4096 (order: 6, 262144 bytes, linear)
[    1.985935] pinctrl core: initialized pinctrl subsystem
[    1.985935] regulator-dummy: no parameters, enabled
[    1.985935] PM: RTC time: 07:18:59, date: 2021-10-18
[    1.985969] NET: Registered PF_NETLINK/PF_ROUTE protocol family
[    1.986042] DMA: preallocated 2048 KiB GFP_KERNEL pool for atomic allocations
[    1.986044] DMA: preallocated 2048 KiB GFP_KERNEL|GFP_DMA pool for atomic allocations
[    1.986046] DMA: preallocated 2048 KiB GFP_KERNEL|GFP_DMA32 pool for atomic allocations
[    1.986050] audit: initializing netlink subsys (disabled)
[    1.986055] audit: type=2000 audit(1634541538.163:1): state=initialized audit_enabled=0 res=1
[    1.986055] thermal_sys: Registered thermal governor 'fair_share'
[    1.986055] thermal_sys: Registered thermal governor 'bang_bang'
[    1.986055] thermal_sys: Registered thermal governor 'step_wise'
[    1.986055] thermal_sys: Registered thermal governor 'user_space'
[    1.986055] cpuidle: using governor ladder
[    1.986055] cpuidle: using governor menu
[    1.986055] Simple Boot Flag at 0x44 set to 0x1
[    1.986055] ACPI: bus type PCI registered
[    1.986055] acpiphp: ACPI Hot Plug PCI Controller Driver version: 0.5
[    1.986055] PCI: MMCONFIG for domain 0000 [bus 00-3f] at [mem 0xf8000000-0xfbffffff] (base 0xf8000000)
[    1.986055] PCI: MMCONFIG at [mem 0xf8000000-0xfbffffff] reserved in E820
[    1.986055] PCI: Using configuration type 1 for base access
[    1.986055] Kprobes globally optimized
[    1.988575] HugeTLB registered 1.00 GiB page size, pre-allocated 0 pages
[    1.988575] HugeTLB registered 2.00 MiB page size, pre-allocated 0 pages
[    1.988575] ACPI: Added _OSI(Module Device)
[    1.988575] ACPI: Added _OSI(Processor Device)
[    1.988575] ACPI: Added _OSI(3.0 _SCP Extensions)
[    1.988575] ACPI: Added _OSI(Processor Aggregator Device)
[    1.988575] ACPI: Added _OSI(Linux-Dell-Video)
[    1.988575] ACPI: Added _OSI(Linux-Lenovo-NV-HDMI-Audio)
[    1.988575] ACPI: Added _OSI(Linux-HPI-Hybrid-Graphics)
[    1.997720] ACPI: 18 ACPI AML tables successfully acquired and loaded
[    1.998450] ACPI: [Firmware Bug]: BIOS _OSI(Linux) query ignored
[    1.999590] ACPI: EC: EC started
[    1.999591] ACPI: EC: interrupt blocked
[    2.001651] ACPI: EC: EC_CMD/EC_SC=0x66, EC_DATA=0x62
[    2.001653] ACPI: \_SB_.PCI0.LPC0.EC0_: Boot DSDT EC used to handle transactions
[    2.001654] ACPI: Interpreter enabled
[    2.001664] ACPI: PM: (supports S0 S4 S5)
[    2.001664] ACPI: Using IOAPIC for interrupt routing
[    2.001766] PCI: Ignoring host bridge windows from ACPI; if necessary, use "pci=use_crs" and report a bug
[    2.002938] ACPI: PM: Power Resource [P0U0]
[    2.002951] ACPI: PM: Power Resource [P3U0]
[    2.003219] ACPI: PM: Power Resource [P0U1]
[    2.003232] ACPI: PM: Power Resource [P3U1]
[    2.003491] ACPI: PM: Power Resource [P0S0]
[    2.003503] ACPI: PM: Power Resource [P3S0]
[    2.003563] ACPI: PM: Power Resource [P0S1]
[    2.003574] ACPI: PM: Power Resource [P3S1]
[    2.006744] ACPI: PCI Root Bridge [PCI0] (domain 0000 [bus 00-ff])
[    2.006749] acpi PNP0A08:00: _OSC: OS supports [ExtendedConfig ASPM ClockPM Segments MSI HPX-Type3]
[    2.006833] acpi PNP0A08:00: _OSC: platform does not support [SHPCHotplug LTR]
[    2.006910] acpi PNP0A08:00: _OSC: OS now controls [PCIeHotplug PME AER PCIeCapability]
[    2.006917] acpi PNP0A08:00: [Firmware Info]: MMCONFIG for domain 0000 [bus 00-3f] only partially covers this bridge
[    2.007007] acpi PNP0A08:00: host bridge window [io  0x0000-0x0cf7 window] (ignored)
[    2.007009] acpi PNP0A08:00: host bridge window [io  0x0d00-0xffff window] (ignored)
[    2.007010] acpi PNP0A08:00: host bridge window [mem 0x000a0000-0x000bffff window] (ignored)
[    2.007011] acpi PNP0A08:00: host bridge window [mem 0x000c0000-0x000c3fff window] (ignored)
[    2.007012] acpi PNP0A08:00: host bridge window [mem 0x000c4000-0x000c7fff window] (ignored)
[    2.007013] acpi PNP0A08:00: host bridge window [mem 0x000c8000-0x000cbfff window] (ignored)
[    2.007014] acpi PNP0A08:00: host bridge window [mem 0x000cc000-0x000cffff window] (ignored)
[    2.007015] acpi PNP0A08:00: host bridge window [mem 0x000d0000-0x000d3fff window] (ignored)
[    2.007016] acpi PNP0A08:00: host bridge window [mem 0x000d4000-0x000d7fff window] (ignored)
[    2.007017] acpi PNP0A08:00: host bridge window [mem 0x000d8000-0x000dbfff window] (ignored)
[    2.007018] acpi PNP0A08:00: host bridge window [mem 0x000dc000-0x000dffff window] (ignored)
[    2.007018] acpi PNP0A08:00: host bridge window [mem 0x000e0000-0x000e3fff window] (ignored)
[    2.007019] acpi PNP0A08:00: host bridge window [mem 0x000e4000-0x000e7fff window] (ignored)
[    2.007020] acpi PNP0A08:00: host bridge window [mem 0x000e8000-0x000ebfff window] (ignored)
[    2.007021] acpi PNP0A08:00: host bridge window [mem 0x000ec000-0x000effff window] (ignored)
[    2.007022] acpi PNP0A08:00: host bridge window [mem 0xd0000000-0xf7ffffff window] (ignored)
[    2.007023] acpi PNP0A08:00: host bridge window [mem 0xfc000000-0xfed3ffff window] (ignored)
[    2.007024] acpi PNP0A08:00: host bridge window [io  0x0cf8-0x0cff] (ignored)
[    2.007025] acpi PNP0A08:00: host bridge window [mem 0x450200000-0xfcffffffff window] (ignored)
[    2.007026] PCI: root bus 00: using default resources
[    2.007100] PCI host bridge to bus 0000:00
[    2.007100] pci_bus 0000:00: root bus resource [io  0x0000-0xffff]
[    2.007102] pci_bus 0000:00: root bus resource [mem 0x00000000-0xffffffffffff]
[    2.007103] pci_bus 0000:00: root bus resource [bus 00-ff]
[    2.007112] pci 0000:00:00.0: [1022:1630] type 00 class 0x060000
[    2.007178] pci 0000:00:00.2: [1022:1631] type 00 class 0x080600
[    2.007249] pci 0000:00:01.0: [1022:1632] type 00 class 0x060000
[    2.007306] pci 0000:00:01.2: [1022:1634] type 01 class 0x060400
[    2.007371] pci 0000:00:01.2: PME# supported from D0 D3hot D3cold
[    2.007466] pci 0000:00:02.0: [1022:1632] type 00 class 0x060000
[    2.007528] pci 0000:00:08.0: [1022:1632] type 00 class 0x060000
[    2.007578] pci 0000:00:08.1: [1022:1635] type 01 class 0x060400
[    2.007597] pci 0000:00:08.1: enabling Extended Tags
[    2.007624] pci 0000:00:08.1: PME# supported from D0 D3hot D3cold
[    2.007693] pci 0000:00:08.2: [1022:1635] type 01 class 0x060400
[    2.007713] pci 0000:00:08.2: enabling Extended Tags
[    2.007739] pci 0000:00:08.2: PME# supported from D0 D3hot D3cold
[    2.007822] pci 0000:00:14.0: [1022:790b] type 00 class 0x0c0500
[    2.007932] pci 0000:00:14.3: [1022:790e] type 00 class 0x060100
[    2.008047] pci 0000:00:18.0: [1022:1448] type 00 class 0x060000
[    2.008078] pci 0000:00:18.1: [1022:1449] type 00 class 0x060000
[    2.008110] pci 0000:00:18.2: [1022:144a] type 00 class 0x060000
[    2.008140] pci 0000:00:18.3: [1022:144b] type 00 class 0x060000
[    2.008172] pci 0000:00:18.4: [1022:144c] type 00 class 0x060000
[    2.008204] pci 0000:00:18.5: [1022:144d] type 00 class 0x060000
[    2.008235] pci 0000:00:18.6: [1022:144e] type 00 class 0x060000
[    2.008266] pci 0000:00:18.7: [1022:144f] type 00 class 0x060000
[    2.008365] pci 0000:01:00.0: [10ec:c822] type 00 class 0x028000
[    2.008385] pci 0000:01:00.0: reg 0x10: [io  0x2000-0x20ff]
[    2.008410] pci 0000:01:00.0: reg 0x18: [mem 0xd0500000-0xd050ffff 64bit]
[    2.008530] pci 0000:01:00.0: supports D1 D2
[    2.008532] pci 0000:01:00.0: PME# supported from D0 D1 D2 D3hot D3cold
[    2.008688] pci 0000:00:01.2: PCI bridge to [bus 01]
[    2.008691] pci 0000:00:01.2:   bridge window [io  0x2000-0x2fff]
[    2.008693] pci 0000:00:01.2:   bridge window [mem 0xd0500000-0xd05fffff]
[    2.008748] pci 0000:02:00.0: [1002:1636] type 00 class 0x030000
[    2.008758] pci 0000:02:00.0: reg 0x10: [mem 0xfce0000000-0xfcefffffff 64bit pref]
[    2.008765] pci 0000:02:00.0: reg 0x18: [mem 0xfcf0000000-0xfcf01fffff 64bit pref]
[    2.008770] pci 0000:02:00.0: reg 0x20: [io  0x1000-0x10ff]
[    2.008775] pci 0000:02:00.0: reg 0x24: [mem 0xd0400000-0xd047ffff]
[    2.008783] pci 0000:02:00.0: enabling Extended Tags
[    2.008793] pci 0000:02:00.0: BAR 0: assigned to efifb
[    2.008828] pci 0000:02:00.0: PME# supported from D1 D2 D3hot D3cold
[    2.008903] pci 0000:02:00.1: [1002:1637] type 00 class 0x040300
[    2.008910] pci 0000:02:00.1: reg 0x10: [mem 0xd04c8000-0xd04cbfff]
[    2.008929] pci 0000:02:00.1: enabling Extended Tags
[    2.008954] pci 0000:02:00.1: PME# supported from D1 D2 D3hot D3cold
[    2.009005] pci 0000:02:00.2: [1022:15df] type 00 class 0x108000
[    2.009017] pci 0000:02:00.2: reg 0x18: [mem 0xd0300000-0xd03fffff]
[    2.009025] pci 0000:02:00.2: reg 0x24: [mem 0xd04cc000-0xd04cdfff]
[    2.009032] pci 0000:02:00.2: enabling Extended Tags
[    2.009106] pci 0000:02:00.3: [1022:1639] type 00 class 0x0c0330
[    2.009116] pci 0000:02:00.3: reg 0x10: [mem 0xd0100000-0xd01fffff 64bit]
[    2.009138] pci 0000:02:00.3: enabling Extended Tags
[    2.009165] pci 0000:02:00.3: PME# supported from D0 D3hot D3cold
[    2.009216] pci 0000:02:00.4: [1022:1639] type 00 class 0x0c0330
[    2.009226] pci 0000:02:00.4: reg 0x10: [mem 0xd0200000-0xd02fffff 64bit]
[    2.009248] pci 0000:02:00.4: enabling Extended Tags
[    2.009275] pci 0000:02:00.4: PME# supported from D0 D3hot D3cold
[    2.009329] pci 0000:02:00.5: [1022:15e2] type 00 class 0x048000
[    2.009336] pci 0000:02:00.5: reg 0x10: [mem 0xd0480000-0xd04bffff]
[    2.009355] pci 0000:02:00.5: enabling Extended Tags
[    2.009380] pci 0000:02:00.5: PME# supported from D0 D3hot D3cold
[    2.009433] pci 0000:02:00.6: [1022:15e3] type 00 class 0x040300
[    2.009440] pci 0000:02:00.6: reg 0x10: [mem 0xd04c0000-0xd04c7fff]
[    2.009459] pci 0000:02:00.6: enabling Extended Tags
[    2.009484] pci 0000:02:00.6: PME# supported from D0 D3hot D3cold
[    2.009553] pci 0000:00:08.1: PCI bridge to [bus 02]
[    2.009556] pci 0000:00:08.1:   bridge window [io  0x1000-0x1fff]
[    2.009558] pci 0000:00:08.1:   bridge window [mem 0xd0100000-0xd04fffff]
[    2.009560] pci 0000:00:08.1:   bridge window [mem 0xfce0000000-0xfcf01fffff 64bit pref]
[    2.009597] pci 0000:03:00.0: [1022:7901] type 00 class 0x010601
[    2.009623] pci 0000:03:00.0: reg 0x24: [mem 0xd0001000-0xd00017ff]
[    2.009630] pci 0000:03:00.0: enabling Extended Tags
[    2.009723] pci 0000:03:00.1: [1022:7901] type 00 class 0x010601
[    2.009749] pci 0000:03:00.1: reg 0x24: [mem 0xd0000000-0xd00007ff]
[    2.009756] pci 0000:03:00.1: enabling Extended Tags
[    2.009831] pci 0000:00:08.2: PCI bridge to [bus 03]
[    2.009835] pci 0000:00:08.2:   bridge window [mem 0xd0000000-0xd00fffff]
[    2.011143] ACPI: PCI: Interrupt link LNKA configured for IRQ 0
[    2.011145] ACPI: PCI: Interrupt link LNKA disabled
[    2.011187] ACPI: PCI: Interrupt link LNKB configured for IRQ 0
[    2.011187] ACPI: PCI: Interrupt link LNKB disabled
[    2.011218] ACPI: PCI: Interrupt link LNKC configured for IRQ 0
[    2.011219] ACPI: PCI: Interrupt link LNKC disabled
[    2.011260] ACPI: PCI: Interrupt link LNKD configured for IRQ 0
[    2.011261] ACPI: PCI: Interrupt link LNKD disabled
[    2.011298] ACPI: PCI: Interrupt link LNKE configured for IRQ 0
[    2.011299] ACPI: PCI: Interrupt link LNKE disabled
[    2.011328] ACPI: PCI: Interrupt link LNKF configured for IRQ 0
[    2.011329] ACPI: PCI: Interrupt link LNKF disabled
[    2.011358] ACPI: PCI: Interrupt link LNKG configured for IRQ 0
[    2.011358] ACPI: PCI: Interrupt link LNKG disabled
[    2.011388] ACPI: PCI: Interrupt link LNKH configured for IRQ 0
[    2.011388] ACPI: PCI: Interrupt link LNKH disabled
[    2.012427] ACPI: EC: interrupt unblocked
[    2.012428] ACPI: EC: event unblocked
[    2.012435] ACPI: EC: EC_CMD/EC_SC=0x66, EC_DATA=0x62
[    2.012436] ACPI: EC: GPE=0x3
[    2.012436] ACPI: \_SB_.PCI0.LPC0.EC0_: Boot DSDT EC initialization complete
[    2.012438] ACPI: \_SB_.PCI0.LPC0.EC0_: EC: Used to handle transactions and events
[    2.012474] iommu: Default domain type: Passthrough 
[    2.012474] pci 0000:02:00.0: vgaarb: VGA device added: decodes=io+mem,owns=none,locks=none
[    2.012474] pci 0000:02:00.0: vgaarb: bridge control possible
[    2.012474] pci 0000:02:00.0: vgaarb: setting as boot device
[    2.012474] vgaarb: loaded
[    2.022982] pps_core: LinuxPPS API ver. 1 registered
[    2.022986] pps_core: Software ver. 5.3.6 - Copyright 2005-2007 Rodolfo Giometti <giometti@linux.it>
[    2.022991] PTP clock support registered
[    2.023005] EDAC MC: Ver: 3.0.0
[    2.023090] Registered efivars operations
[    2.023090] NetLabel: Initializing
[    2.023090] NetLabel:  domain hash size = 128
[    2.023090] NetLabel:  protocols = UNLABELED CIPSOv4 CALIPSO
[    2.023090] NetLabel:  unlabeled traffic allowed by default
[    2.023090] PCI: Using ACPI for IRQ routing
[    2.025649] PCI: pci_cache_line_size set to 64 bytes
[    2.025684] e820: reserve RAM buffer [mem 0x0009f000-0x0009ffff]
[    2.025685] e820: reserve RAM buffer [mem 0x09b00000-0x0bffffff]
[    2.025686] e820: reserve RAM buffer [mem 0x09f00000-0x0bffffff]
[    2.025687] e820: reserve RAM buffer [mem 0xb362e000-0xb3ffffff]
[    2.025688] e820: reserve RAM buffer [mem 0xbab69000-0xbbffffff]
[    2.025689] e820: reserve RAM buffer [mem 0xc9f7f000-0xcbffffff]
[    2.025690] e820: reserve RAM buffer [mem 0xce000000-0xcfffffff]
[    2.025690] e820: reserve RAM buffer [mem 0x40f340000-0x40fffffff]
[    2.025694] hpet0: at MMIO 0xfed00000, IRQs 2, 8, 0
[    2.025694] hpet0: 3 comparators, 32-bit 14.318180 MHz counter
[    2.027579] clocksource: Switched to clocksource tsc-early
[    2.030755] VFS: Disk quotas dquot_6.6.0
[    2.030769] VFS: Dquot-cache hash table entries: 512 (order 0, 4096 bytes)
[    2.030858] AppArmor: AppArmor Filesystem Enabled
[    2.030897] pnp: PnP ACPI init
[    2.031046] system 00:00: [mem 0xfec00000-0xfec01fff] could not be reserved
[    2.031050] system 00:00: [mem 0xfee00000-0xfee00fff] has been reserved
[    2.031052] system 00:00: [mem 0xfde00000-0xfdefffff] has been reserved
[    2.031172] system 00:03: [io  0x0400-0x04cf] has been reserved
[    2.031174] system 00:03: [io  0x04d0-0x04d1] has been reserved
[    2.031175] system 00:03: [io  0x04d6] has been reserved
[    2.031176] system 00:03: [io  0x0c00-0x0c01] has been reserved
[    2.031177] system 00:03: [io  0x0c14] has been reserved
[    2.031178] system 00:03: [io  0x0c50-0x0c52] has been reserved
[    2.031179] system 00:03: [io  0x0c6c] has been reserved
[    2.031180] system 00:03: [io  0x0c6f] has been reserved
[    2.031181] system 00:03: [io  0x0cd0-0x0cdb] has been reserved
[    2.031215] system 00:04: [mem 0x000e0000-0x000fffff] could not be reserved
[    2.031217] system 00:04: [mem 0xff000000-0xffffffff] could not be reserved
[    2.031987] pnp: PnP ACPI: found 5 devices
[    2.039005] clocksource: acpi_pm: mask: 0xffffff max_cycles: 0xffffff, max_idle_ns: 2085701024 ns
[    2.039107] NET: Registered PF_INET protocol family
[    2.039142] IP idents hash table entries: 262144 (order: 9, 2097152 bytes, linear)
[    2.041008] tcp_listen_portaddr_hash hash table entries: 8192 (order: 5, 131072 bytes, linear)
[    2.041025] TCP established hash table entries: 131072 (order: 8, 1048576 bytes, linear)
[    2.041147] TCP bind hash table entries: 65536 (order: 8, 1048576 bytes, linear)
[    2.041258] TCP: Hash tables configured (established 131072 bind 65536)
[    2.041285] UDP hash table entries: 8192 (order: 6, 262144 bytes, linear)
[    2.041315] UDP-Lite hash table entries: 8192 (order: 6, 262144 bytes, linear)
[    2.041382] NET: Registered PF_UNIX/PF_LOCAL protocol family
[    2.041387] NET: Registered PF_XDP protocol family
[    2.041401] pci 0000:00:01.2: PCI bridge to [bus 01]
[    2.041405] pci 0000:00:01.2:   bridge window [io  0x2000-0x2fff]
[    2.041409] pci 0000:00:01.2:   bridge window [mem 0xd0500000-0xd05fffff]
[    2.041414] pci 0000:00:08.1: PCI bridge to [bus 02]
[    2.041416] pci 0000:00:08.1:   bridge window [io  0x1000-0x1fff]
[    2.041418] pci 0000:00:08.1:   bridge window [mem 0xd0100000-0xd04fffff]
[    2.041420] pci 0000:00:08.1:   bridge window [mem 0xfce0000000-0xfcf01fffff 64bit pref]
[    2.041423] pci 0000:00:08.2: PCI bridge to [bus 03]
[    2.041425] pci 0000:00:08.2:   bridge window [mem 0xd0000000-0xd00fffff]
[    2.041430] pci_bus 0000:00: resource 4 [io  0x0000-0xffff]
[    2.041431] pci_bus 0000:00: resource 5 [mem 0x00000000-0xffffffffffff]
[    2.041433] pci_bus 0000:01: resource 0 [io  0x2000-0x2fff]
[    2.041434] pci_bus 0000:01: resource 1 [mem 0xd0500000-0xd05fffff]
[    2.041435] pci_bus 0000:02: resource 0 [io  0x1000-0x1fff]
[    2.041436] pci_bus 0000:02: resource 1 [mem 0xd0100000-0xd04fffff]
[    2.041437] pci_bus 0000:02: resource 2 [mem 0xfce0000000-0xfcf01fffff 64bit pref]
[    2.041438] pci_bus 0000:03: resource 1 [mem 0xd0000000-0xd00fffff]
[    2.041529] pci 0000:02:00.1: D0 power state depends on 0000:02:00.0
[    2.041556] pci 0000:02:00.3: extending delay after power-on from D3hot to 20 msec
[    2.045229] pci 0000:02:00.4: extending delay after power-on from D3hot to 20 msec
[    2.056397] pci 0000:02:00.4: quirk_usb_early_handoff+0x0/0x740 took 10903 usecs
[    2.056409] PCI: CLS 64 bytes, default 64
[    2.056420] pci 0000:00:00.2: AMD-Vi: IOMMU performance counters supported
[    2.056453] pci 0000:00:00.2: can't derive routing for PCI INT A
[    2.056454] pci 0000:00:00.2: PCI INT A: not connected
[    2.056456] AMD-Vi: Lazy IO/TLB flushing enabled
[    2.056469] pci 0000:00:01.0: Adding to iommu group 0
[    2.056470] Trying to unpack rootfs image as initramfs...
[    2.056477] pci 0000:00:01.2: Adding to iommu group 1
[    2.056485] pci 0000:00:02.0: Adding to iommu group 2
[    2.056496] pci 0000:00:08.0: Adding to iommu group 3
[    2.056501] pci 0000:00:08.1: Adding to iommu group 3
[    2.056506] pci 0000:00:08.2: Adding to iommu group 3
[    2.056516] pci 0000:00:14.0: Adding to iommu group 4
[    2.056522] pci 0000:00:14.3: Adding to iommu group 4
[    2.056542] pci 0000:00:18.0: Adding to iommu group 5
[    2.056548] pci 0000:00:18.1: Adding to iommu group 5
[    2.056553] pci 0000:00:18.2: Adding to iommu group 5
[    2.056559] pci 0000:00:18.3: Adding to iommu group 5
[    2.056567] pci 0000:00:18.4: Adding to iommu group 5
[    2.056572] pci 0000:00:18.5: Adding to iommu group 5
[    2.056578] pci 0000:00:18.6: Adding to iommu group 5
[    2.056583] pci 0000:00:18.7: Adding to iommu group 5
[    2.056589] pci 0000:01:00.0: Adding to iommu group 6
[    2.056601] pci 0000:02:00.0: Adding to iommu group 3
[    2.056603] pci 0000:02:00.1: Adding to iommu group 3
[    2.056607] pci 0000:02:00.2: Adding to iommu group 3
[    2.056613] pci 0000:02:00.3: Adding to iommu group 3
[    2.056616] pci 0000:02:00.4: Adding to iommu group 3
[    2.056619] pci 0000:02:00.5: Adding to iommu group 3
[    2.056622] pci 0000:02:00.6: Adding to iommu group 3
[    2.056625] pci 0000:03:00.0: Adding to iommu group 3
[    2.056629] pci 0000:03:00.1: Adding to iommu group 3
[    2.057001] pci 0000:00:00.2: AMD-Vi: Found IOMMU cap 0x40
[    2.057002] AMD-Vi: Extended features (0x206d73ef22254ade): PPR X2APIC NX GT IA GA PC GA_vAPIC
[    2.057007] AMD-Vi: Interrupt remapping enabled
[    2.057007] AMD-Vi: Virtual APIC enabled
[    2.057008] AMD-Vi: X2APIC enabled
[    2.057107] PCI-DMA: Using software bounce buffering for IO (SWIOTLB)
[    2.057108] software IO TLB: mapped [mem 0x00000000c4434000-0x00000000c8434000] (64MB)
[    2.064597] RAPL PMU: API unit is 2^-32 Joules, 1 fixed counters, 163840 ms ovfl timer
[    2.064603] RAPL PMU: hw unit of domain package 2^-16 Joules
[    2.064613] amd_uncore: 4  amd_df counters detected
[    2.064620] amd_uncore: 6  amd_l3 counters detected
[    2.065009] LVT offset 0 assigned for vector 0x400
[    2.065217] perf: AMD IBS detected (0x000003ff)
[    2.065236] perf/amd_iommu: Detected AMD IOMMU #0 (2 banks, 4 counters/bank).
[    2.067231] Initialise system trusted keyrings
[    2.067243] Key type blacklist registered
[    2.067309] workingset: timestamp_bits=41 max_order=22 bucket_order=0
[    2.068206] zbud: loaded
[    2.071243] Key type asymmetric registered
[    2.071247] Asymmetric key parser 'x509' registered
[    2.071268] Block layer SCSI generic (bsg) driver version 0.4 loaded (major 245)
[    2.071366] io scheduler mq-deadline registered
[    2.071369] io scheduler kyber registered
[    2.071420] io scheduler bfq registered
[    2.071422] 
               Start testing find_bit() with random-filled bitmap
[    2.071432] fbcon: Taking over console
[    2.073895] find_next_bit:                  643584 ns, 163778 iterations
[    2.074538] find_next_zero_bit:             640980 ns, 163903 iterations
[    2.075163] find_last_bit:                  624037 ns, 163777 iterations
[    2.078423] find_first_bit:                3258099 ns,  16408 iterations
[    2.078749] find_next_and_bit:              324252 ns,  73738 iterations
[    2.078750] 
               Start testing find_bit() with sparse bitmap
[    2.078772] find_next_bit:                   11582 ns,    655 iterations
[    2.080010] find_next_zero_bit:            1236865 ns, 327026 iterations
[    2.080021] find_last_bit:                    9398 ns,    655 iterations
[    2.081298] find_first_bit:                1275136 ns,    655 iterations
[    2.081303] find_next_and_bit:                3917 ns,      1 iterations
[    2.081585] pcieport 0000:00:01.2: PME: Signaling with IRQ 26
[    2.081689] pcieport 0000:00:08.1: PME: Signaling with IRQ 27
[    2.081835] pcieport 0000:00:08.2: PME: Signaling with IRQ 28
[    2.081903] shpchp: Standard Hot Plug PCI Controller Driver version: 0.4
[    2.081917] efifb: probing for efifb
[    2.081939] efifb: showing boot graphics
[    2.083081] efifb: framebuffer at 0xfce0000000, using 8128k, total 8128k
[    2.083082] efifb: mode is 1920x1080x32, linelength=7680, pages=1
[    2.083083] efifb: scrolling: redraw
[    2.083083] efifb: Truecolor: size=8:8:8:8, shift=24:16:8:0
[    2.083181] Console: switching to colour frame buffer device 240x67
[    2.085984] fb0: EFI VGA frame buffer device
[    2.086019] Monitor-Mwait will be used to enter C-1 state
[    2.086032] ACPI: \_SB_.PLTF.C000: Found 3 idle states
[    2.086038] ACPI: FW issue: working around C-state latencies out of order
[    2.086183] ACPI: \_SB_.PLTF.C001: Found 3 idle states
[    2.086194] ACPI: FW issue: working around C-state latencies out of order
[    2.086296] ACPI: \_SB_.PLTF.C002: Found 3 idle states
[    2.086306] ACPI: FW issue: working around C-state latencies out of order
[    2.086407] ACPI: \_SB_.PLTF.C003: Found 3 idle states
[    2.086418] ACPI: FW issue: working around C-state latencies out of order
[    2.086519] ACPI: \_SB_.PLTF.C004: Found 3 idle states
[    2.086529] ACPI: FW issue: working around C-state latencies out of order
[    2.086599] ACPI: \_SB_.PLTF.C005: Found 3 idle states
[    2.086603] ACPI: FW issue: working around C-state latencies out of order
[    2.086748] Serial: 8250/16550 driver, 4 ports, IRQ sharing enabled
[    2.099375] Freeing initrd memory: 18504K
[    2.403319] wireguard: WireGuard 1.0.0 loaded. See www.wireguard.com for information.
[    2.403321] wireguard: Copyright (C) 2015-2019 Jason A. Donenfeld <Jason@zx2c4.com>. All Rights Reserved.
[    2.403347] rtc_cmos 00:01: RTC can wake from S4
[    2.403570] rtc_cmos 00:01: registered as rtc0
[    2.403615] rtc_cmos 00:01: setting system clock to 2021-10-18T07:18:59 UTC (1634541539)
[    2.403630] rtc_cmos 00:01: alarms up to one month, 114 bytes nvram, hpet irqs
[    2.403783] ledtrig-cpu: registered to indicate activity on CPUs
[    2.405830] pstore: Registered efi as persistent store backend
[    2.405857] drop_monitor: Initializing network drop monitor service
[    2.405960] NET: Registered PF_INET6 protocol family
[    2.410984] Segment Routing with IPv6
[    2.411021] NET: Registered PF_PACKET protocol family
[    2.412177] microcode: CPU0: patch_level=0x08600106
[    2.412200] microcode: CPU1: patch_level=0x08600106
[    2.412228] microcode: CPU2: patch_level=0x08600106
[    2.412255] microcode: CPU3: patch_level=0x08600106
[    2.412276] microcode: CPU4: patch_level=0x08600106
[    2.412281] microcode: CPU5: patch_level=0x08600106
[    2.412285] microcode: Microcode Update Driver: v2.2.
[    2.412289] IPI shorthand broadcast: enabled
[    2.412301] sched_clock: Marking stable (2411632188, 395102)->(3516450095, -1104422805)
[    2.412565] registered taskstats version 1
[    2.412750] Loading compiled-in X.509 certificates
[    2.415438] Loaded X.509 cert 'Build time autogenerated kernel key: 246799746e27b19803e0d619f1c8b01ce01d943f'
[    2.415580] zswap: loaded using pool lz4/zbud
[    2.415907] Key type ._fscrypt registered
[    2.415911] Key type .fscrypt registered
[    2.415911] Key type fscrypt-provisioning registered
[    2.415934] pstore: Using crash dump compression: zstd
[    2.415952] Key type big_key registered
[    2.417929] Key type encrypted registered
[    2.417939] AppArmor: AppArmor sha1 policy hashing enabled
[    2.417951] ima: Allocated hash algorithm: sha1
[    2.446127] ima: No architecture policies found
[    2.446159] evm: Initialising EVM extended attributes:
[    2.446161] evm: security.selinux (disabled)
[    2.446163] evm: security.SMACK64 (disabled)
[    2.446165] evm: security.SMACK64EXEC (disabled)
[    2.446166] evm: security.SMACK64TRANSMUTE (disabled)
[    2.446168] evm: security.SMACK64MMAP (disabled)
[    2.446169] evm: security.apparmor
[    2.446170] evm: security.ima (disabled)
[    2.446171] evm: security.capability
[    2.446173] evm: HMAC attrs: 0x1
[    2.446681] PM:   Magic number: 9:389:319
[    2.446709] tty tty44: hash matches
[    2.446739] acpi PNP0500:02: hash matches
[    2.447109] RAS: Correctable Errors collector initialized.
[    2.449337] Freeing unused decrypted memory: 2036K
[    2.449602] Freeing unused kernel image (initmem) memory: 1652K
[    2.468882] Write protecting the kernel read-only data: 18432k
[    2.469656] Freeing unused kernel image (text/rodata gap) memory: 2040K
[    2.469894] Freeing unused kernel image (rodata/data gap) memory: 664K
[    2.469902] Run /init as init process
[    2.469903]   with arguments:
[    2.469904]     /init
[    2.469904]   with environment:
[    2.469905]     HOME=/
[    2.469905]     TERM=linux
[    2.469906]     BOOT_IMAGE=/@/boot/vmlinuz-linux-amd
[    2.469907]     cryptdevice=UUID=f5c58973-d2db-4063-9fb3-06e53844933b:luks-f5c58973-d2db-4063-9fb3-06e53844933b
[    2.469907]     mem_encrypt=on
[    2.527556] i8042: PNP: PS/2 Controller [PNP0303:KBC0] at 0x60,0x64 irq 1
[    2.527560] i8042: PNP: PS/2 appears to have AUX port disabled, if this is incorrect please boot with i8042.nopnp
[    2.531076] ccp 0000:02:00.2: enabling device (0000 -> 0002)
[    2.531248] ccp 0000:02:00.2: ccp: unable to access the device: you might be running a broken BIOS.
[    2.532063] serio: i8042 KBD port at 0x60,0x64 irq 1
[    2.532850] SCSI subsystem initialized
[    2.536607] cryptd: max_cpu_qlen set to 1000
[    2.538143] libata version 3.00 loaded.
[    2.541235] ahci 0000:03:00.0: version 3.0
[    2.541423] ahci 0000:03:00.0: AHCI 0001.0301 32 slots 1 ports 6 Gbps 0x1 impl SATA mode
[    2.541427] ahci 0000:03:00.0: flags: 64bit ncq sntf ilck pm led clo only pmp fbs pio slum part 
[    2.541771] scsi host0: ahci
[    2.541849] ata1: SATA max UDMA/133 abar m2048@0xd0001000 port 0xd0001100 irq 33
[    2.542035] ahci 0000:03:00.1: AHCI 0001.0301 32 slots 1 ports 6 Gbps 0x1 impl SATA mode
[    2.542039] ahci 0000:03:00.1: flags: 64bit ncq sntf ilck pm led clo only pmp fbs pio slum part deso sadm sds 
[    2.542239] scsi host1: ahci
[    2.542284] ata2: SATA max UDMA/133 abar m2048@0xd0000000 port 0xd0000100 irq 35
[    2.542707] ccp 0000:02:00.2: tee enabled
[    2.542712] ccp 0000:02:00.2: psp enabled
[    2.547240] AVX2 version of gcm_enc/dec engaged.
[    2.547278] AES CTR mode by8 optimization enabled
[    2.548007] ACPI: bus type USB registered
[    2.548029] usbcore: registered new interface driver usbfs
[    2.548035] usbcore: registered new interface driver hub
[    2.548051] usbcore: registered new device driver usb
[    2.556549] input: AT Translated Set 2 keyboard as /devices/platform/i8042/serio0/input/input0
[    2.556838] xhci_hcd 0000:02:00.3: xHCI Host Controller
[    2.556847] xhci_hcd 0000:02:00.3: new USB bus registered, assigned bus number 1
[    2.556934] xhci_hcd 0000:02:00.3: hcc params 0x0268ffe5 hci version 0x110 quirks 0x0000020000000410
[    2.557234] xhci_hcd 0000:02:00.3: xHCI Host Controller
[    2.557236] xhci_hcd 0000:02:00.3: new USB bus registered, assigned bus number 2
[    2.557238] xhci_hcd 0000:02:00.3: Host supports USB 3.1 Enhanced SuperSpeed
[    2.557366] hub 1-0:1.0: USB hub found
[    2.557373] hub 1-0:1.0: 4 ports detected
[    2.557538] usb usb2: We don't know the algorithms for LPM for this host, disabling LPM.
[    2.557612] hub 2-0:1.0: USB hub found
[    2.557616] hub 2-0:1.0: 2 ports detected
[    2.557748] xhci_hcd 0000:02:00.4: xHCI Host Controller
[    2.557752] xhci_hcd 0000:02:00.4: new USB bus registered, assigned bus number 3
[    2.557846] xhci_hcd 0000:02:00.4: hcc params 0x0268ffe5 hci version 0x110 quirks 0x0000020000000410
[    2.558109] xhci_hcd 0000:02:00.4: xHCI Host Controller
[    2.558112] xhci_hcd 0000:02:00.4: new USB bus registered, assigned bus number 4
[    2.558115] xhci_hcd 0000:02:00.4: Host supports USB 3.1 Enhanced SuperSpeed
[    2.558206] hub 3-0:1.0: USB hub found
[    2.558213] hub 3-0:1.0: 4 ports detected
[    2.558411] usb usb4: We don't know the algorithms for LPM for this host, disabling LPM.
[    2.558497] hub 4-0:1.0: USB hub found
[    2.558502] hub 4-0:1.0: 2 ports detected
[    2.806145] usb 1-4: new full-speed USB device number 2 using xhci_hcd
[    2.859389] ata1: SATA link down (SStatus 0 SControl 300)
[    3.022806] ata2: SATA link up 6.0 Gbps (SStatus 133 SControl 300)
[    3.024612] ata2.00: ATA-11: SAMSUNG MZNLH512HALU-00000, RVT2200Q, max UDMA/133
[    3.024623] ata2.00: 1000215216 sectors, multi 16: LBA48 NCQ (depth 32), AA
[    3.027230] ata2.00: configured for UDMA/133
[    3.027483] scsi 1:0:0:0: Direct-Access     ATA      SAMSUNG MZNLH512 200Q PQ: 0 ANSI: 5
[    3.030785] sd 1:0:0:0: [sda] 1000215216 512-byte logical blocks: (512 GB/477 GiB)
[    3.030799] sd 1:0:0:0: [sda] Write Protect is off
[    3.030802] sd 1:0:0:0: [sda] Mode Sense: 00 3a 00 00
[    3.030815] sd 1:0:0:0: [sda] Write cache: enabled, read cache: enabled, doesn't support DPO or FUA
[    3.051968]  sda: sda1 sda2 sda3 sda4
[    3.072217] sd 1:0:0:0: [sda] Attached SCSI disk
[    3.117902] Key type trusted registered
[    3.121095] device-mapper: uevent: version 1.0.3
[    3.121203] device-mapper: ioctl: 4.45.0-ioctl (2021-03-22) initialised: dm-devel@redhat.com
[    3.171922] clocksource: tsc: mask: 0xffffffffffffffff max_cycles: 0x222b6ce8bbc, max_idle_ns: 440795223561 ns
[    3.171962] clocksource: Switched to clocksource tsc
[    6.658846] raid6: avx2x4   gen() 35956 MB/s
[    6.715458] raid6: avx2x4   xor() 10079 MB/s
[    6.772373] raid6: avx2x2   gen() 36098 MB/s
[    6.828811] raid6: avx2x2   xor() 23563 MB/s
[    6.885634] raid6: avx2x1   gen() 30652 MB/s
[    6.942138] raid6: avx2x1   xor() 18703 MB/s
[    6.998787] raid6: sse2x4   gen() 17635 MB/s
[    7.055514] raid6: sse2x4   xor()  8802 MB/s
[    7.112134] raid6: sse2x2   gen() 19534 MB/s
[    7.168565] raid6: sse2x2   xor() 11908 MB/s
[    7.225199] raid6: sse2x1   gen() 14924 MB/s
[    7.281867] raid6: sse2x1   xor()  9470 MB/s
[    7.281868] raid6: using algorithm avx2x2 gen() 36098 MB/s
[    7.281869] raid6: .... xor() 23563 MB/s, rmw enabled
[    7.281870] raid6: using avx2x2 recovery algorithm
[    7.283263] xor: automatically using best checksumming function   avx       
[    7.322250] Btrfs loaded, crc32c=crc32c-intel, zoned=yes
[    7.323378] BTRFS: device fsid 60699b1d-4878-4c7a-9ce1-e6cca69ee26a devid 1 transid 21050 /dev/dm-0 scanned by systemd-udevd (169)
[    7.332387] PM: Image not found (code -22)
[    7.341283] BTRFS info (device dm-0): flagging fs with big metadata feature
[    7.341288] BTRFS info (device dm-0): disk space caching is enabled
[    7.341289] BTRFS info (device dm-0): has skinny extents
[    7.354946] BTRFS info (device dm-0): enabling ssd optimizations
[    7.354951] BTRFS info (device dm-0): start tree-log replay
[    7.561819] BTRFS info (device dm-0): checking UUID tree
[    7.654897] systemd[1]: systemd 249.5-1-arch running in system mode (+PAM +AUDIT -SELINUX -APPARMOR -IMA +SMACK +SECCOMP +GCRYPT +GNUTLS +OPENSSL +ACL +BLKID +CURL +ELFUTILS +FIDO2 +IDN2 -IDN +IPTC +KMOD +LIBCRYPTSETUP +LIBFDISK +PCRE2 -PWQUALITY +P11KIT -QRENCODE +BZIP2 +LZ4 +XZ +ZLIB +ZSTD +XKBCOMMON +UTMP -SYSVINIT default-hierarchy=unified)
[    7.669118] systemd[1]: Detected architecture x86-64.
[    7.669894] systemd[1]: Hostname set to <mksnotebook>.
[    7.771390] systemd[1]: Queued start job for default target Graphical Interface.
[    7.772436] systemd[1]: Created slice Slice /system/getty.
[    7.772667] systemd[1]: Created slice Slice /system/modprobe.
[    7.772822] systemd[1]: Created slice Cryptsetup Units Slice.
[    7.772965] systemd[1]: Created slice Slice /system/systemd-fsck.
[    7.773072] systemd[1]: Created slice User and Session Slice.
[    7.773117] systemd[1]: Started Dispatch Password Requests to Console Directory Watch.
[    7.773149] systemd[1]: Started Forward Password Requests to Wall Directory Watch.
[    7.773250] systemd[1]: Set up automount Arbitrary Executable File Formats File System Automount Point.
[    7.773293] systemd[1]: Reached target Path Units.
[    7.773304] systemd[1]: Reached target Remote File Systems.
[    7.773312] systemd[1]: Reached target Slice Units.
[    7.773330] systemd[1]: Reached target Local Verity Integrity Protected Volumes.
[    7.773372] systemd[1]: Listening on Device-mapper event daemon FIFOs.
[    7.773924] systemd[1]: Listening on LVM2 poll daemon socket.
[    7.774642] systemd[1]: Listening on Process Core Dump Socket.
[    7.774741] systemd[1]: Listening on Journal Audit Socket.
[    7.774801] systemd[1]: Listening on Journal Socket (/dev/log).
[    7.774866] systemd[1]: Listening on Journal Socket.
[    7.775413] systemd[1]: Listening on udev Control Socket.
[    7.775497] systemd[1]: Listening on udev Kernel Socket.
[    7.776061] systemd[1]: Mounting Huge Pages File System...
[    7.776450] systemd[1]: Mounting POSIX Message Queue File System...
[    7.776856] systemd[1]: Mounting Kernel Debug File System...
[    7.777404] systemd[1]: Mounting Kernel Trace File System...
[    7.778137] systemd[1]: Starting Create List of Static Device Nodes...
[    7.778599] systemd[1]: Starting Monitoring of LVM2 mirrors, snapshots etc. using dmeventd or progress polling...
[    7.779153] systemd[1]: Starting Load Kernel Module configfs...
[    7.779741] systemd[1]: Starting Load Kernel Module drm...
[    7.780273] systemd[1]: Starting Load Kernel Module fuse...
[    7.780623] systemd[1]: Condition check resulted in Set Up Additional Binary Formats being skipped.
[    7.780657] systemd[1]: Condition check resulted in File System Check on Root Device being skipped.
[    7.781350] systemd[1]: Starting Load Kernel Modules...
[    7.781885] systemd[1]: Starting Remount Root and Kernel File Systems...
[    7.781942] systemd[1]: Condition check resulted in Repartition Root Disk being skipped.
[    7.782615] systemd[1]: Starting Coldplug All udev Devices...
[    7.783670] systemd[1]: Mounted Huge Pages File System.
[    7.783751] systemd[1]: Mounted POSIX Message Queue File System.
[    7.783801] systemd[1]: Mounted Kernel Debug File System.
[    7.783851] systemd[1]: Mounted Kernel Trace File System.
[    7.784060] systemd[1]: Finished Create List of Static Device Nodes.
[    7.784272] systemd[1]: modprobe@configfs.service: Deactivated successfully.
[    7.784427] systemd[1]: Finished Load Kernel Module configfs.
[    7.785108] systemd[1]: Mounting Kernel Configuration File System...
[    7.790866] systemd[1]: Mounted Kernel Configuration File System.
[    7.795621] fuse: init (API version 7.34)
[    7.796317] systemd[1]: modprobe@fuse.service: Deactivated successfully.
[    7.796495] systemd[1]: Finished Load Kernel Module fuse.
[    7.797241] systemd[1]: Mounting FUSE Control File System...
[    7.798944] systemd[1]: Mounted FUSE Control File System.
[    7.809639] systemd[1]: modprobe@drm.service: Deactivated successfully.
[    7.809838] systemd[1]: Finished Load Kernel Module drm.
[    7.825433] BTRFS info (device dm-0): use zstd compression, level 3
[    7.825442] BTRFS info (device dm-0): disk space caching is enabled
[    7.827093] systemd[1]: Finished Monitoring of LVM2 mirrors, snapshots etc. using dmeventd or progress polling.
[    7.827396] systemd[1]: Finished Remount Root and Kernel File Systems.
[    7.827526] systemd[1]: Condition check resulted in First Boot Wizard being skipped.
[    7.828354] systemd[1]: Condition check resulted in Rebuild Hardware Database being skipped.
[    7.829188] systemd[1]: Starting Load/Save Random Seed...
[    7.829779] systemd[1]: Starting Create System Users...
[    7.837719] systemd[1]: Finished Load/Save Random Seed.
[    7.837932] systemd[1]: Condition check resulted in First Boot Complete being skipped.
[    7.838558] systemd[1]: Finished Coldplug All udev Devices.
[    7.845146] cfg80211: Loading compiled-in X.509 certificates for regulatory database
[    7.852511] cfg80211: Loaded X.509 cert 'sforshee: 00b28ddf47aef9cea7'
[    7.858631] systemd[1]: Finished Create System Users.
[    7.859235] systemd[1]: Starting Create Static Device Nodes in /dev...
[    7.874802] systemd[1]: Finished Create Static Device Nodes in /dev.
[    7.874889] systemd[1]: Reached target Preparation for Local File Systems.
[    7.874927] systemd[1]: Condition check resulted in Virtual Machine and Container Storage (Compatibility) being skipped.
[    7.874939] systemd[1]: Condition check resulted in Entropy Daemon based on the HAVEGE algorithm being skipped.
[    7.876148] systemd[1]: Starting Journal Service...
[    7.877018] systemd[1]: Starting Rule-based Manager for Device Events and Files...
[    7.911822] rtw_core: loading out-of-tree module taints kernel.
[    7.911909] rtw_core: module verification failed: signature and/or required key missing - tainting kernel
[    7.913965] systemd[1]: Started Journal Service.
[    7.914089] audit: type=1130 audit(1634541545.005:2): pid=1 uid=0 auid=4294967295 ses=4294967295 subj==unconfined msg='unit=systemd-journald comm="systemd" exe="/usr/lib/systemd/systemd" hostname=? addr=? terminal=? res=success'
[    7.921173] rtw_8822ce 0000:01:00.0: enabling device (0000 -> 0003)
[    7.922475] rtw_8822ce 0000:01:00.0: Firmware version 9.9.10, H2C version 15
[    7.922627] rtw_8822ce 0000:01:00.0: Firmware version 9.9.4, H2C version 15
[    7.923827] audit: type=1130 audit(1634541545.015:3): pid=1 uid=0 auid=4294967295 ses=4294967295 subj==unconfined msg='unit=systemd-udevd comm="systemd" exe="/usr/lib/systemd/systemd" hostname=? addr=? terminal=? res=success'
[    7.943851] audit: type=1130 audit(1634541545.035:4): pid=1 uid=0 auid=4294967295 ses=4294967295 subj==unconfined msg='unit=systemd-modules-load comm="systemd" exe="/usr/lib/systemd/systemd" hostname=? addr=? terminal=? res=success'
[    7.954070] audit: type=1130 audit(1634541545.045:5): pid=1 uid=0 auid=4294967295 ses=4294967295 subj==unconfined msg='unit=systemd-sysctl comm="systemd" exe="/usr/lib/systemd/systemd" hostname=? addr=? terminal=? res=success'
[    7.975869] thermal LNXTHERM:00: registered as thermal_zone0
[    7.975874] ACPI: thermal: Thermal Zone [TZ0] (45 C)
[    7.979571] acpi_cpufreq: overriding BIOS provided _PSD data
[    7.984215] hid: raw HID events driver (C) Jiri Kosina
[    7.994437] acpi PNP0C14:01: duplicate WMI GUID 05901221-D566-11D1-B2F0-00A0C9062910 (first instance was on PNP0C14:00)
[    8.000070] ACPI: video: Video Device [VGA] (multi-head: yes  rom: no  post: no)
[    8.000318] acpi device:0e: registered as cooling_device6
[    8.000357] input: Video Bus as /devices/LNXSYSTM:00/LNXSYBUS:00/PNP0A08:00/device:0d/LNXVIDEO:00/input/input1
[    8.005786] input: Power Button as /devices/LNXSYSTM:00/LNXSYBUS:00/PNP0C0C:00/input/input2
[    8.005813] ACPI: button: Power Button [PWRB]
[    8.006337] input: Lid Switch as /devices/LNXSYSTM:00/LNXSYBUS:00/PNP0A08:00/device:2a/PNP0C09:00/PNP0C0D:00/input/input3
[    8.006360] ACPI: button: Lid Switch [LID0]
[    8.021909] piix4_smbus 0000:00:14.0: SMBus Host Controller at 0xb00, revision 0
[    8.021915] piix4_smbus 0000:00:14.0: Using register 0x02 for SMBus port selection
[    8.021974] piix4_smbus 0000:00:14.0: Auxiliary SMBus Host Controller at 0xb20
[    8.089473] audit: type=1130 audit(1634541545.181:6): pid=1 uid=0 auid=4294967295 ses=4294967295 subj==unconfined msg='unit=systemd-cryptsetup@luks\x2df5c58973\x2dd2db\x2d4063\x2d9fb3\x2d06e53844933b comm="systemd" exe="/usr/lib/systemd/systemd" hostname=? addr=? terminal=? res=success'
[    8.091722] Adding 16383996k swap on /dev/sda2.  Priority:-2 extents:1 across:16383996k SSFS
[    8.113304] ACPI: AC: AC Adapter [ACAD] (off-line)
[    8.113821] audit: type=1130 audit(1634541545.205:7): pid=1 uid=0 auid=4294967295 ses=4294967295 subj==unconfined msg='unit=systemd-fsck@dev-disk-by\x2duuid-D755\x2d337D comm="systemd" exe="/usr/lib/systemd/systemd" hostname=? addr=? terminal=? res=success'
[    8.121525] audit: type=1325 audit(1634541545.211:8): table=filter:2 family=2 entries=7 op=nft_register_chain pid=406 subj==unconfined comm="iptables-restor"
[    8.121533] audit: type=1300 audit(1634541545.211:8): arch=c000003e syscall=46 success=yes exit=732 a0=3 a1=7fff9295ae50 a2=0 a3=7fff9295ae3c items=0 ppid=355 pid=406 auid=4294967295 uid=0 gid=0 euid=0 suid=0 fsuid=0 egid=0 sgid=0 fsgid=0 tty=(none) ses=4294967295 comm="iptables-restor" exe="/usr/bin/xtables-nft-multi" subj==unconfined key=(null)
[    8.121536] audit: type=1327 audit(1634541545.211:8): proctitle=69707461626C65732D726573746F7265002D6E
[    8.126031] snd_rn_pci_acp3x 0000:02:00.5: enabling device (0000 -> 0002)
[    8.181688] ACPI: battery: Slot [BATT] (battery present)
[    8.184322] Bluetooth: Core ver 2.22
[    8.184359] NET: Registered PF_BLUETOOTH protocol family
[    8.184360] Bluetooth: HCI device and connection manager initialized
[    8.184366] Bluetooth: HCI socket layer initialized
[    8.184368] Bluetooth: L2CAP socket layer initialized
[    8.184372] Bluetooth: SCO socket layer initialized
[    8.191790] audit: type=1325 audit(1634541545.218:9): table=filter:3 family=2 entries=36 op=nft_register_chain pid=409 subj==unconfined comm="iptables-restor"
[    8.223903] rtw_8822ce 0000:01:00.0 wlp1s0: renamed from wlan0
[    8.226868] BTRFS info (device dm-0): devid 1 device path /dev/mapper/luks-f5c58973-d2db-4063-9fb3-06e53844933b changed to /dev/dm-0 scanned by systemd-udevd (353)
[    8.227686] BTRFS info (device dm-0): devid 1 device path /dev/dm-0 changed to /dev/mapper/luks-f5c58973-d2db-4063-9fb3-06e53844933b scanned by systemd-udevd (353)
[    8.238263] kvm: Nested Virtualization enabled
[    8.238267] SVM: kvm: Nested Paging enabled
[    8.238279] SVM: Virtual VMLOAD VMSAVE supported
[    8.238279] SVM: Virtual GIF supported
[    8.249146] MCE: In-kernel MCE decoding enabled.
[    8.266714] systemd-journald[335]: Received client request to flush runtime journal.
[    8.283546] usbcore: registered new interface driver btusb
[    8.284377] Bluetooth: hci0: RTL: examining hci_ver=0a hci_rev=000c lmp_ver=0a lmp_subver=8822
[    8.286477] Bluetooth: hci0: RTL: rom_version status=0 version=3
[    8.286484] Bluetooth: hci0: RTL: loading rtl_bt/rtl8822cu_fw.bin
[    8.289200] snd_hda_intel 0000:02:00.1: enabling device (0000 -> 0002)
[    8.289290] snd_hda_intel 0000:02:00.1: Handle vga_switcheroo audio client
[    8.289412] snd_hda_intel 0000:02:00.6: enabling device (0000 -> 0002)
[    8.290900] Bluetooth: hci0: RTL: loading rtl_bt/rtl8822cu_config.bin
[    8.290959] Bluetooth: hci0: RTL: cfg_sz 6, total sz 39526
[    8.356533] input: HD-Audio Generic HDMI/DP,pcm=3 as /devices/pci0000:00/0000:00:08.1/0000:02:00.1/sound/card0/input4
[    8.356585] input: HD-Audio Generic HDMI/DP,pcm=7 as /devices/pci0000:00/0000:00:08.1/0000:02:00.1/sound/card0/input5
[    8.379449] input: GXT7863:00 27C6:01E0 Mouse as /devices/platform/AMDI0010:03/i2c-0/i2c-GXT7863:00/0018:27C6:01E0.0001/input/input6
[    8.379542] input: GXT7863:00 27C6:01E0 Touchpad as /devices/platform/AMDI0010:03/i2c-0/i2c-GXT7863:00/0018:27C6:01E0.0001/input/input7
[    8.379611] hid-generic 0018:27C6:01E0.0001: input,hidraw0: I2C HID v1.00 Mouse [GXT7863:00 27C6:01E0] on i2c-GXT7863:00
[    8.458832] AMD-Vi: AMD IOMMUv2 driver by Joerg Roedel <jroedel@suse.de>
[    8.528118] snd_hda_codec_realtek hdaudioC1D0: autoconfig for ALC256: line_outs=1 (0x14/0x0/0x0/0x0/0x0) type:speaker
[    8.528125] snd_hda_codec_realtek hdaudioC1D0:    speaker_outs=0 (0x0/0x0/0x0/0x0/0x0)
[    8.528128] snd_hda_codec_realtek hdaudioC1D0:    hp_outs=1 (0x21/0x0/0x0/0x0/0x0)
[    8.528130] snd_hda_codec_realtek hdaudioC1D0:    mono: mono_out=0x0
[    8.528131] snd_hda_codec_realtek hdaudioC1D0:    inputs:
[    8.528132] snd_hda_codec_realtek hdaudioC1D0:      Mic=0x19
[    8.631280] input: GXT7863:00 27C6:01E0 Mouse as /devices/platform/AMDI0010:03/i2c-0/i2c-GXT7863:00/0018:27C6:01E0.0001/input/input11
[    8.631379] Bluetooth: hci0: RTL: fw version 0x09a91a4a
[    8.631612] input: GXT7863:00 27C6:01E0 Touchpad as /devices/platform/AMDI0010:03/i2c-0/i2c-GXT7863:00/0018:27C6:01E0.0001/input/input12
[    8.632203] input: HD-Audio Generic Mic as /devices/pci0000:00/0000:00:08.1/0000:02:00.6/sound/card1/input9
[    8.632222] hid-multitouch 0018:27C6:01E0.0001: input,hidraw0: I2C HID v1.00 Mouse [GXT7863:00 27C6:01E0] on i2c-GXT7863:00
[    8.632250] input: HD-Audio Generic Headphone as /devices/pci0000:00/0000:00:08.1/0000:02:00.6/sound/card1/input10
[    8.651910] acp_pdm_mach acp_pdm_mach.0: snd_soc_register_card(acp) failed: -517
[    8.652862] acp_pdm_mach acp_pdm_mach.0: snd_soc_register_card(acp) failed: -517
[    8.704167] mousedev: PS/2 mouse device common for all mice
[    9.052625] [drm] amdgpu kernel modesetting enabled.
[    9.062759] amdgpu: Virtual CRAT table created for CPU
[    9.062777] amdgpu: Topology: Add CPU node
[    9.062869] checking generic (fce0000000 7f0000) vs hw (fce0000000 10000000)
[    9.062871] fb0: switching to amdgpudrmfb from EFI VGA
[    9.062949] Console: switching to colour dummy device 80x25
[    9.062970] amdgpu 0000:02:00.0: vgaarb: deactivate vga console
[    9.063011] amdgpu 0000:02:00.0: enabling device (0006 -> 0007)
[    9.063071] [drm] initializing kernel modesetting (RENOIR 0x1002:0x1636 0x1D72:0x1951 0xC3).
[    9.063075] amdgpu 0000:02:00.0: amdgpu: Trusted Memory Zone (TMZ) feature enabled
[    9.063707] [drm] register mmio base: 0xD0400000
[    9.063710] [drm] register mmio size: 524288
[    9.063712] [drm] PCIE atomic ops is not supported
[    9.064828] [drm] add ip block number 0 <soc15_common>
[    9.064830] [drm] add ip block number 1 <gmc_v9_0>
[    9.064831] [drm] add ip block number 2 <vega10_ih>
[    9.064832] [drm] add ip block number 3 <psp>
[    9.064834] [drm] add ip block number 4 <smu>
[    9.064835] [drm] add ip block number 5 <gfx_v9_0>
[    9.064836] [drm] add ip block number 6 <sdma_v4_0>
[    9.064837] [drm] add ip block number 7 <dm>
[    9.064839] [drm] add ip block number 8 <vcn_v2_0>
[    9.064840] [drm] add ip block number 9 <jpeg_v2_0>
[    9.064850] amdgpu 0000:02:00.0: amdgpu: Fetched VBIOS from VFCT
[    9.064853] amdgpu: ATOM BIOS: 113-RENOIR-026
[    9.066092] [drm] VCN decode is enabled in VM mode
[    9.066094] [drm] VCN encode is enabled in VM mode
[    9.066096] [drm] JPEG decode is enabled in VM mode
[    9.066131] [drm] vm size is 262144 GB, 4 levels, block size is 9-bit, fragment size is 9-bit
[    9.066138] amdgpu 0000:02:00.0: amdgpu: VRAM: 512M 0x000000F400000000 - 0x000000F41FFFFFFF (512M used)
[    9.066141] amdgpu 0000:02:00.0: amdgpu: GART: 1024M 0x0000000000000000 - 0x000000003FFFFFFF
[    9.066144] amdgpu 0000:02:00.0: amdgpu: AGP: 267419648M 0x000000F800000000 - 0x0000FFFFFFFFFFFF
[    9.066151] [drm] Detected VRAM RAM=512M, BAR=512M
[    9.066152] [drm] RAM width 128bits DDR4
[    9.066201] [drm] amdgpu: 512M of VRAM memory ready
[    9.066203] [drm] amdgpu: 3072M of GTT memory ready.
[    9.066208] [drm] GART: num cpu pages 262144, num gpu pages 262144
[    9.066339] [drm] PCIE GART of 1024M enabled.
[    9.066340] [drm] PTB located at 0x000000F400900000
[    9.070783] amdgpu 0000:02:00.0: amdgpu: PSP runtime database doesn't exist
[    9.133223] [drm] Loading DMUB firmware via PSP: version=0x01010019
[    9.134971] [drm] Found VCN firmware Version ENC: 1.16 DEC: 5 VEP: 0 Revision: 3
[    9.134984] amdgpu 0000:02:00.0: amdgpu: Will use PSP to load VCN firmware
[    9.786760] [drm] reserve 0x400000 from 0xf41f800000 for PSP TMR
[    9.864840] amdgpu 0000:02:00.0: amdgpu: RAS: optional ras ta ucode is not available
[    9.873233] amdgpu 0000:02:00.0: amdgpu: RAP: optional rap ta ucode is not available
[    9.873238] amdgpu 0000:02:00.0: amdgpu: SECUREDISPLAY: securedisplay ta ucode is not available
[    9.873519] amdgpu 0000:02:00.0: amdgpu: SMU is initialized successfully!
[    9.874885] [drm] kiq ring mec 2 pipe 1 q 0
[    9.875346] [drm] Display Core initialized with v3.2.141!
[    9.876094] [drm] DMUB hardware initialized: version=0x01010019
[    9.986687] [drm] VCN decode and encode initialized successfully(under DPG Mode).
[    9.986712] [drm] JPEG decode initialized successfully.
[    9.987829] kfd kfd: amdgpu: Allocated 3969056 bytes on gart
[   10.002620] memmap_init_zone_device initialised 131072 pages in 0ms
[   10.002629] amdgpu: HMM registered 512MB device memory
[   10.002665] amdgpu: SRAT table not found
[   10.002666] amdgpu: Virtual CRAT table created for GPU
[   10.002756] amdgpu: Topology: Add dGPU node [0x1636:0x1002]
[   10.002762] kfd kfd: amdgpu: added device 1002:1636
[   10.002839] amdgpu 0000:02:00.0: amdgpu: SE 1, SH per SE 2, CU per SH 18, active_cu_number 26
[   10.005135] [drm] fb mappable at 0x410CD1000
[   10.005138] [drm] vram apper at 0x410000000
[   10.005139] [drm] size 8294400
[   10.005139] [drm] fb depth is 24
[   10.005140] [drm]    pitch is 7680
[   10.005278] fbcon: amdgpu (fb0) is primary device
[   10.067570] Console: switching to colour frame buffer device 240x67
[   10.085394] amdgpu 0000:02:00.0: [drm] fb0: amdgpu frame buffer device
[   10.108606] amdgpu 0000:02:00.0: amdgpu: ring gfx uses VM inv eng 0 on hub 0
[   10.108611] amdgpu 0000:02:00.0: amdgpu: ring comp_1.0.0 uses VM inv eng 1 on hub 0
[   10.108612] amdgpu 0000:02:00.0: amdgpu: ring comp_1.1.0 uses VM inv eng 4 on hub 0
[   10.108614] amdgpu 0000:02:00.0: amdgpu: ring comp_1.2.0 uses VM inv eng 5 on hub 0
[   10.108615] amdgpu 0000:02:00.0: amdgpu: ring comp_1.3.0 uses VM inv eng 6 on hub 0
[   10.108615] amdgpu 0000:02:00.0: amdgpu: ring comp_1.0.1 uses VM inv eng 7 on hub 0
[   10.108616] amdgpu 0000:02:00.0: amdgpu: ring comp_1.1.1 uses VM inv eng 8 on hub 0
[   10.108617] amdgpu 0000:02:00.0: amdgpu: ring comp_1.2.1 uses VM inv eng 9 on hub 0
[   10.108618] amdgpu 0000:02:00.0: amdgpu: ring comp_1.3.1 uses VM inv eng 10 on hub 0
[   10.108619] amdgpu 0000:02:00.0: amdgpu: ring kiq_2.1.0 uses VM inv eng 11 on hub 0
[   10.108620] amdgpu 0000:02:00.0: amdgpu: ring sdma0 uses VM inv eng 0 on hub 1
[   10.108622] amdgpu 0000:02:00.0: amdgpu: ring vcn_dec uses VM inv eng 1 on hub 1
[   10.108623] amdgpu 0000:02:00.0: amdgpu: ring vcn_enc0 uses VM inv eng 4 on hub 1
[   10.108624] amdgpu 0000:02:00.0: amdgpu: ring vcn_enc1 uses VM inv eng 5 on hub 1
[   10.108625] amdgpu 0000:02:00.0: amdgpu: ring jpeg_dec uses VM inv eng 6 on hub 1
[   10.109918] [drm] Initialized amdgpu 3.42.0 20150101 for 0000:02:00.0 on minor 0
[   10.946893] Bluetooth: BNEP (Ethernet Emulation) ver 1.3
[   10.946897] Bluetooth: BNEP filters: protocol multicast
[   10.946901] Bluetooth: BNEP socket layer initialized
[   10.952366] NET: Registered PF_ALG protocol family
[   12.062135] rtw_8822ce 0000:01:00.0: start vif 74:4c:a1:55:0d:6f on port 0
[   12.063507] rtw_8822ce 0000:01:00.0: stop vif 74:4c:a1:55:0d:6f on port 0
[   12.295245] rtw_8822ce 0000:01:00.0: start vif 82:b4:13:29:5d:e7 on port 0
[   26.870335] show_signal: 59 callbacks suppressed
[   26.870346] traps: xsuspender[799] trap int3 ip:7f2af727995b sp:7ffef9c536b0 error:0 in libglib-2.0.so.0.7000.0[7f2af723a000+8d000]
[   26.911903] Bluetooth: RFCOMM TTY layer initialized
[   26.911921] Bluetooth: RFCOMM socket layer initialized
[   26.911931] Bluetooth: RFCOMM ver 1.11
[   36.273363] rtw_8822ce 0000:01:00.0: stop vif 82:b4:13:29:5d:e7 on port 0
[   36.516693] rtw_8822ce 0000:01:00.0: start vif 74:4c:a1:55:0d:6f on port 0
[   40.620413] wlp1s0: authenticate with 84:d8:1b:8a:31:72
[   41.120204] wlp1s0: send auth to 84:d8:1b:8a:31:72 (try 1/3)
[   41.123596] wlp1s0: authenticated
[   41.128538] wlp1s0: associate with 84:d8:1b:8a:31:72 (try 1/3)
[   41.131953] wlp1s0: RX AssocResp from 84:d8:1b:8a:31:72 (capab=0x11 status=0 aid=1)
[   41.131999] rtw_8822ce 0000:01:00.0: sta 84:d8:1b:8a:31:72 joined with macid 0
[   41.132355] wlp1s0: associated
[   41.332472] IPv6: ADDRCONF(NETDEV_CHANGE): wlp1s0: link becomes ready
[   69.821880] ucsi_acpi USBC000:00: PPM init failed (-110)
[  240.857316] atkbd serio0: Unknown key pressed (translated set 2, code 0xf6 on isa0060/serio0).
[  240.857327] atkbd serio0: Use 'setkeycodes e076 <keycode>' to make it known.
[  244.738625] atkbd serio0: Unknown key released (translated set 2, code 0xf6 on isa0060/serio0).
[  244.738631] atkbd serio0: Use 'setkeycodes e076 <keycode>' to make it known.
[  303.121390] traps: xsuspender[3282] trap int3 ip:7f22eebb995b sp:7ffc993b75a0 error:0 in libglib-2.0.so.0.7000.0[7f22eeb7a000+8d000]
[ 3121.029323] device wlp1s0 entered promiscuous mode
[ 4921.428022] atkbd serio0: Unknown key pressed (translated set 2, code 0xf6 on isa0060/serio0).
[ 4921.428034] atkbd serio0: Use 'setkeycodes e076 <keycode>' to make it known.
[ 4921.897005] atkbd serio0: Unknown key released (translated set 2, code 0xf6 on isa0060/serio0).
[ 4921.897013] atkbd serio0: Use 'setkeycodes e076 <keycode>' to make it known.
[ 4930.468143] atkbd serio0: Unknown key pressed (translated set 2, code 0xf6 on isa0060/serio0).
[ 4930.468156] atkbd serio0: Use 'setkeycodes e076 <keycode>' to make it known.
[ 4931.200113] atkbd serio0: Unknown key released (translated set 2, code 0xf6 on isa0060/serio0).
[ 4931.200129] atkbd serio0: Use 'setkeycodes e076 <keycode>' to make it known.
[ 4947.743492] atkbd serio0: Unknown key pressed (translated set 2, code 0xf6 on isa0060/serio0).
[ 4947.743498] atkbd serio0: Use 'setkeycodes e076 <keycode>' to make it known.
[ 4948.408203] atkbd serio0: Unknown key released (translated set 2, code 0xf6 on isa0060/serio0).
[ 4948.408214] atkbd serio0: Use 'setkeycodes e076 <keycode>' to make it known.
[ 5035.870535] bridge: filtering via arp/ip/ip6tables is no longer available by default. Update your scripts to load br_netfilter if you need this.
[ 5035.872462] Bridge firewalling registered
[ 5035.906688] Initializing XFRM netlink socket
[ 5036.090964] br-2b8c3222d14b: port 1(veth5b6f0d7) entered blocking state
[ 5036.090978] br-2b8c3222d14b: port 1(veth5b6f0d7) entered disabled state
[ 5036.091042] device veth5b6f0d7 entered promiscuous mode
[ 5036.091295] br-2b8c3222d14b: port 1(veth5b6f0d7) entered blocking state
[ 5036.091297] br-2b8c3222d14b: port 1(veth5b6f0d7) entered forwarding state
[ 5036.091561] br-2b8c3222d14b: port 1(veth5b6f0d7) entered disabled state
[ 5036.104769] br-2b8c3222d14b: port 2(vethc13e663) entered blocking state
[ 5036.104779] br-2b8c3222d14b: port 2(vethc13e663) entered disabled state
[ 5036.104830] device vethc13e663 entered promiscuous mode
[ 5036.104897] br-2b8c3222d14b: port 2(vethc13e663) entered blocking state
[ 5036.104899] br-2b8c3222d14b: port 2(vethc13e663) entered forwarding state
[ 5036.104914] IPv6: ADDRCONF(NETDEV_CHANGE): br-2b8c3222d14b: link becomes ready
[ 5036.105308] br-2b8c3222d14b: port 2(vethc13e663) entered disabled state
[ 5036.522616] eth0: renamed from vethec6bf40
[ 5036.542765] eth0: renamed from veth6f3a07b
[ 5036.562372] IPv6: ADDRCONF(NETDEV_CHANGE): vethc13e663: link becomes ready
[ 5036.562406] br-2b8c3222d14b: port 2(vethc13e663) entered blocking state
[ 5036.562408] br-2b8c3222d14b: port 2(vethc13e663) entered forwarding state
[ 5036.562764] IPv6: ADDRCONF(NETDEV_CHANGE): veth5b6f0d7: link becomes ready
[ 5036.562800] br-2b8c3222d14b: port 1(veth5b6f0d7) entered blocking state
[ 5036.562804] br-2b8c3222d14b: port 1(veth5b6f0d7) entered forwarding state
[ 5077.143041] docker0: port 1(veth4e578d2) entered blocking state
[ 5077.143051] docker0: port 1(veth4e578d2) entered disabled state
[ 5077.143147] device veth4e578d2 entered promiscuous mode
[ 5077.323222] eth0: renamed from veth9443991
[ 5077.349460] IPv6: ADDRCONF(NETDEV_CHANGE): veth4e578d2: link becomes ready
[ 5077.349551] docker0: port 1(veth4e578d2) entered blocking state
[ 5077.349557] docker0: port 1(veth4e578d2) entered forwarding state
[ 5077.349652] IPv6: ADDRCONF(NETDEV_CHANGE): docker0: link becomes ready
[ 5087.795457] docker0: port 1(veth4e578d2) entered disabled state
[ 5087.795532] veth9443991: renamed from eth0
[ 5087.853699] docker0: port 1(veth4e578d2) entered disabled state
[ 5087.853908] device veth4e578d2 left promiscuous mode
[ 5087.853913] docker0: port 1(veth4e578d2) entered disabled state
[ 5104.463359] docker0: port 1(vethbb08114) entered blocking state
[ 5104.463372] docker0: port 1(vethbb08114) entered disabled state
[ 5104.463506] device vethbb08114 entered promiscuous mode
[ 5104.638944] eth0: renamed from veth7ee9e64
[ 5104.666242] IPv6: ADDRCONF(NETDEV_CHANGE): vethbb08114: link becomes ready
[ 5104.666324] docker0: port 1(vethbb08114) entered blocking state
[ 5104.666331] docker0: port 1(vethbb08114) entered forwarding state
[ 5259.363914] atkbd serio0: Unknown key pressed (translated set 2, code 0xf6 on isa0060/serio0).
[ 5259.363925] atkbd serio0: Use 'setkeycodes e076 <keycode>' to make it known.
[ 5260.081029] atkbd serio0: Unknown key released (translated set 2, code 0xf6 on isa0060/serio0).
[ 5260.081041] atkbd serio0: Use 'setkeycodes e076 <keycode>' to make it known.
[ 5266.126366] atkbd serio0: Unknown key pressed (translated set 2, code 0xf6 on isa0060/serio0).
[ 5266.126383] atkbd serio0: Use 'setkeycodes e076 <keycode>' to make it known.
[ 5266.436779] atkbd serio0: Unknown key released (translated set 2, code 0xf6 on isa0060/serio0).
[ 5266.436795] atkbd serio0: Use 'setkeycodes e076 <keycode>' to make it known.
[ 5453.368377] atkbd serio0: Unknown key pressed (translated set 2, code 0xf6 on isa0060/serio0).
[ 5453.368389] atkbd serio0: Use 'setkeycodes e076 <keycode>' to make it known.
[ 5453.846673] atkbd serio0: Unknown key released (translated set 2, code 0xf6 on isa0060/serio0).
[ 5453.846681] atkbd serio0: Use 'setkeycodes e076 <keycode>' to make it known.
[ 5464.204032] atkbd serio0: Unknown key pressed (translated set 2, code 0xf6 on isa0060/serio0).
[ 5464.204040] atkbd serio0: Use 'setkeycodes e076 <keycode>' to make it known.
[ 5464.312625] atkbd serio0: Unknown key released (translated set 2, code 0xf6 on isa0060/serio0).
[ 5464.312640] atkbd serio0: Use 'setkeycodes e076 <keycode>' to make it known.
[ 5476.990329] atkbd serio0: Unknown key pressed (translated set 2, code 0xf6 on isa0060/serio0).
[ 5476.990339] atkbd serio0: Use 'setkeycodes e076 <keycode>' to make it known.
[ 5478.033607] atkbd serio0: Unknown key released (translated set 2, code 0xf6 on isa0060/serio0).
[ 5478.033618] atkbd serio0: Use 'setkeycodes e076 <keycode>' to make it known.
[ 5479.277611] atkbd serio0: Unknown key pressed (translated set 2, code 0xf6 on isa0060/serio0).
[ 5479.277624] atkbd serio0: Use 'setkeycodes e076 <keycode>' to make it known.
[ 5480.082443] atkbd serio0: Unknown key released (translated set 2, code 0xf6 on isa0060/serio0).
[ 5480.082460] atkbd serio0: Use 'setkeycodes e076 <keycode>' to make it known.
[ 8430.419105] atkbd serio0: Unknown key pressed (translated set 2, code 0xf6 on isa0060/serio0).
[ 8430.419122] atkbd serio0: Use 'setkeycodes e076 <keycode>' to make it known.
[ 8430.832979] atkbd serio0: Unknown key released (translated set 2, code 0xf6 on isa0060/serio0).
[ 8430.832996] atkbd serio0: Use 'setkeycodes e076 <keycode>' to make it known.
[ 8920.279242] atkbd serio0: Unknown key pressed (translated set 2, code 0xf6 on isa0060/serio0).
[ 8920.279254] atkbd serio0: Use 'setkeycodes e076 <keycode>' to make it known.
[ 8920.378709] atkbd serio0: Unknown key released (translated set 2, code 0xf6 on isa0060/serio0).
[ 8920.378718] atkbd serio0: Use 'setkeycodes e076 <keycode>' to make it known.
[ 8930.114135] atkbd serio0: Unknown key pressed (translated set 2, code 0xf6 on isa0060/serio0).
[ 8930.114147] atkbd serio0: Use 'setkeycodes e076 <keycode>' to make it known.
[ 8930.666994] atkbd serio0: Unknown key released (translated set 2, code 0xf6 on isa0060/serio0).
[ 8930.667005] atkbd serio0: Use 'setkeycodes e076 <keycode>' to make it known.
[ 9473.781763] atkbd serio0: Unknown key pressed (translated set 2, code 0xf6 on isa0060/serio0).
[ 9473.781776] atkbd serio0: Use 'setkeycodes e076 <keycode>' to make it known.
[ 9474.524566] atkbd serio0: Unknown key released (translated set 2, code 0xf6 on isa0060/serio0).
[ 9474.524582] atkbd serio0: Use 'setkeycodes e076 <keycode>' to make it known.
[ 9476.330975] atkbd serio0: Unknown key pressed (translated set 2, code 0xf6 on isa0060/serio0).
[ 9476.330987] atkbd serio0: Use 'setkeycodes e076 <keycode>' to make it known.
[ 9476.938326] atkbd serio0: Unknown key released (translated set 2, code 0xf6 on isa0060/serio0).
[ 9476.938343] atkbd serio0: Use 'setkeycodes e076 <keycode>' to make it known.
[ 9498.837342] atkbd serio0: Unknown key pressed (translated set 2, code 0xf6 on isa0060/serio0).
[ 9498.837359] atkbd serio0: Use 'setkeycodes e076 <keycode>' to make it known.
[ 9499.156362] atkbd serio0: Unknown key released (translated set 2, code 0xf6 on isa0060/serio0).
[ 9499.156374] atkbd serio0: Use 'setkeycodes e076 <keycode>' to make it known.
[ 9534.606112] atkbd serio0: Unknown key pressed (translated set 2, code 0xf6 on isa0060/serio0).
[ 9534.606121] atkbd serio0: Use 'setkeycodes e076 <keycode>' to make it known.
[ 9534.690774] atkbd serio0: Unknown key released (translated set 2, code 0xf6 on isa0060/serio0).
[ 9534.690783] atkbd serio0: Use 'setkeycodes e076 <keycode>' to make it known.
[ 9535.169972] atkbd serio0: Unknown key pressed (translated set 2, code 0xf6 on isa0060/serio0).
[ 9535.169985] atkbd serio0: Use 'setkeycodes e076 <keycode>' to make it known.
[ 9535.531630] atkbd serio0: Unknown key released (translated set 2, code 0xf6 on isa0060/serio0).
[ 9535.531642] atkbd serio0: Use 'setkeycodes e076 <keycode>' to make it known.
[ 9767.287577] atkbd serio0: Unknown key pressed (translated set 2, code 0xf6 on isa0060/serio0).
[ 9767.287594] atkbd serio0: Use 'setkeycodes e076 <keycode>' to make it known.
[ 9767.704046] atkbd serio0: Unknown key released (translated set 2, code 0xf6 on isa0060/serio0).
[ 9767.704058] atkbd serio0: Use 'setkeycodes e076 <keycode>' to make it known.
[ 9842.836651] atkbd serio0: Unknown key pressed (translated set 2, code 0xf6 on isa0060/serio0).
[ 9842.836663] atkbd serio0: Use 'setkeycodes e076 <keycode>' to make it known.
[ 9843.394158] atkbd serio0: Unknown key released (translated set 2, code 0xf6 on isa0060/serio0).
[ 9843.394164] atkbd serio0: Use 'setkeycodes e076 <keycode>' to make it known.
[ 9847.864641] atkbd serio0: Unknown key pressed (translated set 2, code 0xf6 on isa0060/serio0).
[ 9847.864647] atkbd serio0: Use 'setkeycodes e076 <keycode>' to make it known.
[ 9848.147059] atkbd serio0: Unknown key released (translated set 2, code 0xf6 on isa0060/serio0).
[ 9848.147076] atkbd serio0: Use 'setkeycodes e076 <keycode>' to make it known.
[ 9848.491656] atkbd serio0: Unknown key pressed (translated set 2, code 0xf6 on isa0060/serio0).
[ 9848.491661] atkbd serio0: Use 'setkeycodes e076 <keycode>' to make it known.
[ 9848.823640] atkbd serio0: Unknown key released (translated set 2, code 0xf6 on isa0060/serio0).
[ 9848.823651] atkbd serio0: Use 'setkeycodes e076 <keycode>' to make it known.
[ 9888.068194] atkbd serio0: Unknown key pressed (translated set 2, code 0xf6 on isa0060/serio0).
[ 9888.068206] atkbd serio0: Use 'setkeycodes e076 <keycode>' to make it known.
[ 9888.604822] atkbd serio0: Unknown key released (translated set 2, code 0xf6 on isa0060/serio0).
[ 9888.604834] atkbd serio0: Use 'setkeycodes e076 <keycode>' to make it known.
[ 9893.532235] atkbd serio0: Unknown key pressed (translated set 2, code 0xf6 on isa0060/serio0).
[ 9893.532240] atkbd serio0: Use 'setkeycodes e076 <keycode>' to make it known.
[ 9893.998113] atkbd serio0: Unknown key released (translated set 2, code 0xf6 on isa0060/serio0).
[ 9893.998125] atkbd serio0: Use 'setkeycodes e076 <keycode>' to make it known.
[10139.317924] atkbd serio0: Unknown key pressed (translated set 2, code 0xf6 on isa0060/serio0).
[10139.317936] atkbd serio0: Use 'setkeycodes e076 <keycode>' to make it known.
[10139.632289] atkbd serio0: Unknown key released (translated set 2, code 0xf6 on isa0060/serio0).
[10139.632306] atkbd serio0: Use 'setkeycodes e076 <keycode>' to make it known.
[10214.897929] atkbd serio0: Unknown key pressed (translated set 2, code 0xf6 on isa0060/serio0).
[10214.897939] atkbd serio0: Use 'setkeycodes e076 <keycode>' to make it known.
[10215.503503] atkbd serio0: Unknown key released (translated set 2, code 0xf6 on isa0060/serio0).
[10215.503515] atkbd serio0: Use 'setkeycodes e076 <keycode>' to make it known.
[10244.816699] atkbd serio0: Unknown key pressed (translated set 2, code 0xf6 on isa0060/serio0).
[10244.816712] atkbd serio0: Use 'setkeycodes e076 <keycode>' to make it known.
[10245.256535] atkbd serio0: Unknown key released (translated set 2, code 0xf6 on isa0060/serio0).
[10245.256545] atkbd serio0: Use 'setkeycodes e076 <keycode>' to make it known.
[10694.362373] atkbd serio0: Unknown key pressed (translated set 2, code 0xf6 on isa0060/serio0).
[10694.362389] atkbd serio0: Use 'setkeycodes e076 <keycode>' to make it known.
[10694.746721] atkbd serio0: Unknown key released (translated set 2, code 0xf6 on isa0060/serio0).
[10694.746731] atkbd serio0: Use 'setkeycodes e076 <keycode>' to make it known.
[11233.851555] clipit[3634]: segfault at 7fff20ed2fb8 ip 00007f9353056728 sp 00007fff20ed2fc0 error 6 in libgobject-2.0.so.0.7000.0[7f935302b000+2f000]
[11233.851568] Code: 00 00 0f b6 43 16 a8 04 0f 85 44 ff ff ff 48 85 ff 75 09 48 8d 0d 82 3e 00 00 eb c2 8b 7b 28 ff 15 5d f8 01 00 48 89 c1 eb b4 <67> e8 12 f8 ff ff 49 89 c7 48 8b 43 20 0f b7 48 40 0f b7 68 42 41
[11357.063575] atkbd serio0: Unknown key pressed (translated set 2, code 0xf6 on isa0060/serio0).
[11357.063587] atkbd serio0: Use 'setkeycodes e076 <keycode>' to make it known.
[11357.158086] atkbd serio0: Unknown key released (translated set 2, code 0xf6 on isa0060/serio0).
[11357.158098] atkbd serio0: Use 'setkeycodes e076 <keycode>' to make it known.
[11357.210838] atkbd serio0: Unknown key pressed (translated set 2, code 0xf6 on isa0060/serio0).
[11357.210850] atkbd serio0: Use 'setkeycodes e076 <keycode>' to make it known.
[11357.678034] atkbd serio0: Unknown key released (translated set 2, code 0xf6 on isa0060/serio0).
[11357.678043] atkbd serio0: Use 'setkeycodes e076 <keycode>' to make it known.
[11395.508460] atkbd serio0: Unknown key pressed (translated set 2, code 0xf6 on isa0060/serio0).
[11395.508472] atkbd serio0: Use 'setkeycodes e076 <keycode>' to make it known.
[11395.874988] atkbd serio0: Unknown key released (translated set 2, code 0xf6 on isa0060/serio0).
[11395.874999] atkbd serio0: Use 'setkeycodes e076 <keycode>' to make it known.
[11457.571087] atkbd serio0: Unknown key pressed (translated set 2, code 0xf6 on isa0060/serio0).
[11457.571099] atkbd serio0: Use 'setkeycodes e076 <keycode>' to make it known.
[11458.128189] atkbd serio0: Unknown key released (translated set 2, code 0xf6 on isa0060/serio0).
[11458.128200] atkbd serio0: Use 'setkeycodes e076 <keycode>' to make it known.
[11459.792514] atkbd serio0: Unknown key pressed (translated set 2, code 0xf6 on isa0060/serio0).
[11459.792527] atkbd serio0: Use 'setkeycodes e076 <keycode>' to make it known.
[11460.631176] atkbd serio0: Unknown key released (translated set 2, code 0xf6 on isa0060/serio0).
[11460.631193] atkbd serio0: Use 'setkeycodes e076 <keycode>' to make it known.
[11461.650131] atkbd serio0: Unknown key pressed (translated set 2, code 0xf6 on isa0060/serio0).
[11461.650143] atkbd serio0: Use 'setkeycodes e076 <keycode>' to make it known.
[11462.164211] atkbd serio0: Unknown key released (translated set 2, code 0xf6 on isa0060/serio0).
[11462.164221] atkbd serio0: Use 'setkeycodes e076 <keycode>' to make it known.
[11524.453644] atkbd serio0: Unknown key pressed (translated set 2, code 0xf6 on isa0060/serio0).
[11524.453660] atkbd serio0: Use 'setkeycodes e076 <keycode>' to make it known.
[11524.886994] atkbd serio0: Unknown key released (translated set 2, code 0xf6 on isa0060/serio0).
[11524.887006] atkbd serio0: Use 'setkeycodes e076 <keycode>' to make it known.
