[    0.000000] Linux version 5.16.9-arch1-1 (linux@archlinux) (gcc (GCC) 11.2.0, GNU ld (GNU Binutils) 2.38) #1 SMP PREEMPT Fri, 11 Feb 2022 22:42:06 +0000
[    0.000000] Command line: BOOT_IMAGE=/boot/vmlinuz-linux root=UUID=4a1e3b32-c022-4157-be6c-5f37d4e06cdf rw quiet resume=UUID=d8ba5b72-ed10-49e7-94e8-1b4f0c08b046 loglevel=3 audit=1 lsm=landlock,lockdown,yama,apparmor,bpf l1tf=full,force mds=full,nosmt mitigations=auto,nosmt nosmt=force pcie_aspm=force init_on_alloc=1 init_on_free=1 randomize_kstack_offset=on slab_nomerge pti=on slub_debug=ZF slub_debug=P page_poison=1 mem_encrypt=on vsyscall=nonei amd_iommu=force_isolation amdgpu.vm_update_mode=0 amdgpu.gpu_recovery=1 amdgpu.fw_load_type=2 amdgpu.virtual_display=NULL amdgpu.audio=0 amdgpu.lbpw=1 amdgpu.tmz=1 amdgpu.freesync_video=1 fsck.mode=force fsck.repair=yes
[    0.000000] x86/fpu: Supporting XSAVE feature 0x001: 'x87 floating point registers'
[    0.000000] x86/fpu: Supporting XSAVE feature 0x002: 'SSE registers'
[    0.000000] x86/fpu: Supporting XSAVE feature 0x004: 'AVX registers'
[    0.000000] x86/fpu: xstate_offset[2]:  576, xstate_sizes[2]:  256
[    0.000000] x86/fpu: Enabled xstate features 0x7, context size is 832 bytes, using 'compacted' format.
[    0.000000] signal: max sigframe size: 1776
[    0.000000] BIOS-provided physical RAM map:
[    0.000000] BIOS-e820: [mem 0x0000000000000000-0x000000000009efff] usable
[    0.000000] BIOS-e820: [mem 0x000000000009f000-0x00000000000bffff] reserved
[    0.000000] BIOS-e820: [mem 0x0000000000100000-0x0000000009afffff] usable
[    0.000000] BIOS-e820: [mem 0x0000000009b00000-0x0000000009dfffff] reserved
[    0.000000] BIOS-e820: [mem 0x0000000009e00000-0x0000000009efffff] usable
[    0.000000] BIOS-e820: [mem 0x0000000009f00000-0x0000000009f0ffff] ACPI NVS
[    0.000000] BIOS-e820: [mem 0x0000000009f10000-0x00000000bab68fff] usable
[    0.000000] BIOS-e820: [mem 0x00000000bab69000-0x00000000bbd68fff] reserved
[    0.000000] BIOS-e820: [mem 0x00000000bbd69000-0x00000000c9f7efff] usable
[    0.000000] BIOS-e820: [mem 0x00000000c9f7f000-0x00000000caf7efff] type 20
[    0.000000] BIOS-e820: [mem 0x00000000caf7f000-0x00000000ccf7efff] reserved
[    0.000000] BIOS-e820: [mem 0x00000000ccf7f000-0x00000000cdf7efff] ACPI NVS
[    0.000000] BIOS-e820: [mem 0x00000000cdf7f000-0x00000000cdffefff] ACPI data
[    0.000000] BIOS-e820: [mem 0x00000000cdfff000-0x00000000cdffffff] usable
[    0.000000] BIOS-e820: [mem 0x00000000ce000000-0x00000000ceffffff] reserved
[    0.000000] BIOS-e820: [mem 0x00000000f8000000-0x00000000fbffffff] reserved
[    0.000000] BIOS-e820: [mem 0x00000000fde00000-0x00000000fdefffff] reserved
[    0.000000] BIOS-e820: [mem 0x00000000fec00000-0x00000000fec00fff] reserved
[    0.000000] BIOS-e820: [mem 0x00000000fec10000-0x00000000fec10fff] reserved
[    0.000000] BIOS-e820: [mem 0x00000000fec20000-0x00000000fec20fff] reserved
[    0.000000] BIOS-e820: [mem 0x00000000fed80000-0x00000000fed80fff] reserved
[    0.000000] BIOS-e820: [mem 0x00000000fee00000-0x00000000fee00fff] reserved
[    0.000000] BIOS-e820: [mem 0x00000000ff000000-0x00000000fff2ffff] reserved
[    0.000000] BIOS-e820: [mem 0x0000000100000000-0x000000040f33ffff] usable
[    0.000000] BIOS-e820: [mem 0x000000040f340000-0x000000042fffffff] reserved
[    0.000000] SMT: Force disabled
[    0.000000] Malformed early option 'vsyscall'
[    0.000000] NX (Execute Disable) protection: active
[    0.000000] efi: EFI v2.70 by INSYDE Corp.
[    0.000000] efi: ACPI=0xcdffe000 ACPI 2.0=0xcdffe014 TPMFinalLog=0xcdf2c000 SMBIOS=0xcb70c000 SMBIOS 3.0=0xcb70a000 ESRT=0xcb70d418 
[    0.000000] SMBIOS 3.2.0 present.
[    0.000000] DMI: TIMI RedmiBook 14 II/TM1951, BIOS RMARN4B0P0909 08/19/2020
[    0.000000] tsc: Fast TSC calibration using PIT
[    0.000000] tsc: Detected 2370.523 MHz processor
[    0.000544] e820: update [mem 0x00000000-0x00000fff] usable ==> reserved
[    0.000546] e820: remove [mem 0x000a0000-0x000fffff] usable
[    0.000552] last_pfn = 0x40f340 max_arch_pfn = 0x400000000
[    0.000730] x86/PAT: Configuration [0-7]: WB  WC  UC- UC  WB  WP  UC- WT  
[    0.000954] last_pfn = 0xce000 max_arch_pfn = 0x400000000
[    0.010406] esrt: Reserving ESRT space from 0x00000000cb70d418 to 0x00000000cb70d450.
[    0.010415] Kernel/User page tables isolation: force enabled on command line.
[    0.010416] Using GB pages for direct mapping
[    0.010940] Secure boot disabled
[    0.010941] RAMDISK: [mem 0x36afd000-0x37575fff]
[    0.010946] ACPI: Early table checksum verification disabled
[    0.010949] ACPI: RSDP 0x00000000CDFFE014 000024 (v02 XMCC  )
[    0.010952] ACPI: XSDT 0x00000000CDFCE188 000134 (v01 XMCC   XMCC1951 00000002      01000013)
[    0.010957] ACPI: FACP 0x00000000CDFEC000 00010C (v05 XMCC   XMCC1951 00000002      01000013)
[    0.010961] ACPI: DSDT 0x00000000CDFDF000 006545 (v01 XMCC   XMCC1951 00000002      01000013)
[    0.010963] ACPI: FACS 0x00000000CDF29000 000040
[    0.010965] ACPI: UEFI 0x00000000CDF7E000 000236 (v01 INSYDE H2O BIOS 00000001 ACPI 00040000)
[    0.010968] ACPI: SSDT 0x00000000CDFF5000 007216 (v02 AMD    AmdTable 00000002 MSFT 04000000)
[    0.010970] ACPI: IVRS 0x00000000CDFF4000 0001A4 (v02 AMD    AmdTable 00000001 AMD  00000000)
[    0.010972] ACPI: SSDT 0x00000000CDFF3000 000228 (v01 AMD    STD3     00000001 INTL 20130117)
[    0.010974] ACPI: SSDT 0x00000000CDFF2000 000D61 (v01 XMCC   XMCC1806 00003000 INTL 20130117)
[    0.010977] ACPI: SSDT 0x00000000CDFF1000 00046D (v01 Insyde TPMACPI  00001000 INTL 20130117)
[    0.010979] ACPI: TPM2 0x00000000CDFF0000 000034 (v04 XMCC   XMCC1951 00000002      01000013)
[    0.010981] ACPI: MSDM 0x00000000CDFEF000 000055 (v03 INSYDE H2O BIOS 00000001 ACPI 00040000)
[    0.010983] ACPI: ASF! 0x00000000CDFEE000 0000A5 (v32 XMCC   XMCC1951 00000002      01000013)
[    0.010985] ACPI: BOOT 0x00000000CDFED000 000028 (v01 XMCC   XMCC1951 00000002      01000013)
[    0.010988] ACPI: HPET 0x00000000CDFEB000 000038 (v01 XMCC   XMCC1951 00000002      01000013)
[    0.010990] ACPI: APIC 0x00000000CDFEA000 000138 (v03 XMCC   XMCC1951 00000002      01000013)
[    0.010992] ACPI: MCFG 0x00000000CDFE9000 00003C (v01 XMCC   XMCC1951 00000002      01000013)
[    0.010994] ACPI: SLIC 0x00000000CDFE8000 000176 (v01 XMCC   XMCC1951 00000002      01000013)
[    0.010996] ACPI: SSDT 0x00000000CDFDE000 000080 (v01 XMCC   XMCC1951 00000002      01000013)
[    0.010998] ACPI: VFCT 0x00000000CDFD0000 00D484 (v01 XMCC   XMCC1951 00000001 AMD  31504F47)
[    0.011000] ACPI: SSDT 0x00000000CDFCF000 0000F8 (v01 XMCC   PcdTabl  00001000 INTL 20130117)
[    0.011003] ACPI: SSDT 0x00000000CDFCC000 001500 (v01 AMD    AmdTable 00000001 AMD  00000001)
[    0.011005] ACPI: CRAT 0x00000000CDFFD000 000BA8 (v01 AMD    AmdTable 00000001 AMD  00000001)
[    0.011007] ACPI: CDIT 0x00000000CDFCB000 000029 (v01 AMD    AmdTable 00000001 AMD  00000001)
[    0.011009] ACPI: SSDT 0x00000000CDFCA000 00028D (v01 AMD    AmdTable 00000001 INTL 20130117)
[    0.011012] ACPI: SSDT 0x00000000CDFC9000 000C78 (v01 AMD    AmdTable 00000001 INTL 20130117)
[    0.011014] ACPI: SSDT 0x00000000CDFC7000 0010A5 (v01 AMD    AmdTable 00000001 INTL 20130117)
[    0.011016] ACPI: SSDT 0x00000000CDFC3000 0030C8 (v01 AMD    AmdTable 00000001 INTL 20130117)
[    0.011018] ACPI: FPDT 0x00000000CDFC2000 000044 (v01 XMCC   XMCC1951 00000002      01000013)
[    0.011020] ACPI: WSMT 0x00000000CDFC0000 000028 (v01 INSYDE H2O BIOS 00000001 ACPI 00040000)
[    0.011022] ACPI: SSDT 0x00000000CDFE7000 00020A (v01 AMD    AmdTable 00000001 INTL 20130117)
[    0.011024] ACPI: SSDT 0x00000000CDFE6000 0005A1 (v01 AMD    AmdTable 00000001 INTL 20130117)
[    0.011027] ACPI: SSDT 0x00000000CDFBF000 000343 (v01 AMD    AmdTable 00000001 INTL 20130117)
[    0.011029] ACPI: SSDT 0x00000000CDFBE000 00007D (v01 AMD    AmdTable 00000001 INTL 20130117)
[    0.011031] ACPI: SSDT 0x00000000CDFBD000 000822 (v01 AMD    AmdTable 00000001 INTL 20130117)
[    0.011033] ACPI: SSDT 0x00000000CDFBC000 000517 (v01 AMD    AmdTable 00000001 INTL 20130117)
[    0.011035] ACPI: BGRT 0x00000000CDFC1000 000038 (v01 INSYDE H2O BIOS 00000001 ACPI 00040000)
[    0.011037] ACPI: Reserving FACP table memory at [mem 0xcdfec000-0xcdfec10b]
[    0.011038] ACPI: Reserving DSDT table memory at [mem 0xcdfdf000-0xcdfe5544]
[    0.011039] ACPI: Reserving FACS table memory at [mem 0xcdf29000-0xcdf2903f]
[    0.011039] ACPI: Reserving UEFI table memory at [mem 0xcdf7e000-0xcdf7e235]
[    0.011040] ACPI: Reserving SSDT table memory at [mem 0xcdff5000-0xcdffc215]
[    0.011041] ACPI: Reserving IVRS table memory at [mem 0xcdff4000-0xcdff41a3]
[    0.011042] ACPI: Reserving SSDT table memory at [mem 0xcdff3000-0xcdff3227]
[    0.011042] ACPI: Reserving SSDT table memory at [mem 0xcdff2000-0xcdff2d60]
[    0.011043] ACPI: Reserving SSDT table memory at [mem 0xcdff1000-0xcdff146c]
[    0.011043] ACPI: Reserving TPM2 table memory at [mem 0xcdff0000-0xcdff0033]
[    0.011044] ACPI: Reserving MSDM table memory at [mem 0xcdfef000-0xcdfef054]
[    0.011045] ACPI: Reserving ASF! table memory at [mem 0xcdfee000-0xcdfee0a4]
[    0.011045] ACPI: Reserving BOOT table memory at [mem 0xcdfed000-0xcdfed027]
[    0.011046] ACPI: Reserving HPET table memory at [mem 0xcdfeb000-0xcdfeb037]
[    0.011047] ACPI: Reserving APIC table memory at [mem 0xcdfea000-0xcdfea137]
[    0.011047] ACPI: Reserving MCFG table memory at [mem 0xcdfe9000-0xcdfe903b]
[    0.011048] ACPI: Reserving SLIC table memory at [mem 0xcdfe8000-0xcdfe8175]
[    0.011049] ACPI: Reserving SSDT table memory at [mem 0xcdfde000-0xcdfde07f]
[    0.011050] ACPI: Reserving VFCT table memory at [mem 0xcdfd0000-0xcdfdd483]
[    0.011050] ACPI: Reserving SSDT table memory at [mem 0xcdfcf000-0xcdfcf0f7]
[    0.011051] ACPI: Reserving SSDT table memory at [mem 0xcdfcc000-0xcdfcd4ff]
[    0.011052] ACPI: Reserving CRAT table memory at [mem 0xcdffd000-0xcdffdba7]
[    0.011052] ACPI: Reserving CDIT table memory at [mem 0xcdfcb000-0xcdfcb028]
[    0.011053] ACPI: Reserving SSDT table memory at [mem 0xcdfca000-0xcdfca28c]
[    0.011054] ACPI: Reserving SSDT table memory at [mem 0xcdfc9000-0xcdfc9c77]
[    0.011054] ACPI: Reserving SSDT table memory at [mem 0xcdfc7000-0xcdfc80a4]
[    0.011055] ACPI: Reserving SSDT table memory at [mem 0xcdfc3000-0xcdfc60c7]
[    0.011056] ACPI: Reserving FPDT table memory at [mem 0xcdfc2000-0xcdfc2043]
[    0.011056] ACPI: Reserving WSMT table memory at [mem 0xcdfc0000-0xcdfc0027]
[    0.011057] ACPI: Reserving SSDT table memory at [mem 0xcdfe7000-0xcdfe7209]
[    0.011058] ACPI: Reserving SSDT table memory at [mem 0xcdfe6000-0xcdfe65a0]
[    0.011059] ACPI: Reserving SSDT table memory at [mem 0xcdfbf000-0xcdfbf342]
[    0.011059] ACPI: Reserving SSDT table memory at [mem 0xcdfbe000-0xcdfbe07c]
[    0.011060] ACPI: Reserving SSDT table memory at [mem 0xcdfbd000-0xcdfbd821]
[    0.011061] ACPI: Reserving SSDT table memory at [mem 0xcdfbc000-0xcdfbc516]
[    0.011062] ACPI: Reserving BGRT table memory at [mem 0xcdfc1000-0xcdfc1037]
[    0.011114] No NUMA configuration found
[    0.011114] Faking a node at [mem 0x0000000000000000-0x000000040f33ffff]
[    0.011118] NODE_DATA(0) allocated [mem 0x40f33c000-0x40f33ffff]
[    0.011147] Zone ranges:
[    0.011148]   DMA      [mem 0x0000000000001000-0x0000000000ffffff]
[    0.011149]   DMA32    [mem 0x0000000001000000-0x00000000ffffffff]
[    0.011150]   Normal   [mem 0x0000000100000000-0x000000040f33ffff]
[    0.011151]   Device   empty
[    0.011152] Movable zone start for each node
[    0.011153] Early memory node ranges
[    0.011153]   node   0: [mem 0x0000000000001000-0x000000000009efff]
[    0.011154]   node   0: [mem 0x0000000000100000-0x0000000009afffff]
[    0.011155]   node   0: [mem 0x0000000009e00000-0x0000000009efffff]
[    0.011156]   node   0: [mem 0x0000000009f10000-0x00000000bab68fff]
[    0.011156]   node   0: [mem 0x00000000bbd69000-0x00000000c9f7efff]
[    0.011157]   node   0: [mem 0x00000000cdfff000-0x00000000cdffffff]
[    0.011158]   node   0: [mem 0x0000000100000000-0x000000040f33ffff]
[    0.011159] Initmem setup node 0 [mem 0x0000000000001000-0x000000040f33ffff]
[    0.011162] On node 0, zone DMA: 1 pages in unavailable ranges
[    0.011180] On node 0, zone DMA: 97 pages in unavailable ranges
[    0.011328] On node 0, zone DMA32: 768 pages in unavailable ranges
[    0.016590] On node 0, zone DMA32: 16 pages in unavailable ranges
[    0.017060] On node 0, zone DMA32: 4608 pages in unavailable ranges
[    0.017202] On node 0, zone DMA32: 16512 pages in unavailable ranges
[    0.040872] On node 0, zone Normal: 8192 pages in unavailable ranges
[    0.040907] On node 0, zone Normal: 3264 pages in unavailable ranges
[    0.041058] ACPI: PM-Timer IO Port: 0x408
[    0.041065] ACPI: LAPIC_NMI (acpi_id[0x00] high edge lint[0x1])
[    0.041066] ACPI: LAPIC_NMI (acpi_id[0x01] high edge lint[0x1])
[    0.041067] ACPI: LAPIC_NMI (acpi_id[0x02] high edge lint[0x1])
[    0.041067] ACPI: LAPIC_NMI (acpi_id[0x03] high edge lint[0x1])
[    0.041068] ACPI: LAPIC_NMI (acpi_id[0x04] high edge lint[0x1])
[    0.041068] ACPI: LAPIC_NMI (acpi_id[0x05] high edge lint[0x1])
[    0.041069] ACPI: LAPIC_NMI (acpi_id[0x06] high edge lint[0x1])
[    0.041070] ACPI: LAPIC_NMI (acpi_id[0x07] high edge lint[0x1])
[    0.041070] ACPI: LAPIC_NMI (acpi_id[0x08] high edge lint[0x1])
[    0.041071] ACPI: LAPIC_NMI (acpi_id[0x09] high edge lint[0x1])
[    0.041071] ACPI: LAPIC_NMI (acpi_id[0x0a] high edge lint[0x1])
[    0.041072] ACPI: LAPIC_NMI (acpi_id[0x0b] high edge lint[0x1])
[    0.041072] ACPI: LAPIC_NMI (acpi_id[0x0c] high edge lint[0x1])
[    0.041073] ACPI: LAPIC_NMI (acpi_id[0x0d] high edge lint[0x1])
[    0.041073] ACPI: LAPIC_NMI (acpi_id[0x0e] high edge lint[0x1])
[    0.041074] ACPI: LAPIC_NMI (acpi_id[0x0f] high edge lint[0x1])
[    0.041087] IOAPIC[0]: apic_id 33, version 33, address 0xfec00000, GSI 0-23
[    0.041092] IOAPIC[1]: apic_id 34, version 33, address 0xfec01000, GSI 24-55
[    0.041094] ACPI: INT_SRC_OVR (bus 0 bus_irq 0 global_irq 2 dfl dfl)
[    0.041096] ACPI: INT_SRC_OVR (bus 0 bus_irq 9 global_irq 9 low level)
[    0.041099] ACPI: Using ACPI (MADT) for SMP configuration information
[    0.041100] ACPI: HPET id: 0x10228210 base: 0xfed00000
[    0.041108] e820: update [mem 0xb3636000-0xb363bfff] usable ==> reserved
[    0.041117] smpboot: Allowing 16 CPUs, 10 hotplug CPUs
[    0.041146] PM: hibernation: Registered nosave memory: [mem 0x00000000-0x00000fff]
[    0.041148] PM: hibernation: Registered nosave memory: [mem 0x0009f000-0x000bffff]
[    0.041149] PM: hibernation: Registered nosave memory: [mem 0x000c0000-0x000fffff]
[    0.041150] PM: hibernation: Registered nosave memory: [mem 0x09b00000-0x09dfffff]
[    0.041152] PM: hibernation: Registered nosave memory: [mem 0x09f00000-0x09f0ffff]
[    0.041153] PM: hibernation: Registered nosave memory: [mem 0xb3636000-0xb363bfff]
[    0.041155] PM: hibernation: Registered nosave memory: [mem 0xbab69000-0xbbd68fff]
[    0.041156] PM: hibernation: Registered nosave memory: [mem 0xc9f7f000-0xcaf7efff]
[    0.041157] PM: hibernation: Registered nosave memory: [mem 0xcaf7f000-0xccf7efff]
[    0.041157] PM: hibernation: Registered nosave memory: [mem 0xccf7f000-0xcdf7efff]
[    0.041158] PM: hibernation: Registered nosave memory: [mem 0xcdf7f000-0xcdffefff]
[    0.041159] PM: hibernation: Registered nosave memory: [mem 0xce000000-0xceffffff]
[    0.041160] PM: hibernation: Registered nosave memory: [mem 0xcf000000-0xf7ffffff]
[    0.041160] PM: hibernation: Registered nosave memory: [mem 0xf8000000-0xfbffffff]
[    0.041161] PM: hibernation: Registered nosave memory: [mem 0xfc000000-0xfddfffff]
[    0.041161] PM: hibernation: Registered nosave memory: [mem 0xfde00000-0xfdefffff]
[    0.041162] PM: hibernation: Registered nosave memory: [mem 0xfdf00000-0xfebfffff]
[    0.041162] PM: hibernation: Registered nosave memory: [mem 0xfec00000-0xfec00fff]
[    0.041163] PM: hibernation: Registered nosave memory: [mem 0xfec01000-0xfec0ffff]
[    0.041163] PM: hibernation: Registered nosave memory: [mem 0xfec10000-0xfec10fff]
[    0.041164] PM: hibernation: Registered nosave memory: [mem 0xfec11000-0xfec1ffff]
[    0.041164] PM: hibernation: Registered nosave memory: [mem 0xfec20000-0xfec20fff]
[    0.041165] PM: hibernation: Registered nosave memory: [mem 0xfec21000-0xfed7ffff]
[    0.041165] PM: hibernation: Registered nosave memory: [mem 0xfed80000-0xfed80fff]
[    0.041166] PM: hibernation: Registered nosave memory: [mem 0xfed81000-0xfedfffff]
[    0.041166] PM: hibernation: Registered nosave memory: [mem 0xfee00000-0xfee00fff]
[    0.041167] PM: hibernation: Registered nosave memory: [mem 0xfee01000-0xfeffffff]
[    0.041168] PM: hibernation: Registered nosave memory: [mem 0xff000000-0xfff2ffff]
[    0.041168] PM: hibernation: Registered nosave memory: [mem 0xfff30000-0xffffffff]
[    0.041169] [mem 0xcf000000-0xf7ffffff] available for PCI devices
[    0.041170] Booting paravirtualized kernel on bare hardware
[    0.041173] clocksource: refined-jiffies: mask: 0xffffffff max_cycles: 0xffffffff, max_idle_ns: 6370452778343963 ns
[    0.044838] setup_percpu: NR_CPUS:320 nr_cpumask_bits:320 nr_cpu_ids:16 nr_node_ids:1
[    0.045450] percpu: Embedded 61 pages/cpu s212992 r8192 d28672 u262144
[    0.045458] pcpu-alloc: s212992 r8192 d28672 u262144 alloc=1*2097152
[    0.045460] pcpu-alloc: [0] 00 01 02 03 04 05 06 07 [0] 08 09 10 11 12 13 14 15 
[    0.045486] Fallback order for Node 0: 0 
[    0.045489] Built 1 zonelists, mobility grouping on.  Total pages: 3966649
[    0.045491] Policy zone: Normal
[    0.045492] Kernel command line: BOOT_IMAGE=/boot/vmlinuz-linux root=UUID=4a1e3b32-c022-4157-be6c-5f37d4e06cdf rw quiet resume=UUID=d8ba5b72-ed10-49e7-94e8-1b4f0c08b046 loglevel=3 audit=1 lsm=landlock,lockdown,yama,apparmor,bpf l1tf=full,force mds=full,nosmt mitigations=auto,nosmt nosmt=force pcie_aspm=force init_on_alloc=1 init_on_free=1 randomize_kstack_offset=on slab_nomerge pti=on slub_debug=ZF slub_debug=P page_poison=1 mem_encrypt=on vsyscall=nonei amd_iommu=force_isolation amdgpu.vm_update_mode=0 amdgpu.gpu_recovery=1 amdgpu.fw_load_type=2 amdgpu.virtual_display=NULL amdgpu.audio=0 amdgpu.lbpw=1 amdgpu.tmz=1 amdgpu.freesync_video=1 fsck.mode=force fsck.repair=yes
[    0.045550] audit: enabled (after initialization)
[    0.045596] PCIe ASPM is forcibly enabled
[    0.045660] mem auto-init: SLAB_POISON will take precedence over init_on_alloc/init_on_free
[    0.045781] Unknown kernel command line parameters "BOOT_IMAGE=/boot/vmlinuz-linux pti=on mem_encrypt=on", will be passed to user space.
[    0.047604] Dentry cache hash table entries: 2097152 (order: 12, 16777216 bytes, linear)
[    0.048525] Inode-cache hash table entries: 1048576 (order: 11, 8388608 bytes, linear)
[    0.048587] mem auto-init: CONFIG_PAGE_POISONING is on, will take precedence over init_on_alloc and init_on_free
[    0.048818] mem auto-init: stack:byref_all(zero), heap alloc:off, heap free:off
[    1.656776] Memory: 15558024K/16119096K available (14344K kernel code, 2079K rwdata, 10936K rodata, 1784K init, 3864K bss, 560812K reserved, 0K cma-reserved)
[    1.656781] **********************************************************
[    1.656782] **   NOTICE NOTICE NOTICE NOTICE NOTICE NOTICE NOTICE   **
[    1.656782] **                                                      **
[    1.656783] ** This system shows unhashed kernel memory addresses   **
[    1.656783] ** via the console, logs, and other interfaces. This    **
[    1.656784] ** might reduce the security of your system.            **
[    1.656784] **                                                      **
[    1.656784] ** If you see this message and you are not debugging    **
[    1.656785] ** the kernel, report this immediately to your system   **
[    1.656785] ** administrator!                                       **
[    1.656785] **                                                      **
[    1.656786] **   NOTICE NOTICE NOTICE NOTICE NOTICE NOTICE NOTICE   **
[    1.656786] **********************************************************
[    1.656789] random: get_random_u64 called from __kmem_cache_create+0x2a/0x550 with crng_init=0
[    1.656948] SLUB: HWalign=64, Order=0-3, MinObjects=0, CPUs=16, Nodes=1
[    1.656963] Kernel/User page tables isolation: enabled
[    1.656983] ftrace: allocating 45087 entries in 177 pages
[    1.668662] ftrace: allocated 177 pages with 4 groups
[    1.668763] Dynamic Preempt: full
[    1.668810] rcu: Preemptible hierarchical RCU implementation.
[    1.668810] rcu: 	RCU dyntick-idle grace-period acceleration is enabled.
[    1.668811] rcu: 	RCU restricting CPUs from NR_CPUS=320 to nr_cpu_ids=16.
[    1.668811] rcu: 	RCU priority boosting: priority 1 delay 500 ms.
[    1.668812] 	Trampoline variant of Tasks RCU enabled.
[    1.668813] 	Rude variant of Tasks RCU enabled.
[    1.668813] 	Tracing variant of Tasks RCU enabled.
[    1.668814] rcu: RCU calculated value of scheduler-enlistment delay is 30 jiffies.
[    1.668814] rcu: Adjusting geometry for rcu_fanout_leaf=16, nr_cpu_ids=16
[    1.672311] NR_IRQS: 20736, nr_irqs: 1096, preallocated irqs: 16
[    1.672564] kfence: initialized - using 2097152 bytes for 255 objects at 0xffff9942fda00000-0xffff9942fdc00000
[    1.672734] Console: colour dummy device 80x25
[    1.672746] printk: console [tty0] enabled
[    1.672766] ACPI: Core revision 20210930
[    1.672984] clocksource: hpet: mask: 0xffffffff max_cycles: 0xffffffff, max_idle_ns: 133484873504 ns
[    1.673002] APIC: Switch to symmetric I/O mode setup
[    1.673818] AMD-Vi: ivrs, add hid:AMDI0020, uid:\_SB.FUR0, rdevid:160
[    1.673819] AMD-Vi: ivrs, add hid:AMDI0020, uid:\_SB.FUR1, rdevid:160
[    1.673820] AMD-Vi: ivrs, add hid:AMDI0020, uid:\_SB.FUR2, rdevid:160
[    1.673821] AMD-Vi: ivrs, add hid:AMDI0020, uid:\_SB.FUR3, rdevid:160
[    1.674125] Switched APIC routing to physical flat.
[    1.674880] ..TIMER: vector=0x30 apic1=0 pin1=2 apic2=-1 pin2=-1
[    1.689676] clocksource: tsc-early: mask: 0xffffffffffffffff max_cycles: 0x222b71c145c, max_idle_ns: 440795267692 ns
[    1.689684] Calibrating delay loop (skipped), value calculated using timer frequency.. 4742.58 BogoMIPS (lpj=7901743)
[    1.689686] pid_max: default: 32768 minimum: 301
[    1.713056] LSM: Security Framework initializing
[    1.713073] landlock: Up and running.
[    1.713074] Yama: becoming mindful.
[    1.713106] AppArmor: AppArmor initialized
[    1.713109] LSM support for eBPF active
[    1.713146] Mount-cache hash table entries: 32768 (order: 6, 262144 bytes, linear)
[    1.713174] Mountpoint-cache hash table entries: 32768 (order: 6, 262144 bytes, linear)
[    1.713422] x86/cpu: User Mode Instruction Prevention (UMIP) activated
[    1.713459] LVT offset 1 assigned for vector 0xf9
[    1.713518] LVT offset 2 assigned for vector 0xf4
[    1.713536] Last level iTLB entries: 4KB 1024, 2MB 1024, 4MB 512
[    1.713536] Last level dTLB entries: 4KB 2048, 2MB 2048, 4MB 1024, 1GB 0
[    1.713540] Spectre V1 : Mitigation: usercopy/swapgs barriers and __user pointer sanitization
[    1.713543] Spectre V2 : Mitigation: Full AMD retpoline
[    1.713543] Spectre V2 : Spectre v2 / SpectreRSB mitigation: Filling RSB on context switch
[    1.713544] Spectre V2 : Enabling Restricted Speculation for firmware calls
[    1.713545] Spectre V2 : mitigation: Enabling conditional Indirect Branch Prediction Barrier
[    1.713547] Speculative Store Bypass: Mitigation: Speculative Store Bypass disabled via prctl
[    1.717441] Freeing SMP alternatives memory: 36K
[    1.827469] smpboot: CPU0: AMD Ryzen 5 4500U with Radeon Graphics (family: 0x17, model: 0x60, stepping: 0x1)
[    1.827638] Performance Events: Fam17h+ core perfctr, AMD PMU driver.
[    1.827643] ... version:                0
[    1.827643] ... bit width:              48
[    1.827644] ... generic registers:      6
[    1.827644] ... value mask:             0000ffffffffffff
[    1.827645] ... max period:             00007fffffffffff
[    1.827646] ... fixed-purpose events:   0
[    1.827646] ... event mask:             000000000000003f
[    1.827712] rcu: Hierarchical SRCU implementation.
[    1.828226] NMI watchdog: Enabled. Permanently consumes one hw-PMU counter.
[    1.828424] smp: Bringing up secondary CPUs ...
[    1.828546] x86: Booting SMP configuration:
[    1.828547] .... node  #0, CPUs:        #1  #2  #3
[    1.832119] TSC synchronization [CPU#0 -> CPU#3]:
[    1.832121] Measured 3658 cycles TSC warp between CPUs, turning off TSC clock.
[    1.832123] tsc: Marking TSC unstable due to check_tsc_sync_source failed
[    1.833152]   #4  #5
[    1.833426] smp: Brought up 1 node, 6 CPUs
[    1.833426] smpboot: Max logical packages: 3
[    1.833426] smpboot: Total of 6 processors activated (28457.53 BogoMIPS)
[    1.836920] devtmpfs: initialized
[    1.836920] x86/mm: Memory block size: 128MB
[    1.837517] ACPI: PM: Registering ACPI NVS region [mem 0x09f00000-0x09f0ffff] (65536 bytes)
[    1.837517] ACPI: PM: Registering ACPI NVS region [mem 0xccf7f000-0xcdf7efff] (16777216 bytes)
[    1.837517] clocksource: jiffies: mask: 0xffffffff max_cycles: 0xffffffff, max_idle_ns: 6370867519511994 ns
[    1.837517] futex hash table entries: 4096 (order: 6, 262144 bytes, linear)
[    1.837517] pinctrl core: initialized pinctrl subsystem
[    1.837517] PM: RTC time: 20:21:49, date: 2022-02-15
[    1.839978] NET: Registered PF_NETLINK/PF_ROUTE protocol family
[    1.840355] DMA: preallocated 2048 KiB GFP_KERNEL pool for atomic allocations
[    1.840578] DMA: preallocated 2048 KiB GFP_KERNEL|GFP_DMA pool for atomic allocations
[    1.840736] DMA: preallocated 2048 KiB GFP_KERNEL|GFP_DMA32 pool for atomic allocations
[    1.840757] audit: initializing netlink subsys (enabled)
[    1.840777] audit: type=2000 audit(1644956508.166:1): state=initialized audit_enabled=1 res=1
[    1.840777] thermal_sys: Registered thermal governor 'fair_share'
[    1.840777] thermal_sys: Registered thermal governor 'bang_bang'
[    1.840777] thermal_sys: Registered thermal governor 'step_wise'
[    1.840777] thermal_sys: Registered thermal governor 'user_space'
[    1.840777] thermal_sys: Registered thermal governor 'power_allocator'
[    1.840777] cpuidle: using governor ladder
[    1.840777] cpuidle: using governor menu
[    1.840777] Simple Boot Flag at 0x44 set to 0x1
[    1.840777] HugeTLB: can free 4094 vmemmap pages for hugepages-1048576kB
[    1.840777] acpiphp: ACPI Hot Plug PCI Controller Driver version: 0.5
[    1.840777] PCI: MMCONFIG for domain 0000 [bus 00-3f] at [mem 0xf8000000-0xfbffffff] (base 0xf8000000)
[    1.840777] PCI: MMCONFIG at [mem 0xf8000000-0xfbffffff] reserved in E820
[    1.840777] PCI: Using configuration type 1 for base access
[    1.843279] kprobes: kprobe jump-optimization is enabled. All kprobes are optimized if possible.
[    1.843362] HugeTLB: can free 6 vmemmap pages for hugepages-2048kB
[    1.843362] HugeTLB registered 1.00 GiB page size, pre-allocated 0 pages
[    1.843362] HugeTLB registered 2.00 MiB page size, pre-allocated 0 pages
[    1.843362] ACPI: Added _OSI(Module Device)
[    1.843362] ACPI: Added _OSI(Processor Device)
[    1.843362] ACPI: Added _OSI(3.0 _SCP Extensions)
[    1.843362] ACPI: Added _OSI(Processor Aggregator Device)
[    1.843362] ACPI: Added _OSI(Linux-Dell-Video)
[    1.843362] ACPI: Added _OSI(Linux-Lenovo-NV-HDMI-Audio)
[    1.843362] ACPI: Added _OSI(Linux-HPI-Hybrid-Graphics)
[    1.861197] ACPI: 18 ACPI AML tables successfully acquired and loaded
[    1.862782] ACPI: [Firmware Bug]: BIOS _OSI(Linux) query ignored
[    1.865883] ACPI: EC: EC started
[    1.865884] ACPI: EC: interrupt blocked
[    1.868000] ACPI: EC: EC_CMD/EC_SC=0x66, EC_DATA=0x62
[    1.868002] ACPI: \_SB_.PCI0.LPC0.EC0_: Boot DSDT EC used to handle transactions
[    1.868003] ACPI: Interpreter enabled
[    1.868018] ACPI: PM: (supports S0 S4 S5)
[    1.868019] ACPI: Using IOAPIC for interrupt routing
[    1.868232] PCI: Using host bridge windows from ACPI; if necessary, use "pci=nocrs" and report a bug
[    1.871363] ACPI: PM: Power Resource [P0U0]
[    1.871496] ACPI: PM: Power Resource [P3U0]
[    1.872242] ACPI: PM: Power Resource [P0U1]
[    1.872375] ACPI: PM: Power Resource [P3U1]
[    1.873018] ACPI: PM: Power Resource [P0S0]
[    1.873056] ACPI: PM: Power Resource [P3S0]
[    1.873214] ACPI: PM: Power Resource [P0S1]
[    1.873251] ACPI: PM: Power Resource [P3S1]
[    1.879174] ACPI: PCI Root Bridge [PCI0] (domain 0000 [bus 00-ff])
[    1.879179] acpi PNP0A08:00: _OSC: OS supports [ExtendedConfig ASPM ClockPM Segments MSI EDR HPX-Type3]
[    1.879300] acpi PNP0A08:00: _OSC: platform does not support [SHPCHotplug LTR DPC]
[    1.879519] acpi PNP0A08:00: _OSC: OS now controls [PCIeHotplug PME AER PCIeCapability]
[    1.879530] acpi PNP0A08:00: [Firmware Info]: MMCONFIG for domain 0000 [bus 00-3f] only partially covers this bridge
[    1.879883] PCI host bridge to bus 0000:00
[    1.879885] pci_bus 0000:00: root bus resource [io  0x0000-0x0cf7 window]
[    1.879887] pci_bus 0000:00: root bus resource [io  0x0d00-0xffff window]
[    1.879888] pci_bus 0000:00: root bus resource [mem 0x000a0000-0x000bffff window]
[    1.879889] pci_bus 0000:00: root bus resource [mem 0x000c0000-0x000cffff window]
[    1.879890] pci_bus 0000:00: root bus resource [mem 0x000d0000-0x000effff window]
[    1.879891] pci_bus 0000:00: root bus resource [mem 0xd0000000-0xf7ffffff window]
[    1.879892] pci_bus 0000:00: root bus resource [mem 0xfc000000-0xfed3ffff window]
[    1.879893] pci_bus 0000:00: root bus resource [mem 0x450200000-0xfcffffffff window]
[    1.879894] pci_bus 0000:00: root bus resource [bus 00-ff]
[    1.879906] pci 0000:00:00.0: [1022:1630] type 00 class 0x060000
[    1.879968] pci 0000:00:00.2: [1022:1631] type 00 class 0x080600
[    1.880037] pci 0000:00:01.0: [1022:1632] type 00 class 0x060000
[    1.880087] pci 0000:00:02.0: [1022:1632] type 00 class 0x060000
[    1.880144] pci 0000:00:08.0: [1022:1632] type 00 class 0x060000
[    1.880190] pci 0000:00:08.1: [1022:1635] type 01 class 0x060400
[    1.880209] pci 0000:00:08.1: enabling Extended Tags
[    1.880239] pci 0000:00:08.1: PME# supported from D0 D3hot D3cold
[    1.880340] pci 0000:00:08.2: [1022:1635] type 01 class 0x060400
[    1.880359] pci 0000:00:08.2: enabling Extended Tags
[    1.880387] pci 0000:00:08.2: PME# supported from D0 D3hot D3cold
[    1.880484] pci 0000:00:14.0: [1022:790b] type 00 class 0x0c0500
[    1.880607] pci 0000:00:14.3: [1022:790e] type 00 class 0x060100
[    1.880735] pci 0000:00:18.0: [1022:1448] type 00 class 0x060000
[    1.880767] pci 0000:00:18.1: [1022:1449] type 00 class 0x060000
[    1.880794] pci 0000:00:18.2: [1022:144a] type 00 class 0x060000
[    1.880821] pci 0000:00:18.3: [1022:144b] type 00 class 0x060000
[    1.880850] pci 0000:00:18.4: [1022:144c] type 00 class 0x060000
[    1.880880] pci 0000:00:18.5: [1022:144d] type 00 class 0x060000
[    1.880907] pci 0000:00:18.6: [1022:144e] type 00 class 0x060000
[    1.880934] pci 0000:00:18.7: [1022:144f] type 00 class 0x060000
[    1.881054] pci 0000:01:00.0: [1002:1636] type 00 class 0x030000
[    1.881065] pci 0000:01:00.0: reg 0x10: [mem 0xfce0000000-0xfcefffffff 64bit pref]
[    1.881072] pci 0000:01:00.0: reg 0x18: [mem 0xfcf0000000-0xfcf01fffff 64bit pref]
[    1.881077] pci 0000:01:00.0: reg 0x20: [io  0x1000-0x10ff]
[    1.881083] pci 0000:01:00.0: reg 0x24: [mem 0xd0400000-0xd047ffff]
[    1.881091] pci 0000:01:00.0: enabling Extended Tags
[    1.881104] pci 0000:01:00.0: BAR 0: assigned to efifb
[    1.881140] pci 0000:01:00.0: PME# supported from D1 D2 D3hot D3cold
[    1.881238] pci 0000:01:00.1: [1002:1637] type 00 class 0x040300
[    1.881245] pci 0000:01:00.1: reg 0x10: [mem 0xd04c8000-0xd04cbfff]
[    1.881264] pci 0000:01:00.1: enabling Extended Tags
[    1.881292] pci 0000:01:00.1: PME# supported from D1 D2 D3hot D3cold
[    1.881357] pci 0000:01:00.2: [1022:15df] type 00 class 0x108000
[    1.881369] pci 0000:01:00.2: reg 0x18: [mem 0xd0300000-0xd03fffff]
[    1.881377] pci 0000:01:00.2: reg 0x24: [mem 0xd04cc000-0xd04cdfff]
[    1.881384] pci 0000:01:00.2: enabling Extended Tags
[    1.881475] pci 0000:01:00.3: [1022:1639] type 00 class 0x0c0330
[    1.881485] pci 0000:01:00.3: reg 0x10: [mem 0xd0100000-0xd01fffff 64bit]
[    1.881507] pci 0000:01:00.3: enabling Extended Tags
[    1.881536] pci 0000:01:00.3: PME# supported from D0 D3hot D3cold
[    1.881605] pci 0000:01:00.4: [1022:1639] type 00 class 0x0c0330
[    1.881615] pci 0000:01:00.4: reg 0x10: [mem 0xd0200000-0xd02fffff 64bit]
[    1.881636] pci 0000:01:00.4: enabling Extended Tags
[    1.881665] pci 0000:01:00.4: PME# supported from D0 D3hot D3cold
[    1.881738] pci 0000:01:00.5: [1022:15e2] type 00 class 0x048000
[    1.881745] pci 0000:01:00.5: reg 0x10: [mem 0xd0480000-0xd04bffff]
[    1.881764] pci 0000:01:00.5: enabling Extended Tags
[    1.881791] pci 0000:01:00.5: PME# supported from D0 D3hot D3cold
[    1.881860] pci 0000:01:00.6: [1022:15e3] type 00 class 0x040300
[    1.881866] pci 0000:01:00.6: reg 0x10: [mem 0xd04c0000-0xd04c7fff]
[    1.881886] pci 0000:01:00.6: enabling Extended Tags
[    1.881913] pci 0000:01:00.6: PME# supported from D0 D3hot D3cold
[    1.881997] pci 0000:00:08.1: PCI bridge to [bus 01]
[    1.882000] pci 0000:00:08.1:   bridge window [io  0x1000-0x1fff]
[    1.882001] pci 0000:00:08.1:   bridge window [mem 0xd0100000-0xd04fffff]
[    1.882004] pci 0000:00:08.1:   bridge window [mem 0xfce0000000-0xfcf01fffff 64bit pref]
[    1.882055] pci 0000:02:00.0: [1022:7901] type 00 class 0x010601
[    1.882081] pci 0000:02:00.0: reg 0x24: [mem 0xd0001000-0xd00017ff]
[    1.882089] pci 0000:02:00.0: enabling Extended Tags
[    1.882204] pci 0000:02:00.1: [1022:7901] type 00 class 0x010601
[    1.882230] pci 0000:02:00.1: reg 0x24: [mem 0xd0000000-0xd00007ff]
[    1.882237] pci 0000:02:00.1: enabling Extended Tags
[    1.882335] pci 0000:00:08.2: PCI bridge to [bus 02]
[    1.882339] pci 0000:00:08.2:   bridge window [mem 0xd0000000-0xd00fffff]
[    1.884042] ACPI: PCI: Interrupt link LNKA configured for IRQ 0
[    1.884043] ACPI: PCI: Interrupt link LNKA disabled
[    1.884138] ACPI: PCI: Interrupt link LNKB configured for IRQ 0
[    1.884138] ACPI: PCI: Interrupt link LNKB disabled
[    1.884211] ACPI: PCI: Interrupt link LNKC configured for IRQ 0
[    1.884211] ACPI: PCI: Interrupt link LNKC disabled
[    1.884301] ACPI: PCI: Interrupt link LNKD configured for IRQ 0
[    1.884302] ACPI: PCI: Interrupt link LNKD disabled
[    1.884386] ACPI: PCI: Interrupt link LNKE configured for IRQ 0
[    1.884386] ACPI: PCI: Interrupt link LNKE disabled
[    1.884453] ACPI: PCI: Interrupt link LNKF configured for IRQ 0
[    1.884454] ACPI: PCI: Interrupt link LNKF disabled
[    1.884520] ACPI: PCI: Interrupt link LNKG configured for IRQ 0
[    1.884521] ACPI: PCI: Interrupt link LNKG disabled
[    1.884587] ACPI: PCI: Interrupt link LNKH configured for IRQ 0
[    1.884588] ACPI: PCI: Interrupt link LNKH disabled
[    1.886618] ACPI: EC: interrupt unblocked
[    1.886619] ACPI: EC: event unblocked
[    1.886624] ACPI: EC: EC_CMD/EC_SC=0x66, EC_DATA=0x62
[    1.886625] ACPI: EC: GPE=0x3
[    1.886626] ACPI: \_SB_.PCI0.LPC0.EC0_: Boot DSDT EC initialization complete
[    1.886627] ACPI: \_SB_.PCI0.LPC0.EC0_: EC: Used to handle transactions and events
[    1.886652] iommu: Default domain type: Translated 
[    1.886652] iommu: DMA domain TLB invalidation policy: lazy mode 
[    1.886652] pci 0000:01:00.0: vgaarb: VGA device added: decodes=io+mem,owns=none,locks=none
[    1.886652] pci 0000:01:00.0: vgaarb: bridge control possible
[    1.886652] pci 0000:01:00.0: vgaarb: setting as boot device
[    1.886652] vgaarb: loaded
[    1.886652] SCSI subsystem initialized
[    1.886652] libata version 3.00 loaded.
[    1.886652] ACPI: bus type USB registered
[    1.886652] usbcore: registered new interface driver usbfs
[    1.886652] usbcore: registered new interface driver hub
[    1.886652] usbcore: registered new device driver usb
[    1.889792] pps_core: LinuxPPS API ver. 1 registered
[    1.889793] pps_core: Software ver. 5.3.6 - Copyright 2005-2007 Rodolfo Giometti <giometti@linux.it>
[    1.889795] PTP clock support registered
[    1.889802] EDAC MC: Ver: 3.0.0
[    1.889850] Registered efivars operations
[    1.889850] NetLabel: Initializing
[    1.889850] NetLabel:  domain hash size = 128
[    1.889850] NetLabel:  protocols = UNLABELED CIPSOv4 CALIPSO
[    1.889862] NetLabel:  unlabeled traffic allowed by default
[    1.889865] mctp: management component transport protocol core
[    1.889865] NET: Registered PF_MCTP protocol family
[    1.889870] PCI: Using ACPI for IRQ routing
[    1.889859] audit: type=1409 audit(1644956508.216:2): netlabel: auid=0 ses=0 subj==unconfined nlbl_domain=(default) nlbl_protocol=unlbl res=1
[    1.889859] audit: type=1406 audit(1644956508.216:3): netlabel: auid=0 ses=0 subj==unconfined unlbl_accept=1 old=0
[    1.891934] PCI: pci_cache_line_size set to 64 bytes
[    1.891966] e820: reserve RAM buffer [mem 0x0009f000-0x0009ffff]
[    1.891968] e820: reserve RAM buffer [mem 0x09b00000-0x0bffffff]
[    1.891969] e820: reserve RAM buffer [mem 0x09f00000-0x0bffffff]
[    1.891970] e820: reserve RAM buffer [mem 0xb3636000-0xb3ffffff]
[    1.891971] e820: reserve RAM buffer [mem 0xbab69000-0xbbffffff]
[    1.891972] e820: reserve RAM buffer [mem 0xc9f7f000-0xcbffffff]
[    1.891973] e820: reserve RAM buffer [mem 0xce000000-0xcfffffff]
[    1.891973] e820: reserve RAM buffer [mem 0x40f340000-0x40fffffff]
[    1.891978] hpet0: at MMIO 0xfed00000, IRQs 2, 8, 0
[    1.891978] hpet0: 3 comparators, 32-bit 14.318180 MHz counter
[    1.895359] clocksource: Switched to clocksource hpet
[    1.902903] VFS: Disk quotas dquot_6.6.0
[    1.902922] VFS: Dquot-cache hash table entries: 512 (order 0, 4096 bytes)
[    1.903071] AppArmor: AppArmor Filesystem Enabled
[    1.903122] pnp: PnP ACPI init
[    1.903393] system 00:00: [mem 0xfec00000-0xfec01fff] could not be reserved
[    1.903397] system 00:00: [mem 0xfee00000-0xfee00fff] has been reserved
[    1.903399] system 00:00: [mem 0xfde00000-0xfdefffff] has been reserved
[    1.903565] audit: type=1400 audit(1644956508.229:4): apparmor="STATUS" info="AppArmor Filesystem Enabled" pid=1 comm="swapper/0"
[    1.903630] system 00:03: [io  0x0400-0x04cf] has been reserved
[    1.903632] system 00:03: [io  0x04d0-0x04d1] has been reserved
[    1.903633] system 00:03: [io  0x04d6] has been reserved
[    1.903634] system 00:03: [io  0x0c00-0x0c01] has been reserved
[    1.903635] system 00:03: [io  0x0c14] has been reserved
[    1.903637] system 00:03: [io  0x0c50-0x0c52] has been reserved
[    1.903638] system 00:03: [io  0x0c6c] has been reserved
[    1.903639] system 00:03: [io  0x0c6f] has been reserved
[    1.903640] system 00:03: [io  0x0cd0-0x0cdb] has been reserved
[    1.903710] system 00:04: [mem 0x000e0000-0x000fffff] could not be reserved
[    1.903712] system 00:04: [mem 0xff000000-0xffffffff] could not be reserved
[    1.905375] pnp: PnP ACPI: found 5 devices
[    1.913900] clocksource: acpi_pm: mask: 0xffffff max_cycles: 0xffffff, max_idle_ns: 2085701024 ns
[    1.914058] NET: Registered PF_INET protocol family
[    1.914617] IP idents hash table entries: 262144 (order: 9, 2097152 bytes, linear)
[    1.916064] tcp_listen_portaddr_hash hash table entries: 8192 (order: 5, 131072 bytes, linear)
[    1.916185] TCP established hash table entries: 131072 (order: 8, 1048576 bytes, linear)
[    1.916601] TCP bind hash table entries: 65536 (order: 8, 1048576 bytes, linear)
[    1.916671] TCP: Hash tables configured (established 131072 bind 65536)
[    1.916821] MPTCP token hash table entries: 16384 (order: 6, 393216 bytes, linear)
[    1.916878] UDP hash table entries: 8192 (order: 6, 262144 bytes, linear)
[    1.916927] UDP-Lite hash table entries: 8192 (order: 6, 262144 bytes, linear)
[    1.917006] NET: Registered PF_UNIX/PF_LOCAL protocol family
[    1.917011] NET: Registered PF_XDP protocol family
[    1.917025] pci 0000:00:08.1: PCI bridge to [bus 01]
[    1.917028] pci 0000:00:08.1:   bridge window [io  0x1000-0x1fff]
[    1.917032] pci 0000:00:08.1:   bridge window [mem 0xd0100000-0xd04fffff]
[    1.917034] pci 0000:00:08.1:   bridge window [mem 0xfce0000000-0xfcf01fffff 64bit pref]
[    1.917038] pci 0000:00:08.2: PCI bridge to [bus 02]
[    1.917040] pci 0000:00:08.2:   bridge window [mem 0xd0000000-0xd00fffff]
[    1.917045] pci_bus 0000:00: resource 4 [io  0x0000-0x0cf7 window]
[    1.917047] pci_bus 0000:00: resource 5 [io  0x0d00-0xffff window]
[    1.917048] pci_bus 0000:00: resource 6 [mem 0x000a0000-0x000bffff window]
[    1.917049] pci_bus 0000:00: resource 7 [mem 0x000c0000-0x000cffff window]
[    1.917050] pci_bus 0000:00: resource 8 [mem 0x000d0000-0x000effff window]
[    1.917051] pci_bus 0000:00: resource 9 [mem 0xd0000000-0xf7ffffff window]
[    1.917051] pci_bus 0000:00: resource 10 [mem 0xfc000000-0xfed3ffff window]
[    1.917053] pci_bus 0000:00: resource 11 [mem 0x450200000-0xfcffffffff window]
[    1.917054] pci_bus 0000:01: resource 0 [io  0x1000-0x1fff]
[    1.917055] pci_bus 0000:01: resource 1 [mem 0xd0100000-0xd04fffff]
[    1.917055] pci_bus 0000:01: resource 2 [mem 0xfce0000000-0xfcf01fffff 64bit pref]
[    1.917057] pci_bus 0000:02: resource 1 [mem 0xd0000000-0xd00fffff]
[    1.917199] pci 0000:01:00.1: D0 power state depends on 0000:01:00.0
[    1.917208] pci 0000:01:00.3: extending delay after power-on from D3hot to 20 msec
[    1.918814] pci 0000:01:00.4: extending delay after power-on from D3hot to 20 msec
[    1.930078] pci 0000:01:00.4: quirk_usb_early_handoff+0x0/0x750 took 10997 usecs
[    1.930091] PCI: CLS 64 bytes, default 64
[    1.930104] pci 0000:00:00.2: AMD-Vi: IOMMU performance counters supported
[    1.930163] Trying to unpack rootfs image as initramfs...
[    1.930165] pci 0000:00:00.2: can't derive routing for PCI INT A
[    1.930166] pci 0000:00:00.2: PCI INT A: not connected
[    1.930184] pci 0000:00:01.0: Adding to iommu group 0
[    1.930199] pci 0000:00:02.0: Adding to iommu group 1
[    1.930216] pci 0000:00:08.0: Adding to iommu group 2
[    1.930223] pci 0000:00:08.1: Adding to iommu group 2
[    1.930232] pci 0000:00:08.2: Adding to iommu group 2
[    1.930246] pci 0000:00:14.0: Adding to iommu group 3
[    1.930254] pci 0000:00:14.3: Adding to iommu group 3
[    1.930278] pci 0000:00:18.0: Adding to iommu group 4
[    1.930285] pci 0000:00:18.1: Adding to iommu group 4
[    1.930291] pci 0000:00:18.2: Adding to iommu group 4
[    1.930298] pci 0000:00:18.3: Adding to iommu group 4
[    1.930306] pci 0000:00:18.4: Adding to iommu group 4
[    1.930312] pci 0000:00:18.5: Adding to iommu group 4
[    1.930319] pci 0000:00:18.6: Adding to iommu group 4
[    1.930326] pci 0000:00:18.7: Adding to iommu group 4
[    1.930333] pci 0000:01:00.0: Adding to iommu group 2
[    1.930337] pci 0000:01:00.1: Adding to iommu group 2
[    1.930344] pci 0000:01:00.2: Adding to iommu group 2
[    1.930349] pci 0000:01:00.3: Adding to iommu group 2
[    1.930354] pci 0000:01:00.4: Adding to iommu group 2
[    1.930358] pci 0000:01:00.5: Adding to iommu group 2
[    1.930363] pci 0000:01:00.6: Adding to iommu group 2
[    1.930369] pci 0000:02:00.0: Adding to iommu group 2
[    1.930374] pci 0000:02:00.1: Adding to iommu group 2
[    1.932134] pci 0000:00:00.2: AMD-Vi: Found IOMMU cap 0x40
[    1.932139] AMD-Vi: Extended features (0x206d73ef22254ade): PPR X2APIC NX GT IA GA PC GA_vAPIC
[    1.932143] AMD-Vi: Interrupt remapping enabled
[    1.932144] AMD-Vi: Virtual APIC enabled
[    1.932144] AMD-Vi: X2APIC enabled
[    1.932465] software IO TLB: tearing down default memory pool
[    1.940351] LVT offset 0 assigned for vector 0x400
[    1.940571] perf: AMD IBS detected (0x000003ff)
[    1.940577] perf/amd_iommu: Detected AMD IOMMU #0 (2 banks, 4 counters/bank).
[    1.942337] Initialise system trusted keyrings
[    1.942356] Key type blacklist registered
[    1.942441] workingset: timestamp_bits=41 max_order=22 bucket_order=0
[    1.943876] zbud: loaded
[    1.947107] Key type asymmetric registered
[    1.947108] Asymmetric key parser 'x509' registered
[    1.947139] Block layer SCSI generic (bsg) driver version 0.4 loaded (major 242)
[    1.947270] io scheduler mq-deadline registered
[    1.947271] io scheduler kyber registered
[    1.947302] io scheduler bfq registered
[    1.947904] pcieport 0000:00:08.1: PME: Signaling with IRQ 26
[    1.948113] pcieport 0000:00:08.2: PME: Signaling with IRQ 27
[    1.948191] shpchp: Standard Hot Plug PCI Controller Driver version: 0.4
[    1.949711] ACPI: AC: AC Adapter [ACAD] (off-line)
[    1.949753] input: Power Button as /devices/LNXSYSTM:00/LNXSYBUS:00/PNP0C0C:00/input/input0
[    1.949771] ACPI: button: Power Button [PWRB]
[    1.949799] input: Lid Switch as /devices/LNXSYSTM:00/LNXSYBUS:00/PNP0A08:00/device:2a/PNP0C09:00/PNP0C0D:00/input/input1
[    1.949816] ACPI: button: Lid Switch [LID0]
[    1.949863] Monitor-Mwait will be used to enter C-1 state
[    1.949874] ACPI: \_SB_.PLTF.C000: Found 3 idle states
[    1.949879] ACPI: FW issue: working around C-state latencies out of order
[    1.949995] ACPI: \_SB_.PLTF.C001: Found 3 idle states
[    1.950001] ACPI: FW issue: working around C-state latencies out of order
[    1.950080] ACPI: \_SB_.PLTF.C002: Found 3 idle states
[    1.950085] ACPI: FW issue: working around C-state latencies out of order
[    1.950230] ACPI: \_SB_.PLTF.C003: Found 3 idle states
[    1.950235] ACPI: FW issue: working around C-state latencies out of order
[    1.950372] ACPI: \_SB_.PLTF.C004: Found 3 idle states
[    1.950377] ACPI: FW issue: working around C-state latencies out of order
[    1.950539] ACPI: \_SB_.PLTF.C005: Found 3 idle states
[    1.950544] ACPI: FW issue: working around C-state latencies out of order
[    1.952552] thermal LNXTHERM:00: registered as thermal_zone0
[    1.952553] ACPI: thermal: Thermal Zone [TZ0] (51 C)
[    1.952697] Serial: 8250/16550 driver, 32 ports, IRQ sharing enabled
[    1.954258] Non-volatile memory driver v1.3
[    1.954259] Linux agpgart interface v0.103
[    1.954303] AMD-Vi: AMD IOMMUv2 loaded and initialized
[    1.954354] ACPI: bus type drm_connector registered
[    1.954984] ahci 0000:02:00.0: version 3.0
[    1.955107] ahci 0000:02:00.0: AHCI 0001.0301 32 slots 1 ports 6 Gbps 0x1 impl SATA mode
[    1.955110] ahci 0000:02:00.0: flags: 64bit ncq sntf ilck pm led clo only pmp fbs pio slum part 
[    1.955271] scsi host0: ahci
[    1.955331] ata1: SATA max UDMA/133 abar m2048@0xd0001000 port 0xd0001100 irq 29
[    1.955447] ahci 0000:02:00.1: AHCI 0001.0301 32 slots 1 ports 6 Gbps 0x1 impl SATA mode
[    1.955449] ahci 0000:02:00.1: flags: 64bit ncq sntf ilck pm led clo only pmp fbs pio slum part deso sadm sds 
[    1.955655] scsi host1: ahci
[    1.955699] ata2: SATA max UDMA/133 abar m2048@0xd0000000 port 0xd0000100 irq 31
[    1.955721] ehci_hcd: USB 2.0 'Enhanced' Host Controller (EHCI) Driver
[    1.955728] ehci-pci: EHCI PCI platform driver
[    1.955734] ohci_hcd: USB 1.1 'Open' Host Controller (OHCI) Driver
[    1.955736] ohci-pci: OHCI PCI platform driver
[    1.955741] uhci_hcd: USB Universal Host Controller Interface driver
[    1.955789] usbcore: registered new interface driver usbserial_generic
[    1.955792] usbserial: USB Serial support registered for generic
[    1.955870] rtc_cmos 00:01: RTC can wake from S4
[    1.956071] rtc_cmos 00:01: registered as rtc0
[    1.956124] rtc_cmos 00:01: setting system clock to 2022-02-15T20:21:49 UTC (1644956509)
[    1.956129] audit: type=1332 audit(1644956509.500:5): sec=1 nsec=216904266
[    1.956136] rtc_cmos 00:01: alarms up to one month, 114 bytes nvram, hpet irqs
[    1.956267] ledtrig-cpu: registered to indicate activity on CPUs
[    1.956474] efifb: probing for efifb
[    1.956482] efifb: framebuffer at 0xfce0000000, using 8128k, total 8128k
[    1.956483] efifb: mode is 1920x1080x32, linelength=7680, pages=1
[    1.956484] efifb: scrolling: redraw
[    1.956484] efifb: Truecolor: size=8:8:8:8, shift=24:16:8:0
[    1.956536] fbcon: Deferring console take-over
[    1.956537] fb0: EFI VGA frame buffer device
[    1.956567] hid: raw HID events driver (C) Jiri Kosina
[    1.956634] drop_monitor: Initializing network drop monitor service
[    1.956680] Initializing XFRM netlink socket
[    1.956778] NET: Registered PF_INET6 protocol family
[    1.971812] ACPI: battery: Slot [BATT] (battery present)
[    2.270194] ata1: SATA link down (SStatus 0 SControl 300)
[    2.317698] Freeing initrd memory: 10724K
[    2.324989] Segment Routing with IPv6
[    2.324993] RPL Segment Routing with IPv6
[    2.325012] In-situ OAM (IOAM) with IPv6
[    2.325051] NET: Registered PF_PACKET protocol family
[    2.326564] microcode: CPU0: patch_level=0x08600106
[    2.326588] microcode: CPU1: patch_level=0x08600106
[    2.326595] microcode: CPU2: patch_level=0x08600106
[    2.326621] microcode: CPU3: patch_level=0x08600106
[    2.326641] microcode: CPU4: patch_level=0x08600106
[    2.326665] microcode: CPU5: patch_level=0x08600106
[    2.326672] microcode: Microcode Update Driver: v2.2.
[    2.326951] resctrl: L3 allocation detected
[    2.326955] resctrl: MB allocation detected
[    2.326956] resctrl: L3 monitoring detected
[    2.326961] IPI shorthand broadcast: enabled
[    2.327271] registered taskstats version 1
[    2.327570] Loading compiled-in X.509 certificates
[    2.330014] Loaded X.509 cert 'Build time autogenerated kernel key: 42e4051019aa0d30ac1d6ba61088cdafd83ef0ee'
[    2.331251] zswap: loaded using pool lz4/z3fold
[    2.331867] Key type ._fscrypt registered
[    2.331868] Key type .fscrypt registered
[    2.331868] Key type fscrypt-provisioning registered
[    2.331933] AppArmor: AppArmor sha1 policy hashing enabled
[    2.331956] audit: type=1400 audit(1644956509.873:6): apparmor="STATUS" info="AppArmor sha1 policy hashing enabled" pid=1 comm="swapper/0"
[    2.333893] PM:   Magic number: 10:48:397
[    2.333919] mem random: hash matches
[    2.334085] RAS: Correctable Errors collector initialized.
[    2.426609] ata2: SATA link up 6.0 Gbps (SStatus 133 SControl 300)
[    2.429525] ata2.00: ATA-11: SAMSUNG MZNLH512HALU-00000, RVT2200Q, max UDMA/133
[    2.430796] ata2.00: 1000215216 sectors, multi 16: LBA48 NCQ (depth 32), AA
[    2.433100] ata2.00: Features: Dev-Sleep NCQ-sndrcv
[    2.437388] ata2.00: configured for UDMA/133
[    2.437539] ata2.00: failed to enable DEVSLP
[    2.437546] ata2.00: failed to enable DIPM, Emask 0x40
[    7.956611] ata2: SATA link up 6.0 Gbps (SStatus 133 SControl 300)
[    7.965552] ata2.00: configured for UDMA/133
[    7.966219] scsi 1:0:0:0: Direct-Access     ATA      SAMSUNG MZNLH512 200Q PQ: 0 ANSI: 5
[    7.966957] sd 1:0:0:0: [sda] 1000215216 512-byte logical blocks: (512 GB/477 GiB)
[    7.966977] sd 1:0:0:0: [sda] Write Protect is off
[    7.966981] sd 1:0:0:0: [sda] Mode Sense: 00 3a 00 00
[    7.967004] sd 1:0:0:0: [sda] Write cache: enabled, read cache: enabled, doesn't support DPO or FUA
[    8.000703]  sda: sda1 sda2 sda3
[    8.033556] sd 1:0:0:0: [sda] Attached SCSI disk
[    8.033709] Unstable clock detected, switching default tracing clock to "global"
               If you want to keep using the local clock, then add:
                 "trace_clock=local"
               on the kernel command line
[    8.038005] Freeing unused decrypted memory: 2036K
[    8.038418] Freeing unused kernel image (initmem) memory: 1784K
[    8.059969] Write protecting the kernel read-only data: 28672k
[    8.060930] Freeing unused kernel image (text/rodata gap) memory: 2036K
[    8.061462] Freeing unused kernel image (rodata/data gap) memory: 1352K
[    8.101901] x86/mm: Checked W+X mappings: passed, no W+X pages found.
[    8.101908] rodata_test: all tests were successful
[    8.101910] x86/mm: Checking user space page tables
[    8.140497] x86/mm: Checked W+X mappings: passed, no W+X pages found.
[    8.140531] Run /init as init process
[    8.140532]   with arguments:
[    8.140534]     /init
[    8.140535]   with environment:
[    8.140536]     HOME=/
[    8.140537]     TERM=linux
[    8.140537]     BOOT_IMAGE=/boot/vmlinuz-linux
[    8.140538]     pti=on
[    8.140539]     mem_encrypt=on
[    8.171729] fbcon: Taking over console
[    8.171863] Console: switching to colour frame buffer device 240x67
[    8.325245] xhci_hcd 0000:01:00.3: xHCI Host Controller
[    8.325265] xhci_hcd 0000:01:00.3: new USB bus registered, assigned bus number 1
[    8.325399] xhci_hcd 0000:01:00.3: hcc params 0x0268ffe5 hci version 0x110 quirks 0x0000020000000410
[    8.325819] i8042: PNP: PS/2 Controller [PNP0303:KBC0] at 0x60,0x64 irq 1
[    8.325825] i8042: PNP: PS/2 appears to have AUX port disabled, if this is incorrect please boot with i8042.nopnp
[    8.325972] usb usb1: New USB device found, idVendor=1d6b, idProduct=0002, bcdDevice= 5.16
[    8.325976] usb usb1: New USB device strings: Mfr=3, Product=2, SerialNumber=1
[    8.325978] usb usb1: Product: xHCI Host Controller
[    8.325980] usb usb1: Manufacturer: Linux 5.16.9-arch1-1 xhci-hcd
[    8.325981] usb usb1: SerialNumber: 0000:01:00.3
[    8.326196] hub 1-0:1.0: USB hub found
[    8.326209] hub 1-0:1.0: 4 ports detected
[    8.326674] xhci_hcd 0000:01:00.3: xHCI Host Controller
[    8.326680] xhci_hcd 0000:01:00.3: new USB bus registered, assigned bus number 2
[    8.326684] xhci_hcd 0000:01:00.3: Host supports USB 3.1 Enhanced SuperSpeed
[    8.326706] usb usb2: We don't know the algorithms for LPM for this host, disabling LPM.
[    8.326739] usb usb2: New USB device found, idVendor=1d6b, idProduct=0003, bcdDevice= 5.16
[    8.326741] usb usb2: New USB device strings: Mfr=3, Product=2, SerialNumber=1
[    8.326742] usb usb2: Product: xHCI Host Controller
[    8.326744] usb usb2: Manufacturer: Linux 5.16.9-arch1-1 xhci-hcd
[    8.326745] usb usb2: SerialNumber: 0000:01:00.3
[    8.326884] hub 2-0:1.0: USB hub found
[    8.326894] hub 2-0:1.0: 2 ports detected
[    8.327282] xhci_hcd 0000:01:00.4: xHCI Host Controller
[    8.327288] xhci_hcd 0000:01:00.4: new USB bus registered, assigned bus number 3
[    8.327419] xhci_hcd 0000:01:00.4: hcc params 0x0268ffe5 hci version 0x110 quirks 0x0000020000000410
[    8.327609] serio: i8042 KBD port at 0x60,0x64 irq 1
[    8.327874] usb usb3: New USB device found, idVendor=1d6b, idProduct=0002, bcdDevice= 5.16
[    8.327877] usb usb3: New USB device strings: Mfr=3, Product=2, SerialNumber=1
[    8.327879] usb usb3: Product: xHCI Host Controller
[    8.327881] usb usb3: Manufacturer: Linux 5.16.9-arch1-1 xhci-hcd
[    8.327882] usb usb3: SerialNumber: 0000:01:00.4
[    8.328043] hub 3-0:1.0: USB hub found
[    8.328055] hub 3-0:1.0: 4 ports detected
[    8.328459] xhci_hcd 0000:01:00.4: xHCI Host Controller
[    8.328464] xhci_hcd 0000:01:00.4: new USB bus registered, assigned bus number 4
[    8.328467] xhci_hcd 0000:01:00.4: Host supports USB 3.1 Enhanced SuperSpeed
[    8.328488] usb usb4: We don't know the algorithms for LPM for this host, disabling LPM.
[    8.328522] usb usb4: New USB device found, idVendor=1d6b, idProduct=0003, bcdDevice= 5.16
[    8.328524] usb usb4: New USB device strings: Mfr=3, Product=2, SerialNumber=1
[    8.328526] usb usb4: Product: xHCI Host Controller
[    8.328527] usb usb4: Manufacturer: Linux 5.16.9-arch1-1 xhci-hcd
[    8.328528] usb usb4: SerialNumber: 0000:01:00.4
[    8.328672] hub 4-0:1.0: USB hub found
[    8.328681] hub 4-0:1.0: 2 ports detected
[    8.361655] input: AT Translated Set 2 keyboard as /devices/platform/i8042/serio0/input/input2
[    8.372380] random: fast init done
[    8.479275] PM: Image not found (code -22)
[    9.798908] REISERFS (device sda2): found reiserfs format "3.6" with standard journal
[    9.798926] REISERFS (device sda2): using ordered data mode
[    9.798928] reiserfs: using flush barriers
[    9.799186] REISERFS (device sda2): journal params: device sda2, size 8192, journal first block 18, max trans len 1024, max batch 900, max commit age 30, max trans age 30
[    9.799491] REISERFS (device sda2): checking transaction log (sda2)
[    9.801629] REISERFS (device sda2): Using r5 hash to sort names
[    9.932015] audit: type=1334 audit(1644956517.473:7): prog-id=1 op=LOAD
[    9.932034] audit: type=1300 audit(1644956517.473:7): arch=c000003e syscall=321 success=yes exit=4 a0=5 a1=7ffff9dde250 a2=80 a3=0 items=0 ppid=2 pid=207 auid=4294967295 uid=0 gid=0 euid=0 suid=0 fsuid=0 egid=0 sgid=0 fsgid=0 tty=(none) ses=4294967295 comm="bpf_preload" exe="/bpf_preload" subj==unconfined key=(null)
[    9.932037] audit: type=1327 audit(1644956517.473:7): proctitle="bpf_preload"
[    9.932048] audit: type=1334 audit(1644956517.473:8): prog-id=0 op=UNLOAD
[    9.942015] audit: type=1334 audit(1644956517.483:9): prog-id=2 op=LOAD
[    9.942021] audit: type=1300 audit(1644956517.483:9): arch=c000003e syscall=321 success=yes exit=6 a0=5 a1=7ffff9dddf60 a2=80 a3=0 items=0 ppid=2 pid=207 auid=4294967295 uid=0 gid=0 euid=0 suid=0 fsuid=0 egid=0 sgid=0 fsgid=0 tty=(none) ses=4294967295 comm="bpf_preload" exe="/bpf_preload" subj==unconfined key=(null)
[    9.942041] audit: type=1327 audit(1644956517.483:9): proctitle="bpf_preload"
[    9.942059] audit: type=1334 audit(1644956517.483:10): prog-id=0 op=UNLOAD
[    9.942160] audit: type=1334 audit(1644956517.483:11): prog-id=3 op=LOAD
[    9.942163] audit: type=1300 audit(1644956517.483:11): arch=c000003e syscall=321 success=yes exit=5 a0=5 a1=7ffff9dddf30 a2=80 a3=0 items=0 ppid=2 pid=207 auid=4294967295 uid=0 gid=0 euid=0 suid=0 fsuid=0 egid=0 sgid=0 fsgid=0 tty=(none) ses=4294967295 comm="bpf_preload" exe="/bpf_preload" subj==unconfined key=(null)
[    9.959616] systemd[1]: systemd 250.3-4-arch running in system mode (+PAM +AUDIT -SELINUX -APPARMOR -IMA +SMACK +SECCOMP +GCRYPT +GNUTLS +OPENSSL +ACL +BLKID +CURL +ELFUTILS +FIDO2 +IDN2 -IDN +IPTC +KMOD +LIBCRYPTSETUP +LIBFDISK +PCRE2 -PWQUALITY +P11KIT -QRENCODE +BZIP2 +LZ4 +XZ +ZLIB +ZSTD -BPF_FRAMEWORK +XKBCOMMON +UTMP -SYSVINIT default-hierarchy=unified)
[    9.976873] systemd[1]: Detected architecture x86-64.
[    9.977624] systemd[1]: Hostname set to <mksredmibook14ii>.
[   10.102005] systemd[1]: Configuration file /etc/systemd/system/lkrg.service is marked world-inaccessible. This has no effect as configuration data is accessible via APIs without restrictions. Proceeding anyway.
[   10.121959] systemd[1]: Queued start job for default target Graphical Interface.
[   10.123852] systemd[1]: Created slice Slice /system/getty.
[   10.124301] systemd[1]: Created slice Slice /system/modprobe.
[   10.124779] systemd[1]: Created slice Slice /system/systemd-fsck.
[   10.125152] systemd[1]: Created slice User and Session Slice.
[   10.125266] systemd[1]: Started Dispatch Password Requests to Console Directory Watch.
[   10.125348] systemd[1]: Started Forward Password Requests to Wall Directory Watch.
[   10.125612] systemd[1]: Set up automount Arbitrary Executable File Formats File System Automount Point.
[   10.125695] systemd[1]: Reached target Local Encrypted Volumes.
[   10.125736] systemd[1]: Reached target Local Integrity Protected Volumes.
[   10.125785] systemd[1]: Reached target Path Units.
[   10.125822] systemd[1]: Reached target Remote File Systems.
[   10.125852] systemd[1]: Reached target Slice Units.
[   10.125907] systemd[1]: Reached target Local Verity Protected Volumes.
[   10.126018] systemd[1]: Listening on Device-mapper event daemon FIFOs.
[   10.126552] systemd[1]: Listening on LVM2 poll daemon socket.
[   10.127764] systemd[1]: Listening on Process Core Dump Socket.
[   10.128226] systemd[1]: Listening on Journal Audit Socket.
[   10.128401] systemd[1]: Listening on Journal Socket (/dev/log).
[   10.128565] systemd[1]: Listening on Journal Socket.
[   10.128770] systemd[1]: Listening on Network Service Netlink Socket.
[   10.128913] systemd[1]: Listening on Userspace Out-Of-Memory (OOM) Killer Socket.
[   10.129377] systemd[1]: Listening on udev Control Socket.
[   10.129515] systemd[1]: Listening on udev Kernel Socket.
[   10.130743] systemd[1]: Mounting Huge Pages File System...
[   10.131854] systemd[1]: Mounting POSIX Message Queue File System...
[   10.132987] systemd[1]: Mounting Kernel Debug File System...
[   10.134253] systemd[1]: Mounting Kernel Trace File System...
[   10.135852] systemd[1]: Starting Load AppArmor profiles...
[   10.137324] systemd[1]: Starting Create List of Static Device Nodes...
[   10.138639] systemd[1]: Starting Monitoring of LVM2 mirrors, snapshots etc. using dmeventd or progress polling...
[   10.139973] systemd[1]: Starting Load Kernel Module configfs...
[   10.141292] systemd[1]: Starting Load Kernel Module drm...
[   10.142506] systemd[1]: Starting Load Kernel Module fuse...
[   10.142600] systemd[1]: File System Check on Root Device was skipped because of a failed condition check (ConditionPathIsReadWrite=!/).
[   10.145305] systemd[1]: Starting Journal Service...
[   10.145628] systemd[1]: Load Kernel Modules was skipped because all trigger condition checks failed.
[   10.147160] systemd[1]: Starting Linux Kernel Runtime Guard...
[   10.148656] systemd[1]: Starting Remount Root and Kernel File Systems...
[   10.148773] systemd[1]: Repartition Root Disk was skipped because all trigger condition checks failed.
[   10.150060] systemd[1]: Starting Coldplug All udev Devices...
[   10.152214] systemd[1]: Mounted Huge Pages File System.
[   10.152391] systemd[1]: Mounted POSIX Message Queue File System.
[   10.152511] systemd[1]: Mounted Kernel Debug File System.
[   10.152650] systemd[1]: Mounted Kernel Trace File System.
[   10.152990] systemd[1]: Finished Create List of Static Device Nodes.
[   10.153558] systemd[1]: modprobe@configfs.service: Deactivated successfully.
[   10.153795] systemd[1]: Finished Load Kernel Module configfs.
[   10.154295] systemd[1]: modprobe@drm.service: Deactivated successfully.
[   10.154493] systemd[1]: Finished Load Kernel Module drm.
[   10.155756] p_lkrg: loading out-of-tree module taints kernel.
[   10.156278] p_lkrg: module verification failed: signature and/or required key missing - tainting kernel
[   10.156281] systemd[1]: Mounting Kernel Configuration File System...
[   10.156717] fuse: init (API version 7.35)
[   10.158828] systemd[1]: modprobe@fuse.service: Deactivated successfully.
[   10.159103] systemd[1]: Finished Load Kernel Module fuse.
[   10.160322] systemd[1]: Mounted Kernel Configuration File System.
[   10.162014] systemd[1]: Mounting FUSE Control File System...
[   10.165554] systemd[1]: Mounted FUSE Control File System.
[   10.165855] random: lvm: uninitialized urandom read (4 bytes read)
[   10.169946] systemd[1]: Finished Remount Root and Kernel File Systems.
[   10.170321] systemd[1]: First Boot Wizard was skipped because of a failed condition check (ConditionFirstBoot=yes).
[   10.171564] systemd[1]: Rebuild Hardware Database was skipped because all trigger condition checks failed.
[   10.173436] systemd[1]: Starting Load/Save Random Seed...
[   10.174760] systemd[1]: Starting Create System Users...
[   10.206424] [p_lkrg] Loading LKRG...
[   10.210572] systemd[1]: Finished Create System Users.
[   10.211062] Freezing user space processes ... (elapsed 0.001 seconds) done.
[   10.212180] OOM killer disabled.
[   10.433201] [p_lkrg] [kretprobe] register_kretprobe() for <ovl_create_or_link> failed! [err=-2]
[   10.433207] [p_lkrg] Can't hook 'ovl_create_or_link' function. This is expected if you are not using OverlayFS.
[   10.484415] [p_lkrg] [kretprobe] register_kretprobe() for <lookup_fast> failed! [err=-2]
[   10.484420] [p_lkrg] LKRG won't enforce pCFI validation on 'lookup_fast'
[   10.878225] [p_lkrg] LKRG initialized successfully!
[   10.878260] OOM killer enabled.
[   10.878261] Restarting tasks ... done.
[   10.880093] systemd[1]: Starting Create Static Device Nodes in /dev...
[   10.890305] systemd[1]: Finished Monitoring of LVM2 mirrors, snapshots etc. using dmeventd or progress polling.
[   10.899091] [p_lkrg] [kINT] New interval => 15
[   10.899185] [p_lkrg] New log level => 3 (WARN)
[   10.899260] [p_lkrg] Module is already unhidden (visible)!
[   10.899360] [p_lkrg] Changing "pint_validate" logic. From Old[1 | CURRENT] to new[2 | CURRENT] one.
[   10.899658] [p_lkrg] Disabling SMAP validation feature.
[   10.899750] [p_lkrg] Changing "smap_enforce" logic. From Old[2 | PANIC] to new[0 | LOG & ACCEPT] one.
[   10.914518] systemd[1]: Started Journal Service.
[   10.931347] systemd-journald[233]: Received client request to flush runtime journal.
[   10.944406] [p_lkrg] Changing "profile_validate" logic. From Old[9 | Custom] to new[3 | Heavy] one.
[   10.944502] [p_lkrg] Changing "profile_enforce" logic. From Old[9 | Custom] to new[2 | Strict] one.
[   10.944738] [p_lkrg] Changing "pint_validate" logic. From Old[1 | CURRENT] to new[2 | CURRENT] one.
[   10.944941] [p_lkrg] Disabling SMAP validation feature.
[   10.944994] [p_lkrg] Changing "smap_enforce" logic. From Old[2 | PANIC] to new[0 | LOG & ACCEPT] one.
[   11.222855] piix4_smbus 0000:00:14.0: SMBus Host Controller at 0xb00, revision 0
[   11.222861] piix4_smbus 0000:00:14.0: Using register 0x02 for SMBus port selection
[   11.222971] piix4_smbus 0000:00:14.0: Auxiliary SMBus Host Controller at 0xb20
[   11.296536] acpi_cpufreq: overriding BIOS provided _PSD data
[   11.296580] cpufreq: CPU0: Fast frequency switching not enabled
[   11.296582] cpufreq: Registered transition notifiers:
[   11.296583] cpufreq: p_freq_transition_notifier+0x0/0x20 [p_lkrg]
[   11.300922] cpufreq: CPU1: Fast frequency switching not enabled
[   11.300925] cpufreq: Registered transition notifiers:
[   11.300926] cpufreq: p_freq_transition_notifier+0x0/0x20 [p_lkrg]
[   11.303384] cpufreq: CPU2: Fast frequency switching not enabled
[   11.303386] cpufreq: Registered transition notifiers:
[   11.303387] cpufreq: p_freq_transition_notifier+0x0/0x20 [p_lkrg]
[   11.305170] cpufreq: CPU3: Fast frequency switching not enabled
[   11.305172] cpufreq: Registered transition notifiers:
[   11.305173] cpufreq: p_freq_transition_notifier+0x0/0x20 [p_lkrg]
[   11.309915] cpufreq: CPU4: Fast frequency switching not enabled
[   11.309920] cpufreq: Registered transition notifiers:
[   11.309921] cpufreq: p_freq_transition_notifier+0x0/0x20 [p_lkrg]
[   11.319912] cpufreq: CPU5: Fast frequency switching not enabled
[   11.319917] cpufreq: Registered transition notifiers:
[   11.319918] cpufreq: p_freq_transition_notifier+0x0/0x20 [p_lkrg]
[   11.450356] sp5100_tco: SP5100/SB800 TCO WatchDog Timer Driver
[   11.450591] sp5100-tco sp5100-tco: Using 0xfeb00000 for watchdog MMIO address
[   11.450723] acpi PNP0C14:01: duplicate WMI GUID 05901221-D566-11D1-B2F0-00A0C9062910 (first instance was on PNP0C14:00)
[   11.450831] sp5100-tco sp5100-tco: initialized. heartbeat=60 sec (nowayout=0)
[   11.469581] i2c_hid_acpi i2c-GXT7863:00: HID over i2c has not been provided an Int IRQ
[   11.486530] i2c_hid_acpi: probe of i2c-GXT7863:00 failed with error -22
[   11.680702] ACPI: video: Video Device [VGA] (multi-head: yes  rom: no  post: no)
[   11.681226] acpi device:0e: registered as cooling_device6
[   11.681299] input: Video Bus as /devices/LNXSYSTM:00/LNXSYBUS:00/PNP0A08:00/device:0d/LNXVIDEO:00/input/input3
[   11.933336] ccp 0000:01:00.2: enabling device (0000 -> 0002)
[   11.933785] ccp 0000:01:00.2: ccp: unable to access the device: you might be running a broken BIOS.
[   11.943970] ccp 0000:01:00.2: tee enabled
[   11.943976] ccp 0000:01:00.2: psp enabled
[   12.596392] random: crng init done
[   12.604946] [drm] amdgpu kernel modesetting enabled.
[   12.624516] amdgpu: Virtual CRAT table created for CPU
[   12.624546] amdgpu: Topology: Add CPU node
[   12.624676] checking generic (fce0000000 7f0000) vs hw (fce0000000 10000000)
[   12.624680] checking generic (fce0000000 7f0000) vs hw (fce0000000 10000000)
[   12.624682] fb0: switching to amdgpu from EFI VGA
[   12.624943] Console: switching to colour dummy device 80x25
[   12.625072] amdgpu 0000:01:00.0: vgaarb: deactivate vga console
[   12.625190] amdgpu 0000:01:00.0: enabling device (0006 -> 0007)
[   12.625290] [drm] initializing kernel modesetting (RENOIR 0x1002:0x1636 0x1D72:0x1951 0xC3).
[   12.625295] amdgpu 0000:01:00.0: amdgpu: Trusted Memory Zone (TMZ) feature enabled
[   12.626188] [drm] register mmio base: 0xD0400000
[   12.626190] [drm] register mmio size: 524288
[   12.626196] [drm] virtual display string:NULL, 0000:01:00.0:virtual_display:0, num_crtc:0
[   12.627689] [drm] add ip block number 0 <soc15_common>
[   12.627691] [drm] add ip block number 1 <gmc_v9_0>
[   12.627693] [drm] add ip block number 2 <vega10_ih>
[   12.627695] [drm] add ip block number 3 <psp>
[   12.627696] [drm] add ip block number 4 <smu>
[   12.627697] [drm] add ip block number 5 <dm>
[   12.627699] [drm] add ip block number 6 <gfx_v9_0>
[   12.627700] [drm] add ip block number 7 <sdma_v4_0>
[   12.627702] [drm] add ip block number 8 <vcn_v2_0>
[   12.627703] [drm] add ip block number 9 <jpeg_v2_0>
[   12.627752] amdgpu 0000:01:00.0: amdgpu: Fetched VBIOS from VFCT
[   12.627757] amdgpu: ATOM BIOS: 113-RENOIR-026
[   12.634393] [drm] VCN decode is enabled in VM mode
[   12.634402] [drm] VCN encode is enabled in VM mode
[   12.634404] [drm] JPEG decode is enabled in VM mode
[   12.634413] amdgpu 0000:01:00.0: amdgpu: PCIE atomic ops is not supported
[   12.634533] [drm] vm size is 262144 GB, 4 levels, block size is 9-bit, fragment size is 9-bit
[   12.634547] amdgpu 0000:01:00.0: amdgpu: VRAM: 512M 0x000000F400000000 - 0x000000F41FFFFFFF (512M used)
[   12.634549] amdgpu 0000:01:00.0: amdgpu: GART: 1024M 0x0000000000000000 - 0x000000003FFFFFFF
[   12.634551] amdgpu 0000:01:00.0: amdgpu: AGP: 267419648M 0x000000F800000000 - 0x0000FFFFFFFFFFFF
[   12.634560] [drm] Detected VRAM RAM=512M, BAR=512M
[   12.634561] [drm] RAM width 128bits DDR4
[   12.634644] [drm] amdgpu: 512M of VRAM memory ready
[   12.634646] [drm] amdgpu: 3072M of GTT memory ready.
[   12.634667] [drm] GART: num cpu pages 262144, num gpu pages 262144
[   12.634841] [drm] PCIE GART of 1024M enabled.
[   12.634842] [drm] PTB located at 0x000000F400900000
[   12.650230] snd_rn_pci_acp3x 0000:01:00.5: enabling device (0000 -> 0002)
[   12.651002] amdgpu 0000:01:00.0: amdgpu: PSP runtime database doesn't exist
[   12.661485] [drm] Loading DMUB firmware via PSP: version=0x0101001C
[   12.723576] [drm] Found VCN firmware Version ENC: 1.16 DEC: 5 VEP: 0 Revision: 3
[   12.723631] amdgpu 0000:01:00.0: amdgpu: Will use PSP to load VCN firmware
[   12.807194] snd_hda_intel 0000:01:00.1: enabling device (0000 -> 0002)
[   12.807349] snd_hda_intel 0000:01:00.1: Handle vga_switcheroo audio client
[   12.807616] snd_hda_intel 0000:01:00.6: enabling device (0000 -> 0002)
[   12.946204] Adding 17309976k swap on /dev/sda3.  Priority:-2 extents:1 across:17309976k SSFS
[   13.031595] input: HD-Audio Generic HDMI/DP,pcm=3 as /devices/pci0000:00/0000:00:08.1/0000:01:00.1/sound/card0/input4
[   13.031672] input: HD-Audio Generic HDMI/DP,pcm=7 as /devices/pci0000:00/0000:00:08.1/0000:01:00.1/sound/card0/input5
[   13.075022] cfg80211: Loading compiled-in X.509 certificates for regulatory database
[   13.075138] RAPL PMU: API unit is 2^-32 Joules, 1 fixed counters, 163840 ms ovfl timer
[   13.075174] RAPL PMU: hw unit of domain package 2^-16 Joules
[   13.079490] cfg80211: Loaded X.509 cert 'sforshee: 00b28ddf47aef9cea7'
[   13.079810] platform regulatory.0: Direct firmware load for regulatory.db failed with error -2
[   13.079817] cfg80211: failed to load regulatory.db
[   13.189431] cryptd: max_cpu_qlen set to 1000
[   13.231266] snd_hda_codec_realtek hdaudioC1D0: autoconfig for ALC256: line_outs=1 (0x14/0x0/0x0/0x0/0x0) type:speaker
[   13.231273] snd_hda_codec_realtek hdaudioC1D0:    speaker_outs=0 (0x0/0x0/0x0/0x0/0x0)
[   13.231275] snd_hda_codec_realtek hdaudioC1D0:    hp_outs=1 (0x21/0x0/0x0/0x0/0x0)
[   13.231277] snd_hda_codec_realtek hdaudioC1D0:    mono: mono_out=0x0
[   13.231279] snd_hda_codec_realtek hdaudioC1D0:    inputs:
[   13.231280] snd_hda_codec_realtek hdaudioC1D0:      Mic=0x19
[   13.282419] AVX2 version of gcm_enc/dec engaged.
[   13.300606] AES CTR mode by8 optimization enabled
[   13.351351] input: HD-Audio Generic Mic as /devices/pci0000:00/0000:00:08.1/0000:01:00.6/sound/card1/input6
[   13.351462] input: HD-Audio Generic Headphone as /devices/pci0000:00/0000:00:08.1/0000:01:00.6/sound/card1/input7
[   13.430099] [drm] reserve 0x400000 from 0xf41f800000 for PSP TMR
[   13.523307] ucsi_acpi USBC000:00: PPM init failed (-110)
[   13.530623] amdgpu 0000:01:00.0: amdgpu: RAS: optional ras ta ucode is not available
[   13.539790] amdgpu 0000:01:00.0: amdgpu: RAP: optional rap ta ucode is not available
[   13.539795] amdgpu 0000:01:00.0: amdgpu: SECUREDISPLAY: securedisplay ta ucode is not available
[   13.540601] amdgpu 0000:01:00.0: amdgpu: SMU is initialized successfully!
[   13.540944] [drm] Display Core initialized with v3.2.160!
[   13.541498] [drm] DMUB hardware initialized: version=0x0101001C
[   13.671272] [drm] kiq ring mec 2 pipe 1 q 0
[   13.674133] [drm] VCN decode and encode initialized successfully(under DPG Mode).
[   13.674154] [drm] JPEG decode initialized successfully.
[   13.675769] kfd kfd: amdgpu: Allocated 3969056 bytes on gart
[   13.738843] MCE: In-kernel MCE decoding enabled.
[   13.795691] memmap_init_zone_device initialised 131072 pages in 0ms
[   13.795703] amdgpu: HMM registered 512MB device memory
[   13.795750] amdgpu: SRAT table not found
[   13.795751] amdgpu: Virtual CRAT table created for GPU
[   13.796087] amdgpu: Topology: Add dGPU node [0x1636:0x1002]
[   13.796092] kfd kfd: amdgpu: added device 1002:1636
[   13.796105] amdgpu 0000:01:00.0: amdgpu: SE 1, SH per SE 1, CU per SH 8, active_cu_number 6
[   13.798559] [drm] fb mappable at 0x410CD2000
[   13.798562] [drm] vram apper at 0x410000000
[   13.798563] [drm] size 8294400
[   13.798564] [drm] fb depth is 24
[   13.798565] [drm]    pitch is 7680
[   13.798679] fbcon: amdgpudrmfb (fb0) is primary device
[   13.859632] Console: switching to colour frame buffer device 240x67
[   13.882875] amdgpu 0000:01:00.0: [drm] fb0: amdgpudrmfb frame buffer device
[   13.898015] amdgpu 0000:01:00.0: amdgpu: ring gfx uses VM inv eng 0 on hub 0
[   13.898022] amdgpu 0000:01:00.0: amdgpu: ring comp_1.0.0 uses VM inv eng 1 on hub 0
[   13.898023] amdgpu 0000:01:00.0: amdgpu: ring comp_1.1.0 uses VM inv eng 4 on hub 0
[   13.898025] amdgpu 0000:01:00.0: amdgpu: ring comp_1.2.0 uses VM inv eng 5 on hub 0
[   13.898026] amdgpu 0000:01:00.0: amdgpu: ring comp_1.3.0 uses VM inv eng 6 on hub 0
[   13.898027] amdgpu 0000:01:00.0: amdgpu: ring comp_1.0.1 uses VM inv eng 7 on hub 0
[   13.898029] amdgpu 0000:01:00.0: amdgpu: ring comp_1.1.1 uses VM inv eng 8 on hub 0
[   13.898030] amdgpu 0000:01:00.0: amdgpu: ring comp_1.2.1 uses VM inv eng 9 on hub 0
[   13.898031] amdgpu 0000:01:00.0: amdgpu: ring comp_1.3.1 uses VM inv eng 10 on hub 0
[   13.898033] amdgpu 0000:01:00.0: amdgpu: ring kiq_2.1.0 uses VM inv eng 11 on hub 0
[   13.898035] amdgpu 0000:01:00.0: amdgpu: ring sdma0 uses VM inv eng 0 on hub 1
[   13.898036] amdgpu 0000:01:00.0: amdgpu: ring vcn_dec uses VM inv eng 1 on hub 1
[   13.898037] amdgpu 0000:01:00.0: amdgpu: ring vcn_enc0 uses VM inv eng 4 on hub 1
[   13.898039] amdgpu 0000:01:00.0: amdgpu: ring vcn_enc1 uses VM inv eng 5 on hub 1
[   13.898040] amdgpu 0000:01:00.0: amdgpu: ring jpeg_dec uses VM inv eng 6 on hub 1
[   13.900665] [drm] Initialized amdgpu 3.44.0 20150101 for 0000:01:00.0 on minor 0
[   14.239494] intel_rapl_common: Found RAPL domain package
[   14.239499] intel_rapl_common: Found RAPL domain core
[   59.606616] usb 3-1: new high-speed USB device number 2 using xhci_hcd
[   59.748924] usb 3-1: New USB device found, idVendor=1a40, idProduct=0801, bcdDevice= 1.00
[   59.748938] usb 3-1: New USB device strings: Mfr=0, Product=1, SerialNumber=0
[   59.748942] usb 3-1: Product: USB 2.0 Hub
[   59.793197] hub 3-1:1.0: USB hub found
[   59.793541] hub 3-1:1.0: 4 ports detected
[   60.039856] usb 4-1: new SuperSpeed USB device number 2 using xhci_hcd
[   60.063596] usb 4-1: New USB device found, idVendor=05e3, idProduct=0626, bcdDevice= 6.63
[   60.063608] usb 4-1: New USB device strings: Mfr=1, Product=2, SerialNumber=0
[   60.063611] usb 4-1: Product: USB3.1 Hub
[   60.063612] usb 4-1: Manufacturer: GenesysLogic
[   60.081856] hub 4-1:1.0: USB hub found
[   60.082659] hub 4-1:1.0: 4 ports detected
[   60.136383] usb 3-1.1: new full-speed USB device number 3 using xhci_hcd
[   60.278902] usb 3-1.1: not running at top speed; connect to a high speed hub
[   60.328994] usb 3-1.1: New USB device found, idVendor=25a4, idProduct=9311, bcdDevice= 2.01
[   60.329003] usb 3-1.1: New USB device strings: Mfr=1, Product=2, SerialNumber=3
[   60.329007] usb 3-1.1: Product: USB C Video Adaptor      
[   60.329009] usb 3-1.1: Manufacturer: USB C  
[   60.329011] usb 3-1.1: SerialNumber: 000000000001
[   60.449711] usb 3-1.2: new high-speed USB device number 4 using xhci_hcd
[   60.551636] usb 3-1.2: New USB device found, idVendor=05e3, idProduct=0610, bcdDevice= 6.63
[   60.551644] usb 3-1.2: New USB device strings: Mfr=1, Product=2, SerialNumber=0
[   60.551647] usb 3-1.2: Product: USB2.1 Hub
[   60.551648] usb 3-1.2: Manufacturer: GenesysLogic
[   60.593275] hub 3-1.2:1.0: USB hub found
[   60.593743] hub 3-1.2:1.0: 4 ports detected
[   60.878798] usb 4-1: USB disconnect, device number 2
[   61.633044] usb 3-1.2.4: new low-speed USB device number 6 using xhci_hcd
[   61.763962] usb 3-1.2.4: New USB device found, idVendor=1bcf, idProduct=0005, bcdDevice= 0.90
[   61.763974] usb 3-1.2.4: New USB device strings: Mfr=0, Product=2, SerialNumber=0
[   61.763978] usb 3-1.2.4: Product: USB Optical Mouse
[   62.231570] NMI watchdog: Enabled. Permanently consumes one hw-PMU counter.
[   62.516418] ata1: SATA link down (SStatus 0 SControl 300)
[   62.559804] usb 4-1: new SuperSpeed USB device number 3 using xhci_hcd
[   62.584454] usb 4-1: New USB device found, idVendor=05e3, idProduct=0626, bcdDevice= 6.63
[   62.584464] usb 4-1: New USB device strings: Mfr=1, Product=2, SerialNumber=0
[   62.584467] usb 4-1: Product: USB3.1 Hub
[   62.584470] usb 4-1: Manufacturer: GenesysLogic
[   62.610402] hub 4-1:1.0: USB hub found
[   62.611413] hub 4-1:1.0: 4 ports detected
[   62.724120] input: USB Optical Mouse as /devices/pci0000:00/0000:00:08.1/0000:01:00.4/usb3/3-1/3-1.2/3-1.2.4/3-1.2.4:1.0/0003:1BCF:0005.0001/input/input8
[   62.724213] hid-generic 0003:1BCF:0005.0001: input,hidraw0: USB HID v1.10 Mouse [USB Optical Mouse] on usb-0000:01:00.4-1.2.4/input0
[   62.724245] usbcore: registered new interface driver usbhid
[   62.724246] usbhid: USB HID core driver
[   62.889905] usb 4-1.2: new SuperSpeed USB device number 4 using xhci_hcd
[   62.907969] usb 4-1.2: New USB device found, idVendor=0bda, idProduct=8153, bcdDevice=30.00
[   62.907977] usb 4-1.2: New USB device strings: Mfr=1, Product=2, SerialNumber=6
[   62.907981] usb 4-1.2: Product: USB 10/100/1000 LAN
[   62.907983] usb 4-1.2: Manufacturer: Realtek
[   62.907984] usb 4-1.2: SerialNumber: 000001
[   63.021501] usbcore: registered new interface driver r8152
[   63.058283] usbcore: registered new interface driver cdc_ether
[   63.075663] usbcore: registered new interface driver r8153_ecm
[   63.153381] usb 4-1.2: reset SuperSpeed USB device number 4 using xhci_hcd
[   63.219904] r8152 4-1.2:1.0: load rtl8153a-4 v2 02/07/20 successfully
[   63.247365] r8152 4-1.2:1.0 eth0: v1.12.12
[   63.368699] mousedev: PS/2 mouse device common for all mice
[   63.767360] r8152 4-1.2:1.0 enp1s0f4u1u2: renamed from eth0
[   64.552944] atkbd serio0: Unknown key pressed (translated set 2, code 0xf6 on isa0060/serio0).
[   64.552948] atkbd serio0: Use 'setkeycodes e076 <keycode>' to make it known.
[   64.944660] atkbd serio0: Unknown key released (translated set 2, code 0xf6 on isa0060/serio0).
[   64.944670] atkbd serio0: Use 'setkeycodes e076 <keycode>' to make it known.
[   65.015367] atkbd serio0: Unknown key pressed (translated set 2, code 0xf6 on isa0060/serio0).
[   65.015379] atkbd serio0: Use 'setkeycodes e076 <keycode>' to make it known.
[   65.360183] atkbd serio0: Unknown key released (translated set 2, code 0xf6 on isa0060/serio0).
[   65.360196] atkbd serio0: Use 'setkeycodes e076 <keycode>' to make it known.
[   65.551385] atkbd serio0: Unknown key pressed (translated set 2, code 0xf6 on isa0060/serio0).
[   65.551396] atkbd serio0: Use 'setkeycodes e076 <keycode>' to make it known.
[   66.417951] IPv6: ADDRCONF(NETDEV_CHANGE): enp1s0f4u1u2: link becomes ready
[   66.419864] r8152 4-1.2:1.0 enp1s0f4u1u2: carrier on
[   67.624674] atkbd serio0: Unknown key released (translated set 2, code 0xf6 on isa0060/serio0).
[   67.624679] atkbd serio0: Use 'setkeycodes e076 <keycode>' to make it known.
[   68.001756] iptables reject: IN=enp1s0f4u1u2 OUT= MAC=34:29:8f:73:88:91:84:d8:1b:8a:31:73:08:00 SRC=142.250.180.202 DST=192.168.1.116 LEN=181 TOS=0x00 PREC=0x00 TTL=115 ID=31848 PROTO=TCP SPT=443 DPT=41566 WINDOW=261 RES=0x00 ACK PSH FIN URGP=0 
[   68.011443] iptables reject: IN=enp1s0f4u1u2 OUT= MAC=34:29:8f:73:88:91:84:d8:1b:8a:31:73:08:00 SRC=172.217.20.8 DST=192.168.1.116 LEN=181 TOS=0x00 PREC=0x00 TTL=114 ID=5948 PROTO=TCP SPT=443 DPT=41164 WINDOW=261 RES=0x00 ACK PSH FIN URGP=0 
[   68.038833] iptables reject: IN=enp1s0f4u1u2 OUT= MAC=34:29:8f:73:88:91:84:d8:1b:8a:31:73:08:00 SRC=142.251.39.67 DST=192.168.1.116 LEN=181 TOS=0x00 PREC=0x80 TTL=121 ID=37492 PROTO=TCP SPT=443 DPT=56728 WINDOW=265 RES=0x00 ACK PSH FIN URGP=0 
[   68.042762] iptables reject: IN=enp1s0f4u1u2 OUT= MAC=34:29:8f:73:88:91:84:d8:1b:8a:31:73:08:00 SRC=142.250.180.234 DST=192.168.1.116 LEN=181 TOS=0x00 PREC=0x00 TTL=121 ID=42024 PROTO=TCP SPT=443 DPT=45600 WINDOW=265 RES=0x00 ACK PSH FIN URGP=0 
[   68.044655] iptables reject: IN=enp1s0f4u1u2 OUT= MAC=34:29:8f:73:88:91:84:d8:1b:8a:31:73:08:00 SRC=142.251.39.66 DST=192.168.1.116 LEN=181 TOS=0x00 PREC=0x00 TTL=114 ID=31283 PROTO=TCP SPT=443 DPT=40120 WINDOW=261 RES=0x00 ACK PSH FIN URGP=0 
[   68.048511] iptables reject: IN=enp1s0f4u1u2 OUT= MAC=34:29:8f:73:88:91:84:d8:1b:8a:31:73:08:00 SRC=142.250.201.197 DST=192.168.1.116 LEN=181 TOS=0x00 PREC=0x80 TTL=121 ID=12318 PROTO=TCP SPT=443 DPT=37446 WINDOW=267 RES=0x00 ACK PSH FIN URGP=0 
[   68.049192] iptables reject: IN=enp1s0f4u1u2 OUT= MAC=34:29:8f:73:88:91:84:d8:1b:8a:31:73:08:00 SRC=142.251.39.35 DST=192.168.1.116 LEN=181 TOS=0x00 PREC=0x00 TTL=113 ID=53780 PROTO=TCP SPT=443 DPT=43042 WINDOW=261 RES=0x00 ACK PSH FIN URGP=0 
[   68.401301] iptables reject: IN=enp1s0f4u1u2 OUT= MAC=34:29:8f:73:88:91:84:d8:1b:8a:31:73:08:00 SRC=172.217.20.3 DST=192.168.1.116 LEN=181 TOS=0x00 PREC=0x80 TTL=114 ID=33137 PROTO=TCP SPT=443 DPT=42358 WINDOW=261 RES=0x00 ACK PSH FIN URGP=0 
[   68.405808] iptables reject: IN=enp1s0f4u1u2 OUT= MAC=34:29:8f:73:88:91:84:d8:1b:8a:31:73:08:00 SRC=172.217.20.3 DST=192.168.1.116 LEN=52 TOS=0x00 PREC=0x80 TTL=114 ID=40198 PROTO=TCP SPT=80 DPT=60680 WINDOW=261 RES=0x00 ACK FIN URGP=0 
[   68.898925] New not syn: IN=enp1s0f4u1u2 OUT= MAC=34:29:8f:73:88:91:84:d8:1b:8a:31:73:08:00 SRC=172.65.251.78 DST=192.168.1.116 LEN=40 TOS=0x00 PREC=0x00 TTL=57 ID=39665 DF PROTO=TCP SPT=443 DPT=41844 WINDOW=86 RES=0x00 ACK URGP=0 
[   71.521968] iptables reject: IN=enp1s0f4u1u2 OUT= MAC=34:29:8f:73:88:91:84:d8:1b:8a:31:73:08:00 SRC=142.250.180.202 DST=192.168.1.116 LEN=181 TOS=0x00 PREC=0x00 TTL=115 ID=33963 PROTO=TCP SPT=443 DPT=41566 WINDOW=261 RES=0x00 ACK PSH FIN URGP=0 
[   71.531271] iptables reject: IN=enp1s0f4u1u2 OUT= MAC=34:29:8f:73:88:91:84:d8:1b:8a:31:73:08:00 SRC=172.217.20.8 DST=192.168.1.116 LEN=181 TOS=0x00 PREC=0x00 TTL=114 ID=6505 PROTO=TCP SPT=443 DPT=41164 WINDOW=261 RES=0x00 ACK PSH FIN URGP=0 
[   71.558835] iptables reject: IN=enp1s0f4u1u2 OUT= MAC=34:29:8f:73:88:91:84:d8:1b:8a:31:73:08:00 SRC=142.251.39.67 DST=192.168.1.116 LEN=181 TOS=0x00 PREC=0x00 TTL=121 ID=40863 PROTO=TCP SPT=443 DPT=56728 WINDOW=265 RES=0x00 ACK PSH FIN URGP=0 
[   71.562287] iptables reject: IN=enp1s0f4u1u2 OUT= MAC=34:29:8f:73:88:91:84:d8:1b:8a:31:73:08:00 SRC=142.250.180.234 DST=192.168.1.116 LEN=181 TOS=0x00 PREC=0x80 TTL=121 ID=45039 PROTO=TCP SPT=443 DPT=45600 WINDOW=265 RES=0x00 ACK PSH FIN URGP=0 
[   71.564441] iptables reject: IN=enp1s0f4u1u2 OUT= MAC=34:29:8f:73:88:91:84:d8:1b:8a:31:73:08:00 SRC=142.251.39.66 DST=192.168.1.116 LEN=181 TOS=0x00 PREC=0x00 TTL=114 ID=33101 PROTO=TCP SPT=443 DPT=40120 WINDOW=261 RES=0x00 ACK PSH FIN URGP=0 
[   71.568207] iptables reject: IN=enp1s0f4u1u2 OUT= MAC=34:29:8f:73:88:91:84:d8:1b:8a:31:73:08:00 SRC=142.250.201.197 DST=192.168.1.116 LEN=181 TOS=0x00 PREC=0x00 TTL=121 ID=14838 PROTO=TCP SPT=443 DPT=37446 WINDOW=267 RES=0x00 ACK PSH FIN URGP=0 
[   71.569070] iptables reject: IN=enp1s0f4u1u2 OUT= MAC=34:29:8f:73:88:91:84:d8:1b:8a:31:73:08:00 SRC=142.251.39.35 DST=192.168.1.116 LEN=181 TOS=0x00 PREC=0x00 TTL=113 ID=56647 PROTO=TCP SPT=443 DPT=43042 WINDOW=261 RES=0x00 ACK PSH FIN URGP=0 
[   71.746410] New not syn: IN=enp1s0f4u1u2 OUT= MAC=34:29:8f:73:88:91:84:d8:1b:8a:31:73:08:00 SRC=54.173.51.143 DST=192.168.1.116 LEN=97 TOS=0x00 PREC=0x00 TTL=232 ID=29624 DF PROTO=TCP SPT=443 DPT=43906 WINDOW=152 RES=0x00 ACK PSH URGP=0 
[   75.569329] iptables reject: IN=enp1s0f4u1u2 OUT= MAC=34:29:8f:73:88:91:84:d8:1b:8a:31:73:08:00 SRC=172.217.20.3 DST=192.168.1.116 LEN=181 TOS=0x00 PREC=0x80 TTL=114 ID=37304 PROTO=TCP SPT=443 DPT=42358 WINDOW=261 RES=0x00 ACK PSH FIN URGP=0 
[   75.701980] iptables reject: IN=enp1s0f4u1u2 OUT= MAC=34:29:8f:73:88:91:84:d8:1b:8a:31:73:08:00 SRC=172.217.20.3 DST=192.168.1.116 LEN=52 TOS=0x00 PREC=0x80 TTL=114 ID=43160 PROTO=TCP SPT=80 DPT=60680 WINDOW=261 RES=0x00 ACK FIN URGP=0 
[   78.662926] iptables reject: IN=enp1s0f4u1u2 OUT= MAC=34:29:8f:73:88:91:84:d8:1b:8a:31:73:08:00 SRC=142.251.39.67 DST=192.168.1.116 LEN=181 TOS=0x00 PREC=0x80 TTL=121 ID=40867 PROTO=TCP SPT=443 DPT=56728 WINDOW=265 RES=0x00 ACK PSH FIN URGP=0 
[   78.672241] iptables reject: IN=enp1s0f4u1u2 OUT= MAC=34:29:8f:73:88:91:84:d8:1b:8a:31:73:08:00 SRC=142.250.201.197 DST=192.168.1.116 LEN=181 TOS=0x00 PREC=0x80 TTL=121 ID=21900 PROTO=TCP SPT=443 DPT=37446 WINDOW=267 RES=0x00 ACK PSH FIN URGP=0 
[   78.673650] New not syn: IN=enp1s0f4u1u2 OUT= MAC=34:29:8f:73:88:91:84:d8:1b:8a:31:73:08:00 SRC=104.244.42.129 DST=192.168.1.116 LEN=526 TOS=0x00 PREC=0x00 TTL=52 ID=24103 DF PROTO=TCP SPT=443 DPT=56574 WINDOW=261 RES=0x00 ACK PSH URGP=0 
[   78.673668] iptables reject: IN=enp1s0f4u1u2 OUT= MAC=34:29:8f:73:88:91:84:d8:1b:8a:31:73:08:00 SRC=104.244.42.129 DST=192.168.1.116 LEN=52 TOS=0x00 PREC=0x00 TTL=52 ID=24104 DF PROTO=TCP SPT=443 DPT=56574 WINDOW=261 RES=0x00 ACK FIN URGP=0 
[   78.689897] iptables reject: IN=enp1s0f4u1u2 OUT= MAC=34:29:8f:73:88:91:84:d8:1b:8a:31:73:08:00 SRC=142.250.180.202 DST=192.168.1.116 LEN=181 TOS=0x00 PREC=0x00 TTL=115 ID=38532 PROTO=TCP SPT=443 DPT=41566 WINDOW=261 RES=0x00 ACK PSH FIN URGP=0 
[   78.757004] iptables reject: IN=enp1s0f4u1u2 OUT= MAC=34:29:8f:73:88:91:84:d8:1b:8a:31:73:08:00 SRC=104.244.42.129 DST=192.168.1.116 LEN=52 TOS=0x00 PREC=0x00 TTL=52 ID=24105 DF PROTO=TCP SPT=443 DPT=56574 WINDOW=261 RES=0x00 ACK FIN URGP=0 
[   78.794439] iptables reject: IN=enp1s0f4u1u2 OUT= MAC=34:29:8f:73:88:91:84:d8:1b:8a:31:73:08:00 SRC=142.250.180.234 DST=192.168.1.116 LEN=181 TOS=0x00 PREC=0x80 TTL=121 ID=45441 PROTO=TCP SPT=443 DPT=45600 WINDOW=265 RES=0x00 ACK PSH FIN URGP=0 
[   78.929266] iptables reject: IN=enp1s0f4u1u2 OUT= MAC=34:29:8f:73:88:91:84:d8:1b:8a:31:73:08:00 SRC=142.251.39.35 DST=192.168.1.116 LEN=181 TOS=0x00 PREC=0x00 TTL=113 ID=57539 PROTO=TCP SPT=443 DPT=43042 WINDOW=261 RES=0x00 ACK PSH FIN URGP=0 
[   78.988542] iptables reject: IN=enp1s0f4u1u2 OUT= MAC=34:29:8f:73:88:91:84:d8:1b:8a:31:73:08:00 SRC=142.251.39.66 DST=192.168.1.116 LEN=181 TOS=0x00 PREC=0x00 TTL=114 ID=39292 PROTO=TCP SPT=443 DPT=40120 WINDOW=261 RES=0x00 ACK PSH FIN URGP=0 
[   78.996863] iptables reject: IN=enp1s0f4u1u2 OUT= MAC=34:29:8f:73:88:91:84:d8:1b:8a:31:73:08:00 SRC=104.244.42.129 DST=192.168.1.116 LEN=526 TOS=0x00 PREC=0x00 TTL=52 ID=24106 DF PROTO=TCP SPT=443 DPT=56574 WINDOW=261 RES=0x00 ACK PSH FIN URGP=0 
[   79.020282] iptables reject: IN=enp1s0f4u1u2 OUT= MAC=34:29:8f:73:88:91:84:d8:1b:8a:31:73:08:00 SRC=172.217.20.8 DST=192.168.1.116 LEN=181 TOS=0x00 PREC=0x00 TTL=114 ID=11225 PROTO=TCP SPT=443 DPT=41164 WINDOW=261 RES=0x00 ACK PSH FIN URGP=0 
[   79.476032] iptables reject: IN=enp1s0f4u1u2 OUT= MAC=34:29:8f:73:88:91:84:d8:1b:8a:31:73:08:00 SRC=104.244.42.129 DST=192.168.1.116 LEN=526 TOS=0x00 PREC=0x00 TTL=52 ID=24107 DF PROTO=TCP SPT=443 DPT=56574 WINDOW=261 RES=0x00 ACK PSH FIN URGP=0 
[   80.444059] iptables reject: IN=enp1s0f4u1u2 OUT= MAC=34:29:8f:73:88:91:84:d8:1b:8a:31:73:08:00 SRC=104.244.42.129 DST=192.168.1.116 LEN=526 TOS=0x00 PREC=0x00 TTL=52 ID=24108 DF PROTO=TCP SPT=443 DPT=56574 WINDOW=261 RES=0x00 ACK PSH FIN URGP=0 
[   81.797269] New not syn: IN=enp1s0f4u1u2 OUT= MAC=34:29:8f:73:88:91:84:d8:1b:8a:31:73:08:00 SRC=172.65.251.78 DST=192.168.1.116 LEN=40 TOS=0x00 PREC=0x00 TTL=57 ID=64820 DF PROTO=TCP SPT=443 DPT=41846 WINDOW=67 RES=0x00 ACK URGP=0 
[   82.363908] iptables reject: IN=enp1s0f4u1u2 OUT= MAC=34:29:8f:73:88:91:84:d8:1b:8a:31:73:08:00 SRC=104.244.42.129 DST=192.168.1.116 LEN=526 TOS=0x00 PREC=0x00 TTL=52 ID=24109 DF PROTO=TCP SPT=443 DPT=56574 WINDOW=261 RES=0x00 ACK PSH FIN URGP=0 
[   84.263183] New not syn: IN=enp1s0f4u1u2 OUT= MAC=34:29:8f:73:88:91:84:d8:1b:8a:31:73:08:00 SRC=172.65.251.78 DST=192.168.1.116 LEN=40 TOS=0x00 PREC=0x00 TTL=57 ID=39666 DF PROTO=TCP SPT=443 DPT=41844 WINDOW=86 RES=0x00 ACK URGP=0 
[   86.203929] New not syn: IN=enp1s0f4u1u2 OUT= MAC=34:29:8f:73:88:91:84:d8:1b:8a:31:73:08:00 SRC=104.244.42.129 DST=192.168.1.116 LEN=308 TOS=0x00 PREC=0x00 TTL=52 ID=24110 DF PROTO=TCP SPT=443 DPT=56574 WINDOW=261 RES=0x00 ACK URGP=0 
[   89.906707] iptables reject: IN=enp1s0f4u1u2 OUT= MAC=34:29:8f:73:88:91:84:d8:1b:8a:31:73:08:00 SRC=172.217.20.3 DST=192.168.1.116 LEN=181 TOS=0x00 PREC=0x80 TTL=114 ID=37438 PROTO=TCP SPT=443 DPT=42358 WINDOW=261 RES=0x00 ACK PSH FIN URGP=0 
[   90.038067] iptables reject: IN=enp1s0f4u1u2 OUT= MAC=34:29:8f:73:88:91:84:d8:1b:8a:31:73:08:00 SRC=172.217.20.3 DST=192.168.1.116 LEN=52 TOS=0x00 PREC=0x80 TTL=114 ID=55354 PROTO=TCP SPT=80 DPT=60680 WINDOW=261 RES=0x00 ACK FIN URGP=0 
[   92.999267] iptables reject: IN=enp1s0f4u1u2 OUT= MAC=34:29:8f:73:88:91:84:d8:1b:8a:31:73:08:00 SRC=142.251.39.67 DST=192.168.1.116 LEN=181 TOS=0x00 PREC=0x80 TTL=121 ID=43815 PROTO=TCP SPT=443 DPT=56728 WINDOW=265 RES=0x00 ACK PSH FIN URGP=0 
[   93.010105] iptables reject: IN=enp1s0f4u1u2 OUT= MAC=34:29:8f:73:88:91:84:d8:1b:8a:31:73:08:00 SRC=142.250.201.197 DST=192.168.1.116 LEN=181 TOS=0x00 PREC=0x80 TTL=121 ID=27033 PROTO=TCP SPT=443 DPT=37446 WINDOW=267 RES=0x00 ACK PSH FIN URGP=0 
[   93.027565] iptables reject: IN=enp1s0f4u1u2 OUT= MAC=34:29:8f:73:88:91:84:d8:1b:8a:31:73:08:00 SRC=142.250.180.202 DST=192.168.1.116 LEN=181 TOS=0x00 PREC=0x00 TTL=115 ID=46145 PROTO=TCP SPT=443 DPT=41566 WINDOW=261 RES=0x00 ACK PSH FIN URGP=0 
[   93.131691] iptables reject: IN=enp1s0f4u1u2 OUT= MAC=34:29:8f:73:88:91:84:d8:1b:8a:31:73:08:00 SRC=142.250.180.234 DST=192.168.1.116 LEN=181 TOS=0x00 PREC=0x80 TTL=121 ID=54594 PROTO=TCP SPT=443 DPT=45600 WINDOW=265 RES=0x00 ACK PSH FIN URGP=0 
[   93.265491] iptables reject: IN=enp1s0f4u1u2 OUT= MAC=34:29:8f:73:88:91:84:d8:1b:8a:31:73:08:00 SRC=142.251.39.35 DST=192.168.1.116 LEN=181 TOS=0x00 PREC=0x00 TTL=113 ID=1423 PROTO=TCP SPT=443 DPT=43042 WINDOW=261 RES=0x00 ACK PSH FIN URGP=0 
[   93.324998] iptables reject: IN=enp1s0f4u1u2 OUT= MAC=34:29:8f:73:88:91:84:d8:1b:8a:31:73:08:00 SRC=142.251.39.66 DST=192.168.1.116 LEN=181 TOS=0x00 PREC=0x00 TTL=114 ID=45029 PROTO=TCP SPT=443 DPT=40120 WINDOW=261 RES=0x00 ACK PSH FIN URGP=0 
[   93.355491] iptables reject: IN=enp1s0f4u1u2 OUT= MAC=34:29:8f:73:88:91:84:d8:1b:8a:31:73:08:00 SRC=172.217.20.8 DST=192.168.1.116 LEN=181 TOS=0x00 PREC=0x00 TTL=114 ID=18711 PROTO=TCP SPT=443 DPT=41164 WINDOW=261 RES=0x00 ACK PSH FIN URGP=0 
[   94.205383] New not syn: IN=enp1s0f4u1u2 OUT= MAC=34:29:8f:73:88:91:84:d8:1b:8a:31:73:08:00 SRC=104.244.42.129 DST=192.168.1.116 LEN=180 TOS=0x00 PREC=0x00 TTL=52 ID=24111 DF PROTO=TCP SPT=443 DPT=56574 WINDOW=261 RES=0x00 ACK URGP=0 
[  109.565611] New not syn: IN=enp1s0f4u1u2 OUT= MAC=34:29:8f:73:88:91:84:d8:1b:8a:31:73:08:00 SRC=104.244.42.129 DST=192.168.1.116 LEN=116 TOS=0x00 PREC=0x00 TTL=52 ID=24112 DF PROTO=TCP SPT=443 DPT=56574 WINDOW=261 RES=0x00 ACK URGP=0 
[  117.197051] New not syn: IN=enp1s0f4u1u2 OUT= MAC=34:29:8f:73:88:91:84:d8:1b:8a:31:73:08:00 SRC=54.173.51.143 DST=192.168.1.116 LEN=97 TOS=0x00 PREC=0x00 TTL=232 ID=29625 DF PROTO=TCP SPT=443 DPT=43906 WINDOW=152 RES=0x00 ACK PSH URGP=0 
[  140.284827] New not syn: IN=enp1s0f4u1u2 OUT= MAC=34:29:8f:73:88:91:84:d8:1b:8a:31:73:08:00 SRC=104.244.42.129 DST=192.168.1.116 LEN=100 TOS=0x00 PREC=0x00 TTL=52 ID=24113 DF PROTO=TCP SPT=443 DPT=56574 WINDOW=261 RES=0x00 ACK URGP=0 
[  141.783914] New not syn: IN=enp1s0f4u1u2 OUT= MAC=34:29:8f:73:88:91:84:d8:1b:8a:31:73:08:00 SRC=34.120.203.98 DST=192.168.1.116 LEN=125 TOS=0x00 PREC=0x60 TTL=121 ID=58788 PROTO=TCP SPT=443 DPT=43432 WINDOW=265 RES=0x00 ACK PSH URGP=0 
[  142.007242] New not syn: IN=enp1s0f4u1u2 OUT= MAC=34:29:8f:73:88:91:84:d8:1b:8a:31:73:08:00 SRC=34.120.203.98 DST=192.168.1.116 LEN=125 TOS=0x00 PREC=0x60 TTL=121 ID=58802 PROTO=TCP SPT=443 DPT=43432 WINDOW=265 RES=0x00 ACK PSH URGP=0 
[  142.231189] New not syn: IN=enp1s0f4u1u2 OUT= MAC=34:29:8f:73:88:91:84:d8:1b:8a:31:73:08:00 SRC=34.120.203.98 DST=192.168.1.116 LEN=125 TOS=0x00 PREC=0x00 TTL=121 ID=58844 PROTO=TCP SPT=443 DPT=43432 WINDOW=265 RES=0x00 ACK PSH URGP=0 
[  142.671175] New not syn: IN=enp1s0f4u1u2 OUT= MAC=34:29:8f:73:88:91:84:d8:1b:8a:31:73:08:00 SRC=34.120.203.98 DST=192.168.1.116 LEN=125 TOS=0x00 PREC=0x00 TTL=121 ID=59205 PROTO=TCP SPT=443 DPT=43432 WINDOW=265 RES=0x00 ACK PSH URGP=0 
[  143.599311] New not syn: IN=enp1s0f4u1u2 OUT= MAC=34:29:8f:73:88:91:84:d8:1b:8a:31:73:08:00 SRC=34.120.203.98 DST=192.168.1.116 LEN=125 TOS=0x00 PREC=0x60 TTL=121 ID=59505 PROTO=TCP SPT=443 DPT=43432 WINDOW=265 RES=0x00 ACK PSH URGP=0 
[  145.391335] New not syn: IN=enp1s0f4u1u2 OUT= MAC=34:29:8f:73:88:91:84:d8:1b:8a:31:73:08:00 SRC=34.120.203.98 DST=192.168.1.116 LEN=125 TOS=0x00 PREC=0x60 TTL=121 ID=60767 PROTO=TCP SPT=443 DPT=43432 WINDOW=265 RES=0x00 ACK PSH URGP=0 
[  146.784920] iptables reject: IN=enp1s0f4u1u2 OUT= MAC=34:29:8f:73:88:91:84:d8:1b:8a:31:73:08:00 SRC=34.120.203.98 DST=192.168.1.116 LEN=108 TOS=0x00 PREC=0x60 TTL=121 ID=61474 PROTO=TCP SPT=443 DPT=43432 WINDOW=265 RES=0x00 ACK PSH FIN URGP=0 
[  148.911129] iptables reject: IN=enp1s0f4u1u2 OUT= MAC=34:29:8f:73:88:91:84:d8:1b:8a:31:73:08:00 SRC=34.120.203.98 DST=192.168.1.116 LEN=181 TOS=0x00 PREC=0x60 TTL=121 ID=62983 PROTO=TCP SPT=443 DPT=43432 WINDOW=265 RES=0x00 ACK PSH FIN URGP=0 
[  149.176077] New not syn: IN=enp1s0f4u1u2 OUT= MAC=34:29:8f:73:88:91:84:d8:1b:8a:31:73:08:00 SRC=142.250.201.209 DST=192.168.1.116 LEN=125 TOS=0x00 PREC=0x80 TTL=121 ID=16135 PROTO=TCP SPT=443 DPT=39968 WINDOW=270 RES=0x00 ACK PSH URGP=0 
[  149.398493] New not syn: IN=enp1s0f4u1u2 OUT= MAC=34:29:8f:73:88:91:84:d8:1b:8a:31:73:08:00 SRC=142.250.201.209 DST=192.168.1.116 LEN=125 TOS=0x00 PREC=0x80 TTL=121 ID=16334 PROTO=TCP SPT=443 DPT=39968 WINDOW=270 RES=0x00 ACK PSH URGP=0 
[  149.622248] New not syn: IN=enp1s0f4u1u2 OUT= MAC=34:29:8f:73:88:91:84:d8:1b:8a:31:73:08:00 SRC=142.250.201.209 DST=192.168.1.116 LEN=125 TOS=0x00 PREC=0x80 TTL=121 ID=16368 PROTO=TCP SPT=443 DPT=39968 WINDOW=270 RES=0x00 ACK PSH URGP=0 
[  150.062624] New not syn: IN=enp1s0f4u1u2 OUT= MAC=34:29:8f:73:88:91:84:d8:1b:8a:31:73:08:00 SRC=142.250.201.209 DST=192.168.1.116 LEN=125 TOS=0x00 PREC=0x80 TTL=121 ID=16417 PROTO=TCP SPT=443 DPT=39968 WINDOW=270 RES=0x00 ACK PSH URGP=0 
[  150.974635] New not syn: IN=enp1s0f4u1u2 OUT= MAC=34:29:8f:73:88:91:84:d8:1b:8a:31:73:08:00 SRC=142.250.201.209 DST=192.168.1.116 LEN=125 TOS=0x00 PREC=0x00 TTL=121 ID=16551 PROTO=TCP SPT=443 DPT=39968 WINDOW=270 RES=0x00 ACK PSH URGP=0 
[  152.766383] New not syn: IN=enp1s0f4u1u2 OUT= MAC=34:29:8f:73:88:91:84:d8:1b:8a:31:73:08:00 SRC=142.250.201.209 DST=192.168.1.116 LEN=125 TOS=0x00 PREC=0x80 TTL=121 ID=16656 PROTO=TCP SPT=443 DPT=39968 WINDOW=270 RES=0x00 ACK PSH URGP=0 
[  154.176286] iptables reject: IN=enp1s0f4u1u2 OUT= MAC=34:29:8f:73:88:91:84:d8:1b:8a:31:73:08:00 SRC=142.250.201.209 DST=192.168.1.116 LEN=108 TOS=0x00 PREC=0x80 TTL=121 ID=16995 PROTO=TCP SPT=443 DPT=39968 WINDOW=270 RES=0x00 ACK PSH FIN URGP=0 
[  156.015250] iptables reject: IN=enp1s0f4u1u2 OUT= MAC=34:29:8f:73:88:91:84:d8:1b:8a:31:73:08:00 SRC=34.120.203.98 DST=192.168.1.116 LEN=181 TOS=0x00 PREC=0x60 TTL=121 ID=998 PROTO=TCP SPT=443 DPT=43432 WINDOW=265 RES=0x00 ACK PSH FIN URGP=0 
[  156.286595] iptables reject: IN=enp1s0f4u1u2 OUT= MAC=34:29:8f:73:88:91:84:d8:1b:8a:31:73:08:00 SRC=142.250.201.209 DST=192.168.1.116 LEN=181 TOS=0x00 PREC=0x80 TTL=121 ID=19076 PROTO=TCP SPT=443 DPT=39968 WINDOW=270 RES=0x00 ACK PSH FIN URGP=0 
[  163.390575] iptables reject: IN=enp1s0f4u1u2 OUT= MAC=34:29:8f:73:88:91:84:d8:1b:8a:31:73:08:00 SRC=142.250.201.209 DST=192.168.1.116 LEN=181 TOS=0x00 PREC=0x80 TTL=121 ID=24961 PROTO=TCP SPT=443 DPT=39968 WINDOW=270 RES=0x00 ACK PSH FIN URGP=0 
[  170.350459] iptables reject: IN=enp1s0f4u1u2 OUT= MAC=34:29:8f:73:88:91:84:d8:1b:8a:31:73:08:00 SRC=34.120.203.98 DST=192.168.1.116 LEN=181 TOS=0x00 PREC=0x60 TTL=121 ID=10094 PROTO=TCP SPT=443 DPT=43432 WINDOW=265 RES=0x00 ACK PSH FIN URGP=0 
[  176.050654] New not syn: IN=enp1s0f4u1u2 OUT= MAC=34:29:8f:73:88:91:84:d8:1b:8a:31:73:08:00 SRC=172.67.74.18 DST=192.168.1.116 LEN=79 TOS=0x00 PREC=0x00 TTL=57 ID=57621 DF PROTO=TCP SPT=443 DPT=53180 WINDOW=67 RES=0x00 ACK PSH URGP=0 
[  176.050666] New not syn: IN=enp1s0f4u1u2 OUT= MAC=34:29:8f:73:88:91:84:d8:1b:8a:31:73:08:00 SRC=172.67.74.18 DST=192.168.1.116 LEN=64 TOS=0x00 PREC=0x00 TTL=57 ID=57622 DF PROTO=TCP SPT=443 DPT=53180 WINDOW=67 RES=0x00 ACK PSH URGP=0 
[  176.062394] iptables reject: IN=enp1s0f4u1u2 OUT= MAC=34:29:8f:73:88:91:84:d8:1b:8a:31:73:08:00 SRC=172.67.74.18 DST=192.168.1.116 LEN=64 TOS=0x00 PREC=0x00 TTL=57 ID=57623 DF PROTO=TCP SPT=443 DPT=53180 WINDOW=67 RES=0x00 ACK PSH FIN URGP=0 
[  176.276401] iptables reject: IN=enp1s0f4u1u2 OUT= MAC=34:29:8f:73:88:91:84:d8:1b:8a:31:73:08:00 SRC=172.67.74.18 DST=192.168.1.116 LEN=103 TOS=0x00 PREC=0x00 TTL=57 ID=57624 DF PROTO=TCP SPT=443 DPT=53180 WINDOW=67 RES=0x00 ACK PSH FIN URGP=0 
[  176.542152] New not syn: IN=enp1s0f4u1u2 OUT= MAC=34:29:8f:73:88:91:84:d8:1b:8a:31:73:08:00 SRC=104.16.126.175 DST=192.168.1.116 LEN=79 TOS=0x00 PREC=0x00 TTL=57 ID=10637 DF PROTO=TCP SPT=443 DPT=37104 WINDOW=70 RES=0x00 ACK PSH URGP=0 
[  176.542231] New not syn: IN=enp1s0f4u1u2 OUT= MAC=34:29:8f:73:88:91:84:d8:1b:8a:31:73:08:00 SRC=104.16.126.175 DST=192.168.1.116 LEN=64 TOS=0x00 PREC=0x00 TTL=57 ID=10638 DF PROTO=TCP SPT=443 DPT=37104 WINDOW=70 RES=0x00 ACK PSH URGP=0 
[  176.542251] iptables reject: IN=enp1s0f4u1u2 OUT= MAC=34:29:8f:73:88:91:84:d8:1b:8a:31:73:08:00 SRC=104.16.126.175 DST=192.168.1.116 LEN=40 TOS=0x00 PREC=0x00 TTL=57 ID=10639 DF PROTO=TCP SPT=443 DPT=37104 WINDOW=70 RES=0x00 ACK FIN URGP=0 
[  176.554958] iptables reject: IN=enp1s0f4u1u2 OUT= MAC=34:29:8f:73:88:91:84:d8:1b:8a:31:73:08:00 SRC=104.16.126.175 DST=192.168.1.116 LEN=40 TOS=0x00 PREC=0x00 TTL=57 ID=10640 DF PROTO=TCP SPT=443 DPT=37104 WINDOW=70 RES=0x00 ACK FIN URGP=0 
