[    0.000000] Linux version 5.15.7-arch1-1 (linux@archlinux) (gcc (GCC) 11.1.0, GNU ld (GNU Binutils) 2.36.1) #1 SMP PREEMPT Wed, 08 Dec 2021 14:33:16 +0000
[    0.000000] Command line: BOOT_IMAGE=/boot/vmlinuz-linux root=UUID=a1e2e1f9-dbcb-484e-a242-73d5754f8d98 rw quiet resume=UUID=36238c5a-d1ff-4e5f-986a-4d302098cfd7 loglevel=3 audit=0 lsm=landlock,lockdown,yama,apparmor,bpf l1tf=full,force mds=full,nosmt mitigations=auto,nosmt nosmt=force init_on_alloc=1 init_on_free=1 randomize_kstack_offset=on slab_nomerge pti=on slub_debug=ZF slub_debug=P page_poison=1 mem_encrypt=on
[    0.000000] x86/fpu: Supporting XSAVE feature 0x001: 'x87 floating point registers'
[    0.000000] x86/fpu: Supporting XSAVE feature 0x002: 'SSE registers'
[    0.000000] x86/fpu: Supporting XSAVE feature 0x004: 'AVX registers'
[    0.000000] x86/fpu: xstate_offset[2]:  576, xstate_sizes[2]:  256
[    0.000000] x86/fpu: Enabled xstate features 0x7, context size is 832 bytes, using 'compacted' format.
[    0.000000] signal: max sigframe size: 1776
[    0.000000] SMT: Force disabled
[    0.000000] BIOS-provided physical RAM map:
[    0.000000] BIOS-e820: [mem 0x0000000000000000-0x000000000009efff] usable
[    0.000000] BIOS-e820: [mem 0x000000000009f000-0x00000000000bffff] reserved
[    0.000000] BIOS-e820: [mem 0x0000000000100000-0x0000000009afffff] usable
[    0.000000] BIOS-e820: [mem 0x0000000009b00000-0x0000000009dfffff] reserved
[    0.000000] BIOS-e820: [mem 0x0000000009e00000-0x0000000009efffff] usable
[    0.000000] BIOS-e820: [mem 0x0000000009f00000-0x0000000009f0ffff] ACPI NVS
[    0.000000] BIOS-e820: [mem 0x0000000009f10000-0x00000000bab68fff] usable
[    0.000000] BIOS-e820: [mem 0x00000000bab69000-0x00000000bbd68fff] reserved
[    0.000000] BIOS-e820: [mem 0x00000000bbd69000-0x00000000c9f7efff] usable
[    0.000000] BIOS-e820: [mem 0x00000000c9f7f000-0x00000000caf7efff] type 20
[    0.000000] BIOS-e820: [mem 0x00000000caf7f000-0x00000000ccf7efff] reserved
[    0.000000] BIOS-e820: [mem 0x00000000ccf7f000-0x00000000cdf7efff] ACPI NVS
[    0.000000] BIOS-e820: [mem 0x00000000cdf7f000-0x00000000cdffefff] ACPI data
[    0.000000] BIOS-e820: [mem 0x00000000cdfff000-0x00000000cdffffff] usable
[    0.000000] BIOS-e820: [mem 0x00000000ce000000-0x00000000ceffffff] reserved
[    0.000000] BIOS-e820: [mem 0x00000000f8000000-0x00000000fbffffff] reserved
[    0.000000] BIOS-e820: [mem 0x00000000fde00000-0x00000000fdefffff] reserved
[    0.000000] BIOS-e820: [mem 0x00000000fec00000-0x00000000fec00fff] reserved
[    0.000000] BIOS-e820: [mem 0x00000000fec10000-0x00000000fec10fff] reserved
[    0.000000] BIOS-e820: [mem 0x00000000fec20000-0x00000000fec20fff] reserved
[    0.000000] BIOS-e820: [mem 0x00000000fed80000-0x00000000fed80fff] reserved
[    0.000000] BIOS-e820: [mem 0x00000000fee00000-0x00000000fee00fff] reserved
[    0.000000] BIOS-e820: [mem 0x00000000ff000000-0x00000000fff2ffff] reserved
[    0.000000] BIOS-e820: [mem 0x0000000100000000-0x000000040f33ffff] usable
[    0.000000] BIOS-e820: [mem 0x000000040f340000-0x000000042fffffff] reserved
[    0.000000] NX (Execute Disable) protection: active
[    0.000000] efi: EFI v2.70 by INSYDE Corp.
[    0.000000] efi: ACPI=0xcdffe000 ACPI 2.0=0xcdffe014 TPMFinalLog=0xcdf2c000 SMBIOS=0xcb70c000 SMBIOS 3.0=0xcb70a000 ESRT=0xcb70d418 
[    0.000000] SMBIOS 3.2.0 present.
[    0.000000] DMI: TIMI RedmiBook 14 II/TM1951, BIOS RMARN4B0P0909 08/19/2020
[    0.000000] tsc: Fast TSC calibration using PIT
[    0.000000] tsc: Detected 2370.476 MHz processor
[    0.000544] e820: update [mem 0x00000000-0x00000fff] usable ==> reserved
[    0.000546] e820: remove [mem 0x000a0000-0x000fffff] usable
[    0.000551] last_pfn = 0x40f340 max_arch_pfn = 0x400000000
[    0.000726] x86/PAT: Configuration [0-7]: WB  WC  UC- UC  WB  WP  UC- WT  
[    0.000944] last_pfn = 0xce000 max_arch_pfn = 0x400000000
[    0.010339] esrt: Reserving ESRT space from 0x00000000cb70d418 to 0x00000000cb70d450.
[    0.010348] Kernel/User page tables isolation: force enabled on command line.
[    0.010349] Using GB pages for direct mapping
[    0.010764] Secure boot disabled
[    0.010765] RAMDISK: [mem 0x36b1f000-0x37586fff]
[    0.010771] ACPI: Early table checksum verification disabled
[    0.010774] ACPI: RSDP 0x00000000CDFFE014 000024 (v02 XMCC  )
[    0.010777] ACPI: XSDT 0x00000000CDFCE188 000134 (v01 XMCC   XMCC1951 00000002      01000013)
[    0.010782] ACPI: FACP 0x00000000CDFEC000 00010C (v05 XMCC   XMCC1951 00000002      01000013)
[    0.010786] ACPI: DSDT 0x00000000CDFDF000 006545 (v01 XMCC   XMCC1951 00000002      01000013)
[    0.010788] ACPI: FACS 0x00000000CDF29000 000040
[    0.010790] ACPI: UEFI 0x00000000CDF7E000 000236 (v01 INSYDE H2O BIOS 00000001 ACPI 00040000)
[    0.010792] ACPI: SSDT 0x00000000CDFF5000 007216 (v02 AMD    AmdTable 00000002 MSFT 04000000)
[    0.010794] ACPI: IVRS 0x00000000CDFF4000 0001A4 (v02 AMD    AmdTable 00000001 AMD  00000000)
[    0.010796] ACPI: SSDT 0x00000000CDFF3000 000228 (v01 AMD    STD3     00000001 INTL 20130117)
[    0.010799] ACPI: SSDT 0x00000000CDFF2000 000D61 (v01 XMCC   XMCC1806 00003000 INTL 20130117)
[    0.010801] ACPI: SSDT 0x00000000CDFF1000 00046D (v01 Insyde TPMACPI  00001000 INTL 20130117)
[    0.010803] ACPI: TPM2 0x00000000CDFF0000 000034 (v04 XMCC   XMCC1951 00000002      01000013)
[    0.010805] ACPI: MSDM 0x00000000CDFEF000 000055 (v03 INSYDE H2O BIOS 00000001 ACPI 00040000)
[    0.010807] ACPI: ASF! 0x00000000CDFEE000 0000A5 (v32 XMCC   XMCC1951 00000002      01000013)
[    0.010809] ACPI: BOOT 0x00000000CDFED000 000028 (v01 XMCC   XMCC1951 00000002      01000013)
[    0.010811] ACPI: HPET 0x00000000CDFEB000 000038 (v01 XMCC   XMCC1951 00000002      01000013)
[    0.010813] ACPI: APIC 0x00000000CDFEA000 000138 (v03 XMCC   XMCC1951 00000002      01000013)
[    0.010815] ACPI: MCFG 0x00000000CDFE9000 00003C (v01 XMCC   XMCC1951 00000002      01000013)
[    0.010818] ACPI: SLIC 0x00000000CDFE8000 000176 (v01 XMCC   XMCC1951 00000002      01000013)
[    0.010820] ACPI: SSDT 0x00000000CDFDE000 000080 (v01 XMCC   XMCC1951 00000002      01000013)
[    0.010822] ACPI: VFCT 0x00000000CDFD0000 00D484 (v01 XMCC   XMCC1951 00000001 AMD  31504F47)
[    0.010824] ACPI: SSDT 0x00000000CDFCF000 0000F8 (v01 XMCC   PcdTabl  00001000 INTL 20130117)
[    0.010826] ACPI: SSDT 0x00000000CDFCC000 001500 (v01 AMD    AmdTable 00000001 AMD  00000001)
[    0.010828] ACPI: CRAT 0x00000000CDFFD000 000BA8 (v01 AMD    AmdTable 00000001 AMD  00000001)
[    0.010830] ACPI: CDIT 0x00000000CDFCB000 000029 (v01 AMD    AmdTable 00000001 AMD  00000001)
[    0.010832] ACPI: SSDT 0x00000000CDFCA000 00028D (v01 AMD    AmdTable 00000001 INTL 20130117)
[    0.010834] ACPI: SSDT 0x00000000CDFC9000 000C78 (v01 AMD    AmdTable 00000001 INTL 20130117)
[    0.010836] ACPI: SSDT 0x00000000CDFC7000 0010A5 (v01 AMD    AmdTable 00000001 INTL 20130117)
[    0.010838] ACPI: SSDT 0x00000000CDFC3000 0030C8 (v01 AMD    AmdTable 00000001 INTL 20130117)
[    0.010841] ACPI: FPDT 0x00000000CDFC2000 000044 (v01 XMCC   XMCC1951 00000002      01000013)
[    0.010843] ACPI: WSMT 0x00000000CDFC0000 000028 (v01 INSYDE H2O BIOS 00000001 ACPI 00040000)
[    0.010845] ACPI: SSDT 0x00000000CDFE7000 00020A (v01 AMD    AmdTable 00000001 INTL 20130117)
[    0.010847] ACPI: SSDT 0x00000000CDFE6000 0005A1 (v01 AMD    AmdTable 00000001 INTL 20130117)
[    0.010849] ACPI: SSDT 0x00000000CDFBF000 000343 (v01 AMD    AmdTable 00000001 INTL 20130117)
[    0.010851] ACPI: SSDT 0x00000000CDFBE000 00007D (v01 AMD    AmdTable 00000001 INTL 20130117)
[    0.010853] ACPI: SSDT 0x00000000CDFBD000 000822 (v01 AMD    AmdTable 00000001 INTL 20130117)
[    0.010855] ACPI: SSDT 0x00000000CDFBC000 000517 (v01 AMD    AmdTable 00000001 INTL 20130117)
[    0.010857] ACPI: BGRT 0x00000000CDFC1000 000038 (v01 INSYDE H2O BIOS 00000001 ACPI 00040000)
[    0.010859] ACPI: Reserving FACP table memory at [mem 0xcdfec000-0xcdfec10b]
[    0.010860] ACPI: Reserving DSDT table memory at [mem 0xcdfdf000-0xcdfe5544]
[    0.010860] ACPI: Reserving FACS table memory at [mem 0xcdf29000-0xcdf2903f]
[    0.010861] ACPI: Reserving UEFI table memory at [mem 0xcdf7e000-0xcdf7e235]
[    0.010862] ACPI: Reserving SSDT table memory at [mem 0xcdff5000-0xcdffc215]
[    0.010863] ACPI: Reserving IVRS table memory at [mem 0xcdff4000-0xcdff41a3]
[    0.010863] ACPI: Reserving SSDT table memory at [mem 0xcdff3000-0xcdff3227]
[    0.010864] ACPI: Reserving SSDT table memory at [mem 0xcdff2000-0xcdff2d60]
[    0.010864] ACPI: Reserving SSDT table memory at [mem 0xcdff1000-0xcdff146c]
[    0.010865] ACPI: Reserving TPM2 table memory at [mem 0xcdff0000-0xcdff0033]
[    0.010866] ACPI: Reserving MSDM table memory at [mem 0xcdfef000-0xcdfef054]
[    0.010866] ACPI: Reserving ASF! table memory at [mem 0xcdfee000-0xcdfee0a4]
[    0.010867] ACPI: Reserving BOOT table memory at [mem 0xcdfed000-0xcdfed027]
[    0.010868] ACPI: Reserving HPET table memory at [mem 0xcdfeb000-0xcdfeb037]
[    0.010869] ACPI: Reserving APIC table memory at [mem 0xcdfea000-0xcdfea137]
[    0.010869] ACPI: Reserving MCFG table memory at [mem 0xcdfe9000-0xcdfe903b]
[    0.010870] ACPI: Reserving SLIC table memory at [mem 0xcdfe8000-0xcdfe8175]
[    0.010871] ACPI: Reserving SSDT table memory at [mem 0xcdfde000-0xcdfde07f]
[    0.010871] ACPI: Reserving VFCT table memory at [mem 0xcdfd0000-0xcdfdd483]
[    0.010872] ACPI: Reserving SSDT table memory at [mem 0xcdfcf000-0xcdfcf0f7]
[    0.010873] ACPI: Reserving SSDT table memory at [mem 0xcdfcc000-0xcdfcd4ff]
[    0.010873] ACPI: Reserving CRAT table memory at [mem 0xcdffd000-0xcdffdba7]
[    0.010874] ACPI: Reserving CDIT table memory at [mem 0xcdfcb000-0xcdfcb028]
[    0.010875] ACPI: Reserving SSDT table memory at [mem 0xcdfca000-0xcdfca28c]
[    0.010875] ACPI: Reserving SSDT table memory at [mem 0xcdfc9000-0xcdfc9c77]
[    0.010876] ACPI: Reserving SSDT table memory at [mem 0xcdfc7000-0xcdfc80a4]
[    0.010877] ACPI: Reserving SSDT table memory at [mem 0xcdfc3000-0xcdfc60c7]
[    0.010878] ACPI: Reserving FPDT table memory at [mem 0xcdfc2000-0xcdfc2043]
[    0.010878] ACPI: Reserving WSMT table memory at [mem 0xcdfc0000-0xcdfc0027]
[    0.010879] ACPI: Reserving SSDT table memory at [mem 0xcdfe7000-0xcdfe7209]
[    0.010880] ACPI: Reserving SSDT table memory at [mem 0xcdfe6000-0xcdfe65a0]
[    0.010881] ACPI: Reserving SSDT table memory at [mem 0xcdfbf000-0xcdfbf342]
[    0.010881] ACPI: Reserving SSDT table memory at [mem 0xcdfbe000-0xcdfbe07c]
[    0.010882] ACPI: Reserving SSDT table memory at [mem 0xcdfbd000-0xcdfbd821]
[    0.010883] ACPI: Reserving SSDT table memory at [mem 0xcdfbc000-0xcdfbc516]
[    0.010883] ACPI: Reserving BGRT table memory at [mem 0xcdfc1000-0xcdfc1037]
[    0.010936] No NUMA configuration found
[    0.010936] Faking a node at [mem 0x0000000000000000-0x000000040f33ffff]
[    0.010939] NODE_DATA(0) allocated [mem 0x40f33c000-0x40f33ffff]
[    0.010966] Zone ranges:
[    0.010967]   DMA      [mem 0x0000000000001000-0x0000000000ffffff]
[    0.010968]   DMA32    [mem 0x0000000001000000-0x00000000ffffffff]
[    0.010969]   Normal   [mem 0x0000000100000000-0x000000040f33ffff]
[    0.010970]   Device   empty
[    0.010971] Movable zone start for each node
[    0.010972] Early memory node ranges
[    0.010972]   node   0: [mem 0x0000000000001000-0x000000000009efff]
[    0.010973]   node   0: [mem 0x0000000000100000-0x0000000009afffff]
[    0.010974]   node   0: [mem 0x0000000009e00000-0x0000000009efffff]
[    0.010975]   node   0: [mem 0x0000000009f10000-0x00000000bab68fff]
[    0.010976]   node   0: [mem 0x00000000bbd69000-0x00000000c9f7efff]
[    0.010976]   node   0: [mem 0x00000000cdfff000-0x00000000cdffffff]
[    0.010977]   node   0: [mem 0x0000000100000000-0x000000040f33ffff]
[    0.010979] Initmem setup node 0 [mem 0x0000000000001000-0x000000040f33ffff]
[    0.010982] On node 0, zone DMA: 1 pages in unavailable ranges
[    0.010997] On node 0, zone DMA: 97 pages in unavailable ranges
[    0.011127] On node 0, zone DMA32: 768 pages in unavailable ranges
[    0.016171] On node 0, zone DMA32: 16 pages in unavailable ranges
[    0.016635] On node 0, zone DMA32: 4608 pages in unavailable ranges
[    0.016782] On node 0, zone DMA32: 16512 pages in unavailable ranges
[    0.039577] On node 0, zone Normal: 8192 pages in unavailable ranges
[    0.039612] On node 0, zone Normal: 3264 pages in unavailable ranges
[    0.039764] ACPI: PM-Timer IO Port: 0x408
[    0.039770] ACPI: LAPIC_NMI (acpi_id[0x00] high edge lint[0x1])
[    0.039771] ACPI: LAPIC_NMI (acpi_id[0x01] high edge lint[0x1])
[    0.039772] ACPI: LAPIC_NMI (acpi_id[0x02] high edge lint[0x1])
[    0.039772] ACPI: LAPIC_NMI (acpi_id[0x03] high edge lint[0x1])
[    0.039773] ACPI: LAPIC_NMI (acpi_id[0x04] high edge lint[0x1])
[    0.039774] ACPI: LAPIC_NMI (acpi_id[0x05] high edge lint[0x1])
[    0.039774] ACPI: LAPIC_NMI (acpi_id[0x06] high edge lint[0x1])
[    0.039775] ACPI: LAPIC_NMI (acpi_id[0x07] high edge lint[0x1])
[    0.039775] ACPI: LAPIC_NMI (acpi_id[0x08] high edge lint[0x1])
[    0.039776] ACPI: LAPIC_NMI (acpi_id[0x09] high edge lint[0x1])
[    0.039776] ACPI: LAPIC_NMI (acpi_id[0x0a] high edge lint[0x1])
[    0.039777] ACPI: LAPIC_NMI (acpi_id[0x0b] high edge lint[0x1])
[    0.039777] ACPI: LAPIC_NMI (acpi_id[0x0c] high edge lint[0x1])
[    0.039778] ACPI: LAPIC_NMI (acpi_id[0x0d] high edge lint[0x1])
[    0.039778] ACPI: LAPIC_NMI (acpi_id[0x0e] high edge lint[0x1])
[    0.039779] ACPI: LAPIC_NMI (acpi_id[0x0f] high edge lint[0x1])
[    0.039792] IOAPIC[0]: apic_id 33, version 33, address 0xfec00000, GSI 0-23
[    0.039797] IOAPIC[1]: apic_id 34, version 33, address 0xfec01000, GSI 24-55
[    0.039799] ACPI: INT_SRC_OVR (bus 0 bus_irq 0 global_irq 2 dfl dfl)
[    0.039800] ACPI: INT_SRC_OVR (bus 0 bus_irq 9 global_irq 9 low level)
[    0.039803] ACPI: Using ACPI (MADT) for SMP configuration information
[    0.039804] ACPI: HPET id: 0x10228210 base: 0xfed00000
[    0.039812] e820: update [mem 0xb3636000-0xb363bfff] usable ==> reserved
[    0.039821] smpboot: Allowing 16 CPUs, 10 hotplug CPUs
[    0.039847] PM: hibernation: Registered nosave memory: [mem 0x00000000-0x00000fff]
[    0.039849] PM: hibernation: Registered nosave memory: [mem 0x0009f000-0x000bffff]
[    0.039849] PM: hibernation: Registered nosave memory: [mem 0x000c0000-0x000fffff]
[    0.039851] PM: hibernation: Registered nosave memory: [mem 0x09b00000-0x09dfffff]
[    0.039852] PM: hibernation: Registered nosave memory: [mem 0x09f00000-0x09f0ffff]
[    0.039854] PM: hibernation: Registered nosave memory: [mem 0xb3636000-0xb363bfff]
[    0.039855] PM: hibernation: Registered nosave memory: [mem 0xbab69000-0xbbd68fff]
[    0.039857] PM: hibernation: Registered nosave memory: [mem 0xc9f7f000-0xcaf7efff]
[    0.039857] PM: hibernation: Registered nosave memory: [mem 0xcaf7f000-0xccf7efff]
[    0.039858] PM: hibernation: Registered nosave memory: [mem 0xccf7f000-0xcdf7efff]
[    0.039858] PM: hibernation: Registered nosave memory: [mem 0xcdf7f000-0xcdffefff]
[    0.039860] PM: hibernation: Registered nosave memory: [mem 0xce000000-0xceffffff]
[    0.039860] PM: hibernation: Registered nosave memory: [mem 0xcf000000-0xf7ffffff]
[    0.039861] PM: hibernation: Registered nosave memory: [mem 0xf8000000-0xfbffffff]
[    0.039861] PM: hibernation: Registered nosave memory: [mem 0xfc000000-0xfddfffff]
[    0.039862] PM: hibernation: Registered nosave memory: [mem 0xfde00000-0xfdefffff]
[    0.039862] PM: hibernation: Registered nosave memory: [mem 0xfdf00000-0xfebfffff]
[    0.039863] PM: hibernation: Registered nosave memory: [mem 0xfec00000-0xfec00fff]
[    0.039864] PM: hibernation: Registered nosave memory: [mem 0xfec01000-0xfec0ffff]
[    0.039864] PM: hibernation: Registered nosave memory: [mem 0xfec10000-0xfec10fff]
[    0.039865] PM: hibernation: Registered nosave memory: [mem 0xfec11000-0xfec1ffff]
[    0.039865] PM: hibernation: Registered nosave memory: [mem 0xfec20000-0xfec20fff]
[    0.039866] PM: hibernation: Registered nosave memory: [mem 0xfec21000-0xfed7ffff]
[    0.039866] PM: hibernation: Registered nosave memory: [mem 0xfed80000-0xfed80fff]
[    0.039867] PM: hibernation: Registered nosave memory: [mem 0xfed81000-0xfedfffff]
[    0.039867] PM: hibernation: Registered nosave memory: [mem 0xfee00000-0xfee00fff]
[    0.039868] PM: hibernation: Registered nosave memory: [mem 0xfee01000-0xfeffffff]
[    0.039868] PM: hibernation: Registered nosave memory: [mem 0xff000000-0xfff2ffff]
[    0.039869] PM: hibernation: Registered nosave memory: [mem 0xfff30000-0xffffffff]
[    0.039870] [mem 0xcf000000-0xf7ffffff] available for PCI devices
[    0.039871] Booting paravirtualized kernel on bare hardware
[    0.039874] clocksource: refined-jiffies: mask: 0xffffffff max_cycles: 0xffffffff, max_idle_ns: 6370452778343963 ns
[    0.043588] setup_percpu: NR_CPUS:320 nr_cpumask_bits:320 nr_cpu_ids:16 nr_node_ids:1
[    0.044197] percpu: Embedded 61 pages/cpu s212992 r8192 d28672 u262144
[    0.044206] pcpu-alloc: s212992 r8192 d28672 u262144 alloc=1*2097152
[    0.044208] pcpu-alloc: [0] 00 01 02 03 04 05 06 07 [0] 08 09 10 11 12 13 14 15 
[    0.044236] Built 1 zonelists, mobility grouping on.  Total pages: 3966649
[    0.044237] Policy zone: Normal
[    0.044238] Kernel command line: BOOT_IMAGE=/boot/vmlinuz-linux root=UUID=a1e2e1f9-dbcb-484e-a242-73d5754f8d98 rw quiet resume=UUID=36238c5a-d1ff-4e5f-986a-4d302098cfd7 loglevel=3 audit=0 lsm=landlock,lockdown,yama,apparmor,bpf l1tf=full,force mds=full,nosmt mitigations=auto,nosmt nosmt=force init_on_alloc=1 init_on_free=1 randomize_kstack_offset=on slab_nomerge pti=on slub_debug=ZF slub_debug=P page_poison=1 mem_encrypt=on
[    0.044289] audit: disabled (until reboot)
[    0.044379] mem auto-init: SLAB_POISON will take precedence over init_on_alloc/init_on_free
[    0.044396] Unknown kernel command line parameters "BOOT_IMAGE=/boot/vmlinuz-linux pti=on mem_encrypt=on", will be passed to user space.
[    0.046216] Dentry cache hash table entries: 2097152 (order: 12, 16777216 bytes, linear)
[    0.047132] Inode-cache hash table entries: 1048576 (order: 11, 8388608 bytes, linear)
[    0.047189] mem auto-init: CONFIG_PAGE_POISONING is on, will take precedence over init_on_alloc and init_on_free
[    0.047425] mem auto-init: stack:byref_all(zero), heap alloc:off, heap free:off
[    1.658819] Memory: 15558092K/16119096K available (14344K kernel code, 2071K rwdata, 10792K rodata, 1860K init, 3844K bss, 560744K reserved, 0K cma-reserved)
[    1.658825] **********************************************************
[    1.658825] **   NOTICE NOTICE NOTICE NOTICE NOTICE NOTICE NOTICE   **
[    1.658826] **                                                      **
[    1.658826] ** This system shows unhashed kernel memory addresses   **
[    1.658827] ** via the console, logs, and other interfaces. This    **
[    1.658827] ** might reduce the security of your system.            **
[    1.658827] **                                                      **
[    1.658828] ** If you see this message and you are not debugging    **
[    1.658828] ** the kernel, report this immediately to your system   **
[    1.658828] ** administrator!                                       **
[    1.658829] **                                                      **
[    1.658829] **   NOTICE NOTICE NOTICE NOTICE NOTICE NOTICE NOTICE   **
[    1.658829] **********************************************************
[    1.658832] random: get_random_u64 called from __kmem_cache_create+0x2a/0x540 with crng_init=0
[    1.658989] SLUB: HWalign=64, Order=0-3, MinObjects=0, CPUs=16, Nodes=1
[    1.659004] Kernel/User page tables isolation: enabled
[    1.659026] ftrace: allocating 44294 entries in 174 pages
[    1.670602] ftrace: allocated 174 pages with 5 groups
[    1.670751] rcu: Preemptible hierarchical RCU implementation.
[    1.670751] rcu: 	RCU dyntick-idle grace-period acceleration is enabled.
[    1.670752] rcu: 	RCU restricting CPUs from NR_CPUS=320 to nr_cpu_ids=16.
[    1.670752] rcu: 	RCU priority boosting: priority 1 delay 500 ms.
[    1.670753] 	Trampoline variant of Tasks RCU enabled.
[    1.670754] 	Rude variant of Tasks RCU enabled.
[    1.670754] 	Tracing variant of Tasks RCU enabled.
[    1.670755] rcu: RCU calculated value of scheduler-enlistment delay is 30 jiffies.
[    1.670756] rcu: Adjusting geometry for rcu_fanout_leaf=16, nr_cpu_ids=16
[    1.674177] NR_IRQS: 20736, nr_irqs: 1096, preallocated irqs: 16
[    1.674435] kfence: initialized - using 2097152 bytes for 255 objects at 0xffff9b63bda00000-0xffff9b63bdc00000
[    1.674602] Console: colour dummy device 80x25
[    1.674615] printk: console [tty0] enabled
[    1.674635] ACPI: Core revision 20210730
[    1.674856] clocksource: hpet: mask: 0xffffffff max_cycles: 0xffffffff, max_idle_ns: 133484873504 ns
[    1.674874] APIC: Switch to symmetric I/O mode setup
[    1.675734] AMD-Vi: ivrs, add hid:AMDI0020, uid:\_SB.FUR0, rdevid:160
[    1.675736] AMD-Vi: ivrs, add hid:AMDI0020, uid:\_SB.FUR1, rdevid:160
[    1.675737] AMD-Vi: ivrs, add hid:AMDI0020, uid:\_SB.FUR2, rdevid:160
[    1.675738] AMD-Vi: ivrs, add hid:AMDI0020, uid:\_SB.FUR3, rdevid:160
[    1.676043] Switched APIC routing to physical flat.
[    1.676798] ..TIMER: vector=0x30 apic1=0 pin1=2 apic2=-1 pin2=-1
[    1.691548] clocksource: tsc-early: mask: 0xffffffffffffffff max_cycles: 0x222b4500bbc, max_idle_ns: 440795205908 ns
[    1.691555] Calibrating delay loop (skipped), value calculated using timer frequency.. 4742.49 BogoMIPS (lpj=7901586)
[    1.691557] pid_max: default: 32768 minimum: 301
[    1.714933] LSM: Security Framework initializing
[    1.714950] landlock: Up and running.
[    1.714951] Yama: becoming mindful.
[    1.714983] AppArmor: AppArmor initialized
[    1.714986] LSM support for eBPF active
[    1.715032] Mount-cache hash table entries: 32768 (order: 6, 262144 bytes, linear)
[    1.715068] Mountpoint-cache hash table entries: 32768 (order: 6, 262144 bytes, linear)
[    1.718434] x86/cpu: User Mode Instruction Prevention (UMIP) activated
[    1.718471] LVT offset 1 assigned for vector 0xf9
[    1.718530] LVT offset 2 assigned for vector 0xf4
[    1.718548] Last level iTLB entries: 4KB 1024, 2MB 1024, 4MB 512
[    1.718548] Last level dTLB entries: 4KB 2048, 2MB 2048, 4MB 1024, 1GB 0
[    1.718552] Spectre V1 : Mitigation: usercopy/swapgs barriers and __user pointer sanitization
[    1.718554] Spectre V2 : Mitigation: Full AMD retpoline
[    1.718555] Spectre V2 : Spectre v2 / SpectreRSB mitigation: Filling RSB on context switch
[    1.718555] Spectre V2 : Enabling Restricted Speculation for firmware calls
[    1.718557] Spectre V2 : mitigation: Enabling conditional Indirect Branch Prediction Barrier
[    1.718559] Speculative Store Bypass: Mitigation: Speculative Store Bypass disabled via prctl and seccomp
[    1.720715] Freeing SMP alternatives memory: 36K
[    1.830740] smpboot: CPU0: AMD Ryzen 5 4500U with Radeon Graphics (family: 0x17, model: 0x60, stepping: 0x1)
[    1.830900] Performance Events: Fam17h+ core perfctr, AMD PMU driver.
[    1.830906] ... version:                0
[    1.830907] ... bit width:              48
[    1.830908] ... generic registers:      6
[    1.830908] ... value mask:             0000ffffffffffff
[    1.830909] ... max period:             00007fffffffffff
[    1.830909] ... fixed-purpose events:   0
[    1.830910] ... event mask:             000000000000003f
[    1.830977] rcu: Hierarchical SRCU implementation.
[    1.831473] NMI watchdog: Enabled. Permanently consumes one hw-PMU counter.
[    1.831552] smp: Bringing up secondary CPUs ...
[    1.831552] x86: Booting SMP configuration:
[    1.831552] .... node  #0, CPUs:        #1  #2  #3
[    1.833963] TSC synchronization [CPU#0 -> CPU#3]:
[    1.833964] Measured 3729 cycles TSC warp between CPUs, turning off TSC clock.
[    1.833966] tsc: Marking TSC unstable due to check_tsc_sync_source failed
[    1.835016]   #4  #5
[    1.835270] smp: Brought up 1 node, 6 CPUs
[    1.835270] smpboot: Max logical packages: 3
[    1.835270] smpboot: Total of 6 processors activated (28457.94 BogoMIPS)
[    1.839072] devtmpfs: initialized
[    1.839072] x86/mm: Memory block size: 128MB
[    1.839429] ACPI: PM: Registering ACPI NVS region [mem 0x09f00000-0x09f0ffff] (65536 bytes)
[    1.839429] ACPI: PM: Registering ACPI NVS region [mem 0xccf7f000-0xcdf7efff] (16777216 bytes)
[    1.841608] clocksource: jiffies: mask: 0xffffffff max_cycles: 0xffffffff, max_idle_ns: 6370867519511994 ns
[    1.841638] futex hash table entries: 4096 (order: 6, 262144 bytes, linear)
[    1.841705] pinctrl core: initialized pinctrl subsystem
[    1.841821] PM: RTC time: 00:09:00, date: 2019-01-01
[    1.842014] NET: Registered PF_NETLINK/PF_ROUTE protocol family
[    1.842383] DMA: preallocated 2048 KiB GFP_KERNEL pool for atomic allocations
[    1.842635] DMA: preallocated 2048 KiB GFP_KERNEL|GFP_DMA pool for atomic allocations
[    1.842854] DMA: preallocated 2048 KiB GFP_KERNEL|GFP_DMA32 pool for atomic allocations
[    1.843005] thermal_sys: Registered thermal governor 'fair_share'
[    1.843006] thermal_sys: Registered thermal governor 'bang_bang'
[    1.843007] thermal_sys: Registered thermal governor 'step_wise'
[    1.843007] thermal_sys: Registered thermal governor 'user_space'
[    1.843008] thermal_sys: Registered thermal governor 'power_allocator'
[    1.843027] cpuidle: using governor ladder
[    1.843029] cpuidle: using governor menu
[    1.843056] Simple Boot Flag at 0x44 set to 0x1
[    1.843056] HugeTLB: can free 4094 vmemmap pages for hugepages-1048576kB
[    1.843056] ACPI: bus type PCI registered
[    1.843056] acpiphp: ACPI Hot Plug PCI Controller Driver version: 0.5
[    1.843056] PCI: MMCONFIG for domain 0000 [bus 00-3f] at [mem 0xf8000000-0xfbffffff] (base 0xf8000000)
[    1.843056] PCI: MMCONFIG at [mem 0xf8000000-0xfbffffff] reserved in E820
[    1.843056] PCI: Using configuration type 1 for base access
[    1.845148] Kprobes globally optimized
[    1.845243] HugeTLB: can free 6 vmemmap pages for hugepages-2048kB
[    1.845243] HugeTLB registered 1.00 GiB page size, pre-allocated 0 pages
[    1.845243] HugeTLB registered 2.00 MiB page size, pre-allocated 0 pages
[    1.848338] ACPI: Added _OSI(Module Device)
[    1.848340] ACPI: Added _OSI(Processor Device)
[    1.848340] ACPI: Added _OSI(3.0 _SCP Extensions)
[    1.848341] ACPI: Added _OSI(Processor Aggregator Device)
[    1.848342] ACPI: Added _OSI(Linux-Dell-Video)
[    1.848343] ACPI: Added _OSI(Linux-Lenovo-NV-HDMI-Audio)
[    1.848344] ACPI: Added _OSI(Linux-HPI-Hybrid-Graphics)
[    1.867099] ACPI: 18 ACPI AML tables successfully acquired and loaded
[    1.868763] ACPI: [Firmware Bug]: BIOS _OSI(Linux) query ignored
[    1.871970] ACPI: EC: EC started
[    1.871971] ACPI: EC: interrupt blocked
[    1.874091] ACPI: EC: EC_CMD/EC_SC=0x66, EC_DATA=0x62
[    1.874093] ACPI: \_SB_.PCI0.LPC0.EC0_: Boot DSDT EC used to handle transactions
[    1.874094] ACPI: Interpreter enabled
[    1.874110] ACPI: PM: (supports S0 S4 S5)
[    1.874110] ACPI: Using IOAPIC for interrupt routing
[    1.874329] PCI: Using host bridge windows from ACPI; if necessary, use "pci=nocrs" and report a bug
[    1.877561] ACPI: PM: Power Resource [P0U0]
[    1.877594] ACPI: PM: Power Resource [P3U0]
[    1.878383] ACPI: PM: Power Resource [P0U1]
[    1.878416] ACPI: PM: Power Resource [P3U1]
[    1.879184] ACPI: PM: Power Resource [P0S0]
[    1.879213] ACPI: PM: Power Resource [P3S0]
[    1.879380] ACPI: PM: Power Resource [P0S1]
[    1.879408] ACPI: PM: Power Resource [P3S1]
[    1.885479] ACPI: PCI Root Bridge [PCI0] (domain 0000 [bus 00-ff])
[    1.885485] acpi PNP0A08:00: _OSC: OS supports [ExtendedConfig ASPM ClockPM Segments MSI EDR HPX-Type3]
[    1.885725] acpi PNP0A08:00: _OSC: platform does not support [SHPCHotplug LTR DPC]
[    1.885954] acpi PNP0A08:00: _OSC: OS now controls [PCIeHotplug PME AER PCIeCapability]
[    1.885965] acpi PNP0A08:00: [Firmware Info]: MMCONFIG for domain 0000 [bus 00-3f] only partially covers this bridge
[    1.886323] PCI host bridge to bus 0000:00
[    1.886324] pci_bus 0000:00: root bus resource [io  0x0000-0x0cf7 window]
[    1.886326] pci_bus 0000:00: root bus resource [io  0x0d00-0xffff window]
[    1.886327] pci_bus 0000:00: root bus resource [mem 0x000a0000-0x000bffff window]
[    1.886328] pci_bus 0000:00: root bus resource [mem 0x000c0000-0x000c3fff window]
[    1.886329] pci_bus 0000:00: root bus resource [mem 0x000c4000-0x000c7fff window]
[    1.886331] pci_bus 0000:00: root bus resource [mem 0x000c8000-0x000cbfff window]
[    1.886332] pci_bus 0000:00: root bus resource [mem 0x000cc000-0x000cffff window]
[    1.886333] pci_bus 0000:00: root bus resource [mem 0x000d0000-0x000d3fff window]
[    1.886334] pci_bus 0000:00: root bus resource [mem 0x000d4000-0x000d7fff window]
[    1.886335] pci_bus 0000:00: root bus resource [mem 0x000d8000-0x000dbfff window]
[    1.886336] pci_bus 0000:00: root bus resource [mem 0x000dc000-0x000dffff window]
[    1.886337] pci_bus 0000:00: root bus resource [mem 0x000e0000-0x000e3fff window]
[    1.886338] pci_bus 0000:00: root bus resource [mem 0x000e4000-0x000e7fff window]
[    1.886339] pci_bus 0000:00: root bus resource [mem 0x000e8000-0x000ebfff window]
[    1.886340] pci_bus 0000:00: root bus resource [mem 0x000ec000-0x000effff window]
[    1.886341] pci_bus 0000:00: root bus resource [mem 0xd0000000-0xf7ffffff window]
[    1.886342] pci_bus 0000:00: root bus resource [mem 0xfc000000-0xfed3ffff window]
[    1.886343] pci_bus 0000:00: root bus resource [mem 0x450200000-0xfcffffffff window]
[    1.886344] pci_bus 0000:00: root bus resource [bus 00-ff]
[    1.886380] pci 0000:00:00.0: [1022:1630] type 00 class 0x060000
[    1.886494] pci 0000:00:00.2: [1022:1631] type 00 class 0x080600
[    1.886616] pci 0000:00:01.0: [1022:1632] type 00 class 0x060000
[    1.886717] pci 0000:00:02.0: [1022:1632] type 00 class 0x060000
[    1.886821] pci 0000:00:08.0: [1022:1632] type 00 class 0x060000
[    1.886941] pci 0000:00:08.1: [1022:1635] type 01 class 0x060400
[    1.886960] pci 0000:00:08.1: enabling Extended Tags
[    1.886990] pci 0000:00:08.1: PME# supported from D0 D3hot D3cold
[    1.887139] pci 0000:00:08.2: [1022:1635] type 01 class 0x060400
[    1.887159] pci 0000:00:08.2: enabling Extended Tags
[    1.887187] pci 0000:00:08.2: PME# supported from D0 D3hot D3cold
[    1.887332] pci 0000:00:14.0: [1022:790b] type 00 class 0x0c0500
[    1.887502] pci 0000:00:14.3: [1022:790e] type 00 class 0x060100
[    1.887656] pci 0000:00:18.0: [1022:1448] type 00 class 0x060000
[    1.887734] pci 0000:00:18.1: [1022:1449] type 00 class 0x060000
[    1.887807] pci 0000:00:18.2: [1022:144a] type 00 class 0x060000
[    1.887879] pci 0000:00:18.3: [1022:144b] type 00 class 0x060000
[    1.887954] pci 0000:00:18.4: [1022:144c] type 00 class 0x060000
[    1.888032] pci 0000:00:18.5: [1022:144d] type 00 class 0x060000
[    1.888104] pci 0000:00:18.6: [1022:144e] type 00 class 0x060000
[    1.888177] pci 0000:00:18.7: [1022:144f] type 00 class 0x060000
[    1.888357] pci 0000:01:00.0: [1002:1636] type 00 class 0x030000
[    1.888367] pci 0000:01:00.0: reg 0x10: [mem 0xfce0000000-0xfcefffffff 64bit pref]
[    1.888375] pci 0000:01:00.0: reg 0x18: [mem 0xfcf0000000-0xfcf01fffff 64bit pref]
[    1.888380] pci 0000:01:00.0: reg 0x20: [io  0x1000-0x10ff]
[    1.888385] pci 0000:01:00.0: reg 0x24: [mem 0xd0400000-0xd047ffff]
[    1.888392] pci 0000:01:00.0: enabling Extended Tags
[    1.888404] pci 0000:01:00.0: BAR 0: assigned to efifb
[    1.888440] pci 0000:01:00.0: PME# supported from D1 D2 D3hot D3cold
[    1.888568] pci 0000:01:00.1: [1002:1637] type 00 class 0x040300
[    1.888575] pci 0000:01:00.1: reg 0x10: [mem 0xd04c8000-0xd04cbfff]
[    1.888595] pci 0000:01:00.1: enabling Extended Tags
[    1.888622] pci 0000:01:00.1: PME# supported from D1 D2 D3hot D3cold
[    1.888718] pci 0000:01:00.2: [1022:15df] type 00 class 0x108000
[    1.888730] pci 0000:01:00.2: reg 0x18: [mem 0xd0300000-0xd03fffff]
[    1.888739] pci 0000:01:00.2: reg 0x24: [mem 0xd04cc000-0xd04cdfff]
[    1.888745] pci 0000:01:00.2: enabling Extended Tags
[    1.888864] pci 0000:01:00.3: [1022:1639] type 00 class 0x0c0330
[    1.888874] pci 0000:01:00.3: reg 0x10: [mem 0xd0100000-0xd01fffff 64bit]
[    1.888896] pci 0000:01:00.3: enabling Extended Tags
[    1.888926] pci 0000:01:00.3: PME# supported from D0 D3hot D3cold
[    1.889027] pci 0000:01:00.4: [1022:1639] type 00 class 0x0c0330
[    1.889037] pci 0000:01:00.4: reg 0x10: [mem 0xd0200000-0xd02fffff 64bit]
[    1.889059] pci 0000:01:00.4: enabling Extended Tags
[    1.889088] pci 0000:01:00.4: PME# supported from D0 D3hot D3cold
[    1.889190] pci 0000:01:00.5: [1022:15e2] type 00 class 0x048000
[    1.889197] pci 0000:01:00.5: reg 0x10: [mem 0xd0480000-0xd04bffff]
[    1.889217] pci 0000:01:00.5: enabling Extended Tags
[    1.889244] pci 0000:01:00.5: PME# supported from D0 D3hot D3cold
[    1.889337] pci 0000:01:00.6: [1022:15e3] type 00 class 0x040300
[    1.889344] pci 0000:01:00.6: reg 0x10: [mem 0xd04c0000-0xd04c7fff]
[    1.889363] pci 0000:01:00.6: enabling Extended Tags
[    1.889390] pci 0000:01:00.6: PME# supported from D0 D3hot D3cold
[    1.889480] pci 0000:00:08.1: PCI bridge to [bus 01]
[    1.889483] pci 0000:00:08.1:   bridge window [io  0x1000-0x1fff]
[    1.889484] pci 0000:00:08.1:   bridge window [mem 0xd0100000-0xd04fffff]
[    1.889487] pci 0000:00:08.1:   bridge window [mem 0xfce0000000-0xfcf01fffff 64bit pref]
[    1.889539] pci 0000:02:00.0: [1022:7901] type 00 class 0x010601
[    1.889565] pci 0000:02:00.0: reg 0x24: [mem 0xd0001000-0xd00017ff]
[    1.889572] pci 0000:02:00.0: enabling Extended Tags
[    1.889692] pci 0000:02:00.1: [1022:7901] type 00 class 0x010601
[    1.889718] pci 0000:02:00.1: reg 0x24: [mem 0xd0000000-0xd00007ff]
[    1.889726] pci 0000:02:00.1: enabling Extended Tags
[    1.889829] pci 0000:00:08.2: PCI bridge to [bus 02]
[    1.889832] pci 0000:00:08.2:   bridge window [mem 0xd0000000-0xd00fffff]
[    1.891719] ACPI: PCI: Interrupt link LNKA configured for IRQ 0
[    1.891721] ACPI: PCI: Interrupt link LNKA disabled
[    1.891815] ACPI: PCI: Interrupt link LNKB configured for IRQ 0
[    1.891816] ACPI: PCI: Interrupt link LNKB disabled
[    1.891891] ACPI: PCI: Interrupt link LNKC configured for IRQ 0
[    1.891892] ACPI: PCI: Interrupt link LNKC disabled
[    1.891985] ACPI: PCI: Interrupt link LNKD configured for IRQ 0
[    1.891986] ACPI: PCI: Interrupt link LNKD disabled
[    1.892073] ACPI: PCI: Interrupt link LNKE configured for IRQ 0
[    1.892074] ACPI: PCI: Interrupt link LNKE disabled
[    1.892143] ACPI: PCI: Interrupt link LNKF configured for IRQ 0
[    1.892144] ACPI: PCI: Interrupt link LNKF disabled
[    1.892213] ACPI: PCI: Interrupt link LNKG configured for IRQ 0
[    1.892214] ACPI: PCI: Interrupt link LNKG disabled
[    1.892283] ACPI: PCI: Interrupt link LNKH configured for IRQ 0
[    1.892284] ACPI: PCI: Interrupt link LNKH disabled
[    1.894365] ACPI: EC: interrupt unblocked
[    1.894366] ACPI: EC: event unblocked
[    1.894371] ACPI: EC: EC_CMD/EC_SC=0x66, EC_DATA=0x62
[    1.894371] ACPI: EC: GPE=0x3
[    1.894372] ACPI: \_SB_.PCI0.LPC0.EC0_: Boot DSDT EC initialization complete
[    1.894374] ACPI: \_SB_.PCI0.LPC0.EC0_: EC: Used to handle transactions and events
[    1.894402] iommu: Default domain type: Translated 
[    1.894402] iommu: DMA domain TLB invalidation policy: lazy mode 
[    1.894402] pci 0000:01:00.0: vgaarb: VGA device added: decodes=io+mem,owns=none,locks=none
[    1.894402] pci 0000:01:00.0: vgaarb: bridge control possible
[    1.894402] pci 0000:01:00.0: vgaarb: setting as boot device
[    1.894402] vgaarb: loaded
[    1.894402] SCSI subsystem initialized
[    1.894893] libata version 3.00 loaded.
[    1.894899] ACPI: bus type USB registered
[    1.894913] usbcore: registered new interface driver usbfs
[    1.894918] usbcore: registered new interface driver hub
[    1.894924] usbcore: registered new device driver usb
[    1.896524] pps_core: LinuxPPS API ver. 1 registered
[    1.896526] pps_core: Software ver. 5.3.6 - Copyright 2005-2007 Rodolfo Giometti <giometti@linux.it>
[    1.896528] PTP clock support registered
[    1.896538] EDAC MC: Ver: 3.0.0
[    1.896582] Registered efivars operations
[    1.898367] NetLabel: Initializing
[    1.898368] NetLabel:  domain hash size = 128
[    1.898369] NetLabel:  protocols = UNLABELED CIPSOv4 CALIPSO
[    1.898382] NetLabel:  unlabeled traffic allowed by default
[    1.898385] PCI: Using ACPI for IRQ routing
[    1.900448] PCI: pci_cache_line_size set to 64 bytes
[    1.900481] e820: reserve RAM buffer [mem 0x0009f000-0x0009ffff]
[    1.900482] e820: reserve RAM buffer [mem 0x09b00000-0x0bffffff]
[    1.900483] e820: reserve RAM buffer [mem 0x09f00000-0x0bffffff]
[    1.900484] e820: reserve RAM buffer [mem 0xb3636000-0xb3ffffff]
[    1.900485] e820: reserve RAM buffer [mem 0xbab69000-0xbbffffff]
[    1.900486] e820: reserve RAM buffer [mem 0xc9f7f000-0xcbffffff]
[    1.900487] e820: reserve RAM buffer [mem 0xce000000-0xcfffffff]
[    1.900487] e820: reserve RAM buffer [mem 0x40f340000-0x40fffffff]
[    1.900493] hpet0: at MMIO 0xfed00000, IRQs 2, 8, 0
[    1.900493] hpet0: 3 comparators, 32-bit 14.318180 MHz counter
[    1.902886] clocksource: Switched to clocksource hpet
[    1.911837] VFS: Disk quotas dquot_6.6.0
[    1.911856] VFS: Dquot-cache hash table entries: 512 (order 0, 4096 bytes)
[    1.912000] AppArmor: AppArmor Filesystem Enabled
[    1.912050] pnp: PnP ACPI init
[    1.912326] system 00:00: [mem 0xfec00000-0xfec01fff] could not be reserved
[    1.912330] system 00:00: [mem 0xfee00000-0xfee00fff] has been reserved
[    1.912332] system 00:00: [mem 0xfde00000-0xfdefffff] has been reserved
[    1.912579] system 00:03: [io  0x0400-0x04cf] has been reserved
[    1.912581] system 00:03: [io  0x04d0-0x04d1] has been reserved
[    1.912583] system 00:03: [io  0x04d6] has been reserved
[    1.912584] system 00:03: [io  0x0c00-0x0c01] has been reserved
[    1.912586] system 00:03: [io  0x0c14] has been reserved
[    1.912587] system 00:03: [io  0x0c50-0x0c52] has been reserved
[    1.912588] system 00:03: [io  0x0c6c] has been reserved
[    1.912589] system 00:03: [io  0x0c6f] has been reserved
[    1.912590] system 00:03: [io  0x0cd0-0x0cdb] has been reserved
[    1.912663] system 00:04: [mem 0x000e0000-0x000fffff] could not be reserved
[    1.912665] system 00:04: [mem 0xff000000-0xffffffff] could not be reserved
[    1.914345] pnp: PnP ACPI: found 5 devices
[    1.922806] clocksource: acpi_pm: mask: 0xffffff max_cycles: 0xffffff, max_idle_ns: 2085701024 ns
[    1.922964] NET: Registered PF_INET protocol family
[    1.923671] IP idents hash table entries: 262144 (order: 9, 2097152 bytes, linear)
[    1.925047] tcp_listen_portaddr_hash hash table entries: 8192 (order: 5, 131072 bytes, linear)
[    1.925180] TCP established hash table entries: 131072 (order: 8, 1048576 bytes, linear)
[    1.925577] TCP bind hash table entries: 65536 (order: 8, 1048576 bytes, linear)
[    1.925644] TCP: Hash tables configured (established 131072 bind 65536)
[    1.925808] MPTCP token hash table entries: 16384 (order: 6, 393216 bytes, linear)
[    1.925870] UDP hash table entries: 8192 (order: 6, 262144 bytes, linear)
[    1.925921] UDP-Lite hash table entries: 8192 (order: 6, 262144 bytes, linear)
[    1.926008] NET: Registered PF_UNIX/PF_LOCAL protocol family
[    1.926015] NET: Registered PF_XDP protocol family
[    1.926027] pci 0000:00:08.1: PCI bridge to [bus 01]
[    1.926032] pci 0000:00:08.1:   bridge window [io  0x1000-0x1fff]
[    1.926036] pci 0000:00:08.1:   bridge window [mem 0xd0100000-0xd04fffff]
[    1.926038] pci 0000:00:08.1:   bridge window [mem 0xfce0000000-0xfcf01fffff 64bit pref]
[    1.926042] pci 0000:00:08.2: PCI bridge to [bus 02]
[    1.926044] pci 0000:00:08.2:   bridge window [mem 0xd0000000-0xd00fffff]
[    1.926050] pci_bus 0000:00: resource 4 [io  0x0000-0x0cf7 window]
[    1.926051] pci_bus 0000:00: resource 5 [io  0x0d00-0xffff window]
[    1.926052] pci_bus 0000:00: resource 6 [mem 0x000a0000-0x000bffff window]
[    1.926053] pci_bus 0000:00: resource 7 [mem 0x000c0000-0x000c3fff window]
[    1.926054] pci_bus 0000:00: resource 8 [mem 0x000c4000-0x000c7fff window]
[    1.926055] pci_bus 0000:00: resource 9 [mem 0x000c8000-0x000cbfff window]
[    1.926056] pci_bus 0000:00: resource 10 [mem 0x000cc000-0x000cffff window]
[    1.926057] pci_bus 0000:00: resource 11 [mem 0x000d0000-0x000d3fff window]
[    1.926058] pci_bus 0000:00: resource 12 [mem 0x000d4000-0x000d7fff window]
[    1.926059] pci_bus 0000:00: resource 13 [mem 0x000d8000-0x000dbfff window]
[    1.926060] pci_bus 0000:00: resource 14 [mem 0x000dc000-0x000dffff window]
[    1.926061] pci_bus 0000:00: resource 15 [mem 0x000e0000-0x000e3fff window]
[    1.926062] pci_bus 0000:00: resource 16 [mem 0x000e4000-0x000e7fff window]
[    1.926062] pci_bus 0000:00: resource 17 [mem 0x000e8000-0x000ebfff window]
[    1.926063] pci_bus 0000:00: resource 18 [mem 0x000ec000-0x000effff window]
[    1.926064] pci_bus 0000:00: resource 19 [mem 0xd0000000-0xf7ffffff window]
[    1.926065] pci_bus 0000:00: resource 20 [mem 0xfc000000-0xfed3ffff window]
[    1.926066] pci_bus 0000:00: resource 21 [mem 0x450200000-0xfcffffffff window]
[    1.926067] pci_bus 0000:01: resource 0 [io  0x1000-0x1fff]
[    1.926068] pci_bus 0000:01: resource 1 [mem 0xd0100000-0xd04fffff]
[    1.926069] pci_bus 0000:01: resource 2 [mem 0xfce0000000-0xfcf01fffff 64bit pref]
[    1.926070] pci_bus 0000:02: resource 1 [mem 0xd0000000-0xd00fffff]
[    1.926226] pci 0000:01:00.1: D0 power state depends on 0000:01:00.0
[    1.926236] pci 0000:01:00.3: extending delay after power-on from D3hot to 20 msec
[    1.927609] pci 0000:01:00.4: extending delay after power-on from D3hot to 20 msec
[    1.938878] pci 0000:01:00.4: quirk_usb_early_handoff+0x0/0x750 took 11002 usecs
[    1.938892] PCI: CLS 64 bytes, default 64
[    1.938905] pci 0000:00:00.2: AMD-Vi: IOMMU performance counters supported
[    1.938961] Trying to unpack rootfs image as initramfs...
[    1.938965] pci 0000:00:00.2: can't derive routing for PCI INT A
[    1.938966] pci 0000:00:00.2: PCI INT A: not connected
[    1.938984] pci 0000:00:01.0: Adding to iommu group 0
[    1.939001] pci 0000:00:02.0: Adding to iommu group 1
[    1.939017] pci 0000:00:08.0: Adding to iommu group 2
[    1.939024] pci 0000:00:08.1: Adding to iommu group 2
[    1.939031] pci 0000:00:08.2: Adding to iommu group 2
[    1.939044] pci 0000:00:14.0: Adding to iommu group 3
[    1.939052] pci 0000:00:14.3: Adding to iommu group 3
[    1.939075] pci 0000:00:18.0: Adding to iommu group 4
[    1.939082] pci 0000:00:18.1: Adding to iommu group 4
[    1.939089] pci 0000:00:18.2: Adding to iommu group 4
[    1.939096] pci 0000:00:18.3: Adding to iommu group 4
[    1.939103] pci 0000:00:18.4: Adding to iommu group 4
[    1.939110] pci 0000:00:18.5: Adding to iommu group 4
[    1.939120] pci 0000:00:18.6: Adding to iommu group 4
[    1.939127] pci 0000:00:18.7: Adding to iommu group 4
[    1.939141] pci 0000:01:00.0: Adding to iommu group 2
[    1.939145] pci 0000:01:00.1: Adding to iommu group 2
[    1.939150] pci 0000:01:00.2: Adding to iommu group 2
[    1.939154] pci 0000:01:00.3: Adding to iommu group 2
[    1.939159] pci 0000:01:00.4: Adding to iommu group 2
[    1.939166] pci 0000:01:00.5: Adding to iommu group 2
[    1.939171] pci 0000:01:00.6: Adding to iommu group 2
[    1.939175] pci 0000:02:00.0: Adding to iommu group 2
[    1.939181] pci 0000:02:00.1: Adding to iommu group 2
[    1.940677] pci 0000:00:00.2: AMD-Vi: Found IOMMU cap 0x40
[    1.940682] AMD-Vi: Extended features (0x206d73ef22254ade): PPR X2APIC NX GT IA GA PC GA_vAPIC
[    1.940687] AMD-Vi: Interrupt remapping enabled
[    1.940687] AMD-Vi: Virtual APIC enabled
[    1.940687] AMD-Vi: X2APIC enabled
[    1.941031] software IO TLB: tearing down default memory pool
[    1.948990] LVT offset 0 assigned for vector 0x400
[    1.949211] perf: AMD IBS detected (0x000003ff)
[    1.949217] perf/amd_iommu: Detected AMD IOMMU #0 (2 banks, 4 counters/bank).
[    1.951439] Initialise system trusted keyrings
[    1.951453] Key type blacklist registered
[    1.951597] workingset: timestamp_bits=41 max_order=22 bucket_order=0
[    1.953101] zbud: loaded
[    1.956457] Key type asymmetric registered
[    1.956459] Asymmetric key parser 'x509' registered
[    1.956493] Block layer SCSI generic (bsg) driver version 0.4 loaded (major 242)
[    1.956615] io scheduler mq-deadline registered
[    1.956617] io scheduler kyber registered
[    1.956648] io scheduler bfq registered
[    1.957187] pcieport 0000:00:08.1: PME: Signaling with IRQ 26
[    1.957405] pcieport 0000:00:08.2: PME: Signaling with IRQ 27
[    1.957485] shpchp: Standard Hot Plug PCI Controller Driver version: 0.4
[    1.958643] ACPI: AC: AC Adapter [ACAD] (off-line)
[    1.958683] input: Power Button as /devices/LNXSYSTM:00/LNXSYBUS:00/PNP0C0C:00/input/input0
[    1.958701] ACPI: button: Power Button [PWRB]
[    1.958728] input: Lid Switch as /devices/LNXSYSTM:00/LNXSYBUS:00/PNP0A08:00/device:2a/PNP0C09:00/PNP0C0D:00/input/input1
[    1.958742] ACPI: button: Lid Switch [LID0]
[    1.958778] Monitor-Mwait will be used to enter C-1 state
[    1.958789] ACPI: \_SB_.PLTF.C000: Found 3 idle states
[    1.958794] ACPI: FW issue: working around C-state latencies out of order
[    1.958989] ACPI: \_SB_.PLTF.C001: Found 3 idle states
[    1.958996] ACPI: FW issue: working around C-state latencies out of order
[    1.959079] ACPI: \_SB_.PLTF.C002: Found 3 idle states
[    1.959084] ACPI: FW issue: working around C-state latencies out of order
[    1.959170] ACPI: \_SB_.PLTF.C003: Found 3 idle states
[    1.959175] ACPI: FW issue: working around C-state latencies out of order
[    1.959382] ACPI: \_SB_.PLTF.C004: Found 3 idle states
[    1.959387] ACPI: FW issue: working around C-state latencies out of order
[    1.959551] ACPI: \_SB_.PLTF.C005: Found 3 idle states
[    1.959556] ACPI: FW issue: working around C-state latencies out of order
[    1.961414] thermal LNXTHERM:00: registered as thermal_zone0
[    1.961420] ACPI: thermal: Thermal Zone [TZ0] (30 C)
[    1.961765] Serial: 8250/16550 driver, 32 ports, IRQ sharing enabled
[    1.964305] Non-volatile memory driver v1.3
[    1.964308] Linux agpgart interface v0.103
[    1.964369] AMD-Vi: AMD IOMMUv2 loaded and initialized
[    1.965429] ahci 0000:02:00.0: version 3.0
[    1.965615] ahci 0000:02:00.0: AHCI 0001.0301 32 slots 1 ports 6 Gbps 0x1 impl SATA mode
[    1.965618] ahci 0000:02:00.0: flags: 64bit ncq sntf ilck pm led clo only pmp fbs pio slum part 
[    1.965850] scsi host0: ahci
[    1.965917] ata1: SATA max UDMA/133 abar m2048@0xd0001000 port 0xd0001100 irq 29
[    1.966033] ahci 0000:02:00.1: AHCI 0001.0301 32 slots 1 ports 6 Gbps 0x1 impl SATA mode
[    1.966035] ahci 0000:02:00.1: flags: 64bit ncq sntf ilck pm led clo only pmp fbs pio slum part deso sadm sds 
[    1.966240] scsi host1: ahci
[    1.966280] ata2: SATA max UDMA/133 abar m2048@0xd0000000 port 0xd0000100 irq 31
[    1.966308] ehci_hcd: USB 2.0 'Enhanced' Host Controller (EHCI) Driver
[    1.966319] ehci-pci: EHCI PCI platform driver
[    1.966331] ohci_hcd: USB 1.1 'Open' Host Controller (OHCI) Driver
[    1.966333] ohci-pci: OHCI PCI platform driver
[    1.966338] uhci_hcd: USB Universal Host Controller Interface driver
[    1.966383] usbcore: registered new interface driver usbserial_generic
[    1.966388] usbserial: USB Serial support registered for generic
[    1.966493] rtc_cmos 00:01: RTC can wake from S4
[    1.966708] rtc_cmos 00:01: registered as rtc0
[    1.966743] rtc_cmos 00:01: setting system clock to 2019-01-01T00:09:00 UTC (1546301340)
[    1.966755] rtc_cmos 00:01: alarms up to one month, 114 bytes nvram, hpet irqs
[    1.966907] ledtrig-cpu: registered to indicate activity on CPUs
[    1.967112] efifb: probing for efifb
[    1.967120] efifb: framebuffer at 0xfce0000000, using 8128k, total 8128k
[    1.967121] efifb: mode is 1920x1080x32, linelength=7680, pages=1
[    1.967122] efifb: scrolling: redraw
[    1.967122] efifb: Truecolor: size=8:8:8:8, shift=24:16:8:0
[    1.967162] fbcon: Deferring console take-over
[    1.967163] fb0: EFI VGA frame buffer device
[    1.967186] hid: raw HID events driver (C) Jiri Kosina
[    1.967251] drop_monitor: Initializing network drop monitor service
[    1.967299] Initializing XFRM netlink socket
[    1.967399] NET: Registered PF_INET6 protocol family
[    1.981161] ACPI: battery: Slot [BATT] (battery present)
[    2.279162] ata1: SATA link down (SStatus 0 SControl 300)
[    2.325698] Freeing initrd memory: 10656K
[    2.333612] Segment Routing with IPv6
[    2.333615] RPL Segment Routing with IPv6
[    2.333633] In-situ OAM (IOAM) with IPv6
[    2.333657] NET: Registered PF_PACKET protocol family
[    2.334978] microcode: CPU0: patch_level=0x08600106
[    2.335005] microcode: CPU1: patch_level=0x08600106
[    2.335009] microcode: CPU2: patch_level=0x08600106
[    2.335033] microcode: CPU3: patch_level=0x08600106
[    2.335062] microcode: CPU4: patch_level=0x08600106
[    2.335094] microcode: CPU5: patch_level=0x08600106
[    2.335102] microcode: Microcode Update Driver: v2.2.
[    2.335535] resctrl: L3 allocation detected
[    2.335538] resctrl: MB allocation detected
[    2.335539] resctrl: L3 monitoring detected
[    2.335544] IPI shorthand broadcast: enabled
[    2.335871] registered taskstats version 1
[    2.336433] Loading compiled-in X.509 certificates
[    2.338991] Loaded X.509 cert 'Build time autogenerated kernel key: ffeacdc3b63e16caac9462699fabf7f282bd1360'
[    2.340018] zswap: loaded using pool lz4/z3fold
[    2.340769] Key type ._fscrypt registered
[    2.340771] Key type .fscrypt registered
[    2.340772] Key type fscrypt-provisioning registered
[    2.340826] AppArmor: AppArmor sha1 policy hashing enabled
[    2.341196] PM:   Magic number: 3:654:151
[    2.341426] RAS: Correctable Errors collector initialized.
[    2.435348] ata2: SATA link up 6.0 Gbps (SStatus 133 SControl 300)
[    2.438061] ata2.00: ATA-11: SAMSUNG MZNLH512HALU-00000, RVT2200Q, max UDMA/133
[    2.439185] ata2.00: 1000215216 sectors, multi 16: LBA48 NCQ (depth 32), AA
[    2.441361] ata2.00: Features: Dev-Sleep NCQ-sndrcv
[    2.445343] ata2.00: configured for UDMA/133
[    2.445554] ata2.00: failed to enable DEVSLP
[    2.445568] ata2.00: failed to enable DIPM, Emask 0x40
[    7.955146] ata2: SATA link up 6.0 Gbps (SStatus 133 SControl 300)
[    7.964087] ata2.00: configured for UDMA/133
[    7.964917] scsi 1:0:0:0: Direct-Access     ATA      SAMSUNG MZNLH512 200Q PQ: 0 ANSI: 5
[    7.965588] sd 1:0:0:0: [sda] 1000215216 512-byte logical blocks: (512 GB/477 GiB)
[    7.965609] sd 1:0:0:0: [sda] Write Protect is off
[    7.965613] sd 1:0:0:0: [sda] Mode Sense: 00 3a 00 00
[    7.965637] sd 1:0:0:0: [sda] Write cache: enabled, read cache: enabled, doesn't support DPO or FUA
[    7.996464]  sda: sda1 sda2 sda3
[    8.008664] sd 1:0:0:0: [sda] Attached SCSI disk
[    8.008829] Unstable clock detected, switching default tracing clock to "global"
               If you want to keep using the local clock, then add:
                 "trace_clock=local"
               on the kernel command line
[    8.012055] Freeing unused decrypted memory: 2036K
[    8.012656] Freeing unused kernel image (initmem) memory: 1860K
[    8.031810] Write protecting the kernel read-only data: 28672k
[    8.032859] Freeing unused kernel image (text/rodata gap) memory: 2036K
[    8.033677] Freeing unused kernel image (rodata/data gap) memory: 1496K
[    8.075728] x86/mm: Checked W+X mappings: passed, no W+X pages found.
[    8.075737] rodata_test: all tests were successful
[    8.075739] x86/mm: Checking user space page tables
[    8.115937] x86/mm: Checked W+X mappings: passed, no W+X pages found.
[    8.115970] Run /init as init process
[    8.115972]   with arguments:
[    8.115974]     /init
[    8.115975]   with environment:
[    8.115976]     HOME=/
[    8.115977]     TERM=linux
[    8.115977]     BOOT_IMAGE=/boot/vmlinuz-linux
[    8.115978]     pti=on
[    8.115979]     mem_encrypt=on
[    8.154174] fbcon: Taking over console
[    8.154305] Console: switching to colour frame buffer device 240x67
[    8.316504] xhci_hcd 0000:01:00.3: xHCI Host Controller
[    8.316518] xhci_hcd 0000:01:00.3: new USB bus registered, assigned bus number 1
[    8.316641] xhci_hcd 0000:01:00.3: hcc params 0x0268ffe5 hci version 0x110 quirks 0x0000020000000410
[    8.317158] usb usb1: New USB device found, idVendor=1d6b, idProduct=0002, bcdDevice= 5.15
[    8.317162] usb usb1: New USB device strings: Mfr=3, Product=2, SerialNumber=1
[    8.317164] usb usb1: Product: xHCI Host Controller
[    8.317165] usb usb1: Manufacturer: Linux 5.15.7-arch1-1 xhci-hcd
[    8.317167] usb usb1: SerialNumber: 0000:01:00.3
[    8.317349] hub 1-0:1.0: USB hub found
[    8.317362] hub 1-0:1.0: 4 ports detected
[    8.317845] xhci_hcd 0000:01:00.3: xHCI Host Controller
[    8.317849] xhci_hcd 0000:01:00.3: new USB bus registered, assigned bus number 2
[    8.317853] xhci_hcd 0000:01:00.3: Host supports USB 3.1 Enhanced SuperSpeed
[    8.317876] usb usb2: We don't know the algorithms for LPM for this host, disabling LPM.
[    8.317908] usb usb2: New USB device found, idVendor=1d6b, idProduct=0003, bcdDevice= 5.15
[    8.317910] usb usb2: New USB device strings: Mfr=3, Product=2, SerialNumber=1
[    8.317912] usb usb2: Product: xHCI Host Controller
[    8.317913] usb usb2: Manufacturer: Linux 5.15.7-arch1-1 xhci-hcd
[    8.317914] usb usb2: SerialNumber: 0000:01:00.3
[    8.318121] hub 2-0:1.0: USB hub found
[    8.318133] hub 2-0:1.0: 2 ports detected
[    8.318472] xhci_hcd 0000:01:00.4: xHCI Host Controller
[    8.318483] xhci_hcd 0000:01:00.4: new USB bus registered, assigned bus number 3
[    8.318610] xhci_hcd 0000:01:00.4: hcc params 0x0268ffe5 hci version 0x110 quirks 0x0000020000000410
[    8.319169] usb usb3: New USB device found, idVendor=1d6b, idProduct=0002, bcdDevice= 5.15
[    8.319173] usb usb3: New USB device strings: Mfr=3, Product=2, SerialNumber=1
[    8.319175] usb usb3: Product: xHCI Host Controller
[    8.319177] usb usb3: Manufacturer: Linux 5.15.7-arch1-1 xhci-hcd
[    8.319178] usb usb3: SerialNumber: 0000:01:00.4
[    8.319681] hub 3-0:1.0: USB hub found
[    8.319694] hub 3-0:1.0: 4 ports detected
[    8.319879] i8042: PNP: PS/2 Controller [PNP0303:KBC0] at 0x60,0x64 irq 1
[    8.319882] i8042: PNP: PS/2 appears to have AUX port disabled, if this is incorrect please boot with i8042.nopnp
[    8.320170] xhci_hcd 0000:01:00.4: xHCI Host Controller
[    8.320177] xhci_hcd 0000:01:00.4: new USB bus registered, assigned bus number 4
[    8.320181] xhci_hcd 0000:01:00.4: Host supports USB 3.1 Enhanced SuperSpeed
[    8.320201] usb usb4: We don't know the algorithms for LPM for this host, disabling LPM.
[    8.320230] usb usb4: New USB device found, idVendor=1d6b, idProduct=0003, bcdDevice= 5.15
[    8.320232] usb usb4: New USB device strings: Mfr=3, Product=2, SerialNumber=1
[    8.320234] usb usb4: Product: xHCI Host Controller
[    8.320235] usb usb4: Manufacturer: Linux 5.15.7-arch1-1 xhci-hcd
[    8.320236] usb usb4: SerialNumber: 0000:01:00.4
[    8.320355] hub 4-0:1.0: USB hub found
[    8.320364] hub 4-0:1.0: 2 ports detected
[    8.321526] serio: i8042 KBD port at 0x60,0x64 irq 1
[    8.324026] random: fast init done
[    8.369207] input: AT Translated Set 2 keyboard as /devices/platform/i8042/serio0/input/input2
[    8.389487] PM: Image not found (code -22)
[    8.553170] EXT4-fs (sda2): mounted filesystem with ordered data mode. Opts: (null). Quota mode: none.
[    8.636069] systemd[1]: System time before build time, advancing clock.
[    8.732532] systemd[1]: systemd 249.7-2-arch running in system mode (+PAM +AUDIT -SELINUX -APPARMOR -IMA +SMACK +SECCOMP +GCRYPT +GNUTLS +OPENSSL +ACL +BLKID +CURL +ELFUTILS +FIDO2 +IDN2 -IDN +IPTC +KMOD +LIBCRYPTSETUP +LIBFDISK +PCRE2 -PWQUALITY +P11KIT -QRENCODE +BZIP2 +LZ4 +XZ +ZLIB +ZSTD +XKBCOMMON +UTMP -SYSVINIT default-hierarchy=unified)
[    8.748746] systemd[1]: Detected architecture x86-64.
[    8.749546] systemd[1]: Hostname set to <mksredmibook14ii>.
[    8.822141] random: lvmconfig: uninitialized urandom read (4 bytes read)
[    8.916777] systemd[1]: Queued start job for default target Graphical Interface.
[    8.919056] systemd[1]: Created slice Slice /system/getty.
[    8.919570] systemd[1]: Created slice Slice /system/modprobe.
[    8.920059] systemd[1]: Created slice Slice /system/systemd-fsck.
[    8.920348] systemd[1]: Created slice User and Session Slice.
[    8.920476] systemd[1]: Started Dispatch Password Requests to Console Directory Watch.
[    8.920570] systemd[1]: Started Forward Password Requests to Wall Directory Watch.
[    8.920852] systemd[1]: Set up automount Arbitrary Executable File Formats File System Automount Point.
[    8.920941] systemd[1]: Reached target Local Encrypted Volumes.
[    8.920975] systemd[1]: Reached target Login Prompts.
[    8.921023] systemd[1]: Reached target Path Units.
[    8.921058] systemd[1]: Reached target Remote File Systems.
[    8.921089] systemd[1]: Reached target Slice Units.
[    8.921140] systemd[1]: Reached target Local Verity Protected Volumes.
[    8.921247] systemd[1]: Listening on Device-mapper event daemon FIFOs.
[    8.921663] systemd[1]: Listening on LVM2 poll daemon socket.
[    8.923271] systemd[1]: Listening on Process Core Dump Socket.
[    8.928378] systemd[1]: Condition check resulted in Journal Audit Socket being skipped.
[    8.929815] systemd[1]: Listening on Journal Socket (/dev/log).
[    8.930006] systemd[1]: Listening on Journal Socket.
[    8.930842] systemd[1]: Listening on udev Control Socket.
[    8.931001] systemd[1]: Listening on udev Kernel Socket.
[    8.932394] systemd[1]: Mounting Huge Pages File System...
[    8.933954] systemd[1]: Mounting POSIX Message Queue File System...
[    8.935162] systemd[1]: Mounting Kernel Debug File System...
[    8.936401] systemd[1]: Mounting Kernel Trace File System...
[    8.938654] systemd[1]: Starting Create List of Static Device Nodes...
[    8.940189] systemd[1]: Starting Monitoring of LVM2 mirrors, snapshots etc. using dmeventd or progress polling...
[    8.941358] systemd[1]: Starting Load Kernel Module configfs...
[    8.942655] systemd[1]: Starting Load Kernel Module drm...
[    8.944098] systemd[1]: Starting Load Kernel Module fuse...
[    8.944945] random: lvm: uninitialized urandom read (4 bytes read)
[    8.945499] systemd[1]: Condition check resulted in Set Up Additional Binary Formats being skipped.
[    8.945564] systemd[1]: Condition check resulted in File System Check on Root Device being skipped.
[    8.948135] systemd[1]: Starting Journal Service...
[    8.950171] systemd[1]: Starting Load Kernel Modules...
[    8.951410] systemd[1]: Starting Remount Root and Kernel File Systems...
[    8.951542] systemd[1]: Condition check resulted in Repartition Root Disk being skipped.
[    8.952979] systemd[1]: Starting Coldplug All udev Devices...
[    8.955203] systemd[1]: Mounted Huge Pages File System.
[    8.955374] systemd[1]: Mounted POSIX Message Queue File System.
[    8.955494] systemd[1]: Mounted Kernel Debug File System.
[    8.955626] systemd[1]: Mounted Kernel Trace File System.
[    8.956161] systemd[1]: Finished Create List of Static Device Nodes.
[    8.957669] fuse: init (API version 7.34)
[    8.958717] EXT4-fs (sda2): re-mounted. Opts: (null). Quota mode: none.
[    8.960197] systemd[1]: modprobe@configfs.service: Deactivated successfully.
[    8.960656] systemd[1]: Finished Load Kernel Module configfs.
[    8.961151] systemd[1]: modprobe@drm.service: Deactivated successfully.
[    8.961740] systemd[1]: Finished Load Kernel Module drm.
[    8.962339] systemd[1]: modprobe@fuse.service: Deactivated successfully.
[    8.962795] systemd[1]: Finished Load Kernel Module fuse.
[    8.963501] systemd[1]: Finished Load Kernel Modules.
[    8.964092] systemd[1]: Finished Remount Root and Kernel File Systems.
[    8.966027] systemd[1]: Mounting FUSE Control File System...
[    8.967310] systemd[1]: Mounting Kernel Configuration File System...
[    8.967442] systemd[1]: Condition check resulted in First Boot Wizard being skipped.
[    8.969075] systemd[1]: Condition check resulted in Rebuild Hardware Database being skipped.
[    8.970673] systemd[1]: Starting Load/Save Random Seed...
[    8.972702] systemd[1]: Starting Apply Kernel Variables...
[    8.972833] systemd[1]: Condition check resulted in Create System Users being skipped.
[    8.974077] systemd[1]: Starting Create Static Device Nodes in /dev...
[    8.975292] systemd[1]: Mounted FUSE Control File System.
[    8.975467] systemd[1]: Mounted Kernel Configuration File System.
[    8.985401] systemd[1]: Finished Monitoring of LVM2 mirrors, snapshots etc. using dmeventd or progress polling.
[    8.989195] systemd[1]: Finished Apply Kernel Variables.
[    9.018005] systemd[1]: Finished Create Static Device Nodes in /dev.
[    9.018240] systemd[1]: Reached target Preparation for Local File Systems.
[    9.018337] systemd[1]: Condition check resulted in Virtual Machine and Container Storage (Compatibility) being skipped.
[    9.021054] systemd[1]: Starting Rule-based Manager for Device Events and Files...
[    9.034670] systemd[1]: Started Journal Service.
[    9.044048] systemd-journald[240]: Received client request to flush runtime journal.
[    9.175803] acpi_cpufreq: overriding BIOS provided _PSD data
[    9.248701] acpi PNP0C14:01: duplicate WMI GUID 05901221-D566-11D1-B2F0-00A0C9062910 (first instance was on PNP0C14:00)
[    9.260541] ACPI: video: Video Device [VGA] (multi-head: yes  rom: no  post: no)
[    9.264280] acpi device:0e: registered as cooling_device6
[    9.264367] input: Video Bus as /devices/LNXSYSTM:00/LNXSYBUS:00/PNP0A08:00/device:0d/LNXVIDEO:00/input/input3
[    9.354714] ccp 0000:01:00.2: enabling device (0000 -> 0002)
[    9.355852] ccp 0000:01:00.2: ccp: unable to access the device: you might be running a broken BIOS.
[    9.356809] piix4_smbus 0000:00:14.0: SMBus Host Controller at 0xb00, revision 0
[    9.356815] piix4_smbus 0000:00:14.0: Using register 0x02 for SMBus port selection
[    9.362956] snd_rn_pci_acp3x 0000:01:00.5: enabling device (0000 -> 0002)
[    9.363811] piix4_smbus 0000:00:14.0: Auxiliary SMBus Host Controller at 0xb20
[    9.366036] ccp 0000:01:00.2: tee enabled
[    9.366042] ccp 0000:01:00.2: psp enabled
[    9.368652] sp5100_tco: SP5100/SB800 TCO WatchDog Timer Driver
[    9.368818] sp5100-tco sp5100-tco: Using 0xfeb00000 for watchdog MMIO address
[    9.368931] sp5100-tco sp5100-tco: initialized. heartbeat=60 sec (nowayout=0)
[    9.403382] input: GXT7863:00 27C6:01E0 Mouse as /devices/platform/AMDI0010:03/i2c-0/i2c-GXT7863:00/0018:27C6:01E0.0001/input/input4
[    9.403576] input: GXT7863:00 27C6:01E0 Touchpad as /devices/platform/AMDI0010:03/i2c-0/i2c-GXT7863:00/0018:27C6:01E0.0001/input/input5
[    9.403714] hid-generic 0018:27C6:01E0.0001: input,hidraw0: I2C HID v1.00 Mouse [GXT7863:00 27C6:01E0] on i2c-GXT7863:00
[    9.477599] Adding 17309968k swap on /dev/sda3.  Priority:-2 extents:1 across:17309968k SSFS
[    9.596292] snd_hda_intel 0000:01:00.1: enabling device (0000 -> 0002)
[    9.596441] snd_hda_intel 0000:01:00.1: Handle vga_switcheroo audio client
[    9.596649] snd_hda_intel 0000:01:00.6: enabling device (0000 -> 0002)
[    9.651771] input: HD-Audio Generic HDMI/DP,pcm=3 as /devices/pci0000:00/0000:00:08.1/0000:01:00.1/sound/card0/input7
[    9.651832] input: HD-Audio Generic HDMI/DP,pcm=7 as /devices/pci0000:00/0000:00:08.1/0000:01:00.1/sound/card0/input8
[    9.661185] random: dbus-daemon: uninitialized urandom read (12 bytes read)
[    9.712485] input: PC Speaker as /devices/platform/pcspkr/input/input9
[    9.717779] snd_hda_codec_realtek hdaudioC1D0: autoconfig for ALC256: line_outs=1 (0x14/0x0/0x0/0x0/0x0) type:speaker
[    9.717788] snd_hda_codec_realtek hdaudioC1D0:    speaker_outs=0 (0x0/0x0/0x0/0x0/0x0)
[    9.717791] snd_hda_codec_realtek hdaudioC1D0:    hp_outs=1 (0x21/0x0/0x0/0x0/0x0)
[    9.717794] snd_hda_codec_realtek hdaudioC1D0:    mono: mono_out=0x0
[    9.717796] snd_hda_codec_realtek hdaudioC1D0:    inputs:
[    9.717798] snd_hda_codec_realtek hdaudioC1D0:      Mic=0x19
[    9.729238] [drm] amdgpu kernel modesetting enabled.
[    9.747662] amdgpu: Virtual CRAT table created for CPU
[    9.747698] amdgpu: Topology: Add CPU node
[    9.747847] checking generic (fce0000000 7f0000) vs hw (fce0000000 10000000)
[    9.747849] fb0: switching to amdgpu from EFI VGA
[    9.748032] Console: switching to colour dummy device 80x25
[    9.748118] amdgpu 0000:01:00.0: vgaarb: deactivate vga console
[    9.748257] amdgpu 0000:01:00.0: enabling device (0006 -> 0007)
[    9.748398] [drm] initializing kernel modesetting (RENOIR 0x1002:0x1636 0x1D72:0x1951 0xC3).
[    9.748411] amdgpu 0000:01:00.0: amdgpu: Trusted Memory Zone (TMZ) feature enabled
[    9.749332] [drm] register mmio base: 0xD0400000
[    9.749336] [drm] register mmio size: 524288
[    9.749340] [drm] PCIE atomic ops is not supported
[    9.750843] [drm] add ip block number 0 <soc15_common>
[    9.750846] [drm] add ip block number 1 <gmc_v9_0>
[    9.750847] [drm] add ip block number 2 <vega10_ih>
[    9.750849] [drm] add ip block number 3 <psp>
[    9.750850] [drm] add ip block number 4 <smu>
[    9.750851] [drm] add ip block number 5 <gfx_v9_0>
[    9.750852] [drm] add ip block number 6 <sdma_v4_0>
[    9.750854] [drm] add ip block number 7 <dm>
[    9.750855] [drm] add ip block number 8 <vcn_v2_0>
[    9.750856] [drm] add ip block number 9 <jpeg_v2_0>
[    9.750882] amdgpu 0000:01:00.0: amdgpu: Fetched VBIOS from VFCT
[    9.750887] amdgpu: ATOM BIOS: 113-RENOIR-026
[    9.752259] [drm] VCN decode is enabled in VM mode
[    9.752261] [drm] VCN encode is enabled in VM mode
[    9.752262] [drm] JPEG decode is enabled in VM mode
[    9.752344] [drm] vm size is 262144 GB, 4 levels, block size is 9-bit, fragment size is 9-bit
[    9.752363] amdgpu 0000:01:00.0: amdgpu: VRAM: 512M 0x000000F400000000 - 0x000000F41FFFFFFF (512M used)
[    9.752366] amdgpu 0000:01:00.0: amdgpu: GART: 1024M 0x0000000000000000 - 0x000000003FFFFFFF
[    9.752369] amdgpu 0000:01:00.0: amdgpu: AGP: 267419648M 0x000000F800000000 - 0x0000FFFFFFFFFFFF
[    9.752377] [drm] Detected VRAM RAM=512M, BAR=512M
[    9.752378] [drm] RAM width 128bits DDR4
[    9.752454] [drm] amdgpu: 512M of VRAM memory ready
[    9.752455] [drm] amdgpu: 3072M of GTT memory ready.
[    9.752480] [drm] GART: num cpu pages 262144, num gpu pages 262144
[    9.752649] [drm] PCIE GART of 1024M enabled.
[    9.752650] [drm] PTB located at 0x000000F400900000
[    9.756005] amdgpu 0000:01:00.0: amdgpu: PSP runtime database doesn't exist
[    9.769481] [drm] Loading DMUB firmware via PSP: version=0x01010019
[    9.771589] [drm] Found VCN firmware Version ENC: 1.16 DEC: 5 VEP: 0 Revision: 3
[    9.771611] amdgpu 0000:01:00.0: amdgpu: Will use PSP to load VCN firmware
[    9.784365] input: HD-Audio Generic Mic as /devices/pci0000:00/0000:00:08.1/0000:01:00.6/sound/card1/input10
[    9.784442] input: HD-Audio Generic Headphone as /devices/pci0000:00/0000:00:08.1/0000:01:00.6/sound/card1/input11
[    9.845722] RAPL PMU: API unit is 2^-32 Joules, 1 fixed counters, 163840 ms ovfl timer
[    9.845729] RAPL PMU: hw unit of domain package 2^-16 Joules
[    9.871016] cryptd: max_cpu_qlen set to 1000
[    9.961076] AVX2 version of gcm_enc/dec engaged.
[    9.961144] AES CTR mode by8 optimization enabled
[   10.224425] input: GXT7863:00 27C6:01E0 Mouse as /devices/platform/AMDI0010:03/i2c-0/i2c-GXT7863:00/0018:27C6:01E0.0001/input/input12
[   10.224576] input: GXT7863:00 27C6:01E0 Touchpad as /devices/platform/AMDI0010:03/i2c-0/i2c-GXT7863:00/0018:27C6:01E0.0001/input/input13
[   10.224722] hid-multitouch 0018:27C6:01E0.0001: input,hidraw0: I2C HID v1.00 Mouse [GXT7863:00 27C6:01E0] on i2c-GXT7863:00
[   10.249847] mousedev: PS/2 mouse device common for all mice
[   10.358182] kvm: Nested Virtualization enabled
[   10.358189] SVM: kvm: Nested Paging enabled
[   10.358243] SVM: Virtual VMLOAD VMSAVE supported
[   10.358245] SVM: Virtual GIF supported
[   10.393406] MCE: In-kernel MCE decoding enabled.
[   10.520684] urandom_read: 1 callbacks suppressed
[   10.520689] random: NetworkManager: uninitialized urandom read (16 bytes read)
[   10.532151] intel_rapl_common: Found RAPL domain package
[   10.532157] intel_rapl_common: Found RAPL domain core
[   10.570215] [drm] reserve 0x400000 from 0xf41f800000 for PSP TMR
[   10.662612] amdgpu 0000:01:00.0: amdgpu: RAS: optional ras ta ucode is not available
[   10.672265] amdgpu 0000:01:00.0: amdgpu: RAP: optional rap ta ucode is not available
[   10.672274] amdgpu 0000:01:00.0: amdgpu: SECUREDISPLAY: securedisplay ta ucode is not available
[   10.673077] amdgpu 0000:01:00.0: amdgpu: SMU is initialized successfully!
[   10.674498] [drm] kiq ring mec 2 pipe 1 q 0
[   10.675547] [drm] Display Core initialized with v3.2.149!
[   10.676298] [drm] DMUB hardware initialized: version=0x01010019
[   10.698787] snd_hda_intel 0000:01:00.1: bound 0000:01:00.0 (ops amdgpu_dm_audio_component_bind_ops [amdgpu])
[   10.710605] random: nm-dispatcher: uninitialized urandom read (16 bytes read)
[   10.787751] [drm] VCN decode and encode initialized successfully(under DPG Mode).
[   10.787782] [drm] JPEG decode initialized successfully.
[   10.789990] kfd kfd: amdgpu: Allocated 3969056 bytes on gart
[   10.808266] random: crng init done
[   10.818004] memmap_init_zone_device initialised 131072 pages in 0ms
[   10.818023] amdgpu: HMM registered 512MB device memory
[   10.818086] amdgpu: SRAT table not found
[   10.818088] amdgpu: Virtual CRAT table created for GPU
[   10.818444] amdgpu: Topology: Add dGPU node [0x1636:0x1002]
[   10.818460] kfd kfd: amdgpu: added device 1002:1636
[   10.818515] amdgpu 0000:01:00.0: amdgpu: SE 1, SH per SE 2, CU per SH 18, active_cu_number 26
[   10.821611] [drm] fb mappable at 0x410CD1000
[   10.821618] [drm] vram apper at 0x410000000
[   10.821619] [drm] size 8294400
[   10.821620] [drm] fb depth is 24
[   10.821620] [drm]    pitch is 7680
[   10.822248] fbcon: amdgpu (fb0) is primary device
[   10.882883] Console: switching to colour frame buffer device 240x67
[   10.902513] amdgpu 0000:01:00.0: [drm] fb0: amdgpu frame buffer device
[   10.915012] amdgpu 0000:01:00.0: amdgpu: ring gfx uses VM inv eng 0 on hub 0
[   10.915020] amdgpu 0000:01:00.0: amdgpu: ring comp_1.0.0 uses VM inv eng 1 on hub 0
[   10.915023] amdgpu 0000:01:00.0: amdgpu: ring comp_1.1.0 uses VM inv eng 4 on hub 0
[   10.915024] amdgpu 0000:01:00.0: amdgpu: ring comp_1.2.0 uses VM inv eng 5 on hub 0
[   10.915026] amdgpu 0000:01:00.0: amdgpu: ring comp_1.3.0 uses VM inv eng 6 on hub 0
[   10.915027] amdgpu 0000:01:00.0: amdgpu: ring comp_1.0.1 uses VM inv eng 7 on hub 0
[   10.915028] amdgpu 0000:01:00.0: amdgpu: ring comp_1.1.1 uses VM inv eng 8 on hub 0
[   10.915030] amdgpu 0000:01:00.0: amdgpu: ring comp_1.2.1 uses VM inv eng 9 on hub 0
[   10.915031] amdgpu 0000:01:00.0: amdgpu: ring comp_1.3.1 uses VM inv eng 10 on hub 0
[   10.915033] amdgpu 0000:01:00.0: amdgpu: ring kiq_2.1.0 uses VM inv eng 11 on hub 0
[   10.915035] amdgpu 0000:01:00.0: amdgpu: ring sdma0 uses VM inv eng 0 on hub 1
[   10.915036] amdgpu 0000:01:00.0: amdgpu: ring vcn_dec uses VM inv eng 1 on hub 1
[   10.915038] amdgpu 0000:01:00.0: amdgpu: ring vcn_enc0 uses VM inv eng 4 on hub 1
[   10.915040] amdgpu 0000:01:00.0: amdgpu: ring vcn_enc1 uses VM inv eng 5 on hub 1
[   10.915042] amdgpu 0000:01:00.0: amdgpu: ring jpeg_dec uses VM inv eng 6 on hub 1
[   10.917354] [drm] Initialized amdgpu 3.42.0 20150101 for 0000:01:00.0 on minor 0
[   69.675164] ucsi_acpi USBC000:00: PPM init failed (-110)
[  233.908610] usb 2-2: new SuperSpeed USB device number 2 using xhci_hcd
[  233.927558] usb 2-2: New USB device found, idVendor=0e8d, idProduct=7612, bcdDevice= 1.00
[  233.927572] usb 2-2: New USB device strings: Mfr=2, Product=3, SerialNumber=4
[  233.927575] usb 2-2: Product: Wireless 
[  233.927578] usb 2-2: Manufacturer: MediaTek Inc.
[  233.927581] usb 2-2: SerialNumber: 000000000
[  233.927947] usb 2-2: Device is not authorized for usage
[  284.932972] atkbd serio0: Unknown key pressed (translated set 2, code 0xf6 on isa0060/serio0).
[  284.932987] atkbd serio0: Use 'setkeycodes e076 <keycode>' to make it known.
[  285.404884] atkbd serio0: Unknown key released (translated set 2, code 0xf6 on isa0060/serio0).
[  285.404900] atkbd serio0: Use 'setkeycodes e076 <keycode>' to make it known.
[  286.554025] atkbd serio0: Unknown key pressed (translated set 2, code 0xf6 on isa0060/serio0).
[  286.554040] atkbd serio0: Use 'setkeycodes e076 <keycode>' to make it known.
[  287.421069] atkbd serio0: Unknown key released (translated set 2, code 0xf6 on isa0060/serio0).
[  287.421084] atkbd serio0: Use 'setkeycodes e076 <keycode>' to make it known.
[  300.519785] usb 2-2: authorized to connect
[  300.618352] cfg80211: Loading compiled-in X.509 certificates for regulatory database
[  300.625043] cfg80211: Loaded X.509 cert 'sforshee: 00b28ddf47aef9cea7'
[  300.625179] platform regulatory.0: Direct firmware load for regulatory.db failed with error -2
[  300.625184] cfg80211: failed to load regulatory.db
[  300.882194] usb 2-2: reset SuperSpeed USB device number 2 using xhci_hcd
[  300.901848] mt76x2u 2-2:1.0: ASIC revision: 76120044
[  300.934613] mt76x2u 2-2:1.0: ROM patch build: 20141115060606a
[  301.113959] mt76x2u 2-2:1.0: Firmware Version: 0.0.00
[  301.113972] mt76x2u 2-2:1.0: Build: 1
[  301.113974] mt76x2u 2-2:1.0: Build Time: 201507311614____
[  301.846700] ieee80211 phy0: Selected rate control algorithm 'minstrel_ht'
[  301.848765] usbcore: registered new interface driver mt76x2u
[  301.866496] mt76x2u 2-2:1.0 wlp1s0f3u2: renamed from wlan0
[  327.081914] usb 2-2: USB disconnect, device number 2
[  327.098472] mt76x2u 2-2:1.0: mac specific condition occurred
[  683.338333] usb 2-2: new SuperSpeed USB device number 3 using xhci_hcd
[  683.356676] usb 2-2: New USB device found, idVendor=0e8d, idProduct=7612, bcdDevice= 1.00
[  683.356688] usb 2-2: New USB device strings: Mfr=2, Product=3, SerialNumber=4
[  683.356693] usb 2-2: Product: Wireless 
[  683.356696] usb 2-2: Manufacturer: MediaTek Inc.
[  683.356698] usb 2-2: SerialNumber: 000000000
[  683.357051] usb 2-2: Device is not authorized for usage
[  683.482166] usb 2-2: reset SuperSpeed USB device number 3 using xhci_hcd
[  683.502329] mt76x2u 2-2:1.0: ASIC revision: 76120044
[  683.532491] mt76x2u 2-2:1.0: ROM patch build: 20141115060606a
[  683.697532] mt76x2u 2-2:1.0: Firmware Version: 0.0.00
[  683.697543] mt76x2u 2-2:1.0: Build: 1
[  683.697546] mt76x2u 2-2:1.0: Build Time: 201507311614____
[  684.424936] ieee80211 phy1: Selected rate control algorithm 'minstrel_ht'
[  684.427185] usb 2-2: authorized to connect
[  684.448636] mt76x2u 2-2:1.0 wlp1s0f3u2: renamed from wlan0
[  707.965824] wlp1s0f3u2: authenticate with d4:72:26:6c:e6:67
[  708.390738] wlp1s0f3u2: send auth to d4:72:26:6c:e6:67 (try 1/3)
[  708.392381] wlp1s0f3u2: authenticated
[  708.394913] wlp1s0f3u2: associate with d4:72:26:6c:e6:67 (try 1/3)
[  708.398836] wlp1s0f3u2: RX AssocResp from d4:72:26:6c:e6:67 (capab=0x8431 status=0 aid=1)
[  708.401838] wlp1s0f3u2: associated
[  708.566726] IPv6: ADDRCONF(NETDEV_CHANGE): wlp1s0f3u2: link becomes ready
[  832.213146] wlp1s0f3u2: deauthenticating from d4:72:26:6c:e6:67 by local choice (Reason: 3=DEAUTH_LEAVING)
[  841.830121] usb 2-2: USB disconnect, device number 3
[  862.845082] usb 3-1: new high-speed USB device number 2 using xhci_hcd
[  862.987587] usb 3-1: New USB device found, idVendor=1a40, idProduct=0801, bcdDevice= 1.00
[  862.987600] usb 3-1: New USB device strings: Mfr=0, Product=1, SerialNumber=0
[  862.987603] usb 3-1: Product: USB 2.0 Hub
[  862.987990] usb 3-1: Device is not authorized for usage
[  863.048199] hub 3-1:1.0: USB hub found
[  863.048631] hub 3-1:1.0: 4 ports detected
[  863.050786] usb 3-1: authorized to connect
[  863.108643] usb 4-1: new SuperSpeed USB device number 2 using xhci_hcd
[  863.132629] usb 4-1: New USB device found, idVendor=05e3, idProduct=0626, bcdDevice= 6.63
[  863.132642] usb 4-1: New USB device strings: Mfr=1, Product=2, SerialNumber=0
[  863.132646] usb 4-1: Product: USB3.1 Hub
[  863.132649] usb 4-1: Manufacturer: GenesysLogic
[  863.132984] usb 4-1: Device is not authorized for usage
[  863.160898] hub 4-1:1.0: USB hub found
[  863.161764] hub 4-1:1.0: 4 ports detected
[  863.163260] usb 4-1: authorized to connect
[  863.331777] usb 3-1.2: new high-speed USB device number 3 using xhci_hcd
[  863.427352] usb 3-1.2: New USB device found, idVendor=05e3, idProduct=0610, bcdDevice= 6.63
[  863.427365] usb 3-1.2: New USB device strings: Mfr=1, Product=2, SerialNumber=0
[  863.427369] usb 3-1.2: Product: USB2.1 Hub
[  863.427372] usb 3-1.2: Manufacturer: GenesysLogic
[  863.427732] usb 3-1.2: Device is not authorized for usage
[  863.463580] hub 3-1.2:1.0: USB hub found
[  863.464096] hub 3-1.2:1.0: 4 ports detected
[  863.466966] usb 3-1.2: authorized to connect
[  863.498658] usb 4-1.1: new SuperSpeed USB device number 3 using xhci_hcd
[  863.519795] usb 4-1.1: New USB device found, idVendor=8564, idProduct=4000, bcdDevice= 0.04
[  863.519806] usb 4-1.1: New USB device strings: Mfr=3, Product=4, SerialNumber=2
[  863.519810] usb 4-1.1: Product: Transcend
[  863.519813] usb 4-1.1: Manufacturer: TS-RDF5A
[  863.519815] usb 4-1.1: SerialNumber: 000000000004
[  863.520089] usb 4-1.1: Device is not authorized for usage
[  863.521443] usb 4-1.1: authorized to connect
[  863.539466] usb-storage 4-1.1:1.0: USB Mass Storage device detected
[  863.539854] scsi host2: usb-storage 4-1.1:1.0
[  863.539971] usbcore: registered new interface driver usb-storage
[  863.545867] usbcore: registered new interface driver uas
[  863.595217] usb 4-1.2: new SuperSpeed USB device number 4 using xhci_hcd
[  863.613893] usb 4-1.2: New USB device found, idVendor=0bda, idProduct=8153, bcdDevice=30.00
[  863.613909] usb 4-1.2: New USB device strings: Mfr=1, Product=2, SerialNumber=6
[  863.613913] usb 4-1.2: Product: USB 10/100/1000 LAN
[  863.613916] usb 4-1.2: Manufacturer: Realtek
[  863.613918] usb 4-1.2: SerialNumber: 000001
[  863.614316] usb 4-1.2: Device is not authorized for usage
[  863.675474] usb 4-1: USB disconnect, device number 2
[  863.675486] usb 4-1.1: USB disconnect, device number 3
[  863.699068] usb 4-1.2: USB disconnect, device number 4
[  863.771560] usb 3-1.2.3: new low-speed USB device number 4 using xhci_hcd
[  863.899281] usb 3-1.2.3: New USB device found, idVendor=1bcf, idProduct=0005, bcdDevice= 0.90
[  863.899295] usb 3-1.2.3: New USB device strings: Mfr=0, Product=2, SerialNumber=0
[  863.899299] usb 3-1.2.3: Product: USB Optical Mouse
[  863.899758] usb 3-1.2.3: Device is not authorized for usage
[  863.946394] usb 3-1.2.3: authorized to connect
[  863.970191] input: USB Optical Mouse as /devices/pci0000:00/0000:00:08.1/0000:01:00.4/usb3/3-1/3-1.2/3-1.2.3/3-1.2.3:1.0/0003:1BCF:0005.0002/input/input15
[  863.970790] hid-generic 0003:1BCF:0005.0002: input,hidraw1: USB HID v1.10 Mouse [USB Optical Mouse] on usb-0000:01:00.4-1.2.3/input0
[  863.970960] usbcore: registered new interface driver usbhid
[  863.970963] usbhid: USB HID core driver
[  863.998171] usb 3-1.2.4: new high-speed USB device number 5 using xhci_hcd
[  864.126328] usb 3-1.2.4: New USB device found, idVendor=0bda, idProduct=2838, bcdDevice= 1.00
[  864.126342] usb 3-1.2.4: New USB device strings: Mfr=1, Product=2, SerialNumber=3
[  864.126346] usb 3-1.2.4: Product: RTL2838UHIDIR
[  864.126349] usb 3-1.2.4: Manufacturer: Realtek
[  864.126351] usb 3-1.2.4: SerialNumber: 00000001
[  864.126624] usb 3-1.2.4: Device is not authorized for usage
[  864.135950] usb 3-1.2.4: authorized to connect
[  864.235545] usb 4-1: new SuperSpeed USB device number 5 using xhci_hcd
[  864.260436] usb 4-1: New USB device found, idVendor=05e3, idProduct=0626, bcdDevice= 6.63
[  864.260449] usb 4-1: New USB device strings: Mfr=1, Product=2, SerialNumber=0
[  864.260453] usb 4-1: Product: USB3.1 Hub
[  864.260456] usb 4-1: Manufacturer: GenesysLogic
[  864.260970] usb 4-1: Device is not authorized for usage
[  864.280421] hub 4-1:1.0: USB hub found
[  864.281217] hub 4-1:1.0: 4 ports detected
[  864.282960] usb 4-1: authorized to connect
[  864.561896] usb 4-1.1: new SuperSpeed USB device number 6 using xhci_hcd
[  864.582764] usb 4-1.1: New USB device found, idVendor=8564, idProduct=4000, bcdDevice= 0.04
[  864.582777] usb 4-1.1: New USB device strings: Mfr=3, Product=4, SerialNumber=2
[  864.582781] usb 4-1.1: Product: Transcend
[  864.582783] usb 4-1.1: Manufacturer: TS-RDF5A
[  864.582786] usb 4-1.1: SerialNumber: 000000000004
[  864.583102] usb 4-1.1: Device is not authorized for usage
[  864.584916] usb-storage 4-1.1:1.0: USB Mass Storage device detected
[  864.586002] scsi host2: usb-storage 4-1.1:1.0
[  864.586254] usb 4-1.1: authorized to connect
[  864.668179] usb 3-1.1: new full-speed USB device number 6 using xhci_hcd
[  864.806153] usb 3-1.1: not running at top speed; connect to a high speed hub
[  864.855116] usb 3-1.1: New USB device found, idVendor=25a4, idProduct=9311, bcdDevice= 2.01
[  864.855128] usb 3-1.1: New USB device strings: Mfr=1, Product=2, SerialNumber=3
[  864.855132] usb 3-1.1: Product: USB C Video Adaptor      
[  864.855135] usb 3-1.1: Manufacturer: USB C  
[  864.855137] usb 3-1.1: SerialNumber: 000000000001
[  864.855420] usb 3-1.1: Device is not authorized for usage
[  864.871716] usb 4-1.2: new SuperSpeed USB device number 7 using xhci_hcd
[  864.879199] usb 3-1.1: authorized to connect
[  864.892489] usb 4-1.2: New USB device found, idVendor=0bda, idProduct=8153, bcdDevice=30.00
[  864.892502] usb 4-1.2: New USB device strings: Mfr=1, Product=2, SerialNumber=6
[  864.892506] usb 4-1.2: Product: USB 10/100/1000 LAN
[  864.892509] usb 4-1.2: Manufacturer: Realtek
[  864.892512] usb 4-1.2: SerialNumber: 000001
[  864.892812] usb 4-1.2: Device is not authorized for usage
[  865.593568] scsi 2:0:0:0: Direct-Access     TS-RDF5A Transcend        0004 PQ: 0 ANSI: 6
[  865.832733] sd 2:0:0:0: [sdb] 60456960 512-byte logical blocks: (31.0 GB/28.8 GiB)
[  865.833518] sd 2:0:0:0: [sdb] Write Protect is off
[  865.833522] sd 2:0:0:0: [sdb] Mode Sense: 21 00 00 00
[  865.834280] sd 2:0:0:0: [sdb] Write cache: disabled, read cache: enabled, doesn't support DPO or FUA
[  865.842520]  sdb: sdb1 sdb2
[  865.846809] sd 2:0:0:0: [sdb] Attached SCSI removable disk
[  873.288068] usb 4-1.2: USB disconnect, device number 7
[  875.572008] usb 4-1.2: new SuperSpeed USB device number 8 using xhci_hcd
[  875.589094] usb 4-1.2: New USB device found, idVendor=0bda, idProduct=8151, bcdDevice=30.00
[  875.589108] usb 4-1.2: New USB device strings: Mfr=1, Product=2, SerialNumber=6
[  875.589112] usb 4-1.2: Product: USB 10/100/1000 LAN
[  875.589115] usb 4-1.2: Manufacturer: Realtek
[  875.589117] usb 4-1.2: SerialNumber: 000001
[  875.589459] usb 4-1.2: Device is not authorized for usage
[  875.591273] usb-storage 4-1.2:1.0: USB Mass Storage device detected
[  875.592011] scsi host3: usb-storage 4-1.2:1.0
[  875.592280] usb 4-1.2: authorized to connect
[  876.606217] scsi 3:0:0:0: CD-ROM            Realtek  USB CD-ROM       2.00 PQ: 0 ANSI: 0
[  876.691522] sr 3:0:0:0: [sr0] scsi-1 drive
[  876.691532] cdrom: Uniform CD-ROM driver Revision: 3.20
[  876.694242] sr 3:0:0:0: Attached scsi CD-ROM sr0
[  911.521901] usb 2-2: new SuperSpeed USB device number 4 using xhci_hcd
[  911.540067] usb 2-2: New USB device found, idVendor=0e8d, idProduct=7612, bcdDevice= 1.00
[  911.540082] usb 2-2: New USB device strings: Mfr=2, Product=3, SerialNumber=4
[  911.540086] usb 2-2: Product: Wireless 
[  911.540088] usb 2-2: Manufacturer: MediaTek Inc.
[  911.540091] usb 2-2: SerialNumber: 000000000
[  911.540438] usb 2-2: Device is not authorized for usage
[  911.669053] usb 2-2: reset SuperSpeed USB device number 4 using xhci_hcd
[  911.689176] mt76x2u 2-2:1.0: ASIC revision: 76120044
[  911.728396] mt76x2u 2-2:1.0: ROM patch build: 20141115060606a
[  911.897226] mt76x2u 2-2:1.0: Firmware Version: 0.0.00
[  911.897237] mt76x2u 2-2:1.0: Build: 1
[  911.897240] mt76x2u 2-2:1.0: Build Time: 201507311614____
[  912.629017] ieee80211 phy2: Selected rate control algorithm 'minstrel_ht'
[  912.630887] usb 2-2: authorized to connect
[  912.654078] mt76x2u 2-2:1.0 wlp1s0f3u2: renamed from wlan0
[  932.666429] wlp1s0f3u2: authenticate with d4:72:26:6c:e6:67
[  933.089764] wlp1s0f3u2: send auth to d4:72:26:6c:e6:67 (try 1/3)
[  933.091172] wlp1s0f3u2: authenticated
[  933.094842] wlp1s0f3u2: associate with d4:72:26:6c:e6:67 (try 1/3)
[  933.098460] wlp1s0f3u2: RX AssocResp from d4:72:26:6c:e6:67 (capab=0x8431 status=0 aid=1)
[  933.100658] wlp1s0f3u2: associated
[  933.159440] IPv6: ADDRCONF(NETDEV_CHANGE): wlp1s0f3u2: link becomes ready
[  973.831435] iptables reject: IN=wlp1s0f3u2 OUT= MAC=00:c0:ca:ad:8b:6f:d4:72:26:6c:e6:67:08:00 SRC=149.154.167.151 DST=192.168.43.250 LEN=1280 TOS=0x08 PREC=0x00 TTL=54 ID=62802 DF PROTO=TCP SPT=443 DPT=50872 WINDOW=20820 RES=0x00 ACK URGP=0 
[ 1044.560441] Bluetooth: Core ver 2.22
[ 1044.560508] NET: Registered PF_BLUETOOTH protocol family
[ 1044.560509] Bluetooth: HCI device and connection manager initialized
[ 1044.560517] Bluetooth: HCI socket layer initialized
[ 1044.560520] Bluetooth: L2CAP socket layer initialized
[ 1044.560526] Bluetooth: SCO socket layer initialized
[ 1092.488558] iptables reject: IN=wlp1s0f3u2 OUT= MAC=00:c0:ca:ad:8b:6f:d4:72:26:6c:e6:67:08:00 SRC=149.154.167.151 DST=192.168.43.250 LEN=1280 TOS=0x08 PREC=0x00 TTL=54 ID=62803 DF PROTO=TCP SPT=443 DPT=50872 WINDOW=20820 RES=0x00 ACK URGP=0 
[ 1114.699495] iptables reject: IN=wlp1s0f3u2 OUT= MAC= SRC=192.168.43.250 DST=224.0.0.251 LEN=68 TOS=0x00 PREC=0x00 TTL=1 ID=34712 DF PROTO=UDP SPT=5353 DPT=5353 LEN=48 
[ 1115.661614] iptables reject: IN=wlp1s0f3u2 OUT= MAC= SRC=192.168.43.250 DST=224.0.0.251 LEN=68 TOS=0x00 PREC=0x00 TTL=1 ID=34867 DF PROTO=UDP SPT=5353 DPT=5353 LEN=48 
[ 1117.662142] iptables reject: IN=wlp1s0f3u2 OUT= MAC= SRC=192.168.43.250 DST=224.0.0.251 LEN=68 TOS=0x00 PREC=0x00 TTL=1 ID=35137 DF PROTO=UDP SPT=5353 DPT=5353 LEN=48 
[ 1136.569552] iptables deny: IN=wlp1s0f3u2 OUT= MAC=00:c0:ca:ad:8b:6f:d4:72:26:6c:e6:67:08:00 SRC=37.19.218.167 DST=192.168.43.250 LEN=52 TOS=0x10 PREC=0x00 TTL=57 ID=53975 DF PROTO=TCP SPT=89 DPT=36450 WINDOW=131 RES=0x00 ACK URGP=0 
[ 1136.603813] iptables deny: IN=wlp1s0f3u2 OUT= MAC=00:c0:ca:ad:8b:6f:d4:72:26:6c:e6:67:08:00 SRC=37.19.218.167 DST=192.168.43.250 LEN=151 TOS=0x10 PREC=0x00 TTL=57 ID=53976 DF PROTO=TCP SPT=89 DPT=36450 WINDOW=131 RES=0x00 ACK PSH URGP=0 
[ 1138.431125] iptables deny: IN=wlp1s0f3u2 OUT= MAC=00:c0:ca:ad:8b:6f:d4:72:26:6c:e6:67:08:00 SRC=37.19.218.167 DST=192.168.43.250 LEN=151 TOS=0x10 PREC=0x00 TTL=57 ID=53977 DF PROTO=TCP SPT=89 DPT=36450 WINDOW=131 RES=0x00 ACK PSH URGP=0 
[ 1139.392748] iptables deny: IN=wlp1s0f3u2 OUT= MAC=00:c0:ca:ad:8b:6f:d4:72:26:6c:e6:67:08:00 SRC=37.19.218.167 DST=192.168.43.250 LEN=64 TOS=0x10 PREC=0x00 TTL=57 ID=53978 DF PROTO=TCP SPT=89 DPT=36450 WINDOW=131 RES=0x00 ACK URGP=0 
[ 1213.309039] iptables reject: IN=wlp1s0f3u2 OUT= MAC=00:c0:ca:ad:8b:6f:d4:72:26:6c:e6:67:08:00 SRC=149.154.167.151 DST=192.168.43.250 LEN=1280 TOS=0x08 PREC=0x00 TTL=54 ID=62804 DF PROTO=TCP SPT=443 DPT=50872 WINDOW=20820 RES=0x00 ACK URGP=0 
[ 1324.040840] iptables deny: IN=wlp1s0f3u2 OUT= MAC=00:c0:ca:ad:8b:6f:d4:72:26:6c:e6:67:08:00 SRC=37.19.218.167 DST=192.168.43.250 LEN=76 TOS=0x10 PREC=0x00 TTL=58 ID=51787 DF PROTO=TCP SPT=89 DPT=36556 WINDOW=159 RES=0x00 ACK PSH FIN URGP=0 
[ 1327.086662] iptables deny: IN=wlp1s0f3u2 OUT= MAC=00:c0:ca:ad:8b:6f:d4:72:26:6c:e6:67:08:00 SRC=37.19.218.167 DST=192.168.43.250 LEN=76 TOS=0x10 PREC=0x00 TTL=58 ID=51037 DF PROTO=TCP SPT=89 DPT=36742 WINDOW=154 RES=0x00 ACK PSH FIN URGP=0 
[ 1331.591085] iptables deny: IN=wlp1s0f3u2 OUT= MAC=00:c0:ca:ad:8b:6f:d4:72:26:6c:e6:67:08:00 SRC=94.153.123.137 DST=192.168.43.250 LEN=83 TOS=0x00 PREC=0x00 TTL=60 ID=58518 DF PROTO=TCP SPT=443 DPT=51573 WINDOW=246 RES=0x00 ACK PSH FIN URGP=0 
[ 1334.131356] iptables reject: IN=wlp1s0f3u2 OUT= MAC=00:c0:ca:ad:8b:6f:d4:72:26:6c:e6:67:08:00 SRC=149.154.167.151 DST=192.168.43.250 LEN=1280 TOS=0x08 PREC=0x00 TTL=54 ID=62805 DF PROTO=TCP SPT=443 DPT=50872 WINDOW=20820 RES=0x00 ACK URGP=0 
[ 1350.954742] iptables deny: IN=wlp1s0f3u2 OUT= MAC=00:c0:ca:ad:8b:6f:d4:72:26:6c:e6:67:08:00 SRC=37.19.218.167 DST=192.168.43.250 LEN=76 TOS=0x10 PREC=0x00 TTL=58 ID=51038 DF PROTO=TCP SPT=89 DPT=36742 WINDOW=154 RES=0x00 ACK PSH FIN URGP=0 
[ 1354.351829] iptables deny: IN=wlp1s0f3u2 OUT= MAC=00:c0:ca:ad:8b:6f:d4:72:26:6c:e6:67:08:00 SRC=37.19.218.167 DST=192.168.43.250 LEN=52 TOS=0x10 PREC=0x00 TTL=58 ID=46950 DF PROTO=TCP SPT=89 DPT=36862 WINDOW=131 RES=0x00 ACK URGP=0 
[ 1354.352394] iptables deny: IN=wlp1s0f3u2 OUT= MAC=00:c0:ca:ad:8b:6f:d4:72:26:6c:e6:67:08:00 SRC=37.19.218.167 DST=192.168.43.250 LEN=52 TOS=0x10 PREC=0x00 TTL=57 ID=48667 DF PROTO=TCP SPT=89 DPT=36868 WINDOW=131 RES=0x00 ACK URGP=0 
[ 1354.352424] iptables deny: IN=wlp1s0f3u2 OUT= MAC=00:c0:ca:ad:8b:6f:d4:72:26:6c:e6:67:08:00 SRC=37.19.218.167 DST=192.168.43.250 LEN=151 TOS=0x10 PREC=0x00 TTL=58 ID=46951 DF PROTO=TCP SPT=89 DPT=36862 WINDOW=131 RES=0x00 ACK PSH URGP=0 
[ 1354.352484] iptables deny: IN=wlp1s0f3u2 OUT= MAC=00:c0:ca:ad:8b:6f:d4:72:26:6c:e6:67:08:00 SRC=37.19.218.167 DST=192.168.43.250 LEN=151 TOS=0x10 PREC=0x00 TTL=57 ID=48668 DF PROTO=TCP SPT=89 DPT=36868 WINDOW=131 RES=0x00 ACK PSH URGP=0 
[ 1389.807977] iptables deny: IN=wlp1s0f3u2 OUT= MAC=00:c0:ca:ad:8b:6f:d4:72:26:6c:e6:67:08:00 SRC=37.19.218.167 DST=192.168.43.250 LEN=76 TOS=0x10 PREC=0x00 TTL=58 ID=51789 DF PROTO=TCP SPT=89 DPT=36556 WINDOW=159 RES=0x00 ACK PSH FIN URGP=0 
[ 1397.984391] iptables deny: IN=wlp1s0f3u2 OUT= MAC=00:c0:ca:ad:8b:6f:d4:72:26:6c:e6:67:08:00 SRC=37.19.218.167 DST=192.168.43.250 LEN=76 TOS=0x10 PREC=0x00 TTL=58 ID=51039 DF PROTO=TCP SPT=89 DPT=36742 WINDOW=154 RES=0x00 ACK PSH FIN URGP=0 
[ 1420.756395] iptables deny: IN=wlp1s0f3u2 OUT= MAC=00:c0:ca:ad:8b:6f:d4:72:26:6c:e6:67:08:00 SRC=37.19.218.167 DST=192.168.43.250 LEN=52 TOS=0x10 PREC=0x00 TTL=57 ID=14118 DF PROTO=TCP SPT=89 DPT=37166 WINDOW=131 RES=0x00 ACK URGP=0 
[ 1420.756461] iptables deny: IN=wlp1s0f3u2 OUT= MAC=00:c0:ca:ad:8b:6f:d4:72:26:6c:e6:67:08:00 SRC=37.19.218.167 DST=192.168.43.250 LEN=151 TOS=0x10 PREC=0x00 TTL=57 ID=14119 DF PROTO=TCP SPT=89 DPT=37166 WINDOW=131 RES=0x00 ACK PSH URGP=0 
[ 1421.277987] iptables deny: IN=wlp1s0f3u2 OUT= MAC=00:c0:ca:ad:8b:6f:d4:72:26:6c:e6:67:08:00 SRC=37.19.218.167 DST=192.168.43.250 LEN=151 TOS=0x10 PREC=0x00 TTL=57 ID=14120 DF PROTO=TCP SPT=89 DPT=37166 WINDOW=131 RES=0x00 ACK PSH URGP=0 
[ 1433.135398] iptables reject: IN=wlp1s0f3u2 OUT= MAC=00:c0:ca:ad:8b:6f:d4:72:26:6c:e6:67:08:00 SRC=37.19.218.167 DST=192.168.43.250 LEN=151 TOS=0x10 PREC=0x00 TTL=57 ID=14122 DF PROTO=TCP SPT=89 DPT=37166 WINDOW=131 RES=0x00 ACK PSH URGP=0 
[ 1451.695233] iptables deny: IN=wlp1s0f3u2 OUT= MAC=00:c0:ca:ad:8b:6f:d4:72:26:6c:e6:67:08:00 SRC=37.19.218.167 DST=192.168.43.250 LEN=52 TOS=0x10 PREC=0x00 TTL=57 ID=14123 DF PROTO=TCP SPT=89 DPT=37166 WINDOW=131 RES=0x00 ACK FIN URGP=0 
[ 1452.195137] iptables reject: IN=wlp1s0f3u2 OUT= MAC=00:c0:ca:ad:8b:6f:d4:72:26:6c:e6:67:08:00 SRC=37.19.218.167 DST=192.168.43.250 LEN=64 TOS=0x10 PREC=0x00 TTL=57 ID=14124 DF PROTO=TCP SPT=89 DPT=37166 WINDOW=131 RES=0x00 ACK URGP=0 
[ 1452.519919] iptables reject: IN=wlp1s0f3u2 OUT= MAC=00:c0:ca:ad:8b:6f:d4:72:26:6c:e6:67:08:00 SRC=37.19.218.167 DST=192.168.43.250 LEN=64 TOS=0x10 PREC=0x00 TTL=57 ID=14125 DF PROTO=TCP SPT=89 DPT=37166 WINDOW=131 RES=0x00 ACK URGP=0 
[ 1454.084132] iptables reject: IN=wlp1s0f3u2 OUT= MAC=00:c0:ca:ad:8b:6f:d4:72:26:6c:e6:67:08:00 SRC=37.19.218.167 DST=192.168.43.250 LEN=64 TOS=0x10 PREC=0x00 TTL=57 ID=14126 DF PROTO=TCP SPT=89 DPT=37166 WINDOW=131 RES=0x00 ACK URGP=0 
[ 1455.233341] iptables reject: IN=wlp1s0f3u2 OUT= MAC=00:c0:ca:ad:8b:6f:d4:72:26:6c:e6:67:08:00 SRC=149.154.167.151 DST=192.168.43.250 LEN=1280 TOS=0x08 PREC=0x00 TTL=54 ID=62806 DF PROTO=TCP SPT=443 DPT=50872 WINDOW=20820 RES=0x00 ACK URGP=0 
[ 1456.730565] iptables reject: IN=wlp1s0f3u2 OUT= MAC=00:c0:ca:ad:8b:6f:d4:72:26:6c:e6:67:08:00 SRC=37.19.218.167 DST=192.168.43.250 LEN=64 TOS=0x10 PREC=0x00 TTL=57 ID=14127 DF PROTO=TCP SPT=89 DPT=37166 WINDOW=131 RES=0x00 ACK URGP=0 
[ 1457.407936] iptables deny: IN=wlp1s0f3u2 OUT= MAC=00:c0:ca:ad:8b:6f:d4:72:26:6c:e6:67:08:00 SRC=37.19.218.167 DST=192.168.43.250 LEN=151 TOS=0x10 PREC=0x00 TTL=57 ID=14128 DF PROTO=TCP SPT=89 DPT=37166 WINDOW=131 RES=0x00 ACK PSH FIN URGP=0 
[ 1462.902459] iptables reject: IN=wlp1s0f3u2 OUT= MAC=00:c0:ca:ad:8b:6f:d4:72:26:6c:e6:67:08:00 SRC=37.19.218.167 DST=192.168.43.250 LEN=64 TOS=0x10 PREC=0x00 TTL=57 ID=14129 DF PROTO=TCP SPT=89 DPT=37166 WINDOW=131 RES=0x00 ACK URGP=0 
[ 1475.049589] iptables reject: IN=wlp1s0f3u2 OUT= MAC=00:c0:ca:ad:8b:6f:d4:72:26:6c:e6:67:08:00 SRC=37.19.218.167 DST=192.168.43.250 LEN=64 TOS=0x10 PREC=0x00 TTL=57 ID=14130 DF PROTO=TCP SPT=89 DPT=37166 WINDOW=131 RES=0x00 ACK URGP=0 
[ 1499.811577] iptables reject: IN=wlp1s0f3u2 OUT= MAC=00:c0:ca:ad:8b:6f:d4:72:26:6c:e6:67:08:00 SRC=37.19.218.167 DST=192.168.43.250 LEN=64 TOS=0x10 PREC=0x00 TTL=57 ID=14131 DF PROTO=TCP SPT=89 DPT=37166 WINDOW=131 RES=0x00 ACK URGP=0 
[ 1504.259033] iptables deny: IN=wlp1s0f3u2 OUT= MAC=00:c0:ca:ad:8b:6f:d4:72:26:6c:e6:67:08:00 SRC=37.19.218.167 DST=192.168.43.250 LEN=151 TOS=0x10 PREC=0x00 TTL=57 ID=14132 DF PROTO=TCP SPT=89 DPT=37166 WINDOW=131 RES=0x00 ACK PSH FIN URGP=0 
[ 1551.218441] iptables reject: IN=wlp1s0f3u2 OUT= MAC=00:c0:ca:ad:8b:6f:d4:72:26:6c:e6:67:08:00 SRC=37.19.218.167 DST=192.168.43.250 LEN=64 TOS=0x10 PREC=0x00 TTL=57 ID=14133 DF PROTO=TCP SPT=89 DPT=37166 WINDOW=131 RES=0x00 ACK URGP=0 
[ 1575.780984] iptables reject: IN=wlp1s0f3u2 OUT= MAC=00:c0:ca:ad:8b:6f:d4:72:26:6c:e6:67:08:00 SRC=149.154.167.151 DST=192.168.43.250 LEN=1280 TOS=0x08 PREC=0x00 TTL=54 ID=62807 DF PROTO=TCP SPT=443 DPT=50872 WINDOW=20820 RES=0x00 ACK URGP=0 
[ 1664.665443] wlp1s0f3u2: deauthenticating from d4:72:26:6c:e6:67 by local choice (Reason: 3=DEAUTH_LEAVING)
[ 1666.526201] usb 2-2: USB disconnect, device number 4
[ 1666.526959] mt76x2u 2-2:1.0: error: mt76x02u_mcu_wait_resp failed with -108
[ 1666.527065] mt76x2u 2-2:1.0: mac specific condition occurred
[ 1740.489092] atkbd serio0: Unknown key pressed (translated set 2, code 0xf6 on isa0060/serio0).
[ 1740.489096] atkbd serio0: Use 'setkeycodes e076 <keycode>' to make it known.
[ 1744.730425] atkbd serio0: Unknown key released (translated set 2, code 0xf6 on isa0060/serio0).
[ 1744.730435] atkbd serio0: Use 'setkeycodes e076 <keycode>' to make it known.
[ 1779.626764] atkbd serio0: Unknown key pressed (translated set 2, code 0xf6 on isa0060/serio0).
[ 1779.626772] atkbd serio0: Use 'setkeycodes e076 <keycode>' to make it known.
[ 1779.781531] atkbd serio0: Unknown key released (translated set 2, code 0xf6 on isa0060/serio0).
[ 1779.781537] atkbd serio0: Use 'setkeycodes e076 <keycode>' to make it known.
[ 2372.985342] atkbd serio0: Unknown key pressed (translated set 2, code 0xf6 on isa0060/serio0).
[ 2372.985347] atkbd serio0: Use 'setkeycodes e076 <keycode>' to make it known.
[ 2373.744127] atkbd serio0: Unknown key released (translated set 2, code 0xf6 on isa0060/serio0).
[ 2373.744132] atkbd serio0: Use 'setkeycodes e076 <keycode>' to make it known.
[ 2377.700272] atkbd serio0: Unknown key pressed (translated set 2, code 0xf6 on isa0060/serio0).
[ 2377.700284] atkbd serio0: Use 'setkeycodes e076 <keycode>' to make it known.
[ 2379.012261] atkbd serio0: Unknown key released (translated set 2, code 0xf6 on isa0060/serio0).
[ 2379.012267] atkbd serio0: Use 'setkeycodes e076 <keycode>' to make it known.
