[    0.000000] Linux version 5.16.10-arch1-1 (linux@archlinux) (gcc (GCC) 11.2.0, GNU ld (GNU Binutils) 2.38) #1 SMP PREEMPT Wed, 16 Feb 2022 19:35:18 +0000
[    0.000000] Command line: BOOT_IMAGE=/boot/vmlinuz-linux root=UUID=4a1e3b32-c022-4157-be6c-5f37d4e06cdf rw quiet resume=UUID=d8ba5b72-ed10-49e7-94e8-1b4f0c08b046 loglevel=3 audit=1 lsm=landlock,lockdown,yama,apparmor,bpf l1tf=full,force mds=full,nosmt mitigations=auto,nosmt nosmt=force pcie_aspm=force init_on_alloc=1 init_on_free=1 randomize_kstack_offset=on slab_nomerge pti=on slub_debug=ZF slub_debug=P page_poison=1 mem_encrypt=on vsyscall=nonei amd_iommu=force_isolation amdgpu.vm_update_mode=0 amdgpu.gpu_recovery=1 amdgpu.virtual_display=NULL amdgpu.audio=0 amdgpu.lbpw=1 amdgpu.tmz=1 amdgpu.freesync_video=1 fsck.mode=force fsck.repair=yes
[    0.000000] x86/fpu: Supporting XSAVE feature 0x001: 'x87 floating point registers'
[    0.000000] x86/fpu: Supporting XSAVE feature 0x002: 'SSE registers'
[    0.000000] x86/fpu: Supporting XSAVE feature 0x004: 'AVX registers'
[    0.000000] x86/fpu: xstate_offset[2]:  576, xstate_sizes[2]:  256
[    0.000000] x86/fpu: Enabled xstate features 0x7, context size is 832 bytes, using 'compacted' format.
[    0.000000] signal: max sigframe size: 1776
[    0.000000] BIOS-provided physical RAM map:
[    0.000000] BIOS-e820: [mem 0x0000000000000000-0x000000000009efff] usable
[    0.000000] BIOS-e820: [mem 0x000000000009f000-0x00000000000bffff] reserved
[    0.000000] BIOS-e820: [mem 0x0000000000100000-0x0000000009afffff] usable
[    0.000000] BIOS-e820: [mem 0x0000000009b00000-0x0000000009dfffff] reserved
[    0.000000] BIOS-e820: [mem 0x0000000009e00000-0x0000000009efffff] usable
[    0.000000] BIOS-e820: [mem 0x0000000009f00000-0x0000000009f0ffff] ACPI NVS
[    0.000000] BIOS-e820: [mem 0x0000000009f10000-0x00000000bab68fff] usable
[    0.000000] BIOS-e820: [mem 0x00000000bab69000-0x00000000bbd68fff] reserved
[    0.000000] BIOS-e820: [mem 0x00000000bbd69000-0x00000000c9f7efff] usable
[    0.000000] BIOS-e820: [mem 0x00000000c9f7f000-0x00000000caf7efff] type 20
[    0.000000] BIOS-e820: [mem 0x00000000caf7f000-0x00000000ccf7efff] reserved
[    0.000000] BIOS-e820: [mem 0x00000000ccf7f000-0x00000000cdf7efff] ACPI NVS
[    0.000000] BIOS-e820: [mem 0x00000000cdf7f000-0x00000000cdffefff] ACPI data
[    0.000000] BIOS-e820: [mem 0x00000000cdfff000-0x00000000cdffffff] usable
[    0.000000] BIOS-e820: [mem 0x00000000ce000000-0x00000000ceffffff] reserved
[    0.000000] BIOS-e820: [mem 0x00000000f8000000-0x00000000fbffffff] reserved
[    0.000000] BIOS-e820: [mem 0x00000000fde00000-0x00000000fdefffff] reserved
[    0.000000] BIOS-e820: [mem 0x00000000fec00000-0x00000000fec00fff] reserved
[    0.000000] BIOS-e820: [mem 0x00000000fec10000-0x00000000fec10fff] reserved
[    0.000000] BIOS-e820: [mem 0x00000000fec20000-0x00000000fec20fff] reserved
[    0.000000] BIOS-e820: [mem 0x00000000fed80000-0x00000000fed80fff] reserved
[    0.000000] BIOS-e820: [mem 0x00000000fee00000-0x00000000fee00fff] reserved
[    0.000000] BIOS-e820: [mem 0x00000000ff000000-0x00000000fff2ffff] reserved
[    0.000000] BIOS-e820: [mem 0x0000000100000000-0x000000040f33ffff] usable
[    0.000000] BIOS-e820: [mem 0x000000040f340000-0x000000042fffffff] reserved
[    0.000000] SMT: Force disabled
[    0.000000] Malformed early option 'vsyscall'
[    0.000000] NX (Execute Disable) protection: active
[    0.000000] efi: EFI v2.70 by INSYDE Corp.
[    0.000000] efi: ACPI=0xcdffe000 ACPI 2.0=0xcdffe014 TPMFinalLog=0xcdf2c000 SMBIOS=0xcb70c000 SMBIOS 3.0=0xcb70a000 ESRT=0xcb70d418 
[    0.000000] SMBIOS 3.2.0 present.
[    0.000000] DMI: TIMI RedmiBook 14 II/TM1951, BIOS RMARN4B0P0909 08/19/2020
[    0.000000] tsc: Fast TSC calibration using PIT
[    0.000000] tsc: Detected 2370.458 MHz processor
[    0.000544] e820: update [mem 0x00000000-0x00000fff] usable ==> reserved
[    0.000546] e820: remove [mem 0x000a0000-0x000fffff] usable
[    0.000551] last_pfn = 0x40f340 max_arch_pfn = 0x400000000
[    0.000728] x86/PAT: Configuration [0-7]: WB  WC  UC- UC  WB  WP  UC- WT  
[    0.000951] last_pfn = 0xce000 max_arch_pfn = 0x400000000
[    0.010414] esrt: Reserving ESRT space from 0x00000000cb70d418 to 0x00000000cb70d450.
[    0.010422] Kernel/User page tables isolation: force enabled on command line.
[    0.010423] Using GB pages for direct mapping
[    0.010740] Secure boot disabled
[    0.010740] RAMDISK: [mem 0x373f5000-0x379f1fff]
[    0.010744] ACPI: Early table checksum verification disabled
[    0.010748] ACPI: RSDP 0x00000000CDFFE014 000024 (v02 XMCC  )
[    0.010751] ACPI: XSDT 0x00000000CDFCE188 000134 (v01 XMCC   XMCC1951 00000002      01000013)
[    0.010756] ACPI: FACP 0x00000000CDFEC000 00010C (v05 XMCC   XMCC1951 00000002      01000013)
[    0.010760] ACPI: DSDT 0x00000000CDFDF000 006545 (v01 XMCC   XMCC1951 00000002      01000013)
[    0.010762] ACPI: FACS 0x00000000CDF29000 000040
[    0.010764] ACPI: UEFI 0x00000000CDF7E000 000236 (v01 INSYDE H2O BIOS 00000001 ACPI 00040000)
[    0.010767] ACPI: SSDT 0x00000000CDFF5000 007216 (v02 AMD    AmdTable 00000002 MSFT 04000000)
[    0.010769] ACPI: IVRS 0x00000000CDFF4000 0001A4 (v02 AMD    AmdTable 00000001 AMD  00000000)
[    0.010771] ACPI: SSDT 0x00000000CDFF3000 000228 (v01 AMD    STD3     00000001 INTL 20130117)
[    0.010774] ACPI: SSDT 0x00000000CDFF2000 000D61 (v01 XMCC   XMCC1806 00003000 INTL 20130117)
[    0.010776] ACPI: SSDT 0x00000000CDFF1000 00046D (v01 Insyde TPMACPI  00001000 INTL 20130117)
[    0.010778] ACPI: TPM2 0x00000000CDFF0000 000034 (v04 XMCC   XMCC1951 00000002      01000013)
[    0.010780] ACPI: MSDM 0x00000000CDFEF000 000055 (v03 INSYDE H2O BIOS 00000001 ACPI 00040000)
[    0.010782] ACPI: ASF! 0x00000000CDFEE000 0000A5 (v32 XMCC   XMCC1951 00000002      01000013)
[    0.010785] ACPI: BOOT 0x00000000CDFED000 000028 (v01 XMCC   XMCC1951 00000002      01000013)
[    0.010787] ACPI: HPET 0x00000000CDFEB000 000038 (v01 XMCC   XMCC1951 00000002      01000013)
[    0.010789] ACPI: APIC 0x00000000CDFEA000 000138 (v03 XMCC   XMCC1951 00000002      01000013)
[    0.010791] ACPI: MCFG 0x00000000CDFE9000 00003C (v01 XMCC   XMCC1951 00000002      01000013)
[    0.010793] ACPI: SLIC 0x00000000CDFE8000 000176 (v01 XMCC   XMCC1951 00000002      01000013)
[    0.010796] ACPI: SSDT 0x00000000CDFDE000 000080 (v01 XMCC   XMCC1951 00000002      01000013)
[    0.010798] ACPI: VFCT 0x00000000CDFD0000 00D484 (v01 XMCC   XMCC1951 00000001 AMD  31504F47)
[    0.010800] ACPI: SSDT 0x00000000CDFCF000 0000F8 (v01 XMCC   PcdTabl  00001000 INTL 20130117)
[    0.010802] ACPI: SSDT 0x00000000CDFCC000 001500 (v01 AMD    AmdTable 00000001 AMD  00000001)
[    0.010804] ACPI: CRAT 0x00000000CDFFD000 000BA8 (v01 AMD    AmdTable 00000001 AMD  00000001)
[    0.010807] ACPI: CDIT 0x00000000CDFCB000 000029 (v01 AMD    AmdTable 00000001 AMD  00000001)
[    0.010809] ACPI: SSDT 0x00000000CDFCA000 00028D (v01 AMD    AmdTable 00000001 INTL 20130117)
[    0.010811] ACPI: SSDT 0x00000000CDFC9000 000C78 (v01 AMD    AmdTable 00000001 INTL 20130117)
[    0.010813] ACPI: SSDT 0x00000000CDFC7000 0010A5 (v01 AMD    AmdTable 00000001 INTL 20130117)
[    0.010815] ACPI: SSDT 0x00000000CDFC3000 0030C8 (v01 AMD    AmdTable 00000001 INTL 20130117)
[    0.010817] ACPI: FPDT 0x00000000CDFC2000 000044 (v01 XMCC   XMCC1951 00000002      01000013)
[    0.010820] ACPI: WSMT 0x00000000CDFC0000 000028 (v01 INSYDE H2O BIOS 00000001 ACPI 00040000)
[    0.010822] ACPI: SSDT 0x00000000CDFE7000 00020A (v01 AMD    AmdTable 00000001 INTL 20130117)
[    0.010824] ACPI: SSDT 0x00000000CDFE6000 0005A1 (v01 AMD    AmdTable 00000001 INTL 20130117)
[    0.010826] ACPI: SSDT 0x00000000CDFBF000 000343 (v01 AMD    AmdTable 00000001 INTL 20130117)
[    0.010828] ACPI: SSDT 0x00000000CDFBE000 00007D (v01 AMD    AmdTable 00000001 INTL 20130117)
[    0.010830] ACPI: SSDT 0x00000000CDFBD000 000822 (v01 AMD    AmdTable 00000001 INTL 20130117)
[    0.010832] ACPI: SSDT 0x00000000CDFBC000 000517 (v01 AMD    AmdTable 00000001 INTL 20130117)
[    0.010834] ACPI: BGRT 0x00000000CDFC1000 000038 (v01 INSYDE H2O BIOS 00000001 ACPI 00040000)
[    0.010836] ACPI: Reserving FACP table memory at [mem 0xcdfec000-0xcdfec10b]
[    0.010837] ACPI: Reserving DSDT table memory at [mem 0xcdfdf000-0xcdfe5544]
[    0.010838] ACPI: Reserving FACS table memory at [mem 0xcdf29000-0xcdf2903f]
[    0.010839] ACPI: Reserving UEFI table memory at [mem 0xcdf7e000-0xcdf7e235]
[    0.010840] ACPI: Reserving SSDT table memory at [mem 0xcdff5000-0xcdffc215]
[    0.010840] ACPI: Reserving IVRS table memory at [mem 0xcdff4000-0xcdff41a3]
[    0.010841] ACPI: Reserving SSDT table memory at [mem 0xcdff3000-0xcdff3227]
[    0.010842] ACPI: Reserving SSDT table memory at [mem 0xcdff2000-0xcdff2d60]
[    0.010842] ACPI: Reserving SSDT table memory at [mem 0xcdff1000-0xcdff146c]
[    0.010843] ACPI: Reserving TPM2 table memory at [mem 0xcdff0000-0xcdff0033]
[    0.010844] ACPI: Reserving MSDM table memory at [mem 0xcdfef000-0xcdfef054]
[    0.010844] ACPI: Reserving ASF! table memory at [mem 0xcdfee000-0xcdfee0a4]
[    0.010845] ACPI: Reserving BOOT table memory at [mem 0xcdfed000-0xcdfed027]
[    0.010846] ACPI: Reserving HPET table memory at [mem 0xcdfeb000-0xcdfeb037]
[    0.010846] ACPI: Reserving APIC table memory at [mem 0xcdfea000-0xcdfea137]
[    0.010847] ACPI: Reserving MCFG table memory at [mem 0xcdfe9000-0xcdfe903b]
[    0.010848] ACPI: Reserving SLIC table memory at [mem 0xcdfe8000-0xcdfe8175]
[    0.010848] ACPI: Reserving SSDT table memory at [mem 0xcdfde000-0xcdfde07f]
[    0.010849] ACPI: Reserving VFCT table memory at [mem 0xcdfd0000-0xcdfdd483]
[    0.010850] ACPI: Reserving SSDT table memory at [mem 0xcdfcf000-0xcdfcf0f7]
[    0.010850] ACPI: Reserving SSDT table memory at [mem 0xcdfcc000-0xcdfcd4ff]
[    0.010851] ACPI: Reserving CRAT table memory at [mem 0xcdffd000-0xcdffdba7]
[    0.010852] ACPI: Reserving CDIT table memory at [mem 0xcdfcb000-0xcdfcb028]
[    0.010852] ACPI: Reserving SSDT table memory at [mem 0xcdfca000-0xcdfca28c]
[    0.010853] ACPI: Reserving SSDT table memory at [mem 0xcdfc9000-0xcdfc9c77]
[    0.010854] ACPI: Reserving SSDT table memory at [mem 0xcdfc7000-0xcdfc80a4]
[    0.010855] ACPI: Reserving SSDT table memory at [mem 0xcdfc3000-0xcdfc60c7]
[    0.010855] ACPI: Reserving FPDT table memory at [mem 0xcdfc2000-0xcdfc2043]
[    0.010856] ACPI: Reserving WSMT table memory at [mem 0xcdfc0000-0xcdfc0027]
[    0.010857] ACPI: Reserving SSDT table memory at [mem 0xcdfe7000-0xcdfe7209]
[    0.010857] ACPI: Reserving SSDT table memory at [mem 0xcdfe6000-0xcdfe65a0]
[    0.010858] ACPI: Reserving SSDT table memory at [mem 0xcdfbf000-0xcdfbf342]
[    0.010859] ACPI: Reserving SSDT table memory at [mem 0xcdfbe000-0xcdfbe07c]
[    0.010860] ACPI: Reserving SSDT table memory at [mem 0xcdfbd000-0xcdfbd821]
[    0.010860] ACPI: Reserving SSDT table memory at [mem 0xcdfbc000-0xcdfbc516]
[    0.010861] ACPI: Reserving BGRT table memory at [mem 0xcdfc1000-0xcdfc1037]
[    0.010913] No NUMA configuration found
[    0.010913] Faking a node at [mem 0x0000000000000000-0x000000040f33ffff]
[    0.010917] NODE_DATA(0) allocated [mem 0x40f33c000-0x40f33ffff]
[    0.010946] Zone ranges:
[    0.010946]   DMA      [mem 0x0000000000001000-0x0000000000ffffff]
[    0.010948]   DMA32    [mem 0x0000000001000000-0x00000000ffffffff]
[    0.010949]   Normal   [mem 0x0000000100000000-0x000000040f33ffff]
[    0.010950]   Device   empty
[    0.010951] Movable zone start for each node
[    0.010952] Early memory node ranges
[    0.010952]   node   0: [mem 0x0000000000001000-0x000000000009efff]
[    0.010953]   node   0: [mem 0x0000000000100000-0x0000000009afffff]
[    0.010954]   node   0: [mem 0x0000000009e00000-0x0000000009efffff]
[    0.010955]   node   0: [mem 0x0000000009f10000-0x00000000bab68fff]
[    0.010955]   node   0: [mem 0x00000000bbd69000-0x00000000c9f7efff]
[    0.010956]   node   0: [mem 0x00000000cdfff000-0x00000000cdffffff]
[    0.010957]   node   0: [mem 0x0000000100000000-0x000000040f33ffff]
[    0.010958] Initmem setup node 0 [mem 0x0000000000001000-0x000000040f33ffff]
[    0.010962] On node 0, zone DMA: 1 pages in unavailable ranges
[    0.010979] On node 0, zone DMA: 97 pages in unavailable ranges
[    0.011125] On node 0, zone DMA32: 768 pages in unavailable ranges
[    0.016337] On node 0, zone DMA32: 16 pages in unavailable ranges
[    0.016815] On node 0, zone DMA32: 4608 pages in unavailable ranges
[    0.016967] On node 0, zone DMA32: 16512 pages in unavailable ranges
[    0.040615] On node 0, zone Normal: 8192 pages in unavailable ranges
[    0.040649] On node 0, zone Normal: 3264 pages in unavailable ranges
[    0.040799] ACPI: PM-Timer IO Port: 0x408
[    0.040805] ACPI: LAPIC_NMI (acpi_id[0x00] high edge lint[0x1])
[    0.040807] ACPI: LAPIC_NMI (acpi_id[0x01] high edge lint[0x1])
[    0.040807] ACPI: LAPIC_NMI (acpi_id[0x02] high edge lint[0x1])
[    0.040808] ACPI: LAPIC_NMI (acpi_id[0x03] high edge lint[0x1])
[    0.040809] ACPI: LAPIC_NMI (acpi_id[0x04] high edge lint[0x1])
[    0.040809] ACPI: LAPIC_NMI (acpi_id[0x05] high edge lint[0x1])
[    0.040810] ACPI: LAPIC_NMI (acpi_id[0x06] high edge lint[0x1])
[    0.040810] ACPI: LAPIC_NMI (acpi_id[0x07] high edge lint[0x1])
[    0.040811] ACPI: LAPIC_NMI (acpi_id[0x08] high edge lint[0x1])
[    0.040811] ACPI: LAPIC_NMI (acpi_id[0x09] high edge lint[0x1])
[    0.040812] ACPI: LAPIC_NMI (acpi_id[0x0a] high edge lint[0x1])
[    0.040812] ACPI: LAPIC_NMI (acpi_id[0x0b] high edge lint[0x1])
[    0.040813] ACPI: LAPIC_NMI (acpi_id[0x0c] high edge lint[0x1])
[    0.040814] ACPI: LAPIC_NMI (acpi_id[0x0d] high edge lint[0x1])
[    0.040814] ACPI: LAPIC_NMI (acpi_id[0x0e] high edge lint[0x1])
[    0.040815] ACPI: LAPIC_NMI (acpi_id[0x0f] high edge lint[0x1])
[    0.040828] IOAPIC[0]: apic_id 33, version 33, address 0xfec00000, GSI 0-23
[    0.040833] IOAPIC[1]: apic_id 34, version 33, address 0xfec01000, GSI 24-55
[    0.040834] ACPI: INT_SRC_OVR (bus 0 bus_irq 0 global_irq 2 dfl dfl)
[    0.040836] ACPI: INT_SRC_OVR (bus 0 bus_irq 9 global_irq 9 low level)
[    0.040839] ACPI: Using ACPI (MADT) for SMP configuration information
[    0.040840] ACPI: HPET id: 0x10228210 base: 0xfed00000
[    0.040848] e820: update [mem 0xb3636000-0xb363bfff] usable ==> reserved
[    0.040858] smpboot: Allowing 16 CPUs, 10 hotplug CPUs
[    0.040882] PM: hibernation: Registered nosave memory: [mem 0x00000000-0x00000fff]
[    0.040884] PM: hibernation: Registered nosave memory: [mem 0x0009f000-0x000bffff]
[    0.040885] PM: hibernation: Registered nosave memory: [mem 0x000c0000-0x000fffff]
[    0.040887] PM: hibernation: Registered nosave memory: [mem 0x09b00000-0x09dfffff]
[    0.040888] PM: hibernation: Registered nosave memory: [mem 0x09f00000-0x09f0ffff]
[    0.040889] PM: hibernation: Registered nosave memory: [mem 0xb3636000-0xb363bfff]
[    0.040891] PM: hibernation: Registered nosave memory: [mem 0xbab69000-0xbbd68fff]
[    0.040892] PM: hibernation: Registered nosave memory: [mem 0xc9f7f000-0xcaf7efff]
[    0.040893] PM: hibernation: Registered nosave memory: [mem 0xcaf7f000-0xccf7efff]
[    0.040894] PM: hibernation: Registered nosave memory: [mem 0xccf7f000-0xcdf7efff]
[    0.040894] PM: hibernation: Registered nosave memory: [mem 0xcdf7f000-0xcdffefff]
[    0.040895] PM: hibernation: Registered nosave memory: [mem 0xce000000-0xceffffff]
[    0.040896] PM: hibernation: Registered nosave memory: [mem 0xcf000000-0xf7ffffff]
[    0.040896] PM: hibernation: Registered nosave memory: [mem 0xf8000000-0xfbffffff]
[    0.040897] PM: hibernation: Registered nosave memory: [mem 0xfc000000-0xfddfffff]
[    0.040897] PM: hibernation: Registered nosave memory: [mem 0xfde00000-0xfdefffff]
[    0.040898] PM: hibernation: Registered nosave memory: [mem 0xfdf00000-0xfebfffff]
[    0.040899] PM: hibernation: Registered nosave memory: [mem 0xfec00000-0xfec00fff]
[    0.040899] PM: hibernation: Registered nosave memory: [mem 0xfec01000-0xfec0ffff]
[    0.040900] PM: hibernation: Registered nosave memory: [mem 0xfec10000-0xfec10fff]
[    0.040900] PM: hibernation: Registered nosave memory: [mem 0xfec11000-0xfec1ffff]
[    0.040901] PM: hibernation: Registered nosave memory: [mem 0xfec20000-0xfec20fff]
[    0.040901] PM: hibernation: Registered nosave memory: [mem 0xfec21000-0xfed7ffff]
[    0.040902] PM: hibernation: Registered nosave memory: [mem 0xfed80000-0xfed80fff]
[    0.040902] PM: hibernation: Registered nosave memory: [mem 0xfed81000-0xfedfffff]
[    0.040903] PM: hibernation: Registered nosave memory: [mem 0xfee00000-0xfee00fff]
[    0.040903] PM: hibernation: Registered nosave memory: [mem 0xfee01000-0xfeffffff]
[    0.040904] PM: hibernation: Registered nosave memory: [mem 0xff000000-0xfff2ffff]
[    0.040904] PM: hibernation: Registered nosave memory: [mem 0xfff30000-0xffffffff]
[    0.040905] [mem 0xcf000000-0xf7ffffff] available for PCI devices
[    0.040906] Booting paravirtualized kernel on bare hardware
[    0.040909] clocksource: refined-jiffies: mask: 0xffffffff max_cycles: 0xffffffff, max_idle_ns: 6370452778343963 ns
[    0.044571] setup_percpu: NR_CPUS:320 nr_cpumask_bits:320 nr_cpu_ids:16 nr_node_ids:1
[    0.045185] percpu: Embedded 61 pages/cpu s212992 r8192 d28672 u262144
[    0.045193] pcpu-alloc: s212992 r8192 d28672 u262144 alloc=1*2097152
[    0.045195] pcpu-alloc: [0] 00 01 02 03 04 05 06 07 [0] 08 09 10 11 12 13 14 15 
[    0.045221] Fallback order for Node 0: 0 
[    0.045224] Built 1 zonelists, mobility grouping on.  Total pages: 3966649
[    0.045225] Policy zone: Normal
[    0.045226] Kernel command line: BOOT_IMAGE=/boot/vmlinuz-linux root=UUID=4a1e3b32-c022-4157-be6c-5f37d4e06cdf rw quiet resume=UUID=d8ba5b72-ed10-49e7-94e8-1b4f0c08b046 loglevel=3 audit=1 lsm=landlock,lockdown,yama,apparmor,bpf l1tf=full,force mds=full,nosmt mitigations=auto,nosmt nosmt=force pcie_aspm=force init_on_alloc=1 init_on_free=1 randomize_kstack_offset=on slab_nomerge pti=on slub_debug=ZF slub_debug=P page_poison=1 mem_encrypt=on vsyscall=nonei amd_iommu=force_isolation amdgpu.vm_update_mode=0 amdgpu.gpu_recovery=1 amdgpu.virtual_display=NULL amdgpu.audio=0 amdgpu.lbpw=1 amdgpu.tmz=1 amdgpu.freesync_video=1 fsck.mode=force fsck.repair=yes
[    0.045281] audit: enabled (after initialization)
[    0.045325] PCIe ASPM is forcibly enabled
[    0.045388] mem auto-init: SLAB_POISON will take precedence over init_on_alloc/init_on_free
[    0.045504] Unknown kernel command line parameters "BOOT_IMAGE=/boot/vmlinuz-linux pti=on mem_encrypt=on", will be passed to user space.
[    0.047333] Dentry cache hash table entries: 2097152 (order: 12, 16777216 bytes, linear)
[    0.048248] Inode-cache hash table entries: 1048576 (order: 11, 8388608 bytes, linear)
[    0.048305] mem auto-init: CONFIG_PAGE_POISONING is on, will take precedence over init_on_alloc and init_on_free
[    0.048542] mem auto-init: stack:byref_all(zero), heap alloc:off, heap free:off
[    1.656893] Memory: 15562624K/16119096K available (14344K kernel code, 2079K rwdata, 10936K rodata, 1784K init, 3864K bss, 556212K reserved, 0K cma-reserved)
[    1.656898] **********************************************************
[    1.656899] **   NOTICE NOTICE NOTICE NOTICE NOTICE NOTICE NOTICE   **
[    1.656899] **                                                      **
[    1.656900] ** This system shows unhashed kernel memory addresses   **
[    1.656900] ** via the console, logs, and other interfaces. This    **
[    1.656901] ** might reduce the security of your system.            **
[    1.656901] **                                                      **
[    1.656901] ** If you see this message and you are not debugging    **
[    1.656902] ** the kernel, report this immediately to your system   **
[    1.656902] ** administrator!                                       **
[    1.656902] **                                                      **
[    1.656903] **   NOTICE NOTICE NOTICE NOTICE NOTICE NOTICE NOTICE   **
[    1.656903] **********************************************************
[    1.656905] random: get_random_u64 called from __kmem_cache_create+0x2a/0x550 with crng_init=0
[    1.657062] SLUB: HWalign=64, Order=0-3, MinObjects=0, CPUs=16, Nodes=1
[    1.657078] Kernel/User page tables isolation: enabled
[    1.657099] ftrace: allocating 45089 entries in 177 pages
[    1.668663] ftrace: allocated 177 pages with 4 groups
[    1.668758] Dynamic Preempt: full
[    1.668801] rcu: Preemptible hierarchical RCU implementation.
[    1.668802] rcu: 	RCU dyntick-idle grace-period acceleration is enabled.
[    1.668802] rcu: 	RCU restricting CPUs from NR_CPUS=320 to nr_cpu_ids=16.
[    1.668803] rcu: 	RCU priority boosting: priority 1 delay 500 ms.
[    1.668804] 	Trampoline variant of Tasks RCU enabled.
[    1.668804] 	Rude variant of Tasks RCU enabled.
[    1.668805] 	Tracing variant of Tasks RCU enabled.
[    1.668805] rcu: RCU calculated value of scheduler-enlistment delay is 30 jiffies.
[    1.668806] rcu: Adjusting geometry for rcu_fanout_leaf=16, nr_cpu_ids=16
[    1.672275] NR_IRQS: 20736, nr_irqs: 1096, preallocated irqs: 16
[    1.672533] kfence: initialized - using 2097152 bytes for 255 objects at 0xffff8cf57dc00000-0xffff8cf57de00000
[    1.672698] Console: colour dummy device 80x25
[    1.672710] printk: console [tty0] enabled
[    1.672730] ACPI: Core revision 20210930
[    1.672948] clocksource: hpet: mask: 0xffffffff max_cycles: 0xffffffff, max_idle_ns: 133484873504 ns
[    1.672966] APIC: Switch to symmetric I/O mode setup
[    1.673740] AMD-Vi: ivrs, add hid:AMDI0020, uid:\_SB.FUR0, rdevid:160
[    1.673742] AMD-Vi: ivrs, add hid:AMDI0020, uid:\_SB.FUR1, rdevid:160
[    1.673743] AMD-Vi: ivrs, add hid:AMDI0020, uid:\_SB.FUR2, rdevid:160
[    1.673743] AMD-Vi: ivrs, add hid:AMDI0020, uid:\_SB.FUR3, rdevid:160
[    1.674042] Switched APIC routing to physical flat.
[    1.674799] ..TIMER: vector=0x30 apic1=0 pin1=2 apic2=-1 pin2=-1
[    1.689640] clocksource: tsc-early: mask: 0xffffffffffffffff max_cycles: 0x222b34787f5, max_idle_ns: 440795310560 ns
[    1.689647] Calibrating delay loop (skipped), value calculated using timer frequency.. 4742.45 BogoMIPS (lpj=7901526)
[    1.689650] pid_max: default: 32768 minimum: 301
[    1.713022] LSM: Security Framework initializing
[    1.713039] landlock: Up and running.
[    1.713040] Yama: becoming mindful.
[    1.713073] AppArmor: AppArmor initialized
[    1.713075] LSM support for eBPF active
[    1.713114] Mount-cache hash table entries: 32768 (order: 6, 262144 bytes, linear)
[    1.713142] Mountpoint-cache hash table entries: 32768 (order: 6, 262144 bytes, linear)
[    1.713391] x86/cpu: User Mode Instruction Prevention (UMIP) activated
[    1.713428] LVT offset 1 assigned for vector 0xf9
[    1.713488] LVT offset 2 assigned for vector 0xf4
[    1.713504] Last level iTLB entries: 4KB 1024, 2MB 1024, 4MB 512
[    1.713505] Last level dTLB entries: 4KB 2048, 2MB 2048, 4MB 1024, 1GB 0
[    1.713509] Spectre V1 : Mitigation: usercopy/swapgs barriers and __user pointer sanitization
[    1.713512] Spectre V2 : Mitigation: Full AMD retpoline
[    1.713512] Spectre V2 : Spectre v2 / SpectreRSB mitigation: Filling RSB on context switch
[    1.713513] Spectre V2 : Enabling Restricted Speculation for firmware calls
[    1.713514] Spectre V2 : mitigation: Enabling conditional Indirect Branch Prediction Barrier
[    1.713516] Speculative Store Bypass: Mitigation: Speculative Store Bypass disabled via prctl
[    1.717433] Freeing SMP alternatives memory: 36K
[    1.827473] smpboot: CPU0: AMD Ryzen 5 4500U with Radeon Graphics (family: 0x17, model: 0x60, stepping: 0x1)
[    1.827645] Performance Events: Fam17h+ core perfctr, AMD PMU driver.
[    1.827650] ... version:                0
[    1.827650] ... bit width:              48
[    1.827651] ... generic registers:      6
[    1.827651] ... value mask:             0000ffffffffffff
[    1.827652] ... max period:             00007fffffffffff
[    1.827653] ... fixed-purpose events:   0
[    1.827653] ... event mask:             000000000000003f
[    1.827719] rcu: Hierarchical SRCU implementation.
[    1.828245] NMI watchdog: Enabled. Permanently consumes one hw-PMU counter.
[    1.828451] smp: Bringing up secondary CPUs ...
[    1.828570] x86: Booting SMP configuration:
[    1.828571] .... node  #0, CPUs:        #1  #2  #3
[    1.832084] TSC synchronization [CPU#0 -> CPU#3]:
[    1.832086] Measured 3515 cycles TSC warp between CPUs, turning off TSC clock.
[    1.832087] tsc: Marking TSC unstable due to check_tsc_sync_source failed
[    1.833105]   #4  #5
[    1.833375] smp: Brought up 1 node, 6 CPUs
[    1.833375] smpboot: Max logical packages: 3
[    1.833375] smpboot: Total of 6 processors activated (28456.72 BogoMIPS)
[    1.836881] devtmpfs: initialized
[    1.836881] x86/mm: Memory block size: 128MB
[    1.837468] ACPI: PM: Registering ACPI NVS region [mem 0x09f00000-0x09f0ffff] (65536 bytes)
[    1.837468] ACPI: PM: Registering ACPI NVS region [mem 0xccf7f000-0xcdf7efff] (16777216 bytes)
[    1.837468] clocksource: jiffies: mask: 0xffffffff max_cycles: 0xffffffff, max_idle_ns: 6370867519511994 ns
[    1.837468] futex hash table entries: 4096 (order: 6, 262144 bytes, linear)
[    1.837468] pinctrl core: initialized pinctrl subsystem
[    1.837468] PM: RTC time: 21:34:35, date: 2022-02-22
[    1.839933] NET: Registered PF_NETLINK/PF_ROUTE protocol family
[    1.840307] DMA: preallocated 2048 KiB GFP_KERNEL pool for atomic allocations
[    1.840518] DMA: preallocated 2048 KiB GFP_KERNEL|GFP_DMA pool for atomic allocations
[    1.840676] DMA: preallocated 2048 KiB GFP_KERNEL|GFP_DMA32 pool for atomic allocations
[    1.840699] audit: initializing netlink subsys (enabled)
[    1.840720] audit: type=2000 audit(1645565674.166:1): state=initialized audit_enabled=1 res=1
[    1.840720] thermal_sys: Registered thermal governor 'fair_share'
[    1.840720] thermal_sys: Registered thermal governor 'bang_bang'
[    1.840720] thermal_sys: Registered thermal governor 'step_wise'
[    1.840720] thermal_sys: Registered thermal governor 'user_space'
[    1.840720] thermal_sys: Registered thermal governor 'power_allocator'
[    1.840720] cpuidle: using governor ladder
[    1.840720] cpuidle: using governor menu
[    1.840720] Simple Boot Flag at 0x44 set to 0x1
[    1.840720] HugeTLB: can free 4094 vmemmap pages for hugepages-1048576kB
[    1.840720] acpiphp: ACPI Hot Plug PCI Controller Driver version: 0.5
[    1.840720] PCI: MMCONFIG for domain 0000 [bus 00-3f] at [mem 0xf8000000-0xfbffffff] (base 0xf8000000)
[    1.840720] PCI: MMCONFIG at [mem 0xf8000000-0xfbffffff] reserved in E820
[    1.840720] PCI: Using configuration type 1 for base access
[    1.843234] kprobes: kprobe jump-optimization is enabled. All kprobes are optimized if possible.
[    1.843316] HugeTLB: can free 6 vmemmap pages for hugepages-2048kB
[    1.843316] HugeTLB registered 1.00 GiB page size, pre-allocated 0 pages
[    1.843316] HugeTLB registered 2.00 MiB page size, pre-allocated 0 pages
[    1.843316] ACPI: Added _OSI(Module Device)
[    1.843316] ACPI: Added _OSI(Processor Device)
[    1.843316] ACPI: Added _OSI(3.0 _SCP Extensions)
[    1.843316] ACPI: Added _OSI(Processor Aggregator Device)
[    1.843316] ACPI: Added _OSI(Linux-Dell-Video)
[    1.843316] ACPI: Added _OSI(Linux-Lenovo-NV-HDMI-Audio)
[    1.843316] ACPI: Added _OSI(Linux-HPI-Hybrid-Graphics)
[    1.860769] ACPI: 18 ACPI AML tables successfully acquired and loaded
[    1.862331] ACPI: [Firmware Bug]: BIOS _OSI(Linux) query ignored
[    1.865361] ACPI: EC: EC started
[    1.865362] ACPI: EC: interrupt blocked
[    1.867662] ACPI: EC: EC_CMD/EC_SC=0x66, EC_DATA=0x62
[    1.867664] ACPI: \_SB_.PCI0.LPC0.EC0_: Boot DSDT EC used to handle transactions
[    1.867665] ACPI: Interpreter enabled
[    1.867679] ACPI: PM: (supports S0 S4 S5)
[    1.867681] ACPI: Using IOAPIC for interrupt routing
[    1.867888] PCI: Using host bridge windows from ACPI; if necessary, use "pci=nocrs" and report a bug
[    1.870997] ACPI: PM: Power Resource [P0U0]
[    1.871129] ACPI: PM: Power Resource [P3U0]
[    1.871867] ACPI: PM: Power Resource [P0U1]
[    1.872002] ACPI: PM: Power Resource [P3U1]
[    1.872638] ACPI: PM: Power Resource [P0S0]
[    1.872676] ACPI: PM: Power Resource [P3S0]
[    1.872831] ACPI: PM: Power Resource [P0S1]
[    1.872868] ACPI: PM: Power Resource [P3S1]
[    1.878784] ACPI: PCI Root Bridge [PCI0] (domain 0000 [bus 00-ff])
[    1.878790] acpi PNP0A08:00: _OSC: OS supports [ExtendedConfig ASPM ClockPM Segments MSI EDR HPX-Type3]
[    1.878909] acpi PNP0A08:00: _OSC: platform does not support [SHPCHotplug LTR DPC]
[    1.879125] acpi PNP0A08:00: _OSC: OS now controls [PCIeHotplug PME AER PCIeCapability]
[    1.879136] acpi PNP0A08:00: [Firmware Info]: MMCONFIG for domain 0000 [bus 00-3f] only partially covers this bridge
[    1.879475] PCI host bridge to bus 0000:00
[    1.879477] pci_bus 0000:00: root bus resource [io  0x0000-0x0cf7 window]
[    1.879479] pci_bus 0000:00: root bus resource [io  0x0d00-0xffff window]
[    1.879480] pci_bus 0000:00: root bus resource [mem 0x000a0000-0x000bffff window]
[    1.879481] pci_bus 0000:00: root bus resource [mem 0x000c0000-0x000cffff window]
[    1.879482] pci_bus 0000:00: root bus resource [mem 0x000d0000-0x000effff window]
[    1.879483] pci_bus 0000:00: root bus resource [mem 0xd0000000-0xf7ffffff window]
[    1.879484] pci_bus 0000:00: root bus resource [mem 0xfc000000-0xfed3ffff window]
[    1.879485] pci_bus 0000:00: root bus resource [mem 0x450200000-0xfcffffffff window]
[    1.879486] pci_bus 0000:00: root bus resource [bus 00-ff]
[    1.879498] pci 0000:00:00.0: [1022:1630] type 00 class 0x060000
[    1.879560] pci 0000:00:00.2: [1022:1631] type 00 class 0x080600
[    1.879629] pci 0000:00:01.0: [1022:1632] type 00 class 0x060000
[    1.879686] pci 0000:00:02.0: [1022:1632] type 00 class 0x060000
[    1.879742] pci 0000:00:08.0: [1022:1632] type 00 class 0x060000
[    1.879788] pci 0000:00:08.1: [1022:1635] type 01 class 0x060400
[    1.879808] pci 0000:00:08.1: enabling Extended Tags
[    1.879837] pci 0000:00:08.1: PME# supported from D0 D3hot D3cold
[    1.879943] pci 0000:00:08.2: [1022:1635] type 01 class 0x060400
[    1.879963] pci 0000:00:08.2: enabling Extended Tags
[    1.879991] pci 0000:00:08.2: PME# supported from D0 D3hot D3cold
[    1.880088] pci 0000:00:14.0: [1022:790b] type 00 class 0x0c0500
[    1.880211] pci 0000:00:14.3: [1022:790e] type 00 class 0x060100
[    1.880339] pci 0000:00:18.0: [1022:1448] type 00 class 0x060000
[    1.880370] pci 0000:00:18.1: [1022:1449] type 00 class 0x060000
[    1.880397] pci 0000:00:18.2: [1022:144a] type 00 class 0x060000
[    1.880424] pci 0000:00:18.3: [1022:144b] type 00 class 0x060000
[    1.880453] pci 0000:00:18.4: [1022:144c] type 00 class 0x060000
[    1.880483] pci 0000:00:18.5: [1022:144d] type 00 class 0x060000
[    1.880511] pci 0000:00:18.6: [1022:144e] type 00 class 0x060000
[    1.880538] pci 0000:00:18.7: [1022:144f] type 00 class 0x060000
[    1.880658] pci 0000:01:00.0: [1002:1636] type 00 class 0x030000
[    1.880668] pci 0000:01:00.0: reg 0x10: [mem 0xfce0000000-0xfcefffffff 64bit pref]
[    1.880675] pci 0000:01:00.0: reg 0x18: [mem 0xfcf0000000-0xfcf01fffff 64bit pref]
[    1.880680] pci 0000:01:00.0: reg 0x20: [io  0x1000-0x10ff]
[    1.880685] pci 0000:01:00.0: reg 0x24: [mem 0xd0400000-0xd047ffff]
[    1.880693] pci 0000:01:00.0: enabling Extended Tags
[    1.880705] pci 0000:01:00.0: BAR 0: assigned to efifb
[    1.880740] pci 0000:01:00.0: PME# supported from D1 D2 D3hot D3cold
[    1.880838] pci 0000:01:00.1: [1002:1637] type 00 class 0x040300
[    1.880844] pci 0000:01:00.1: reg 0x10: [mem 0xd04c8000-0xd04cbfff]
[    1.880864] pci 0000:01:00.1: enabling Extended Tags
[    1.880891] pci 0000:01:00.1: PME# supported from D1 D2 D3hot D3cold
[    1.880960] pci 0000:01:00.2: [1022:15df] type 00 class 0x108000
[    1.880972] pci 0000:01:00.2: reg 0x18: [mem 0xd0300000-0xd03fffff]
[    1.880981] pci 0000:01:00.2: reg 0x24: [mem 0xd04cc000-0xd04cdfff]
[    1.880987] pci 0000:01:00.2: enabling Extended Tags
[    1.881078] pci 0000:01:00.3: [1022:1639] type 00 class 0x0c0330
[    1.881088] pci 0000:01:00.3: reg 0x10: [mem 0xd0100000-0xd01fffff 64bit]
[    1.881110] pci 0000:01:00.3: enabling Extended Tags
[    1.881138] pci 0000:01:00.3: PME# supported from D0 D3hot D3cold
[    1.881207] pci 0000:01:00.4: [1022:1639] type 00 class 0x0c0330
[    1.881216] pci 0000:01:00.4: reg 0x10: [mem 0xd0200000-0xd02fffff 64bit]
[    1.881238] pci 0000:01:00.4: enabling Extended Tags
[    1.881267] pci 0000:01:00.4: PME# supported from D0 D3hot D3cold
[    1.881340] pci 0000:01:00.5: [1022:15e2] type 00 class 0x048000
[    1.881347] pci 0000:01:00.5: reg 0x10: [mem 0xd0480000-0xd04bffff]
[    1.881366] pci 0000:01:00.5: enabling Extended Tags
[    1.881394] pci 0000:01:00.5: PME# supported from D0 D3hot D3cold
[    1.881462] pci 0000:01:00.6: [1022:15e3] type 00 class 0x040300
[    1.881468] pci 0000:01:00.6: reg 0x10: [mem 0xd04c0000-0xd04c7fff]
[    1.881488] pci 0000:01:00.6: enabling Extended Tags
[    1.881515] pci 0000:01:00.6: PME# supported from D0 D3hot D3cold
[    1.881599] pci 0000:00:08.1: PCI bridge to [bus 01]
[    1.881601] pci 0000:00:08.1:   bridge window [io  0x1000-0x1fff]
[    1.881603] pci 0000:00:08.1:   bridge window [mem 0xd0100000-0xd04fffff]
[    1.881606] pci 0000:00:08.1:   bridge window [mem 0xfce0000000-0xfcf01fffff 64bit pref]
[    1.881656] pci 0000:02:00.0: [1022:7901] type 00 class 0x010601
[    1.881682] pci 0000:02:00.0: reg 0x24: [mem 0xd0001000-0xd00017ff]
[    1.881690] pci 0000:02:00.0: enabling Extended Tags
[    1.881803] pci 0000:02:00.1: [1022:7901] type 00 class 0x010601
[    1.881829] pci 0000:02:00.1: reg 0x24: [mem 0xd0000000-0xd00007ff]
[    1.881836] pci 0000:02:00.1: enabling Extended Tags
[    1.881937] pci 0000:00:08.2: PCI bridge to [bus 02]
[    1.881941] pci 0000:00:08.2:   bridge window [mem 0xd0000000-0xd00fffff]
[    1.883636] ACPI: PCI: Interrupt link LNKA configured for IRQ 0
[    1.883637] ACPI: PCI: Interrupt link LNKA disabled
[    1.883728] ACPI: PCI: Interrupt link LNKB configured for IRQ 0
[    1.883729] ACPI: PCI: Interrupt link LNKB disabled
[    1.883800] ACPI: PCI: Interrupt link LNKC configured for IRQ 0
[    1.883801] ACPI: PCI: Interrupt link LNKC disabled
[    1.883889] ACPI: PCI: Interrupt link LNKD configured for IRQ 0
[    1.883890] ACPI: PCI: Interrupt link LNKD disabled
[    1.883975] ACPI: PCI: Interrupt link LNKE configured for IRQ 0
[    1.883976] ACPI: PCI: Interrupt link LNKE disabled
[    1.884042] ACPI: PCI: Interrupt link LNKF configured for IRQ 0
[    1.884042] ACPI: PCI: Interrupt link LNKF disabled
[    1.884108] ACPI: PCI: Interrupt link LNKG configured for IRQ 0
[    1.884109] ACPI: PCI: Interrupt link LNKG disabled
[    1.884174] ACPI: PCI: Interrupt link LNKH configured for IRQ 0
[    1.884175] ACPI: PCI: Interrupt link LNKH disabled
[    1.886157] ACPI: EC: interrupt unblocked
[    1.886159] ACPI: EC: event unblocked
[    1.886163] ACPI: EC: EC_CMD/EC_SC=0x66, EC_DATA=0x62
[    1.886164] ACPI: EC: GPE=0x3
[    1.886165] ACPI: \_SB_.PCI0.LPC0.EC0_: Boot DSDT EC initialization complete
[    1.886167] ACPI: \_SB_.PCI0.LPC0.EC0_: EC: Used to handle transactions and events
[    1.886194] iommu: Default domain type: Translated 
[    1.886194] iommu: DMA domain TLB invalidation policy: lazy mode 
[    1.886324] pci 0000:01:00.0: vgaarb: VGA device added: decodes=io+mem,owns=none,locks=none
[    1.886327] pci 0000:01:00.0: vgaarb: bridge control possible
[    1.886328] pci 0000:01:00.0: vgaarb: setting as boot device
[    1.886329] vgaarb: loaded
[    1.886520] SCSI subsystem initialized
[    1.886531] libata version 3.00 loaded.
[    1.886531] ACPI: bus type USB registered
[    1.886531] usbcore: registered new interface driver usbfs
[    1.886531] usbcore: registered new interface driver hub
[    1.886531] usbcore: registered new device driver usb
[    1.887861] pps_core: LinuxPPS API ver. 1 registered
[    1.887862] pps_core: Software ver. 5.3.6 - Copyright 2005-2007 Rodolfo Giometti <giometti@linux.it>
[    1.887865] PTP clock support registered
[    1.887872] EDAC MC: Ver: 3.0.0
[    1.887919] Registered efivars operations
[    1.889782] NetLabel: Initializing
[    1.889783] NetLabel:  domain hash size = 128
[    1.889784] NetLabel:  protocols = UNLABELED CIPSOv4 CALIPSO
[    1.889807] NetLabel:  unlabeled traffic allowed by default
[    1.889810] mctp: management component transport protocol core
[    1.889810] NET: Registered PF_MCTP protocol family
[    1.889816] PCI: Using ACPI for IRQ routing
[    1.889805] audit: type=1409 audit(1645565674.216:2): netlabel: auid=0 ses=0 subj==unconfined nlbl_domain=(default) nlbl_protocol=unlbl res=1
[    1.889805] audit: type=1406 audit(1645565674.216:3): netlabel: auid=0 ses=0 subj==unconfined unlbl_accept=1 old=0
[    1.891879] PCI: pci_cache_line_size set to 64 bytes
[    1.891911] e820: reserve RAM buffer [mem 0x0009f000-0x0009ffff]
[    1.891913] e820: reserve RAM buffer [mem 0x09b00000-0x0bffffff]
[    1.891914] e820: reserve RAM buffer [mem 0x09f00000-0x0bffffff]
[    1.891914] e820: reserve RAM buffer [mem 0xb3636000-0xb3ffffff]
[    1.891916] e820: reserve RAM buffer [mem 0xbab69000-0xbbffffff]
[    1.891916] e820: reserve RAM buffer [mem 0xc9f7f000-0xcbffffff]
[    1.891917] e820: reserve RAM buffer [mem 0xce000000-0xcfffffff]
[    1.891918] e820: reserve RAM buffer [mem 0x40f340000-0x40fffffff]
[    1.891923] hpet0: at MMIO 0xfed00000, IRQs 2, 8, 0
[    1.891923] hpet0: 3 comparators, 32-bit 14.318180 MHz counter
[    1.894315] clocksource: Switched to clocksource hpet
[    1.902779] VFS: Disk quotas dquot_6.6.0
[    1.902798] VFS: Dquot-cache hash table entries: 512 (order 0, 4096 bytes)
[    1.902941] AppArmor: AppArmor Filesystem Enabled
[    1.903016] pnp: PnP ACPI init
[    1.903224] audit: type=1400 audit(1645565674.219:4): apparmor="STATUS" info="AppArmor Filesystem Enabled" pid=1 comm="swapper/0"
[    1.903291] system 00:00: [mem 0xfec00000-0xfec01fff] could not be reserved
[    1.903296] system 00:00: [mem 0xfee00000-0xfee00fff] has been reserved
[    1.903298] system 00:00: [mem 0xfde00000-0xfdefffff] has been reserved
[    1.903531] system 00:03: [io  0x0400-0x04cf] has been reserved
[    1.903532] system 00:03: [io  0x04d0-0x04d1] has been reserved
[    1.903534] system 00:03: [io  0x04d6] has been reserved
[    1.903535] system 00:03: [io  0x0c00-0x0c01] has been reserved
[    1.903536] system 00:03: [io  0x0c14] has been reserved
[    1.903537] system 00:03: [io  0x0c50-0x0c52] has been reserved
[    1.903538] system 00:03: [io  0x0c6c] has been reserved
[    1.903539] system 00:03: [io  0x0c6f] has been reserved
[    1.903540] system 00:03: [io  0x0cd0-0x0cdb] has been reserved
[    1.903609] system 00:04: [mem 0x000e0000-0x000fffff] could not be reserved
[    1.903611] system 00:04: [mem 0xff000000-0xffffffff] could not be reserved
[    1.909926] pnp: PnP ACPI: found 5 devices
[    1.918619] clocksource: acpi_pm: mask: 0xffffff max_cycles: 0xffffff, max_idle_ns: 2085701024 ns
[    1.918775] NET: Registered PF_INET protocol family
[    1.919341] IP idents hash table entries: 262144 (order: 9, 2097152 bytes, linear)
[    1.921197] tcp_listen_portaddr_hash hash table entries: 8192 (order: 5, 131072 bytes, linear)
[    1.921310] TCP established hash table entries: 131072 (order: 8, 1048576 bytes, linear)
[    1.921680] TCP bind hash table entries: 65536 (order: 8, 1048576 bytes, linear)
[    1.921748] TCP: Hash tables configured (established 131072 bind 65536)
[    1.921898] MPTCP token hash table entries: 16384 (order: 6, 393216 bytes, linear)
[    1.921959] UDP hash table entries: 8192 (order: 6, 262144 bytes, linear)
[    1.922008] UDP-Lite hash table entries: 8192 (order: 6, 262144 bytes, linear)
[    1.922089] NET: Registered PF_UNIX/PF_LOCAL protocol family
[    1.922095] NET: Registered PF_XDP protocol family
[    1.922108] pci 0000:00:08.1: PCI bridge to [bus 01]
[    1.922112] pci 0000:00:08.1:   bridge window [io  0x1000-0x1fff]
[    1.922115] pci 0000:00:08.1:   bridge window [mem 0xd0100000-0xd04fffff]
[    1.922117] pci 0000:00:08.1:   bridge window [mem 0xfce0000000-0xfcf01fffff 64bit pref]
[    1.922121] pci 0000:00:08.2: PCI bridge to [bus 02]
[    1.922123] pci 0000:00:08.2:   bridge window [mem 0xd0000000-0xd00fffff]
[    1.922128] pci_bus 0000:00: resource 4 [io  0x0000-0x0cf7 window]
[    1.922130] pci_bus 0000:00: resource 5 [io  0x0d00-0xffff window]
[    1.922131] pci_bus 0000:00: resource 6 [mem 0x000a0000-0x000bffff window]
[    1.922132] pci_bus 0000:00: resource 7 [mem 0x000c0000-0x000cffff window]
[    1.922133] pci_bus 0000:00: resource 8 [mem 0x000d0000-0x000effff window]
[    1.922133] pci_bus 0000:00: resource 9 [mem 0xd0000000-0xf7ffffff window]
[    1.922134] pci_bus 0000:00: resource 10 [mem 0xfc000000-0xfed3ffff window]
[    1.922135] pci_bus 0000:00: resource 11 [mem 0x450200000-0xfcffffffff window]
[    1.922137] pci_bus 0000:01: resource 0 [io  0x1000-0x1fff]
[    1.922137] pci_bus 0000:01: resource 1 [mem 0xd0100000-0xd04fffff]
[    1.922138] pci_bus 0000:01: resource 2 [mem 0xfce0000000-0xfcf01fffff 64bit pref]
[    1.922140] pci_bus 0000:02: resource 1 [mem 0xd0000000-0xd00fffff]
[    1.922281] pci 0000:01:00.1: D0 power state depends on 0000:01:00.0
[    1.922292] pci 0000:01:00.3: extending delay after power-on from D3hot to 20 msec
[    1.924039] pci 0000:01:00.4: extending delay after power-on from D3hot to 20 msec
[    1.935292] pci 0000:01:00.4: quirk_usb_early_handoff+0x0/0x750 took 10986 usecs
[    1.935305] PCI: CLS 64 bytes, default 64
[    1.935318] pci 0000:00:00.2: AMD-Vi: IOMMU performance counters supported
[    1.935377] Trying to unpack rootfs image as initramfs...
[    1.935380] pci 0000:00:00.2: can't derive routing for PCI INT A
[    1.935381] pci 0000:00:00.2: PCI INT A: not connected
[    1.935399] pci 0000:00:01.0: Adding to iommu group 0
[    1.935412] pci 0000:00:02.0: Adding to iommu group 1
[    1.935428] pci 0000:00:08.0: Adding to iommu group 2
[    1.935436] pci 0000:00:08.1: Adding to iommu group 2
[    1.935449] pci 0000:00:08.2: Adding to iommu group 2
[    1.935462] pci 0000:00:14.0: Adding to iommu group 3
[    1.935469] pci 0000:00:14.3: Adding to iommu group 3
[    1.935495] pci 0000:00:18.0: Adding to iommu group 4
[    1.935502] pci 0000:00:18.1: Adding to iommu group 4
[    1.935510] pci 0000:00:18.2: Adding to iommu group 4
[    1.935518] pci 0000:00:18.3: Adding to iommu group 4
[    1.935525] pci 0000:00:18.4: Adding to iommu group 4
[    1.935533] pci 0000:00:18.5: Adding to iommu group 4
[    1.935540] pci 0000:00:18.6: Adding to iommu group 4
[    1.935550] pci 0000:00:18.7: Adding to iommu group 4
[    1.935557] pci 0000:01:00.0: Adding to iommu group 2
[    1.935562] pci 0000:01:00.1: Adding to iommu group 2
[    1.935567] pci 0000:01:00.2: Adding to iommu group 2
[    1.935573] pci 0000:01:00.3: Adding to iommu group 2
[    1.935579] pci 0000:01:00.4: Adding to iommu group 2
[    1.935587] pci 0000:01:00.5: Adding to iommu group 2
[    1.935592] pci 0000:01:00.6: Adding to iommu group 2
[    1.935600] pci 0000:02:00.0: Adding to iommu group 2
[    1.935605] pci 0000:02:00.1: Adding to iommu group 2
[    1.937163] pci 0000:00:00.2: AMD-Vi: Found IOMMU cap 0x40
[    1.937166] AMD-Vi: Extended features (0x206d73ef22254ade): PPR X2APIC NX GT IA GA PC GA_vAPIC
[    1.937171] AMD-Vi: Interrupt remapping enabled
[    1.937171] AMD-Vi: Virtual APIC enabled
[    1.937171] AMD-Vi: X2APIC enabled
[    1.937343] software IO TLB: tearing down default memory pool
[    1.945268] LVT offset 0 assigned for vector 0x400
[    1.945738] perf: AMD IBS detected (0x000003ff)
[    1.945744] perf/amd_iommu: Detected AMD IOMMU #0 (2 banks, 4 counters/bank).
[    1.947790] Initialise system trusted keyrings
[    1.947805] Key type blacklist registered
[    1.947891] workingset: timestamp_bits=41 max_order=22 bucket_order=0
[    1.949318] zbud: loaded
[    1.952408] Key type asymmetric registered
[    1.952410] Asymmetric key parser 'x509' registered
[    1.952435] Block layer SCSI generic (bsg) driver version 0.4 loaded (major 242)
[    1.952622] io scheduler mq-deadline registered
[    1.952624] io scheduler kyber registered
[    1.952654] io scheduler bfq registered
[    1.953514] pcieport 0000:00:08.1: PME: Signaling with IRQ 26
[    1.953729] pcieport 0000:00:08.2: PME: Signaling with IRQ 27
[    1.953810] shpchp: Standard Hot Plug PCI Controller Driver version: 0.4
[    1.955132] ACPI: AC: AC Adapter [ACAD] (off-line)
[    1.955173] input: Power Button as /devices/LNXSYSTM:00/LNXSYBUS:00/PNP0C0C:00/input/input0
[    1.955196] ACPI: button: Power Button [PWRB]
[    1.955224] input: Lid Switch as /devices/LNXSYSTM:00/LNXSYBUS:00/PNP0A08:00/device:2a/PNP0C09:00/PNP0C0D:00/input/input1
[    1.955237] ACPI: button: Lid Switch [LID0]
[    1.955317] Monitor-Mwait will be used to enter C-1 state
[    1.955354] ACPI: \_SB_.PLTF.C000: Found 3 idle states
[    1.955361] ACPI: FW issue: working around C-state latencies out of order
[    1.955656] ACPI: \_SB_.PLTF.C001: Found 3 idle states
[    1.955661] ACPI: FW issue: working around C-state latencies out of order
[    1.955751] ACPI: \_SB_.PLTF.C002: Found 3 idle states
[    1.955755] ACPI: FW issue: working around C-state latencies out of order
[    1.955826] ACPI: \_SB_.PLTF.C003: Found 3 idle states
[    1.955830] ACPI: FW issue: working around C-state latencies out of order
[    1.956037] ACPI: \_SB_.PLTF.C004: Found 3 idle states
[    1.956041] ACPI: FW issue: working around C-state latencies out of order
[    1.956208] ACPI: \_SB_.PLTF.C005: Found 3 idle states
[    1.956212] ACPI: FW issue: working around C-state latencies out of order
[    1.958199] thermal LNXTHERM:00: registered as thermal_zone0
[    1.958200] ACPI: thermal: Thermal Zone [TZ0] (61 C)
[    1.958356] Serial: 8250/16550 driver, 32 ports, IRQ sharing enabled
[    1.960348] Non-volatile memory driver v1.3
[    1.960349] Linux agpgart interface v0.103
[    1.960448] AMD-Vi: AMD IOMMUv2 loaded and initialized
[    1.960488] ACPI: bus type drm_connector registered
[    1.961422] ahci 0000:02:00.0: version 3.0
[    1.961579] ahci 0000:02:00.0: AHCI 0001.0301 32 slots 1 ports 6 Gbps 0x1 impl SATA mode
[    1.961581] ahci 0000:02:00.0: flags: 64bit ncq sntf ilck pm led clo only pmp fbs pio slum part 
[    1.961803] scsi host0: ahci
[    1.961864] ata1: SATA max UDMA/133 abar m2048@0xd0001000 port 0xd0001100 irq 29
[    1.961986] ahci 0000:02:00.1: AHCI 0001.0301 32 slots 1 ports 6 Gbps 0x1 impl SATA mode
[    1.961988] ahci 0000:02:00.1: flags: 64bit ncq sntf ilck pm led clo only pmp fbs pio slum part deso sadm sds 
[    1.962218] scsi host1: ahci
[    1.962257] ata2: SATA max UDMA/133 abar m2048@0xd0000000 port 0xd0000100 irq 31
[    1.962308] ehci_hcd: USB 2.0 'Enhanced' Host Controller (EHCI) Driver
[    1.962314] ehci-pci: EHCI PCI platform driver
[    1.962322] ohci_hcd: USB 1.1 'Open' Host Controller (OHCI) Driver
[    1.962323] ohci-pci: OHCI PCI platform driver
[    1.962328] uhci_hcd: USB Universal Host Controller Interface driver
[    1.962371] usbcore: registered new interface driver usbserial_generic
[    1.962374] usbserial: USB Serial support registered for generic
[    1.962456] rtc_cmos 00:01: RTC can wake from S4
[    1.962718] rtc_cmos 00:01: registered as rtc0
[    1.962761] rtc_cmos 00:01: setting system clock to 2022-02-22T21:34:35 UTC (1645565675)
[    1.962767] audit: type=1332 audit(1645565675.500:5): sec=1 nsec=210232329
[    1.962772] rtc_cmos 00:01: alarms up to one month, 114 bytes nvram, hpet irqs
[    1.962912] ledtrig-cpu: registered to indicate activity on CPUs
[    1.963143] efifb: probing for efifb
[    1.963151] efifb: framebuffer at 0xfce0000000, using 8128k, total 8128k
[    1.963152] efifb: mode is 1920x1080x32, linelength=7680, pages=1
[    1.963152] efifb: scrolling: redraw
[    1.963153] efifb: Truecolor: size=8:8:8:8, shift=24:16:8:0
[    1.963190] fbcon: Deferring console take-over
[    1.963191] fb0: EFI VGA frame buffer device
[    1.963212] hid: raw HID events driver (C) Jiri Kosina
[    1.963278] drop_monitor: Initializing network drop monitor service
[    1.963322] Initializing XFRM netlink socket
[    1.963419] NET: Registered PF_INET6 protocol family
[    1.976585] ACPI: battery: Slot [BATT] (battery present)
[    2.276613] ata1: SATA link down (SStatus 0 SControl 300)
[    2.320427] Freeing initrd memory: 6132K
[    2.326573] Segment Routing with IPv6
[    2.326577] RPL Segment Routing with IPv6
[    2.326599] In-situ OAM (IOAM) with IPv6
[    2.326648] NET: Registered PF_PACKET protocol family
[    2.328109] microcode: CPU0: patch_level=0x08600106
[    2.328119] microcode: CPU1: patch_level=0x08600106
[    2.328151] microcode: CPU2: patch_level=0x08600106
[    2.328174] microcode: CPU3: patch_level=0x08600106
[    2.328199] microcode: CPU4: patch_level=0x08600106
[    2.328226] microcode: CPU5: patch_level=0x08600106
[    2.328234] microcode: Microcode Update Driver: v2.2.
[    2.328444] resctrl: L3 allocation detected
[    2.328446] resctrl: MB allocation detected
[    2.328446] resctrl: L3 monitoring detected
[    2.328449] IPI shorthand broadcast: enabled
[    2.328654] registered taskstats version 1
[    2.328925] Loading compiled-in X.509 certificates
[    2.331326] Loaded X.509 cert 'Build time autogenerated kernel key: ece77750479a9fc6e611f250654da49bb240e1da'
[    2.332328] zswap: loaded using pool lz4/z3fold
[    2.332731] Key type ._fscrypt registered
[    2.332732] Key type .fscrypt registered
[    2.332732] Key type fscrypt-provisioning registered
[    2.332789] AppArmor: AppArmor sha1 policy hashing enabled
[    2.332794] audit: type=1400 audit(1645565675.866:6): apparmor="STATUS" info="AppArmor sha1 policy hashing enabled" pid=1 comm="swapper/0"
[    2.335072] PM:   Magic number: 10:885:601
[    2.335267] RAS: Correctable Errors collector initialized.
[    2.433250] ata2: SATA link up 6.0 Gbps (SStatus 133 SControl 300)
[    2.435875] ata2.00: ATA-11: SAMSUNG MZNLH512HALU-00000, RVT2200Q, max UDMA/133
[    2.436963] ata2.00: 1000215216 sectors, multi 16: LBA48 NCQ (depth 32), AA
[    2.439455] ata2.00: Features: Dev-Sleep NCQ-sndrcv
[    2.444095] ata2.00: configured for UDMA/133
[    2.444245] ata2.00: failed to enable DEVSLP
[    2.444252] ata2.00: failed to enable DIPM, Emask 0x40
[    7.953271] ata2: SATA link up 6.0 Gbps (SStatus 133 SControl 300)
[    7.964656] ata2.00: configured for UDMA/133
[    7.965289] scsi 1:0:0:0: Direct-Access     ATA      SAMSUNG MZNLH512 200Q PQ: 0 ANSI: 5
[    7.965857] sd 1:0:0:0: [sda] 1000215216 512-byte logical blocks: (512 GB/477 GiB)
[    7.965882] sd 1:0:0:0: [sda] Write Protect is off
[    7.965886] sd 1:0:0:0: [sda] Mode Sense: 00 3a 00 00
[    7.965918] sd 1:0:0:0: [sda] Write cache: enabled, read cache: enabled, doesn't support DPO or FUA
[    7.995827]  sda: sda1 sda2 sda3
[    8.030508] sd 1:0:0:0: [sda] Attached SCSI disk
[    8.030676] Unstable clock detected, switching default tracing clock to "global"
               If you want to keep using the local clock, then add:
                 "trace_clock=local"
               on the kernel command line
[    8.034718] Freeing unused decrypted memory: 2036K
[    8.035108] Freeing unused kernel image (initmem) memory: 1784K
[    8.056581] Write protecting the kernel read-only data: 28672k
[    8.057541] Freeing unused kernel image (text/rodata gap) memory: 2036K
[    8.058034] Freeing unused kernel image (rodata/data gap) memory: 1352K
[    8.098717] x86/mm: Checked W+X mappings: passed, no W+X pages found.
[    8.098724] rodata_test: all tests were successful
[    8.098726] x86/mm: Checking user space page tables
[    8.137188] x86/mm: Checked W+X mappings: passed, no W+X pages found.
[    8.137221] Run /init as init process
[    8.137222]   with arguments:
[    8.137224]     /init
[    8.137225]   with environment:
[    8.137226]     HOME=/
[    8.137226]     TERM=linux
[    8.137227]     BOOT_IMAGE=/boot/vmlinuz-linux
[    8.137228]     pti=on
[    8.137229]     mem_encrypt=on
[    8.168553] fbcon: Taking over console
[    8.168691] Console: switching to colour frame buffer device 240x67
[    8.322343] xhci_hcd 0000:01:00.3: xHCI Host Controller
[    8.322354] xhci_hcd 0000:01:00.3: new USB bus registered, assigned bus number 1
[    8.322483] xhci_hcd 0000:01:00.3: hcc params 0x0268ffe5 hci version 0x110 quirks 0x0000020000000410
[    8.322996] usb usb1: New USB device found, idVendor=1d6b, idProduct=0002, bcdDevice= 5.16
[    8.323000] usb usb1: New USB device strings: Mfr=3, Product=2, SerialNumber=1
[    8.323002] usb usb1: Product: xHCI Host Controller
[    8.323004] usb usb1: Manufacturer: Linux 5.16.10-arch1-1 xhci-hcd
[    8.323005] usb usb1: SerialNumber: 0000:01:00.3
[    8.323097] i8042: PNP: PS/2 Controller [PNP0303:KBC0] at 0x60,0x64 irq 1
[    8.323104] i8042: PNP: PS/2 appears to have AUX port disabled, if this is incorrect please boot with i8042.nopnp
[    8.323252] hub 1-0:1.0: USB hub found
[    8.323272] hub 1-0:1.0: 4 ports detected
[    8.323749] xhci_hcd 0000:01:00.3: xHCI Host Controller
[    8.323756] xhci_hcd 0000:01:00.3: new USB bus registered, assigned bus number 2
[    8.323761] xhci_hcd 0000:01:00.3: Host supports USB 3.1 Enhanced SuperSpeed
[    8.323785] usb usb2: We don't know the algorithms for LPM for this host, disabling LPM.
[    8.323817] usb usb2: New USB device found, idVendor=1d6b, idProduct=0003, bcdDevice= 5.16
[    8.323819] usb usb2: New USB device strings: Mfr=3, Product=2, SerialNumber=1
[    8.323821] usb usb2: Product: xHCI Host Controller
[    8.323823] usb usb2: Manufacturer: Linux 5.16.10-arch1-1 xhci-hcd
[    8.323824] usb usb2: SerialNumber: 0000:01:00.3
[    8.323950] hub 2-0:1.0: USB hub found
[    8.323960] hub 2-0:1.0: 2 ports detected
[    8.324356] xhci_hcd 0000:01:00.4: xHCI Host Controller
[    8.324363] xhci_hcd 0000:01:00.4: new USB bus registered, assigned bus number 3
[    8.324495] xhci_hcd 0000:01:00.4: hcc params 0x0268ffe5 hci version 0x110 quirks 0x0000020000000410
[    8.324791] serio: i8042 KBD port at 0x60,0x64 irq 1
[    8.324956] usb usb3: New USB device found, idVendor=1d6b, idProduct=0002, bcdDevice= 5.16
[    8.324959] usb usb3: New USB device strings: Mfr=3, Product=2, SerialNumber=1
[    8.324961] usb usb3: Product: xHCI Host Controller
[    8.324962] usb usb3: Manufacturer: Linux 5.16.10-arch1-1 xhci-hcd
[    8.324964] usb usb3: SerialNumber: 0000:01:00.4
[    8.325100] hub 3-0:1.0: USB hub found
[    8.325111] hub 3-0:1.0: 4 ports detected
[    8.325519] xhci_hcd 0000:01:00.4: xHCI Host Controller
[    8.325523] xhci_hcd 0000:01:00.4: new USB bus registered, assigned bus number 4
[    8.325527] xhci_hcd 0000:01:00.4: Host supports USB 3.1 Enhanced SuperSpeed
[    8.325546] usb usb4: We don't know the algorithms for LPM for this host, disabling LPM.
[    8.325577] usb usb4: New USB device found, idVendor=1d6b, idProduct=0003, bcdDevice= 5.16
[    8.325579] usb usb4: New USB device strings: Mfr=3, Product=2, SerialNumber=1
[    8.325581] usb usb4: Product: xHCI Host Controller
[    8.325582] usb usb4: Manufacturer: Linux 5.16.10-arch1-1 xhci-hcd
[    8.325583] usb usb4: SerialNumber: 0000:01:00.4
[    8.325780] hub 4-0:1.0: USB hub found
[    8.325792] hub 4-0:1.0: 2 ports detected
[    8.356924] input: AT Translated Set 2 keyboard as /devices/platform/i8042/serio0/input/input2
[    8.370142] random: fast init done
[    8.475665] PM: Image not found (code -22)
[    9.976678] REISERFS (device sda2): found reiserfs format "3.6" with standard journal
[    9.976693] REISERFS (device sda2): using ordered data mode
[    9.976694] reiserfs: using flush barriers
[    9.976958] REISERFS (device sda2): journal params: device sda2, size 8192, journal first block 18, max trans len 1024, max batch 900, max commit age 30, max trans age 30
[    9.977273] REISERFS (device sda2): checking transaction log (sda2)
[    9.978842] REISERFS (device sda2): Using r5 hash to sort names
[   10.108677] audit: type=1334 audit(1645565683.643:7): prog-id=1 op=LOAD
[   10.108691] audit: type=1300 audit(1645565683.643:7): arch=c000003e syscall=321 success=yes exit=4 a0=5 a1=7ffcf0204600 a2=80 a3=0 items=0 ppid=2 pid=210 auid=4294967295 uid=0 gid=0 euid=0 suid=0 fsuid=0 egid=0 sgid=0 fsgid=0 tty=(none) ses=4294967295 comm="bpf_preload" exe="/bpf_preload" subj==unconfined key=(null)
[   10.108695] audit: type=1327 audit(1645565683.643:7): proctitle="bpf_preload"
[   10.108704] audit: type=1334 audit(1645565683.643:8): prog-id=0 op=UNLOAD
[   10.119072] audit: type=1334 audit(1645565683.653:9): prog-id=2 op=LOAD
[   10.119081] audit: type=1300 audit(1645565683.653:9): arch=c000003e syscall=321 success=yes exit=6 a0=5 a1=7ffcf0204310 a2=80 a3=0 items=0 ppid=2 pid=210 auid=4294967295 uid=0 gid=0 euid=0 suid=0 fsuid=0 egid=0 sgid=0 fsgid=0 tty=(none) ses=4294967295 comm="bpf_preload" exe="/bpf_preload" subj==unconfined key=(null)
[   10.119101] audit: type=1327 audit(1645565683.653:9): proctitle="bpf_preload"
[   10.119113] audit: type=1334 audit(1645565683.653:10): prog-id=0 op=UNLOAD
[   10.119215] audit: type=1334 audit(1645565683.653:11): prog-id=3 op=LOAD
[   10.119224] audit: type=1300 audit(1645565683.653:11): arch=c000003e syscall=321 success=yes exit=5 a0=5 a1=7ffcf02042e0 a2=80 a3=0 items=0 ppid=2 pid=210 auid=4294967295 uid=0 gid=0 euid=0 suid=0 fsuid=0 egid=0 sgid=0 fsgid=0 tty=(none) ses=4294967295 comm="bpf_preload" exe="/bpf_preload" subj==unconfined key=(null)
[   10.136772] systemd[1]: systemd 250.3-4-arch running in system mode (+PAM +AUDIT -SELINUX -APPARMOR -IMA +SMACK +SECCOMP +GCRYPT +GNUTLS +OPENSSL +ACL +BLKID +CURL +ELFUTILS +FIDO2 +IDN2 -IDN +IPTC +KMOD +LIBCRYPTSETUP +LIBFDISK +PCRE2 -PWQUALITY +P11KIT -QRENCODE +BZIP2 +LZ4 +XZ +ZLIB +ZSTD -BPF_FRAMEWORK +XKBCOMMON +UTMP -SYSVINIT default-hierarchy=unified)
[   10.153509] systemd[1]: Detected architecture x86-64.
[   10.154475] systemd[1]: Hostname set to <mksredmibook14ii>.
[   10.295032] systemd[1]: Queued start job for default target Graphical Interface.
[   10.297126] systemd[1]: Created slice Slice /system/getty.
[   10.297593] systemd[1]: Created slice Slice /system/modprobe.
[   10.298102] systemd[1]: Created slice Slice /system/systemd-fsck.
[   10.298498] systemd[1]: Created slice User and Session Slice.
[   10.298610] systemd[1]: Started Dispatch Password Requests to Console Directory Watch.
[   10.298690] systemd[1]: Started Forward Password Requests to Wall Directory Watch.
[   10.298953] systemd[1]: Set up automount Arbitrary Executable File Formats File System Automount Point.
[   10.299039] systemd[1]: Reached target Local Encrypted Volumes.
[   10.299081] systemd[1]: Reached target Local Integrity Protected Volumes.
[   10.299127] systemd[1]: Reached target Path Units.
[   10.299161] systemd[1]: Reached target Remote File Systems.
[   10.299192] systemd[1]: Reached target Slice Units.
[   10.299245] systemd[1]: Reached target Local Verity Protected Volumes.
[   10.299359] systemd[1]: Listening on Device-mapper event daemon FIFOs.
[   10.299965] systemd[1]: Listening on LVM2 poll daemon socket.
[   10.301190] systemd[1]: Listening on Process Core Dump Socket.
[   10.301484] systemd[1]: Listening on Journal Audit Socket.
[   10.301656] systemd[1]: Listening on Journal Socket (/dev/log).
[   10.301825] systemd[1]: Listening on Journal Socket.
[   10.301980] systemd[1]: Listening on Userspace Out-Of-Memory (OOM) Killer Socket.
[   10.302628] systemd[1]: Listening on udev Control Socket.
[   10.302765] systemd[1]: Listening on udev Kernel Socket.
[   10.304094] systemd[1]: Mounting Huge Pages File System...
[   10.305277] systemd[1]: Mounting POSIX Message Queue File System...
[   10.306914] systemd[1]: Mounting Kernel Debug File System...
[   10.308162] systemd[1]: Mounting Kernel Trace File System...
[   10.309901] systemd[1]: Starting Load AppArmor profiles...
[   10.311311] systemd[1]: Starting Create List of Static Device Nodes...
[   10.312754] systemd[1]: Starting Monitoring of LVM2 mirrors, snapshots etc. using dmeventd or progress polling...
[   10.314169] systemd[1]: Starting Load Kernel Module configfs...
[   10.315600] systemd[1]: Starting Load Kernel Module drm...
[   10.317043] systemd[1]: Starting Load Kernel Module fuse...
[   10.317141] systemd[1]: File System Check on Root Device was skipped because of a failed condition check (ConditionPathIsReadWrite=!/).
[   10.319997] systemd[1]: Starting Journal Service...
[   10.321641] systemd[1]: Starting Load Kernel Modules...
[   10.323087] systemd[1]: Starting Remount Root and Kernel File Systems...
[   10.323210] systemd[1]: Repartition Root Disk was skipped because all trigger condition checks failed.
[   10.324628] systemd[1]: Starting Coldplug All udev Devices...
[   10.327101] systemd[1]: Mounted Huge Pages File System.
[   10.327298] systemd[1]: Mounted POSIX Message Queue File System.
[   10.327455] systemd[1]: Mounted Kernel Debug File System.
[   10.327603] systemd[1]: Mounted Kernel Trace File System.
[   10.327966] systemd[1]: Finished Create List of Static Device Nodes.
[   10.328580] systemd[1]: modprobe@configfs.service: Deactivated successfully.
[   10.328830] systemd[1]: Finished Load Kernel Module configfs.
[   10.329272] systemd[1]: modprobe@drm.service: Deactivated successfully.
[   10.329472] systemd[1]: Finished Load Kernel Module drm.
[   10.330688] fuse: init (API version 7.35)
[   10.331313] systemd[1]: Mounting Kernel Configuration File System...
[   10.332070] systemd[1]: modprobe@fuse.service: Deactivated successfully.
[   10.332344] systemd[1]: Finished Load Kernel Module fuse.
[   10.334308] systemd[1]: Mounting FUSE Control File System...
[   10.334413] vboxdrv: loading out-of-tree module taints kernel.
[   10.334710] vboxdrv: module verification failed: signature and/or required key missing - tainting kernel
[   10.335838] systemd[1]: Mounted Kernel Configuration File System.
[   10.337706] systemd[1]: Mounted FUSE Control File System.
[   10.338231] systemd[1]: Finished Remount Root and Kernel File Systems.
[   10.338545] systemd[1]: First Boot Wizard was skipped because of a failed condition check (ConditionFirstBoot=yes).
[   10.339068] vboxdrv: Found 6 processor cores
[   10.339737] systemd[1]: Rebuild Hardware Database was skipped because of a failed condition check (ConditionNeedsUpdate=/etc).
[   10.339813] random: lvm: uninitialized urandom read (4 bytes read)
[   10.341302] systemd[1]: Starting Load/Save Random Seed...
[   10.341462] systemd[1]: Create System Users was skipped because of a failed condition check (ConditionNeedsUpdate=/etc).
[   10.343038] systemd[1]: Starting Create Static Device Nodes in /dev...
[   10.360814] vboxdrv: TSC mode is Invariant, tentative frequency 2370689920 Hz
[   10.360819] vboxdrv: Successfully loaded version 6.1.32 r149290 (interface 0x00320000)
[   10.362884] VBoxNetAdp: Successfully started.
[   10.365096] VBoxNetFlt: Successfully started.
[   10.378502] systemd[1]: Finished Load Kernel Modules.
[   10.381802] systemd[1]: Starting Linux Kernel Runtime Guard...
[   10.383291] systemd[1]: Starting Apply user script...
[   10.394778] systemd[1]: Finished Monitoring of LVM2 mirrors, snapshots etc. using dmeventd or progress polling.
[   10.409857] systemd[1]: Finished Create Static Device Nodes in /dev.
[   10.410107] systemd[1]: Reached target Preparation for Local File Systems.
[   10.410179] systemd[1]: Virtual Machine and Container Storage (Compatibility) was skipped because of a failed condition check (ConditionPathExists=/var/lib/machines.raw).
[   10.412492] systemd[1]: Starting Rule-based Manager for Device Events and Files...
[   10.462730] systemd[1]: Started Rule-based Manager for Device Events and Files.
[   10.462912] [p_lkrg] Loading LKRG...
[   10.463535] systemd[1]: Started Journal Service.
[   10.476269] Freezing user space processes ... (elapsed 0.001 seconds) done.
[   10.477432] OOM killer disabled.
[   10.700867] [p_lkrg] [kretprobe] register_kretprobe() for <ovl_create_or_link> failed! [err=-2]
[   10.700874] [p_lkrg] Can't hook 'ovl_create_or_link' function. This is expected if you are not using OverlayFS.
[   10.752429] [p_lkrg] [kretprobe] register_kretprobe() for <lookup_fast> failed! [err=-2]
[   10.752434] [p_lkrg] LKRG won't enforce pCFI validation on 'lookup_fast'
[   11.181735] [p_lkrg] LKRG initialized successfully!
[   11.181768] OOM killer enabled.
[   11.181769] Restarting tasks ... done.
[   11.182753] systemd-journald[236]: Received client request to flush runtime journal.
[   11.234855] [p_lkrg] [kINT] New interval => 15
[   11.234958] [p_lkrg] New log level => 3 (WARN)
[   11.235100] [p_lkrg] Module is already unhidden (visible)!
[   11.235196] [p_lkrg] Changing "pint_validate" logic. From Old[1 | CURRENT] to new[2 | CURRENT] one.
[   11.235528] [p_lkrg] Disabling SMAP validation feature.
[   11.235576] [p_lkrg] Changing "smap_enforce" logic. From Old[2 | PANIC] to new[0 | LOG & ACCEPT] one.
[   11.251146] [p_lkrg] Changing "profile_validate" logic. From Old[9 | Custom] to new[3 | Heavy] one.
[   11.251235] [p_lkrg] Changing "profile_enforce" logic. From Old[9 | Custom] to new[2 | Strict] one.
[   11.251553] [p_lkrg] Changing "pint_validate" logic. From Old[1 | CURRENT] to new[2 | CURRENT] one.
[   11.251765] [p_lkrg] Disabling SMAP validation feature.
[   11.251816] [p_lkrg] Changing "smap_enforce" logic. From Old[2 | PANIC] to new[0 | LOG & ACCEPT] one.
[   11.497035] acpi_cpufreq: overriding BIOS provided _PSD data
[   11.497075] cpufreq: CPU0: Fast frequency switching not enabled
[   11.497076] cpufreq: Registered transition notifiers:
[   11.497077] cpufreq: p_freq_transition_notifier+0x0/0x20 [p_lkrg]
[   11.568436] cpufreq: CPU1: Fast frequency switching not enabled
[   11.568442] cpufreq: Registered transition notifiers:
[   11.568444] cpufreq: p_freq_transition_notifier+0x0/0x20 [p_lkrg]
[   11.573791] cpufreq: CPU2: Fast frequency switching not enabled
[   11.573796] cpufreq: Registered transition notifiers:
[   11.573797] cpufreq: p_freq_transition_notifier+0x0/0x20 [p_lkrg]
[   11.576555] cpufreq: CPU3: Fast frequency switching not enabled
[   11.576559] cpufreq: Registered transition notifiers:
[   11.576560] cpufreq: p_freq_transition_notifier+0x0/0x20 [p_lkrg]
[   11.580027] cpufreq: CPU4: Fast frequency switching not enabled
[   11.580030] cpufreq: Registered transition notifiers:
[   11.580031] cpufreq: p_freq_transition_notifier+0x0/0x20 [p_lkrg]
[   11.583502] cpufreq: CPU5: Fast frequency switching not enabled
[   11.583506] cpufreq: Registered transition notifiers:
[   11.583507] cpufreq: p_freq_transition_notifier+0x0/0x20 [p_lkrg]
[   11.651224] ACPI: video: Video Device [VGA] (multi-head: yes  rom: no  post: no)
[   11.651927] acpi device:0e: registered as cooling_device6
[   11.652026] input: Video Bus as /devices/LNXSYSTM:00/LNXSYBUS:00/PNP0A08:00/device:0d/LNXVIDEO:00/input/input3
[   11.756967] acpi PNP0C14:01: duplicate WMI GUID 05901221-D566-11D1-B2F0-00A0C9062910 (first instance was on PNP0C14:00)
[   11.964136] input: GXT7863:00 27C6:01E0 Mouse as /devices/platform/AMDI0010:03/i2c-0/i2c-GXT7863:00/0018:27C6:01E0.0001/input/input4
[   11.964243] input: GXT7863:00 27C6:01E0 Touchpad as /devices/platform/AMDI0010:03/i2c-0/i2c-GXT7863:00/0018:27C6:01E0.0001/input/input5
[   11.964316] hid-generic 0018:27C6:01E0.0001: input,hidraw0: I2C HID v1.00 Mouse [GXT7863:00 27C6:01E0] on i2c-GXT7863:00
[   12.197025] ccp 0000:01:00.2: enabling device (0000 -> 0002)
[   12.197913] ccp 0000:01:00.2: ccp: unable to access the device: you might be running a broken BIOS.
[   12.208113] ccp 0000:01:00.2: tee enabled
[   12.208120] ccp 0000:01:00.2: psp enabled
[   12.246356] random: crng init done
[   12.491933] snd_rn_pci_acp3x 0000:01:00.5: enabling device (0000 -> 0002)
[   12.562715] piix4_smbus 0000:00:14.0: SMBus Host Controller at 0xb00, revision 0
[   12.562725] piix4_smbus 0000:00:14.0: Using register 0x02 for SMBus port selection
[   12.564808] piix4_smbus 0000:00:14.0: Auxiliary SMBus Host Controller at 0xb20
[   12.711701] sp5100_tco: SP5100/SB800 TCO WatchDog Timer Driver
[   12.711916] sp5100-tco sp5100-tco: Using 0xfeb00000 for watchdog MMIO address
[   12.719893] sp5100-tco sp5100-tco: initialized. heartbeat=60 sec (nowayout=0)
[   12.724294] Adding 17309976k swap on /dev/sda3.  Priority:-2 extents:1 across:17309976k SSFS
[   12.812159] [drm] amdgpu kernel modesetting enabled.
[   12.829971] amdgpu: Virtual CRAT table created for CPU
[   12.830009] amdgpu: Topology: Add CPU node
[   12.830166] checking generic (fce0000000 7f0000) vs hw (fce0000000 10000000)
[   12.830170] checking generic (fce0000000 7f0000) vs hw (fce0000000 10000000)
[   12.830172] fb0: switching to amdgpu from EFI VGA
[   12.830271] Console: switching to colour dummy device 80x25
[   12.830319] amdgpu 0000:01:00.0: vgaarb: deactivate vga console
[   12.830419] amdgpu 0000:01:00.0: enabling device (0006 -> 0007)
[   12.830589] [drm] initializing kernel modesetting (RENOIR 0x1002:0x1636 0x1D72:0x1951 0xC3).
[   12.830594] amdgpu 0000:01:00.0: amdgpu: Trusted Memory Zone (TMZ) feature enabled
[   12.831081] [drm] register mmio base: 0xD0400000
[   12.831083] [drm] register mmio size: 524288
[   12.831090] [drm] virtual display string:NULL, 0000:01:00.0:virtual_display:0, num_crtc:0
[   12.832656] [drm] add ip block number 0 <soc15_common>
[   12.832658] [drm] add ip block number 1 <gmc_v9_0>
[   12.832659] [drm] add ip block number 2 <vega10_ih>
[   12.832660] [drm] add ip block number 3 <psp>
[   12.832662] [drm] add ip block number 4 <smu>
[   12.832663] [drm] add ip block number 5 <dm>
[   12.832664] [drm] add ip block number 6 <gfx_v9_0>
[   12.832665] [drm] add ip block number 7 <sdma_v4_0>
[   12.832667] [drm] add ip block number 8 <vcn_v2_0>
[   12.832668] [drm] add ip block number 9 <jpeg_v2_0>
[   12.832696] amdgpu 0000:01:00.0: amdgpu: Fetched VBIOS from VFCT
[   12.832701] amdgpu: ATOM BIOS: 113-RENOIR-026
[   12.837412] [drm] VCN decode is enabled in VM mode
[   12.837419] [drm] VCN encode is enabled in VM mode
[   12.837421] [drm] JPEG decode is enabled in VM mode
[   12.837430] amdgpu 0000:01:00.0: amdgpu: PCIE atomic ops is not supported
[   12.837565] [drm] vm size is 262144 GB, 4 levels, block size is 9-bit, fragment size is 9-bit
[   12.837578] amdgpu 0000:01:00.0: amdgpu: VRAM: 512M 0x000000F400000000 - 0x000000F41FFFFFFF (512M used)
[   12.837580] amdgpu 0000:01:00.0: amdgpu: GART: 1024M 0x0000000000000000 - 0x000000003FFFFFFF
[   12.837583] amdgpu 0000:01:00.0: amdgpu: AGP: 267419648M 0x000000F800000000 - 0x0000FFFFFFFFFFFF
[   12.837591] [drm] Detected VRAM RAM=512M, BAR=512M
[   12.837592] [drm] RAM width 128bits DDR4
[   12.837691] [drm] amdgpu: 512M of VRAM memory ready
[   12.837693] [drm] amdgpu: 3072M of GTT memory ready.
[   12.837714] [drm] GART: num cpu pages 262144, num gpu pages 262144
[   12.837902] [drm] PCIE GART of 1024M enabled.
[   12.837903] [drm] PTB located at 0x000000F400900000
[   12.854400] amdgpu 0000:01:00.0: amdgpu: PSP runtime database doesn't exist
[   12.867622] [drm] Loading DMUB firmware via PSP: version=0x0101001C
[   12.934348] [drm] Found VCN firmware Version ENC: 1.16 DEC: 5 VEP: 0 Revision: 3
[   12.934393] amdgpu 0000:01:00.0: amdgpu: Will use PSP to load VCN firmware
[   13.136630] snd_hda_intel 0000:01:00.1: enabling device (0000 -> 0002)
[   13.137203] snd_hda_intel 0000:01:00.1: Handle vga_switcheroo audio client
[   13.138276] snd_hda_intel 0000:01:00.6: enabling device (0000 -> 0002)
[   13.259419] RAPL PMU: API unit is 2^-32 Joules, 1 fixed counters, 163840 ms ovfl timer
[   13.259424] RAPL PMU: hw unit of domain package 2^-16 Joules
[   13.271100] input: HD-Audio Generic HDMI/DP,pcm=3 as /devices/pci0000:00/0000:00:08.1/0000:01:00.1/sound/card0/input7
[   13.271197] input: HD-Audio Generic HDMI/DP,pcm=7 as /devices/pci0000:00/0000:00:08.1/0000:01:00.1/sound/card0/input8
[   13.305512] cryptd: max_cpu_qlen set to 1000
[   13.354598] cfg80211: Loading compiled-in X.509 certificates for regulatory database
[   13.363686] cfg80211: Loaded X.509 cert 'sforshee: 00b28ddf47aef9cea7'
[   13.363762] platform regulatory.0: Direct firmware load for regulatory.db failed with error -2
[   13.363766] cfg80211: failed to load regulatory.db
[   13.469843] snd_hda_codec_realtek hdaudioC1D0: autoconfig for ALC256: line_outs=1 (0x14/0x0/0x0/0x0/0x0) type:speaker
[   13.469850] snd_hda_codec_realtek hdaudioC1D0:    speaker_outs=0 (0x0/0x0/0x0/0x0/0x0)
[   13.469852] snd_hda_codec_realtek hdaudioC1D0:    hp_outs=1 (0x21/0x0/0x0/0x0/0x0)
[   13.469854] snd_hda_codec_realtek hdaudioC1D0:    mono: mono_out=0x0
[   13.469855] snd_hda_codec_realtek hdaudioC1D0:    inputs:
[   13.469857] snd_hda_codec_realtek hdaudioC1D0:      Mic=0x19
[   13.575451] input: HD-Audio Generic Mic as /devices/pci0000:00/0000:00:08.1/0000:01:00.6/sound/card1/input9
[   13.575527] input: HD-Audio Generic Headphone as /devices/pci0000:00/0000:00:08.1/0000:01:00.6/sound/card1/input10
[   13.627298] AVX2 version of gcm_enc/dec engaged.
[   13.645258] AES CTR mode by8 optimization enabled
[   13.682993] ucsi_acpi USBC000:00: PPM init failed (-110)
[   13.779740] [drm] reserve 0x400000 from 0xf41f800000 for PSP TMR
[   13.861462] amdgpu 0000:01:00.0: amdgpu: RAS: optional ras ta ucode is not available
[   13.870370] amdgpu 0000:01:00.0: amdgpu: RAP: optional rap ta ucode is not available
[   13.870375] amdgpu 0000:01:00.0: amdgpu: SECUREDISPLAY: securedisplay ta ucode is not available
[   13.870739] amdgpu 0000:01:00.0: amdgpu: SMU is initialized successfully!
[   13.871615] [drm] Display Core initialized with v3.2.160!
[   13.872260] [drm] DMUB hardware initialized: version=0x0101001C
[   13.998554] input: GXT7863:00 27C6:01E0 Mouse as /devices/platform/AMDI0010:03/i2c-0/i2c-GXT7863:00/0018:27C6:01E0.0001/input/input11
[   13.998835] input: GXT7863:00 27C6:01E0 Touchpad as /devices/platform/AMDI0010:03/i2c-0/i2c-GXT7863:00/0018:27C6:01E0.0001/input/input12
[   13.999177] hid-multitouch 0018:27C6:01E0.0001: input,hidraw0: I2C HID v1.00 Mouse [GXT7863:00 27C6:01E0] on i2c-GXT7863:00
[   14.014390] [drm] kiq ring mec 2 pipe 1 q 0
[   14.018254] [drm] VCN decode and encode initialized successfully(under DPG Mode).
[   14.018277] [drm] JPEG decode initialized successfully.
[   14.020330] kfd kfd: amdgpu: Allocated 3969056 bytes on gart
[   14.142422] memmap_init_zone_device initialised 131072 pages in 0ms
[   14.142435] amdgpu: HMM registered 512MB device memory
[   14.142488] amdgpu: SRAT table not found
[   14.142489] amdgpu: Virtual CRAT table created for GPU
[   14.143050] amdgpu: Topology: Add dGPU node [0x1636:0x1002]
[   14.143057] kfd kfd: amdgpu: added device 1002:1636
[   14.143147] amdgpu 0000:01:00.0: amdgpu: SE 1, SH per SE 1, CU per SH 8, active_cu_number 6
[   14.148323] [drm] fb mappable at 0x410CD2000
[   14.148327] [drm] vram apper at 0x410000000
[   14.148328] [drm] size 8294400
[   14.148329] [drm] fb depth is 24
[   14.148330] [drm]    pitch is 7680
[   14.148416] fbcon: amdgpudrmfb (fb0) is primary device
[   14.214951] Console: switching to colour frame buffer device 240x67
[   14.223879] mousedev: PS/2 mouse device common for all mice
[   14.235127] amdgpu 0000:01:00.0: [drm] fb0: amdgpudrmfb frame buffer device
[   14.246728] MCE: In-kernel MCE decoding enabled.
[   14.253180] amdgpu 0000:01:00.0: amdgpu: ring gfx uses VM inv eng 0 on hub 0
[   14.253188] amdgpu 0000:01:00.0: amdgpu: ring comp_1.0.0 uses VM inv eng 1 on hub 0
[   14.253191] amdgpu 0000:01:00.0: amdgpu: ring comp_1.1.0 uses VM inv eng 4 on hub 0
[   14.253193] amdgpu 0000:01:00.0: amdgpu: ring comp_1.2.0 uses VM inv eng 5 on hub 0
[   14.253194] amdgpu 0000:01:00.0: amdgpu: ring comp_1.3.0 uses VM inv eng 6 on hub 0
[   14.253196] amdgpu 0000:01:00.0: amdgpu: ring comp_1.0.1 uses VM inv eng 7 on hub 0
[   14.253198] amdgpu 0000:01:00.0: amdgpu: ring comp_1.1.1 uses VM inv eng 8 on hub 0
[   14.253200] amdgpu 0000:01:00.0: amdgpu: ring comp_1.2.1 uses VM inv eng 9 on hub 0
[   14.253201] amdgpu 0000:01:00.0: amdgpu: ring comp_1.3.1 uses VM inv eng 10 on hub 0
[   14.253204] amdgpu 0000:01:00.0: amdgpu: ring kiq_2.1.0 uses VM inv eng 11 on hub 0
[   14.253206] amdgpu 0000:01:00.0: amdgpu: ring sdma0 uses VM inv eng 0 on hub 1
[   14.253208] amdgpu 0000:01:00.0: amdgpu: ring vcn_dec uses VM inv eng 1 on hub 1
[   14.253210] amdgpu 0000:01:00.0: amdgpu: ring vcn_enc0 uses VM inv eng 4 on hub 1
[   14.253212] amdgpu 0000:01:00.0: amdgpu: ring vcn_enc1 uses VM inv eng 5 on hub 1
[   14.253214] amdgpu 0000:01:00.0: amdgpu: ring jpeg_dec uses VM inv eng 6 on hub 1
[   14.255658] [drm] Initialized amdgpu 3.44.0 20150101 for 0000:01:00.0 on minor 0
[   14.881220] intel_rapl_common: Found RAPL domain package
[   14.881226] intel_rapl_common: Found RAPL domain core
[   28.826630] usb 3-2: new high-speed USB device number 2 using xhci_hcd
[   28.971293] usb 3-2: New USB device found, idVendor=2357, idProduct=011e, bcdDevice= 2.00
[   28.971306] usb 3-2: New USB device strings: Mfr=1, Product=2, SerialNumber=3
[   28.971310] usb 3-2: Product: 802.11ac WLAN Adapter 
[   28.971313] usb 3-2: Manufacturer: Realtek 
[   28.971315] usb 3-2: SerialNumber: 00e04c000001
[   30.205499] usbcore: registered new interface driver rtl8821au
[   30.897437] rtl8821au 3-2:1.0 wlp1s0f4u2: renamed from wlan0
[   38.053028] IPv6: ADDRCONF(NETDEV_CHANGE): wlp1s0f4u2: link becomes ready
[   38.073060] ip6tables deny: IN= OUT=wlp1s0f4u2 SRC=0000:0000:0000:0000:0000:0000:0000:0000 DST=ff02:0000:0000:0000:0000:0000:0000:0016 LEN=76 TC=0 HOPLIMIT=1 FLOWLBL=0 PROTO=ICMPv6 TYPE=143 CODE=0 MARK=0xd4 
[   38.523323] ip6tables deny: IN= OUT=wlp1s0f4u2 SRC=0000:0000:0000:0000:0000:0000:0000:0000 DST=ff02:0000:0000:0000:0000:0000:0000:0016 LEN=76 TC=0 HOPLIMIT=1 FLOWLBL=0 PROTO=ICMPv6 TYPE=143 CODE=0 MARK=0xd4 
[   38.976745] ip6tables deny: IN= OUT=wlp1s0f4u2 SRC=0000:0000:0000:0000:0000:0000:0000:0000 DST=ff02:0000:0000:0000:0000:0001:ff26:2bf7 LEN=72 TC=0 HOPLIMIT=255 FLOWLBL=0 PROTO=ICMPv6 TYPE=135 CODE=0 
[   39.989774] ip6tables deny: IN= OUT=wlp1s0f4u2 SRC=fe80:0000:0000:0000:6700:cfd7:8c26:2bf7 DST=ff02:0000:0000:0000:0000:0000:0000:0016 LEN=76 TC=0 HOPLIMIT=1 FLOWLBL=0 PROTO=ICMPv6 TYPE=143 CODE=0 MARK=0xd4 
[   39.999742] ip6tables deny: IN= OUT=wlp1s0f4u2 SRC=fe80:0000:0000:0000:6700:cfd7:8c26:2bf7 DST=ff02:0000:0000:0000:0000:0000:0000:0016 LEN=76 TC=0 HOPLIMIT=1 FLOWLBL=0 PROTO=ICMPv6 TYPE=143 CODE=0 MARK=0xd4 
[   40.073184] ip6tables deny: IN= OUT=wlp1s0f4u2 SRC=fe80:0000:0000:0000:6700:cfd7:8c26:2bf7 DST=ff02:0000:0000:0000:0000:0000:0000:0016 LEN=76 TC=0 HOPLIMIT=1 FLOWLBL=0 PROTO=ICMPv6 TYPE=143 CODE=0 MARK=0xd4 
[   40.119668] ip6tables deny: IN= OUT=wlp1s0f4u2 SRC=fe80:0000:0000:0000:6700:cfd7:8c26:2bf7 DST=ff02:0000:0000:0000:0000:0000:0000:0002 LEN=48 TC=0 HOPLIMIT=255 FLOWLBL=309863 PROTO=ICMPv6 TYPE=133 CODE=0 
[   40.229748] ip6tables deny: IN= OUT=wlp1s0f4u2 SRC=fe80:0000:0000:0000:6700:cfd7:8c26:2bf7 DST=ff02:0000:0000:0000:0000:0000:0000:0016 LEN=76 TC=0 HOPLIMIT=1 FLOWLBL=0 PROTO=ICMPv6 TYPE=143 CODE=0 MARK=0xd4 
[   48.148029] ip6tables deny: IN= OUT=wlp1s0f4u2 SRC=fe80:0000:0000:0000:6700:cfd7:8c26:2bf7 DST=ff02:0000:0000:0000:0000:0000:0000:0002 LEN=48 TC=0 HOPLIMIT=255 FLOWLBL=309863 PROTO=ICMPv6 TYPE=133 CODE=0 
[   56.774995] ip6tables deny: IN= OUT=wlp1s0f4u2 SRC=fe80:0000:0000:0000:6700:cfd7:8c26:2bf7 DST=ff02:0000:0000:0000:0000:0000:0000:0002 LEN=48 TC=0 HOPLIMIT=255 FLOWLBL=309863 PROTO=ICMPv6 TYPE=133 CODE=0 
[   74.510130] ip6tables deny: IN= OUT=wlp1s0f4u2 SRC=fe80:0000:0000:0000:6700:cfd7:8c26:2bf7 DST=ff02:0000:0000:0000:0000:0000:0000:0002 LEN=48 TC=0 HOPLIMIT=255 FLOWLBL=309863 PROTO=ICMPv6 TYPE=133 CODE=0 
[   78.126592] atkbd serio0: Unknown key pressed (translated set 2, code 0xf6 on isa0060/serio0).
[   78.126606] atkbd serio0: Use 'setkeycodes e076 <keycode>' to make it known.
[   78.637469] atkbd serio0: Unknown key released (translated set 2, code 0xf6 on isa0060/serio0).
[   78.637485] atkbd serio0: Use 'setkeycodes e076 <keycode>' to make it known.
[   78.769319] atkbd serio0: Unknown key pressed (translated set 2, code 0xf6 on isa0060/serio0).
[   78.769334] atkbd serio0: Use 'setkeycodes e076 <keycode>' to make it known.
[   79.208778] atkbd serio0: Unknown key released (translated set 2, code 0xf6 on isa0060/serio0).
[   79.208794] atkbd serio0: Use 'setkeycodes e076 <keycode>' to make it known.
[  110.593013] ip6tables deny: IN= OUT=wlp1s0f4u2 SRC=fe80:0000:0000:0000:6700:cfd7:8c26:2bf7 DST=ff02:0000:0000:0000:0000:0000:0000:0002 LEN=48 TC=0 HOPLIMIT=255 FLOWLBL=309863 PROTO=ICMPv6 TYPE=133 CODE=0 
[  183.545810] ip6tables deny: IN= OUT=wlp1s0f4u2 SRC=fe80:0000:0000:0000:6700:cfd7:8c26:2bf7 DST=ff02:0000:0000:0000:0000:0000:0000:0002 LEN=48 TC=0 HOPLIMIT=255 FLOWLBL=309863 PROTO=ICMPv6 TYPE=133 CODE=0 
[  184.444377] ip6tables reject: IN=wlp1s0f4u2 OUT= MAC=33:33:00:00:00:01:98:da:c4:bf:99:a5:86:dd SRC=fe80:0000:0000:0000:9ada:c4ff:febf:99a5 DST=ff02:0000:0000:0000:0000:0000:0000:0001 LEN=104 TC=0 HOPLIMIT=255 FLOWLBL=312001 PROTO=ICMPv6 TYPE=134 CODE=0 
