[    0.000000] Linux version 5.15.49-1-lts (linux-lts@archlinux) (gcc (GCC) 12.1.0, GNU ld (GNU Binutils) 2.38) #1 SMP Wed, 22 Jun 2022 12:52:35 +0000
[    0.000000] Command line: BOOT_IMAGE=/boot/vmlinuz-linux-lts root=UUID=9e03b5e5-24a1-454e-864f-f2b0067ca101 rw resume=UUID=838392f8-80b9-44d6-ba89-523d8312e10b loglevel=3 audit=1 audit_backlog_limit=8192 lsm=landlock,lockdown,yama,apparmor,bpf l1tf=full,force mds=full,nosmt mitigations=auto,nosmt nosmt=force pcie_aspm=force init_on_alloc=1 init_on_free=1 randomize_kstack_offset=on slab_nomerge pti=on slub_debug=ZF slub_debug=P page_poison=1 fsck.mode=force fsck.repair=yes i915.modeset=1 i915.fastboot=1 i915.enable_fbc=1 iommu.strict=1 intremap=on intel_iommu=on
[    0.000000] x86/fpu: Supporting XSAVE feature 0x001: 'x87 floating point registers'
[    0.000000] x86/fpu: Supporting XSAVE feature 0x002: 'SSE registers'
[    0.000000] x86/fpu: Supporting XSAVE feature 0x004: 'AVX registers'
[    0.000000] x86/fpu: xstate_offset[2]:  576, xstate_sizes[2]:  256
[    0.000000] x86/fpu: Enabled xstate features 0x7, context size is 832 bytes, using 'standard' format.
[    0.000000] signal: max sigframe size: 1776
[    0.000000] BIOS-provided physical RAM map:
[    0.000000] BIOS-e820: [mem 0x0000000000000000-0x000000000009bfff] usable
[    0.000000] BIOS-e820: [mem 0x000000000009c000-0x000000000009cfff] reserved
[    0.000000] BIOS-e820: [mem 0x000000000009d000-0x000000000009dfff] usable
[    0.000000] BIOS-e820: [mem 0x000000000009e000-0x00000000000bffff] reserved
[    0.000000] BIOS-e820: [mem 0x0000000000100000-0x000000001fffffff] usable
[    0.000000] BIOS-e820: [mem 0x0000000020000000-0x00000000201fffff] reserved
[    0.000000] BIOS-e820: [mem 0x0000000020200000-0x0000000040003fff] usable
[    0.000000] BIOS-e820: [mem 0x0000000040004000-0x0000000040004fff] reserved
[    0.000000] BIOS-e820: [mem 0x0000000040005000-0x00000000d0158fff] usable
[    0.000000] BIOS-e820: [mem 0x00000000d0159000-0x00000000d035afff] reserved
[    0.000000] BIOS-e820: [mem 0x00000000d035b000-0x00000000d69e3fff] usable
[    0.000000] BIOS-e820: [mem 0x00000000d69e4000-0x00000000d6be3fff] type 20
[    0.000000] BIOS-e820: [mem 0x00000000d6be4000-0x00000000dae9efff] reserved
[    0.000000] BIOS-e820: [mem 0x00000000dae9f000-0x00000000daf9efff] ACPI NVS
[    0.000000] BIOS-e820: [mem 0x00000000daf9f000-0x00000000daffefff] ACPI data
[    0.000000] BIOS-e820: [mem 0x00000000dafff000-0x00000000daffffff] usable
[    0.000000] BIOS-e820: [mem 0x00000000db000000-0x00000000df9fffff] reserved
[    0.000000] BIOS-e820: [mem 0x00000000f80f8000-0x00000000f80f8fff] reserved
[    0.000000] BIOS-e820: [mem 0x00000000fed1c000-0x00000000fed1ffff] reserved
[    0.000000] BIOS-e820: [mem 0x0000000100000000-0x000000021e5fffff] usable
[    0.000000] BIOS-e820: [mem 0x000000021e600000-0x000000021e7fffff] reserved
[    0.000000] SMT: Force disabled
[    0.000000] NX (Execute Disable) protection: active
[    0.000000] efi: EFI v2.31 by Lenovo
[    0.000000] efi: ACPI 2.0=0xdaffe014 ACPI=0xdaffe000 SMBIOS=0xdae9e000 
[    0.000000] SMBIOS 2.7 present.
[    0.000000] DMI: LENOVO 2349MAX/2349MAX, BIOS G1ETC2WW (2.82 ) 08/07/2019
[    0.000000] tsc: Fast TSC calibration using PIT
[    0.000000] tsc: Detected 2593.981 MHz processor
[    0.000236] e820: update [mem 0x00000000-0x00000fff] usable ==> reserved
[    0.000239] e820: remove [mem 0x000a0000-0x000fffff] usable
[    0.000246] last_pfn = 0x21e600 max_arch_pfn = 0x400000000
[    0.000341] x86/PAT: Configuration [0-7]: WB  WC  UC- UC  WB  WP  UC- WT  
[    0.000949] last_pfn = 0xdb000 max_arch_pfn = 0x400000000
[    0.019558] Secure boot disabled
[    0.019560] RAMDISK: [mem 0x3692d000-0x3748dfff]
[    0.019566] ACPI: Early table checksum verification disabled
[    0.019569] ACPI: RSDP 0x00000000DAFFE014 000024 (v02 LENOVO)
[    0.019574] ACPI: XSDT 0x00000000DAFFE170 0000C4 (v01 LENOVO TP-G1    00002820 PTL  00000002)
[    0.019580] ACPI: FACP 0x00000000DAFE6000 00010C (v05 LENOVO TP-G1    00002820 PTL  00000002)
[    0.019587] ACPI: DSDT 0x00000000DAFE8000 0103F7 (v01 LENOVO TP-G1    00002820 INTL 20061109)
[    0.019590] ACPI: FACS 0x00000000DAF5A000 000040
[    0.019594] ACPI: SLIC 0x00000000DAFFD000 000176 (v01 LENOVO TP-G1    00002820 PTL  00000001)
[    0.019597] ACPI: TCPA 0x00000000DAFFC000 000032 (v02 PTL    LENOVO   06040000 LNVO 00000001)
[    0.019601] ACPI: SSDT 0x00000000DAFFB000 000408 (v01 LENOVO TP-SSDT2 00000200 INTL 20061109)
[    0.019605] ACPI: SSDT 0x00000000DAFFA000 000033 (v01 LENOVO TP-SSDT1 00000100 INTL 20061109)
[    0.019608] ACPI: SSDT 0x00000000DAFF9000 000797 (v01 LENOVO SataAhci 00001000 INTL 20061109)
[    0.019612] ACPI: HPET 0x00000000DAFE4000 000038 (v01 LENOVO TP-G1    00002820 PTL  00000002)
[    0.019615] ACPI: APIC 0x00000000DAFE3000 000098 (v01 LENOVO TP-G1    00002820 PTL  00000002)
[    0.019619] ACPI: MCFG 0x00000000DAFE2000 00003C (v01 LENOVO TP-G1    00002820 PTL  00000002)
[    0.019622] ACPI: ECDT 0x00000000DAFE1000 000052 (v01 LENOVO TP-G1    00002820 PTL  00000002)
[    0.019626] ACPI: FPDT 0x00000000DAFE0000 000064 (v01 LENOVO TP-G1    00002820 PTL  00000002)
[    0.019629] ACPI: ASF! 0x00000000DAFE7000 0000A5 (v32 LENOVO TP-G1    00002820 PTL  00000002)
[    0.019633] ACPI: UEFI 0x00000000DAFDF000 00003E (v01 LENOVO TP-G1    00002820 PTL  00000002)
[    0.019636] ACPI: UEFI 0x00000000DAFDE000 000042 (v01 PTL    COMBUF   00000001 PTL  00000001)
[    0.019640] ACPI: POAT 0x00000000DAFDD000 000055 (v03 LENOVO TP-G1    00002820 PTL  00000002)
[    0.019643] ACPI: SSDT 0x00000000DAFDC000 000C51 (v01 PmRef  Cpu0Ist  00003000 INTL 20061109)
[    0.019647] ACPI: SSDT 0x00000000DAFDB000 000A83 (v01 PmRef  CpuPm    00003000 INTL 20061109)
[    0.019651] ACPI: UEFI 0x00000000DAFDA000 000292 (v01 LENOVO TP-G1    00002820 PTL  00000002)
[    0.019654] ACPI: DBG2 0x00000000DAFD9000 0000E9 (v00 LENOVO TP-G1    00002820 PTL  00000002)
[    0.019657] ACPI: BGRT 0x00000000DAFD8000 000038 (v00 LENOVO TP-G1    00002820 PTL  00000002)
[    0.019660] ACPI: Reserving FACP table memory at [mem 0xdafe6000-0xdafe610b]
[    0.019662] ACPI: Reserving DSDT table memory at [mem 0xdafe8000-0xdaff83f6]
[    0.019663] ACPI: Reserving FACS table memory at [mem 0xdaf5a000-0xdaf5a03f]
[    0.019665] ACPI: Reserving SLIC table memory at [mem 0xdaffd000-0xdaffd175]
[    0.019666] ACPI: Reserving TCPA table memory at [mem 0xdaffc000-0xdaffc031]
[    0.019667] ACPI: Reserving SSDT table memory at [mem 0xdaffb000-0xdaffb407]
[    0.019668] ACPI: Reserving SSDT table memory at [mem 0xdaffa000-0xdaffa032]
[    0.019669] ACPI: Reserving SSDT table memory at [mem 0xdaff9000-0xdaff9796]
[    0.019671] ACPI: Reserving HPET table memory at [mem 0xdafe4000-0xdafe4037]
[    0.019672] ACPI: Reserving APIC table memory at [mem 0xdafe3000-0xdafe3097]
[    0.019673] ACPI: Reserving MCFG table memory at [mem 0xdafe2000-0xdafe203b]
[    0.019674] ACPI: Reserving ECDT table memory at [mem 0xdafe1000-0xdafe1051]
[    0.019676] ACPI: Reserving FPDT table memory at [mem 0xdafe0000-0xdafe0063]
[    0.019677] ACPI: Reserving ASF! table memory at [mem 0xdafe7000-0xdafe70a4]
[    0.019678] ACPI: Reserving UEFI table memory at [mem 0xdafdf000-0xdafdf03d]
[    0.019680] ACPI: Reserving UEFI table memory at [mem 0xdafde000-0xdafde041]
[    0.019681] ACPI: Reserving POAT table memory at [mem 0xdafdd000-0xdafdd054]
[    0.019682] ACPI: Reserving SSDT table memory at [mem 0xdafdc000-0xdafdcc50]
[    0.019684] ACPI: Reserving SSDT table memory at [mem 0xdafdb000-0xdafdba82]
[    0.019685] ACPI: Reserving UEFI table memory at [mem 0xdafda000-0xdafda291]
[    0.019686] ACPI: Reserving DBG2 table memory at [mem 0xdafd9000-0xdafd90e8]
[    0.019687] ACPI: Reserving BGRT table memory at [mem 0xdafd8000-0xdafd8037]
[    0.019744] No NUMA configuration found
[    0.019746] Faking a node at [mem 0x0000000000000000-0x000000021e5fffff]
[    0.019750] NODE_DATA(0) allocated [mem 0x21e5f9000-0x21e5fcfff]
[    0.019784] Zone ranges:
[    0.019785]   DMA      [mem 0x0000000000001000-0x0000000000ffffff]
[    0.019787]   DMA32    [mem 0x0000000001000000-0x00000000ffffffff]
[    0.019788]   Normal   [mem 0x0000000100000000-0x000000021e5fffff]
[    0.019790]   Device   empty
[    0.019791] Movable zone start for each node
[    0.019792] Early memory node ranges
[    0.019793]   node   0: [mem 0x0000000000001000-0x000000000009bfff]
[    0.019794]   node   0: [mem 0x000000000009d000-0x000000000009dfff]
[    0.019795]   node   0: [mem 0x0000000000100000-0x000000001fffffff]
[    0.019796]   node   0: [mem 0x0000000020200000-0x0000000040003fff]
[    0.019798]   node   0: [mem 0x0000000040005000-0x00000000d0158fff]
[    0.019799]   node   0: [mem 0x00000000d035b000-0x00000000d69e3fff]
[    0.019800]   node   0: [mem 0x00000000dafff000-0x00000000daffffff]
[    0.019801]   node   0: [mem 0x0000000100000000-0x000000021e5fffff]
[    0.019803] Initmem setup node 0 [mem 0x0000000000001000-0x000000021e5fffff]
[    0.019808] On node 0, zone DMA: 1 pages in unavailable ranges
[    0.019809] On node 0, zone DMA: 1 pages in unavailable ranges
[    0.019833] On node 0, zone DMA: 98 pages in unavailable ranges
[    0.021655] On node 0, zone DMA32: 512 pages in unavailable ranges
[    0.025926] On node 0, zone DMA32: 1 pages in unavailable ranges
[    0.026130] On node 0, zone DMA32: 514 pages in unavailable ranges
[    0.026390] On node 0, zone DMA32: 17947 pages in unavailable ranges
[    0.035193] On node 0, zone Normal: 20480 pages in unavailable ranges
[    0.035298] On node 0, zone Normal: 6656 pages in unavailable ranges
[    0.035308] Reserving Intel graphics memory at [mem 0xdba00000-0xdf9fffff]
[    0.035683] ACPI: PM-Timer IO Port: 0x408
[    0.035692] ACPI: LAPIC_NMI (acpi_id[0x00] high edge lint[0x1])
[    0.035694] ACPI: LAPIC_NMI (acpi_id[0x01] high edge lint[0x1])
[    0.035708] IOAPIC[0]: apic_id 2, version 32, address 0xfec00000, GSI 0-23
[    0.035711] ACPI: INT_SRC_OVR (bus 0 bus_irq 0 global_irq 2 dfl dfl)
[    0.035714] ACPI: INT_SRC_OVR (bus 0 bus_irq 9 global_irq 9 high level)
[    0.035718] ACPI: Using ACPI (MADT) for SMP configuration information
[    0.035719] ACPI: HPET id: 0x8086a301 base: 0xfed00000
[    0.035729] e820: update [mem 0xd3700000-0xd377bfff] usable ==> reserved
[    0.035739] TSC deadline timer available
[    0.035741] smpboot: Allowing 8 CPUs, 6 hotplug CPUs
[    0.035767] PM: hibernation: Registered nosave memory: [mem 0x00000000-0x00000fff]
[    0.035769] PM: hibernation: Registered nosave memory: [mem 0x0009c000-0x0009cfff]
[    0.035771] PM: hibernation: Registered nosave memory: [mem 0x0009e000-0x000bffff]
[    0.035772] PM: hibernation: Registered nosave memory: [mem 0x000c0000-0x000fffff]
[    0.035774] PM: hibernation: Registered nosave memory: [mem 0x20000000-0x201fffff]
[    0.035776] PM: hibernation: Registered nosave memory: [mem 0x40004000-0x40004fff]
[    0.035778] PM: hibernation: Registered nosave memory: [mem 0xd0159000-0xd035afff]
[    0.035780] PM: hibernation: Registered nosave memory: [mem 0xd3700000-0xd377bfff]
[    0.035783] PM: hibernation: Registered nosave memory: [mem 0xd69e4000-0xd6be3fff]
[    0.035783] PM: hibernation: Registered nosave memory: [mem 0xd6be4000-0xdae9efff]
[    0.035784] PM: hibernation: Registered nosave memory: [mem 0xdae9f000-0xdaf9efff]
[    0.035785] PM: hibernation: Registered nosave memory: [mem 0xdaf9f000-0xdaffefff]
[    0.035787] PM: hibernation: Registered nosave memory: [mem 0xdb000000-0xdf9fffff]
[    0.035788] PM: hibernation: Registered nosave memory: [mem 0xdfa00000-0xf80f7fff]
[    0.035789] PM: hibernation: Registered nosave memory: [mem 0xf80f8000-0xf80f8fff]
[    0.035790] PM: hibernation: Registered nosave memory: [mem 0xf80f9000-0xfed1bfff]
[    0.035791] PM: hibernation: Registered nosave memory: [mem 0xfed1c000-0xfed1ffff]
[    0.035792] PM: hibernation: Registered nosave memory: [mem 0xfed20000-0xffffffff]
[    0.035794] [mem 0xdfa00000-0xf80f7fff] available for PCI devices
[    0.035795] Booting paravirtualized kernel on bare hardware
[    0.035798] clocksource: refined-jiffies: mask: 0xffffffff max_cycles: 0xffffffff, max_idle_ns: 19112604462750000 ns
[    0.041039] setup_percpu: NR_CPUS:320 nr_cpumask_bits:320 nr_cpu_ids:8 nr_node_ids:1
[    0.041314] percpu: Embedded 61 pages/cpu s212992 r8192 d28672 u262144
[    0.041323] pcpu-alloc: s212992 r8192 d28672 u262144 alloc=1*2097152
[    0.041325] pcpu-alloc: [0] 0 1 2 3 4 5 6 7 
[    0.041355] Built 1 zonelists, mobility grouping on.  Total pages: 2018738
[    0.041357] Policy zone: Normal
[    0.041359] Kernel command line: BOOT_IMAGE=/boot/vmlinuz-linux-lts root=UUID=9e03b5e5-24a1-454e-864f-f2b0067ca101 rw resume=UUID=838392f8-80b9-44d6-ba89-523d8312e10b loglevel=3 audit=1 audit_backlog_limit=8192 lsm=landlock,lockdown,yama,apparmor,bpf l1tf=full,force mds=full,nosmt mitigations=auto,nosmt nosmt=force pcie_aspm=force init_on_alloc=1 init_on_free=1 randomize_kstack_offset=on slab_nomerge pti=on slub_debug=ZF slub_debug=P page_poison=1 fsck.mode=force fsck.repair=yes i915.modeset=1 i915.fastboot=1 i915.enable_fbc=1 iommu.strict=1 intremap=on intel_iommu=on
[    0.041426] audit: enabled (after initialization)
[    0.041439] audit: audit_backlog_limit: 8192
[    0.041513] PCIe ASPM is forcibly enabled
[    0.041611] mem auto-init: SLAB_POISON will take precedence over init_on_alloc/init_on_free
[    0.041732] DMAR: IOMMU enabled
[    0.041735] Unknown kernel command line parameters "BOOT_IMAGE=/boot/vmlinuz-linux-lts pti=on", will be passed to user space.
[    0.042150] Dentry cache hash table entries: 1048576 (order: 11, 8388608 bytes, linear)
[    0.042360] Inode-cache hash table entries: 524288 (order: 10, 4194304 bytes, linear)
[    0.042458] mem auto-init: CONFIG_PAGE_POISONING is on, will take precedence over init_on_alloc and init_on_free
[    0.042569] mem auto-init: stack:byref_all(zero), heap alloc:off, heap free:off
[    0.580281] Memory: 7868376K/8203768K available (14344K kernel code, 2055K rwdata, 10756K rodata, 1980K init, 3832K bss, 335132K reserved, 0K cma-reserved)
[    0.580287] **********************************************************
[    0.580288] **   NOTICE NOTICE NOTICE NOTICE NOTICE NOTICE NOTICE   **
[    0.580288] **                                                      **
[    0.580289] ** This system shows unhashed kernel memory addresses   **
[    0.580289] ** via the console, logs, and other interfaces. This    **
[    0.580290] ** might reduce the security of your system.            **
[    0.580290] **                                                      **
[    0.580291] ** If you see this message and you are not debugging    **
[    0.580292] ** the kernel, report this immediately to your system   **
[    0.580292] ** administrator!                                       **
[    0.580293] **                                                      **
[    0.580293] **   NOTICE NOTICE NOTICE NOTICE NOTICE NOTICE NOTICE   **
[    0.580294] **********************************************************
[    0.580655] SLUB: HWalign=64, Order=0-3, MinObjects=0, CPUs=8, Nodes=1
[    0.580676] Kernel/User page tables isolation: enabled
[    0.580694] ftrace: allocating 44148 entries in 173 pages
[    0.597022] ftrace: allocated 173 pages with 5 groups
[    0.597192] rcu: Hierarchical RCU implementation.
[    0.597193] rcu: 	RCU restricting CPUs from NR_CPUS=320 to nr_cpu_ids=8.
[    0.597195] 	Rude variant of Tasks RCU enabled.
[    0.597195] 	Tracing variant of Tasks RCU enabled.
[    0.597196] rcu: RCU calculated value of scheduler-enlistment delay is 10 jiffies.
[    0.597197] rcu: Adjusting geometry for rcu_fanout_leaf=16, nr_cpu_ids=8
[    0.603438] NR_IRQS: 20736, nr_irqs: 488, preallocated irqs: 16
[    0.603758] kfence: initialized - using 2097152 bytes for 255 objects at 0xffff9f54d5400000-0xffff9f54d5600000
[    0.603770] random: crng init done
[    0.603806] Console: colour dummy device 80x25
[    0.603821] printk: console [tty0] enabled
[    0.603848] ACPI: Core revision 20210730
[    0.604055] clocksource: hpet: mask: 0xffffffff max_cycles: 0xffffffff, max_idle_ns: 133484882848 ns
[    0.604073] APIC: Switch to symmetric I/O mode setup
[    0.604142] x2apic: IRQ remapping doesn't support X2APIC mode
[    0.604596] ..TIMER: vector=0x30 apic1=0 pin1=2 apic2=-1 pin2=-1
[    0.654076] clocksource: tsc-early: mask: 0xffffffffffffffff max_cycles: 0x25640637714, max_idle_ns: 440795240759 ns
[    0.654082] Calibrating delay loop (skipped), value calculated using timer frequency.. 5187.96 BogoMIPS (lpj=25939810)
[    0.654085] pid_max: default: 32768 minimum: 301
[    0.670669] LSM: Security Framework initializing
[    0.670691] landlock: Up and running.
[    0.670693] Yama: becoming mindful.
[    0.670748] AppArmor: AppArmor initialized
[    0.670752] LSM support for eBPF active
[    0.670808] Mount-cache hash table entries: 16384 (order: 5, 131072 bytes, linear)
[    0.670838] Mountpoint-cache hash table entries: 16384 (order: 5, 131072 bytes, linear)
[    0.671226] x86/cpu: VMX (outside TXT) disabled by BIOS
[    0.671232] CPU0: Thermal monitoring enabled (TM1)
[    0.671255] process: using mwait in idle threads
[    0.671257] Last level iTLB entries: 4KB 512, 2MB 8, 4MB 8
[    0.671259] Last level dTLB entries: 4KB 512, 2MB 32, 4MB 32, 1GB 0
[    0.671266] Spectre V1 : Mitigation: usercopy/swapgs barriers and __user pointer sanitization
[    0.671269] Spectre V2 : Mitigation: Retpolines
[    0.671270] Spectre V2 : Spectre v2 / SpectreRSB mitigation: Filling RSB on context switch
[    0.671271] Spectre V2 : Enabling Restricted Speculation for firmware calls
[    0.671273] Spectre V2 : mitigation: Enabling conditional Indirect Branch Prediction Barrier
[    0.671277] Speculative Store Bypass: Mitigation: Speculative Store Bypass disabled via prctl and seccomp
[    0.671280] MDS: Mitigation: Clear CPU buffers
[    0.671281] SRBDS: Vulnerable: No microcode
[    0.677218] Freeing SMP alternatives memory: 36K
[    0.678180] smpboot: Estimated ratio of average max frequency by base frequency (times 1024): 1220
[    0.678192] smpboot: CPU0: Intel(R) Core(TM) i5-3320M CPU @ 2.60GHz (family: 0x6, model: 0x3a, stepping: 0x9)
[    0.678477] Performance Events: PEBS fmt1+, IvyBridge events, 16-deep LBR, full-width counters, Intel PMU driver.
[    0.678487] ... version:                3
[    0.678488] ... bit width:              48
[    0.678488] ... generic registers:      8
[    0.678489] ... value mask:             0000ffffffffffff
[    0.678490] ... max period:             00007fffffffffff
[    0.678491] ... fixed-purpose events:   3
[    0.678492] ... event mask:             00000007000000ff
[    0.678641] rcu: Hierarchical SRCU implementation.
[    0.679895] NMI watchdog: Enabled. Permanently consumes one hw-PMU counter.
[    0.680055] smp: Bringing up secondary CPUs ...
[    0.680227] x86: Booting SMP configuration:
[    0.680228] .... node  #0, CPUs:      #1
[    0.683558] smp: Brought up 1 node, 2 CPUs
[    0.683558] smpboot: Max logical packages: 4
[    0.683558] smpboot: Total of 2 processors activated (10375.92 BogoMIPS)
[    0.683558] devtmpfs: initialized
[    0.683558] x86/mm: Memory block size: 128MB
[    0.683558] ACPI: PM: Registering ACPI NVS region [mem 0xdae9f000-0xdaf9efff] (1048576 bytes)
[    0.683558] clocksource: jiffies: mask: 0xffffffff max_cycles: 0xffffffff, max_idle_ns: 19112604462750000 ns
[    0.683558] futex hash table entries: 2048 (order: 5, 131072 bytes, linear)
[    0.683558] pinctrl core: initialized pinctrl subsystem
[    0.683558] PM: RTC time: 09:20:02, date: 2022-06-23
[    0.683558] NET: Registered PF_NETLINK/PF_ROUTE protocol family
[    0.683558] DMA: preallocated 1024 KiB GFP_KERNEL pool for atomic allocations
[    0.683558] DMA: preallocated 1024 KiB GFP_KERNEL|GFP_DMA pool for atomic allocations
[    0.683558] DMA: preallocated 1024 KiB GFP_KERNEL|GFP_DMA32 pool for atomic allocations
[    0.683558] audit: initializing netlink subsys (enabled)
[    0.683558] audit: type=2000 audit(1655976002.070:1): state=initialized audit_enabled=1 res=1
[    0.683558] thermal_sys: Registered thermal governor 'fair_share'
[    0.683558] thermal_sys: Registered thermal governor 'bang_bang'
[    0.683558] thermal_sys: Registered thermal governor 'step_wise'
[    0.683558] thermal_sys: Registered thermal governor 'user_space'
[    0.683558] thermal_sys: Registered thermal governor 'power_allocator'
[    0.683558] cpuidle: using governor ladder
[    0.683558] cpuidle: using governor menu
[    0.683558] ACPI FADT declares the system doesn't support PCIe ASPM, so disable it
[    0.683558] ACPI: bus type PCI registered
[    0.683558] acpiphp: ACPI Hot Plug PCI Controller Driver version: 0.5
[    0.683558] PCI: MMCONFIG for domain 0000 [bus 00-3f] at [mem 0xf8000000-0xfbffffff] (base 0xf8000000)
[    0.683558] PCI: not using MMCONFIG
[    0.683558] PCI: Using configuration type 1 for base access
[    0.683558] core: PMU erratum BJ122, BV98, HSD29 workaround disabled, HT off
[    0.683558] ENERGY_PERF_BIAS: Set to 'normal', was 'performance'
[    0.686067] Kprobes globally optimized
[    0.686072] HugeTLB: can free 6 vmemmap pages for hugepages-2048kB
[    0.686072] HugeTLB registered 2.00 MiB page size, pre-allocated 0 pages
[    0.686072] ACPI: Added _OSI(Module Device)
[    0.686072] ACPI: Added _OSI(Processor Device)
[    0.686072] ACPI: Added _OSI(3.0 _SCP Extensions)
[    0.686072] ACPI: Added _OSI(Processor Aggregator Device)
[    0.686072] ACPI: Added _OSI(Linux-Dell-Video)
[    0.686072] ACPI: Added _OSI(Linux-Lenovo-NV-HDMI-Audio)
[    0.686072] ACPI: Added _OSI(Linux-HPI-Hybrid-Graphics)
[    0.715889] ACPI: 6 ACPI AML tables successfully acquired and loaded
[    0.716774] ACPI: EC: EC started
[    0.716775] ACPI: EC: interrupt blocked
[    0.717385] ACPI: EC: EC_CMD/EC_SC=0x66, EC_DATA=0x62
[    0.717386] ACPI: EC: Boot ECDT EC used to handle transactions
[    0.717858] ACPI: [Firmware Bug]: BIOS _OSI(Linux) query ignored
[    0.722340] ACPI: Dynamic OEM Table Load:
[    0.722350] ACPI: SSDT 0xFFFF9F53C0278000 000A01 (v01 PmRef  Cpu0Cst  00003001 INTL 20061109)
[    0.723602] ACPI: Dynamic OEM Table Load:
[    0.723608] ACPI: SSDT 0xFFFF9F53C0DB7800 000303 (v01 PmRef  ApIst    00003000 INTL 20061109)
[    0.724480] ACPI: Dynamic OEM Table Load:
[    0.724485] ACPI: SSDT 0xFFFF9F53C0D3AC00 000119 (v01 PmRef  ApCst    00003000 INTL 20061109)
[    0.725531] ACPI: Interpreter enabled
[    0.725558] ACPI: PM: (supports S0 S3 S4 S5)
[    0.725560] ACPI: Using IOAPIC for interrupt routing
[    0.725604] PCI: MMCONFIG for domain 0000 [bus 00-3f] at [mem 0xf8000000-0xfbffffff] (base 0xf8000000)
[    0.726535] PCI: MMCONFIG at [mem 0xf8000000-0xfbffffff] reserved in ACPI motherboard resources
[    0.726546] PCI: Using host bridge windows from ACPI; if necessary, use "pci=nocrs" and report a bug
[    0.727042] ACPI: Enabled 6 GPEs in block 00 to 3F
[    0.732541] ACPI: PM: Power Resource [PUBS]
[    0.733138] acpi PNP0C0A:01: ACPI dock station (docks/bays count: 1)
[    0.735452] acpi LNXIOBAY:00: ACPI dock station (docks/bays count: 2)
[    0.740039] ACPI: PCI: Interrupt link LNKA configured for IRQ 0
[    0.740041] ACPI: PCI: Interrupt link LNKA disabled
[    0.740222] ACPI: PCI: Interrupt link LNKB configured for IRQ 0
[    0.740224] ACPI: PCI: Interrupt link LNKB disabled
[    0.740404] ACPI: PCI: Interrupt link LNKC configured for IRQ 0
[    0.740405] ACPI: PCI: Interrupt link LNKC disabled
[    0.740584] ACPI: PCI: Interrupt link LNKD configured for IRQ 0
[    0.740586] ACPI: PCI: Interrupt link LNKD disabled
[    0.740764] ACPI: PCI: Interrupt link LNKE configured for IRQ 0
[    0.740766] ACPI: PCI: Interrupt link LNKE disabled
[    0.740943] ACPI: PCI: Interrupt link LNKF configured for IRQ 0
[    0.740944] ACPI: PCI: Interrupt link LNKF disabled
[    0.741122] ACPI: PCI: Interrupt link LNKG configured for IRQ 0
[    0.741123] ACPI: PCI: Interrupt link LNKG disabled
[    0.741301] ACPI: PCI: Interrupt link LNKH configured for IRQ 0
[    0.741303] ACPI: PCI: Interrupt link LNKH disabled
[    0.741456] ACPI: PCI Root Bridge [PCI0] (domain 0000 [bus 00-3f])
[    0.741464] acpi PNP0A08:00: _OSC: OS supports [ExtendedConfig ASPM ClockPM Segments MSI EDR HPX-Type3]
[    0.741821] acpi PNP0A08:00: _OSC: platform does not support [SHPCHotplug PCIeCapability LTR DPC]
[    0.741989] acpi PNP0A08:00: _OSC: not requesting control; platform does not support [PCIeCapability]
[    0.741992] acpi PNP0A08:00: _OSC: OS requested [PCIeHotplug SHPCHotplug PME AER PCIeCapability LTR DPC]
[    0.741993] acpi PNP0A08:00: _OSC: platform willing to grant [PCIeHotplug PME AER]
[    0.741995] acpi PNP0A08:00: _OSC: platform retains control of PCIe features (AE_SUPPORT)
[    0.742403] PCI host bridge to bus 0000:00
[    0.742405] pci_bus 0000:00: root bus resource [io  0x0000-0x0cf7 window]
[    0.742408] pci_bus 0000:00: root bus resource [io  0x0d00-0xffff window]
[    0.742410] pci_bus 0000:00: root bus resource [mem 0x000a0000-0x000bffff window]
[    0.742412] pci_bus 0000:00: root bus resource [mem 0x000c0000-0x000c3fff window]
[    0.742413] pci_bus 0000:00: root bus resource [mem 0x000c4000-0x000c7fff window]
[    0.742415] pci_bus 0000:00: root bus resource [mem 0x000c8000-0x000cbfff window]
[    0.742416] pci_bus 0000:00: root bus resource [mem 0x000cc000-0x000cffff window]
[    0.742418] pci_bus 0000:00: root bus resource [mem 0x000d0000-0x000d3fff window]
[    0.742419] pci_bus 0000:00: root bus resource [mem 0x000d4000-0x000d7fff window]
[    0.742427] pci_bus 0000:00: root bus resource [mem 0x000d8000-0x000dbfff window]
[    0.742429] pci_bus 0000:00: root bus resource [mem 0x000dc000-0x000dffff window]
[    0.742431] pci_bus 0000:00: root bus resource [mem 0x000e0000-0x000e3fff window]
[    0.742432] pci_bus 0000:00: root bus resource [mem 0x000e4000-0x000e7fff window]
[    0.742434] pci_bus 0000:00: root bus resource [mem 0x000e8000-0x000ebfff window]
[    0.742436] pci_bus 0000:00: root bus resource [mem 0x000ec000-0x000effff window]
[    0.742438] pci_bus 0000:00: root bus resource [mem 0xdfa00000-0xfebfffff window]
[    0.742440] pci_bus 0000:00: root bus resource [mem 0xfed40000-0xfed4bfff window]
[    0.742442] pci_bus 0000:00: root bus resource [bus 00-3f]
[    0.742507] pci 0000:00:00.0: [8086:0154] type 00 class 0x060000
[    0.742721] pci 0000:00:02.0: [8086:0166] type 00 class 0x030000
[    0.742730] pci 0000:00:02.0: reg 0x10: [mem 0xf0000000-0xf03fffff 64bit]
[    0.742735] pci 0000:00:02.0: reg 0x18: [mem 0xe0000000-0xefffffff 64bit pref]
[    0.742739] pci 0000:00:02.0: reg 0x20: [io  0x6000-0x603f]
[    0.742753] pci 0000:00:02.0: BAR 2: assigned to efifb
[    0.742757] pci 0000:00:02.0: Video device with shadowed ROM at [mem 0x000c0000-0x000dffff]
[    0.742952] pci 0000:00:16.0: [8086:1e3a] type 00 class 0x078000
[    0.742973] pci 0000:00:16.0: reg 0x10: [mem 0xf2525000-0xf252500f 64bit]
[    0.743053] pci 0000:00:16.0: PME# supported from D0 D3hot D3cold
[    0.743260] pci 0000:00:19.0: [8086:1502] type 00 class 0x020000
[    0.743274] pci 0000:00:19.0: reg 0x10: [mem 0xf2500000-0xf251ffff]
[    0.743283] pci 0000:00:19.0: reg 0x14: [mem 0xf252b000-0xf252bfff]
[    0.743291] pci 0000:00:19.0: reg 0x18: [io  0x6080-0x609f]
[    0.743356] pci 0000:00:19.0: PME# supported from D0 D3hot D3cold
[    0.743583] pci 0000:00:1a.0: [8086:1e2d] type 00 class 0x0c0320
[    0.743599] pci 0000:00:1a.0: reg 0x10: [mem 0xf252a000-0xf252a3ff]
[    0.743689] pci 0000:00:1a.0: PME# supported from D0 D3hot D3cold
[    0.743909] pci 0000:00:1b.0: [8086:1e20] type 00 class 0x040300
[    0.743927] pci 0000:00:1b.0: reg 0x10: [mem 0xf2520000-0xf2523fff 64bit]
[    0.744012] pci 0000:00:1b.0: PME# supported from D0 D3hot D3cold
[    0.744249] pci 0000:00:1c.0: [8086:1e10] type 01 class 0x060400
[    0.744409] pci 0000:00:1c.0: PME# supported from D0 D3hot D3cold
[    0.744662] pci 0000:00:1c.1: [8086:1e12] type 01 class 0x060400
[    0.744820] pci 0000:00:1c.1: PME# supported from D0 D3hot D3cold
[    0.745082] pci 0000:00:1c.2: [8086:1e14] type 01 class 0x060400
[    0.745243] pci 0000:00:1c.2: PME# supported from D0 D3hot D3cold
[    0.745490] pci 0000:00:1d.0: [8086:1e26] type 00 class 0x0c0320
[    0.745506] pci 0000:00:1d.0: reg 0x10: [mem 0xf2529000-0xf25293ff]
[    0.745596] pci 0000:00:1d.0: PME# supported from D0 D3hot D3cold
[    0.745817] pci 0000:00:1f.0: [8086:1e55] type 00 class 0x060100
[    0.746125] pci 0000:00:1f.2: [8086:1e03] type 00 class 0x010601
[    0.746138] pci 0000:00:1f.2: reg 0x10: [io  0x60a8-0x60af]
[    0.746146] pci 0000:00:1f.2: reg 0x14: [io  0x60b4-0x60b7]
[    0.746154] pci 0000:00:1f.2: reg 0x18: [io  0x60a0-0x60a7]
[    0.746162] pci 0000:00:1f.2: reg 0x1c: [io  0x60b0-0x60b3]
[    0.746170] pci 0000:00:1f.2: reg 0x20: [io  0x6060-0x607f]
[    0.746178] pci 0000:00:1f.2: reg 0x24: [mem 0xf2528000-0xf25287ff]
[    0.746225] pci 0000:00:1f.2: PME# supported from D3hot
[    0.746432] pci 0000:00:1f.3: [8086:1e22] type 00 class 0x0c0500
[    0.746450] pci 0000:00:1f.3: reg 0x10: [mem 0xf2524000-0xf25240ff 64bit]
[    0.746471] pci 0000:00:1f.3: reg 0x20: [io  0xefa0-0xefbf]
[    0.746766] pci 0000:02:00.0: MMC controller base frequency changed to 50Mhz.
[    0.746770] pci 0000:02:00.0: [1180:e822] type 00 class 0x088001
[    0.746805] pci 0000:02:00.0: reg 0x10: [mem 0xf1d00000-0xf1d000ff]
[    0.747088] pci 0000:02:00.0: supports D1 D2
[    0.747089] pci 0000:02:00.0: PME# supported from D0 D1 D2 D3hot D3cold
[    0.747464] pci 0000:00:1c.0: PCI bridge to [bus 02]
[    0.747471] pci 0000:00:1c.0:   bridge window [io  0x5000-0x5fff]
[    0.747476] pci 0000:00:1c.0:   bridge window [mem 0xf1d00000-0xf24fffff]
[    0.747484] pci 0000:00:1c.0:   bridge window [mem 0xf0400000-0xf0bfffff 64bit pref]
[    0.747739] pci 0000:03:00.0: [8086:4238] type 00 class 0x028000
[    0.747918] pci 0000:03:00.0: reg 0x10: [mem 0xf1c00000-0xf1c01fff 64bit]
[    0.748746] pci 0000:03:00.0: PME# supported from D0 D3hot D3cold
[    0.749307] pci 0000:00:1c.1: PCI bridge to [bus 03]
[    0.749316] pci 0000:00:1c.1:   bridge window [mem 0xf1c00000-0xf1cfffff]
[    0.749441] acpiphp: Slot [1] registered
[    0.749450] pci 0000:00:1c.2: PCI bridge to [bus 04-0b]
[    0.749455] pci 0000:00:1c.2:   bridge window [io  0x4000-0x4fff]
[    0.749460] pci 0000:00:1c.2:   bridge window [mem 0xf1400000-0xf1bfffff]
[    0.749469] pci 0000:00:1c.2:   bridge window [mem 0xf0c00000-0xf13fffff 64bit pref]
[    0.751216] ACPI: EC: interrupt unblocked
[    0.751217] ACPI: EC: event unblocked
[    0.751223] ACPI: EC: EC_CMD/EC_SC=0x66, EC_DATA=0x62
[    0.751224] ACPI: EC: GPE=0x11
[    0.751226] ACPI: \_SB_.PCI0.LPC_.EC__: Boot ECDT EC initialization complete
[    0.751228] ACPI: \_SB_.PCI0.LPC_.EC__: EC: Used to handle transactions and events
[    0.751326] iommu: Default domain type: Translated 
[    0.751327] iommu: DMA domain TLB invalidation policy: strict mode (set via kernel command line)
[    0.751347] pci 0000:00:02.0: vgaarb: VGA device added: decodes=io+mem,owns=mem,locks=none
[    0.751347] pci 0000:00:02.0: vgaarb: bridge control possible
[    0.751347] pci 0000:00:02.0: vgaarb: setting as boot device
[    0.751347] vgaarb: loaded
[    0.751347] SCSI subsystem initialized
[    0.751347] libata version 3.00 loaded.
[    0.751347] ACPI: bus type USB registered
[    0.751347] usbcore: registered new interface driver usbfs
[    0.751347] usbcore: registered new interface driver hub
[    0.751347] usbcore: registered new device driver usb
[    0.751347] pps_core: LinuxPPS API ver. 1 registered
[    0.751347] pps_core: Software ver. 5.3.6 - Copyright 2005-2007 Rodolfo Giometti <giometti@linux.it>
[    0.751347] PTP clock support registered
[    0.751347] EDAC MC: Ver: 3.0.0
[    0.751347] Registered efivars operations
[    0.751347] NetLabel: Initializing
[    0.751347] NetLabel:  domain hash size = 128
[    0.751347] NetLabel:  protocols = UNLABELED CIPSOv4 CALIPSO
[    0.751347] audit: type=1409 audit(1655976002.140:2): netlabel: auid=0 ses=0 subj==unconfined nlbl_domain=(default) nlbl_protocol=unlbl res=1
[    0.751347] NetLabel:  unlabeled traffic allowed by default
[    0.751347] audit: type=1406 audit(1655976002.140:3): netlabel: auid=0 ses=0 subj==unconfined unlbl_accept=1 old=0
[    0.751347] PCI: Using ACPI for IRQ routing
[    0.751347] PCI: pci_cache_line_size set to 64 bytes
[    0.751347] e820: reserve RAM buffer [mem 0x0009c000-0x0009ffff]
[    0.751347] e820: reserve RAM buffer [mem 0x0009e000-0x0009ffff]
[    0.751347] e820: reserve RAM buffer [mem 0x40004000-0x43ffffff]
[    0.751347] e820: reserve RAM buffer [mem 0xd0159000-0xd3ffffff]
[    0.751347] e820: reserve RAM buffer [mem 0xd3700000-0xd3ffffff]
[    0.751347] e820: reserve RAM buffer [mem 0xd69e4000-0xd7ffffff]
[    0.751347] e820: reserve RAM buffer [mem 0xdb000000-0xdbffffff]
[    0.751347] e820: reserve RAM buffer [mem 0x21e600000-0x21fffffff]
[    0.755269] hpet0: at MMIO 0xfed00000, IRQs 2, 8, 0, 0, 0, 0, 0, 0
[    0.755280] hpet0: 8 comparators, 64-bit 14.318180 MHz counter
[    0.757382] clocksource: Switched to clocksource tsc-early
[    0.769914] VFS: Disk quotas dquot_6.6.0
[    0.769932] VFS: Dquot-cache hash table entries: 512 (order 0, 4096 bytes)
[    0.770125] AppArmor: AppArmor Filesystem Enabled
[    0.770180] pnp: PnP ACPI init
[    0.771090] system 00:00: [mem 0x00000000-0x0009ffff] could not be reserved
[    0.771095] system 00:00: [mem 0x000f0000-0x000fffff] could not be reserved
[    0.771098] system 00:00: [mem 0x00100000-0xdf9fffff] could not be reserved
[    0.771101] system 00:00: [mem 0xfec00000-0xffffffff] could not be reserved
[    0.771340] pnp 00:01: [Firmware Bug]: PNP resource [mem 0xfed10000-0xfed13fff] covers only part of 0000:00:00.0 Intel MCH; extending to [mem 0xfed10000-0xfed17fff]
[    0.771369] system 00:01: [io  0x0400-0x047f] has been reserved
[    0.771372] system 00:01: [io  0x0500-0x057f] has been reserved
[    0.771374] system 00:01: [io  0x0800-0x080f] has been reserved
[    0.771376] system 00:01: [io  0x15e0-0x15ef] has been reserved
[    0.771378] system 00:01: [io  0x1600-0x167f] has been reserved
[    0.771381] system 00:01: [mem 0xf8000000-0xfbffffff] could not be reserved
[    0.771385] system 00:01: [mem 0xfffff000-0xffffffff] has been reserved
[    0.771388] system 00:01: [mem 0xfed1c000-0xfed1ffff] has been reserved
[    0.771390] system 00:01: [mem 0xfed10000-0xfed17fff] has been reserved
[    0.771395] system 00:01: [mem 0xfed18000-0xfed18fff] has been reserved
[    0.771398] system 00:01: [mem 0xfed19000-0xfed19fff] has been reserved
[    0.771400] system 00:01: [mem 0xfed45000-0xfed4bfff] has been reserved
[    0.771403] system 00:01: [mem 0xfed40000-0xfed44fff] has been reserved
[    0.771663] audit: type=1400 audit(1655976002.150:4): apparmor="STATUS" info="AppArmor Filesystem Enabled" pid=1 comm="swapper/0"
[    0.772356] pnp: PnP ACPI: found 5 devices
[    0.778826] clocksource: acpi_pm: mask: 0xffffff max_cycles: 0xffffff, max_idle_ns: 2085701024 ns
[    0.778915] NET: Registered PF_INET protocol family
[    0.779119] IP idents hash table entries: 131072 (order: 8, 1048576 bytes, linear)
[    0.780287] tcp_listen_portaddr_hash hash table entries: 4096 (order: 4, 65536 bytes, linear)
[    0.780331] Table-perturb hash table entries: 65536 (order: 6, 262144 bytes, linear)
[    0.780401] TCP established hash table entries: 65536 (order: 7, 524288 bytes, linear)
[    0.780612] TCP bind hash table entries: 65536 (order: 8, 1048576 bytes, linear)
[    0.780716] TCP: Hash tables configured (established 65536 bind 65536)
[    0.780844] MPTCP token hash table entries: 8192 (order: 5, 196608 bytes, linear)
[    0.780902] UDP hash table entries: 4096 (order: 5, 131072 bytes, linear)
[    0.780937] UDP-Lite hash table entries: 4096 (order: 5, 131072 bytes, linear)
[    0.781019] NET: Registered PF_UNIX/PF_LOCAL protocol family
[    0.781026] NET: Registered PF_XDP protocol family
[    0.781038] pci 0000:00:1c.0: PCI bridge to [bus 02]
[    0.781046] pci 0000:00:1c.0:   bridge window [io  0x5000-0x5fff]
[    0.781054] pci 0000:00:1c.0:   bridge window [mem 0xf1d00000-0xf24fffff]
[    0.781059] pci 0000:00:1c.0:   bridge window [mem 0xf0400000-0xf0bfffff 64bit pref]
[    0.781067] pci 0000:00:1c.1: PCI bridge to [bus 03]
[    0.781074] pci 0000:00:1c.1:   bridge window [mem 0xf1c00000-0xf1cfffff]
[    0.781086] pci 0000:00:1c.2: PCI bridge to [bus 04-0b]
[    0.781088] pci 0000:00:1c.2:   bridge window [io  0x4000-0x4fff]
[    0.781095] pci 0000:00:1c.2:   bridge window [mem 0xf1400000-0xf1bfffff]
[    0.781100] pci 0000:00:1c.2:   bridge window [mem 0xf0c00000-0xf13fffff 64bit pref]
[    0.781109] pci_bus 0000:00: resource 4 [io  0x0000-0x0cf7 window]
[    0.781111] pci_bus 0000:00: resource 5 [io  0x0d00-0xffff window]
[    0.781112] pci_bus 0000:00: resource 6 [mem 0x000a0000-0x000bffff window]
[    0.781114] pci_bus 0000:00: resource 7 [mem 0x000c0000-0x000c3fff window]
[    0.781115] pci_bus 0000:00: resource 8 [mem 0x000c4000-0x000c7fff window]
[    0.781117] pci_bus 0000:00: resource 9 [mem 0x000c8000-0x000cbfff window]
[    0.781119] pci_bus 0000:00: resource 10 [mem 0x000cc000-0x000cffff window]
[    0.781120] pci_bus 0000:00: resource 11 [mem 0x000d0000-0x000d3fff window]
[    0.781122] pci_bus 0000:00: resource 12 [mem 0x000d4000-0x000d7fff window]
[    0.781123] pci_bus 0000:00: resource 13 [mem 0x000d8000-0x000dbfff window]
[    0.781125] pci_bus 0000:00: resource 14 [mem 0x000dc000-0x000dffff window]
[    0.781126] pci_bus 0000:00: resource 15 [mem 0x000e0000-0x000e3fff window]
[    0.781128] pci_bus 0000:00: resource 16 [mem 0x000e4000-0x000e7fff window]
[    0.781129] pci_bus 0000:00: resource 17 [mem 0x000e8000-0x000ebfff window]
[    0.781131] pci_bus 0000:00: resource 18 [mem 0x000ec000-0x000effff window]
[    0.781132] pci_bus 0000:00: resource 19 [mem 0xdfa00000-0xfebfffff window]
[    0.781134] pci_bus 0000:00: resource 20 [mem 0xfed40000-0xfed4bfff window]
[    0.781136] pci_bus 0000:02: resource 0 [io  0x5000-0x5fff]
[    0.781137] pci_bus 0000:02: resource 1 [mem 0xf1d00000-0xf24fffff]
[    0.781138] pci_bus 0000:02: resource 2 [mem 0xf0400000-0xf0bfffff 64bit pref]
[    0.781140] pci_bus 0000:03: resource 1 [mem 0xf1c00000-0xf1cfffff]
[    0.781142] pci_bus 0000:04: resource 0 [io  0x4000-0x4fff]
[    0.781143] pci_bus 0000:04: resource 1 [mem 0xf1400000-0xf1bfffff]
[    0.781145] pci_bus 0000:04: resource 2 [mem 0xf0c00000-0xf13fffff 64bit pref]
[    0.782149] PCI: CLS 64 bytes, default 64
[    0.782161] PCI-DMA: Using software bounce buffering for IO (SWIOTLB)
[    0.782162] software IO TLB: mapped [mem 0x00000000c9dba000-0x00000000cddba000] (64MB)
[    0.782222] Trying to unpack rootfs image as initramfs...
[    0.782984] Initialise system trusted keyrings
[    0.782999] Key type blacklist registered
[    0.783069] workingset: timestamp_bits=41 max_order=21 bucket_order=0
[    0.785629] zbud: loaded
[    0.797323] Key type asymmetric registered
[    0.797325] Asymmetric key parser 'x509' registered
[    0.797370] Block layer SCSI generic (bsg) driver version 0.4 loaded (major 242)
[    0.797547] io scheduler mq-deadline registered
[    0.797548] io scheduler kyber registered
[    0.797592] io scheduler bfq registered
[    0.798571] shpchp: Standard Hot Plug PCI Controller Driver version: 0.4
[    0.799327] ACPI: AC: AC Adapter [AC] (on-line)
[    0.799399] input: Lid Switch as /devices/LNXSYSTM:00/LNXSYBUS:00/PNP0C0D:00/input/input0
[    0.799443] ACPI: button: Lid Switch [LID]
[    0.799485] input: Sleep Button as /devices/LNXSYSTM:00/LNXSYBUS:00/PNP0C0E:00/input/input1
[    0.799518] ACPI: button: Sleep Button [SLPB]
[    0.799565] input: Power Button as /devices/LNXSYSTM:00/LNXPWRBN:00/input/input2
[    0.799596] ACPI: button: Power Button [PWRF]
[    0.801760] thermal LNXTHERM:00: registered as thermal_zone0
[    0.801763] ACPI: thermal: Thermal Zone [THM0] (51 C)
[    0.801949] Serial: 8250/16550 driver, 32 ports, IRQ sharing enabled
[    0.804102] Non-volatile memory driver v1.3
[    0.804104] Linux agpgart interface v0.103
[    0.804106] AMD-Vi: AMD IOMMUv2 functionality not available on this system - This is not a bug.
[    0.805490] ahci 0000:00:1f.2: version 3.0
[    0.805709] ahci 0000:00:1f.2: SSS flag set, parallel bus scan disabled
[    0.813974] ACPI: battery: Slot [BAT0] (battery present)
[    0.824109] ahci 0000:00:1f.2: AHCI 0001.0300 32 slots 6 ports 6 Gbps 0x13 impl SATA mode
[    0.824114] ahci 0000:00:1f.2: flags: 64bit ncq ilck stag pm led clo pio slum part ems sxs apst 
[    0.884838] scsi host0: ahci
[    0.885033] scsi host1: ahci
[    0.885171] scsi host2: ahci
[    0.885306] scsi host3: ahci
[    0.885435] scsi host4: ahci
[    0.885574] scsi host5: ahci
[    0.885634] ata1: SATA max UDMA/133 abar m2048@0xf2528000 port 0xf2528100 irq 24
[    0.885638] ata2: SATA max UDMA/133 abar m2048@0xf2528000 port 0xf2528180 irq 24
[    0.885640] ata3: DUMMY
[    0.885641] ata4: DUMMY
[    0.885643] ata5: SATA max UDMA/133 abar m2048@0xf2528000 port 0xf2528300 irq 24
[    0.885644] ata6: DUMMY
[    0.885699] ehci_hcd: USB 2.0 'Enhanced' Host Controller (EHCI) Driver
[    0.885709] ehci-pci: EHCI PCI platform driver
[    0.885894] ehci-pci 0000:00:1a.0: EHCI Host Controller
[    0.885901] ehci-pci 0000:00:1a.0: new USB bus registered, assigned bus number 1
[    0.885917] ehci-pci 0000:00:1a.0: debug port 2
[    0.889849] ehci-pci 0000:00:1a.0: irq 16, io mem 0xf252a000
[    0.914099] ehci-pci 0000:00:1a.0: USB 2.0 started, EHCI 1.00
[    0.914188] usb usb1: New USB device found, idVendor=1d6b, idProduct=0002, bcdDevice= 5.15
[    0.914191] usb usb1: New USB device strings: Mfr=3, Product=2, SerialNumber=1
[    0.914193] usb usb1: Product: EHCI Host Controller
[    0.914194] usb usb1: Manufacturer: Linux 5.15.49-1-lts ehci_hcd
[    0.914195] usb usb1: SerialNumber: 0000:00:1a.0
[    0.914366] hub 1-0:1.0: USB hub found
[    0.914377] hub 1-0:1.0: 3 ports detected
[    0.914812] ehci-pci 0000:00:1d.0: EHCI Host Controller
[    0.914819] ehci-pci 0000:00:1d.0: new USB bus registered, assigned bus number 2
[    0.914835] ehci-pci 0000:00:1d.0: debug port 2
[    0.918749] ehci-pci 0000:00:1d.0: irq 23, io mem 0xf2529000
[    0.944104] ehci-pci 0000:00:1d.0: USB 2.0 started, EHCI 1.00
[    0.944211] usb usb2: New USB device found, idVendor=1d6b, idProduct=0002, bcdDevice= 5.15
[    0.944214] usb usb2: New USB device strings: Mfr=3, Product=2, SerialNumber=1
[    0.944215] usb usb2: Product: EHCI Host Controller
[    0.944217] usb usb2: Manufacturer: Linux 5.15.49-1-lts ehci_hcd
[    0.944218] usb usb2: SerialNumber: 0000:00:1d.0
[    0.944381] hub 2-0:1.0: USB hub found
[    0.944392] hub 2-0:1.0: 3 ports detected
[    0.944660] ohci_hcd: USB 1.1 'Open' Host Controller (OHCI) Driver
[    0.944668] ohci-pci: OHCI PCI platform driver
[    0.944680] uhci_hcd: USB Universal Host Controller Interface driver
[    0.944757] usbcore: registered new interface driver usbserial_generic
[    0.944763] usbserial: USB Serial support registered for generic
[    0.944879] rtc_cmos 00:02: RTC can wake from S4
[    0.945134] rtc_cmos 00:02: registered as rtc0
[    0.945170] rtc_cmos 00:02: setting system clock to 2022-06-23T09:20:02 UTC (1655976002)
[    0.945198] rtc_cmos 00:02: alarms up to one month, y3k, 114 bytes nvram, hpet irqs
[    0.945636] intel_pstate: Intel P-state driver initializing
[    0.945875] ledtrig-cpu: registered to indicate activity on CPUs
[    0.946262] efifb: probing for efifb
[    0.946272] efifb: framebuffer at 0xe0000000, using 1216k, total 1216k
[    0.946273] efifb: mode is 640x480x32, linelength=2560, pages=1
[    0.946275] efifb: scrolling: redraw
[    0.946275] efifb: Truecolor: size=8:8:8:8, shift=24:16:8:0
[    0.946335] fbcon: Deferring console take-over
[    0.946337] fb0: EFI VGA frame buffer device
[    0.946354] hid: raw HID events driver (C) Jiri Kosina
[    0.946425] drop_monitor: Initializing network drop monitor service
[    0.946485] Initializing XFRM netlink socket
[    0.946615] NET: Registered PF_INET6 protocol family
[    1.204105] usb 1-1: new high-speed USB device number 2 using ehci-pci
[    1.224107] ata1: SATA link up 6.0 Gbps (SStatus 133 SControl 300)
[    1.226998] ata1.00: ACPI cmd ef/02:00:00:00:00:a0 (SET FEATURES) succeeded
[    1.227004] ata1.00: ACPI cmd f5/00:00:00:00:00:a0 (SECURITY FREEZE LOCK) filtered out
[    1.227006] ata1.00: ACPI cmd ef/10:03:00:00:00:a0 (SET FEATURES) filtered out
[    1.227185] ata1.00: supports DRM functions and may not be fully accessible
[    1.227188] ata1.00: ATA-9: SAMSUNG MZ7TD256HAFV-000L7, DXT06L6Q, max UDMA/133
[    1.227311] ata1.00: NCQ Send/Recv Log not supported
[    1.227314] ata1.00: 500118192 sectors, multi 1: LBA48 NCQ (depth 32), AA
[    1.227633] ata1.00: Features: Trust Dev-Sleep
[    1.227886] ata1.00: ACPI cmd ef/02:00:00:00:00:a0 (SET FEATURES) succeeded
[    1.227890] ata1.00: ACPI cmd f5/00:00:00:00:00:a0 (SECURITY FREEZE LOCK) filtered out
[    1.227892] ata1.00: ACPI cmd ef/10:03:00:00:00:a0 (SET FEATURES) filtered out
[    1.228021] ata1.00: supports DRM functions and may not be fully accessible
[    1.228100] ata1.00: NCQ Send/Recv Log not supported
[    1.228396] ata1.00: configured for UDMA/133
[    1.228577] scsi 0:0:0:0: Direct-Access     ATA      SAMSUNG MZ7TD256 6L6Q PQ: 0 ANSI: 5
[    1.228858] sd 0:0:0:0: [sda] 500118192 512-byte logical blocks: (256 GB/238 GiB)
[    1.228869] sd 0:0:0:0: [sda] Write Protect is off
[    1.228871] sd 0:0:0:0: [sda] Mode Sense: 00 3a 00 00
[    1.228886] sd 0:0:0:0: [sda] Write cache: enabled, read cache: enabled, doesn't support DPO or FUA
[    1.234105] usb 2-1: new high-speed USB device number 2 using ehci-pci
[    1.286395]  sda: sda1 sda2 sda3
[    1.333690] Freeing initrd memory: 11652K
[    1.339117] Segment Routing with IPv6
[    1.339119] RPL Segment Routing with IPv6
[    1.339133] In-situ OAM (IOAM) with IPv6
[    1.339159] NET: Registered PF_PACKET protocol family
[    1.339460] microcode: sig=0x306a9, pf=0x10, revision=0x21
[    1.339469] microcode: Microcode Update Driver: v2.2.
[    1.339474] IPI shorthand broadcast: enabled
[    1.339488] sched_clock: Marking stable (1338886922, 413945)->(1357450301, -18149434)
[    1.339633] registered taskstats version 1
[    1.339706] Loading compiled-in X.509 certificates
[    1.342683] Loaded X.509 cert 'Build time autogenerated kernel key: 152ab3b09dd9397da56b717ec7dbf9385d8ba7e3'
[    1.343089] zswap: loaded using pool lz4/z3fold
[    1.343242] Key type ._fscrypt registered
[    1.343244] Key type .fscrypt registered
[    1.343245] Key type fscrypt-provisioning registered
[    1.343301] AppArmor: AppArmor sha1 policy hashing enabled
[    1.343303] audit: type=1400 audit(1655976002.880:5): apparmor="STATUS" info="AppArmor sha1 policy hashing enabled" pid=1 comm="swapper/0"
[    1.343705] PM:   Magic number: 10:951:323
[    1.343737] tty tty48: hash matches
[    1.343937] RAS: Correctable Errors collector initialized.
[    1.357880] sd 0:0:0:0: [sda] supports TCG Opal
[    1.357883] sd 0:0:0:0: [sda] Attached SCSI disk
[    1.404928] usb 1-1: New USB device found, idVendor=8087, idProduct=0024, bcdDevice= 0.00
[    1.404934] usb 1-1: New USB device strings: Mfr=0, Product=0, SerialNumber=0
[    1.405467] hub 1-1:1.0: USB hub found
[    1.405649] hub 1-1:1.0: 6 ports detected
[    1.434721] usb 2-1: New USB device found, idVendor=8087, idProduct=0024, bcdDevice= 0.00
[    1.434733] usb 2-1: New USB device strings: Mfr=0, Product=0, SerialNumber=0
[    1.435180] hub 2-1:1.0: USB hub found
[    1.435349] hub 2-1:1.0: 8 ports detected
[    1.564162] ata2: SATA link up 1.5 Gbps (SStatus 113 SControl 300)
[    1.568414] ata2.00: ACPI cmd e3/00:1f:00:00:00:a0 (IDLE) succeeded
[    1.570050] ata2.00: ACPI cmd e3/00:02:00:00:00:a0 (IDLE) succeeded
[    1.570067] ata2.00: ACPI cmd ef/10:03:00:00:00:a0 (SET FEATURES) filtered out
[    1.573291] ata2.00: ATAPI: HL-DT-ST DVDRAM GT80N, LT21, max UDMA/133
[    1.579539] ata2.00: ACPI cmd e3/00:1f:00:00:00:a0 (IDLE) succeeded
[    1.579702] ata2.00: ACPI cmd e3/00:02:00:00:00:a0 (IDLE) succeeded
[    1.579707] ata2.00: ACPI cmd ef/10:03:00:00:00:a0 (SET FEATURES) filtered out
[    1.581636] ata2.00: configured for UDMA/133
[    1.597036] scsi 1:0:0:0: CD-ROM            HL-DT-ST DVDRAM GT80N     LT21 PQ: 0 ANSI: 5
[    1.714183] usb 1-1.6: new high-speed USB device number 3 using ehci-pci
[    1.794173] tsc: Refined TSC clocksource calibration: 2594.107 MHz
[    1.794191] clocksource: tsc: mask: 0xffffffffffffffff max_cycles: 0x25647d583cf, max_idle_ns: 440795304232 ns
[    1.794241] clocksource: Switched to clocksource tsc
[    1.872504] usb 1-1.6: New USB device found, idVendor=04f2, idProduct=b2da, bcdDevice= 5.20
[    1.872517] usb 1-1.6: New USB device strings: Mfr=1, Product=2, SerialNumber=0
[    1.872521] usb 1-1.6: Product: Integrated Camera
[    1.872524] usb 1-1.6: Manufacturer: Chicony Electronics Co., Ltd.
[    1.986529] ata5: SATA link down (SStatus 0 SControl 300)
[    1.990710] Freeing unused decrypted memory: 2036K
[    1.991527] Freeing unused kernel image (initmem) memory: 1980K
[    1.991607] Write protecting the kernel read-only data: 28672k
[    1.992603] Freeing unused kernel image (text/rodata gap) memory: 2036K
[    1.993291] Freeing unused kernel image (rodata/data gap) memory: 1532K
[    2.082625] x86/mm: Checked W+X mappings: passed, no W+X pages found.
[    2.082629] rodata_test: all tests were successful
[    2.082631] x86/mm: Checking user space page tables
[    2.127233] x86/mm: Checked W+X mappings: passed, no W+X pages found.
[    2.127252] Run /init as init process
[    2.127253]   with arguments:
[    2.127255]     /init
[    2.127255]   with environment:
[    2.127256]     HOME=/
[    2.127257]     TERM=linux
[    2.127257]     BOOT_IMAGE=/boot/vmlinuz-linux-lts
[    2.127258]     pti=on
[    2.171226] fbcon: Taking over console
[    2.171406] Console: switching to colour frame buffer device 80x30
[    2.320791] i8042: PNP: PS/2 Controller [PNP0303:KBD,PNP0f13:MOU] at 0x60,0x64 irq 1,12
[    2.322373] serio: i8042 KBD port at 0x60,0x64 irq 1
[    2.322381] serio: i8042 AUX port at 0x60,0x64 irq 12
[    2.360901] sdhci: Secure Digital Host Controller Interface driver
[    2.360904] sdhci: Copyright(c) Pierre Ossman
[    2.371054] sdhci-pci 0000:02:00.0: SDHCI controller found [1180:e822] (rev 7)
[    2.371709] mmc0 bounce up to 128 segments into one, max segment size 65536 bytes
[    2.372077] mmc0: SDHCI controller on PCI [0000:02:00.0] using DMA
[    2.384993] input: AT Translated Set 2 keyboard as /devices/platform/i8042/serio0/input/input3
[    2.397105] sr 1:0:0:0: [sr0] scsi3-mmc drive: 24x/24x writer dvd-ram cd/rw xa/form2 cdda tray
[    2.397111] cdrom: Uniform CD-ROM driver Revision: 3.20
[    2.475502] sr 1:0:0:0: Attached scsi CD-ROM sr0
[    2.966265] PM: Image not found (code -22)
[    5.776834] EXT4-fs (sda2): mounted filesystem with ordered data mode. Opts: (null). Quota mode: none.
[    5.925350] audit: type=1334 audit(1655976007.469:6): prog-id=1 op=LOAD
[    5.925354] audit: type=1300 audit(1655976007.469:6): arch=c000003e syscall=321 success=yes exit=4 a0=5 a1=7ffcb3b8f0c0 a2=80 a3=0 items=0 ppid=2 pid=195 auid=4294967295 uid=0 gid=0 euid=0 suid=0 fsuid=0 egid=0 sgid=0 fsgid=0 tty=(none) ses=4294967295 comm="bpf_preload" exe="/bpf_preload" subj==unconfined key=(null)
[    5.925361] audit: type=1327 audit(1655976007.469:6): proctitle="bpf_preload"
[    5.925370] audit: type=1334 audit(1655976007.469:7): prog-id=0 op=UNLOAD
[    5.933555] audit: type=1334 audit(1655976007.469:8): prog-id=2 op=LOAD
[    5.933560] audit: type=1300 audit(1655976007.469:8): arch=c000003e syscall=321 success=yes exit=6 a0=5 a1=7ffcb3b8ef20 a2=80 a3=0 items=0 ppid=2 pid=195 auid=4294967295 uid=0 gid=0 euid=0 suid=0 fsuid=0 egid=0 sgid=0 fsgid=0 tty=(none) ses=4294967295 comm="bpf_preload" exe="/bpf_preload" subj==unconfined key=(null)
[    5.933561] audit: type=1327 audit(1655976007.469:8): proctitle="bpf_preload"
[    5.933562] audit: type=1334 audit(1655976007.469:9): prog-id=0 op=UNLOAD
[    5.933619] audit: type=1334 audit(1655976007.469:10): prog-id=3 op=LOAD
[    5.933629] audit: type=1300 audit(1655976007.469:10): arch=c000003e syscall=321 success=yes exit=5 a0=5 a1=7ffcb3b8edb0 a2=80 a3=0 items=0 ppid=2 pid=195 auid=4294967295 uid=0 gid=0 euid=0 suid=0 fsuid=0 egid=0 sgid=0 fsgid=0 tty=(none) ses=4294967295 comm="bpf_preload" exe="/bpf_preload" subj==unconfined key=(null)
[    5.951445] systemd[1]: systemd 251.2-1-arch running in system mode (+PAM +AUDIT -SELINUX -APPARMOR -IMA +SMACK +SECCOMP +GCRYPT +GNUTLS +OPENSSL +ACL +BLKID +CURL +ELFUTILS +FIDO2 +IDN2 -IDN +IPTC +KMOD +LIBCRYPTSETUP +LIBFDISK +PCRE2 -PWQUALITY +P11KIT -QRENCODE +TPM2 +BZIP2 +LZ4 +XZ +ZLIB +ZSTD -BPF_FRAMEWORK +XKBCOMMON +UTMP -SYSVINIT default-hierarchy=unified)
[    5.951454] systemd[1]: Detected architecture x86-64.
[    5.952854] systemd[1]: Hostname set to <mksthinkpad>.
[    6.099777] systemd[1]: /usr/lib/systemd/system/intel-lms.service:8: PIDFile= references a path below legacy directory /var/run/, updating /var/run/lms.pid  /run/lms.pid; please update the unit file accordingly.
[    6.102380] systemd[1]: Queued start job for default target Graphical Interface.
[    6.103733] systemd[1]: Created slice Slice /system/getty.
[    6.104217] systemd[1]: Created slice Slice /system/modprobe.
[    6.104742] systemd[1]: Created slice Slice /system/systemd-fsck.
[    6.105137] systemd[1]: Created slice Slice /system/urxvtd.
[    6.105465] systemd[1]: Created slice User and Session Slice.
[    6.105614] systemd[1]: Started Dispatch Password Requests to Console Directory Watch.
[    6.105744] systemd[1]: Started Forward Password Requests to Wall Directory Watch.
[    6.105987] systemd[1]: Set up automount Arbitrary Executable File Formats File System Automount Point.
[    6.106087] systemd[1]: Reached target Local Encrypted Volumes.
[    6.106158] systemd[1]: Reached target Login Prompts.
[    6.106219] systemd[1]: Reached target Local Integrity Protected Volumes.
[    6.106301] systemd[1]: Reached target Path Units.
[    6.106370] systemd[1]: Reached target Remote File Systems.
[    6.106426] systemd[1]: Reached target Slice Units.
[    6.106500] systemd[1]: Reached target Local Verity Protected Volumes.
[    6.106624] systemd[1]: Listening on Device-mapper event daemon FIFOs.
[    6.107269] systemd[1]: Listening on LVM2 poll daemon socket.
[    6.108724] systemd[1]: Listening on Process Core Dump Socket.
[    6.109245] systemd[1]: Listening on Journal Audit Socket.
[    6.109684] systemd[1]: Listening on Journal Socket (/dev/log).
[    6.110117] systemd[1]: Listening on Journal Socket.
[    6.111268] systemd[1]: Listening on udev Control Socket.
[    6.111666] systemd[1]: Listening on udev Kernel Socket.
[    6.112987] systemd[1]: Mounting Huge Pages File System...
[    6.114303] systemd[1]: Mounting POSIX Message Queue File System...
[    6.115654] systemd[1]: Mounting Kernel Debug File System...
[    6.117175] systemd[1]: Mounting Kernel Trace File System...
[    6.118686] systemd[1]: Starting Create List of Static Device Nodes...
[    6.120116] systemd[1]: Starting Monitoring of LVM2 mirrors, snapshots etc. using dmeventd or progress polling...
[    6.121530] systemd[1]: Starting Load Kernel Module configfs...
[    6.122931] systemd[1]: Starting Load Kernel Module drm...
[    6.124382] systemd[1]: Starting Load Kernel Module fuse...
[    6.124797] systemd[1]: File System Check on Root Device was skipped because of a failed condition check (ConditionPathIsReadWrite=!/).
[    6.126768] systemd[1]: Starting Journal Service...
[    6.135671] systemd[1]: Starting Load Kernel Modules...
[    6.141443] systemd[1]: Starting Remount Root and Kernel File Systems...
[    6.142718] systemd[1]: Repartition Root Disk was skipped because all trigger condition checks failed.
[    6.143568] fuse: init (API version 7.34)
[    6.152218] EXT4-fs (sda2): re-mounted. Opts: (null). Quota mode: none.
[    6.155383] vboxdrv: loading out-of-tree module taints kernel.
[    6.155639] vboxdrv: module verification failed: signature and/or required key missing - tainting kernel
[    6.159333] vboxdrv: Found 2 processor cores
[    6.159903] systemd[1]: Starting Coldplug All udev Devices...
[    6.162237] systemd[1]: Mounted Huge Pages File System.
[    6.162854] systemd[1]: Mounted POSIX Message Queue File System.
[    6.163418] systemd[1]: Mounted Kernel Debug File System.
[    6.166026] systemd[1]: Mounted Kernel Trace File System.
[    6.174556] systemd[1]: Finished Create List of Static Device Nodes.
[    6.175327] systemd[1]: modprobe@configfs.service: Deactivated successfully.
[    6.175538] systemd[1]: Finished Load Kernel Module configfs.
[    6.176175] systemd[1]: modprobe@drm.service: Deactivated successfully.
[    6.176329] systemd[1]: Finished Load Kernel Module drm.
[    6.176935] systemd[1]: modprobe@fuse.service: Deactivated successfully.
[    6.177072] systemd[1]: Finished Load Kernel Module fuse.
[    6.177636] systemd[1]: Finished Remount Root and Kernel File Systems.
[    6.179230] systemd[1]: Mounting FUSE Control File System...
[    6.180492] systemd[1]: Mounting Kernel Configuration File System...
[    6.180925] systemd[1]: First Boot Wizard was skipped because of a failed condition check (ConditionFirstBoot=yes).
[    6.182015] systemd[1]: Rebuild Hardware Database was skipped because all trigger condition checks failed.
[    6.190094] systemd[1]: Starting Load/Save Random Seed...
[    6.195328] systemd[1]: Starting Create System Users...
[    6.204957] systemd[1]: Finished Monitoring of LVM2 mirrors, snapshots etc. using dmeventd or progress polling.
[    6.205523] systemd[1]: Mounted FUSE Control File System.
[    6.205969] systemd[1]: Mounted Kernel Configuration File System.
[    6.214522] vboxdrv: TSC mode is Invariant, tentative frequency 2594107454 Hz
[    6.214524] vboxdrv: Successfully loaded version 6.1.34 r150636 (interface 0x00320000)
[    6.225304] VBoxNetAdp: Successfully started.
[    6.229409] VBoxNetFlt: Successfully started.
[    6.230826] systemd[1]: Finished Load/Save Random Seed.
[    6.231357] systemd[1]: First Boot Complete was skipped because of a failed condition check (ConditionFirstBoot=yes).
[    6.231832] systemd[1]: Finished Load Kernel Modules.
[    6.233229] systemd[1]: Starting Apply Kernel Variables...
[    6.245407] systemd[1]: Finished Apply Kernel Variables.
[    6.252305] systemd[1]: Started Journal Service.
[    6.272594] systemd-journald[220]: Received client request to flush runtime journal.
[    6.505254] acpi PNP0C14:01: duplicate WMI GUID 05901221-D566-11D1-B2F0-00A0C9062910 (first instance was on PNP0C14:00)
[    6.505367] acpi PNP0C14:02: duplicate WMI GUID 05901221-D566-11D1-B2F0-00A0C9062910 (first instance was on PNP0C14:00)
[    6.662193] Adding 9227464k swap on /dev/sda3.  Priority:-2 extents:1 across:9227464k SSFS
[    6.673864] e1000e: Intel(R) PRO/1000 Network Driver
[    6.673868] e1000e: Copyright(c) 1999 - 2015 Intel Corporation.
[    6.674112] e1000e 0000:00:19.0: Interrupt Throttling Rate (ints/sec) set to dynamic conservative mode
[    6.708254] Setting dangerous option enable_fbc - tainting kernel
[    6.709309] i915 0000:00:02.0: enabling device (0006 -> 0007)
[    6.709798] checking generic (e0000000 130000) vs hw (f0000000 400000)
[    6.709801] checking generic (e0000000 130000) vs hw (e0000000 10000000)
[    6.709802] fb0: switching to i915 from EFI VGA
[    6.711386] Console: switching to colour dummy device 80x25
[    6.711443] i915 0000:00:02.0: vgaarb: deactivate vga console
[    6.753937] ACPI Warning: SystemIO range 0x0000000000000428-0x000000000000042F conflicts with OpRegion 0x0000000000000400-0x000000000000047F (\_SB.PCI0.LPC.PMIO) (20210730/utaddress-204)
[    6.753944] ACPI: OSL: Resource conflict; ACPI support missing from driver?
[    6.753948] ACPI Warning: SystemIO range 0x0000000000000540-0x000000000000054F conflicts with OpRegion 0x0000000000000500-0x000000000000057F (\_SB.PCI0.LPC.LPIO) (20210730/utaddress-204)
[    6.753951] ACPI: OSL: Resource conflict; ACPI support missing from driver?
[    6.753952] ACPI Warning: SystemIO range 0x0000000000000530-0x000000000000053F conflicts with OpRegion 0x0000000000000500-0x000000000000057F (\_SB.PCI0.LPC.LPIO) (20210730/utaddress-204)
[    6.753955] ACPI: OSL: Resource conflict; ACPI support missing from driver?
[    6.753956] ACPI Warning: SystemIO range 0x0000000000000500-0x000000000000052F conflicts with OpRegion 0x0000000000000500-0x000000000000057F (\_SB.PCI0.LPC.LPIO) (20210730/utaddress-204)
[    6.753958] ACPI: OSL: Resource conflict; ACPI support missing from driver?
[    6.753959] lpc_ich: Resource conflict(s) found affecting gpio_ich
[    6.769135] cfg80211: Loading compiled-in X.509 certificates for regulatory database
[    6.772388] cfg80211: Loaded X.509 cert 'sforshee: 00b28ddf47aef9cea7'
[    6.842684] e1000e 0000:00:19.0 0000:00:19.0 (uninitialized): registered PHC clock
[    6.947255] i801_smbus 0000:00:1f.3: SMBus using PCI interrupt
[    6.956694] i2c i2c-6: 2/2 memory slots populated (from DMI)
[    6.957236] thinkpad_acpi: ThinkPad ACPI Extras v0.26
[    6.957239] thinkpad_acpi: http://ibm-acpi.sf.net/
[    6.957239] thinkpad_acpi: ThinkPad BIOS G1ETC2WW (2.82 ), EC G1HT36WW
[    6.957240] thinkpad_acpi: Lenovo ThinkPad T430, model 2349MAX
[    6.958356] i2c i2c-6: Successfully instantiated SPD at 0x50
[    6.958747] i2c i2c-6: Successfully instantiated SPD at 0x51
[    6.984721] thinkpad_acpi: radio switch found; radios are disabled
[    6.984846] thinkpad_acpi: This ThinkPad has standard ACPI backlight brightness control, supported by the ACPI video driver
[    6.984847] thinkpad_acpi: Disabling thinkpad-acpi brightness events by default...
[    6.988389] [drm] Initialized i915 1.6.0 20201103 for 0000:00:02.0 on minor 0
[    6.989283] ACPI: video: Video Device [VID] (multi-head: yes  rom: no  post: no)
[    6.989560] input: Video Bus as /devices/LNXSYSTM:00/LNXSYBUS:00/PNP0A08:00/LNXVIDEO:00/input/input7
[    6.997930] thinkpad_acpi: battery 1 registered (start 0, stop 100)
[    6.997939] ACPI: battery: new extension: ThinkPad Battery Extension
[    6.997989] input: ThinkPad Extra Buttons as /devices/platform/thinkpad_acpi/input/input6
[    7.018903] Intel(R) Wireless WiFi driver for Linux
[    7.060861] iwlwifi 0000:03:00.0: Direct firmware load for iwlwifi-6000-6.ucode failed with error -2
[    7.063138] iwlwifi 0000:03:00.0: Direct firmware load for iwlwifi-6000-5.ucode failed with error -2
[    7.088887] iwlwifi 0000:03:00.0: loaded firmware version 9.221.4.1 build 25532 6000-4.ucode op_mode iwldvm
[    7.171493] e1000e 0000:00:19.0 eth0: (PCI Express:2.5GT/s:Width x1) 28:d2:44:4a:cb:71
[    7.171499] e1000e 0000:00:19.0 eth0: Intel(R) PRO/1000 Network Connection
[    7.171550] e1000e 0000:00:19.0 eth0: MAC: 10, PHY: 11, PBA No: 1000FF-0FF
[    7.422993] fbcon: i915drmfb (fb0) is primary device
[    7.438067] Console: switching to colour frame buffer device 200x56
[    7.457221] i915 0000:00:02.0: [drm] fb0: i915drmfb frame buffer device
[    7.515903] iTCO_vendor_support: vendor-support=0
[    7.520471] RAPL PMU: API unit is 2^-32 Joules, 3 fixed counters, 163840 ms ovfl timer
[    7.520475] RAPL PMU: hw unit of domain pp0-core 2^-16 Joules
[    7.520476] RAPL PMU: hw unit of domain package 2^-16 Joules
[    7.520476] RAPL PMU: hw unit of domain pp1-gpu 2^-16 Joules
[    7.615762] cryptd: max_cpu_qlen set to 1000
[    7.724212] psmouse serio1: trackpoint: IBM TrackPoint firmware: 0x0e, buttons: 3/3
[    7.726215] e1000e 0000:00:19.0 enp0s25: renamed from eth0
[    7.769973] input: TPPS/2 IBM TrackPoint as /devices/platform/i8042/serio1/input/input5
[    7.882264] iwlwifi 0000:03:00.0: CONFIG_IWLWIFI_DEBUG enabled
[    7.882268] iwlwifi 0000:03:00.0: CONFIG_IWLWIFI_DEBUGFS enabled
[    7.882269] iwlwifi 0000:03:00.0: CONFIG_IWLWIFI_DEVICE_TRACING enabled
[    7.882270] iwlwifi 0000:03:00.0: Detected Intel(R) Centrino(R) Ultimate-N 6300 AGN, REV=0x74
[    7.898433] iwlwifi 0000:03:00.0: reporting RF_KILL (radio disabled)
[    7.930223] ieee80211 phy0: Selected rate control algorithm 'iwl-agn-rs'
[    7.931364] iwlwifi 0000:03:00.0: RF_KILL bit toggled to disable radio.
[    7.942378] AVX version of gcm_enc/dec engaged.
[    7.942398] AES CTR mode by8 optimization enabled
[    8.002298] iTCO_wdt iTCO_wdt.1.auto: Found a Panther Point TCO device (Version=2, TCOBASE=0x0460)
[    8.065258] iTCO_wdt iTCO_wdt.1.auto: initialized. heartbeat=30 sec (nowayout=0)
[    8.066811] mousedev: PS/2 mouse device common for all mice
[    8.082436] at24 6-0050: supply vcc not found, using dummy regulator
[    8.084386] at24 6-0050: 256 byte spd EEPROM, read-only
[    8.084426] at24 6-0051: supply vcc not found, using dummy regulator
[    8.085256] at24 6-0051: 256 byte spd EEPROM, read-only
[    8.130821] iwlwifi 0000:03:00.0 wlp3s0: renamed from wlan0
[    9.119616] snd_hda_intel 0000:00:1b.0: bound 0000:00:02.0 (ops i915_audio_component_bind_ops [i915])
[    9.175842] snd_hda_codec_realtek hdaudioC0D0: autoconfig for ALC3202: line_outs=1 (0x14/0x0/0x0/0x0/0x0) type:speaker
[    9.175849] snd_hda_codec_realtek hdaudioC0D0:    speaker_outs=0 (0x0/0x0/0x0/0x0/0x0)
[    9.175851] snd_hda_codec_realtek hdaudioC0D0:    hp_outs=2 (0x15/0x1b/0x0/0x0/0x0)
[    9.175853] snd_hda_codec_realtek hdaudioC0D0:    mono: mono_out=0x0
[    9.175854] snd_hda_codec_realtek hdaudioC0D0:    inputs:
[    9.175855] snd_hda_codec_realtek hdaudioC0D0:      Mic=0x18
[    9.175856] snd_hda_codec_realtek hdaudioC0D0:      Dock Mic=0x19
[    9.175858] snd_hda_codec_realtek hdaudioC0D0:      Internal Mic=0x12
[    9.257283] input: HDA Intel PCH Mic as /devices/pci0000:00/0000:00:1b.0/sound/card0/input8
[    9.257357] input: HDA Intel PCH Dock Mic as /devices/pci0000:00/0000:00:1b.0/sound/card0/input9
[    9.257412] input: HDA Intel PCH Headphone as /devices/pci0000:00/0000:00:1b.0/sound/card0/input10
[    9.257467] input: HDA Intel PCH Dock Headphone as /devices/pci0000:00/0000:00:1b.0/sound/card0/input11
[    9.257518] input: HDA Intel PCH HDMI/DP,pcm=3 as /devices/pci0000:00/0000:00:1b.0/sound/card0/input12
[    9.257570] input: HDA Intel PCH HDMI/DP,pcm=7 as /devices/pci0000:00/0000:00:1b.0/sound/card0/input13
[    9.257619] input: HDA Intel PCH HDMI/DP,pcm=8 as /devices/pci0000:00/0000:00:1b.0/sound/card0/input14
[    9.327540] intel_rapl_common: Found RAPL domain package
[    9.327544] intel_rapl_common: Found RAPL domain core
[    9.327545] intel_rapl_common: Found RAPL domain uncore
[    9.327550] intel_rapl_common: RAPL package-0 domain package locked by BIOS
[    9.978188] mc: Linux media interface: v0.10
[    9.992844] videodev: Linux video capture interface: v2.00
[   10.274641] usb 1-1.6: Found UVC 1.00 device Integrated Camera (04f2:b2da)
[   10.283132] input: Integrated Camera: Integrated C as /devices/pci0000:00/0000:00:1a.0/usb1/1-1/1-1.6/1-1.6:1.0/input/input15
[   10.283290] usbcore: registered new interface driver uvcvideo
[   13.010151] e1000e 0000:00:19.0 enp0s25: NIC Link is Up 1000 Mbps Full Duplex, Flow Control: Rx/Tx
[   13.010198] IPv6: ADDRCONF(NETDEV_CHANGE): enp0s25: link becomes ready
[   37.332055] iptables deny: IN= OUT=lo SRC=127.0.0.1 DST=127.0.0.1 LEN=93 TOS=0x00 PREC=0xC0 TTL=64 ID=29344 PROTO=ICMP TYPE=3 CODE=3 [SRC=127.0.0.1 DST=127.0.0.1 LEN=65 TOS=0x00 PREC=0x00 TTL=64 ID=16729 DF PROTO=UDP SPT=35771 DPT=53 LEN=45 ] 
[   37.332369] iptables deny: IN= OUT=lo SRC=127.0.0.1 DST=127.0.0.1 LEN=93 TOS=0x00 PREC=0xC0 TTL=64 ID=29345 PROTO=ICMP TYPE=3 CODE=3 [SRC=127.0.0.1 DST=127.0.0.1 LEN=65 TOS=0x00 PREC=0x00 TTL=64 ID=16730 DF PROTO=UDP SPT=35771 DPT=53 LEN=45 ] 
[   42.304648] iptables deny: IN= OUT=lo SRC=127.0.0.1 DST=127.0.0.1 LEN=93 TOS=0x00 PREC=0xC0 TTL=64 ID=29568 PROTO=ICMP TYPE=3 CODE=3 [SRC=127.0.0.1 DST=127.0.0.1 LEN=65 TOS=0x00 PREC=0x00 TTL=64 ID=16731 DF PROTO=UDP SPT=35771 DPT=53 LEN=45 ] 
[   42.305134] iptables deny: IN= OUT=lo SRC=127.0.0.1 DST=127.0.0.1 LEN=93 TOS=0x00 PREC=0xC0 TTL=64 ID=29569 PROTO=ICMP TYPE=3 CODE=3 [SRC=127.0.0.1 DST=127.0.0.1 LEN=65 TOS=0x00 PREC=0x00 TTL=64 ID=16732 DF PROTO=UDP SPT=35771 DPT=53 LEN=45 ] 
[   47.305469] iptables deny: IN= OUT=lo SRC=127.0.0.1 DST=127.0.0.1 LEN=93 TOS=0x00 PREC=0xC0 TTL=64 ID=29614 PROTO=ICMP TYPE=3 CODE=3 [SRC=127.0.0.1 DST=127.0.0.1 LEN=65 TOS=0x00 PREC=0x00 TTL=64 ID=22996 DF PROTO=UDP SPT=55021 DPT=53 LEN=45 ] 
[   47.306053] iptables deny: IN= OUT=lo SRC=127.0.0.1 DST=127.0.0.1 LEN=93 TOS=0x00 PREC=0xC0 TTL=64 ID=29615 PROTO=ICMP TYPE=3 CODE=3 [SRC=127.0.0.1 DST=127.0.0.1 LEN=65 TOS=0x00 PREC=0x00 TTL=64 ID=22997 DF PROTO=UDP SPT=55021 DPT=53 LEN=45 ] 
[   52.310691] iptables deny: IN= OUT=lo SRC=127.0.0.1 DST=127.0.0.1 LEN=93 TOS=0x00 PREC=0xC0 TTL=64 ID=29629 PROTO=ICMP TYPE=3 CODE=3 [SRC=127.0.0.1 DST=127.0.0.1 LEN=65 TOS=0x00 PREC=0x00 TTL=64 ID=22998 DF PROTO=UDP SPT=55021 DPT=53 LEN=45 ] 
[   52.311042] iptables deny: IN= OUT=lo SRC=127.0.0.1 DST=127.0.0.1 LEN=93 TOS=0x00 PREC=0xC0 TTL=64 ID=29630 PROTO=ICMP TYPE=3 CODE=3 [SRC=127.0.0.1 DST=127.0.0.1 LEN=65 TOS=0x00 PREC=0x00 TTL=64 ID=22999 DF PROTO=UDP SPT=55021 DPT=53 LEN=45 ] 
[   57.315101] iptables deny: IN= OUT=lo SRC=127.0.0.1 DST=127.0.0.1 LEN=93 TOS=0x00 PREC=0xC0 TTL=64 ID=29999 PROTO=ICMP TYPE=3 CODE=3 [SRC=127.0.0.1 DST=127.0.0.1 LEN=65 TOS=0x00 PREC=0x00 TTL=64 ID=16695 DF PROTO=UDP SPT=47497 DPT=53 LEN=45 ] 
[   57.315354] iptables deny: IN= OUT=lo SRC=127.0.0.1 DST=127.0.0.1 LEN=93 TOS=0x00 PREC=0xC0 TTL=64 ID=30000 PROTO=ICMP TYPE=3 CODE=3 [SRC=127.0.0.1 DST=127.0.0.1 LEN=65 TOS=0x00 PREC=0x00 TTL=64 ID=16696 DF PROTO=UDP SPT=47497 DPT=53 LEN=45 ] 
[   61.120270] e1000e 0000:00:19.0 enp0s25: NIC Link is Up 1000 Mbps Full Duplex, Flow Control: Rx/Tx
[   61.120607] IPv6: ADDRCONF(NETDEV_CHANGE): enp0s25: link becomes ready
[   66.246996] iptables deny: IN= OUT=lo SRC=127.0.0.1 DST=127.0.0.1 LEN=93 TOS=0x00 PREC=0xC0 TTL=64 ID=30052 PROTO=ICMP TYPE=3 CODE=3 [SRC=127.0.0.1 DST=127.0.0.1 LEN=65 TOS=0x00 PREC=0x00 TTL=64 ID=16697 DF PROTO=UDP SPT=47497 DPT=53 LEN=45 ] 
[   70.613284] iptables deny: IN= OUT=lo SRC=127.0.0.1 DST=127.0.0.1 LEN=109 TOS=0x00 PREC=0xC0 TTL=64 ID=30369 PROTO=ICMP TYPE=3 CODE=3 [SRC=127.0.0.1 DST=127.0.0.1 LEN=81 TOS=0x00 PREC=0x00 TTL=64 ID=28996 DF PROTO=UDP SPT=60369 DPT=53 LEN=61 ] 
[   70.613636] iptables deny: IN= OUT=lo SRC=127.0.0.1 DST=127.0.0.1 LEN=109 TOS=0x00 PREC=0xC0 TTL=64 ID=30370 PROTO=ICMP TYPE=3 CODE=3 [SRC=127.0.0.1 DST=127.0.0.1 LEN=81 TOS=0x00 PREC=0x00 TTL=64 ID=28997 DF PROTO=UDP SPT=60369 DPT=53 LEN=61 ] 
[   71.413299] iptables deny: IN= OUT=lo SRC=127.0.0.1 DST=127.0.0.1 LEN=100 TOS=0x00 PREC=0xC0 TTL=64 ID=30441 PROTO=ICMP TYPE=3 CODE=3 [SRC=127.0.0.1 DST=127.0.0.1 LEN=72 TOS=0x00 PREC=0x00 TTL=64 ID=16703 DF PROTO=UDP SPT=36108 DPT=53 LEN=52 ] 
[   71.413542] iptables deny: IN= OUT=lo SRC=127.0.0.1 DST=127.0.0.1 LEN=100 TOS=0x00 PREC=0xC0 TTL=64 ID=30442 PROTO=ICMP TYPE=3 CODE=3 [SRC=127.0.0.1 DST=127.0.0.1 LEN=72 TOS=0x00 PREC=0x00 TTL=64 ID=16704 DF PROTO=UDP SPT=36108 DPT=53 LEN=52 ] 
[   74.163119] iptables deny: IN= OUT=lo SRC=127.0.0.1 DST=127.0.0.1 LEN=88 TOS=0x00 PREC=0xC0 TTL=64 ID=30648 PROTO=ICMP TYPE=3 CODE=3 [SRC=127.0.0.1 DST=127.0.0.1 LEN=60 TOS=0x00 PREC=0x00 TTL=64 ID=23869 DF PROTO=UDP SPT=59666 DPT=53 LEN=40 ] 
[   74.163588] iptables deny: IN= OUT=lo SRC=127.0.0.1 DST=127.0.0.1 LEN=84 TOS=0x00 PREC=0xC0 TTL=64 ID=30649 PROTO=ICMP TYPE=3 CODE=3 [SRC=127.0.0.1 DST=127.0.0.1 LEN=56 TOS=0x00 PREC=0x00 TTL=64 ID=38163 DF PROTO=UDP SPT=55402 DPT=53 LEN=36 ] 
[   74.164032] iptables deny: IN= OUT=lo SRC=127.0.0.1 DST=127.0.0.1 LEN=88 TOS=0x00 PREC=0xC0 TTL=64 ID=30650 PROTO=ICMP TYPE=3 CODE=3 [SRC=127.0.0.1 DST=127.0.0.1 LEN=60 TOS=0x00 PREC=0x00 TTL=64 ID=23870 DF PROTO=UDP SPT=59666 DPT=53 LEN=40 ] 
[   74.164374] iptables deny: IN= OUT=lo SRC=127.0.0.1 DST=127.0.0.1 LEN=84 TOS=0x00 PREC=0xC0 TTL=64 ID=30651 PROTO=ICMP TYPE=3 CODE=3 [SRC=127.0.0.1 DST=127.0.0.1 LEN=56 TOS=0x00 PREC=0x00 TTL=64 ID=38164 DF PROTO=UDP SPT=55402 DPT=53 LEN=36 ] 
[   74.856142] iptables deny: IN= OUT=lo SRC=127.0.0.1 DST=127.0.0.1 LEN=88 TOS=0x00 PREC=0xC0 TTL=64 ID=30669 PROTO=ICMP TYPE=3 CODE=3 [SRC=127.0.0.1 DST=127.0.0.1 LEN=60 TOS=0x00 PREC=0x00 TTL=64 ID=39440 DF PROTO=UDP SPT=47994 DPT=53 LEN=40 ] 
[   74.856539] iptables deny: IN= OUT=lo SRC=127.0.0.1 DST=127.0.0.1 LEN=88 TOS=0x00 PREC=0xC0 TTL=64 ID=30670 PROTO=ICMP TYPE=3 CODE=3 [SRC=127.0.0.1 DST=127.0.0.1 LEN=60 TOS=0x00 PREC=0x00 TTL=64 ID=39441 DF PROTO=UDP SPT=47994 DPT=53 LEN=40 ] 
[   75.623894] iptables deny: IN= OUT=lo SRC=127.0.0.1 DST=127.0.0.1 LEN=109 TOS=0x00 PREC=0xC0 TTL=64 ID=30687 PROTO=ICMP TYPE=3 CODE=3 [SRC=127.0.0.1 DST=127.0.0.1 LEN=81 TOS=0x00 PREC=0x00 TTL=64 ID=28998 DF PROTO=UDP SPT=60369 DPT=53 LEN=61 ] 
[   75.624345] iptables deny: IN= OUT=lo SRC=127.0.0.1 DST=127.0.0.1 LEN=109 TOS=0x00 PREC=0xC0 TTL=64 ID=30688 PROTO=ICMP TYPE=3 CODE=3 [SRC=127.0.0.1 DST=127.0.0.1 LEN=81 TOS=0x00 PREC=0x00 TTL=64 ID=28999 DF PROTO=UDP SPT=60369 DPT=53 LEN=61 ] 
[   76.425030] iptables deny: IN= OUT=lo SRC=127.0.0.1 DST=127.0.0.1 LEN=100 TOS=0x00 PREC=0xC0 TTL=64 ID=30690 PROTO=ICMP TYPE=3 CODE=3 [SRC=127.0.0.1 DST=127.0.0.1 LEN=72 TOS=0x00 PREC=0x00 TTL=64 ID=16705 DF PROTO=UDP SPT=36108 DPT=53 LEN=52 ] 
[   76.425417] iptables deny: IN= OUT=lo SRC=127.0.0.1 DST=127.0.0.1 LEN=100 TOS=0x00 PREC=0xC0 TTL=64 ID=30691 PROTO=ICMP TYPE=3 CODE=3 [SRC=127.0.0.1 DST=127.0.0.1 LEN=72 TOS=0x00 PREC=0x00 TTL=64 ID=16706 DF PROTO=UDP SPT=36108 DPT=53 LEN=52 ] 
[ 2501.003678] Drop new not syn: IN= OUT=enp0s25 SRC=192.168.2.226 DST=149.154.167.51 LEN=429 TOS=0x00 PREC=0x00 TTL=64 ID=32973 DF PROTO=TCP SPT=52666 DPT=443 WINDOW=65535 RES=0x00 ACK PSH URGP=0 
[ 2501.249100] Drop new not syn: IN= OUT=enp0s25 SRC=192.168.2.226 DST=149.154.167.51 LEN=429 TOS=0x00 PREC=0x00 TTL=64 ID=32974 DF PROTO=TCP SPT=52666 DPT=443 WINDOW=65535 RES=0x00 ACK PSH URGP=0 
[ 2501.509015] Drop new not syn: IN= OUT=enp0s25 SRC=192.168.2.226 DST=149.154.167.51 LEN=429 TOS=0x00 PREC=0x00 TTL=64 ID=32975 DF PROTO=TCP SPT=52666 DPT=443 WINDOW=65535 RES=0x00 ACK PSH URGP=0 
[ 2502.019036] Drop new not syn: IN= OUT=enp0s25 SRC=192.168.2.226 DST=149.154.167.51 LEN=429 TOS=0x00 PREC=0x00 TTL=64 ID=32976 DF PROTO=TCP SPT=52666 DPT=443 WINDOW=65535 RES=0x00 ACK PSH URGP=0 
[ 2503.068976] Drop new not syn: IN= OUT=enp0s25 SRC=192.168.2.226 DST=149.154.167.51 LEN=429 TOS=0x00 PREC=0x00 TTL=64 ID=32977 DF PROTO=TCP SPT=52666 DPT=443 WINDOW=65535 RES=0x00 ACK PSH URGP=0 
[ 2509.665937] Drop new not syn: IN= OUT=enp0s25 SRC=192.168.2.226 DST=149.154.167.50 LEN=381 TOS=0x00 PREC=0x00 TTL=64 ID=25490 DF PROTO=TCP SPT=33476 DPT=443 WINDOW=65535 RES=0x00 ACK PSH URGP=0 
[ 2509.869700] Drop new not syn: IN= OUT=enp0s25 SRC=192.168.2.226 DST=149.154.167.50 LEN=381 TOS=0x00 PREC=0x00 TTL=64 ID=25491 DF PROTO=TCP SPT=33476 DPT=443 WINDOW=65535 RES=0x00 ACK PSH URGP=0 
[ 2512.029809] Drop new not syn: IN= OUT=enp0s25 SRC=192.168.2.226 DST=149.154.167.50 LEN=381 TOS=0x00 PREC=0x00 TTL=64 ID=25492 DF PROTO=TCP SPT=33476 DPT=443 WINDOW=65535 RES=0x00 ACK PSH URGP=0 
[ 2514.739957] Drop new not syn: IN= OUT=enp0s25 SRC=192.168.2.226 DST=216.58.208.197 LEN=91 TOS=0x00 PREC=0x00 TTL=64 ID=1175 DF PROTO=TCP SPT=39848 DPT=443 WINDOW=63977 RES=0x00 ACK PSH URGP=0 
[ 2515.005414] Drop new not syn: IN= OUT=enp0s25 SRC=192.168.2.226 DST=149.154.167.51 LEN=349 TOS=0x00 PREC=0x00 TTL=64 ID=52933 DF PROTO=TCP SPT=42918 DPT=443 WINDOW=63910 RES=0x00 ACK PSH URGP=0 
[ 2515.189297] Drop new not syn: IN= OUT=enp0s25 SRC=192.168.2.226 DST=216.58.208.197 LEN=91 TOS=0x00 PREC=0x00 TTL=64 ID=1176 DF PROTO=TCP SPT=39848 DPT=443 WINDOW=63977 RES=0x00 ACK PSH URGP=0 
[ 2515.249558] Drop new not syn: IN= OUT=enp0s25 SRC=192.168.2.226 DST=149.154.167.51 LEN=349 TOS=0x00 PREC=0x00 TTL=64 ID=52934 DF PROTO=TCP SPT=42918 DPT=443 WINDOW=63910 RES=0x00 ACK PSH URGP=0 
[ 2515.509368] Drop new not syn: IN= OUT=enp0s25 SRC=192.168.2.226 DST=149.154.167.51 LEN=349 TOS=0x00 PREC=0x00 TTL=64 ID=52935 DF PROTO=TCP SPT=42918 DPT=443 WINDOW=63910 RES=0x00 ACK PSH URGP=0 
[ 2516.019200] Drop new not syn: IN= OUT=enp0s25 SRC=192.168.2.226 DST=149.154.167.51 LEN=349 TOS=0x00 PREC=0x00 TTL=64 ID=52936 DF PROTO=TCP SPT=42918 DPT=443 WINDOW=63910 RES=0x00 ACK PSH URGP=0 
[ 2516.109383] Drop new not syn: IN= OUT=enp0s25 SRC=192.168.2.226 DST=216.58.208.197 LEN=91 TOS=0x00 PREC=0x00 TTL=64 ID=1177 DF PROTO=TCP SPT=39848 DPT=443 WINDOW=63977 RES=0x00 ACK PSH URGP=0 
[ 2516.269398] Drop new not syn: IN= OUT=enp0s25 SRC=192.168.2.226 DST=149.154.167.50 LEN=381 TOS=0x00 PREC=0x00 TTL=64 ID=25493 DF PROTO=TCP SPT=33476 DPT=443 WINDOW=65535 RES=0x00 ACK PSH URGP=0 
[ 2516.286490] Drop new not syn: IN= OUT=enp0s25 SRC=192.168.2.226 DST=142.250.203.142 LEN=91 TOS=0x00 PREC=0x00 TTL=64 ID=6370 DF PROTO=TCP SPT=34864 DPT=443 WINDOW=63789 RES=0x00 ACK PSH URGP=0 
[ 2516.509927] Drop new not syn: IN= OUT=enp0s25 SRC=192.168.2.226 DST=142.250.203.142 LEN=91 TOS=0x00 PREC=0x00 TTL=64 ID=6371 DF PROTO=TCP SPT=34864 DPT=443 WINDOW=63789 RES=0x00 ACK PSH URGP=0 
[ 2516.740091] Drop new not syn: IN= OUT=enp0s25 SRC=192.168.2.226 DST=142.250.203.142 LEN=91 TOS=0x00 PREC=0x00 TTL=64 ID=6372 DF PROTO=TCP SPT=34864 DPT=443 WINDOW=63789 RES=0x00 ACK PSH URGP=0 
[ 2517.069173] Drop new not syn: IN= OUT=enp0s25 SRC=192.168.2.226 DST=149.154.167.51 LEN=349 TOS=0x00 PREC=0x00 TTL=64 ID=52937 DF PROTO=TCP SPT=42918 DPT=443 WINDOW=63910 RES=0x00 ACK PSH URGP=0 
[ 2517.189295] Drop new not syn: IN= OUT=enp0s25 SRC=192.168.2.226 DST=142.250.203.142 LEN=91 TOS=0x00 PREC=0x00 TTL=64 ID=6373 DF PROTO=TCP SPT=34864 DPT=443 WINDOW=63789 RES=0x00 ACK PSH URGP=0 
[ 2517.959111] Drop new not syn: IN= OUT=enp0s25 SRC=192.168.2.226 DST=216.58.208.197 LEN=91 TOS=0x00 PREC=0x00 TTL=64 ID=1178 DF PROTO=TCP SPT=39848 DPT=443 WINDOW=63977 RES=0x00 ACK PSH URGP=0 
[ 2518.109234] Drop new not syn: IN= OUT=enp0s25 SRC=192.168.2.226 DST=142.250.203.142 LEN=91 TOS=0x00 PREC=0x00 TTL=64 ID=6374 DF PROTO=TCP SPT=34864 DPT=443 WINDOW=63789 RES=0x00 ACK PSH URGP=0 
[ 2519.149625] Drop new not syn: IN= OUT=enp0s25 SRC=192.168.2.226 DST=149.154.167.51 LEN=349 TOS=0x00 PREC=0x00 TTL=64 ID=52938 DF PROTO=TCP SPT=42918 DPT=443 WINDOW=63910 RES=0x00 ACK PSH URGP=0 
[ 2519.949358] Drop new not syn: IN= OUT=enp0s25 SRC=192.168.2.226 DST=142.250.203.142 LEN=91 TOS=0x00 PREC=0x00 TTL=64 ID=6375 DF PROTO=TCP SPT=34864 DPT=443 WINDOW=63789 RES=0x00 ACK PSH URGP=0 
[ 2520.340441] Drop new not syn: IN= OUT=enp0s25 SRC=192.168.2.226 DST=104.16.249.249 LEN=96 TOS=0x00 PREC=0x00 TTL=64 ID=29873 DF PROTO=TCP SPT=58300 DPT=443 WINDOW=65535 RES=0x00 ACK PSH URGP=0 
[ 2520.341211] Drop new not syn: IN= OUT=enp0s25 SRC=192.168.2.226 DST=104.16.249.249 LEN=199 TOS=0x00 PREC=0x00 TTL=64 ID=29874 DF PROTO=TCP SPT=58300 DPT=443 WINDOW=65535 RES=0x00 ACK PSH URGP=0 
[ 2520.341706] Drop new not syn: IN= OUT=enp0s25 SRC=192.168.2.226 DST=104.16.249.249 LEN=470 TOS=0x00 PREC=0x00 TTL=64 ID=29875 DF PROTO=TCP SPT=58300 DPT=443 WINDOW=65535 RES=0x00 ACK PSH URGP=0 
[ 2520.389139] Drop new not syn: IN= OUT=enp0s25 SRC=192.168.2.226 DST=104.16.249.249 LEN=470 TOS=0x00 PREC=0x00 TTL=64 ID=29876 DF PROTO=TCP SPT=58300 DPT=443 WINDOW=65535 RES=0x00 ACK PSH URGP=0 
[ 2520.609053] Drop new not syn: IN= OUT=enp0s25 SRC=192.168.2.226 DST=104.16.249.249 LEN=685 TOS=0x00 PREC=0x00 TTL=64 ID=29877 DF PROTO=TCP SPT=58300 DPT=443 WINDOW=65535 RES=0x00 ACK PSH URGP=0 
[ 2521.039348] Drop new not syn: IN= OUT=enp0s25 SRC=192.168.2.226 DST=104.16.249.249 LEN=685 TOS=0x00 PREC=0x00 TTL=64 ID=29878 DF PROTO=TCP SPT=58300 DPT=443 WINDOW=65535 RES=0x00 ACK PSH URGP=0 
[ 2521.549272] Drop new not syn: IN= OUT=enp0s25 SRC=192.168.2.226 DST=216.58.208.197 LEN=91 TOS=0x00 PREC=0x00 TTL=64 ID=1179 DF PROTO=TCP SPT=39848 DPT=443 WINDOW=63977 RES=0x00 ACK PSH URGP=0 
[ 2521.959329] Drop new not syn: IN= OUT=enp0s25 SRC=192.168.2.226 DST=104.16.249.249 LEN=685 TOS=0x00 PREC=0x00 TTL=64 ID=29879 DF PROTO=TCP SPT=58300 DPT=443 WINDOW=65535 RES=0x00 ACK PSH URGP=0 
[ 2523.229454] Drop new not syn: IN= OUT=enp0s25 SRC=192.168.2.226 DST=149.154.167.51 LEN=349 TOS=0x00 PREC=0x00 TTL=64 ID=52939 DF PROTO=TCP SPT=42918 DPT=443 WINDOW=63910 RES=0x00 ACK PSH URGP=0 
[ 2523.288586] Drop new not syn: IN= OUT=enp0s25 SRC=192.168.2.226 DST=104.18.14.117 LEN=79 TOS=0x00 PREC=0x00 TTL=64 ID=58858 DF PROTO=TCP SPT=56890 DPT=443 WINDOW=64028 RES=0x00 ACK PSH URGP=0 
[ 2523.499311] Drop new not syn: IN= OUT=enp0s25 SRC=192.168.2.226 DST=104.18.14.117 LEN=79 TOS=0x00 PREC=0x00 TTL=64 ID=58859 DF PROTO=TCP SPT=56890 DPT=443 WINDOW=64028 RES=0x00 ACK PSH URGP=0 
[ 2523.549135] Drop new not syn: IN= OUT=enp0s25 SRC=192.168.2.226 DST=142.250.203.142 LEN=91 TOS=0x00 PREC=0x00 TTL=64 ID=6376 DF PROTO=TCP SPT=34864 DPT=443 WINDOW=63789 RES=0x00 ACK PSH URGP=0 
[ 2523.709142] Drop new not syn: IN= OUT=enp0s25 SRC=192.168.2.226 DST=104.16.249.249 LEN=685 TOS=0x00 PREC=0x00 TTL=64 ID=29880 DF PROTO=TCP SPT=58300 DPT=443 WINDOW=65535 RES=0x00 ACK PSH URGP=0 
[ 2523.719113] Drop new not syn: IN= OUT=enp0s25 SRC=192.168.2.226 DST=104.18.14.117 LEN=79 TOS=0x00 PREC=0x00 TTL=64 ID=58860 DF PROTO=TCP SPT=56890 DPT=443 WINDOW=64028 RES=0x00 ACK PSH URGP=0 
[ 2524.149029] Drop new not syn: IN= OUT=enp0s25 SRC=192.168.2.226 DST=104.18.14.117 LEN=79 TOS=0x00 PREC=0x00 TTL=64 ID=58861 DF PROTO=TCP SPT=56890 DPT=443 WINDOW=64028 RES=0x00 ACK PSH URGP=0 
[ 2525.069241] Drop new not syn: IN= OUT=enp0s25 SRC=192.168.2.226 DST=104.18.14.117 LEN=79 TOS=0x00 PREC=0x00 TTL=64 ID=58862 DF PROTO=TCP SPT=56890 DPT=443 WINDOW=64028 RES=0x00 ACK PSH URGP=0 
[ 2525.229151] Drop new not syn: IN= OUT=enp0s25 SRC=192.168.2.226 DST=149.154.167.50 LEN=381 TOS=0x00 PREC=0x00 TTL=64 ID=25494 DF PROTO=TCP SPT=33476 DPT=443 WINDOW=65535 RES=0x00 ACK PSH URGP=0 
[ 2526.829090] Drop new not syn: IN= OUT=enp0s25 SRC=192.168.2.226 DST=104.18.14.117 LEN=79 TOS=0x00 PREC=0x00 TTL=64 ID=58863 DF PROTO=TCP SPT=56890 DPT=443 WINDOW=64028 RES=0x00 ACK PSH URGP=0 
[ 2527.149684] Drop new not syn: IN= OUT=enp0s25 SRC=192.168.2.226 DST=104.16.249.249 LEN=685 TOS=0x00 PREC=0x00 TTL=64 ID=29881 DF PROTO=TCP SPT=58300 DPT=443 WINDOW=65535 RES=0x00 ACK PSH URGP=0 
[ 2530.269099] Drop new not syn: IN= OUT=enp0s25 SRC=192.168.2.226 DST=104.18.14.117 LEN=79 TOS=0x00 PREC=0x00 TTL=64 ID=58864 DF PROTO=TCP SPT=56890 DPT=443 WINDOW=64028 RES=0x00 ACK PSH URGP=0 
[ 2531.629096] Drop new not syn: IN= OUT=enp0s25 SRC=192.168.2.226 DST=149.154.167.51 LEN=349 TOS=0x00 PREC=0x00 TTL=64 ID=52940 DF PROTO=TCP SPT=42918 DPT=443 WINDOW=63910 RES=0x00 ACK PSH URGP=0 
[ 2534.188836] Drop new not syn: IN= OUT=enp0s25 SRC=192.168.2.226 DST=104.16.249.249 LEN=685 TOS=0x00 PREC=0x00 TTL=64 ID=29882 DF PROTO=TCP SPT=58300 DPT=443 WINDOW=65535 RES=0x00 ACK PSH URGP=0 
[ 2548.268959] Drop new not syn: IN= OUT=enp0s25 SRC=192.168.2.226 DST=149.154.167.51 LEN=349 TOS=0x00 PREC=0x00 TTL=64 ID=52941 DF PROTO=TCP SPT=42918 DPT=443 WINDOW=63910 RES=0x00 ACK PSH URGP=0 
[ 2548.269674] Drop new not syn: IN= OUT=enp0s25 SRC=192.168.2.226 DST=104.16.249.249 LEN=685 TOS=0x00 PREC=0x00 TTL=64 ID=29883 DF PROTO=TCP SPT=58300 DPT=443 WINDOW=65535 RES=0x00 ACK PSH URGP=0 
[ 2555.478762] Drop new not syn: IN= OUT=enp0s25 SRC=192.168.2.226 DST=104.16.248.249 LEN=79 TOS=0x00 PREC=0x00 TTL=64 ID=3964 DF PROTO=TCP SPT=46218 DPT=443 WINDOW=63540 RES=0x00 ACK PSH URGP=0 
[ 2555.669119] Drop new not syn: IN= OUT=enp0s25 SRC=192.168.2.226 DST=104.16.248.249 LEN=79 TOS=0x00 PREC=0x00 TTL=64 ID=3965 DF PROTO=TCP SPT=46218 DPT=443 WINDOW=63540 RES=0x00 ACK PSH URGP=0 
[ 2555.888690] Drop new not syn: IN= OUT=enp0s25 SRC=192.168.2.226 DST=104.16.248.249 LEN=79 TOS=0x00 PREC=0x00 TTL=64 ID=3966 DF PROTO=TCP SPT=46218 DPT=443 WINDOW=63540 RES=0x00 ACK PSH URGP=0 
[ 2556.328559] Drop new not syn: IN= OUT=enp0s25 SRC=192.168.2.226 DST=104.16.248.249 LEN=79 TOS=0x00 PREC=0x00 TTL=64 ID=3967 DF PROTO=TCP SPT=46218 DPT=443 WINDOW=63540 RES=0x00 ACK PSH URGP=0 
[ 2557.229109] Drop new not syn: IN= OUT=enp0s25 SRC=192.168.2.226 DST=104.16.248.249 LEN=79 TOS=0x00 PREC=0x00 TTL=64 ID=3968 DF PROTO=TCP SPT=46218 DPT=443 WINDOW=63540 RES=0x00 ACK PSH URGP=0 
[ 2558.988482] Drop new not syn: IN= OUT=enp0s25 SRC=192.168.2.226 DST=104.16.248.249 LEN=79 TOS=0x00 PREC=0x00 TTL=64 ID=3969 DF PROTO=TCP SPT=46218 DPT=443 WINDOW=63540 RES=0x00 ACK PSH URGP=0 
[ 2562.439030] Drop new not syn: IN= OUT=enp0s25 SRC=192.168.2.226 DST=104.16.248.249 LEN=79 TOS=0x00 PREC=0x00 TTL=64 ID=3970 DF PROTO=TCP SPT=46218 DPT=443 WINDOW=63540 RES=0x00 ACK PSH URGP=0 
[ 3003.942644] Drop new not syn: IN= OUT=enp0s25 SRC=192.168.2.226 DST=34.211.241.174 LEN=52 TOS=0x00 PREC=0x00 TTL=64 ID=19898 DF PROTO=TCP SPT=45300 DPT=443 WINDOW=63000 RES=0x00 ACK URGP=0 
[ 3004.981160] Drop new not syn: IN= OUT=enp0s25 SRC=192.168.2.226 DST=34.211.241.174 LEN=52 TOS=0x00 PREC=0x00 TTL=64 ID=19899 DF PROTO=TCP SPT=45300 DPT=443 WINDOW=63000 RES=0x00 ACK URGP=0 
[ 3006.021120] Drop new not syn: IN= OUT=enp0s25 SRC=192.168.2.226 DST=34.211.241.174 LEN=52 TOS=0x00 PREC=0x00 TTL=64 ID=19900 DF PROTO=TCP SPT=45300 DPT=443 WINDOW=63000 RES=0x00 ACK URGP=0 
[ 3007.061095] Drop new not syn: IN= OUT=enp0s25 SRC=192.168.2.226 DST=34.211.241.174 LEN=52 TOS=0x00 PREC=0x00 TTL=64 ID=19901 DF PROTO=TCP SPT=45300 DPT=443 WINDOW=63000 RES=0x00 ACK URGP=0 
[ 3065.392016] Drop new not syn: IN= OUT=enp0s25 SRC=192.168.2.226 DST=140.82.113.26 LEN=52 TOS=0x00 PREC=0x00 TTL=64 ID=44794 DF PROTO=TCP SPT=55836 DPT=443 WINDOW=63000 RES=0x00 ACK URGP=0 
[ 3066.419397] Drop new not syn: IN= OUT=enp0s25 SRC=192.168.2.226 DST=140.82.113.26 LEN=52 TOS=0x00 PREC=0x00 TTL=64 ID=44795 DF PROTO=TCP SPT=55836 DPT=443 WINDOW=63000 RES=0x00 ACK URGP=0 
[ 3067.469387] Drop new not syn: IN= OUT=enp0s25 SRC=192.168.2.226 DST=140.82.113.26 LEN=52 TOS=0x00 PREC=0x00 TTL=64 ID=44796 DF PROTO=TCP SPT=55836 DPT=443 WINDOW=63000 RES=0x00 ACK URGP=0 
[ 3068.499742] Drop new not syn: IN= OUT=enp0s25 SRC=192.168.2.226 DST=140.82.113.26 LEN=52 TOS=0x00 PREC=0x00 TTL=64 ID=44797 DF PROTO=TCP SPT=55836 DPT=443 WINDOW=63000 RES=0x00 ACK URGP=0 
