[    0.000000] Linux version 5.15.10-arch1-1 (linux@archlinux) (gcc (GCC) 11.1.0, GNU ld (GNU Binutils) 2.36.1) #1 SMP PREEMPT Fri, 17 Dec 2021 11:17:37 +0000
[    0.000000] Command line: BOOT_IMAGE=/boot/vmlinuz-linux root=UUID=a1e2e1f9-dbcb-484e-a242-73d5754f8d98 rw quiet resume=UUID=36238c5a-d1ff-4e5f-986a-4d302098cfd7 loglevel=3 audit=0 lsm=landlock,lockdown,yama,apparmor,bpf l1tf=full,force mds=full,nosmt mitigations=auto,nosmt nosmt=force init_on_alloc=1 init_on_free=1 randomize_kstack_offset=on slab_nomerge pti=on slub_debug=ZF slub_debug=P page_poison=1 mem_encrypt=on
[    0.000000] x86/fpu: Supporting XSAVE feature 0x001: 'x87 floating point registers'
[    0.000000] x86/fpu: Supporting XSAVE feature 0x002: 'SSE registers'
[    0.000000] x86/fpu: Supporting XSAVE feature 0x004: 'AVX registers'
[    0.000000] x86/fpu: xstate_offset[2]:  576, xstate_sizes[2]:  256
[    0.000000] x86/fpu: Enabled xstate features 0x7, context size is 832 bytes, using 'compacted' format.
[    0.000000] signal: max sigframe size: 1776
[    0.000000] SMT: Force disabled
[    0.000000] BIOS-provided physical RAM map:
[    0.000000] BIOS-e820: [mem 0x0000000000000000-0x000000000009efff] usable
[    0.000000] BIOS-e820: [mem 0x000000000009f000-0x00000000000bffff] reserved
[    0.000000] BIOS-e820: [mem 0x0000000000100000-0x0000000009afffff] usable
[    0.000000] BIOS-e820: [mem 0x0000000009b00000-0x0000000009dfffff] reserved
[    0.000000] BIOS-e820: [mem 0x0000000009e00000-0x0000000009efffff] usable
[    0.000000] BIOS-e820: [mem 0x0000000009f00000-0x0000000009f0ffff] ACPI NVS
[    0.000000] BIOS-e820: [mem 0x0000000009f10000-0x00000000bab68fff] usable
[    0.000000] BIOS-e820: [mem 0x00000000bab69000-0x00000000bbd68fff] reserved
[    0.000000] BIOS-e820: [mem 0x00000000bbd69000-0x00000000c9f7efff] usable
[    0.000000] BIOS-e820: [mem 0x00000000c9f7f000-0x00000000caf7efff] type 20
[    0.000000] BIOS-e820: [mem 0x00000000caf7f000-0x00000000ccf7efff] reserved
[    0.000000] BIOS-e820: [mem 0x00000000ccf7f000-0x00000000cdf7efff] ACPI NVS
[    0.000000] BIOS-e820: [mem 0x00000000cdf7f000-0x00000000cdffefff] ACPI data
[    0.000000] BIOS-e820: [mem 0x00000000cdfff000-0x00000000cdffffff] usable
[    0.000000] BIOS-e820: [mem 0x00000000ce000000-0x00000000ceffffff] reserved
[    0.000000] BIOS-e820: [mem 0x00000000f8000000-0x00000000fbffffff] reserved
[    0.000000] BIOS-e820: [mem 0x00000000fde00000-0x00000000fdefffff] reserved
[    0.000000] BIOS-e820: [mem 0x00000000fec00000-0x00000000fec00fff] reserved
[    0.000000] BIOS-e820: [mem 0x00000000fec10000-0x00000000fec10fff] reserved
[    0.000000] BIOS-e820: [mem 0x00000000fec20000-0x00000000fec20fff] reserved
[    0.000000] BIOS-e820: [mem 0x00000000fed80000-0x00000000fed80fff] reserved
[    0.000000] BIOS-e820: [mem 0x00000000fee00000-0x00000000fee00fff] reserved
[    0.000000] BIOS-e820: [mem 0x00000000ff000000-0x00000000fff2ffff] reserved
[    0.000000] BIOS-e820: [mem 0x0000000100000000-0x000000040f33ffff] usable
[    0.000000] BIOS-e820: [mem 0x000000040f340000-0x000000042fffffff] reserved
[    0.000000] NX (Execute Disable) protection: active
[    0.000000] efi: EFI v2.70 by INSYDE Corp.
[    0.000000] efi: ACPI=0xcdffe000 ACPI 2.0=0xcdffe014 TPMFinalLog=0xcdf2c000 SMBIOS=0xcb70c000 SMBIOS 3.0=0xcb70a000 ESRT=0xcb70d418 
[    0.000000] SMBIOS 3.2.0 present.
[    0.000000] DMI: TIMI RedmiBook 14 II/TM1951, BIOS RMARN4B0P0909 08/19/2020
[    0.000000] tsc: Fast TSC calibration using PIT
[    0.000000] tsc: Detected 2370.573 MHz processor
[    0.000544] e820: update [mem 0x00000000-0x00000fff] usable ==> reserved
[    0.000546] e820: remove [mem 0x000a0000-0x000fffff] usable
[    0.000551] last_pfn = 0x40f340 max_arch_pfn = 0x400000000
[    0.000730] x86/PAT: Configuration [0-7]: WB  WC  UC- UC  WB  WP  UC- WT  
[    0.000952] last_pfn = 0xce000 max_arch_pfn = 0x400000000
[    0.010348] esrt: Reserving ESRT space from 0x00000000cb70d418 to 0x00000000cb70d450.
[    0.010356] Kernel/User page tables isolation: force enabled on command line.
[    0.010357] Using GB pages for direct mapping
[    0.010810] Secure boot disabled
[    0.010811] RAMDISK: [mem 0x36b19000-0x37583fff]
[    0.010816] ACPI: Early table checksum verification disabled
[    0.010819] ACPI: RSDP 0x00000000CDFFE014 000024 (v02 XMCC  )
[    0.010822] ACPI: XSDT 0x00000000CDFCE188 000134 (v01 XMCC   XMCC1951 00000002      01000013)
[    0.010827] ACPI: FACP 0x00000000CDFEC000 00010C (v05 XMCC   XMCC1951 00000002      01000013)
[    0.010832] ACPI: DSDT 0x00000000CDFDF000 006545 (v01 XMCC   XMCC1951 00000002      01000013)
[    0.010834] ACPI: FACS 0x00000000CDF29000 000040
[    0.010836] ACPI: UEFI 0x00000000CDF7E000 000236 (v01 INSYDE H2O BIOS 00000001 ACPI 00040000)
[    0.010838] ACPI: SSDT 0x00000000CDFF5000 007216 (v02 AMD    AmdTable 00000002 MSFT 04000000)
[    0.010840] ACPI: IVRS 0x00000000CDFF4000 0001A4 (v02 AMD    AmdTable 00000001 AMD  00000000)
[    0.010843] ACPI: SSDT 0x00000000CDFF3000 000228 (v01 AMD    STD3     00000001 INTL 20130117)
[    0.010845] ACPI: SSDT 0x00000000CDFF2000 000D61 (v01 XMCC   XMCC1806 00003000 INTL 20130117)
[    0.010847] ACPI: SSDT 0x00000000CDFF1000 00046D (v01 Insyde TPMACPI  00001000 INTL 20130117)
[    0.010849] ACPI: TPM2 0x00000000CDFF0000 000034 (v04 XMCC   XMCC1951 00000002      01000013)
[    0.010851] ACPI: MSDM 0x00000000CDFEF000 000055 (v03 INSYDE H2O BIOS 00000001 ACPI 00040000)
[    0.010854] ACPI: ASF! 0x00000000CDFEE000 0000A5 (v32 XMCC   XMCC1951 00000002      01000013)
[    0.010856] ACPI: BOOT 0x00000000CDFED000 000028 (v01 XMCC   XMCC1951 00000002      01000013)
[    0.010858] ACPI: HPET 0x00000000CDFEB000 000038 (v01 XMCC   XMCC1951 00000002      01000013)
[    0.010860] ACPI: APIC 0x00000000CDFEA000 000138 (v03 XMCC   XMCC1951 00000002      01000013)
[    0.010862] ACPI: MCFG 0x00000000CDFE9000 00003C (v01 XMCC   XMCC1951 00000002      01000013)
[    0.010864] ACPI: SLIC 0x00000000CDFE8000 000176 (v01 XMCC   XMCC1951 00000002      01000013)
[    0.010866] ACPI: SSDT 0x00000000CDFDE000 000080 (v01 XMCC   XMCC1951 00000002      01000013)
[    0.010868] ACPI: VFCT 0x00000000CDFD0000 00D484 (v01 XMCC   XMCC1951 00000001 AMD  31504F47)
[    0.010871] ACPI: SSDT 0x00000000CDFCF000 0000F8 (v01 XMCC   PcdTabl  00001000 INTL 20130117)
[    0.010873] ACPI: SSDT 0x00000000CDFCC000 001500 (v01 AMD    AmdTable 00000001 AMD  00000001)
[    0.010875] ACPI: CRAT 0x00000000CDFFD000 000BA8 (v01 AMD    AmdTable 00000001 AMD  00000001)
[    0.010877] ACPI: CDIT 0x00000000CDFCB000 000029 (v01 AMD    AmdTable 00000001 AMD  00000001)
[    0.010879] ACPI: SSDT 0x00000000CDFCA000 00028D (v01 AMD    AmdTable 00000001 INTL 20130117)
[    0.010881] ACPI: SSDT 0x00000000CDFC9000 000C78 (v01 AMD    AmdTable 00000001 INTL 20130117)
[    0.010883] ACPI: SSDT 0x00000000CDFC7000 0010A5 (v01 AMD    AmdTable 00000001 INTL 20130117)
[    0.010885] ACPI: SSDT 0x00000000CDFC3000 0030C8 (v01 AMD    AmdTable 00000001 INTL 20130117)
[    0.010888] ACPI: FPDT 0x00000000CDFC2000 000044 (v01 XMCC   XMCC1951 00000002      01000013)
[    0.010890] ACPI: WSMT 0x00000000CDFC0000 000028 (v01 INSYDE H2O BIOS 00000001 ACPI 00040000)
[    0.010892] ACPI: SSDT 0x00000000CDFE7000 00020A (v01 AMD    AmdTable 00000001 INTL 20130117)
[    0.010894] ACPI: SSDT 0x00000000CDFE6000 0005A1 (v01 AMD    AmdTable 00000001 INTL 20130117)
[    0.010896] ACPI: SSDT 0x00000000CDFBF000 000343 (v01 AMD    AmdTable 00000001 INTL 20130117)
[    0.010898] ACPI: SSDT 0x00000000CDFBE000 00007D (v01 AMD    AmdTable 00000001 INTL 20130117)
[    0.010900] ACPI: SSDT 0x00000000CDFBD000 000822 (v01 AMD    AmdTable 00000001 INTL 20130117)
[    0.010902] ACPI: SSDT 0x00000000CDFBC000 000517 (v01 AMD    AmdTable 00000001 INTL 20130117)
[    0.010904] ACPI: BGRT 0x00000000CDFC1000 000038 (v01 INSYDE H2O BIOS 00000001 ACPI 00040000)
[    0.010906] ACPI: Reserving FACP table memory at [mem 0xcdfec000-0xcdfec10b]
[    0.010907] ACPI: Reserving DSDT table memory at [mem 0xcdfdf000-0xcdfe5544]
[    0.010908] ACPI: Reserving FACS table memory at [mem 0xcdf29000-0xcdf2903f]
[    0.010909] ACPI: Reserving UEFI table memory at [mem 0xcdf7e000-0xcdf7e235]
[    0.010909] ACPI: Reserving SSDT table memory at [mem 0xcdff5000-0xcdffc215]
[    0.010910] ACPI: Reserving IVRS table memory at [mem 0xcdff4000-0xcdff41a3]
[    0.010911] ACPI: Reserving SSDT table memory at [mem 0xcdff3000-0xcdff3227]
[    0.010911] ACPI: Reserving SSDT table memory at [mem 0xcdff2000-0xcdff2d60]
[    0.010912] ACPI: Reserving SSDT table memory at [mem 0xcdff1000-0xcdff146c]
[    0.010913] ACPI: Reserving TPM2 table memory at [mem 0xcdff0000-0xcdff0033]
[    0.010913] ACPI: Reserving MSDM table memory at [mem 0xcdfef000-0xcdfef054]
[    0.010914] ACPI: Reserving ASF! table memory at [mem 0xcdfee000-0xcdfee0a4]
[    0.010915] ACPI: Reserving BOOT table memory at [mem 0xcdfed000-0xcdfed027]
[    0.010915] ACPI: Reserving HPET table memory at [mem 0xcdfeb000-0xcdfeb037]
[    0.010916] ACPI: Reserving APIC table memory at [mem 0xcdfea000-0xcdfea137]
[    0.010917] ACPI: Reserving MCFG table memory at [mem 0xcdfe9000-0xcdfe903b]
[    0.010918] ACPI: Reserving SLIC table memory at [mem 0xcdfe8000-0xcdfe8175]
[    0.010918] ACPI: Reserving SSDT table memory at [mem 0xcdfde000-0xcdfde07f]
[    0.010919] ACPI: Reserving VFCT table memory at [mem 0xcdfd0000-0xcdfdd483]
[    0.010920] ACPI: Reserving SSDT table memory at [mem 0xcdfcf000-0xcdfcf0f7]
[    0.010921] ACPI: Reserving SSDT table memory at [mem 0xcdfcc000-0xcdfcd4ff]
[    0.010921] ACPI: Reserving CRAT table memory at [mem 0xcdffd000-0xcdffdba7]
[    0.010922] ACPI: Reserving CDIT table memory at [mem 0xcdfcb000-0xcdfcb028]
[    0.010923] ACPI: Reserving SSDT table memory at [mem 0xcdfca000-0xcdfca28c]
[    0.010923] ACPI: Reserving SSDT table memory at [mem 0xcdfc9000-0xcdfc9c77]
[    0.010924] ACPI: Reserving SSDT table memory at [mem 0xcdfc7000-0xcdfc80a4]
[    0.010925] ACPI: Reserving SSDT table memory at [mem 0xcdfc3000-0xcdfc60c7]
[    0.010926] ACPI: Reserving FPDT table memory at [mem 0xcdfc2000-0xcdfc2043]
[    0.010926] ACPI: Reserving WSMT table memory at [mem 0xcdfc0000-0xcdfc0027]
[    0.010927] ACPI: Reserving SSDT table memory at [mem 0xcdfe7000-0xcdfe7209]
[    0.010928] ACPI: Reserving SSDT table memory at [mem 0xcdfe6000-0xcdfe65a0]
[    0.010929] ACPI: Reserving SSDT table memory at [mem 0xcdfbf000-0xcdfbf342]
[    0.010929] ACPI: Reserving SSDT table memory at [mem 0xcdfbe000-0xcdfbe07c]
[    0.010930] ACPI: Reserving SSDT table memory at [mem 0xcdfbd000-0xcdfbd821]
[    0.010931] ACPI: Reserving SSDT table memory at [mem 0xcdfbc000-0xcdfbc516]
[    0.010932] ACPI: Reserving BGRT table memory at [mem 0xcdfc1000-0xcdfc1037]
[    0.010983] No NUMA configuration found
[    0.010984] Faking a node at [mem 0x0000000000000000-0x000000040f33ffff]
[    0.010988] NODE_DATA(0) allocated [mem 0x40f33c000-0x40f33ffff]
[    0.011016] Zone ranges:
[    0.011016]   DMA      [mem 0x0000000000001000-0x0000000000ffffff]
[    0.011018]   DMA32    [mem 0x0000000001000000-0x00000000ffffffff]
[    0.011019]   Normal   [mem 0x0000000100000000-0x000000040f33ffff]
[    0.011020]   Device   empty
[    0.011021] Movable zone start for each node
[    0.011021] Early memory node ranges
[    0.011022]   node   0: [mem 0x0000000000001000-0x000000000009efff]
[    0.011023]   node   0: [mem 0x0000000000100000-0x0000000009afffff]
[    0.011023]   node   0: [mem 0x0000000009e00000-0x0000000009efffff]
[    0.011024]   node   0: [mem 0x0000000009f10000-0x00000000bab68fff]
[    0.011025]   node   0: [mem 0x00000000bbd69000-0x00000000c9f7efff]
[    0.011026]   node   0: [mem 0x00000000cdfff000-0x00000000cdffffff]
[    0.011026]   node   0: [mem 0x0000000100000000-0x000000040f33ffff]
[    0.011028] Initmem setup node 0 [mem 0x0000000000001000-0x000000040f33ffff]
[    0.011031] On node 0, zone DMA: 1 pages in unavailable ranges
[    0.011047] On node 0, zone DMA: 97 pages in unavailable ranges
[    0.011176] On node 0, zone DMA32: 768 pages in unavailable ranges
[    0.016230] On node 0, zone DMA32: 16 pages in unavailable ranges
[    0.016695] On node 0, zone DMA32: 4608 pages in unavailable ranges
[    0.016845] On node 0, zone DMA32: 16512 pages in unavailable ranges
[    0.039676] On node 0, zone Normal: 8192 pages in unavailable ranges
[    0.039713] On node 0, zone Normal: 3264 pages in unavailable ranges
[    0.039863] ACPI: PM-Timer IO Port: 0x408
[    0.039870] ACPI: LAPIC_NMI (acpi_id[0x00] high edge lint[0x1])
[    0.039872] ACPI: LAPIC_NMI (acpi_id[0x01] high edge lint[0x1])
[    0.039873] ACPI: LAPIC_NMI (acpi_id[0x02] high edge lint[0x1])
[    0.039873] ACPI: LAPIC_NMI (acpi_id[0x03] high edge lint[0x1])
[    0.039874] ACPI: LAPIC_NMI (acpi_id[0x04] high edge lint[0x1])
[    0.039874] ACPI: LAPIC_NMI (acpi_id[0x05] high edge lint[0x1])
[    0.039875] ACPI: LAPIC_NMI (acpi_id[0x06] high edge lint[0x1])
[    0.039875] ACPI: LAPIC_NMI (acpi_id[0x07] high edge lint[0x1])
[    0.039876] ACPI: LAPIC_NMI (acpi_id[0x08] high edge lint[0x1])
[    0.039877] ACPI: LAPIC_NMI (acpi_id[0x09] high edge lint[0x1])
[    0.039877] ACPI: LAPIC_NMI (acpi_id[0x0a] high edge lint[0x1])
[    0.039878] ACPI: LAPIC_NMI (acpi_id[0x0b] high edge lint[0x1])
[    0.039878] ACPI: LAPIC_NMI (acpi_id[0x0c] high edge lint[0x1])
[    0.039879] ACPI: LAPIC_NMI (acpi_id[0x0d] high edge lint[0x1])
[    0.039880] ACPI: LAPIC_NMI (acpi_id[0x0e] high edge lint[0x1])
[    0.039880] ACPI: LAPIC_NMI (acpi_id[0x0f] high edge lint[0x1])
[    0.039893] IOAPIC[0]: apic_id 33, version 33, address 0xfec00000, GSI 0-23
[    0.039898] IOAPIC[1]: apic_id 34, version 33, address 0xfec01000, GSI 24-55
[    0.039899] ACPI: INT_SRC_OVR (bus 0 bus_irq 0 global_irq 2 dfl dfl)
[    0.039901] ACPI: INT_SRC_OVR (bus 0 bus_irq 9 global_irq 9 low level)
[    0.039904] ACPI: Using ACPI (MADT) for SMP configuration information
[    0.039905] ACPI: HPET id: 0x10228210 base: 0xfed00000
[    0.039913] e820: update [mem 0xb325f000-0xb3264fff] usable ==> reserved
[    0.039923] smpboot: Allowing 16 CPUs, 10 hotplug CPUs
[    0.039948] PM: hibernation: Registered nosave memory: [mem 0x00000000-0x00000fff]
[    0.039949] PM: hibernation: Registered nosave memory: [mem 0x0009f000-0x000bffff]
[    0.039950] PM: hibernation: Registered nosave memory: [mem 0x000c0000-0x000fffff]
[    0.039952] PM: hibernation: Registered nosave memory: [mem 0x09b00000-0x09dfffff]
[    0.039953] PM: hibernation: Registered nosave memory: [mem 0x09f00000-0x09f0ffff]
[    0.039955] PM: hibernation: Registered nosave memory: [mem 0xb325f000-0xb3264fff]
[    0.039956] PM: hibernation: Registered nosave memory: [mem 0xbab69000-0xbbd68fff]
[    0.039958] PM: hibernation: Registered nosave memory: [mem 0xc9f7f000-0xcaf7efff]
[    0.039958] PM: hibernation: Registered nosave memory: [mem 0xcaf7f000-0xccf7efff]
[    0.039959] PM: hibernation: Registered nosave memory: [mem 0xccf7f000-0xcdf7efff]
[    0.039960] PM: hibernation: Registered nosave memory: [mem 0xcdf7f000-0xcdffefff]
[    0.039961] PM: hibernation: Registered nosave memory: [mem 0xce000000-0xceffffff]
[    0.039962] PM: hibernation: Registered nosave memory: [mem 0xcf000000-0xf7ffffff]
[    0.039962] PM: hibernation: Registered nosave memory: [mem 0xf8000000-0xfbffffff]
[    0.039963] PM: hibernation: Registered nosave memory: [mem 0xfc000000-0xfddfffff]
[    0.039964] PM: hibernation: Registered nosave memory: [mem 0xfde00000-0xfdefffff]
[    0.039964] PM: hibernation: Registered nosave memory: [mem 0xfdf00000-0xfebfffff]
[    0.039965] PM: hibernation: Registered nosave memory: [mem 0xfec00000-0xfec00fff]
[    0.039966] PM: hibernation: Registered nosave memory: [mem 0xfec01000-0xfec0ffff]
[    0.039966] PM: hibernation: Registered nosave memory: [mem 0xfec10000-0xfec10fff]
[    0.039967] PM: hibernation: Registered nosave memory: [mem 0xfec11000-0xfec1ffff]
[    0.039968] PM: hibernation: Registered nosave memory: [mem 0xfec20000-0xfec20fff]
[    0.039968] PM: hibernation: Registered nosave memory: [mem 0xfec21000-0xfed7ffff]
[    0.039969] PM: hibernation: Registered nosave memory: [mem 0xfed80000-0xfed80fff]
[    0.039970] PM: hibernation: Registered nosave memory: [mem 0xfed81000-0xfedfffff]
[    0.039970] PM: hibernation: Registered nosave memory: [mem 0xfee00000-0xfee00fff]
[    0.039971] PM: hibernation: Registered nosave memory: [mem 0xfee01000-0xfeffffff]
[    0.039971] PM: hibernation: Registered nosave memory: [mem 0xff000000-0xfff2ffff]
[    0.039972] PM: hibernation: Registered nosave memory: [mem 0xfff30000-0xffffffff]
[    0.039973] [mem 0xcf000000-0xf7ffffff] available for PCI devices
[    0.039974] Booting paravirtualized kernel on bare hardware
[    0.039977] clocksource: refined-jiffies: mask: 0xffffffff max_cycles: 0xffffffff, max_idle_ns: 6370452778343963 ns
[    0.043696] setup_percpu: NR_CPUS:320 nr_cpumask_bits:320 nr_cpu_ids:16 nr_node_ids:1
[    0.044312] percpu: Embedded 61 pages/cpu s212992 r8192 d28672 u262144
[    0.044321] pcpu-alloc: s212992 r8192 d28672 u262144 alloc=1*2097152
[    0.044323] pcpu-alloc: [0] 00 01 02 03 04 05 06 07 [0] 08 09 10 11 12 13 14 15 
[    0.044350] Built 1 zonelists, mobility grouping on.  Total pages: 3966649
[    0.044351] Policy zone: Normal
[    0.044352] Kernel command line: BOOT_IMAGE=/boot/vmlinuz-linux root=UUID=a1e2e1f9-dbcb-484e-a242-73d5754f8d98 rw quiet resume=UUID=36238c5a-d1ff-4e5f-986a-4d302098cfd7 loglevel=3 audit=0 lsm=landlock,lockdown,yama,apparmor,bpf l1tf=full,force mds=full,nosmt mitigations=auto,nosmt nosmt=force init_on_alloc=1 init_on_free=1 randomize_kstack_offset=on slab_nomerge pti=on slub_debug=ZF slub_debug=P page_poison=1 mem_encrypt=on
[    0.044407] audit: disabled (until reboot)
[    0.044506] mem auto-init: SLAB_POISON will take precedence over init_on_alloc/init_on_free
[    0.044524] Unknown kernel command line parameters "BOOT_IMAGE=/boot/vmlinuz-linux pti=on mem_encrypt=on", will be passed to user space.
[    0.046359] Dentry cache hash table entries: 2097152 (order: 12, 16777216 bytes, linear)
[    0.047280] Inode-cache hash table entries: 1048576 (order: 11, 8388608 bytes, linear)
[    0.047337] mem auto-init: CONFIG_PAGE_POISONING is on, will take precedence over init_on_alloc and init_on_free
[    0.047571] mem auto-init: stack:byref_all(zero), heap alloc:off, heap free:off
[    1.705018] Memory: 15517464K/16119096K available (14344K kernel code, 2071K rwdata, 10792K rodata, 1860K init, 3844K bss, 601372K reserved, 0K cma-reserved)
[    1.705024] **********************************************************
[    1.705025] **   NOTICE NOTICE NOTICE NOTICE NOTICE NOTICE NOTICE   **
[    1.705025] **                                                      **
[    1.705026] ** This system shows unhashed kernel memory addresses   **
[    1.705026] ** via the console, logs, and other interfaces. This    **
[    1.705027] ** might reduce the security of your system.            **
[    1.705027] **                                                      **
[    1.705027] ** If you see this message and you are not debugging    **
[    1.705028] ** the kernel, report this immediately to your system   **
[    1.705028] ** administrator!                                       **
[    1.705028] **                                                      **
[    1.705029] **   NOTICE NOTICE NOTICE NOTICE NOTICE NOTICE NOTICE   **
[    1.705029] **********************************************************
[    1.705032] random: get_random_u64 called from __kmem_cache_create+0x2a/0x540 with crng_init=0
[    1.705193] SLUB: HWalign=64, Order=0-3, MinObjects=0, CPUs=16, Nodes=1
[    1.705209] Kernel/User page tables isolation: enabled
[    1.705232] ftrace: allocating 44295 entries in 174 pages
[    1.716845] ftrace: allocated 174 pages with 5 groups
[    1.716992] rcu: Preemptible hierarchical RCU implementation.
[    1.716992] rcu: 	RCU dyntick-idle grace-period acceleration is enabled.
[    1.716993] rcu: 	RCU restricting CPUs from NR_CPUS=320 to nr_cpu_ids=16.
[    1.716993] rcu: 	RCU priority boosting: priority 1 delay 500 ms.
[    1.716994] 	Trampoline variant of Tasks RCU enabled.
[    1.716995] 	Rude variant of Tasks RCU enabled.
[    1.716995] 	Tracing variant of Tasks RCU enabled.
[    1.716996] rcu: RCU calculated value of scheduler-enlistment delay is 30 jiffies.
[    1.716996] rcu: Adjusting geometry for rcu_fanout_leaf=16, nr_cpu_ids=16
[    1.720476] NR_IRQS: 20736, nr_irqs: 1096, preallocated irqs: 16
[    1.720736] kfence: initialized - using 2097152 bytes for 255 objects at 0xffffa0da7da00000-0xffffa0da7dc00000
[    1.720903] Console: colour dummy device 80x25
[    1.720916] printk: console [tty0] enabled
[    1.720936] ACPI: Core revision 20210730
[    1.721159] clocksource: hpet: mask: 0xffffffff max_cycles: 0xffffffff, max_idle_ns: 133484873504 ns
[    1.721177] APIC: Switch to symmetric I/O mode setup
[    1.722020] AMD-Vi: ivrs, add hid:AMDI0020, uid:\_SB.FUR0, rdevid:160
[    1.722021] AMD-Vi: ivrs, add hid:AMDI0020, uid:\_SB.FUR1, rdevid:160
[    1.722022] AMD-Vi: ivrs, add hid:AMDI0020, uid:\_SB.FUR2, rdevid:160
[    1.722023] AMD-Vi: ivrs, add hid:AMDI0020, uid:\_SB.FUR3, rdevid:160
[    1.722329] Switched APIC routing to physical flat.
[    1.723082] ..TIMER: vector=0x30 apic1=0 pin1=2 apic2=-1 pin2=-1
[    1.737852] clocksource: tsc-early: mask: 0xffffffffffffffff max_cycles: 0x222ba0ca13e, max_idle_ns: 440795218518 ns
[    1.737860] Calibrating delay loop (skipped), value calculated using timer frequency.. 4743.69 BogoMIPS (lpj=7901910)
[    1.737862] pid_max: default: 32768 minimum: 301
[    1.764570] LSM: Security Framework initializing
[    1.764587] landlock: Up and running.
[    1.764589] Yama: becoming mindful.
[    1.764622] AppArmor: AppArmor initialized
[    1.764624] LSM support for eBPF active
[    1.764675] Mount-cache hash table entries: 32768 (order: 6, 262144 bytes, linear)
[    1.764713] Mountpoint-cache hash table entries: 32768 (order: 6, 262144 bytes, linear)
[    1.764974] x86/cpu: User Mode Instruction Prevention (UMIP) activated
[    1.765009] LVT offset 1 assigned for vector 0xf9
[    1.765070] LVT offset 2 assigned for vector 0xf4
[    1.765087] Last level iTLB entries: 4KB 1024, 2MB 1024, 4MB 512
[    1.765088] Last level dTLB entries: 4KB 2048, 2MB 2048, 4MB 1024, 1GB 0
[    1.765091] Spectre V1 : Mitigation: usercopy/swapgs barriers and __user pointer sanitization
[    1.765094] Spectre V2 : Mitigation: Full AMD retpoline
[    1.765094] Spectre V2 : Spectre v2 / SpectreRSB mitigation: Filling RSB on context switch
[    1.765095] Spectre V2 : Enabling Restricted Speculation for firmware calls
[    1.765096] Spectre V2 : mitigation: Enabling conditional Indirect Branch Prediction Barrier
[    1.765098] Speculative Store Bypass: Mitigation: Speculative Store Bypass disabled via prctl and seccomp
[    1.767246] Freeing SMP alternatives memory: 36K
[    1.877569] smpboot: CPU0: AMD Ryzen 5 4500U with Radeon Graphics (family: 0x17, model: 0x60, stepping: 0x1)
[    1.877729] Performance Events: Fam17h+ core perfctr, AMD PMU driver.
[    1.877734] ... version:                0
[    1.877735] ... bit width:              48
[    1.877735] ... generic registers:      6
[    1.877736] ... value mask:             0000ffffffffffff
[    1.877736] ... max period:             00007fffffffffff
[    1.877737] ... fixed-purpose events:   0
[    1.877737] ... event mask:             000000000000003f
[    1.877807] rcu: Hierarchical SRCU implementation.
[    1.877856] NMI watchdog: Enabled. Permanently consumes one hw-PMU counter.
[    1.877856] smp: Bringing up secondary CPUs ...
[    1.877856] x86: Booting SMP configuration:
[    1.877856] .... node  #0, CPUs:        #1  #2  #3
[    1.880269] TSC synchronization [CPU#0 -> CPU#3]:
[    1.880271] Measured 3729 cycles TSC warp between CPUs, turning off TSC clock.
[    1.880272] tsc: Marking TSC unstable due to check_tsc_sync_source failed
[    1.881323]   #4  #5
[    1.881577] smp: Brought up 1 node, 6 CPUs
[    1.881577] smpboot: Max logical packages: 3
[    1.881577] smpboot: Total of 6 processors activated (28458.16 BogoMIPS)
[    1.885097] devtmpfs: initialized
[    1.885097] x86/mm: Memory block size: 128MB
[    1.885716] ACPI: PM: Registering ACPI NVS region [mem 0x09f00000-0x09f0ffff] (65536 bytes)
[    1.885716] ACPI: PM: Registering ACPI NVS region [mem 0xccf7f000-0xcdf7efff] (16777216 bytes)
[    1.885716] clocksource: jiffies: mask: 0xffffffff max_cycles: 0xffffffff, max_idle_ns: 6370867519511994 ns
[    1.885716] futex hash table entries: 4096 (order: 6, 262144 bytes, linear)
[    1.885716] pinctrl core: initialized pinctrl subsystem
[    1.885716] PM: RTC time: 23:43:19, date: 2021-12-19
[    1.887897] NET: Registered PF_NETLINK/PF_ROUTE protocol family
[    1.888274] DMA: preallocated 2048 KiB GFP_KERNEL pool for atomic allocations
[    1.888528] DMA: preallocated 2048 KiB GFP_KERNEL|GFP_DMA pool for atomic allocations
[    1.888748] DMA: preallocated 2048 KiB GFP_KERNEL|GFP_DMA32 pool for atomic allocations
[    1.888901] thermal_sys: Registered thermal governor 'fair_share'
[    1.888903] thermal_sys: Registered thermal governor 'bang_bang'
[    1.888903] thermal_sys: Registered thermal governor 'step_wise'
[    1.888904] thermal_sys: Registered thermal governor 'user_space'
[    1.888904] thermal_sys: Registered thermal governor 'power_allocator'
[    1.888923] cpuidle: using governor ladder
[    1.888925] cpuidle: using governor menu
[    1.888952] Simple Boot Flag at 0x44 set to 0x1
[    1.888952] HugeTLB: can free 4094 vmemmap pages for hugepages-1048576kB
[    1.888952] ACPI: bus type PCI registered
[    1.888952] acpiphp: ACPI Hot Plug PCI Controller Driver version: 0.5
[    1.888952] PCI: MMCONFIG for domain 0000 [bus 00-3f] at [mem 0xf8000000-0xfbffffff] (base 0xf8000000)
[    1.888952] PCI: MMCONFIG at [mem 0xf8000000-0xfbffffff] reserved in E820
[    1.888952] PCI: Using configuration type 1 for base access
[    1.889770] Kprobes globally optimized
[    1.891238] HugeTLB: can free 6 vmemmap pages for hugepages-2048kB
[    1.891238] HugeTLB registered 1.00 GiB page size, pre-allocated 0 pages
[    1.891238] HugeTLB registered 2.00 MiB page size, pre-allocated 0 pages
[    1.894637] ACPI: Added _OSI(Module Device)
[    1.894638] ACPI: Added _OSI(Processor Device)
[    1.894639] ACPI: Added _OSI(3.0 _SCP Extensions)
[    1.894640] ACPI: Added _OSI(Processor Aggregator Device)
[    1.894641] ACPI: Added _OSI(Linux-Dell-Video)
[    1.894642] ACPI: Added _OSI(Linux-Lenovo-NV-HDMI-Audio)
[    1.894643] ACPI: Added _OSI(Linux-HPI-Hybrid-Graphics)
[    1.912413] ACPI: 18 ACPI AML tables successfully acquired and loaded
[    1.914079] ACPI: [Firmware Bug]: BIOS _OSI(Linux) query ignored
[    1.917322] ACPI: EC: EC started
[    1.917323] ACPI: EC: interrupt blocked
[    1.919659] ACPI: EC: EC_CMD/EC_SC=0x66, EC_DATA=0x62
[    1.919661] ACPI: \_SB_.PCI0.LPC0.EC0_: Boot DSDT EC used to handle transactions
[    1.919662] ACPI: Interpreter enabled
[    1.919678] ACPI: PM: (supports S0 S4 S5)
[    1.919679] ACPI: Using IOAPIC for interrupt routing
[    1.919896] PCI: Using host bridge windows from ACPI; if necessary, use "pci=nocrs" and report a bug
[    1.923130] ACPI: PM: Power Resource [P0U0]
[    1.923163] ACPI: PM: Power Resource [P3U0]
[    1.923962] ACPI: PM: Power Resource [P0U1]
[    1.923994] ACPI: PM: Power Resource [P3U1]
[    1.924773] ACPI: PM: Power Resource [P0S0]
[    1.924802] ACPI: PM: Power Resource [P3S0]
[    1.924970] ACPI: PM: Power Resource [P0S1]
[    1.924998] ACPI: PM: Power Resource [P3S1]
[    1.931064] ACPI: PCI Root Bridge [PCI0] (domain 0000 [bus 00-ff])
[    1.931070] acpi PNP0A08:00: _OSC: OS supports [ExtendedConfig ASPM ClockPM Segments MSI EDR HPX-Type3]
[    1.931320] acpi PNP0A08:00: _OSC: platform does not support [SHPCHotplug LTR DPC]
[    1.931550] acpi PNP0A08:00: _OSC: OS now controls [PCIeHotplug PME AER PCIeCapability]
[    1.931561] acpi PNP0A08:00: [Firmware Info]: MMCONFIG for domain 0000 [bus 00-3f] only partially covers this bridge
[    1.931922] PCI host bridge to bus 0000:00
[    1.931923] pci_bus 0000:00: root bus resource [io  0x0000-0x0cf7 window]
[    1.931925] pci_bus 0000:00: root bus resource [io  0x0d00-0xffff window]
[    1.931926] pci_bus 0000:00: root bus resource [mem 0x000a0000-0x000bffff window]
[    1.931927] pci_bus 0000:00: root bus resource [mem 0x000c0000-0x000c3fff window]
[    1.931929] pci_bus 0000:00: root bus resource [mem 0x000c4000-0x000c7fff window]
[    1.931930] pci_bus 0000:00: root bus resource [mem 0x000c8000-0x000cbfff window]
[    1.931931] pci_bus 0000:00: root bus resource [mem 0x000cc000-0x000cffff window]
[    1.931932] pci_bus 0000:00: root bus resource [mem 0x000d0000-0x000d3fff window]
[    1.931933] pci_bus 0000:00: root bus resource [mem 0x000d4000-0x000d7fff window]
[    1.931934] pci_bus 0000:00: root bus resource [mem 0x000d8000-0x000dbfff window]
[    1.931935] pci_bus 0000:00: root bus resource [mem 0x000dc000-0x000dffff window]
[    1.931936] pci_bus 0000:00: root bus resource [mem 0x000e0000-0x000e3fff window]
[    1.931937] pci_bus 0000:00: root bus resource [mem 0x000e4000-0x000e7fff window]
[    1.931938] pci_bus 0000:00: root bus resource [mem 0x000e8000-0x000ebfff window]
[    1.931938] pci_bus 0000:00: root bus resource [mem 0x000ec000-0x000effff window]
[    1.931939] pci_bus 0000:00: root bus resource [mem 0xd0000000-0xf7ffffff window]
[    1.931941] pci_bus 0000:00: root bus resource [mem 0xfc000000-0xfed3ffff window]
[    1.931942] pci_bus 0000:00: root bus resource [mem 0x450200000-0xfcffffffff window]
[    1.931943] pci_bus 0000:00: root bus resource [bus 00-ff]
[    1.931979] pci 0000:00:00.0: [1022:1630] type 00 class 0x060000
[    1.932095] pci 0000:00:00.2: [1022:1631] type 00 class 0x080600
[    1.932218] pci 0000:00:01.0: [1022:1632] type 00 class 0x060000
[    1.932318] pci 0000:00:02.0: [1022:1632] type 00 class 0x060000
[    1.932426] pci 0000:00:08.0: [1022:1632] type 00 class 0x060000
[    1.932547] pci 0000:00:08.1: [1022:1635] type 01 class 0x060400
[    1.932567] pci 0000:00:08.1: enabling Extended Tags
[    1.932597] pci 0000:00:08.1: PME# supported from D0 D3hot D3cold
[    1.932750] pci 0000:00:08.2: [1022:1635] type 01 class 0x060400
[    1.932770] pci 0000:00:08.2: enabling Extended Tags
[    1.932798] pci 0000:00:08.2: PME# supported from D0 D3hot D3cold
[    1.932943] pci 0000:00:14.0: [1022:790b] type 00 class 0x0c0500
[    1.933113] pci 0000:00:14.3: [1022:790e] type 00 class 0x060100
[    1.933268] pci 0000:00:18.0: [1022:1448] type 00 class 0x060000
[    1.933346] pci 0000:00:18.1: [1022:1449] type 00 class 0x060000
[    1.933420] pci 0000:00:18.2: [1022:144a] type 00 class 0x060000
[    1.933494] pci 0000:00:18.3: [1022:144b] type 00 class 0x060000
[    1.933569] pci 0000:00:18.4: [1022:144c] type 00 class 0x060000
[    1.933647] pci 0000:00:18.5: [1022:144d] type 00 class 0x060000
[    1.933721] pci 0000:00:18.6: [1022:144e] type 00 class 0x060000
[    1.933794] pci 0000:00:18.7: [1022:144f] type 00 class 0x060000
[    1.933966] pci 0000:01:00.0: [1002:1636] type 00 class 0x030000
[    1.933977] pci 0000:01:00.0: reg 0x10: [mem 0xfce0000000-0xfcefffffff 64bit pref]
[    1.933985] pci 0000:01:00.0: reg 0x18: [mem 0xfcf0000000-0xfcf01fffff 64bit pref]
[    1.933990] pci 0000:01:00.0: reg 0x20: [io  0x1000-0x10ff]
[    1.933994] pci 0000:01:00.0: reg 0x24: [mem 0xd0400000-0xd047ffff]
[    1.934003] pci 0000:01:00.0: enabling Extended Tags
[    1.934015] pci 0000:01:00.0: BAR 0: assigned to efifb
[    1.934051] pci 0000:01:00.0: PME# supported from D1 D2 D3hot D3cold
[    1.934179] pci 0000:01:00.1: [1002:1637] type 00 class 0x040300
[    1.934186] pci 0000:01:00.1: reg 0x10: [mem 0xd04c8000-0xd04cbfff]
[    1.934206] pci 0000:01:00.1: enabling Extended Tags
[    1.934233] pci 0000:01:00.1: PME# supported from D1 D2 D3hot D3cold
[    1.934329] pci 0000:01:00.2: [1022:15df] type 00 class 0x108000
[    1.934342] pci 0000:01:00.2: reg 0x18: [mem 0xd0300000-0xd03fffff]
[    1.934351] pci 0000:01:00.2: reg 0x24: [mem 0xd04cc000-0xd04cdfff]
[    1.934358] pci 0000:01:00.2: enabling Extended Tags
[    1.934478] pci 0000:01:00.3: [1022:1639] type 00 class 0x0c0330
[    1.934488] pci 0000:01:00.3: reg 0x10: [mem 0xd0100000-0xd01fffff 64bit]
[    1.934510] pci 0000:01:00.3: enabling Extended Tags
[    1.934548] pci 0000:01:00.3: PME# supported from D0 D3hot D3cold
[    1.934650] pci 0000:01:00.4: [1022:1639] type 00 class 0x0c0330
[    1.934660] pci 0000:01:00.4: reg 0x10: [mem 0xd0200000-0xd02fffff 64bit]
[    1.934682] pci 0000:01:00.4: enabling Extended Tags
[    1.934712] pci 0000:01:00.4: PME# supported from D0 D3hot D3cold
[    1.934814] pci 0000:01:00.5: [1022:15e2] type 00 class 0x048000
[    1.934821] pci 0000:01:00.5: reg 0x10: [mem 0xd0480000-0xd04bffff]
[    1.934840] pci 0000:01:00.5: enabling Extended Tags
[    1.934867] pci 0000:01:00.5: PME# supported from D0 D3hot D3cold
[    1.934961] pci 0000:01:00.6: [1022:15e3] type 00 class 0x040300
[    1.934968] pci 0000:01:00.6: reg 0x10: [mem 0xd04c0000-0xd04c7fff]
[    1.934987] pci 0000:01:00.6: enabling Extended Tags
[    1.935014] pci 0000:01:00.6: PME# supported from D0 D3hot D3cold
[    1.935103] pci 0000:00:08.1: PCI bridge to [bus 01]
[    1.935106] pci 0000:00:08.1:   bridge window [io  0x1000-0x1fff]
[    1.935107] pci 0000:00:08.1:   bridge window [mem 0xd0100000-0xd04fffff]
[    1.935110] pci 0000:00:08.1:   bridge window [mem 0xfce0000000-0xfcf01fffff 64bit pref]
[    1.935162] pci 0000:02:00.0: [1022:7901] type 00 class 0x010601
[    1.935189] pci 0000:02:00.0: reg 0x24: [mem 0xd0001000-0xd00017ff]
[    1.935196] pci 0000:02:00.0: enabling Extended Tags
[    1.935316] pci 0000:02:00.1: [1022:7901] type 00 class 0x010601
[    1.935343] pci 0000:02:00.1: reg 0x24: [mem 0xd0000000-0xd00007ff]
[    1.935350] pci 0000:02:00.1: enabling Extended Tags
[    1.935453] pci 0000:00:08.2: PCI bridge to [bus 02]
[    1.935457] pci 0000:00:08.2:   bridge window [mem 0xd0000000-0xd00fffff]
[    1.937255] ACPI: PCI: Interrupt link LNKA configured for IRQ 0
[    1.937256] ACPI: PCI: Interrupt link LNKA disabled
[    1.937351] ACPI: PCI: Interrupt link LNKB configured for IRQ 0
[    1.937351] ACPI: PCI: Interrupt link LNKB disabled
[    1.937426] ACPI: PCI: Interrupt link LNKC configured for IRQ 0
[    1.937427] ACPI: PCI: Interrupt link LNKC disabled
[    1.937520] ACPI: PCI: Interrupt link LNKD configured for IRQ 0
[    1.937521] ACPI: PCI: Interrupt link LNKD disabled
[    1.937607] ACPI: PCI: Interrupt link LNKE configured for IRQ 0
[    1.937608] ACPI: PCI: Interrupt link LNKE disabled
[    1.937677] ACPI: PCI: Interrupt link LNKF configured for IRQ 0
[    1.937678] ACPI: PCI: Interrupt link LNKF disabled
[    1.937747] ACPI: PCI: Interrupt link LNKG configured for IRQ 0
[    1.937748] ACPI: PCI: Interrupt link LNKG disabled
[    1.937816] ACPI: PCI: Interrupt link LNKH configured for IRQ 0
[    1.937817] ACPI: PCI: Interrupt link LNKH disabled
[    1.939912] ACPI: EC: interrupt unblocked
[    1.939913] ACPI: EC: event unblocked
[    1.939918] ACPI: EC: EC_CMD/EC_SC=0x66, EC_DATA=0x62
[    1.939919] ACPI: EC: GPE=0x3
[    1.939920] ACPI: \_SB_.PCI0.LPC0.EC0_: Boot DSDT EC initialization complete
[    1.939921] ACPI: \_SB_.PCI0.LPC0.EC0_: EC: Used to handle transactions and events
[    1.939949] iommu: Default domain type: Translated 
[    1.939949] iommu: DMA domain TLB invalidation policy: lazy mode 
[    1.939949] pci 0000:01:00.0: vgaarb: VGA device added: decodes=io+mem,owns=none,locks=none
[    1.939949] pci 0000:01:00.0: vgaarb: bridge control possible
[    1.939949] pci 0000:01:00.0: vgaarb: setting as boot device
[    1.939949] vgaarb: loaded
[    1.939949] SCSI subsystem initialized
[    1.939949] libata version 3.00 loaded.
[    1.939949] ACPI: bus type USB registered
[    1.939949] usbcore: registered new interface driver usbfs
[    1.939949] usbcore: registered new interface driver hub
[    1.939949] usbcore: registered new device driver usb
[    1.942836] pps_core: LinuxPPS API ver. 1 registered
[    1.942837] pps_core: Software ver. 5.3.6 - Copyright 2005-2007 Rodolfo Giometti <giometti@linux.it>
[    1.942840] PTP clock support registered
[    1.942850] EDAC MC: Ver: 3.0.0
[    1.942893] Registered efivars operations
[    1.942893] NetLabel: Initializing
[    1.942893] NetLabel:  domain hash size = 128
[    1.942893] NetLabel:  protocols = UNLABELED CIPSOv4 CALIPSO
[    1.942893] NetLabel:  unlabeled traffic allowed by default
[    1.942893] PCI: Using ACPI for IRQ routing
[    1.946012] PCI: pci_cache_line_size set to 64 bytes
[    1.946046] e820: reserve RAM buffer [mem 0x0009f000-0x0009ffff]
[    1.946047] e820: reserve RAM buffer [mem 0x09b00000-0x0bffffff]
[    1.946048] e820: reserve RAM buffer [mem 0x09f00000-0x0bffffff]
[    1.946049] e820: reserve RAM buffer [mem 0xb325f000-0xb3ffffff]
[    1.946050] e820: reserve RAM buffer [mem 0xbab69000-0xbbffffff]
[    1.946051] e820: reserve RAM buffer [mem 0xc9f7f000-0xcbffffff]
[    1.946052] e820: reserve RAM buffer [mem 0xce000000-0xcfffffff]
[    1.946052] e820: reserve RAM buffer [mem 0x40f340000-0x40fffffff]
[    1.946058] hpet0: at MMIO 0xfed00000, IRQs 2, 8, 0
[    1.946058] hpet0: 3 comparators, 32-bit 14.318180 MHz counter
[    1.948351] clocksource: Switched to clocksource hpet
[    1.958199] VFS: Disk quotas dquot_6.6.0
[    1.958217] VFS: Dquot-cache hash table entries: 512 (order 0, 4096 bytes)
[    1.958358] AppArmor: AppArmor Filesystem Enabled
[    1.958408] pnp: PnP ACPI init
[    1.958686] system 00:00: [mem 0xfec00000-0xfec01fff] could not be reserved
[    1.958690] system 00:00: [mem 0xfee00000-0xfee00fff] has been reserved
[    1.958692] system 00:00: [mem 0xfde00000-0xfdefffff] has been reserved
[    1.958932] system 00:03: [io  0x0400-0x04cf] has been reserved
[    1.958934] system 00:03: [io  0x04d0-0x04d1] has been reserved
[    1.958936] system 00:03: [io  0x04d6] has been reserved
[    1.958937] system 00:03: [io  0x0c00-0x0c01] has been reserved
[    1.958939] system 00:03: [io  0x0c14] has been reserved
[    1.958940] system 00:03: [io  0x0c50-0x0c52] has been reserved
[    1.958941] system 00:03: [io  0x0c6c] has been reserved
[    1.958942] system 00:03: [io  0x0c6f] has been reserved
[    1.958943] system 00:03: [io  0x0cd0-0x0cdb] has been reserved
[    1.959016] system 00:04: [mem 0x000e0000-0x000fffff] could not be reserved
[    1.959018] system 00:04: [mem 0xff000000-0xffffffff] could not be reserved
[    1.960727] pnp: PnP ACPI: found 5 devices
[    1.969258] clocksource: acpi_pm: mask: 0xffffff max_cycles: 0xffffff, max_idle_ns: 2085701024 ns
[    1.969415] NET: Registered PF_INET protocol family
[    1.970142] IP idents hash table entries: 262144 (order: 9, 2097152 bytes, linear)
[    1.971496] tcp_listen_portaddr_hash hash table entries: 8192 (order: 5, 131072 bytes, linear)
[    1.971636] TCP established hash table entries: 131072 (order: 8, 1048576 bytes, linear)
[    1.971872] TCP bind hash table entries: 65536 (order: 8, 1048576 bytes, linear)
[    1.971939] TCP: Hash tables configured (established 131072 bind 65536)
[    1.972266] MPTCP token hash table entries: 16384 (order: 6, 393216 bytes, linear)
[    1.972328] UDP hash table entries: 8192 (order: 6, 262144 bytes, linear)
[    1.972381] UDP-Lite hash table entries: 8192 (order: 6, 262144 bytes, linear)
[    1.972470] NET: Registered PF_UNIX/PF_LOCAL protocol family
[    1.972476] NET: Registered PF_XDP protocol family
[    1.972490] pci 0000:00:08.1: PCI bridge to [bus 01]
[    1.972494] pci 0000:00:08.1:   bridge window [io  0x1000-0x1fff]
[    1.972498] pci 0000:00:08.1:   bridge window [mem 0xd0100000-0xd04fffff]
[    1.972500] pci 0000:00:08.1:   bridge window [mem 0xfce0000000-0xfcf01fffff 64bit pref]
[    1.972503] pci 0000:00:08.2: PCI bridge to [bus 02]
[    1.972506] pci 0000:00:08.2:   bridge window [mem 0xd0000000-0xd00fffff]
[    1.972512] pci_bus 0000:00: resource 4 [io  0x0000-0x0cf7 window]
[    1.972513] pci_bus 0000:00: resource 5 [io  0x0d00-0xffff window]
[    1.972514] pci_bus 0000:00: resource 6 [mem 0x000a0000-0x000bffff window]
[    1.972515] pci_bus 0000:00: resource 7 [mem 0x000c0000-0x000c3fff window]
[    1.972516] pci_bus 0000:00: resource 8 [mem 0x000c4000-0x000c7fff window]
[    1.972517] pci_bus 0000:00: resource 9 [mem 0x000c8000-0x000cbfff window]
[    1.972518] pci_bus 0000:00: resource 10 [mem 0x000cc000-0x000cffff window]
[    1.972519] pci_bus 0000:00: resource 11 [mem 0x000d0000-0x000d3fff window]
[    1.972520] pci_bus 0000:00: resource 12 [mem 0x000d4000-0x000d7fff window]
[    1.972521] pci_bus 0000:00: resource 13 [mem 0x000d8000-0x000dbfff window]
[    1.972522] pci_bus 0000:00: resource 14 [mem 0x000dc000-0x000dffff window]
[    1.972523] pci_bus 0000:00: resource 15 [mem 0x000e0000-0x000e3fff window]
[    1.972524] pci_bus 0000:00: resource 16 [mem 0x000e4000-0x000e7fff window]
[    1.972525] pci_bus 0000:00: resource 17 [mem 0x000e8000-0x000ebfff window]
[    1.972525] pci_bus 0000:00: resource 18 [mem 0x000ec000-0x000effff window]
[    1.972526] pci_bus 0000:00: resource 19 [mem 0xd0000000-0xf7ffffff window]
[    1.972527] pci_bus 0000:00: resource 20 [mem 0xfc000000-0xfed3ffff window]
[    1.972528] pci_bus 0000:00: resource 21 [mem 0x450200000-0xfcffffffff window]
[    1.972530] pci_bus 0000:01: resource 0 [io  0x1000-0x1fff]
[    1.972530] pci_bus 0000:01: resource 1 [mem 0xd0100000-0xd04fffff]
[    1.972531] pci_bus 0000:01: resource 2 [mem 0xfce0000000-0xfcf01fffff 64bit pref]
[    1.972533] pci_bus 0000:02: resource 1 [mem 0xd0000000-0xd00fffff]
[    1.972686] pci 0000:01:00.1: D0 power state depends on 0000:01:00.0
[    1.972721] pci 0000:01:00.3: extending delay after power-on from D3hot to 20 msec
[    1.974125] pci 0000:01:00.4: extending delay after power-on from D3hot to 20 msec
[    2.109717] pci 0000:01:00.4: quirk_usb_early_handoff+0x0/0x750 took 132410 usecs
[    2.109731] PCI: CLS 64 bytes, default 64
[    2.109746] pci 0000:00:00.2: AMD-Vi: IOMMU performance counters supported
[    2.109805] Trying to unpack rootfs image as initramfs...
[    2.109810] pci 0000:00:00.2: can't derive routing for PCI INT A
[    2.109811] pci 0000:00:00.2: PCI INT A: not connected
[    2.109829] pci 0000:00:01.0: Adding to iommu group 0
[    2.109847] pci 0000:00:02.0: Adding to iommu group 1
[    2.109864] pci 0000:00:08.0: Adding to iommu group 2
[    2.109871] pci 0000:00:08.1: Adding to iommu group 2
[    2.109878] pci 0000:00:08.2: Adding to iommu group 2
[    2.109892] pci 0000:00:14.0: Adding to iommu group 3
[    2.109901] pci 0000:00:14.3: Adding to iommu group 3
[    2.109925] pci 0000:00:18.0: Adding to iommu group 4
[    2.109933] pci 0000:00:18.1: Adding to iommu group 4
[    2.109940] pci 0000:00:18.2: Adding to iommu group 4
[    2.109947] pci 0000:00:18.3: Adding to iommu group 4
[    2.109955] pci 0000:00:18.4: Adding to iommu group 4
[    2.109962] pci 0000:00:18.5: Adding to iommu group 4
[    2.109972] pci 0000:00:18.6: Adding to iommu group 4
[    2.109979] pci 0000:00:18.7: Adding to iommu group 4
[    2.109993] pci 0000:01:00.0: Adding to iommu group 2
[    2.109997] pci 0000:01:00.1: Adding to iommu group 2
[    2.110002] pci 0000:01:00.2: Adding to iommu group 2
[    2.110007] pci 0000:01:00.3: Adding to iommu group 2
[    2.110012] pci 0000:01:00.4: Adding to iommu group 2
[    2.110018] pci 0000:01:00.5: Adding to iommu group 2
[    2.110024] pci 0000:01:00.6: Adding to iommu group 2
[    2.110029] pci 0000:02:00.0: Adding to iommu group 2
[    2.110033] pci 0000:02:00.1: Adding to iommu group 2
[    2.111583] pci 0000:00:00.2: AMD-Vi: Found IOMMU cap 0x40
[    2.111588] AMD-Vi: Extended features (0x206d73ef22254ade): PPR X2APIC NX GT IA GA PC GA_vAPIC
[    2.111593] AMD-Vi: Interrupt remapping enabled
[    2.111594] AMD-Vi: Virtual APIC enabled
[    2.111594] AMD-Vi: X2APIC enabled
[    2.111804] software IO TLB: tearing down default memory pool
[    2.119776] LVT offset 0 assigned for vector 0x400
[    2.120211] perf: AMD IBS detected (0x000003ff)
[    2.120217] perf/amd_iommu: Detected AMD IOMMU #0 (2 banks, 4 counters/bank).
[    2.122111] Initialise system trusted keyrings
[    2.122127] Key type blacklist registered
[    2.122263] workingset: timestamp_bits=41 max_order=22 bucket_order=0
[    2.123772] zbud: loaded
[    2.127098] Key type asymmetric registered
[    2.127100] Asymmetric key parser 'x509' registered
[    2.127134] Block layer SCSI generic (bsg) driver version 0.4 loaded (major 242)
[    2.127270] io scheduler mq-deadline registered
[    2.127272] io scheduler kyber registered
[    2.127302] io scheduler bfq registered
[    2.127840] pcieport 0000:00:08.1: PME: Signaling with IRQ 26
[    2.128068] pcieport 0000:00:08.2: PME: Signaling with IRQ 27
[    2.128147] shpchp: Standard Hot Plug PCI Controller Driver version: 0.4
[    2.129320] ACPI: AC: AC Adapter [ACAD] (off-line)
[    2.129360] input: Power Button as /devices/LNXSYSTM:00/LNXSYBUS:00/PNP0C0C:00/input/input0
[    2.129376] ACPI: button: Power Button [PWRB]
[    2.129404] input: Lid Switch as /devices/LNXSYSTM:00/LNXSYBUS:00/PNP0A08:00/device:2a/PNP0C09:00/PNP0C0D:00/input/input1
[    2.129418] ACPI: button: Lid Switch [LID0]
[    2.129454] Monitor-Mwait will be used to enter C-1 state
[    2.129464] ACPI: \_SB_.PLTF.C000: Found 3 idle states
[    2.129470] ACPI: FW issue: working around C-state latencies out of order
[    2.129665] ACPI: \_SB_.PLTF.C001: Found 3 idle states
[    2.129671] ACPI: FW issue: working around C-state latencies out of order
[    2.129753] ACPI: \_SB_.PLTF.C002: Found 3 idle states
[    2.129758] ACPI: FW issue: working around C-state latencies out of order
[    2.129845] ACPI: \_SB_.PLTF.C003: Found 3 idle states
[    2.129849] ACPI: FW issue: working around C-state latencies out of order
[    2.130052] ACPI: \_SB_.PLTF.C004: Found 3 idle states
[    2.130057] ACPI: FW issue: working around C-state latencies out of order
[    2.130220] ACPI: \_SB_.PLTF.C005: Found 3 idle states
[    2.130224] ACPI: FW issue: working around C-state latencies out of order
[    2.132057] thermal LNXTHERM:00: registered as thermal_zone0
[    2.132060] ACPI: thermal: Thermal Zone [TZ0] (47 C)
[    2.132361] Serial: 8250/16550 driver, 32 ports, IRQ sharing enabled
[    2.134997] Non-volatile memory driver v1.3
[    2.135000] Linux agpgart interface v0.103
[    2.135138] AMD-Vi: AMD IOMMUv2 loaded and initialized
[    2.136190] ahci 0000:02:00.0: version 3.0
[    2.136354] ahci 0000:02:00.0: AHCI 0001.0301 32 slots 1 ports 6 Gbps 0x1 impl SATA mode
[    2.136356] ahci 0000:02:00.0: flags: 64bit ncq sntf ilck pm led clo only pmp fbs pio slum part 
[    2.136540] scsi host0: ahci
[    2.136599] ata1: SATA max UDMA/133 abar m2048@0xd0001000 port 0xd0001100 irq 29
[    2.136726] ahci 0000:02:00.1: AHCI 0001.0301 32 slots 1 ports 6 Gbps 0x1 impl SATA mode
[    2.136728] ahci 0000:02:00.1: flags: 64bit ncq sntf ilck pm led clo only pmp fbs pio slum part deso sadm sds 
[    2.136908] scsi host1: ahci
[    2.136948] ata2: SATA max UDMA/133 abar m2048@0xd0000000 port 0xd0000100 irq 31
[    2.136972] ehci_hcd: USB 2.0 'Enhanced' Host Controller (EHCI) Driver
[    2.136978] ehci-pci: EHCI PCI platform driver
[    2.136987] ohci_hcd: USB 1.1 'Open' Host Controller (OHCI) Driver
[    2.136989] ohci-pci: OHCI PCI platform driver
[    2.136994] uhci_hcd: USB Universal Host Controller Interface driver
[    2.137041] usbcore: registered new interface driver usbserial_generic
[    2.137045] usbserial: USB Serial support registered for generic
[    2.137147] rtc_cmos 00:01: RTC can wake from S4
[    2.137374] rtc_cmos 00:01: registered as rtc0
[    2.137409] rtc_cmos 00:01: setting system clock to 2021-12-19T23:43:20 UTC (1639957400)
[    2.137422] rtc_cmos 00:01: alarms up to one month, 114 bytes nvram, hpet irqs
[    2.137567] ledtrig-cpu: registered to indicate activity on CPUs
[    2.137771] efifb: probing for efifb
[    2.137779] efifb: framebuffer at 0xfce0000000, using 8128k, total 8128k
[    2.137780] efifb: mode is 1920x1080x32, linelength=7680, pages=1
[    2.137781] efifb: scrolling: redraw
[    2.137781] efifb: Truecolor: size=8:8:8:8, shift=24:16:8:0
[    2.137819] fbcon: Deferring console take-over
[    2.137820] fb0: EFI VGA frame buffer device
[    2.137843] hid: raw HID events driver (C) Jiri Kosina
[    2.137923] drop_monitor: Initializing network drop monitor service
[    2.137999] Initializing XFRM netlink socket
[    2.138112] NET: Registered PF_INET6 protocol family
[    2.151370] ACPI: battery: Slot [BATT] (battery present)
[    2.448301] ata1: SATA link down (SStatus 0 SControl 300)
[    2.497397] Freeing initrd memory: 10668K
[    2.505428] Segment Routing with IPv6
[    2.505433] RPL Segment Routing with IPv6
[    2.505455] In-situ OAM (IOAM) with IPv6
[    2.505496] NET: Registered PF_PACKET protocol family
[    2.507090] microcode: CPU0: patch_level=0x08600106
[    2.507119] microcode: CPU1: patch_level=0x08600106
[    2.507148] microcode: CPU2: patch_level=0x08600106
[    2.507180] microcode: CPU3: patch_level=0x08600106
[    2.507203] microcode: CPU4: patch_level=0x08600106
[    2.507230] microcode: CPU5: patch_level=0x08600106
[    2.507238] microcode: Microcode Update Driver: v2.2.
[    2.507486] resctrl: L3 allocation detected
[    2.507488] resctrl: MB allocation detected
[    2.507489] resctrl: L3 monitoring detected
[    2.507495] IPI shorthand broadcast: enabled
[    2.508083] registered taskstats version 1
[    2.508698] Loading compiled-in X.509 certificates
[    2.510979] Loaded X.509 cert 'Build time autogenerated kernel key: 655dcbaf4b3bf6119bc7288d5f70e33673dbe3a0'
[    2.512194] zswap: loaded using pool lz4/z3fold
[    2.513075] Key type ._fscrypt registered
[    2.513078] Key type .fscrypt registered
[    2.513078] Key type fscrypt-provisioning registered
[    2.513142] AppArmor: AppArmor sha1 policy hashing enabled
[    2.513520] PM:   Magic number: 1:591:757
[    2.513530] tty ttyS8: hash matches
[    2.513780] RAS: Correctable Errors collector initialized.
[    2.608127] ata2: SATA link up 6.0 Gbps (SStatus 133 SControl 300)
[    2.610968] ata2.00: ATA-11: SAMSUNG MZNLH512HALU-00000, RVT2200Q, max UDMA/133
[    2.612083] ata2.00: 1000215216 sectors, multi 16: LBA48 NCQ (depth 32), AA
[    2.614213] ata2.00: Features: Dev-Sleep NCQ-sndrcv
[    2.617679] ata2.00: configured for UDMA/133
[    2.617828] ata2.00: failed to enable DEVSLP
[    2.617830] ata2.00: failed to enable DIPM, Emask 0x40
[    8.214787] ata2: SATA link up 6.0 Gbps (SStatus 133 SControl 300)
[    8.222989] ata2.00: configured for UDMA/133
[    8.223802] scsi 1:0:0:0: Direct-Access     ATA      SAMSUNG MZNLH512 200Q PQ: 0 ANSI: 5
[    8.224419] sd 1:0:0:0: [sda] 1000215216 512-byte logical blocks: (512 GB/477 GiB)
[    8.224443] sd 1:0:0:0: [sda] Write Protect is off
[    8.224448] sd 1:0:0:0: [sda] Mode Sense: 00 3a 00 00
[    8.224473] sd 1:0:0:0: [sda] Write cache: enabled, read cache: enabled, doesn't support DPO or FUA
[    8.255341]  sda: sda1 sda2 sda3
[    8.268298] sd 1:0:0:0: [sda] Attached SCSI disk
[    8.268461] Unstable clock detected, switching default tracing clock to "global"
               If you want to keep using the local clock, then add:
                 "trace_clock=local"
               on the kernel command line
[    8.271747] Freeing unused decrypted memory: 2036K
[    8.272347] Freeing unused kernel image (initmem) memory: 1860K
[    8.291446] Write protecting the kernel read-only data: 28672k
[    8.292504] Freeing unused kernel image (text/rodata gap) memory: 2036K
[    8.293325] Freeing unused kernel image (rodata/data gap) memory: 1496K
[    8.335448] x86/mm: Checked W+X mappings: passed, no W+X pages found.
[    8.335457] rodata_test: all tests were successful
[    8.335460] x86/mm: Checking user space page tables
[    8.375663] x86/mm: Checked W+X mappings: passed, no W+X pages found.
[    8.375696] Run /init as init process
[    8.375698]   with arguments:
[    8.375699]     /init
[    8.375700]   with environment:
[    8.375701]     HOME=/
[    8.375702]     TERM=linux
[    8.375703]     BOOT_IMAGE=/boot/vmlinuz-linux
[    8.375704]     pti=on
[    8.375705]     mem_encrypt=on
[    8.414159] fbcon: Taking over console
[    8.414297] Console: switching to colour frame buffer device 240x67
[    8.575929] i8042: PNP: PS/2 Controller [PNP0303:KBC0] at 0x60,0x64 irq 1
[    8.575934] i8042: PNP: PS/2 appears to have AUX port disabled, if this is incorrect please boot with i8042.nopnp
[    8.578198] serio: i8042 KBD port at 0x60,0x64 irq 1
[    8.578675] xhci_hcd 0000:01:00.3: xHCI Host Controller
[    8.578694] xhci_hcd 0000:01:00.3: new USB bus registered, assigned bus number 1
[    8.578817] xhci_hcd 0000:01:00.3: hcc params 0x0268ffe5 hci version 0x110 quirks 0x0000020000000410
[    8.579409] usb usb1: New USB device found, idVendor=1d6b, idProduct=0002, bcdDevice= 5.15
[    8.579413] usb usb1: New USB device strings: Mfr=3, Product=2, SerialNumber=1
[    8.579415] usb usb1: Product: xHCI Host Controller
[    8.579417] usb usb1: Manufacturer: Linux 5.15.10-arch1-1 xhci-hcd
[    8.579419] usb usb1: SerialNumber: 0000:01:00.3
[    8.579771] hub 1-0:1.0: USB hub found
[    8.579790] hub 1-0:1.0: 4 ports detected
[    8.582816] xhci_hcd 0000:01:00.3: xHCI Host Controller
[    8.582828] xhci_hcd 0000:01:00.3: new USB bus registered, assigned bus number 2
[    8.582840] xhci_hcd 0000:01:00.3: Host supports USB 3.1 Enhanced SuperSpeed
[    8.582918] usb usb2: We don't know the algorithms for LPM for this host, disabling LPM.
[    8.582960] usb usb2: New USB device found, idVendor=1d6b, idProduct=0003, bcdDevice= 5.15
[    8.582963] usb usb2: New USB device strings: Mfr=3, Product=2, SerialNumber=1
[    8.582966] usb usb2: Product: xHCI Host Controller
[    8.582967] usb usb2: Manufacturer: Linux 5.15.10-arch1-1 xhci-hcd
[    8.582969] usb usb2: SerialNumber: 0000:01:00.3
[    8.583890] hub 2-0:1.0: USB hub found
[    8.583911] hub 2-0:1.0: 2 ports detected
[    8.584435] xhci_hcd 0000:01:00.4: xHCI Host Controller
[    8.584443] xhci_hcd 0000:01:00.4: new USB bus registered, assigned bus number 3
[    8.584589] xhci_hcd 0000:01:00.4: hcc params 0x0268ffe5 hci version 0x110 quirks 0x0000020000000410
[    8.585123] usb usb3: New USB device found, idVendor=1d6b, idProduct=0002, bcdDevice= 5.15
[    8.585127] usb usb3: New USB device strings: Mfr=3, Product=2, SerialNumber=1
[    8.585130] usb usb3: Product: xHCI Host Controller
[    8.585132] usb usb3: Manufacturer: Linux 5.15.10-arch1-1 xhci-hcd
[    8.585133] usb usb3: SerialNumber: 0000:01:00.4
[    8.585527] hub 3-0:1.0: USB hub found
[    8.585541] hub 3-0:1.0: 4 ports detected
[    8.586082] random: fast init done
[    8.586117] xhci_hcd 0000:01:00.4: xHCI Host Controller
[    8.586123] xhci_hcd 0000:01:00.4: new USB bus registered, assigned bus number 4
[    8.586127] xhci_hcd 0000:01:00.4: Host supports USB 3.1 Enhanced SuperSpeed
[    8.586153] usb usb4: We don't know the algorithms for LPM for this host, disabling LPM.
[    8.586184] usb usb4: New USB device found, idVendor=1d6b, idProduct=0003, bcdDevice= 5.15
[    8.586186] usb usb4: New USB device strings: Mfr=3, Product=2, SerialNumber=1
[    8.586188] usb usb4: Product: xHCI Host Controller
[    8.586189] usb usb4: Manufacturer: Linux 5.15.10-arch1-1 xhci-hcd
[    8.586190] usb usb4: SerialNumber: 0000:01:00.4
[    8.586412] hub 4-0:1.0: USB hub found
[    8.586423] hub 4-0:1.0: 2 ports detected
[    8.622111] input: AT Translated Set 2 keyboard as /devices/platform/i8042/serio0/input/input2
[    8.633833] PM: Image not found (code -22)
[    8.837922] usb 3-1: new high-speed USB device number 2 using xhci_hcd
[    8.979852] usb 3-1: New USB device found, idVendor=1a40, idProduct=0801, bcdDevice= 1.00
[    8.979863] usb 3-1: New USB device strings: Mfr=0, Product=1, SerialNumber=0
[    8.979867] usb 3-1: Product: USB 2.0 Hub
[    9.034422] hub 3-1:1.0: USB hub found
[    9.034659] hub 3-1:1.0: 4 ports detected
[    9.101353] usb 4-1: new SuperSpeed USB device number 2 using xhci_hcd
[    9.124799] usb 4-1: New USB device found, idVendor=05e3, idProduct=0626, bcdDevice= 6.63
[    9.124803] usb 4-1: New USB device strings: Mfr=1, Product=2, SerialNumber=0
[    9.124805] usb 4-1: Product: USB3.1 Hub
[    9.124807] usb 4-1: Manufacturer: GenesysLogic
[    9.147156] hub 4-1:1.0: USB hub found
[    9.147964] hub 4-1:1.0: 4 ports detected
[    9.331288] usb 3-1.1: new full-speed USB device number 3 using xhci_hcd
[    9.477525] usb 3-1.1: not running at top speed; connect to a high speed hub
[    9.528233] usb 3-1.1: New USB device found, idVendor=25a4, idProduct=9311, bcdDevice= 2.01
[    9.528241] usb 3-1.1: New USB device strings: Mfr=1, Product=2, SerialNumber=3
[    9.528244] usb 3-1.1: Product: USB C Video Adaptor      
[    9.528245] usb 3-1.1: Manufacturer: USB C  
[    9.528248] usb 3-1.1: SerialNumber: 000000000001
[    9.541629] usb 4-1.1: new SuperSpeed USB device number 3 using xhci_hcd
[    9.562161] usb 4-1.1: New USB device found, idVendor=8564, idProduct=4000, bcdDevice= 0.04
[    9.562169] usb 4-1.1: New USB device strings: Mfr=3, Product=4, SerialNumber=2
[    9.562171] usb 4-1.1: Product: Transcend
[    9.562173] usb 4-1.1: Manufacturer: TS-RDF5A
[    9.562174] usb 4-1.1: SerialNumber: 000000000004
[    9.563318] EXT4-fs (sda2): mounted filesystem with ordered data mode. Opts: (null). Quota mode: none.
[    9.570913] usb-storage 4-1.1:1.0: USB Mass Storage device detected
[    9.571135] scsi host2: usb-storage 4-1.1:1.0
[    9.571300] usbcore: registered new interface driver usb-storage
[    9.576751] usbcore: registered new interface driver uas
[    9.631297] usb 3-1.2: new high-speed USB device number 4 using xhci_hcd
[    9.726947] usb 3-1.2: New USB device found, idVendor=05e3, idProduct=0610, bcdDevice= 6.63
[    9.726956] usb 3-1.2: New USB device strings: Mfr=1, Product=2, SerialNumber=0
[    9.726958] usb 3-1.2: Product: USB2.1 Hub
[    9.726960] usb 3-1.2: Manufacturer: GenesysLogic
[    9.732830] systemd[1]: systemd 249.7-2-arch running in system mode (+PAM +AUDIT -SELINUX -APPARMOR -IMA +SMACK +SECCOMP +GCRYPT +GNUTLS +OPENSSL +ACL +BLKID +CURL +ELFUTILS +FIDO2 +IDN2 -IDN +IPTC +KMOD +LIBCRYPTSETUP +LIBFDISK +PCRE2 -PWQUALITY +P11KIT -QRENCODE +BZIP2 +LZ4 +XZ +ZLIB +ZSTD +XKBCOMMON +UTMP -SYSVINIT default-hierarchy=unified)
[    9.748364] systemd[1]: Detected architecture x86-64.
[    9.749530] systemd[1]: Hostname set to <mksredmibook14ii>.
[    9.770819] hub 3-1.2:1.0: USB hub found
[    9.771335] hub 3-1.2:1.0: 4 ports detected
[    9.798053] usb 4-1.2: new SuperSpeed USB device number 4 using xhci_hcd
[    9.816708] usb 4-1.2: New USB device found, idVendor=0bda, idProduct=8153, bcdDevice=30.00
[    9.816716] usb 4-1.2: New USB device strings: Mfr=1, Product=2, SerialNumber=6
[    9.816718] usb 4-1.2: Product: USB 10/100/1000 LAN
[    9.816720] usb 4-1.2: Manufacturer: Realtek
[    9.816721] usb 4-1.2: SerialNumber: 000001
[    9.818338] random: lvmconfig: uninitialized urandom read (4 bytes read)
[    9.908111] systemd[1]: Queued start job for default target Graphical Interface.
[    9.910330] systemd[1]: Created slice Slice /system/getty.
[    9.910868] systemd[1]: Created slice Slice /system/modprobe.
[    9.911373] systemd[1]: Created slice Slice /system/systemd-fsck.
[    9.911680] systemd[1]: Created slice User and Session Slice.
[    9.911805] systemd[1]: Started Dispatch Password Requests to Console Directory Watch.
[    9.911894] systemd[1]: Started Forward Password Requests to Wall Directory Watch.
[    9.912178] systemd[1]: Set up automount Arbitrary Executable File Formats File System Automount Point.
[    9.912264] systemd[1]: Reached target Local Encrypted Volumes.
[    9.912301] systemd[1]: Reached target Login Prompts.
[    9.912351] systemd[1]: Reached target Path Units.
[    9.912387] systemd[1]: Reached target Remote File Systems.
[    9.912417] systemd[1]: Reached target Slice Units.
[    9.912469] systemd[1]: Reached target Local Verity Protected Volumes.
[    9.912578] systemd[1]: Listening on Device-mapper event daemon FIFOs.
[    9.912981] systemd[1]: Listening on LVM2 poll daemon socket.
[    9.914423] systemd[1]: Listening on Process Core Dump Socket.
[    9.918096] systemd[1]: Condition check resulted in Journal Audit Socket being skipped.
[    9.919137] systemd[1]: Listening on Journal Socket (/dev/log).
[    9.919329] systemd[1]: Listening on Journal Socket.
[    9.920227] systemd[1]: Listening on udev Control Socket.
[    9.920385] systemd[1]: Listening on udev Kernel Socket.
[    9.921739] systemd[1]: Mounting Huge Pages File System...
[    9.923184] systemd[1]: Mounting POSIX Message Queue File System...
[    9.924517] systemd[1]: Mounting Kernel Debug File System...
[    9.925957] systemd[1]: Mounting Kernel Trace File System...
[    9.928222] systemd[1]: Starting Create List of Static Device Nodes...
[    9.929460] systemd[1]: Starting Monitoring of LVM2 mirrors, snapshots etc. using dmeventd or progress polling...
[    9.930803] systemd[1]: Starting Load Kernel Module configfs...
[    9.932135] systemd[1]: Starting Load Kernel Module drm...
[    9.933470] systemd[1]: Starting Load Kernel Module fuse...
[    9.934077] systemd[1]: Condition check resulted in Set Up Additional Binary Formats being skipped.
[    9.934155] systemd[1]: Condition check resulted in File System Check on Root Device being skipped.
[    9.934665] random: lvm: uninitialized urandom read (4 bytes read)
[    9.937451] systemd[1]: Starting Journal Service...
[    9.939708] systemd[1]: Starting Load Kernel Modules...
[    9.941025] systemd[1]: Starting Remount Root and Kernel File Systems...
[    9.941152] systemd[1]: Condition check resulted in Repartition Root Disk being skipped.
[    9.942446] systemd[1]: Starting Coldplug All udev Devices...
[    9.945006] systemd[1]: Mounted Huge Pages File System.
[    9.945182] systemd[1]: Mounted POSIX Message Queue File System.
[    9.945327] systemd[1]: Mounted Kernel Debug File System.
[    9.945462] systemd[1]: Mounted Kernel Trace File System.
[    9.945965] systemd[1]: Finished Create List of Static Device Nodes.
[    9.947512] fuse: init (API version 7.34)
[    9.949497] EXT4-fs (sda2): re-mounted. Opts: (null). Quota mode: none.
[    9.949584] systemd[1]: modprobe@configfs.service: Deactivated successfully.
[    9.949956] systemd[1]: Finished Load Kernel Module configfs.
[    9.951507] systemd[1]: modprobe@drm.service: Deactivated successfully.
[    9.952298] systemd[1]: Finished Load Kernel Module drm.
[    9.952943] systemd[1]: modprobe@fuse.service: Deactivated successfully.
[    9.953682] systemd[1]: Finished Load Kernel Module fuse.
[    9.954738] systemd[1]: Finished Remount Root and Kernel File Systems.
[    9.956723] systemd[1]: Mounting FUSE Control File System...
[    9.956995] vboxdrv: loading out-of-tree module taints kernel.
[    9.957313] vboxdrv: module verification failed: signature and/or required key missing - tainting kernel
[    9.958401] systemd[1]: Mounting Kernel Configuration File System...
[    9.958532] systemd[1]: Condition check resulted in First Boot Wizard being skipped.
[    9.960503] systemd[1]: Condition check resulted in Rebuild Hardware Database being skipped.
[    9.961978] vboxdrv: Found 6 processor cores
[    9.962510] systemd[1]: Starting Load/Save Random Seed...
[    9.964587] systemd[1]: Starting Create System Users...
[    9.967275] systemd[1]: Mounted FUSE Control File System.
[    9.967468] systemd[1]: Mounted Kernel Configuration File System.
[    9.984991] vboxdrv: TSC mode is Invariant, tentative frequency 2370725656 Hz
[    9.984997] vboxdrv: Successfully loaded version 6.1.30 r148432 (interface 0x00320000)
[    9.987713] VBoxNetAdp: Successfully started.
[    9.989163] systemd[1]: Finished Create System Users.
[    9.990435] VBoxNetFlt: Successfully started.
[    9.991057] systemd[1]: Starting Create Static Device Nodes in /dev...
[    9.992255] systemd[1]: Finished Monitoring of LVM2 mirrors, snapshots etc. using dmeventd or progress polling.
[    9.993202] systemd[1]: Finished Load Kernel Modules.
[    9.995146] systemd[1]: Starting Apply Kernel Variables...
[   10.007429] systemd[1]: Finished Apply Kernel Variables.
[   10.040505] systemd[1]: Finished Create Static Device Nodes in /dev.
[   10.040734] systemd[1]: Reached target Preparation for Local File Systems.
[   10.040800] systemd[1]: Condition check resulted in Virtual Machine and Container Storage (Compatibility) being skipped.
[   10.043626] systemd[1]: Starting Rule-based Manager for Device Events and Files...
[   10.046015] systemd[1]: Started Journal Service.
[   10.054564] systemd-journald[253]: Received client request to flush runtime journal.
[   10.081247] usb 3-1.2.3: new low-speed USB device number 5 using xhci_hcd
[   10.208261] usb 3-1.2.3: New USB device found, idVendor=1bcf, idProduct=0005, bcdDevice= 0.90
[   10.208272] usb 3-1.2.3: New USB device strings: Mfr=0, Product=2, SerialNumber=0
[   10.208274] usb 3-1.2.3: Product: USB Optical Mouse
[   10.214865] acpi_cpufreq: overriding BIOS provided _PSD data
[   10.276118] acpi PNP0C14:01: duplicate WMI GUID 05901221-D566-11D1-B2F0-00A0C9062910 (first instance was on PNP0C14:00)
[   10.295891] ACPI: video: Video Device [VGA] (multi-head: yes  rom: no  post: no)
[   10.296549] acpi device:0e: registered as cooling_device6
[   10.296706] input: Video Bus as /devices/LNXSYSTM:00/LNXSYBUS:00/PNP0A08:00/device:0d/LNXVIDEO:00/input/input3
[   10.422858] input: GXT7863:00 27C6:01E0 Mouse as /devices/platform/AMDI0010:03/i2c-0/i2c-GXT7863:00/0018:27C6:01E0.0001/input/input4
[   10.423295] input: GXT7863:00 27C6:01E0 Touchpad as /devices/platform/AMDI0010:03/i2c-0/i2c-GXT7863:00/0018:27C6:01E0.0001/input/input5
[   10.423516] hid-generic 0018:27C6:01E0.0001: input,hidraw0: I2C HID v1.00 Mouse [GXT7863:00 27C6:01E0] on i2c-GXT7863:00
[   10.437420] ccp 0000:01:00.2: enabling device (0000 -> 0002)
[   10.437891] ccp 0000:01:00.2: ccp: unable to access the device: you might be running a broken BIOS.
[   10.448085] ccp 0000:01:00.2: tee enabled
[   10.448094] ccp 0000:01:00.2: psp enabled
[   10.484892] snd_rn_pci_acp3x 0000:01:00.5: enabling device (0000 -> 0002)
[   10.570419] piix4_smbus 0000:00:14.0: SMBus Host Controller at 0xb00, revision 0
[   10.570426] piix4_smbus 0000:00:14.0: Using register 0x02 for SMBus port selection
[   10.570543] piix4_smbus 0000:00:14.0: Auxiliary SMBus Host Controller at 0xb20
[   10.576525] sp5100_tco: SP5100/SB800 TCO WatchDog Timer Driver
[   10.576706] sp5100-tco sp5100-tco: Using 0xfeb00000 for watchdog MMIO address
[   10.584238] sp5100-tco sp5100-tco: initialized. heartbeat=60 sec (nowayout=0)
[   10.594501] Adding 17309968k swap on /dev/sda3.  Priority:-2 extents:1 across:17309968k SSFS
[   10.602782] scsi 2:0:0:0: Direct-Access     TS-RDF5A Transcend        0004 PQ: 0 ANSI: 6
[   10.647955] snd_hda_intel 0000:01:00.1: enabling device (0000 -> 0002)
[   10.648151] snd_hda_intel 0000:01:00.1: Handle vga_switcheroo audio client
[   10.648485] snd_hda_intel 0000:01:00.6: enabling device (0000 -> 0002)
[   10.710494] input: HD-Audio Generic HDMI/DP,pcm=3 as /devices/pci0000:00/0000:00:08.1/0000:01:00.1/sound/card0/input7
[   10.710565] input: HD-Audio Generic HDMI/DP,pcm=7 as /devices/pci0000:00/0000:00:08.1/0000:01:00.1/sound/card0/input8
[   10.718272] usbcore: registered new interface driver cdc_ether
[   10.730010] [drm] amdgpu kernel modesetting enabled.
[   10.731086] snd_hda_codec_realtek hdaudioC1D0: autoconfig for ALC256: line_outs=1 (0x14/0x0/0x0/0x0/0x0) type:speaker
[   10.731093] snd_hda_codec_realtek hdaudioC1D0:    speaker_outs=0 (0x0/0x0/0x0/0x0/0x0)
[   10.731096] snd_hda_codec_realtek hdaudioC1D0:    hp_outs=1 (0x21/0x0/0x0/0x0/0x0)
[   10.731098] snd_hda_codec_realtek hdaudioC1D0:    mono: mono_out=0x0
[   10.731099] snd_hda_codec_realtek hdaudioC1D0:    inputs:
[   10.731100] snd_hda_codec_realtek hdaudioC1D0:      Mic=0x19
[   10.749708] amdgpu: Virtual CRAT table created for CPU
[   10.749744] amdgpu: Topology: Add CPU node
[   10.749876] checking generic (fce0000000 7f0000) vs hw (fce0000000 10000000)
[   10.749878] fb0: switching to amdgpu from EFI VGA
[   10.749986] Console: switching to colour dummy device 80x25
[   10.750037] amdgpu 0000:01:00.0: vgaarb: deactivate vga console
[   10.750160] amdgpu 0000:01:00.0: enabling device (0006 -> 0007)
[   10.750244] [drm] initializing kernel modesetting (RENOIR 0x1002:0x1636 0x1D72:0x1951 0xC3).
[   10.750249] amdgpu 0000:01:00.0: amdgpu: Trusted Memory Zone (TMZ) feature enabled
[   10.752223] [drm] register mmio base: 0xD0400000
[   10.752230] [drm] register mmio size: 524288
[   10.752234] [drm] PCIE atomic ops is not supported
[   10.753750] [drm] add ip block number 0 <soc15_common>
[   10.753752] [drm] add ip block number 1 <gmc_v9_0>
[   10.753754] [drm] add ip block number 2 <vega10_ih>
[   10.753755] [drm] add ip block number 3 <psp>
[   10.753757] [drm] add ip block number 4 <smu>
[   10.753758] [drm] add ip block number 5 <gfx_v9_0>
[   10.753759] [drm] add ip block number 6 <sdma_v4_0>
[   10.753761] [drm] add ip block number 7 <dm>
[   10.753762] [drm] add ip block number 8 <vcn_v2_0>
[   10.753763] [drm] add ip block number 9 <jpeg_v2_0>
[   10.753790] amdgpu 0000:01:00.0: amdgpu: Fetched VBIOS from VFCT
[   10.753796] amdgpu: ATOM BIOS: 113-RENOIR-026
[   10.756095] [drm] VCN decode is enabled in VM mode
[   10.756100] [drm] VCN encode is enabled in VM mode
[   10.756101] [drm] JPEG decode is enabled in VM mode
[   10.756164] [drm] vm size is 262144 GB, 4 levels, block size is 9-bit, fragment size is 9-bit
[   10.756175] amdgpu 0000:01:00.0: amdgpu: VRAM: 512M 0x000000F400000000 - 0x000000F41FFFFFFF (512M used)
[   10.756180] amdgpu 0000:01:00.0: amdgpu: GART: 1024M 0x0000000000000000 - 0x000000003FFFFFFF
[   10.756182] amdgpu 0000:01:00.0: amdgpu: AGP: 267419648M 0x000000F800000000 - 0x0000FFFFFFFFFFFF
[   10.756190] [drm] Detected VRAM RAM=512M, BAR=512M
[   10.756192] [drm] RAM width 128bits DDR4
[   10.756262] [drm] amdgpu: 512M of VRAM memory ready
[   10.756264] [drm] amdgpu: 3072M of GTT memory ready.
[   10.756276] [drm] GART: num cpu pages 262144, num gpu pages 262144
[   10.756453] [drm] PCIE GART of 1024M enabled.
[   10.756454] [drm] PTB located at 0x000000F400900000
[   10.761746] amdgpu 0000:01:00.0: amdgpu: PSP runtime database doesn't exist
[   10.773107] [drm] Loading DMUB firmware via PSP: version=0x01010019
[   10.774480] [drm] Found VCN firmware Version ENC: 1.16 DEC: 5 VEP: 0 Revision: 3
[   10.774494] amdgpu 0000:01:00.0: amdgpu: Will use PSP to load VCN firmware
[   10.780352] input: HD-Audio Generic Mic as /devices/pci0000:00/0000:00:08.1/0000:01:00.6/sound/card1/input9
[   10.780436] input: HD-Audio Generic Headphone as /devices/pci0000:00/0000:00:08.1/0000:01:00.6/sound/card1/input10
[   10.810408] usb 4-1.2: reset SuperSpeed USB device number 4 using xhci_hcd
[   10.815470] random: dbus-daemon: uninitialized urandom read (12 bytes read)
[   10.824532] RAPL PMU: API unit is 2^-32 Joules, 1 fixed counters, 163840 ms ovfl timer
[   10.824537] RAPL PMU: hw unit of domain package 2^-16 Joules
[   10.839539] cryptd: max_cpu_qlen set to 1000
[   10.843351] sd 2:0:0:0: [sdb] 60456960 512-byte logical blocks: (31.0 GB/28.8 GiB)
[   10.844146] sd 2:0:0:0: [sdb] Write Protect is off
[   10.844148] sd 2:0:0:0: [sdb] Mode Sense: 21 00 00 00
[   10.845066] sd 2:0:0:0: [sdb] Write cache: disabled, read cache: enabled, doesn't support DPO or FUA
[   10.850200] random: dbus-daemon: uninitialized urandom read (12 bytes read)
[   10.850404]  sdb: sdb1 sdb2
[   10.852900] sd 2:0:0:0: [sdb] Attached SCSI removable disk
[   10.900677] AVX2 version of gcm_enc/dec engaged.
[   10.900744] AES CTR mode by8 optimization enabled
[   10.921900] r8152 4-1.2:1.0 eth0: v2.15.0 (2021/04/15)
[   10.921907] r8152 4-1.2:1.0 eth0: This product is covered by one or more of the following patents:
               		US6,570,884, US6,115,776, and US6,327,625.

[   10.921974] usbcore: registered new interface driver r8152
[   10.943390] usbcore: registered new interface driver r8153_ecm
[   11.153709] kvm: Nested Virtualization enabled
[   11.153714] SVM: kvm: Nested Paging enabled
[   11.153753] SVM: Virtual VMLOAD VMSAVE supported
[   11.153754] SVM: Virtual GIF supported
[   11.195728] MCE: In-kernel MCE decoding enabled.
[   11.302239] input: GXT7863:00 27C6:01E0 Mouse as /devices/platform/AMDI0010:03/i2c-0/i2c-GXT7863:00/0018:27C6:01E0.0001/input/input11
[   11.302348] input: GXT7863:00 27C6:01E0 Touchpad as /devices/platform/AMDI0010:03/i2c-0/i2c-GXT7863:00/0018:27C6:01E0.0001/input/input12
[   11.302599] hid-multitouch 0018:27C6:01E0.0001: input,hidraw0: I2C HID v1.00 Mouse [GXT7863:00 27C6:01E0] on i2c-GXT7863:00
[   11.325364] input: USB Optical Mouse as /devices/pci0000:00/0000:00:08.1/0000:01:00.4/usb3/3-1/3-1.2/3-1.2.3/3-1.2.3:1.0/0003:1BCF:0005.0002/input/input14
[   11.325452] hid-generic 0003:1BCF:0005.0002: input,hidraw1: USB HID v1.10 Mouse [USB Optical Mouse] on usb-0000:01:00.4-1.2.3/input0
[   11.325502] usbcore: registered new interface driver usbhid
[   11.325504] usbhid: USB HID core driver
[   11.358203] mousedev: PS/2 mouse device common for all mice
[   11.395706] r8152 4-1.2:1.0 enp1s0f4u1u2: renamed from eth0
[   11.414560] random: crng init done
[   11.452761] intel_rapl_common: Found RAPL domain package
[   11.452765] intel_rapl_common: Found RAPL domain core
[   11.581793] [drm] reserve 0x400000 from 0xf41f800000 for PSP TMR
[   11.663930] amdgpu 0000:01:00.0: amdgpu: RAS: optional ras ta ucode is not available
[   11.671761] amdgpu 0000:01:00.0: amdgpu: RAP: optional rap ta ucode is not available
[   11.671765] amdgpu 0000:01:00.0: amdgpu: SECUREDISPLAY: securedisplay ta ucode is not available
[   11.672447] amdgpu 0000:01:00.0: amdgpu: SMU is initialized successfully!
[   11.673797] [drm] kiq ring mec 2 pipe 1 q 0
[   11.674647] [drm] Display Core initialized with v3.2.149!
[   11.675080] [drm] DMUB hardware initialized: version=0x01010019
[   11.702594] snd_hda_intel 0000:01:00.1: bound 0000:01:00.0 (ops amdgpu_dm_audio_component_bind_ops [amdgpu])
[   11.794752] [drm] VCN decode and encode initialized successfully(under DPG Mode).
[   11.794774] [drm] JPEG decode initialized successfully.
[   11.796646] kfd kfd: amdgpu: Allocated 3969056 bytes on gart
[   11.814935] memmap_init_zone_device initialised 131072 pages in 4ms
[   11.814949] amdgpu: HMM registered 512MB device memory
[   11.814997] amdgpu: SRAT table not found
[   11.814998] amdgpu: Virtual CRAT table created for GPU
[   11.815629] amdgpu: Topology: Add dGPU node [0x1636:0x1002]
[   11.815634] kfd kfd: amdgpu: added device 1002:1636
[   11.815727] amdgpu 0000:01:00.0: amdgpu: SE 1, SH per SE 2, CU per SH 18, active_cu_number 26
[   11.818568] [drm] fb mappable at 0x410CD1000
[   11.818572] [drm] vram apper at 0x410000000
[   11.818573] [drm] size 8294400
[   11.818574] [drm] fb depth is 24
[   11.818575] [drm]    pitch is 7680
[   11.818694] fbcon: amdgpu (fb0) is primary device
[   11.886305] Console: switching to colour frame buffer device 240x67
[   11.907231] amdgpu 0000:01:00.0: [drm] fb0: amdgpu frame buffer device
[   11.918191] amdgpu 0000:01:00.0: amdgpu: ring gfx uses VM inv eng 0 on hub 0
[   11.918200] amdgpu 0000:01:00.0: amdgpu: ring comp_1.0.0 uses VM inv eng 1 on hub 0
[   11.918203] amdgpu 0000:01:00.0: amdgpu: ring comp_1.1.0 uses VM inv eng 4 on hub 0
[   11.918206] amdgpu 0000:01:00.0: amdgpu: ring comp_1.2.0 uses VM inv eng 5 on hub 0
[   11.918208] amdgpu 0000:01:00.0: amdgpu: ring comp_1.3.0 uses VM inv eng 6 on hub 0
[   11.918210] amdgpu 0000:01:00.0: amdgpu: ring comp_1.0.1 uses VM inv eng 7 on hub 0
[   11.918213] amdgpu 0000:01:00.0: amdgpu: ring comp_1.1.1 uses VM inv eng 8 on hub 0
[   11.918215] amdgpu 0000:01:00.0: amdgpu: ring comp_1.2.1 uses VM inv eng 9 on hub 0
[   11.918217] amdgpu 0000:01:00.0: amdgpu: ring comp_1.3.1 uses VM inv eng 10 on hub 0
[   11.918220] amdgpu 0000:01:00.0: amdgpu: ring kiq_2.1.0 uses VM inv eng 11 on hub 0
[   11.918223] amdgpu 0000:01:00.0: amdgpu: ring sdma0 uses VM inv eng 0 on hub 1
[   11.918226] amdgpu 0000:01:00.0: amdgpu: ring vcn_dec uses VM inv eng 1 on hub 1
[   11.918228] amdgpu 0000:01:00.0: amdgpu: ring vcn_enc0 uses VM inv eng 4 on hub 1
[   11.918231] amdgpu 0000:01:00.0: amdgpu: ring vcn_enc1 uses VM inv eng 5 on hub 1
[   11.918233] amdgpu 0000:01:00.0: amdgpu: ring jpeg_dec uses VM inv eng 6 on hub 1
[   11.920912] [drm] Initialized amdgpu 3.42.0 20150101 for 0000:01:00.0 on minor 0
[   39.357469] Bluetooth: Core ver 2.22
[   39.357531] NET: Registered PF_BLUETOOTH protocol family
[   39.357532] Bluetooth: HCI device and connection manager initialized
[   39.357540] Bluetooth: HCI socket layer initialized
[   39.357543] Bluetooth: L2CAP socket layer initialized
[   39.357547] Bluetooth: SCO socket layer initialized
[   71.428137] ucsi_acpi USBC000:00: PPM init failed (-110)
[  150.244640] usb 1-2: new high-speed USB device number 2 using xhci_hcd
[  150.388947] usb 1-2: New USB device found, idVendor=2357, idProduct=011e, bcdDevice= 2.00
[  150.388961] usb 1-2: New USB device strings: Mfr=1, Product=2, SerialNumber=3
[  150.388965] usb 1-2: Product: 802.11ac WLAN Adapter 
[  150.388968] usb 1-2: Manufacturer: Realtek 
[  150.388970] usb 1-2: SerialNumber: 00e04c000001
[  150.389480] usb 1-2: Device is not authorized for usage
[  150.392778] usb 1-2: authorized to connect
[  150.595420] cfg80211: Loading compiled-in X.509 certificates for regulatory database
[  150.601386] cfg80211: Loaded X.509 cert 'sforshee: 00b28ddf47aef9cea7'
[  150.605823] platform regulatory.0: Direct firmware load for regulatory.db failed with error -2
[  150.605838] cfg80211: failed to load regulatory.db
[  151.155169] usbcore: registered new interface driver rtl8821au
[  151.169673] rtl8821au 1-2:1.0 wlp1s0f3u2: renamed from wlan0
[  152.613196] IPv6: ADDRCONF(NETDEV_CHANGE): wlp1s0f3u2: link becomes ready
[  162.503098] IPv6: ADDRCONF(NETDEV_CHANGE): wlp1s0f3u2: link becomes ready
[  171.100879] iptables reject: IN=wlp1s0f3u2 OUT= MAC= SRC=192.168.0.103 DST=224.0.0.251 LEN=68 TOS=0x00 PREC=0x00 TTL=1 ID=20231 DF PROTO=UDP SPT=5353 DPT=5353 LEN=48 
[  171.101836] iptables reject: IN=wlp1s0f3u2 OUT= MAC= SRC=192.168.0.103 DST=224.0.0.251 LEN=68 TOS=0x00 PREC=0x00 TTL=1 ID=20232 DF PROTO=UDP SPT=5353 DPT=5353 LEN=48 
[  172.062929] iptables reject: IN=wlp1s0f3u2 OUT= MAC= SRC=192.168.0.103 DST=224.0.0.251 LEN=68 TOS=0x00 PREC=0x00 TTL=1 ID=20286 DF PROTO=UDP SPT=5353 DPT=5353 LEN=48 
[  172.063246] iptables reject: IN=wlp1s0f3u2 OUT= MAC= SRC=192.168.0.103 DST=224.0.0.251 LEN=68 TOS=0x00 PREC=0x00 TTL=1 ID=20287 DF PROTO=UDP SPT=5353 DPT=5353 LEN=48 
[  174.064949] iptables reject: IN=wlp1s0f3u2 OUT= MAC= SRC=192.168.0.103 DST=224.0.0.251 LEN=68 TOS=0x00 PREC=0x00 TTL=1 ID=20431 DF PROTO=UDP SPT=5353 DPT=5353 LEN=48 
[  174.065292] iptables reject: IN=wlp1s0f3u2 OUT= MAC= SRC=192.168.0.103 DST=224.0.0.251 LEN=68 TOS=0x00 PREC=0x00 TTL=1 ID=20432 DF PROTO=UDP SPT=5353 DPT=5353 LEN=48 
[  230.093345] iptables reject: IN=wlp1s0f3u2 OUT= MAC=01:00:5e:00:00:01:00:5f:67:2a:b5:34:08:00 SRC=192.168.0.1 DST=224.0.0.1 LEN=32 TOS=0x18 PREC=0x40 TTL=1 ID=46222 PROTO=2 
[  355.095667] iptables reject: IN=wlp1s0f3u2 OUT= MAC=01:00:5e:00:00:01:00:5f:67:2a:b5:34:08:00 SRC=192.168.0.1 DST=224.0.0.1 LEN=32 TOS=0x00 PREC=0x00 TTL=1 ID=172 PROTO=2 
[  367.557152] usbcore: deregistering interface driver r8153_ecm
[  370.482487] usbcore: deregistering interface driver cdc_ether
[  377.637567] usbcore: registered new interface driver cdc_ether
[  377.645875] usbcore: registered new interface driver r8153_ecm
[  391.171675] usbcore: deregistering interface driver r8153_ecm
[  395.842646] usb 3-1: USB disconnect, device number 2
[  395.842658] usb 3-1.1: USB disconnect, device number 3
[  395.843205] usb 3-1.2: USB disconnect, device number 4
[  395.843213] usb 3-1.2.3: USB disconnect, device number 5
[  395.869175] usb 4-1: USB disconnect, device number 2
[  395.869184] usb 4-1.1: USB disconnect, device number 3
[  395.947485] usb 4-1.2: USB disconnect, device number 4
[  400.274532] usb 3-1: new high-speed USB device number 6 using xhci_hcd
[  400.416874] usb 3-1: New USB device found, idVendor=1a40, idProduct=0801, bcdDevice= 1.00
[  400.416888] usb 3-1: New USB device strings: Mfr=0, Product=1, SerialNumber=0
[  400.416892] usb 3-1: Product: USB 2.0 Hub
[  400.417312] usb 3-1: Device is not authorized for usage
[  400.459299] hub 3-1:1.0: USB hub found
[  400.459637] hub 3-1:1.0: 4 ports detected
[  400.461608] usb 3-1: authorized to connect
[  400.538091] usb 4-1: new SuperSpeed USB device number 5 using xhci_hcd
[  400.561583] usb 4-1: New USB device found, idVendor=05e3, idProduct=0626, bcdDevice= 6.63
[  400.561602] usb 4-1: New USB device strings: Mfr=1, Product=2, SerialNumber=0
[  400.561604] usb 4-1: Product: USB3.1 Hub
[  400.561606] usb 4-1: Manufacturer: GenesysLogic
[  400.561992] usb 4-1: Device is not authorized for usage
[  400.587339] hub 4-1:1.0: USB hub found
[  400.588481] hub 4-1:1.0: 4 ports detected
[  400.590054] usb 4-1: authorized to connect
[  400.747847] usb 3-1.2: new high-speed USB device number 7 using xhci_hcd
[  400.847273] usb 3-1.2: New USB device found, idVendor=05e3, idProduct=0610, bcdDevice= 6.63
[  400.847284] usb 3-1.2: New USB device strings: Mfr=1, Product=2, SerialNumber=0
[  400.847288] usb 3-1.2: Product: USB2.1 Hub
[  400.847291] usb 3-1.2: Manufacturer: GenesysLogic
[  400.847545] usb 3-1.2: Device is not authorized for usage
[  400.906960] hub 3-1.2:1.0: USB hub found
[  400.907505] hub 3-1.2:1.0: 4 ports detected
[  400.910585] usb 3-1.2: authorized to connect
[  400.918348] usb 4-1.1: new SuperSpeed USB device number 6 using xhci_hcd
[  400.938656] usb 4-1.1: New USB device found, idVendor=8564, idProduct=4000, bcdDevice= 0.04
[  400.938668] usb 4-1.1: New USB device strings: Mfr=3, Product=4, SerialNumber=2
[  400.938672] usb 4-1.1: Product: Transcend
[  400.938675] usb 4-1.1: Manufacturer: TS-RDF5A
[  400.938677] usb 4-1.1: SerialNumber: 000000000004
[  400.938914] usb 4-1.1: Device is not authorized for usage
[  400.940449] usb-storage 4-1.1:1.0: USB Mass Storage device detected
[  400.940903] scsi host2: usb-storage 4-1.1:1.0
[  400.941083] usb 4-1.1: authorized to connect
[  401.011261] usb 4-1.2: new SuperSpeed USB device number 7 using xhci_hcd
[  401.029877] usb 4-1.2: New USB device found, idVendor=0bda, idProduct=8153, bcdDevice=30.00
[  401.029889] usb 4-1.2: New USB device strings: Mfr=1, Product=2, SerialNumber=6
[  401.029893] usb 4-1.2: Product: USB 10/100/1000 LAN
[  401.029896] usb 4-1.2: Manufacturer: Realtek
[  401.029898] usb 4-1.2: SerialNumber: 000001
[  401.030142] usb 4-1.2: Device is not authorized for usage
[  401.109732] usb 4-1: USB disconnect, device number 5
[  401.109740] usb 4-1.1: USB disconnect, device number 6
[  401.128613] usb 4-1.2: USB disconnect, device number 7
[  401.217949] usb 3-1.2.3: new low-speed USB device number 8 using xhci_hcd
[  401.348322] usb 3-1.2.3: New USB device found, idVendor=1bcf, idProduct=0005, bcdDevice= 0.90
[  401.348335] usb 3-1.2.3: New USB device strings: Mfr=0, Product=2, SerialNumber=0
[  401.348339] usb 3-1.2.3: Product: USB Optical Mouse
[  401.348573] usb 3-1.2.3: Device is not authorized for usage
[  401.396007] input: USB Optical Mouse as /devices/pci0000:00/0000:00:08.1/0000:01:00.4/usb3/3-1/3-1.2/3-1.2.3/3-1.2.3:1.0/0003:1BCF:0005.0003/input/input15
[  401.396390] hid-generic 0003:1BCF:0005.0003: input,hidraw1: USB HID v1.10 Mouse [USB Optical Mouse] on usb-0000:01:00.4-1.2.3/input0
[  401.396532] usb 3-1.2.3: authorized to connect
[  401.525283] usb 4-1: new SuperSpeed USB device number 8 using xhci_hcd
[  401.549101] usb 4-1: New USB device found, idVendor=05e3, idProduct=0626, bcdDevice= 6.63
[  401.549113] usb 4-1: New USB device strings: Mfr=1, Product=2, SerialNumber=0
[  401.549117] usb 4-1: Product: USB3.1 Hub
[  401.549120] usb 4-1: Manufacturer: GenesysLogic
[  401.549474] usb 4-1: Device is not authorized for usage
[  401.579570] hub 4-1:1.0: USB hub found
[  401.580371] hub 4-1:1.0: 4 ports detected
[  401.581842] usb 4-1: authorized to connect
[  401.864868] usb 4-1.1: new SuperSpeed USB device number 9 using xhci_hcd
[  401.885555] usb 4-1.1: New USB device found, idVendor=8564, idProduct=4000, bcdDevice= 0.04
[  401.885568] usb 4-1.1: New USB device strings: Mfr=3, Product=4, SerialNumber=2
[  401.885572] usb 4-1.1: Product: Transcend
[  401.885575] usb 4-1.1: Manufacturer: TS-RDF5A
[  401.885578] usb 4-1.1: SerialNumber: 000000000004
[  401.885817] usb 4-1.1: Device is not authorized for usage
[  401.887395] usb-storage 4-1.1:1.0: USB Mass Storage device detected
[  401.887774] scsi host2: usb-storage 4-1.1:1.0
[  401.888088] usb 4-1.1: authorized to connect
[  401.961495] usb 4-1.2: new SuperSpeed USB device number 10 using xhci_hcd
[  401.978838] usb 4-1.2: New USB device found, idVendor=0bda, idProduct=8153, bcdDevice=30.00
[  401.978847] usb 4-1.2: New USB device strings: Mfr=1, Product=2, SerialNumber=6
[  401.978850] usb 4-1.2: Product: USB 10/100/1000 LAN
[  401.978851] usb 4-1.2: Manufacturer: Realtek
[  401.978853] usb 4-1.2: SerialNumber: 000001
[  401.979084] usb 4-1.2: Device is not authorized for usage
[  402.284542] usb 3-1.1: new full-speed USB device number 9 using xhci_hcd
[  402.432330] usb 3-1.1: not running at top speed; connect to a high speed hub
[  402.482397] usb 3-1.1: New USB device found, idVendor=25a4, idProduct=9311, bcdDevice= 2.01
[  402.482410] usb 3-1.1: New USB device strings: Mfr=1, Product=2, SerialNumber=3
[  402.482414] usb 3-1.1: Product: USB C Video Adaptor      
[  402.482417] usb 3-1.1: Manufacturer: USB C  
[  402.482420] usb 3-1.1: SerialNumber: 000000000001
[  402.482773] usb 3-1.1: Device is not authorized for usage
[  402.506370] usb 3-1.1: authorized to connect
[  402.893564] scsi 2:0:0:0: Direct-Access     TS-RDF5A Transcend        0004 PQ: 0 ANSI: 6
[  403.132165] sd 2:0:0:0: [sdb] 60456960 512-byte logical blocks: (31.0 GB/28.8 GiB)
[  403.132966] sd 2:0:0:0: [sdb] Write Protect is off
[  403.132971] sd 2:0:0:0: [sdb] Mode Sense: 21 00 00 00
[  403.133785] sd 2:0:0:0: [sdb] Write cache: disabled, read cache: enabled, doesn't support DPO or FUA
[  403.139662]  sdb: sdb1 sdb2
[  403.143547] sd 2:0:0:0: [sdb] Attached SCSI removable disk
[  410.378724] usb 4-1.2: USB disconnect, device number 10
[  412.664647] usb 4-1.2: new SuperSpeed USB device number 11 using xhci_hcd
[  412.682294] usb 4-1.2: New USB device found, idVendor=0bda, idProduct=8151, bcdDevice=30.00
[  412.682308] usb 4-1.2: New USB device strings: Mfr=1, Product=2, SerialNumber=6
[  412.682312] usb 4-1.2: Product: USB 10/100/1000 LAN
[  412.682316] usb 4-1.2: Manufacturer: Realtek
[  412.682318] usb 4-1.2: SerialNumber: 000001
[  412.682699] usb 4-1.2: Device is not authorized for usage
[  412.684956] usb-storage 4-1.2:1.0: USB Mass Storage device detected
[  412.687604] scsi host3: usb-storage 4-1.2:1.0
[  412.687794] usb 4-1.2: authorized to connect
[  413.692137] scsi 3:0:0:0: CD-ROM            Realtek  USB CD-ROM       2.00 PQ: 0 ANSI: 0
[  413.777796] sr 3:0:0:0: [sr0] scsi-1 drive
[  413.777805] cdrom: Uniform CD-ROM driver Revision: 3.20
[  413.780108] sr 3:0:0:0: Attached scsi CD-ROM sr0
[  480.097791] iptables reject: IN=wlp1s0f3u2 OUT= MAC=01:00:5e:00:00:01:00:5f:67:2a:b5:34:08:00 SRC=192.168.0.1 DST=224.0.0.1 LEN=32 TOS=0x0A PREC=0x60 TTL=1 ID=19657 PROTO=2 
[  605.099974] iptables reject: IN=wlp1s0f3u2 OUT= MAC=01:00:5e:00:00:01:00:5f:67:2a:b5:34:08:00 SRC=192.168.0.1 DST=224.0.0.1 LEN=32 TOS=0x0C PREC=0x60 TTL=1 ID=39142 PROTO=2 
[  682.778988] usb 4-1.2: USB disconnect, device number 11
[  685.081650] usb 4-1.2: new SuperSpeed USB device number 12 using xhci_hcd
[  685.098921] usb 4-1.2: New USB device found, idVendor=0bda, idProduct=8153, bcdDevice=30.00
[  685.098934] usb 4-1.2: New USB device strings: Mfr=1, Product=2, SerialNumber=6
[  685.098938] usb 4-1.2: Product: USB 10/100/1000 LAN
[  685.098941] usb 4-1.2: Manufacturer: Realtek
[  685.098944] usb 4-1.2: SerialNumber: 000001
[  685.099283] usb 4-1.2: Device is not authorized for usage
[  695.363408] usb 3-1: USB disconnect, device number 6
[  695.363420] usb 3-1.1: USB disconnect, device number 9
[  695.363923] usb 3-1.2: USB disconnect, device number 7
[  695.363930] usb 3-1.2.3: USB disconnect, device number 8
[  695.390299] usb 4-1: USB disconnect, device number 8
[  695.390311] usb 4-1.1: USB disconnect, device number 9
[  695.438071] usb 4-1.2: USB disconnect, device number 12
[  699.144509] usb 3-1: new high-speed USB device number 10 using xhci_hcd
[  699.286324] usb 3-1: New USB device found, idVendor=1a40, idProduct=0801, bcdDevice= 1.00
[  699.286337] usb 3-1: New USB device strings: Mfr=0, Product=1, SerialNumber=0
[  699.286341] usb 3-1: Product: USB 2.0 Hub
[  699.286658] usb 3-1: Device is not authorized for usage
[  699.339027] hub 3-1:1.0: USB hub found
[  699.339364] hub 3-1:1.0: 4 ports detected
[  699.341503] usb 3-1: authorized to connect
[  699.408114] usb 4-1: new SuperSpeed USB device number 13 using xhci_hcd
[  699.432097] usb 4-1: New USB device found, idVendor=05e3, idProduct=0626, bcdDevice= 6.63
[  699.432112] usb 4-1: New USB device strings: Mfr=1, Product=2, SerialNumber=0
[  699.432116] usb 4-1: Product: USB3.1 Hub
[  699.432119] usb 4-1: Manufacturer: GenesysLogic
[  699.432457] usb 4-1: Device is not authorized for usage
[  699.451574] hub 4-1:1.0: USB hub found
[  699.452413] hub 4-1:1.0: 4 ports detected
[  699.453836] usb 4-1: authorized to connect
[  699.621207] usb 3-1.2: new high-speed USB device number 11 using xhci_hcd
[  699.716982] usb 3-1.2: New USB device found, idVendor=05e3, idProduct=0610, bcdDevice= 6.63
[  699.716997] usb 3-1.2: New USB device strings: Mfr=1, Product=2, SerialNumber=0
[  699.717001] usb 3-1.2: Product: USB2.1 Hub
[  699.717004] usb 3-1.2: Manufacturer: GenesysLogic
[  699.717291] usb 3-1.2: Device is not authorized for usage
[  699.755170] hub 3-1.2:1.0: USB hub found
[  699.755748] hub 3-1.2:1.0: 4 ports detected
[  699.758738] usb 3-1.2: authorized to connect
[  699.785226] usb 4-1.1: new SuperSpeed USB device number 14 using xhci_hcd
[  699.806404] usb 4-1.1: New USB device found, idVendor=8564, idProduct=4000, bcdDevice= 0.04
[  699.806419] usb 4-1.1: New USB device strings: Mfr=3, Product=4, SerialNumber=2
[  699.806423] usb 4-1.1: Product: Transcend
[  699.806426] usb 4-1.1: Manufacturer: TS-RDF5A
[  699.806429] usb 4-1.1: SerialNumber: 000000000004
[  699.807828] usb 4-1.1: Device is not authorized for usage
[  699.894594] usb 4-1.2: new SuperSpeed USB device number 15 using xhci_hcd
[  699.915572] usb 4-1.2: New USB device found, idVendor=0bda, idProduct=8153, bcdDevice=30.00
[  699.915583] usb 4-1.2: New USB device strings: Mfr=1, Product=2, SerialNumber=6
[  699.915587] usb 4-1.2: Product: USB 10/100/1000 LAN
[  699.915589] usb 4-1.2: Manufacturer: Realtek
[  699.915592] usb 4-1.2: SerialNumber: 000001
[  699.915825] usb 4-1.2: Device is not authorized for usage
[  699.958143] usb 4-1: USB disconnect, device number 13
[  699.958154] usb 4-1.1: USB disconnect, device number 14
[  699.958487] usb 4-1.2: USB disconnect, device number 15
[  700.064792] usb 3-1.2.3: new low-speed USB device number 12 using xhci_hcd
[  700.195394] usb 3-1.2.3: New USB device found, idVendor=1bcf, idProduct=0005, bcdDevice= 0.90
[  700.195405] usb 3-1.2.3: New USB device strings: Mfr=0, Product=2, SerialNumber=0
[  700.195409] usb 3-1.2.3: Product: USB Optical Mouse
[  700.195611] usb 3-1.2.3: Device is not authorized for usage
[  700.244220] input: USB Optical Mouse as /devices/pci0000:00/0000:00:08.1/0000:01:00.4/usb3/3-1/3-1.2/3-1.2.3/3-1.2.3:1.0/0003:1BCF:0005.0004/input/input16
[  700.244492] hid-generic 0003:1BCF:0005.0004: input,hidraw1: USB HID v1.10 Mouse [USB Optical Mouse] on usb-0000:01:00.4-1.2.3/input0
[  700.244568] usb 3-1.2.3: authorized to connect
[  700.377987] usb 4-1: new SuperSpeed USB device number 16 using xhci_hcd
[  700.404848] usb 4-1: New USB device found, idVendor=05e3, idProduct=0626, bcdDevice= 6.63
[  700.404856] usb 4-1: New USB device strings: Mfr=1, Product=2, SerialNumber=0
[  700.404859] usb 4-1: Product: USB3.1 Hub
[  700.404860] usb 4-1: Manufacturer: GenesysLogic
[  700.405260] usb 4-1: Device is not authorized for usage
[  700.427902] hub 4-1:1.0: USB hub found
[  700.428805] hub 4-1:1.0: 4 ports detected
[  700.430541] usb 4-1: authorized to connect
[  700.711527] usb 4-1.1: new SuperSpeed USB device number 17 using xhci_hcd
[  700.732087] usb 4-1.1: New USB device found, idVendor=8564, idProduct=4000, bcdDevice= 0.04
[  700.732096] usb 4-1.1: New USB device strings: Mfr=3, Product=4, SerialNumber=2
[  700.732099] usb 4-1.1: Product: Transcend
[  700.732100] usb 4-1.1: Manufacturer: TS-RDF5A
[  700.732102] usb 4-1.1: SerialNumber: 000000000004
[  700.732451] usb 4-1.1: Device is not authorized for usage
[  700.733884] usb-storage 4-1.1:1.0: USB Mass Storage device detected
[  700.734179] scsi host2: usb-storage 4-1.1:1.0
[  700.734382] usb 4-1.1: authorized to connect
[  700.804786] usb 4-1.2: new SuperSpeed USB device number 18 using xhci_hcd
[  700.823003] usb 4-1.2: New USB device found, idVendor=0bda, idProduct=8153, bcdDevice=30.00
[  700.823015] usb 4-1.2: New USB device strings: Mfr=1, Product=2, SerialNumber=6
[  700.823019] usb 4-1.2: Product: USB 10/100/1000 LAN
[  700.823021] usb 4-1.2: Manufacturer: Realtek
[  700.823024] usb 4-1.2: SerialNumber: 000001
[  700.823271] usb 4-1.2: Device is not authorized for usage
[  701.037835] usb 3-1.1: new full-speed USB device number 13 using xhci_hcd
[  701.183577] usb 3-1.1: not running at top speed; connect to a high speed hub
[  701.234411] usb 3-1.1: New USB device found, idVendor=25a4, idProduct=9311, bcdDevice= 2.01
[  701.234423] usb 3-1.1: New USB device strings: Mfr=1, Product=2, SerialNumber=3
[  701.234427] usb 3-1.1: Product: USB C Video Adaptor      
[  701.234430] usb 3-1.1: Manufacturer: USB C  
[  701.234432] usb 3-1.1: SerialNumber: 000000000001
[  701.235192] usb 3-1.1: Device is not authorized for usage
[  701.258553] usb 3-1.1: authorized to connect
[  701.746402] scsi 2:0:0:0: Direct-Access     TS-RDF5A Transcend        0004 PQ: 0 ANSI: 6
[  701.984722] sd 2:0:0:0: [sdb] 60456960 512-byte logical blocks: (31.0 GB/28.8 GiB)
[  701.985553] sd 2:0:0:0: [sdb] Write Protect is off
[  701.985557] sd 2:0:0:0: [sdb] Mode Sense: 21 00 00 00
[  701.986387] sd 2:0:0:0: [sdb] Write cache: disabled, read cache: enabled, doesn't support DPO or FUA
[  701.992396]  sdb: sdb1 sdb2
[  701.995760] sd 2:0:0:0: [sdb] Attached SCSI removable disk
[  709.226784] usb 4-1.2: USB disconnect, device number 18
[  711.518247] usb 4-1.2: new SuperSpeed USB device number 19 using xhci_hcd
[  711.535631] usb 4-1.2: New USB device found, idVendor=0bda, idProduct=8151, bcdDevice=30.00
[  711.535644] usb 4-1.2: New USB device strings: Mfr=1, Product=2, SerialNumber=6
[  711.535649] usb 4-1.2: Product: USB 10/100/1000 LAN
[  711.535652] usb 4-1.2: Manufacturer: Realtek
[  711.535654] usb 4-1.2: SerialNumber: 000001
[  711.535957] usb 4-1.2: Device is not authorized for usage
[  711.537752] usb-storage 4-1.2:1.0: USB Mass Storage device detected
[  711.538704] scsi host3: usb-storage 4-1.2:1.0
[  711.539240] usb 4-1.2: authorized to connect
[  712.545931] scsi 3:0:0:0: CD-ROM            Realtek  USB CD-ROM       2.00 PQ: 0 ANSI: 0
[  712.547370] sr 3:0:0:0: [sr0] scsi-1 drive
[  712.549994] sr 3:0:0:0: Attached scsi CD-ROM sr0
[  722.681237] EXT4-fs (sdb2): recovery complete
[  722.683580] EXT4-fs (sdb2): mounted filesystem with ordered data mode. Opts: errors=remount-ro. Quota mode: none.
[  722.802578] FAT-fs (sdb1): Volume was not properly unmounted. Some data may be corrupt. Please run fsck.
[  730.151802] iptables reject: IN=wlp1s0f3u2 OUT= MAC=01:00:5e:00:00:01:00:5f:67:2a:b5:34:08:00 SRC=192.168.0.1 DST=224.0.0.1 LEN=32 TOS=0x18 PREC=0x40 TTL=1 ID=58371 PROTO=2 
[  732.749850] usb 4-1.2: USB disconnect, device number 19
[  735.048033] usb 4-1.2: new SuperSpeed USB device number 20 using xhci_hcd
[  735.065770] usb 4-1.2: New USB device found, idVendor=0bda, idProduct=8153, bcdDevice=30.00
[  735.065784] usb 4-1.2: New USB device strings: Mfr=1, Product=2, SerialNumber=6
[  735.065788] usb 4-1.2: Product: USB 10/100/1000 LAN
[  735.065791] usb 4-1.2: Manufacturer: Realtek
[  735.065794] usb 4-1.2: SerialNumber: 000001
[  735.066094] usb 4-1.2: Device is not authorized for usage
[  750.700090] usbcore: deregistering interface driver r8152
[  758.275056] usbcore: registered new interface driver r8152
[  758.283238] usbcore: registered new interface driver r8153_ecm
[  777.039707] usbcore: deregistering interface driver r8153_ecm
[  855.103875] iptables reject: IN=wlp1s0f3u2 OUT= MAC=01:00:5e:00:00:01:00:5f:67:2a:b5:34:08:00 SRC=192.168.0.1 DST=224.0.0.1 LEN=32 TOS=0x0E PREC=0x60 TTL=1 ID=12321 PROTO=2 
[  906.654207] atkbd serio0: Unknown key pressed (translated set 2, code 0xf6 on isa0060/serio0).
[  906.654220] atkbd serio0: Use 'setkeycodes e076 <keycode>' to make it known.
[  907.089514] atkbd serio0: Unknown key released (translated set 2, code 0xf6 on isa0060/serio0).
[  907.089529] atkbd serio0: Use 'setkeycodes e076 <keycode>' to make it known.
[  910.237834] atkbd serio0: Unknown key pressed (translated set 2, code 0xf6 on isa0060/serio0).
[  910.237849] atkbd serio0: Use 'setkeycodes e076 <keycode>' to make it known.
[  910.537790] atkbd serio0: Unknown key released (translated set 2, code 0xf6 on isa0060/serio0).
[  910.537805] atkbd serio0: Use 'setkeycodes e076 <keycode>' to make it known.
[  924.075332] usb 4-1.2: authorized to connect
[  924.202930] usb 4-1.2: reset SuperSpeed USB device number 20 using xhci_hcd
[  924.290050] r8152 4-1.2:1.0 eth0: v2.15.0 (2021/04/15)
[  924.290062] r8152 4-1.2:1.0 eth0: This product is covered by one or more of the following patents:
               		US6,570,884, US6,115,776, and US6,327,625.

[  924.300638] usbcore: registered new interface driver r8153_ecm
[  924.327762] r8152 4-1.2:1.0 enp1s0f4u1u2: renamed from eth0
[  927.547482] IPv6: ADDRCONF(NETDEV_CHANGE): enp1s0f4u1u2: link becomes ready
[  927.548865] r8152 4-1.2:1.0 enp1s0f4u1u2: carrier on
[  927.622382] iptables reject: IN=wlp1s0f3u2 OUT= MAC=ff:ff:ff:ff:ff:ff:2a:f3:57:a3:7d:80:08:00 SRC=0.0.0.0 DST=255.255.255.255 LEN=328 TOS=0x00 PREC=0xC0 TTL=64 ID=0 DF PROTO=UDP SPT=68 DPT=67 LEN=308 
[  927.628487] iptables reject: IN=wlp1s0f3u2 OUT= MAC=ff:ff:ff:ff:ff:ff:00:5f:67:2a:b5:34:08:00 SRC=192.168.0.1 DST=255.255.255.255 LEN=576 TOS=0x00 PREC=0x00 TTL=64 ID=180 DF PROTO=UDP SPT=67 DPT=68 LEN=556 
[  927.631820] iptables reject: IN=wlp1s0f3u2 OUT= MAC=ff:ff:ff:ff:ff:ff:2a:f3:57:a3:7d:80:08:00 SRC=0.0.0.0 DST=255.255.255.255 LEN=328 TOS=0x00 PREC=0xC0 TTL=64 ID=0 DF PROTO=UDP SPT=68 DPT=67 LEN=308 
[  940.104175] usb 1-2: USB disconnect, device number 2
[  949.107601] iptables reject: IN=enp1s0f4u1u2 OUT= MAC= SRC=192.168.0.104 DST=224.0.0.251 LEN=68 TOS=0x00 PREC=0x00 TTL=1 ID=39970 DF PROTO=UDP SPT=5353 DPT=5353 LEN=48 
[  949.108461] iptables reject: IN=enp1s0f4u1u2 OUT= MAC= SRC=192.168.0.104 DST=224.0.0.251 LEN=68 TOS=0x00 PREC=0x00 TTL=1 ID=39971 DF PROTO=UDP SPT=5353 DPT=5353 LEN=48 
[  950.105062] iptables reject: IN=enp1s0f4u1u2 OUT= MAC= SRC=192.168.0.104 DST=224.0.0.251 LEN=68 TOS=0x00 PREC=0x00 TTL=1 ID=40160 DF PROTO=UDP SPT=5353 DPT=5353 LEN=48 
