[    0.000000] Linux version 5.17.1-arch1-1 (linux@archlinux) (gcc (GCC) 11.2.0, GNU ld (GNU Binutils) 2.38) #1 SMP PREEMPT Mon, 28 Mar 2022 20:55:33 +0000
[    0.000000] Command line: BOOT_IMAGE=/boot/vmlinuz-linux root=UUID=86d11402-ffc7-4a95-a499-34a078ef1758 rw resume=UUID=f632905f-a4c6-4207-b787-badfa387bbf1 loglevel=3 audit=1 lsm=landlock,lockdown,yama,apparmor,bpf l1tf=full,force mds=full,nosmt mitigations=auto,nosmt nosmt=force pcie_aspm=force init_on_alloc=1 init_on_free=1 randomize_kstack_offset=on slab_nomerge pti=on slub_debug=ZF slub_debug=P page_poison=1 mem_encrypt=on vsyscall=none amd_iommu=force_isolation amdgpu.gpu_recovery=0 amdgpu.virtual_display=0000:01:00.0:virtual_display:0 amdgpu.audio=0 fsck.mode=force fsck.repair=yes efi=disable_early_pci_dma trace_clock=local tsc=unstable ahci sd=ahci acpi=on "acpi_osi=Windows 2019" acpi_sci=hight libata.ignore_hpa=1 lapic pnpbios=off libata.dma=0 "acpi_os_name=Klimenko Maxim Sergievich, GNU/Linux, all others fuck off" spectre_v2_user=seccomp,ibpb i8042.nopnp pci=assign-busses pci.nobios=1
[    0.000000] x86/fpu: Supporting XSAVE feature 0x001: 'x87 floating point registers'
[    0.000000] x86/fpu: Supporting XSAVE feature 0x002: 'SSE registers'
[    0.000000] x86/fpu: Supporting XSAVE feature 0x004: 'AVX registers'
[    0.000000] x86/fpu: xstate_offset[2]:  576, xstate_sizes[2]:  256
[    0.000000] x86/fpu: Enabled xstate features 0x7, context size is 832 bytes, using 'compacted' format.
[    0.000000] signal: max sigframe size: 1776
[    0.000000] BIOS-provided physical RAM map:
[    0.000000] BIOS-e820: [mem 0x0000000000000000-0x000000000009efff] usable
[    0.000000] BIOS-e820: [mem 0x000000000009f000-0x00000000000bffff] reserved
[    0.000000] BIOS-e820: [mem 0x0000000000100000-0x0000000009afffff] usable
[    0.000000] BIOS-e820: [mem 0x0000000009b00000-0x0000000009dfffff] reserved
[    0.000000] BIOS-e820: [mem 0x0000000009e00000-0x0000000009efffff] usable
[    0.000000] BIOS-e820: [mem 0x0000000009f00000-0x0000000009f0ffff] ACPI NVS
[    0.000000] BIOS-e820: [mem 0x0000000009f10000-0x00000000bab68fff] usable
[    0.000000] BIOS-e820: [mem 0x00000000bab69000-0x00000000bbd68fff] reserved
[    0.000000] BIOS-e820: [mem 0x00000000bbd69000-0x00000000c9f7efff] usable
[    0.000000] BIOS-e820: [mem 0x00000000c9f7f000-0x00000000caf7efff] type 20
[    0.000000] BIOS-e820: [mem 0x00000000caf7f000-0x00000000ccf7efff] reserved
[    0.000000] BIOS-e820: [mem 0x00000000ccf7f000-0x00000000cdf7efff] ACPI NVS
[    0.000000] BIOS-e820: [mem 0x00000000cdf7f000-0x00000000cdffefff] ACPI data
[    0.000000] BIOS-e820: [mem 0x00000000cdfff000-0x00000000cdffffff] usable
[    0.000000] BIOS-e820: [mem 0x00000000ce000000-0x00000000ceffffff] reserved
[    0.000000] BIOS-e820: [mem 0x00000000f8000000-0x00000000fbffffff] reserved
[    0.000000] BIOS-e820: [mem 0x00000000fde00000-0x00000000fdefffff] reserved
[    0.000000] BIOS-e820: [mem 0x00000000fec00000-0x00000000fec00fff] reserved
[    0.000000] BIOS-e820: [mem 0x00000000fec10000-0x00000000fec10fff] reserved
[    0.000000] BIOS-e820: [mem 0x00000000fec20000-0x00000000fec20fff] reserved
[    0.000000] BIOS-e820: [mem 0x00000000fed80000-0x00000000fed80fff] reserved
[    0.000000] BIOS-e820: [mem 0x00000000fee00000-0x00000000fee00fff] reserved
[    0.000000] BIOS-e820: [mem 0x00000000ff000000-0x00000000fff2ffff] reserved
[    0.000000] BIOS-e820: [mem 0x0000000100000000-0x000000040f33ffff] usable
[    0.000000] BIOS-e820: [mem 0x000000040f340000-0x000000042fffffff] reserved
[    0.000000] SMT: Force disabled
[    0.000000] Malformed early option 'acpi'
[    0.000000] Malformed early option 'acpi_sci'
[    0.000000] NX (Execute Disable) protection: active
[    0.000000] efi: EFI v2.70 by INSYDE Corp.
[    0.000000] efi: ACPI=0xcdffe000 ACPI 2.0=0xcdffe014 TPMFinalLog=0xcdf2c000 SMBIOS=0xcb70c000 SMBIOS 3.0=0xcb70a000 ESRT=0xcb70d418 
[    0.000000] SMBIOS 3.2.0 present.
[    0.000000] DMI: TIMI RedmiBook 14 II/TM1951, BIOS RMARN4B0P0909 08/19/2020
[    0.000000] tsc: Fast TSC calibration using PIT
[    0.000000] tsc: Detected 2370.476 MHz processor
[    0.000545] e820: update [mem 0x00000000-0x00000fff] usable ==> reserved
[    0.000547] e820: remove [mem 0x000a0000-0x000fffff] usable
[    0.000552] last_pfn = 0x40f340 max_arch_pfn = 0x400000000
[    0.000728] x86/PAT: Configuration [0-7]: WB  WC  UC- UC  WB  WP  UC- WT  
[    0.000952] last_pfn = 0xce000 max_arch_pfn = 0x400000000
[    0.010413] esrt: Reserving ESRT space from 0x00000000cb70d418 to 0x00000000cb70d450.
[    0.010422] Kernel/User page tables isolation: force enabled on command line.
[    0.010423] Using GB pages for direct mapping
[    0.011005] Secure boot disabled
[    0.011005] RAMDISK: [mem 0x36a19000-0x37503fff]
[    0.011010] ACPI: Early table checksum verification disabled
[    0.011014] ACPI: RSDP 0x00000000CDFFE014 000024 (v02 XMCC  )
[    0.011017] ACPI: XSDT 0x00000000CDFCD188 000134 (v01 XMCC   XMCC1951 00000002      01000013)
[    0.011022] ACPI: FACP 0x00000000CDFEC000 00010C (v05 XMCC   XMCC1951 00000002      01000013)
[    0.011026] ACPI: DSDT 0x00000000CDFDF000 006545 (v01 XMCC   XMCC1951 00000002      01000013)
[    0.011028] ACPI: FACS 0x00000000CDF29000 000040
[    0.011030] ACPI: UEFI 0x00000000CDF7E000 000236 (v01 INSYDE H2O BIOS 00000001 ACPI 00040000)
[    0.011032] ACPI: SSDT 0x00000000CDFF5000 007216 (v02 AMD    AmdTable 00000002 MSFT 04000000)
[    0.011035] ACPI: IVRS 0x00000000CDFF4000 0001A4 (v02 AMD    AmdTable 00000001 AMD  00000000)
[    0.011037] ACPI: SSDT 0x00000000CDFF3000 000228 (v01 AMD    STD3     00000001 INTL 20130117)
[    0.011039] ACPI: SSDT 0x00000000CDFF2000 000D61 (v01 XMCC   XMCC1806 00003000 INTL 20130117)
[    0.011041] ACPI: SSDT 0x00000000CDFF1000 00046D (v01 Insyde TPMACPI  00001000 INTL 20130117)
[    0.011043] ACPI: TPM2 0x00000000CDFF0000 000034 (v04 XMCC   XMCC1951 00000002      01000013)
[    0.011046] ACPI: MSDM 0x00000000CDFEF000 000055 (v03 INSYDE H2O BIOS 00000001 ACPI 00040000)
[    0.011048] ACPI: ASF! 0x00000000CDFEE000 0000A5 (v32 XMCC   XMCC1951 00000002      01000013)
[    0.011050] ACPI: BOOT 0x00000000CDFED000 000028 (v01 XMCC   XMCC1951 00000002      01000013)
[    0.011052] ACPI: HPET 0x00000000CDFEB000 000038 (v01 XMCC   XMCC1951 00000002      01000013)
[    0.011054] ACPI: APIC 0x00000000CDFEA000 000138 (v03 XMCC   XMCC1951 00000002      01000013)
[    0.011056] ACPI: MCFG 0x00000000CDFE9000 00003C (v01 XMCC   XMCC1951 00000002      01000013)
[    0.011058] ACPI: SLIC 0x00000000CDFE8000 000176 (v01 XMCC   XMCC1951 00000002      01000013)
[    0.011060] ACPI: SSDT 0x00000000CDFDE000 000080 (v01 XMCC   XMCC1951 00000002      01000013)
[    0.011062] ACPI: VFCT 0x00000000CDFD0000 00D484 (v01 XMCC   XMCC1951 00000001 AMD  31504F47)
[    0.011065] ACPI: SSDT 0x00000000CDFCE000 001500 (v01 AMD    AmdTable 00000001 AMD  00000001)
[    0.011067] ACPI: CRAT 0x00000000CDFFD000 000BA8 (v01 AMD    AmdTable 00000001 AMD  00000001)
[    0.011069] ACPI: CDIT 0x00000000CDFCC000 000029 (v01 AMD    AmdTable 00000001 AMD  00000001)
[    0.011071] ACPI: SSDT 0x00000000CDFCB000 0000F8 (v01 XMCC   PcdTabl  00001000 INTL 20130117)
[    0.011073] ACPI: SSDT 0x00000000CDFCA000 00028D (v01 AMD    AmdTable 00000001 INTL 20130117)
[    0.011075] ACPI: SSDT 0x00000000CDFC9000 000C78 (v01 AMD    AmdTable 00000001 INTL 20130117)
[    0.011077] ACPI: SSDT 0x00000000CDFC7000 0010A5 (v01 AMD    AmdTable 00000001 INTL 20130117)
[    0.011079] ACPI: SSDT 0x00000000CDFC3000 0030C8 (v01 AMD    AmdTable 00000001 INTL 20130117)
[    0.011082] ACPI: FPDT 0x00000000CDFC2000 000044 (v01 XMCC   XMCC1951 00000002      01000013)
[    0.011084] ACPI: WSMT 0x00000000CDFC0000 000028 (v01 INSYDE H2O BIOS 00000001 ACPI 00040000)
[    0.011086] ACPI: SSDT 0x00000000CDFE7000 00020A (v01 AMD    AmdTable 00000001 INTL 20130117)
[    0.011088] ACPI: SSDT 0x00000000CDFE6000 0005A1 (v01 AMD    AmdTable 00000001 INTL 20130117)
[    0.011090] ACPI: SSDT 0x00000000CDFBF000 000343 (v01 AMD    AmdTable 00000001 INTL 20130117)
[    0.011092] ACPI: SSDT 0x00000000CDFBE000 00007D (v01 AMD    AmdTable 00000001 INTL 20130117)
[    0.011094] ACPI: SSDT 0x00000000CDFBD000 000822 (v01 AMD    AmdTable 00000001 INTL 20130117)
[    0.011096] ACPI: SSDT 0x00000000CDFBC000 000517 (v01 AMD    AmdTable 00000001 INTL 20130117)
[    0.011098] ACPI: BGRT 0x00000000CDFC1000 000038 (v01 INSYDE H2O BIOS 00000001 ACPI 00040000)
[    0.011100] ACPI: Reserving FACP table memory at [mem 0xcdfec000-0xcdfec10b]
[    0.011101] ACPI: Reserving DSDT table memory at [mem 0xcdfdf000-0xcdfe5544]
[    0.011102] ACPI: Reserving FACS table memory at [mem 0xcdf29000-0xcdf2903f]
[    0.011103] ACPI: Reserving UEFI table memory at [mem 0xcdf7e000-0xcdf7e235]
[    0.011103] ACPI: Reserving SSDT table memory at [mem 0xcdff5000-0xcdffc215]
[    0.011104] ACPI: Reserving IVRS table memory at [mem 0xcdff4000-0xcdff41a3]
[    0.011105] ACPI: Reserving SSDT table memory at [mem 0xcdff3000-0xcdff3227]
[    0.011105] ACPI: Reserving SSDT table memory at [mem 0xcdff2000-0xcdff2d60]
[    0.011106] ACPI: Reserving SSDT table memory at [mem 0xcdff1000-0xcdff146c]
[    0.011107] ACPI: Reserving TPM2 table memory at [mem 0xcdff0000-0xcdff0033]
[    0.011107] ACPI: Reserving MSDM table memory at [mem 0xcdfef000-0xcdfef054]
[    0.011108] ACPI: Reserving ASF! table memory at [mem 0xcdfee000-0xcdfee0a4]
[    0.011109] ACPI: Reserving BOOT table memory at [mem 0xcdfed000-0xcdfed027]
[    0.011109] ACPI: Reserving HPET table memory at [mem 0xcdfeb000-0xcdfeb037]
[    0.011110] ACPI: Reserving APIC table memory at [mem 0xcdfea000-0xcdfea137]
[    0.011111] ACPI: Reserving MCFG table memory at [mem 0xcdfe9000-0xcdfe903b]
[    0.011111] ACPI: Reserving SLIC table memory at [mem 0xcdfe8000-0xcdfe8175]
[    0.011112] ACPI: Reserving SSDT table memory at [mem 0xcdfde000-0xcdfde07f]
[    0.011113] ACPI: Reserving VFCT table memory at [mem 0xcdfd0000-0xcdfdd483]
[    0.011113] ACPI: Reserving SSDT table memory at [mem 0xcdfce000-0xcdfcf4ff]
[    0.011114] ACPI: Reserving CRAT table memory at [mem 0xcdffd000-0xcdffdba7]
[    0.011115] ACPI: Reserving CDIT table memory at [mem 0xcdfcc000-0xcdfcc028]
[    0.011116] ACPI: Reserving SSDT table memory at [mem 0xcdfcb000-0xcdfcb0f7]
[    0.011116] ACPI: Reserving SSDT table memory at [mem 0xcdfca000-0xcdfca28c]
[    0.011117] ACPI: Reserving SSDT table memory at [mem 0xcdfc9000-0xcdfc9c77]
[    0.011118] ACPI: Reserving SSDT table memory at [mem 0xcdfc7000-0xcdfc80a4]
[    0.011118] ACPI: Reserving SSDT table memory at [mem 0xcdfc3000-0xcdfc60c7]
[    0.011119] ACPI: Reserving FPDT table memory at [mem 0xcdfc2000-0xcdfc2043]
[    0.011120] ACPI: Reserving WSMT table memory at [mem 0xcdfc0000-0xcdfc0027]
[    0.011120] ACPI: Reserving SSDT table memory at [mem 0xcdfe7000-0xcdfe7209]
[    0.011121] ACPI: Reserving SSDT table memory at [mem 0xcdfe6000-0xcdfe65a0]
[    0.011122] ACPI: Reserving SSDT table memory at [mem 0xcdfbf000-0xcdfbf342]
[    0.011123] ACPI: Reserving SSDT table memory at [mem 0xcdfbe000-0xcdfbe07c]
[    0.011123] ACPI: Reserving SSDT table memory at [mem 0xcdfbd000-0xcdfbd821]
[    0.011124] ACPI: Reserving SSDT table memory at [mem 0xcdfbc000-0xcdfbc516]
[    0.011125] ACPI: Reserving BGRT table memory at [mem 0xcdfc1000-0xcdfc1037]
[    0.011177] No NUMA configuration found
[    0.011178] Faking a node at [mem 0x0000000000000000-0x000000040f33ffff]
[    0.011181] NODE_DATA(0) allocated [mem 0x40f33c000-0x40f33ffff]
[    0.011211] Zone ranges:
[    0.011212]   DMA      [mem 0x0000000000001000-0x0000000000ffffff]
[    0.011213]   DMA32    [mem 0x0000000001000000-0x00000000ffffffff]
[    0.011214]   Normal   [mem 0x0000000100000000-0x000000040f33ffff]
[    0.011215]   Device   empty
[    0.011216] Movable zone start for each node
[    0.011217] Early memory node ranges
[    0.011217]   node   0: [mem 0x0000000000001000-0x000000000009efff]
[    0.011218]   node   0: [mem 0x0000000000100000-0x0000000009afffff]
[    0.011219]   node   0: [mem 0x0000000009e00000-0x0000000009efffff]
[    0.011220]   node   0: [mem 0x0000000009f10000-0x00000000bab68fff]
[    0.011220]   node   0: [mem 0x00000000bbd69000-0x00000000c9f7efff]
[    0.011221]   node   0: [mem 0x00000000cdfff000-0x00000000cdffffff]
[    0.011222]   node   0: [mem 0x0000000100000000-0x000000040f33ffff]
[    0.011224] Initmem setup node 0 [mem 0x0000000000001000-0x000000040f33ffff]
[    0.011227] On node 0, zone DMA: 1 pages in unavailable ranges
[    0.011244] On node 0, zone DMA: 97 pages in unavailable ranges
[    0.011395] On node 0, zone DMA32: 768 pages in unavailable ranges
[    0.016573] On node 0, zone DMA32: 16 pages in unavailable ranges
[    0.017043] On node 0, zone DMA32: 4608 pages in unavailable ranges
[    0.017176] On node 0, zone DMA32: 16512 pages in unavailable ranges
[    0.040955] On node 0, zone Normal: 8192 pages in unavailable ranges
[    0.040985] On node 0, zone Normal: 3264 pages in unavailable ranges
[    0.041135] ACPI: PM-Timer IO Port: 0x408
[    0.041141] ACPI: LAPIC_NMI (acpi_id[0x00] high edge lint[0x1])
[    0.041143] ACPI: LAPIC_NMI (acpi_id[0x01] high edge lint[0x1])
[    0.041143] ACPI: LAPIC_NMI (acpi_id[0x02] high edge lint[0x1])
[    0.041144] ACPI: LAPIC_NMI (acpi_id[0x03] high edge lint[0x1])
[    0.041144] ACPI: LAPIC_NMI (acpi_id[0x04] high edge lint[0x1])
[    0.041145] ACPI: LAPIC_NMI (acpi_id[0x05] high edge lint[0x1])
[    0.041145] ACPI: LAPIC_NMI (acpi_id[0x06] high edge lint[0x1])
[    0.041146] ACPI: LAPIC_NMI (acpi_id[0x07] high edge lint[0x1])
[    0.041147] ACPI: LAPIC_NMI (acpi_id[0x08] high edge lint[0x1])
[    0.041147] ACPI: LAPIC_NMI (acpi_id[0x09] high edge lint[0x1])
[    0.041148] ACPI: LAPIC_NMI (acpi_id[0x0a] high edge lint[0x1])
[    0.041148] ACPI: LAPIC_NMI (acpi_id[0x0b] high edge lint[0x1])
[    0.041149] ACPI: LAPIC_NMI (acpi_id[0x0c] high edge lint[0x1])
[    0.041149] ACPI: LAPIC_NMI (acpi_id[0x0d] high edge lint[0x1])
[    0.041150] ACPI: LAPIC_NMI (acpi_id[0x0e] high edge lint[0x1])
[    0.041150] ACPI: LAPIC_NMI (acpi_id[0x0f] high edge lint[0x1])
[    0.041163] IOAPIC[0]: apic_id 33, version 33, address 0xfec00000, GSI 0-23
[    0.041168] IOAPIC[1]: apic_id 34, version 33, address 0xfec01000, GSI 24-55
[    0.041170] ACPI: INT_SRC_OVR (bus 0 bus_irq 0 global_irq 2 dfl dfl)
[    0.041171] ACPI: INT_SRC_OVR (bus 0 bus_irq 9 global_irq 9 low level)
[    0.041174] ACPI: Using ACPI (MADT) for SMP configuration information
[    0.041175] ACPI: HPET id: 0x10228210 base: 0xfed00000
[    0.041184] e820: update [mem 0xb364d000-0xb3652fff] usable ==> reserved
[    0.041193] smpboot: Allowing 16 CPUs, 10 hotplug CPUs
[    0.041217] PM: hibernation: Registered nosave memory: [mem 0x00000000-0x00000fff]
[    0.041219] PM: hibernation: Registered nosave memory: [mem 0x0009f000-0x000bffff]
[    0.041219] PM: hibernation: Registered nosave memory: [mem 0x000c0000-0x000fffff]
[    0.041221] PM: hibernation: Registered nosave memory: [mem 0x09b00000-0x09dfffff]
[    0.041222] PM: hibernation: Registered nosave memory: [mem 0x09f00000-0x09f0ffff]
[    0.041224] PM: hibernation: Registered nosave memory: [mem 0xb364d000-0xb3652fff]
[    0.041225] PM: hibernation: Registered nosave memory: [mem 0xbab69000-0xbbd68fff]
[    0.041227] PM: hibernation: Registered nosave memory: [mem 0xc9f7f000-0xcaf7efff]
[    0.041227] PM: hibernation: Registered nosave memory: [mem 0xcaf7f000-0xccf7efff]
[    0.041228] PM: hibernation: Registered nosave memory: [mem 0xccf7f000-0xcdf7efff]
[    0.041228] PM: hibernation: Registered nosave memory: [mem 0xcdf7f000-0xcdffefff]
[    0.041230] PM: hibernation: Registered nosave memory: [mem 0xce000000-0xceffffff]
[    0.041230] PM: hibernation: Registered nosave memory: [mem 0xcf000000-0xf7ffffff]
[    0.041231] PM: hibernation: Registered nosave memory: [mem 0xf8000000-0xfbffffff]
[    0.041231] PM: hibernation: Registered nosave memory: [mem 0xfc000000-0xfddfffff]
[    0.041232] PM: hibernation: Registered nosave memory: [mem 0xfde00000-0xfdefffff]
[    0.041232] PM: hibernation: Registered nosave memory: [mem 0xfdf00000-0xfebfffff]
[    0.041233] PM: hibernation: Registered nosave memory: [mem 0xfec00000-0xfec00fff]
[    0.041233] PM: hibernation: Registered nosave memory: [mem 0xfec01000-0xfec0ffff]
[    0.041234] PM: hibernation: Registered nosave memory: [mem 0xfec10000-0xfec10fff]
[    0.041234] PM: hibernation: Registered nosave memory: [mem 0xfec11000-0xfec1ffff]
[    0.041235] PM: hibernation: Registered nosave memory: [mem 0xfec20000-0xfec20fff]
[    0.041235] PM: hibernation: Registered nosave memory: [mem 0xfec21000-0xfed7ffff]
[    0.041236] PM: hibernation: Registered nosave memory: [mem 0xfed80000-0xfed80fff]
[    0.041236] PM: hibernation: Registered nosave memory: [mem 0xfed81000-0xfedfffff]
[    0.041237] PM: hibernation: Registered nosave memory: [mem 0xfee00000-0xfee00fff]
[    0.041237] PM: hibernation: Registered nosave memory: [mem 0xfee01000-0xfeffffff]
[    0.041238] PM: hibernation: Registered nosave memory: [mem 0xff000000-0xfff2ffff]
[    0.041238] PM: hibernation: Registered nosave memory: [mem 0xfff30000-0xffffffff]
[    0.041240] [mem 0xcf000000-0xf7ffffff] available for PCI devices
[    0.041241] Booting paravirtualized kernel on bare hardware
[    0.041243] clocksource: refined-jiffies: mask: 0xffffffff max_cycles: 0xffffffff, max_idle_ns: 6370452778343963 ns
[    0.044892] setup_percpu: NR_CPUS:320 nr_cpumask_bits:320 nr_cpu_ids:16 nr_node_ids:1
[    0.045508] percpu: Embedded 62 pages/cpu s217088 r8192 d28672 u262144
[    0.045517] pcpu-alloc: s217088 r8192 d28672 u262144 alloc=1*2097152
[    0.045519] pcpu-alloc: [0] 00 01 02 03 04 05 06 07 [0] 08 09 10 11 12 13 14 15 
[    0.045544] Fallback order for Node 0: 0 
[    0.045548] Built 1 zonelists, mobility grouping on.  Total pages: 3966649
[    0.045549] Policy zone: Normal
[    0.045550] Kernel command line: BOOT_IMAGE=/boot/vmlinuz-linux root=UUID=86d11402-ffc7-4a95-a499-34a078ef1758 rw resume=UUID=f632905f-a4c6-4207-b787-badfa387bbf1 loglevel=3 audit=1 lsm=landlock,lockdown,yama,apparmor,bpf l1tf=full,force mds=full,nosmt mitigations=auto,nosmt nosmt=force pcie_aspm=force init_on_alloc=1 init_on_free=1 randomize_kstack_offset=on slab_nomerge pti=on slub_debug=ZF slub_debug=P page_poison=1 mem_encrypt=on vsyscall=none amd_iommu=force_isolation amdgpu.gpu_recovery=0 amdgpu.virtual_display=0000:01:00.0:virtual_display:0 amdgpu.audio=0 fsck.mode=force fsck.repair=yes efi=disable_early_pci_dma trace_clock=local tsc=unstable ahci sd=ahci acpi=on "acpi_osi=Windows 2019" acpi_sci=hight libata.ignore_hpa=1 lapic pnpbios=off libata.dma=0 "acpi_os_name=Klimenko Maxim Sergievich, GNU/Linux, all others fuck off" spectre_v2_user=seccomp,ibpb i8042.nopnp pci=assign-busses pci.nobios=1
[    0.045598] audit: enabled (after initialization)
[    0.045638] PCIe ASPM is forcibly enabled
[    0.045696] mem auto-init: SLAB_POISON will take precedence over init_on_alloc/init_on_free
[    0.045780] tsc: Marking TSC unstable due to boot parameter
[    0.045872] Unknown kernel command line parameters "ahci BOOT_IMAGE=/boot/vmlinuz-linux pti=on mem_encrypt=on sd=ahci pnpbios=off spectre_v2_user=seccomp,ibpb", will be passed to user space.
[    0.047713] Dentry cache hash table entries: 2097152 (order: 12, 16777216 bytes, linear)
[    0.048631] Inode-cache hash table entries: 1048576 (order: 11, 8388608 bytes, linear)
[    0.048687] mem auto-init: CONFIG_PAGE_POISONING is on, will take precedence over init_on_alloc and init_on_free
[    0.048922] mem auto-init: stack:byref_all(zero), heap alloc:off, heap free:off
[    1.654842] Memory: 15557608K/16119096K available (14343K kernel code, 2107K rwdata, 11020K rodata, 1792K init, 3812K bss, 561228K reserved, 0K cma-reserved)
[    1.654849] **********************************************************
[    1.654849] **   NOTICE NOTICE NOTICE NOTICE NOTICE NOTICE NOTICE   **
[    1.654849] **                                                      **
[    1.654850] ** This system shows unhashed kernel memory addresses   **
[    1.654850] ** via the console, logs, and other interfaces. This    **
[    1.654851] ** might reduce the security of your system.            **
[    1.654851] **                                                      **
[    1.654851] ** If you see this message and you are not debugging    **
[    1.654852] ** the kernel, report this immediately to your system   **
[    1.654852] ** administrator!                                       **
[    1.654852] **                                                      **
[    1.654853] **   NOTICE NOTICE NOTICE NOTICE NOTICE NOTICE NOTICE   **
[    1.654853] **********************************************************
[    1.654856] random: get_random_u64 called from __kmem_cache_create+0x2a/0x550 with crng_init=0
[    1.654985] SLUB: HWalign=64, Order=0-3, MinObjects=0, CPUs=16, Nodes=1
[    1.654998] Kernel/User page tables isolation: enabled
[    1.655019] ftrace: allocating 45176 entries in 177 pages
[    1.661140] ftrace: allocated 177 pages with 4 groups
[    1.661237] Dynamic Preempt: full
[    1.661280] rcu: Preemptible hierarchical RCU implementation.
[    1.661280] rcu: 	RCU restricting CPUs from NR_CPUS=320 to nr_cpu_ids=16.
[    1.661281] rcu: 	RCU priority boosting: priority 1 delay 500 ms.
[    1.661282] 	Trampoline variant of Tasks RCU enabled.
[    1.661282] 	Rude variant of Tasks RCU enabled.
[    1.661283] 	Tracing variant of Tasks RCU enabled.
[    1.661283] rcu: RCU calculated value of scheduler-enlistment delay is 30 jiffies.
[    1.661284] rcu: Adjusting geometry for rcu_fanout_leaf=16, nr_cpu_ids=16
[    1.664670] NR_IRQS: 20736, nr_irqs: 1096, preallocated irqs: 16
[    1.664921] kfence: initialized - using 2097152 bytes for 255 objects at 0xffff9cb2fdc00000-0xffff9cb2fde00000
[    1.665042] random: crng init done (trusting CPU's manufacturer)
[    1.665075] Console: colour dummy device 80x25
[    1.665088] printk: console [tty0] enabled
[    1.665107] ACPI: Core revision 20211217
[    1.665293] ACPI: OSL: Overriding _OS definition to 'Klimenko Maxim Sergievich'
[    1.665321] clocksource: hpet: mask: 0xffffffff max_cycles: 0xffffffff, max_idle_ns: 133484873504 ns
[    1.665340] APIC: Switch to symmetric I/O mode setup
[    1.666195] AMD-Vi: ivrs, add hid:AMDI0020, uid:\_SB.FUR0, rdevid:160
[    1.666197] AMD-Vi: ivrs, add hid:AMDI0020, uid:\_SB.FUR1, rdevid:160
[    1.666198] AMD-Vi: ivrs, add hid:AMDI0020, uid:\_SB.FUR2, rdevid:160
[    1.666198] AMD-Vi: ivrs, add hid:AMDI0020, uid:\_SB.FUR3, rdevid:160
[    1.666495] Switched APIC routing to physical flat.
[    1.667254] ..TIMER: vector=0x30 apic1=0 pin1=2 apic2=-1 pin2=-1
[    1.682018] Calibrating delay loop (skipped), value calculated using timer frequency.. 4742.49 BogoMIPS (lpj=7901586)
[    1.682021] pid_max: default: 32768 minimum: 301
[    1.703483] LSM: Security Framework initializing
[    1.703499] landlock: Up and running.
[    1.703500] Yama: becoming mindful.
[    1.703532] AppArmor: AppArmor initialized
[    1.703535] LSM support for eBPF active
[    1.703570] Mount-cache hash table entries: 32768 (order: 6, 262144 bytes, linear)
[    1.703598] Mountpoint-cache hash table entries: 32768 (order: 6, 262144 bytes, linear)
[    1.703828] x86/cpu: User Mode Instruction Prevention (UMIP) activated
[    1.703865] LVT offset 1 assigned for vector 0xf9
[    1.703925] LVT offset 2 assigned for vector 0xf4
[    1.703941] Last level iTLB entries: 4KB 1024, 2MB 1024, 4MB 512
[    1.703942] Last level dTLB entries: 4KB 2048, 2MB 2048, 4MB 1024, 1GB 0
[    1.703946] Spectre V1 : Mitigation: usercopy/swapgs barriers and __user pointer sanitization
[    1.703949] Spectre V2 : Mitigation: Retpolines
[    1.703950] Spectre V2 : Spectre v2 / SpectreRSB mitigation: Filling RSB on context switch
[    1.703950] Spectre V2 : Enabling Restricted Speculation for firmware calls
[    1.703952] Spectre V2 : spectre_v2_user=seccomp,ibpb forced on command line.
[    1.703953] Spectre V2 : mitigation: Enabling always-on Indirect Branch Prediction Barrier
[    1.703956] Speculative Store Bypass: Mitigation: Speculative Store Bypass disabled via prctl
[    1.705937] Freeing SMP alternatives memory: 36K
[    1.815966] smpboot: CPU0: AMD Ryzen 5 4500U with Radeon Graphics (family: 0x17, model: 0x60, stepping: 0x1)
[    1.816147] cblist_init_generic: Setting adjustable number of callback queues.
[    1.816150] cblist_init_generic: Setting shift to 4 and lim to 1.
[    1.816165] cblist_init_generic: Setting shift to 4 and lim to 1.
[    1.816178] cblist_init_generic: Setting shift to 4 and lim to 1.
[    1.816196] Performance Events: Fam17h+ core perfctr, AMD PMU driver.
[    1.816200] ... version:                0
[    1.816201] ... bit width:              48
[    1.816201] ... generic registers:      6
[    1.816202] ... value mask:             0000ffffffffffff
[    1.816202] ... max period:             00007fffffffffff
[    1.816203] ... fixed-purpose events:   0
[    1.816203] ... event mask:             000000000000003f
[    1.816263] rcu: Hierarchical SRCU implementation.
[    1.816790] NMI watchdog: Enabled. Permanently consumes one hw-PMU counter.
[    1.817000] smp: Bringing up secondary CPUs ...
[    1.817113] x86: Booting SMP configuration:
[    1.817114] .... node  #0, CPUs:        #1  #2  #3  #4  #5
[    1.819028] smp: Brought up 1 node, 6 CPUs
[    1.819028] smpboot: Max logical packages: 3
[    1.819028] smpboot: Total of 6 processors activated (28457.94 BogoMIPS)
[    1.820113] devtmpfs: initialized
[    1.820113] x86/mm: Memory block size: 128MB
[    1.822141] ACPI: PM: Registering ACPI NVS region [mem 0x09f00000-0x09f0ffff] (65536 bytes)
[    1.822146] ACPI: PM: Registering ACPI NVS region [mem 0xccf7f000-0xcdf7efff] (16777216 bytes)
[    1.822820] clocksource: jiffies: mask: 0xffffffff max_cycles: 0xffffffff, max_idle_ns: 6370867519511994 ns
[    1.822852] futex hash table entries: 4096 (order: 6, 262144 bytes, linear)
[    1.822933] pinctrl core: initialized pinctrl subsystem
[    1.823065] PM: RTC time: 23:51:45, date: 2022-04-07
[    1.823674] NET: Registered PF_NETLINK/PF_ROUTE protocol family
[    1.824080] DMA: preallocated 2048 KiB GFP_KERNEL pool for atomic allocations
[    1.824307] DMA: preallocated 2048 KiB GFP_KERNEL|GFP_DMA pool for atomic allocations
[    1.824468] DMA: preallocated 2048 KiB GFP_KERNEL|GFP_DMA32 pool for atomic allocations
[    1.824491] audit: initializing netlink subsys (enabled)
[    1.824517] audit: type=2000 audit(1649375504.156:1): state=initialized audit_enabled=1 res=1
[    1.824517] thermal_sys: Registered thermal governor 'fair_share'
[    1.824517] thermal_sys: Registered thermal governor 'bang_bang'
[    1.824517] thermal_sys: Registered thermal governor 'step_wise'
[    1.824517] thermal_sys: Registered thermal governor 'user_space'
[    1.824517] thermal_sys: Registered thermal governor 'power_allocator'
[    1.824517] cpuidle: using governor ladder
[    1.824517] cpuidle: using governor menu
[    1.825426] Simple Boot Flag at 0x44 set to 0x1
[    1.825443] HugeTLB: can free 4094 vmemmap pages for hugepages-1048576kB
[    1.825446] acpiphp: ACPI Hot Plug PCI Controller Driver version: 0.5
[    1.825520] PCI: MMCONFIG for domain 0000 [bus 00-3f] at [mem 0xf8000000-0xfbffffff] (base 0xf8000000)
[    1.825525] PCI: MMCONFIG at [mem 0xf8000000-0xfbffffff] reserved in E820
[    1.825537] PCI: Using configuration type 1 for base access
[    1.827384] kprobes: kprobe jump-optimization is enabled. All kprobes are optimized if possible.
[    1.827389] HugeTLB: can free 6 vmemmap pages for hugepages-2048kB
[    1.827389] HugeTLB registered 1.00 GiB page size, pre-allocated 0 pages
[    1.827389] HugeTLB registered 2.00 MiB page size, pre-allocated 0 pages
[    1.827389] ACPI: Added _OSI(Module Device)
[    1.827389] ACPI: Added _OSI(Processor Device)
[    1.827389] ACPI: Added _OSI(3.0 _SCP Extensions)
[    1.827389] ACPI: Added _OSI(Processor Aggregator Device)
[    1.827389] ACPI: Added _OSI(Linux-Dell-Video)
[    1.827389] ACPI: Added _OSI(Linux-Lenovo-NV-HDMI-Audio)
[    1.827389] ACPI: Added _OSI(Linux-HPI-Hybrid-Graphics)
[    1.845448] ACPI: 18 ACPI AML tables successfully acquired and loaded
[    1.847032] ACPI: [Firmware Bug]: BIOS _OSI(Linux) query ignored
[    1.850132] ACPI: EC: EC started
[    1.850133] ACPI: EC: interrupt blocked
[    1.852235] ACPI: EC: EC_CMD/EC_SC=0x66, EC_DATA=0x62
[    1.852237] ACPI: \_SB_.PCI0.LPC0.EC0_: Boot DSDT EC used to handle transactions
[    1.852238] ACPI: Interpreter enabled
[    1.852253] ACPI: PM: (supports S0 S4 S5)
[    1.852254] ACPI: Using IOAPIC for interrupt routing
[    1.852470] PCI: Using host bridge windows from ACPI; if necessary, use "pci=nocrs" and report a bug
[    1.855652] ACPI: PM: Power Resource [P0U0]
[    1.855787] ACPI: PM: Power Resource [P3U0]
[    1.856601] ACPI: PM: Power Resource [P0U1]
[    1.856731] ACPI: PM: Power Resource [P3U1]
[    1.857441] ACPI: PM: Power Resource [P0S0]
[    1.857482] ACPI: PM: Power Resource [P3S0]
[    1.857640] ACPI: PM: Power Resource [P0S1]
[    1.857676] ACPI: PM: Power Resource [P3S1]
[    1.863577] ACPI: PCI Root Bridge [PCI0] (domain 0000 [bus 00-ff])
[    1.863583] acpi PNP0A08:00: _OSC: OS supports [ExtendedConfig ASPM ClockPM Segments MSI EDR HPX-Type3]
[    1.863702] acpi PNP0A08:00: _OSC: platform does not support [SHPCHotplug LTR DPC]
[    1.863920] acpi PNP0A08:00: _OSC: OS now controls [PCIeHotplug PME AER PCIeCapability]
[    1.863930] acpi PNP0A08:00: [Firmware Info]: MMCONFIG for domain 0000 [bus 00-3f] only partially covers this bridge
[    1.864274] PCI host bridge to bus 0000:00
[    1.864275] pci_bus 0000:00: root bus resource [io  0x0000-0x0cf7 window]
[    1.864277] pci_bus 0000:00: root bus resource [io  0x0d00-0xffff window]
[    1.864278] pci_bus 0000:00: root bus resource [mem 0x000a0000-0x000bffff window]
[    1.864279] pci_bus 0000:00: root bus resource [mem 0x000c0000-0x000cffff window]
[    1.864280] pci_bus 0000:00: root bus resource [mem 0x000d0000-0x000effff window]
[    1.864281] pci_bus 0000:00: root bus resource [mem 0xd0000000-0xf7ffffff window]
[    1.864283] pci_bus 0000:00: root bus resource [mem 0xfc000000-0xfed3ffff window]
[    1.864284] pci_bus 0000:00: root bus resource [mem 0x450200000-0xfcffffffff window]
[    1.864285] pci_bus 0000:00: root bus resource [bus 00-ff]
[    1.864296] pci 0000:00:00.0: [1022:1630] type 00 class 0x060000
[    1.864358] pci 0000:00:00.2: [1022:1631] type 00 class 0x080600
[    1.864425] pci 0000:00:01.0: [1022:1632] type 00 class 0x060000
[    1.864478] pci 0000:00:01.2: [1022:1634] type 01 class 0x060400
[    1.864545] pci 0000:00:01.2: PME# supported from D0 D3hot D3cold
[    1.864658] pci 0000:00:02.0: [1022:1632] type 00 class 0x060000
[    1.864715] pci 0000:00:08.0: [1022:1632] type 00 class 0x060000
[    1.864761] pci 0000:00:08.1: [1022:1635] type 01 class 0x060400
[    1.864780] pci 0000:00:08.1: enabling Extended Tags
[    1.864808] pci 0000:00:08.1: PME# supported from D0 D3hot D3cold
[    1.864901] pci 0000:00:08.2: [1022:1635] type 01 class 0x060400
[    1.864921] pci 0000:00:08.2: enabling Extended Tags
[    1.864949] pci 0000:00:08.2: PME# supported from D0 D3hot D3cold
[    1.865045] pci 0000:00:14.0: [1022:790b] type 00 class 0x0c0500
[    1.865167] pci 0000:00:14.3: [1022:790e] type 00 class 0x060100
[    1.865296] pci 0000:00:18.0: [1022:1448] type 00 class 0x060000
[    1.865328] pci 0000:00:18.1: [1022:1449] type 00 class 0x060000
[    1.865365] pci 0000:00:18.2: [1022:144a] type 00 class 0x060000
[    1.865393] pci 0000:00:18.3: [1022:144b] type 00 class 0x060000
[    1.865421] pci 0000:00:18.4: [1022:144c] type 00 class 0x060000
[    1.865453] pci 0000:00:18.5: [1022:144d] type 00 class 0x060000
[    1.865482] pci 0000:00:18.6: [1022:144e] type 00 class 0x060000
[    1.865512] pci 0000:00:18.7: [1022:144f] type 00 class 0x060000
[    1.865624] pci 0000:01:00.0: [10ec:c822] type 00 class 0x028000
[    1.865643] pci 0000:01:00.0: reg 0x10: [io  0x2000-0x20ff]
[    1.865667] pci 0000:01:00.0: reg 0x18: [mem 0xd0500000-0xd050ffff 64bit]
[    1.865787] pci 0000:01:00.0: supports D1 D2
[    1.865788] pci 0000:01:00.0: PME# supported from D0 D1 D2 D3hot D3cold
[    1.865965] pci 0000:00:01.2: PCI bridge to [bus 01-ff]
[    1.865968] pci 0000:00:01.2:   bridge window [io  0x2000-0x2fff]
[    1.865970] pci 0000:00:01.2:   bridge window [mem 0xd0500000-0xd05fffff]
[    1.865974] pci_bus 0000:01: busn_res: [bus 01-ff] end is updated to 01
[    1.866059] pci 0000:02:00.0: [1002:1636] type 00 class 0x030000
[    1.866069] pci 0000:02:00.0: reg 0x10: [mem 0xfce0000000-0xfcefffffff 64bit pref]
[    1.866076] pci 0000:02:00.0: reg 0x18: [mem 0xfcf0000000-0xfcf01fffff 64bit pref]
[    1.866081] pci 0000:02:00.0: reg 0x20: [io  0x1000-0x10ff]
[    1.866086] pci 0000:02:00.0: reg 0x24: [mem 0xd0400000-0xd047ffff]
[    1.866094] pci 0000:02:00.0: enabling Extended Tags
[    1.866105] pci 0000:02:00.0: BAR 0: assigned to efifb
[    1.866141] pci 0000:02:00.0: PME# supported from D1 D2 D3hot D3cold
[    1.866231] pci 0000:02:00.1: [1002:1637] type 00 class 0x040300
[    1.866237] pci 0000:02:00.1: reg 0x10: [mem 0xd04c8000-0xd04cbfff]
[    1.866257] pci 0000:02:00.1: enabling Extended Tags
[    1.866285] pci 0000:02:00.1: PME# supported from D1 D2 D3hot D3cold
[    1.866349] pci 0000:02:00.2: [1022:15df] type 00 class 0x108000
[    1.866361] pci 0000:02:00.2: reg 0x18: [mem 0xd0300000-0xd03fffff]
[    1.866370] pci 0000:02:00.2: reg 0x24: [mem 0xd04cc000-0xd04cdfff]
[    1.866376] pci 0000:02:00.2: enabling Extended Tags
[    1.866470] pci 0000:02:00.3: [1022:1639] type 00 class 0x0c0330
[    1.866480] pci 0000:02:00.3: reg 0x10: [mem 0xd0100000-0xd01fffff 64bit]
[    1.866502] pci 0000:02:00.3: enabling Extended Tags
[    1.866533] pci 0000:02:00.3: PME# supported from D0 D3hot D3cold
[    1.866601] pci 0000:02:00.4: [1022:1639] type 00 class 0x0c0330
[    1.866611] pci 0000:02:00.4: reg 0x10: [mem 0xd0200000-0xd02fffff 64bit]
[    1.866633] pci 0000:02:00.4: enabling Extended Tags
[    1.866662] pci 0000:02:00.4: PME# supported from D0 D3hot D3cold
[    1.866730] pci 0000:02:00.5: [1022:15e2] type 00 class 0x048000
[    1.866736] pci 0000:02:00.5: reg 0x10: [mem 0xd0480000-0xd04bffff]
[    1.866756] pci 0000:02:00.5: enabling Extended Tags
[    1.866783] pci 0000:02:00.5: PME# supported from D0 D3hot D3cold
[    1.866847] pci 0000:02:00.6: [1022:15e3] type 00 class 0x040300
[    1.866854] pci 0000:02:00.6: reg 0x10: [mem 0xd04c0000-0xd04c7fff]
[    1.866873] pci 0000:02:00.6: enabling Extended Tags
[    1.866901] pci 0000:02:00.6: PME# supported from D0 D3hot D3cold
[    1.866990] pci 0000:00:08.1: PCI bridge to [bus 02-ff]
[    1.866992] pci 0000:00:08.1:   bridge window [io  0x1000-0x1fff]
[    1.866994] pci 0000:00:08.1:   bridge window [mem 0xd0100000-0xd04fffff]
[    1.866996] pci 0000:00:08.1:   bridge window [mem 0xfce0000000-0xfcf01fffff 64bit pref]
[    1.866997] pci_bus 0000:02: busn_res: [bus 02-ff] end is updated to 02
[    1.867049] pci 0000:03:00.0: [1022:7901] type 00 class 0x010601
[    1.867075] pci 0000:03:00.0: reg 0x24: [mem 0xd0001000-0xd00017ff]
[    1.867083] pci 0000:03:00.0: enabling Extended Tags
[    1.867199] pci 0000:03:00.1: [1022:7901] type 00 class 0x010601
[    1.867225] pci 0000:03:00.1: reg 0x24: [mem 0xd0000000-0xd00007ff]
[    1.867233] pci 0000:03:00.1: enabling Extended Tags
[    1.867331] pci 0000:00:08.2: PCI bridge to [bus 03-ff]
[    1.867335] pci 0000:00:08.2:   bridge window [mem 0xd0000000-0xd00fffff]
[    1.867337] pci_bus 0000:03: busn_res: [bus 03-ff] end is updated to 03
[    1.869022] ACPI: PCI: Interrupt link LNKA configured for IRQ 0
[    1.869024] ACPI: PCI: Interrupt link LNKA disabled
[    1.869113] ACPI: PCI: Interrupt link LNKB configured for IRQ 0
[    1.869114] ACPI: PCI: Interrupt link LNKB disabled
[    1.869185] ACPI: PCI: Interrupt link LNKC configured for IRQ 0
[    1.869186] ACPI: PCI: Interrupt link LNKC disabled
[    1.869274] ACPI: PCI: Interrupt link LNKD configured for IRQ 0
[    1.869275] ACPI: PCI: Interrupt link LNKD disabled
[    1.869357] ACPI: PCI: Interrupt link LNKE configured for IRQ 0
[    1.869358] ACPI: PCI: Interrupt link LNKE disabled
[    1.869424] ACPI: PCI: Interrupt link LNKF configured for IRQ 0
[    1.869424] ACPI: PCI: Interrupt link LNKF disabled
[    1.869493] ACPI: PCI: Interrupt link LNKG configured for IRQ 0
[    1.869493] ACPI: PCI: Interrupt link LNKG disabled
[    1.869560] ACPI: PCI: Interrupt link LNKH configured for IRQ 0
[    1.869561] ACPI: PCI: Interrupt link LNKH disabled
[    1.871545] ACPI: EC: interrupt unblocked
[    1.871546] ACPI: EC: event unblocked
[    1.871553] ACPI: EC: EC_CMD/EC_SC=0x66, EC_DATA=0x62
[    1.871555] ACPI: EC: GPE=0x3
[    1.871555] ACPI: \_SB_.PCI0.LPC0.EC0_: Boot DSDT EC initialization complete
[    1.871557] ACPI: \_SB_.PCI0.LPC0.EC0_: EC: Used to handle transactions and events
[    1.871599] iommu: Default domain type: Translated 
[    1.871600] iommu: DMA domain TLB invalidation policy: lazy mode 
[    1.871613] pci 0000:02:00.0: vgaarb: VGA device added: decodes=io+mem,owns=none,locks=none
[    1.871613] pci 0000:02:00.0: vgaarb: bridge control possible
[    1.871613] pci 0000:02:00.0: vgaarb: setting as boot device
[    1.871613] vgaarb: loaded
[    1.871613] SCSI subsystem initialized
[    1.872031] libata version 3.00 loaded.
[    1.872037] ACPI: bus type USB registered
[    1.872051] usbcore: registered new interface driver usbfs
[    1.872058] usbcore: registered new interface driver hub
[    1.872064] usbcore: registered new device driver usb
[    1.880401] pps_core: LinuxPPS API ver. 1 registered
[    1.880402] pps_core: Software ver. 5.3.6 - Copyright 2005-2007 Rodolfo Giometti <giometti@linux.it>
[    1.880406] PTP clock support registered
[    1.880413] EDAC MC: Ver: 3.0.0
[    1.880462] Registered efivars operations
[    1.880462] NetLabel: Initializing
[    1.880462] NetLabel:  domain hash size = 128
[    1.880462] NetLabel:  protocols = UNLABELED CIPSOv4 CALIPSO
[    1.880462] NetLabel:  unlabeled traffic allowed by default
[    1.880462] mctp: management component transport protocol core
[    1.880462] NET: Registered PF_MCTP protocol family
[    1.880462] PCI: Using ACPI for IRQ routing
[    1.880462] audit: type=1409 audit(1649375504.213:2): netlabel: auid=0 ses=0 subj==unconfined nlbl_domain=(default) nlbl_protocol=unlbl res=1
[    1.880462] audit: type=1406 audit(1649375504.213:3): netlabel: auid=0 ses=0 subj==unconfined unlbl_accept=1 old=0
[    1.882925] PCI: pci_cache_line_size set to 64 bytes
[    1.882962] e820: reserve RAM buffer [mem 0x0009f000-0x0009ffff]
[    1.882964] e820: reserve RAM buffer [mem 0x09b00000-0x0bffffff]
[    1.882965] e820: reserve RAM buffer [mem 0x09f00000-0x0bffffff]
[    1.882966] e820: reserve RAM buffer [mem 0xb364d000-0xb3ffffff]
[    1.882967] e820: reserve RAM buffer [mem 0xbab69000-0xbbffffff]
[    1.882968] e820: reserve RAM buffer [mem 0xc9f7f000-0xcbffffff]
[    1.882969] e820: reserve RAM buffer [mem 0xce000000-0xcfffffff]
[    1.882969] e820: reserve RAM buffer [mem 0x40f340000-0x40fffffff]
[    1.882974] hpet0: at MMIO 0xfed00000, IRQs 2, 8, 0
[    1.882974] hpet0: 3 comparators, 32-bit 14.318180 MHz counter
[    1.885613] clocksource: Switched to clocksource hpet
[    1.896019] VFS: Disk quotas dquot_6.6.0
[    1.896031] VFS: Dquot-cache hash table entries: 512 (order 0, 4096 bytes)
[    1.896178] AppArmor: AppArmor Filesystem Enabled
[    1.896230] pnp: PnP ACPI init
[    1.896506] system 00:00: [mem 0xfec00000-0xfec01fff] could not be reserved
[    1.896510] system 00:00: [mem 0xfee00000-0xfee00fff] has been reserved
[    1.896512] system 00:00: [mem 0xfde00000-0xfdefffff] has been reserved
[    1.896649] audit: type=1400 audit(1649375504.229:4): apparmor="STATUS" info="AppArmor Filesystem Enabled" pid=1 comm="swapper/0"
[    1.896735] system 00:03: [io  0x0400-0x04cf] has been reserved
[    1.896737] system 00:03: [io  0x04d0-0x04d1] has been reserved
[    1.896738] system 00:03: [io  0x04d6] has been reserved
[    1.896739] system 00:03: [io  0x0c00-0x0c01] has been reserved
[    1.896742] system 00:03: [io  0x0c14] has been reserved
[    1.896743] system 00:03: [io  0x0c50-0x0c52] has been reserved
[    1.896744] system 00:03: [io  0x0c6c] has been reserved
[    1.896745] system 00:03: [io  0x0c6f] has been reserved
[    1.896746] system 00:03: [io  0x0cd0-0x0cdb] has been reserved
[    1.896815] system 00:04: [mem 0x000e0000-0x000fffff] could not be reserved
[    1.896817] system 00:04: [mem 0xff000000-0xffffffff] could not be reserved
[    1.898085] pnp: PnP ACPI: found 5 devices
[    1.906763] clocksource: acpi_pm: mask: 0xffffff max_cycles: 0xffffff, max_idle_ns: 2085701024 ns
[    1.906915] NET: Registered PF_INET protocol family
[    1.907501] IP idents hash table entries: 262144 (order: 9, 2097152 bytes, linear)
[    1.909195] tcp_listen_portaddr_hash hash table entries: 8192 (order: 5, 131072 bytes, linear)
[    1.909341] TCP established hash table entries: 131072 (order: 8, 1048576 bytes, linear)
[    1.909572] TCP bind hash table entries: 65536 (order: 8, 1048576 bytes, linear)
[    1.909639] TCP: Hash tables configured (established 131072 bind 65536)
[    1.909787] MPTCP token hash table entries: 16384 (order: 6, 393216 bytes, linear)
[    1.909845] UDP hash table entries: 8192 (order: 6, 262144 bytes, linear)
[    1.909894] UDP-Lite hash table entries: 8192 (order: 6, 262144 bytes, linear)
[    1.909970] NET: Registered PF_UNIX/PF_LOCAL protocol family
[    1.909975] NET: Registered PF_XDP protocol family
[    1.909987] pci 0000:00:01.2: PCI bridge to [bus 01]
[    1.909991] pci 0000:00:01.2:   bridge window [io  0x2000-0x2fff]
[    1.909994] pci 0000:00:01.2:   bridge window [mem 0xd0500000-0xd05fffff]
[    1.910001] pci 0000:00:08.1: PCI bridge to [bus 02]
[    1.910002] pci 0000:00:08.1:   bridge window [io  0x1000-0x1fff]
[    1.910004] pci 0000:00:08.1:   bridge window [mem 0xd0100000-0xd04fffff]
[    1.910006] pci 0000:00:08.1:   bridge window [mem 0xfce0000000-0xfcf01fffff 64bit pref]
[    1.910010] pci 0000:00:08.2: PCI bridge to [bus 03]
[    1.910012] pci 0000:00:08.2:   bridge window [mem 0xd0000000-0xd00fffff]
[    1.910017] pci_bus 0000:00: resource 4 [io  0x0000-0x0cf7 window]
[    1.910019] pci_bus 0000:00: resource 5 [io  0x0d00-0xffff window]
[    1.910020] pci_bus 0000:00: resource 6 [mem 0x000a0000-0x000bffff window]
[    1.910021] pci_bus 0000:00: resource 7 [mem 0x000c0000-0x000cffff window]
[    1.910022] pci_bus 0000:00: resource 8 [mem 0x000d0000-0x000effff window]
[    1.910022] pci_bus 0000:00: resource 9 [mem 0xd0000000-0xf7ffffff window]
[    1.910023] pci_bus 0000:00: resource 10 [mem 0xfc000000-0xfed3ffff window]
[    1.910024] pci_bus 0000:00: resource 11 [mem 0x450200000-0xfcffffffff window]
[    1.910026] pci_bus 0000:01: resource 0 [io  0x2000-0x2fff]
[    1.910027] pci_bus 0000:01: resource 1 [mem 0xd0500000-0xd05fffff]
[    1.910028] pci_bus 0000:02: resource 0 [io  0x1000-0x1fff]
[    1.910028] pci_bus 0000:02: resource 1 [mem 0xd0100000-0xd04fffff]
[    1.910029] pci_bus 0000:02: resource 2 [mem 0xfce0000000-0xfcf01fffff 64bit pref]
[    1.910031] pci_bus 0000:03: resource 1 [mem 0xd0000000-0xd00fffff]
[    1.910171] pci 0000:02:00.1: D0 power state depends on 0000:02:00.0
[    1.910207] pci 0000:02:00.3: extending delay after power-on from D3hot to 20 msec
[    1.913571] pci 0000:02:00.4: extending delay after power-on from D3hot to 20 msec
[    1.924815] pci 0000:02:00.4: quirk_usb_early_handoff+0x0/0x750 took 10977 usecs
[    1.924829] PCI: CLS 64 bytes, default 64
[    1.924841] pci 0000:00:00.2: AMD-Vi: IOMMU performance counters supported
[    1.924900] Trying to unpack rootfs image as initramfs...
[    1.924903] pci 0000:00:00.2: can't derive routing for PCI INT A
[    1.924904] pci 0000:00:00.2: PCI INT A: not connected
[    1.924924] pci 0000:00:01.0: Adding to iommu group 0
[    1.924937] pci 0000:00:01.2: Adding to iommu group 1
[    1.924948] pci 0000:00:02.0: Adding to iommu group 2
[    1.924962] pci 0000:00:08.0: Adding to iommu group 3
[    1.924968] pci 0000:00:08.1: Adding to iommu group 3
[    1.924976] pci 0000:00:08.2: Adding to iommu group 3
[    1.924992] pci 0000:00:14.0: Adding to iommu group 4
[    1.924999] pci 0000:00:14.3: Adding to iommu group 4
[    1.925021] pci 0000:00:18.0: Adding to iommu group 5
[    1.925028] pci 0000:00:18.1: Adding to iommu group 5
[    1.925035] pci 0000:00:18.2: Adding to iommu group 5
[    1.925044] pci 0000:00:18.3: Adding to iommu group 5
[    1.925050] pci 0000:00:18.4: Adding to iommu group 5
[    1.925058] pci 0000:00:18.5: Adding to iommu group 5
[    1.925064] pci 0000:00:18.6: Adding to iommu group 5
[    1.925071] pci 0000:00:18.7: Adding to iommu group 5
[    1.925082] pci 0000:01:00.0: Adding to iommu group 6
[    1.925086] pci 0000:02:00.0: Adding to iommu group 3
[    1.925092] pci 0000:02:00.1: Adding to iommu group 3
[    1.925097] pci 0000:02:00.2: Adding to iommu group 3
[    1.925102] pci 0000:02:00.3: Adding to iommu group 3
[    1.925107] pci 0000:02:00.4: Adding to iommu group 3
[    1.925113] pci 0000:02:00.5: Adding to iommu group 3
[    1.925120] pci 0000:02:00.6: Adding to iommu group 3
[    1.925124] pci 0000:03:00.0: Adding to iommu group 3
[    1.925131] pci 0000:03:00.1: Adding to iommu group 3
[    1.927345] pci 0000:00:00.2: AMD-Vi: Found IOMMU cap 0x40
[    1.927350] AMD-Vi: Extended features (0x206d73ef22254ade): PPR X2APIC NX GT IA GA PC GA_vAPIC
[    1.927354] AMD-Vi: Interrupt remapping enabled
[    1.927355] AMD-Vi: Virtual APIC enabled
[    1.927355] AMD-Vi: X2APIC enabled
[    1.927740] software IO TLB: tearing down default memory pool
[    1.935835] LVT offset 0 assigned for vector 0x400
[    1.936042] perf: AMD IBS detected (0x000003ff)
[    1.936047] perf/amd_iommu: Detected AMD IOMMU #0 (2 banks, 4 counters/bank).
[    1.937883] Initialise system trusted keyrings
[    1.937893] Key type blacklist registered
[    1.937987] workingset: timestamp_bits=41 max_order=22 bucket_order=0
[    1.939478] zbud: loaded
[    1.942404] Key type asymmetric registered
[    1.942406] Asymmetric key parser 'x509' registered
[    2.340382] Freeing initrd memory: 11180K
[    2.343888] alg: self-tests for CTR-KDF (hmac(sha256)) passed
[    2.343908] Block layer SCSI generic (bsg) driver version 0.4 loaded (major 242)
[    2.344026] io scheduler mq-deadline registered
[    2.344029] io scheduler kyber registered
[    2.344095] io scheduler bfq registered
[    2.344775] pcieport 0000:00:01.2: PME: Signaling with IRQ 26
[    2.344895] pcieport 0000:00:08.1: PME: Signaling with IRQ 27
[    2.345087] pcieport 0000:00:08.2: PME: Signaling with IRQ 28
[    2.345174] shpchp: Standard Hot Plug PCI Controller Driver version: 0.4
[    2.346555] ACPI: AC: AC Adapter [ACAD] (on-line)
[    2.346595] input: Power Button as /devices/LNXSYSTM:00/LNXSYBUS:00/PNP0C0C:00/input/input0
[    2.346613] ACPI: button: Power Button [PWRB]
[    2.346641] input: Lid Switch as /devices/LNXSYSTM:00/LNXSYBUS:00/PNP0A08:00/device:2a/PNP0C09:00/PNP0C0D:00/input/input1
[    2.346654] ACPI: button: Lid Switch [LID0]
[    2.346705] Monitor-Mwait will be used to enter C-1 state
[    2.346724] ACPI: \_SB_.PLTF.C000: Found 3 idle states
[    2.346731] ACPI: FW issue: working around C-state latencies out of order
[    2.346858] ACPI: \_SB_.PLTF.C001: Found 3 idle states
[    2.346865] ACPI: FW issue: working around C-state latencies out of order
[    2.347115] ACPI: \_SB_.PLTF.C002: Found 3 idle states
[    2.347121] ACPI: FW issue: working around C-state latencies out of order
[    2.347739] ACPI: \_SB_.PLTF.C003: Found 3 idle states
[    2.347745] ACPI: FW issue: working around C-state latencies out of order
[    2.347836] ACPI: \_SB_.PLTF.C004: Found 3 idle states
[    2.347841] ACPI: FW issue: working around C-state latencies out of order
[    2.347929] ACPI: \_SB_.PLTF.C005: Found 3 idle states
[    2.347934] ACPI: FW issue: working around C-state latencies out of order
[    2.350362] thermal LNXTHERM:00: registered as thermal_zone0
[    2.350364] ACPI: thermal: Thermal Zone [TZ0] (53 C)
[    2.350511] Serial: 8250/16550 driver, 32 ports, IRQ sharing enabled
[    2.352153] Non-volatile memory driver v1.3
[    2.352154] Linux agpgart interface v0.103
[    2.352239] AMD-Vi: AMD IOMMUv2 loaded and initialized
[    2.352295] ACPI: bus type drm_connector registered
[    2.353414] ahci 0000:03:00.0: version 3.0
[    2.353540] ahci 0000:03:00.0: AHCI 0001.0301 32 slots 1 ports 6 Gbps 0x1 impl SATA mode
[    2.353543] ahci 0000:03:00.0: flags: 64bit ncq sntf ilck pm led clo only pmp fbs pio slum part 
[    2.353807] scsi host0: ahci
[    2.353864] ata1: SATA max UDMA/133 abar m2048@0xd0001000 port 0xd0001100 irq 30
[    2.353987] ahci 0000:03:00.1: AHCI 0001.0301 32 slots 1 ports 6 Gbps 0x1 impl SATA mode
[    2.353989] ahci 0000:03:00.1: flags: 64bit ncq sntf ilck pm led clo only pmp fbs pio slum part deso sadm sds 
[    2.354231] scsi host1: ahci
[    2.354270] ata2: SATA max UDMA/133 abar m2048@0xd0000000 port 0xd0000100 irq 32
[    2.354298] ehci_hcd: USB 2.0 'Enhanced' Host Controller (EHCI) Driver
[    2.354303] ehci-pci: EHCI PCI platform driver
[    2.354310] ohci_hcd: USB 1.1 'Open' Host Controller (OHCI) Driver
[    2.354312] ohci-pci: OHCI PCI platform driver
[    2.354317] uhci_hcd: USB Universal Host Controller Interface driver
[    2.354357] usbcore: registered new interface driver usbserial_generic
[    2.354361] usbserial: USB Serial support registered for generic
[    2.354440] rtc_cmos 00:01: RTC can wake from S4
[    2.354683] rtc_cmos 00:01: registered as rtc0
[    2.354724] rtc_cmos 00:01: setting system clock to 2022-04-07T23:51:45 UTC (1649375505)
[    2.354730] audit: type=1332 audit(1649375505.500:5): sec=0 nsec=810639464
[    2.354736] rtc_cmos 00:01: alarms up to one month, 114 bytes nvram, hpet irqs
[    2.354847] ledtrig-cpu: registered to indicate activity on CPUs
[    2.355041] efifb: probing for efifb
[    2.355082] efifb: framebuffer at 0xfce0000000, using 8128k, total 8128k
[    2.355083] efifb: mode is 1920x1080x32, linelength=7680, pages=1
[    2.355084] efifb: scrolling: redraw
[    2.355085] efifb: Truecolor: size=8:8:8:8, shift=24:16:8:0
[    2.355121] fbcon: Deferring console take-over
[    2.355122] fb0: EFI VGA frame buffer device
[    2.355142] hid: raw HID events driver (C) Jiri Kosina
[    2.355198] drop_monitor: Initializing network drop monitor service
[    2.355241] Initializing XFRM netlink socket
[    2.355336] NET: Registered PF_INET6 protocol family
[    2.357611] Segment Routing with IPv6
[    2.357614] RPL Segment Routing with IPv6
[    2.357627] In-situ OAM (IOAM) with IPv6
[    2.357666] NET: Registered PF_PACKET protocol family
[    2.358683] microcode: CPU0: patch_level=0x08600106
[    2.358692] microcode: CPU1: patch_level=0x08600106
[    2.358709] microcode: CPU2: patch_level=0x08600106
[    2.358722] microcode: CPU3: patch_level=0x08600106
[    2.358725] microcode: CPU4: patch_level=0x08600106
[    2.358737] microcode: CPU5: patch_level=0x08600106
[    2.358739] microcode: Microcode Update Driver: v2.2.
[    2.358902] resctrl: L3 allocation detected
[    2.358904] resctrl: MB allocation detected
[    2.358905] resctrl: L3 monitoring detected
[    2.358910] IPI shorthand broadcast: enabled
[    2.359239] registered taskstats version 1
[    2.359422] Loading compiled-in X.509 certificates
[    2.361778] Loaded X.509 cert 'Build time autogenerated kernel key: c55f1ddef02913bc5cc55272f3bdcfb9d9962090'
[    2.362494] zswap: loaded using pool lz4/z3fold
[    2.363173] Key type ._fscrypt registered
[    2.363174] Key type .fscrypt registered
[    2.363174] Key type fscrypt-provisioning registered
[    2.363230] AppArmor: AppArmor sha1 policy hashing enabled
[    2.363234] audit: type=1400 audit(1649375505.506:6): apparmor="STATUS" info="AppArmor sha1 policy hashing enabled" pid=1 comm="swapper/0"
[    2.365233] PM:   Magic number: 2:294:908
[    2.365258] mem port: hash matches
[    2.365445] RAS: Correctable Errors collector initialized.
[    2.369218] ACPI: battery: Slot [BATT] (battery present)
[    2.664658] ata1: SATA link down (SStatus 0 SControl 300)
[    2.825600] ata2: SATA link up 6.0 Gbps (SStatus 133 SControl 300)
[    2.828403] ata2.00: ATA-11: SAMSUNG MZNLH512HALU-00000, RVT2200Q, max UDMA/133
[    2.829732] ata2.00: 1000215216 sectors, multi 16: LBA48 NCQ (depth 32), AA
[    2.831942] ata2.00: Features: Dev-Sleep NCQ-sndrcv
[    2.836071] ata2.00: configured for PIO4
[    2.836218] ata2.00: failed to enable DEVSLP
[    2.836224] ata2.00: failed to enable DIPM, Emask 0x40
[    8.372269] ata2: SATA link up 6.0 Gbps (SStatus 133 SControl 300)
[    8.382677] ata2.00: configured for PIO4
[    8.383279] scsi 1:0:0:0: Direct-Access     ATA      SAMSUNG MZNLH512 200Q PQ: 0 ANSI: 5
[    8.383907] sd 1:0:0:0: [sda] 1000215216 512-byte logical blocks: (512 GB/477 GiB)
[    8.383940] sd 1:0:0:0: [sda] Write Protect is off
[    8.383943] sd 1:0:0:0: [sda] Mode Sense: 00 3a 00 00
[    8.383991] sd 1:0:0:0: [sda] Write cache: enabled, read cache: enabled, doesn't support DPO or FUA
[    8.404841]  sda: sda1 sda2 sda3
[    8.429345] sd 1:0:0:0: [sda] Attached SCSI disk
[    8.432550] Freeing unused decrypted memory: 2036K
[    8.432882] Freeing unused kernel image (initmem) memory: 1792K
[    8.432929] Write protecting the kernel read-only data: 28672k
[    8.433398] Freeing unused kernel image (text/rodata gap) memory: 2040K
[    8.433676] Freeing unused kernel image (rodata/data gap) memory: 1268K
[    8.463165] x86/mm: Checked W+X mappings: passed, no W+X pages found.
[    8.463172] rodata_test: all tests were successful
[    8.463174] x86/mm: Checking user space page tables
[    8.491328] x86/mm: Checked W+X mappings: passed, no W+X pages found.
[    8.491355] Run /init as init process
[    8.491357]   with arguments:
[    8.491358]     /init
[    8.491359]     ahci
[    8.491360]   with environment:
[    8.491360]     HOME=/
[    8.491361]     TERM=linux
[    8.491361]     BOOT_IMAGE=/boot/vmlinuz-linux
[    8.491362]     pti=on
[    8.491362]     mem_encrypt=on
[    8.491362]     sd=ahci
[    8.491363]     pnpbios=off
[    8.491363]     spectre_v2_user=seccomp,ibpb
[    8.504424] fbcon: Taking over console
[    8.504497] Console: switching to colour frame buffer device 240x67
[    8.606862] xhci_hcd 0000:02:00.3: xHCI Host Controller
[    8.606877] xhci_hcd 0000:02:00.3: new USB bus registered, assigned bus number 1
[    8.606981] xhci_hcd 0000:02:00.3: hcc params 0x0268ffe5 hci version 0x110 quirks 0x0000020000000410
[    8.607343] usb usb1: New USB device found, idVendor=1d6b, idProduct=0002, bcdDevice= 5.17
[    8.607346] usb usb1: New USB device strings: Mfr=3, Product=2, SerialNumber=1
[    8.607347] usb usb1: Product: xHCI Host Controller
[    8.607348] usb usb1: Manufacturer: Linux 5.17.1-arch1-1 xhci-hcd
[    8.607349] usb usb1: SerialNumber: 0000:02:00.3
[    8.607474] hub 1-0:1.0: USB hub found
[    8.607483] hub 1-0:1.0: 4 ports detected
[    8.607800] xhci_hcd 0000:02:00.3: xHCI Host Controller
[    8.607804] xhci_hcd 0000:02:00.3: new USB bus registered, assigned bus number 2
[    8.607807] xhci_hcd 0000:02:00.3: Host supports USB 3.1 Enhanced SuperSpeed
[    8.607827] usb usb2: We don't know the algorithms for LPM for this host, disabling LPM.
[    8.607854] usb usb2: New USB device found, idVendor=1d6b, idProduct=0003, bcdDevice= 5.17
[    8.607856] usb usb2: New USB device strings: Mfr=3, Product=2, SerialNumber=1
[    8.607857] usb usb2: Product: xHCI Host Controller
[    8.607858] usb usb2: Manufacturer: Linux 5.17.1-arch1-1 xhci-hcd
[    8.607859] usb usb2: SerialNumber: 0000:02:00.3
[    8.607972] hub 2-0:1.0: USB hub found
[    8.607980] hub 2-0:1.0: 2 ports detected
[    8.608263] xhci_hcd 0000:02:00.4: xHCI Host Controller
[    8.608274] xhci_hcd 0000:02:00.4: new USB bus registered, assigned bus number 3
[    8.608375] xhci_hcd 0000:02:00.4: hcc params 0x0268ffe5 hci version 0x110 quirks 0x0000020000000410
[    8.608745] usb usb3: New USB device found, idVendor=1d6b, idProduct=0002, bcdDevice= 5.17
[    8.608747] usb usb3: New USB device strings: Mfr=3, Product=2, SerialNumber=1
[    8.608748] usb usb3: Product: xHCI Host Controller
[    8.608749] usb usb3: Manufacturer: Linux 5.17.1-arch1-1 xhci-hcd
[    8.608750] usb usb3: SerialNumber: 0000:02:00.4
[    8.608861] hub 3-0:1.0: USB hub found
[    8.608873] hub 3-0:1.0: 4 ports detected
[    8.609220] xhci_hcd 0000:02:00.4: xHCI Host Controller
[    8.609224] xhci_hcd 0000:02:00.4: new USB bus registered, assigned bus number 4
[    8.609226] xhci_hcd 0000:02:00.4: Host supports USB 3.1 Enhanced SuperSpeed
[    8.609241] usb usb4: We don't know the algorithms for LPM for this host, disabling LPM.
[    8.609274] usb usb4: New USB device found, idVendor=1d6b, idProduct=0003, bcdDevice= 5.17
[    8.609275] usb usb4: New USB device strings: Mfr=3, Product=2, SerialNumber=1
[    8.609277] usb usb4: Product: xHCI Host Controller
[    8.609278] usb usb4: Manufacturer: Linux 5.17.1-arch1-1 xhci-hcd
[    8.609278] usb usb4: SerialNumber: 0000:02:00.4
[    8.609389] hub 4-0:1.0: USB hub found
[    8.609396] hub 4-0:1.0: 2 ports detected
[    8.611647] i8042: PNP detection disabled
[    8.855398] usb 1-4: new full-speed USB device number 2 using xhci_hcd
[    8.889506] serio: i8042 KBD port at 0x60,0x64 irq 1
[    8.905164] input: AT Translated Set 2 keyboard as /devices/platform/i8042/serio0/input/input2
[    8.925390] PM: Image not found (code -22)
[    9.015255] usb 1-4: New USB device found, idVendor=0cb5, idProduct=c547, bcdDevice= 0.00
[    9.015265] usb 1-4: New USB device strings: Mfr=1, Product=2, SerialNumber=3
[    9.015269] usb 1-4: Product: Bluetooth Radio
[    9.015272] usb 1-4: Manufacturer: Realtek
[    9.015274] usb 1-4: SerialNumber: 00e04c000001
[   12.858820] EXT4-fs (sda2): mounted filesystem with ordered data mode. Quota mode: none.
[   13.011609] audit: type=1334 audit(1649375516.153:7): prog-id=1 op=LOAD
[   13.011615] audit: type=1300 audit(1649375516.153:7): arch=c000003e syscall=321 success=yes exit=4 a0=5 a1=7ffe2d0052b0 a2=90 a3=2 items=0 ppid=2 pid=228 auid=4294967295 uid=0 gid=0 euid=0 suid=0 fsuid=0 egid=0 sgid=0 fsgid=0 tty=(none) ses=4294967295 comm="bpf_preload" exe="/bpf_preload" subj==unconfined key=(null)
[   13.011617] audit: type=1327 audit(1649375516.153:7): proctitle="bpf_preload"
[   13.011619] audit: type=1334 audit(1649375516.153:8): prog-id=0 op=UNLOAD
[   13.017687] audit: type=1334 audit(1649375516.159:9): prog-id=2 op=LOAD
[   13.017693] audit: type=1300 audit(1649375516.159:9): arch=c000003e syscall=321 success=yes exit=6 a0=5 a1=7ffe2d005060 a2=90 a3=5 items=0 ppid=2 pid=228 auid=4294967295 uid=0 gid=0 euid=0 suid=0 fsuid=0 egid=0 sgid=0 fsgid=0 tty=(none) ses=4294967295 comm="bpf_preload" exe="/bpf_preload" subj==unconfined key=(null)
[   13.017696] audit: type=1327 audit(1649375516.159:9): proctitle="bpf_preload"
[   13.017698] audit: type=1334 audit(1649375516.159:10): prog-id=0 op=UNLOAD
[   13.017779] audit: type=1334 audit(1649375516.159:11): prog-id=3 op=LOAD
[   13.017783] audit: type=1300 audit(1649375516.159:11): arch=c000003e syscall=321 success=yes exit=5 a0=5 a1=7ffe2d004ff0 a2=90 a3=2 items=0 ppid=2 pid=228 auid=4294967295 uid=0 gid=0 euid=0 suid=0 fsuid=0 egid=0 sgid=0 fsgid=0 tty=(none) ses=4294967295 comm="bpf_preload" exe="/bpf_preload" subj==unconfined key=(null)
[   13.030289] systemd[1]: systemd 250.4-2-arch running in system mode (+PAM +AUDIT -SELINUX -APPARMOR -IMA +SMACK +SECCOMP +GCRYPT +GNUTLS +OPENSSL +ACL +BLKID +CURL +ELFUTILS +FIDO2 +IDN2 -IDN +IPTC +KMOD +LIBCRYPTSETUP +LIBFDISK +PCRE2 -PWQUALITY +P11KIT -QRENCODE +BZIP2 +LZ4 +XZ +ZLIB +ZSTD -BPF_FRAMEWORK +XKBCOMMON +UTMP -SYSVINIT default-hierarchy=unified)
[   13.045935] systemd[1]: Detected architecture x86-64.
[   13.047222] systemd[1]: Hostname set to <mksredmibook14ii>.
[   13.230170] systemd[1]: Queued start job for default target Graphical Interface.
[   13.231441] systemd[1]: Created slice Slice /system/getty.
[   13.231779] systemd[1]: Created slice Slice /system/modprobe.
[   13.232125] systemd[1]: Created slice Slice /system/systemd-fsck.
[   13.232415] systemd[1]: Created slice Slice /system/urxvtd.
[   13.232638] systemd[1]: Created slice User and Session Slice.
[   13.232749] systemd[1]: Started Dispatch Password Requests to Console Directory Watch.
[   13.232843] systemd[1]: Started Forward Password Requests to Wall Directory Watch.
[   13.233035] systemd[1]: Set up automount Arbitrary Executable File Formats File System Automount Point.
[   13.233135] systemd[1]: Reached target Local Encrypted Volumes.
[   13.233189] systemd[1]: Reached target Login Prompts.
[   13.233240] systemd[1]: Reached target Local Integrity Protected Volumes.
[   13.233303] systemd[1]: Reached target Path Units.
[   13.233358] systemd[1]: Reached target Remote File Systems.
[   13.233407] systemd[1]: Reached target Slice Units.
[   13.233465] systemd[1]: Reached target Local Verity Protected Volumes.
[   13.233560] systemd[1]: Listening on Device-mapper event daemon FIFOs.
[   13.233957] systemd[1]: Listening on LVM2 poll daemon socket.
[   13.235751] systemd[1]: Listening on Process Core Dump Socket.
[   13.236787] systemd[1]: Listening on Journal Audit Socket.
[   13.236926] systemd[1]: Listening on Journal Socket (/dev/log).
[   13.237071] systemd[1]: Listening on Journal Socket.
[   13.237428] systemd[1]: Listening on udev Control Socket.
[   13.237548] systemd[1]: Listening on udev Kernel Socket.
[   13.238343] systemd[1]: Mounting Huge Pages File System...
[   13.239073] systemd[1]: Mounting POSIX Message Queue File System...
[   13.239853] systemd[1]: Mounting Kernel Debug File System...
[   13.240790] systemd[1]: Mounting Kernel Trace File System...
[   13.241607] systemd[1]: Starting Load AppArmor profiles...
[   13.242436] systemd[1]: Starting Create List of Static Device Nodes...
[   13.243344] systemd[1]: Starting Monitoring of LVM2 mirrors, snapshots etc. using dmeventd or progress polling...
[   13.244268] systemd[1]: Starting Load Kernel Module configfs...
[   13.244971] systemd[1]: Starting Load Kernel Module drm...
[   13.245910] systemd[1]: Starting Load Kernel Module fuse...
[   13.246034] systemd[1]: File System Check on Root Device was skipped because of a failed condition check (ConditionPathIsReadWrite=!/).
[   13.247521] systemd[1]: Starting Journal Service...
[   13.251343] systemd[1]: Starting Load Kernel Modules...
[   13.252090] systemd[1]: Starting Remount Root and Kernel File Systems...
[   13.252208] systemd[1]: Repartition Root Disk was skipped because all trigger condition checks failed.
[   13.252941] systemd[1]: Starting Coldplug All udev Devices...
[   13.254314] systemd[1]: Mounted Huge Pages File System.
[   13.254492] systemd[1]: Mounted POSIX Message Queue File System.
[   13.254616] systemd[1]: Mounted Kernel Debug File System.
[   13.254735] systemd[1]: Mounted Kernel Trace File System.
[   13.254974] systemd[1]: Finished Create List of Static Device Nodes.
[   13.255308] systemd[1]: modprobe@configfs.service: Deactivated successfully.
[   13.255463] systemd[1]: Finished Load Kernel Module configfs.
[   13.255780] systemd[1]: modprobe@drm.service: Deactivated successfully.
[   13.255912] systemd[1]: Finished Load Kernel Module drm.
[   13.257083] systemd[1]: Mounting Kernel Configuration File System...
[   13.259740] fuse: init (API version 7.36)
[   13.259970] systemd[1]: Mounted Kernel Configuration File System.
[   13.260484] systemd[1]: modprobe@fuse.service: Deactivated successfully.
[   13.260579] EXT4-fs (sda2): re-mounted. Quota mode: none.
[   13.260638] systemd[1]: Finished Load Kernel Module fuse.
[   13.261443] systemd[1]: Finished Remount Root and Kernel File Systems.
[   13.262734] systemd[1]: Mounting FUSE Control File System...
[   13.262879] systemd[1]: First Boot Wizard was skipped because of a failed condition check (ConditionFirstBoot=yes).
[   13.276849] systemd[1]: Rebuild Hardware Database was skipped because of a failed condition check (ConditionNeedsUpdate=/etc).
[   13.277872] systemd[1]: Starting Load/Save Random Seed...
[   13.278027] systemd[1]: Create System Users was skipped because of a failed condition check (ConditionNeedsUpdate=/etc).
[   13.278817] systemd[1]: Starting Create Static Device Nodes in /dev...
[   13.279591] systemd[1]: Mounted FUSE Control File System.
[   13.281659] sd 1:0:0:0: Attached scsi generic sg0 type 0
[   13.292711] IPMI message handler: version 39.2
[   13.296946] ipmi device interface
[   13.311458] Asymmetric key parser 'pkcs8' registered
[   13.312221] systemd[1]: Finished Load/Save Random Seed.
[   13.312667] systemd[1]: Finished Load Kernel Modules.
[   13.312904] systemd[1]: First Boot Complete was skipped because of a failed condition check (ConditionFirstBoot=yes).
[   13.313805] systemd[1]: Starting Apply Kernel Variables...
[   13.320597] systemd[1]: Started Journal Service.
[   13.327045] systemd-journald[255]: Received client request to flush runtime journal.
[   13.608797] acpi_cpufreq: overriding BIOS provided _PSD data
[   13.658028] acpi PNP0C14:01: duplicate WMI GUID 05901221-D566-11D1-B2F0-00A0C9062910 (first instance was on PNP0C14:00)
[   13.696320] ACPI: video: Video Device [VGA] (multi-head: yes  rom: no  post: no)
[   13.696639] acpi device:0e: registered as cooling_device6
[   13.696696] input: Video Bus as /devices/LNXSYSTM:00/LNXSYBUS:00/PNP0A08:00/device:0d/LNXVIDEO:00/input/input3
[   13.809387] ccp 0000:02:00.2: enabling device (0000 -> 0002)
[   13.809636] ccp 0000:02:00.2: ccp: unable to access the device: you might be running a broken BIOS.
[   13.821493] ccp 0000:02:00.2: tee enabled
[   13.821500] ccp 0000:02:00.2: psp enabled
[   13.883104] cfg80211: Loading compiled-in X.509 certificates for regulatory database
[   13.914548] cfg80211: Loaded X.509 cert 'sforshee: 00b28ddf47aef9cea7'
[   13.925996] Bluetooth: Core ver 2.22
[   13.926287] NET: Registered PF_BLUETOOTH protocol family
[   13.926290] Bluetooth: HCI device and connection manager initialized
[   13.926297] Bluetooth: HCI socket layer initialized
[   13.926300] Bluetooth: L2CAP socket layer initialized
[   13.926315] Bluetooth: SCO socket layer initialized
[   13.979652] input: GXT7863:00 27C6:01E0 Mouse as /devices/platform/AMDI0010:03/i2c-0/i2c-GXT7863:00/0018:27C6:01E0.0001/input/input4
[   13.979734] input: GXT7863:00 27C6:01E0 Touchpad as /devices/platform/AMDI0010:03/i2c-0/i2c-GXT7863:00/0018:27C6:01E0.0001/input/input5
[   13.979798] hid-generic 0018:27C6:01E0.0001: input,hidraw0: I2C HID v1.00 Mouse [GXT7863:00 27C6:01E0] on i2c-GXT7863:00
[   14.151389] snd_rn_pci_acp3x 0000:02:00.5: enabling device (0000 -> 0002)
[   14.250247] piix4_smbus 0000:00:14.0: SMBus Host Controller at 0xb00, revision 0
[   14.250252] piix4_smbus 0000:00:14.0: Using register 0x02 for SMBus port selection
[   14.251696] piix4_smbus 0000:00:14.0: Auxiliary SMBus Host Controller at 0xb20
[   14.297105] sp5100_tco: SP5100/SB800 TCO WatchDog Timer Driver
[   14.297270] sp5100-tco sp5100-tco: Using 0xfeb00000 for watchdog MMIO address
[   14.297441] sp5100-tco sp5100-tco: initialized. heartbeat=60 sec (nowayout=0)
[   14.334893] [drm] amdgpu kernel modesetting enabled.
[   14.342928] snd_hda_intel 0000:02:00.1: enabling device (0000 -> 0002)
[   14.343336] snd_hda_intel 0000:02:00.1: Handle vga_switcheroo audio client
[   14.343703] snd_hda_intel 0000:02:00.6: enabling device (0000 -> 0002)
[   14.346645] rtw_8822ce 0000:01:00.0: enabling device (0000 -> 0003)
[   14.356127] amdgpu: Virtual CRAT table created for CPU
[   14.356147] amdgpu: Topology: Add CPU node
[   14.356244] checking generic (fce0000000 7f0000) vs hw (fce0000000 10000000)
[   14.356246] checking generic (fce0000000 7f0000) vs hw (fce0000000 10000000)
[   14.356247] fb0: switching to amdgpu from EFI VGA
[   14.356307] Console: switching to colour dummy device 80x25
[   14.356336] amdgpu 0000:02:00.0: vgaarb: deactivate vga console
[   14.356406] amdgpu 0000:02:00.0: enabling device (0006 -> 0007)
[   14.356473] [drm] initializing kernel modesetting (RENOIR 0x1002:0x1636 0x1D72:0x1951 0xC3).
[   14.356475] amdgpu 0000:02:00.0: amdgpu: Trusted Memory Zone (TMZ) feature enabled
[   14.356927] [drm] register mmio base: 0xD0400000
[   14.356928] [drm] register mmio size: 524288
[   14.356932] [drm] virtual display string:0000:01:00.0:virtual_display:0, 0000:02:00.0:virtual_display:0, num_crtc:0
[   14.357831] [drm] add ip block number 0 <soc15_common>
[   14.357832] [drm] add ip block number 1 <gmc_v9_0>
[   14.357833] [drm] add ip block number 2 <vega10_ih>
[   14.357834] [drm] add ip block number 3 <psp>
[   14.357835] [drm] add ip block number 4 <smu>
[   14.357836] [drm] add ip block number 5 <dm>
[   14.357837] [drm] add ip block number 6 <gfx_v9_0>
[   14.357837] [drm] add ip block number 7 <sdma_v4_0>
[   14.357838] [drm] add ip block number 8 <vcn_v2_0>
[   14.357839] [drm] add ip block number 9 <jpeg_v2_0>
[   14.357852] amdgpu 0000:02:00.0: amdgpu: Fetched VBIOS from VFCT
[   14.357854] amdgpu: ATOM BIOS: 113-RENOIR-026
[   14.362452] rtw_8822ce 0000:01:00.0: Firmware version 9.9.11, H2C version 15
[   14.364288] rtw_8822ce 0000:01:00.0: Firmware version 9.9.4, H2C version 15
[   14.373422] Adding 17380016k swap on /dev/sda3.  Priority:-2 extents:1 across:17380016k SSFS
[   14.373737] [drm] VCN decode is enabled in VM mode
[   14.373741] [drm] VCN encode is enabled in VM mode
[   14.373743] [drm] JPEG decode is enabled in VM mode
[   14.373750] amdgpu 0000:02:00.0: amdgpu: PCIE atomic ops is not supported
[   14.373824] [drm] vm size is 262144 GB, 4 levels, block size is 9-bit, fragment size is 9-bit
[   14.373833] amdgpu 0000:02:00.0: amdgpu: VRAM: 512M 0x000000F400000000 - 0x000000F41FFFFFFF (512M used)
[   14.373835] amdgpu 0000:02:00.0: amdgpu: GART: 1024M 0x0000000000000000 - 0x000000003FFFFFFF
[   14.373837] amdgpu 0000:02:00.0: amdgpu: AGP: 267419648M 0x000000F800000000 - 0x0000FFFFFFFFFFFF
[   14.373843] [drm] Detected VRAM RAM=512M, BAR=512M
[   14.373844] [drm] RAM width 128bits DDR4
[   14.373913] [drm] amdgpu: 512M of VRAM memory ready
[   14.373914] [drm] amdgpu: 3072M of GTT memory ready.
[   14.374089] [drm] GART: num cpu pages 262144, num gpu pages 262144
[   14.374200] [drm] PCIE GART of 1024M enabled.
[   14.374200] [drm] PTB located at 0x000000F400900000
[   14.383931] amdgpu 0000:02:00.0: amdgpu: PSP runtime database doesn't exist
[   14.390412] [drm] Loading DMUB firmware via PSP: version=0x0101001F
[   14.420191] usbcore: registered new interface driver btusb
[   14.421932] Bluetooth: hci0: RTL: examining hci_ver=0a hci_rev=000c lmp_ver=0a lmp_subver=8822
[   14.423956] Bluetooth: hci0: RTL: rom_version status=0 version=3
[   14.423962] Bluetooth: hci0: RTL: loading rtl_bt/rtl8822cu_fw.bin
[   14.425952] [drm] Found VCN firmware Version ENC: 1.16 DEC: 5 VEP: 0 Revision: 3
[   14.425979] amdgpu 0000:02:00.0: amdgpu: Will use PSP to load VCN firmware
[   14.429685] Bluetooth: hci0: RTL: loading rtl_bt/rtl8822cu_config.bin
[   14.431963] Bluetooth: hci0: RTL: cfg_sz 6, total sz 35086
[   14.433841] input: HD-Audio Generic HDMI/DP,pcm=3 as /devices/pci0000:00/0000:00:08.1/0000:02:00.1/sound/card0/input7
[   14.433888] input: HD-Audio Generic HDMI/DP,pcm=7 as /devices/pci0000:00/0000:00:08.1/0000:02:00.1/sound/card0/input8
[   14.442317] RAPL PMU: API unit is 2^-32 Joules, 1 fixed counters, 163840 ms ovfl timer
[   14.442321] RAPL PMU: hw unit of domain package 2^-16 Joules
[   14.443449] snd_hda_codec_realtek hdaudioC1D0: autoconfig for ALC256: line_outs=1 (0x14/0x0/0x0/0x0/0x0) type:speaker
[   14.443454] snd_hda_codec_realtek hdaudioC1D0:    speaker_outs=0 (0x0/0x0/0x0/0x0/0x0)
[   14.443456] snd_hda_codec_realtek hdaudioC1D0:    hp_outs=1 (0x21/0x0/0x0/0x0/0x0)
[   14.443458] snd_hda_codec_realtek hdaudioC1D0:    mono: mono_out=0x0
[   14.443459] snd_hda_codec_realtek hdaudioC1D0:    inputs:
[   14.443459] snd_hda_codec_realtek hdaudioC1D0:      Mic=0x19
[   14.450367] cryptd: max_cpu_qlen set to 1000
[   14.489327] input: HD-Audio Generic Mic as /devices/pci0000:00/0000:00:08.1/0000:02:00.6/sound/card1/input9
[   14.489375] input: HD-Audio Generic Headphone as /devices/pci0000:00/0000:00:08.1/0000:02:00.6/sound/card1/input10
[   14.494637] AVX2 version of gcm_enc/dec engaged.
[   14.494673] AES CTR mode by8 optimization enabled
[   14.563096] wl: loading out-of-tree module taints kernel.
[   14.563104] wl: module license 'MIXED/Proprietary' taints kernel.
[   14.563105] Disabling lock debugging due to kernel taint
[   14.570820] wl: module verification failed: signature and/or required key missing - tainting kernel
[   14.582807] MCE: In-kernel MCE decoding enabled.
[   14.716889] input: GXT7863:00 27C6:01E0 Mouse as /devices/platform/AMDI0010:03/i2c-0/i2c-GXT7863:00/0018:27C6:01E0.0001/input/input11
[   14.716971] input: GXT7863:00 27C6:01E0 Touchpad as /devices/platform/AMDI0010:03/i2c-0/i2c-GXT7863:00/0018:27C6:01E0.0001/input/input12
[   14.717030] hid-multitouch 0018:27C6:01E0.0001: input,hidraw0: I2C HID v1.00 Mouse [GXT7863:00 27C6:01E0] on i2c-GXT7863:00
[   14.738925] Bluetooth: hci0: RTL: fw version 0x19b76d7d
[   14.772991] intel_rapl_common: Found RAPL domain package
[   14.772996] intel_rapl_common: Found RAPL domain core
[   14.782383] mousedev: PS/2 mouse device common for all mice
[   14.867928] Bluetooth: hci0: AOSP extensions version v1.00
[   14.867932] Bluetooth: hci0: AOSP quality report is supported
[   14.902634] Bluetooth: hci0: urb ffff9cb003be5960 failed to resubmit (2)
[   15.090498] [drm] reserve 0x400000 from 0xf41f800000 for PSP TMR
[   15.169462] amdgpu 0000:02:00.0: amdgpu: RAS: optional ras ta ucode is not available
[   15.177427] amdgpu 0000:02:00.0: amdgpu: RAP: optional rap ta ucode is not available
[   15.177430] amdgpu 0000:02:00.0: amdgpu: SECUREDISPLAY: securedisplay ta ucode is not available
[   15.178099] amdgpu 0000:02:00.0: amdgpu: SMU is initialized successfully!
[   15.179050] [drm] Display Core initialized with v3.2.167!
[   15.179590] [drm] DMUB hardware initialized: version=0x0101001F
[   15.346713] NET: Registered PF_ALG protocol family
[   15.375658] ucsi_acpi USBC000:00: PPM init failed (-110)
[   15.383040] [drm] kiq ring mec 2 pipe 1 q 0
[   15.385494] [drm] VCN decode and encode initialized successfully(under DPG Mode).
[   15.385511] [drm] JPEG decode initialized successfully.
[   15.386901] kfd kfd: amdgpu: Allocated 3969056 bytes on gart
[   15.413875] memmap_init_zone_device initialised 131072 pages in 0ms
[   15.413886] amdgpu: HMM registered 512MB device memory
[   15.413931] amdgpu: SRAT table not found
[   15.413931] amdgpu: Virtual CRAT table created for GPU
[   15.414759] amdgpu: Topology: Add dGPU node [0x1636:0x1002]
[   15.414763] kfd kfd: amdgpu: added device 1002:1636
[   15.415083] amdgpu 0000:02:00.0: amdgpu: SE 1, SH per SE 1, CU per SH 8, active_cu_number 6
[   15.415185] amdgpu 0000:02:00.0: amdgpu: ring gfx uses VM inv eng 0 on hub 0
[   15.415187] amdgpu 0000:02:00.0: amdgpu: ring comp_1.0.0 uses VM inv eng 1 on hub 0
[   15.415188] amdgpu 0000:02:00.0: amdgpu: ring comp_1.1.0 uses VM inv eng 4 on hub 0
[   15.415189] amdgpu 0000:02:00.0: amdgpu: ring comp_1.2.0 uses VM inv eng 5 on hub 0
[   15.415190] amdgpu 0000:02:00.0: amdgpu: ring comp_1.3.0 uses VM inv eng 6 on hub 0
[   15.415191] amdgpu 0000:02:00.0: amdgpu: ring comp_1.0.1 uses VM inv eng 7 on hub 0
[   15.415192] amdgpu 0000:02:00.0: amdgpu: ring comp_1.1.1 uses VM inv eng 8 on hub 0
[   15.415193] amdgpu 0000:02:00.0: amdgpu: ring comp_1.2.1 uses VM inv eng 9 on hub 0
[   15.415194] amdgpu 0000:02:00.0: amdgpu: ring comp_1.3.1 uses VM inv eng 10 on hub 0
[   15.415195] amdgpu 0000:02:00.0: amdgpu: ring kiq_2.1.0 uses VM inv eng 11 on hub 0
[   15.415196] amdgpu 0000:02:00.0: amdgpu: ring sdma0 uses VM inv eng 0 on hub 1
[   15.415197] amdgpu 0000:02:00.0: amdgpu: ring vcn_dec uses VM inv eng 1 on hub 1
[   15.415198] amdgpu 0000:02:00.0: amdgpu: ring vcn_enc0 uses VM inv eng 4 on hub 1
[   15.415199] amdgpu 0000:02:00.0: amdgpu: ring vcn_enc1 uses VM inv eng 5 on hub 1
[   15.415200] amdgpu 0000:02:00.0: amdgpu: ring jpeg_dec uses VM inv eng 6 on hub 1
[   15.417691] [drm] Initialized amdgpu 3.44.0 20150101 for 0000:02:00.0 on minor 0
[   15.423469] fbcon: amdgpudrmfb (fb0) is primary device
[   15.486956] Console: switching to colour frame buffer device 240x67
[   15.506409] amdgpu 0000:02:00.0: [drm] fb0: amdgpudrmfb frame buffer device
[   16.368644] rtw_8822ce 0000:01:00.0: start vif 74:4c:a1:55:0d:6f on port 0
[   16.608436] rtw_8822ce 0000:01:00.0: stop vif 74:4c:a1:55:0d:6f on port 0
[   16.825330] rtw_8822ce 0000:01:00.0: start vif ae:2e:7f:d7:9f:a7 on port 0
[   20.512350] rtw_8822ce 0000:01:00.0: stop vif ae:2e:7f:d7:9f:a7 on port 0
[   20.735619] rtw_8822ce 0000:01:00.0: start vif 74:4c:a1:55:0d:6f on port 0
[   20.962598] wlan0: authenticate with 98:da:c4:bf:99:a4
[   21.453760] wlan0: send auth to 98:da:c4:bf:99:a4 (try 1/3)
[   21.457377] wlan0: authenticated
[   21.457627] rtw_8822ce 0000:01:00.0 wlan0: disabling HT/VHT/HE as WMM/QoS is not supported by the AP
[   21.458736] wlan0: associate with 98:da:c4:bf:99:a4 (try 1/3)
[   21.464177] wlan0: RX AssocResp from 98:da:c4:bf:99:a4 (capab=0x11 status=0 aid=1)
[   21.464216] rtw_8822ce 0000:01:00.0: sta 98:da:c4:bf:99:a4 joined with macid 0
[   21.464554] wlan0: associated
[   21.549264] IPv6: ADDRCONF(NETDEV_CHANGE): wlan0: link becomes ready
[   21.575411] ip6tables deny: IN= OUT=wlan0 SRC=0000:0000:0000:0000:0000:0000:0000:0000 DST=ff02:0000:0000:0000:0000:0000:0000:0016 LEN=76 TC=0 HOPLIMIT=1 FLOWLBL=0 PROTO=ICMPv6 TYPE=143 CODE=0 MARK=0x74 
[   21.618923] ip6tables deny: IN= OUT=wlan0 SRC=0000:0000:0000:0000:0000:0000:0000:0000 DST=ff02:0000:0000:0000:0000:0000:0000:0016 LEN=76 TC=0 HOPLIMIT=1 FLOWLBL=0 PROTO=ICMPv6 TYPE=143 CODE=0 MARK=0x74 
[   21.762279] ip6tables deny: IN= OUT=wlan0 SRC=0000:0000:0000:0000:0000:0000:0000:0000 DST=ff02:0000:0000:0000:0000:0000:0000:0016 LEN=76 TC=0 HOPLIMIT=1 FLOWLBL=0 PROTO=ICMPv6 TYPE=143 CODE=0 MARK=0x74 
[   21.958864] ip6tables deny: IN= OUT=wlan0 SRC=0000:0000:0000:0000:0000:0000:0000:0000 DST=ff02:0000:0000:0000:0000:0000:0000:0016 LEN=76 TC=0 HOPLIMIT=1 FLOWLBL=0 PROTO=ICMPv6 TYPE=143 CODE=0 MARK=0x74 
[   22.355852] ip6tables deny: IN= OUT=wlan0 SRC=0000:0000:0000:0000:0000:0000:0000:0000 DST=ff02:0000:0000:0000:0000:0001:ff98:9769 LEN=72 TC=0 HOPLIMIT=255 FLOWLBL=0 PROTO=ICMPv6 TYPE=135 CODE=0 
[   23.368807] ip6tables deny: IN= OUT=wlan0 SRC=fe80:0000:0000:0000:1838:88cb:0698:9769 DST=ff02:0000:0000:0000:0000:0000:0000:0016 LEN=76 TC=0 HOPLIMIT=1 FLOWLBL=0 PROTO=ICMPv6 TYPE=143 CODE=0 MARK=0x74 
[   23.532068] ip6tables deny: IN= OUT=wlan0 SRC=fe80:0000:0000:0000:1838:88cb:0698:9769 DST=ff02:0000:0000:0000:0000:0000:0000:0016 LEN=76 TC=0 HOPLIMIT=1 FLOWLBL=0 PROTO=ICMPv6 TYPE=143 CODE=0 MARK=0x74 
[   23.533433] ip6tables deny: IN= OUT=wlan0 SRC=fe80:0000:0000:0000:1838:88cb:0698:9769 DST=ff02:0000:0000:0000:0000:0000:0000:0002 LEN=48 TC=0 HOPLIMIT=255 FLOWLBL=211170 PROTO=ICMPv6 TYPE=133 CODE=0 
[   27.877089] ip6tables deny: IN= OUT=wlan0 SRC=fe80:0000:0000:0000:1838:88cb:0698:9769 DST=ff02:0000:0000:0000:0000:0000:0000:0002 LEN=48 TC=0 HOPLIMIT=255 FLOWLBL=211170 PROTO=ICMPv6 TYPE=133 CODE=0 
[   36.266999] ip6tables deny: IN= OUT=wlan0 SRC=fe80:0000:0000:0000:1838:88cb:0698:9769 DST=ff02:0000:0000:0000:0000:0000:0000:0002 LEN=48 TC=0 HOPLIMIT=255 FLOWLBL=211170 PROTO=ICMPv6 TYPE=133 CODE=0 
[   52.877104] ip6tables deny: IN= OUT=wlan0 SRC=fe80:0000:0000:0000:1838:88cb:0698:9769 DST=ff02:0000:0000:0000:0000:0000:0000:0002 LEN=48 TC=0 HOPLIMIT=255 FLOWLBL=211170 PROTO=ICMPv6 TYPE=133 CODE=0 
[   56.022152] ip6tables deny: IN= OUT=wlan0 SRC=fe80:0000:0000:0000:1838:88cb:0698:9769 DST=ff02:0000:0000:0000:0000:0000:0000:0016 LEN=76 TC=0 HOPLIMIT=1 FLOWLBL=0 PROTO=ICMPv6 TYPE=143 CODE=0 MARK=0x74 
[   56.409037] ip6tables deny: IN= OUT=wlan0 SRC=fe80:0000:0000:0000:1838:88cb:0698:9769 DST=ff02:0000:0000:0000:0000:0000:0000:0016 LEN=76 TC=0 HOPLIMIT=1 FLOWLBL=0 PROTO=ICMPv6 TYPE=143 CODE=0 MARK=0x74 
[   86.015424] ip6tables deny: IN= OUT=wlan0 SRC=fe80:0000:0000:0000:1838:88cb:0698:9769 DST=ff02:0000:0000:0000:0000:0000:0000:0016 LEN=76 TC=0 HOPLIMIT=1 FLOWLBL=0 PROTO=ICMPv6 TYPE=143 CODE=0 MARK=0x74 
[   86.188721] ip6tables deny: IN= OUT=wlan0 SRC=fe80:0000:0000:0000:1838:88cb:0698:9769 DST=ff02:0000:0000:0000:0000:0000:0000:0016 LEN=76 TC=0 HOPLIMIT=1 FLOWLBL=0 PROTO=ICMPv6 TYPE=143 CODE=0 MARK=0x74 
[   86.430129] ip6tables deny: IN= OUT=wlan0 SRC=fe80:0000:0000:0000:1838:88cb:0698:9769 DST=ff02:0000:0000:0000:0000:0000:0000:0002 LEN=48 TC=0 HOPLIMIT=255 FLOWLBL=211170 PROTO=ICMPv6 TYPE=133 CODE=0 
[  116.015416] ip6tables deny: IN= OUT=wlan0 SRC=fe80:0000:0000:0000:1838:88cb:0698:9769 DST=ff02:0000:0000:0000:0000:0000:0000:0016 LEN=76 TC=0 HOPLIMIT=1 FLOWLBL=0 PROTO=ICMPv6 TYPE=143 CODE=0 MARK=0x74 
[  116.032048] ip6tables deny: IN= OUT=wlan0 SRC=fe80:0000:0000:0000:1838:88cb:0698:9769 DST=ff02:0000:0000:0000:0000:0000:0000:0016 LEN=76 TC=0 HOPLIMIT=1 FLOWLBL=0 PROTO=ICMPv6 TYPE=143 CODE=0 MARK=0x74 
