[    0.000000] Linux version 5.15.48-1-lts (linux-lts@archlinux) (gcc (GCC) 12.1.0, GNU ld (GNU Binutils) 2.38) #1 SMP Thu, 16 Jun 2022 13:32:35 +0000
[    0.000000] Command line: BOOT_IMAGE=/boot/vmlinuz-linux-lts root=UUID=9e03b5e5-24a1-454e-864f-f2b0067ca101 rw resume=UUID=838392f8-80b9-44d6-ba89-523d8312e10b loglevel=3 audit=1 audit_backlog_limit=8192 lsm=landlock,lockdown,yama,apparmor,bpf l1tf=full,force mds=full,nosmt mitigations=auto,nosmt nosmt=force pcie_aspm=force init_on_alloc=1 init_on_free=1 randomize_kstack_offset=on slab_nomerge pti=on slub_debug=ZF slub_debug=P page_poison=1 fsck.mode=force fsck.repair=yes i915.modeset=1 i915.fastboot=1 i915.enable_fbc=1 iommu.strict=1 intremap=on intel_iommu=on
[    0.000000] x86/fpu: Supporting XSAVE feature 0x001: 'x87 floating point registers'
[    0.000000] x86/fpu: Supporting XSAVE feature 0x002: 'SSE registers'
[    0.000000] x86/fpu: Supporting XSAVE feature 0x004: 'AVX registers'
[    0.000000] x86/fpu: xstate_offset[2]:  576, xstate_sizes[2]:  256
[    0.000000] x86/fpu: Enabled xstate features 0x7, context size is 832 bytes, using 'standard' format.
[    0.000000] signal: max sigframe size: 1776
[    0.000000] BIOS-provided physical RAM map:
[    0.000000] BIOS-e820: [mem 0x0000000000000000-0x000000000009bfff] usable
[    0.000000] BIOS-e820: [mem 0x000000000009c000-0x000000000009cfff] reserved
[    0.000000] BIOS-e820: [mem 0x000000000009d000-0x000000000009dfff] usable
[    0.000000] BIOS-e820: [mem 0x000000000009e000-0x00000000000bffff] reserved
[    0.000000] BIOS-e820: [mem 0x0000000000100000-0x000000001fffffff] usable
[    0.000000] BIOS-e820: [mem 0x0000000020000000-0x00000000201fffff] reserved
[    0.000000] BIOS-e820: [mem 0x0000000020200000-0x0000000040003fff] usable
[    0.000000] BIOS-e820: [mem 0x0000000040004000-0x0000000040004fff] reserved
[    0.000000] BIOS-e820: [mem 0x0000000040005000-0x00000000d0158fff] usable
[    0.000000] BIOS-e820: [mem 0x00000000d0159000-0x00000000d035afff] reserved
[    0.000000] BIOS-e820: [mem 0x00000000d035b000-0x00000000d69e3fff] usable
[    0.000000] BIOS-e820: [mem 0x00000000d69e4000-0x00000000d6be3fff] type 20
[    0.000000] BIOS-e820: [mem 0x00000000d6be4000-0x00000000dae9efff] reserved
[    0.000000] BIOS-e820: [mem 0x00000000dae9f000-0x00000000daf9efff] ACPI NVS
[    0.000000] BIOS-e820: [mem 0x00000000daf9f000-0x00000000daffefff] ACPI data
[    0.000000] BIOS-e820: [mem 0x00000000dafff000-0x00000000daffffff] usable
[    0.000000] BIOS-e820: [mem 0x00000000db000000-0x00000000df9fffff] reserved
[    0.000000] BIOS-e820: [mem 0x00000000f80f8000-0x00000000f80f8fff] reserved
[    0.000000] BIOS-e820: [mem 0x00000000fed1c000-0x00000000fed1ffff] reserved
[    0.000000] BIOS-e820: [mem 0x0000000100000000-0x000000021e5fffff] usable
[    0.000000] BIOS-e820: [mem 0x000000021e600000-0x000000021e7fffff] reserved
[    0.000000] SMT: Force disabled
[    0.000000] NX (Execute Disable) protection: active
[    0.000000] efi: EFI v2.31 by Lenovo
[    0.000000] efi: ACPI 2.0=0xdaffe014 ACPI=0xdaffe000 SMBIOS=0xdae9e000 
[    0.000000] SMBIOS 2.7 present.
[    0.000000] DMI: LENOVO 2349MAX/2349MAX, BIOS G1ETC2WW (2.82 ) 08/07/2019
[    0.000000] tsc: Fast TSC calibration using PIT
[    0.000000] tsc: Detected 2594.214 MHz processor
[    0.000232] e820: update [mem 0x00000000-0x00000fff] usable ==> reserved
[    0.000236] e820: remove [mem 0x000a0000-0x000fffff] usable
[    0.000243] last_pfn = 0x21e600 max_arch_pfn = 0x400000000
[    0.000338] x86/PAT: Configuration [0-7]: WB  WC  UC- UC  WB  WP  UC- WT  
[    0.000939] last_pfn = 0xdb000 max_arch_pfn = 0x400000000
[    0.019241] Secure boot disabled
[    0.019241] RAMDISK: [mem 0x3692f000-0x3748efff]
[    0.019247] ACPI: Early table checksum verification disabled
[    0.019250] ACPI: RSDP 0x00000000DAFFE014 000024 (v02 LENOVO)
[    0.019255] ACPI: XSDT 0x00000000DAFFE170 0000C4 (v01 LENOVO TP-G1    00002820 PTL  00000002)
[    0.019262] ACPI: FACP 0x00000000DAFE6000 00010C (v05 LENOVO TP-G1    00002820 PTL  00000002)
[    0.019268] ACPI: DSDT 0x00000000DAFE8000 0103F7 (v01 LENOVO TP-G1    00002820 INTL 20061109)
[    0.019272] ACPI: FACS 0x00000000DAF5A000 000040
[    0.019275] ACPI: SLIC 0x00000000DAFFD000 000176 (v01 LENOVO TP-G1    00002820 PTL  00000001)
[    0.019279] ACPI: TCPA 0x00000000DAFFC000 000032 (v02 PTL    LENOVO   06040000 LNVO 00000001)
[    0.019282] ACPI: SSDT 0x00000000DAFFB000 000408 (v01 LENOVO TP-SSDT2 00000200 INTL 20061109)
[    0.019286] ACPI: SSDT 0x00000000DAFFA000 000033 (v01 LENOVO TP-SSDT1 00000100 INTL 20061109)
[    0.019290] ACPI: SSDT 0x00000000DAFF9000 000797 (v01 LENOVO SataAhci 00001000 INTL 20061109)
[    0.019293] ACPI: HPET 0x00000000DAFE4000 000038 (v01 LENOVO TP-G1    00002820 PTL  00000002)
[    0.019297] ACPI: APIC 0x00000000DAFE3000 000098 (v01 LENOVO TP-G1    00002820 PTL  00000002)
[    0.019300] ACPI: MCFG 0x00000000DAFE2000 00003C (v01 LENOVO TP-G1    00002820 PTL  00000002)
[    0.019304] ACPI: ECDT 0x00000000DAFE1000 000052 (v01 LENOVO TP-G1    00002820 PTL  00000002)
[    0.019307] ACPI: FPDT 0x00000000DAFE0000 000064 (v01 LENOVO TP-G1    00002820 PTL  00000002)
[    0.019311] ACPI: ASF! 0x00000000DAFE7000 0000A5 (v32 LENOVO TP-G1    00002820 PTL  00000002)
[    0.019315] ACPI: UEFI 0x00000000DAFDF000 00003E (v01 LENOVO TP-G1    00002820 PTL  00000002)
[    0.019318] ACPI: UEFI 0x00000000DAFDE000 000042 (v01 PTL    COMBUF   00000001 PTL  00000001)
[    0.019322] ACPI: POAT 0x00000000DAFDD000 000055 (v03 LENOVO TP-G1    00002820 PTL  00000002)
[    0.019325] ACPI: SSDT 0x00000000DAFDC000 000C51 (v01 PmRef  Cpu0Ist  00003000 INTL 20061109)
[    0.019329] ACPI: SSDT 0x00000000DAFDB000 000A83 (v01 PmRef  CpuPm    00003000 INTL 20061109)
[    0.019333] ACPI: UEFI 0x00000000DAFDA000 000292 (v01 LENOVO TP-G1    00002820 PTL  00000002)
[    0.019336] ACPI: DBG2 0x00000000DAFD9000 0000E9 (v00 LENOVO TP-G1    00002820 PTL  00000002)
[    0.019340] ACPI: BGRT 0x00000000DAFD8000 000038 (v00 LENOVO TP-G1    00002820 PTL  00000002)
[    0.019342] ACPI: Reserving FACP table memory at [mem 0xdafe6000-0xdafe610b]
[    0.019344] ACPI: Reserving DSDT table memory at [mem 0xdafe8000-0xdaff83f6]
[    0.019345] ACPI: Reserving FACS table memory at [mem 0xdaf5a000-0xdaf5a03f]
[    0.019346] ACPI: Reserving SLIC table memory at [mem 0xdaffd000-0xdaffd175]
[    0.019347] ACPI: Reserving TCPA table memory at [mem 0xdaffc000-0xdaffc031]
[    0.019349] ACPI: Reserving SSDT table memory at [mem 0xdaffb000-0xdaffb407]
[    0.019350] ACPI: Reserving SSDT table memory at [mem 0xdaffa000-0xdaffa032]
[    0.019351] ACPI: Reserving SSDT table memory at [mem 0xdaff9000-0xdaff9796]
[    0.019352] ACPI: Reserving HPET table memory at [mem 0xdafe4000-0xdafe4037]
[    0.019353] ACPI: Reserving APIC table memory at [mem 0xdafe3000-0xdafe3097]
[    0.019354] ACPI: Reserving MCFG table memory at [mem 0xdafe2000-0xdafe203b]
[    0.019355] ACPI: Reserving ECDT table memory at [mem 0xdafe1000-0xdafe1051]
[    0.019356] ACPI: Reserving FPDT table memory at [mem 0xdafe0000-0xdafe0063]
[    0.019357] ACPI: Reserving ASF! table memory at [mem 0xdafe7000-0xdafe70a4]
[    0.019359] ACPI: Reserving UEFI table memory at [mem 0xdafdf000-0xdafdf03d]
[    0.019360] ACPI: Reserving UEFI table memory at [mem 0xdafde000-0xdafde041]
[    0.019361] ACPI: Reserving POAT table memory at [mem 0xdafdd000-0xdafdd054]
[    0.019362] ACPI: Reserving SSDT table memory at [mem 0xdafdc000-0xdafdcc50]
[    0.019363] ACPI: Reserving SSDT table memory at [mem 0xdafdb000-0xdafdba82]
[    0.019364] ACPI: Reserving UEFI table memory at [mem 0xdafda000-0xdafda291]
[    0.019365] ACPI: Reserving DBG2 table memory at [mem 0xdafd9000-0xdafd90e8]
[    0.019366] ACPI: Reserving BGRT table memory at [mem 0xdafd8000-0xdafd8037]
[    0.019418] No NUMA configuration found
[    0.019419] Faking a node at [mem 0x0000000000000000-0x000000021e5fffff]
[    0.019424] NODE_DATA(0) allocated [mem 0x21e5f9000-0x21e5fcfff]
[    0.019457] Zone ranges:
[    0.019458]   DMA      [mem 0x0000000000001000-0x0000000000ffffff]
[    0.019460]   DMA32    [mem 0x0000000001000000-0x00000000ffffffff]
[    0.019462]   Normal   [mem 0x0000000100000000-0x000000021e5fffff]
[    0.019464]   Device   empty
[    0.019465] Movable zone start for each node
[    0.019466] Early memory node ranges
[    0.019466]   node   0: [mem 0x0000000000001000-0x000000000009bfff]
[    0.019468]   node   0: [mem 0x000000000009d000-0x000000000009dfff]
[    0.019469]   node   0: [mem 0x0000000000100000-0x000000001fffffff]
[    0.019470]   node   0: [mem 0x0000000020200000-0x0000000040003fff]
[    0.019471]   node   0: [mem 0x0000000040005000-0x00000000d0158fff]
[    0.019473]   node   0: [mem 0x00000000d035b000-0x00000000d69e3fff]
[    0.019474]   node   0: [mem 0x00000000dafff000-0x00000000daffffff]
[    0.019474]   node   0: [mem 0x0000000100000000-0x000000021e5fffff]
[    0.019477] Initmem setup node 0 [mem 0x0000000000001000-0x000000021e5fffff]
[    0.019481] On node 0, zone DMA: 1 pages in unavailable ranges
[    0.019483] On node 0, zone DMA: 1 pages in unavailable ranges
[    0.019507] On node 0, zone DMA: 98 pages in unavailable ranges
[    0.021329] On node 0, zone DMA32: 512 pages in unavailable ranges
[    0.025595] On node 0, zone DMA32: 1 pages in unavailable ranges
[    0.025800] On node 0, zone DMA32: 514 pages in unavailable ranges
[    0.026064] On node 0, zone DMA32: 17947 pages in unavailable ranges
[    0.034862] On node 0, zone Normal: 20480 pages in unavailable ranges
[    0.034964] On node 0, zone Normal: 6656 pages in unavailable ranges
[    0.034972] Reserving Intel graphics memory at [mem 0xdba00000-0xdf9fffff]
[    0.035342] ACPI: PM-Timer IO Port: 0x408
[    0.035351] ACPI: LAPIC_NMI (acpi_id[0x00] high edge lint[0x1])
[    0.035353] ACPI: LAPIC_NMI (acpi_id[0x01] high edge lint[0x1])
[    0.035364] IOAPIC[0]: apic_id 2, version 32, address 0xfec00000, GSI 0-23
[    0.035368] ACPI: INT_SRC_OVR (bus 0 bus_irq 0 global_irq 2 dfl dfl)
[    0.035370] ACPI: INT_SRC_OVR (bus 0 bus_irq 9 global_irq 9 high level)
[    0.035374] ACPI: Using ACPI (MADT) for SMP configuration information
[    0.035376] ACPI: HPET id: 0x8086a301 base: 0xfed00000
[    0.035386] e820: update [mem 0xd3700000-0xd377bfff] usable ==> reserved
[    0.035396] TSC deadline timer available
[    0.035397] smpboot: Allowing 8 CPUs, 6 hotplug CPUs
[    0.035423] PM: hibernation: Registered nosave memory: [mem 0x00000000-0x00000fff]
[    0.035426] PM: hibernation: Registered nosave memory: [mem 0x0009c000-0x0009cfff]
[    0.035428] PM: hibernation: Registered nosave memory: [mem 0x0009e000-0x000bffff]
[    0.035429] PM: hibernation: Registered nosave memory: [mem 0x000c0000-0x000fffff]
[    0.035431] PM: hibernation: Registered nosave memory: [mem 0x20000000-0x201fffff]
[    0.035434] PM: hibernation: Registered nosave memory: [mem 0x40004000-0x40004fff]
[    0.035436] PM: hibernation: Registered nosave memory: [mem 0xd0159000-0xd035afff]
[    0.035438] PM: hibernation: Registered nosave memory: [mem 0xd3700000-0xd377bfff]
[    0.035440] PM: hibernation: Registered nosave memory: [mem 0xd69e4000-0xd6be3fff]
[    0.035441] PM: hibernation: Registered nosave memory: [mem 0xd6be4000-0xdae9efff]
[    0.035442] PM: hibernation: Registered nosave memory: [mem 0xdae9f000-0xdaf9efff]
[    0.035443] PM: hibernation: Registered nosave memory: [mem 0xdaf9f000-0xdaffefff]
[    0.035445] PM: hibernation: Registered nosave memory: [mem 0xdb000000-0xdf9fffff]
[    0.035446] PM: hibernation: Registered nosave memory: [mem 0xdfa00000-0xf80f7fff]
[    0.035447] PM: hibernation: Registered nosave memory: [mem 0xf80f8000-0xf80f8fff]
[    0.035448] PM: hibernation: Registered nosave memory: [mem 0xf80f9000-0xfed1bfff]
[    0.035449] PM: hibernation: Registered nosave memory: [mem 0xfed1c000-0xfed1ffff]
[    0.035450] PM: hibernation: Registered nosave memory: [mem 0xfed20000-0xffffffff]
[    0.035452] [mem 0xdfa00000-0xf80f7fff] available for PCI devices
[    0.035453] Booting paravirtualized kernel on bare hardware
[    0.035456] clocksource: refined-jiffies: mask: 0xffffffff max_cycles: 0xffffffff, max_idle_ns: 19112604462750000 ns
[    0.040703] setup_percpu: NR_CPUS:320 nr_cpumask_bits:320 nr_cpu_ids:8 nr_node_ids:1
[    0.040979] percpu: Embedded 61 pages/cpu s212992 r8192 d28672 u262144
[    0.040988] pcpu-alloc: s212992 r8192 d28672 u262144 alloc=1*2097152
[    0.040990] pcpu-alloc: [0] 0 1 2 3 4 5 6 7 
[    0.041020] Built 1 zonelists, mobility grouping on.  Total pages: 2018738
[    0.041022] Policy zone: Normal
[    0.041023] Kernel command line: BOOT_IMAGE=/boot/vmlinuz-linux-lts root=UUID=9e03b5e5-24a1-454e-864f-f2b0067ca101 rw resume=UUID=838392f8-80b9-44d6-ba89-523d8312e10b loglevel=3 audit=1 audit_backlog_limit=8192 lsm=landlock,lockdown,yama,apparmor,bpf l1tf=full,force mds=full,nosmt mitigations=auto,nosmt nosmt=force pcie_aspm=force init_on_alloc=1 init_on_free=1 randomize_kstack_offset=on slab_nomerge pti=on slub_debug=ZF slub_debug=P page_poison=1 fsck.mode=force fsck.repair=yes i915.modeset=1 i915.fastboot=1 i915.enable_fbc=1 iommu.strict=1 intremap=on intel_iommu=on
[    0.041088] audit: enabled (after initialization)
[    0.041101] audit: audit_backlog_limit: 8192
[    0.041174] PCIe ASPM is forcibly enabled
[    0.041272] mem auto-init: SLAB_POISON will take precedence over init_on_alloc/init_on_free
[    0.041392] DMAR: IOMMU enabled
[    0.041395] Unknown kernel command line parameters "BOOT_IMAGE=/boot/vmlinuz-linux-lts pti=on", will be passed to user space.
[    0.041809] Dentry cache hash table entries: 1048576 (order: 11, 8388608 bytes, linear)
[    0.042019] Inode-cache hash table entries: 524288 (order: 10, 4194304 bytes, linear)
[    0.042117] mem auto-init: CONFIG_PAGE_POISONING is on, will take precedence over init_on_alloc and init_on_free
[    0.042228] mem auto-init: stack:byref_all(zero), heap alloc:off, heap free:off
[    0.579803] Memory: 7863764K/8203768K available (14344K kernel code, 2055K rwdata, 10756K rodata, 1980K init, 3832K bss, 339744K reserved, 0K cma-reserved)
[    0.579809] **********************************************************
[    0.579810] **   NOTICE NOTICE NOTICE NOTICE NOTICE NOTICE NOTICE   **
[    0.579811] **                                                      **
[    0.579811] ** This system shows unhashed kernel memory addresses   **
[    0.579812] ** via the console, logs, and other interfaces. This    **
[    0.579812] ** might reduce the security of your system.            **
[    0.579813] **                                                      **
[    0.579814] ** If you see this message and you are not debugging    **
[    0.579814] ** the kernel, report this immediately to your system   **
[    0.579815] ** administrator!                                       **
[    0.579815] **                                                      **
[    0.579816] **   NOTICE NOTICE NOTICE NOTICE NOTICE NOTICE NOTICE   **
[    0.579816] **********************************************************
[    0.580177] SLUB: HWalign=64, Order=0-3, MinObjects=0, CPUs=8, Nodes=1
[    0.580198] Kernel/User page tables isolation: enabled
[    0.580217] ftrace: allocating 44149 entries in 173 pages
[    0.596499] ftrace: allocated 173 pages with 5 groups
[    0.596668] rcu: Hierarchical RCU implementation.
[    0.596670] rcu: 	RCU restricting CPUs from NR_CPUS=320 to nr_cpu_ids=8.
[    0.596671] 	Rude variant of Tasks RCU enabled.
[    0.596672] 	Tracing variant of Tasks RCU enabled.
[    0.596672] rcu: RCU calculated value of scheduler-enlistment delay is 10 jiffies.
[    0.596673] rcu: Adjusting geometry for rcu_fanout_leaf=16, nr_cpu_ids=8
[    0.602911] NR_IRQS: 20736, nr_irqs: 488, preallocated irqs: 16
[    0.603222] kfence: initialized - using 2097152 bytes for 255 objects at 0xffff9da715400000-0xffff9da715600000
[    0.603233] random: crng init done
[    0.603269] Console: colour dummy device 80x25
[    0.603284] printk: console [tty0] enabled
[    0.603311] ACPI: Core revision 20210730
[    0.603515] clocksource: hpet: mask: 0xffffffff max_cycles: 0xffffffff, max_idle_ns: 133484882848 ns
[    0.603532] APIC: Switch to symmetric I/O mode setup
[    0.603603] x2apic: IRQ remapping doesn't support X2APIC mode
[    0.604032] ..TIMER: vector=0x30 apic1=0 pin1=2 apic2=-1 pin2=-1
[    0.653529] clocksource: tsc-early: mask: 0xffffffffffffffff max_cycles: 0x2564e2640a1, max_idle_ns: 440795253181 ns
[    0.653534] Calibrating delay loop (skipped), value calculated using timer frequency.. 5188.42 BogoMIPS (lpj=25942140)
[    0.653537] pid_max: default: 32768 minimum: 301
[    0.670497] LSM: Security Framework initializing
[    0.670520] landlock: Up and running.
[    0.670522] Yama: becoming mindful.
[    0.670578] AppArmor: AppArmor initialized
[    0.670583] LSM support for eBPF active
[    0.670639] Mount-cache hash table entries: 16384 (order: 5, 131072 bytes, linear)
[    0.670668] Mountpoint-cache hash table entries: 16384 (order: 5, 131072 bytes, linear)
[    0.671053] x86/cpu: VMX (outside TXT) disabled by BIOS
[    0.671060] CPU0: Thermal monitoring enabled (TM1)
[    0.671086] process: using mwait in idle threads
[    0.671088] Last level iTLB entries: 4KB 512, 2MB 8, 4MB 8
[    0.671090] Last level dTLB entries: 4KB 512, 2MB 32, 4MB 32, 1GB 0
[    0.671096] Spectre V1 : Mitigation: usercopy/swapgs barriers and __user pointer sanitization
[    0.671100] Spectre V2 : Mitigation: Retpolines
[    0.671100] Spectre V2 : Spectre v2 / SpectreRSB mitigation: Filling RSB on context switch
[    0.671101] Spectre V2 : Enabling Restricted Speculation for firmware calls
[    0.671103] Spectre V2 : mitigation: Enabling conditional Indirect Branch Prediction Barrier
[    0.671107] Speculative Store Bypass: Mitigation: Speculative Store Bypass disabled via prctl and seccomp
[    0.671110] MDS: Mitigation: Clear CPU buffers
[    0.671111] SRBDS: Vulnerable: No microcode
[    0.677031] Freeing SMP alternatives memory: 36K
[    0.677982] smpboot: Estimated ratio of average max frequency by base frequency (times 1024): 1220
[    0.677992] smpboot: CPU0: Intel(R) Core(TM) i5-3320M CPU @ 2.60GHz (family: 0x6, model: 0x3a, stepping: 0x9)
[    0.678289] Performance Events: PEBS fmt1+, IvyBridge events, 16-deep LBR, full-width counters, Intel PMU driver.
[    0.678299] ... version:                3
[    0.678300] ... bit width:              48
[    0.678301] ... generic registers:      8
[    0.678301] ... value mask:             0000ffffffffffff
[    0.678303] ... max period:             00007fffffffffff
[    0.678303] ... fixed-purpose events:   3
[    0.678304] ... event mask:             00000007000000ff
[    0.678451] rcu: Hierarchical SRCU implementation.
[    0.679744] NMI watchdog: Enabled. Permanently consumes one hw-PMU counter.
[    0.679903] smp: Bringing up secondary CPUs ...
[    0.680079] x86: Booting SMP configuration:
[    0.680080] .... node  #0, CPUs:      #1
[    0.683405] smp: Brought up 1 node, 2 CPUs
[    0.683405] smpboot: Max logical packages: 4
[    0.683405] smpboot: Total of 2 processors activated (10376.85 BogoMIPS)
[    0.683405] devtmpfs: initialized
[    0.683405] x86/mm: Memory block size: 128MB
[    0.683405] ACPI: PM: Registering ACPI NVS region [mem 0xdae9f000-0xdaf9efff] (1048576 bytes)
[    0.683405] clocksource: jiffies: mask: 0xffffffff max_cycles: 0xffffffff, max_idle_ns: 19112604462750000 ns
[    0.683405] futex hash table entries: 2048 (order: 5, 131072 bytes, linear)
[    0.683405] pinctrl core: initialized pinctrl subsystem
[    0.683405] PM: RTC time: 06:51:24, date: 2022-06-20
[    0.683405] NET: Registered PF_NETLINK/PF_ROUTE protocol family
[    0.683405] DMA: preallocated 1024 KiB GFP_KERNEL pool for atomic allocations
[    0.683405] DMA: preallocated 1024 KiB GFP_KERNEL|GFP_DMA pool for atomic allocations
[    0.683405] DMA: preallocated 1024 KiB GFP_KERNEL|GFP_DMA32 pool for atomic allocations
[    0.683405] audit: initializing netlink subsys (enabled)
[    0.683405] audit: type=2000 audit(1655707883.070:1): state=initialized audit_enabled=1 res=1
[    0.683405] thermal_sys: Registered thermal governor 'fair_share'
[    0.683405] thermal_sys: Registered thermal governor 'bang_bang'
[    0.683405] thermal_sys: Registered thermal governor 'step_wise'
[    0.683405] thermal_sys: Registered thermal governor 'user_space'
[    0.683405] thermal_sys: Registered thermal governor 'power_allocator'
[    0.683405] cpuidle: using governor ladder
[    0.683405] cpuidle: using governor menu
[    0.683405] ACPI FADT declares the system doesn't support PCIe ASPM, so disable it
[    0.683405] ACPI: bus type PCI registered
[    0.683405] acpiphp: ACPI Hot Plug PCI Controller Driver version: 0.5
[    0.683405] PCI: MMCONFIG for domain 0000 [bus 00-3f] at [mem 0xf8000000-0xfbffffff] (base 0xf8000000)
[    0.683405] PCI: not using MMCONFIG
[    0.683405] PCI: Using configuration type 1 for base access
[    0.683405] core: PMU erratum BJ122, BV98, HSD29 workaround disabled, HT off
[    0.683616] ENERGY_PERF_BIAS: Set to 'normal', was 'performance'
[    0.685514] Kprobes globally optimized
[    0.685519] HugeTLB: can free 6 vmemmap pages for hugepages-2048kB
[    0.685519] HugeTLB registered 2.00 MiB page size, pre-allocated 0 pages
[    0.685519] ACPI: Added _OSI(Module Device)
[    0.685519] ACPI: Added _OSI(Processor Device)
[    0.685519] ACPI: Added _OSI(3.0 _SCP Extensions)
[    0.685519] ACPI: Added _OSI(Processor Aggregator Device)
[    0.685519] ACPI: Added _OSI(Linux-Dell-Video)
[    0.685519] ACPI: Added _OSI(Linux-Lenovo-NV-HDMI-Audio)
[    0.685519] ACPI: Added _OSI(Linux-HPI-Hybrid-Graphics)
[    0.715381] ACPI: 6 ACPI AML tables successfully acquired and loaded
[    0.716266] ACPI: EC: EC started
[    0.716267] ACPI: EC: interrupt blocked
[    0.716849] ACPI: EC: EC_CMD/EC_SC=0x66, EC_DATA=0x62
[    0.716851] ACPI: EC: Boot ECDT EC used to handle transactions
[    0.717313] ACPI: [Firmware Bug]: BIOS _OSI(Linux) query ignored
[    0.721652] ACPI: Dynamic OEM Table Load:
[    0.721662] ACPI: SSDT 0xFFFF9DA60027C000 000A01 (v01 PmRef  Cpu0Cst  00003001 INTL 20061109)
[    0.722905] ACPI: Dynamic OEM Table Load:
[    0.722911] ACPI: SSDT 0xFFFF9DA600D8D000 000303 (v01 PmRef  ApIst    00003000 INTL 20061109)
[    0.723770] ACPI: Dynamic OEM Table Load:
[    0.723776] ACPI: SSDT 0xFFFF9DA600A43C00 000119 (v01 PmRef  ApCst    00003000 INTL 20061109)
[    0.724786] ACPI: Interpreter enabled
[    0.724815] ACPI: PM: (supports S0 S3 S4 S5)
[    0.724816] ACPI: Using IOAPIC for interrupt routing
[    0.724860] PCI: MMCONFIG for domain 0000 [bus 00-3f] at [mem 0xf8000000-0xfbffffff] (base 0xf8000000)
[    0.725771] PCI: MMCONFIG at [mem 0xf8000000-0xfbffffff] reserved in ACPI motherboard resources
[    0.725782] PCI: Using host bridge windows from ACPI; if necessary, use "pci=nocrs" and report a bug
[    0.726259] ACPI: Enabled 6 GPEs in block 00 to 3F
[    0.731619] ACPI: PM: Power Resource [PUBS]
[    0.732243] acpi PNP0C0A:01: ACPI dock station (docks/bays count: 1)
[    0.734543] acpi LNXIOBAY:00: ACPI dock station (docks/bays count: 2)
[    0.739078] ACPI: PCI: Interrupt link LNKA configured for IRQ 0
[    0.739080] ACPI: PCI: Interrupt link LNKA disabled
[    0.739249] ACPI: PCI: Interrupt link LNKB configured for IRQ 0
[    0.739250] ACPI: PCI: Interrupt link LNKB disabled
[    0.739421] ACPI: PCI: Interrupt link LNKC configured for IRQ 0
[    0.739422] ACPI: PCI: Interrupt link LNKC disabled
[    0.739589] ACPI: PCI: Interrupt link LNKD configured for IRQ 0
[    0.739590] ACPI: PCI: Interrupt link LNKD disabled
[    0.739758] ACPI: PCI: Interrupt link LNKE configured for IRQ 0
[    0.739760] ACPI: PCI: Interrupt link LNKE disabled
[    0.739926] ACPI: PCI: Interrupt link LNKF configured for IRQ 0
[    0.739928] ACPI: PCI: Interrupt link LNKF disabled
[    0.740095] ACPI: PCI: Interrupt link LNKG configured for IRQ 0
[    0.740096] ACPI: PCI: Interrupt link LNKG disabled
[    0.740263] ACPI: PCI: Interrupt link LNKH configured for IRQ 0
[    0.740264] ACPI: PCI: Interrupt link LNKH disabled
[    0.740414] ACPI: PCI Root Bridge [PCI0] (domain 0000 [bus 00-3f])
[    0.740422] acpi PNP0A08:00: _OSC: OS supports [ExtendedConfig ASPM ClockPM Segments MSI EDR HPX-Type3]
[    0.740780] acpi PNP0A08:00: _OSC: platform does not support [SHPCHotplug PCIeCapability LTR DPC]
[    0.740948] acpi PNP0A08:00: _OSC: not requesting control; platform does not support [PCIeCapability]
[    0.740950] acpi PNP0A08:00: _OSC: OS requested [PCIeHotplug SHPCHotplug PME AER PCIeCapability LTR DPC]
[    0.740952] acpi PNP0A08:00: _OSC: platform willing to grant [PCIeHotplug PME AER]
[    0.740953] acpi PNP0A08:00: _OSC: platform retains control of PCIe features (AE_SUPPORT)
[    0.741331] PCI host bridge to bus 0000:00
[    0.741333] pci_bus 0000:00: root bus resource [io  0x0000-0x0cf7 window]
[    0.741335] pci_bus 0000:00: root bus resource [io  0x0d00-0xffff window]
[    0.741337] pci_bus 0000:00: root bus resource [mem 0x000a0000-0x000bffff window]
[    0.741339] pci_bus 0000:00: root bus resource [mem 0x000c0000-0x000c3fff window]
[    0.741341] pci_bus 0000:00: root bus resource [mem 0x000c4000-0x000c7fff window]
[    0.741342] pci_bus 0000:00: root bus resource [mem 0x000c8000-0x000cbfff window]
[    0.741344] pci_bus 0000:00: root bus resource [mem 0x000cc000-0x000cffff window]
[    0.741345] pci_bus 0000:00: root bus resource [mem 0x000d0000-0x000d3fff window]
[    0.741347] pci_bus 0000:00: root bus resource [mem 0x000d4000-0x000d7fff window]
[    0.741351] pci_bus 0000:00: root bus resource [mem 0x000d8000-0x000dbfff window]
[    0.741353] pci_bus 0000:00: root bus resource [mem 0x000dc000-0x000dffff window]
[    0.741355] pci_bus 0000:00: root bus resource [mem 0x000e0000-0x000e3fff window]
[    0.741357] pci_bus 0000:00: root bus resource [mem 0x000e4000-0x000e7fff window]
[    0.741359] pci_bus 0000:00: root bus resource [mem 0x000e8000-0x000ebfff window]
[    0.741360] pci_bus 0000:00: root bus resource [mem 0x000ec000-0x000effff window]
[    0.741362] pci_bus 0000:00: root bus resource [mem 0xdfa00000-0xfebfffff window]
[    0.741364] pci_bus 0000:00: root bus resource [mem 0xfed40000-0xfed4bfff window]
[    0.741366] pci_bus 0000:00: root bus resource [bus 00-3f]
[    0.741428] pci 0000:00:00.0: [8086:0154] type 00 class 0x060000
[    0.741638] pci 0000:00:02.0: [8086:0166] type 00 class 0x030000
[    0.741646] pci 0000:00:02.0: reg 0x10: [mem 0xf0000000-0xf03fffff 64bit]
[    0.741652] pci 0000:00:02.0: reg 0x18: [mem 0xe0000000-0xefffffff 64bit pref]
[    0.741656] pci 0000:00:02.0: reg 0x20: [io  0x6000-0x603f]
[    0.741670] pci 0000:00:02.0: BAR 2: assigned to efifb
[    0.741674] pci 0000:00:02.0: Video device with shadowed ROM at [mem 0x000c0000-0x000dffff]
[    0.741863] pci 0000:00:16.0: [8086:1e3a] type 00 class 0x078000
[    0.741884] pci 0000:00:16.0: reg 0x10: [mem 0xf2525000-0xf252500f 64bit]
[    0.741962] pci 0000:00:16.0: PME# supported from D0 D3hot D3cold
[    0.742165] pci 0000:00:19.0: [8086:1502] type 00 class 0x020000
[    0.742179] pci 0000:00:19.0: reg 0x10: [mem 0xf2500000-0xf251ffff]
[    0.742188] pci 0000:00:19.0: reg 0x14: [mem 0xf252b000-0xf252bfff]
[    0.742197] pci 0000:00:19.0: reg 0x18: [io  0x6080-0x609f]
[    0.742259] pci 0000:00:19.0: PME# supported from D0 D3hot D3cold
[    0.742482] pci 0000:00:1a.0: [8086:1e2d] type 00 class 0x0c0320
[    0.742498] pci 0000:00:1a.0: reg 0x10: [mem 0xf252a000-0xf252a3ff]
[    0.742584] pci 0000:00:1a.0: PME# supported from D0 D3hot D3cold
[    0.742800] pci 0000:00:1b.0: [8086:1e20] type 00 class 0x040300
[    0.742818] pci 0000:00:1b.0: reg 0x10: [mem 0xf2520000-0xf2523fff 64bit]
[    0.742901] pci 0000:00:1b.0: PME# supported from D0 D3hot D3cold
[    0.743122] pci 0000:00:1c.0: [8086:1e10] type 01 class 0x060400
[    0.743216] pci 0000:00:1c.0: PME# supported from D0 D3hot D3cold
[    0.743436] pci 0000:00:1c.1: [8086:1e12] type 01 class 0x060400
[    0.743529] pci 0000:00:1c.1: PME# supported from D0 D3hot D3cold
[    0.743761] pci 0000:00:1c.2: [8086:1e14] type 01 class 0x060400
[    0.743855] pci 0000:00:1c.2: PME# supported from D0 D3hot D3cold
[    0.744077] pci 0000:00:1d.0: [8086:1e26] type 00 class 0x0c0320
[    0.744094] pci 0000:00:1d.0: reg 0x10: [mem 0xf2529000-0xf25293ff]
[    0.744181] pci 0000:00:1d.0: PME# supported from D0 D3hot D3cold
[    0.744396] pci 0000:00:1f.0: [8086:1e55] type 00 class 0x060100
[    0.744695] pci 0000:00:1f.2: [8086:1e03] type 00 class 0x010601
[    0.744708] pci 0000:00:1f.2: reg 0x10: [io  0x60a8-0x60af]
[    0.744716] pci 0000:00:1f.2: reg 0x14: [io  0x60b4-0x60b7]
[    0.744724] pci 0000:00:1f.2: reg 0x18: [io  0x60a0-0x60a7]
[    0.744732] pci 0000:00:1f.2: reg 0x1c: [io  0x60b0-0x60b3]
[    0.744740] pci 0000:00:1f.2: reg 0x20: [io  0x6060-0x607f]
[    0.744748] pci 0000:00:1f.2: reg 0x24: [mem 0xf2528000-0xf25287ff]
[    0.744791] pci 0000:00:1f.2: PME# supported from D3hot
[    0.744994] pci 0000:00:1f.3: [8086:1e22] type 00 class 0x0c0500
[    0.745012] pci 0000:00:1f.3: reg 0x10: [mem 0xf2524000-0xf25240ff 64bit]
[    0.745033] pci 0000:00:1f.3: reg 0x20: [io  0xefa0-0xefbf]
[    0.745367] pci 0000:02:00.0: MMC controller base frequency changed to 50Mhz.
[    0.745371] pci 0000:02:00.0: [1180:e823] type 00 class 0x088001
[    0.745405] pci 0000:02:00.0: reg 0x10: [mem 0xf1d00000-0xf1d000ff]
[    0.745679] pci 0000:02:00.0: supports D1 D2
[    0.745681] pci 0000:02:00.0: PME# supported from D0 D1 D2 D3hot D3cold
[    0.746058] pci 0000:00:1c.0: PCI bridge to [bus 02]
[    0.746064] pci 0000:00:1c.0:   bridge window [io  0x5000-0x5fff]
[    0.746068] pci 0000:00:1c.0:   bridge window [mem 0xf1d00000-0xf24fffff]
[    0.746074] pci 0000:00:1c.0:   bridge window [mem 0xf0400000-0xf0bfffff 64bit pref]
[    0.746167] pci 0000:03:00.0: [8086:4238] type 00 class 0x028000
[    0.746223] pci 0000:03:00.0: reg 0x10: [mem 0xf1c00000-0xf1c01fff 64bit]
[    0.746483] pci 0000:03:00.0: PME# supported from D0 D3hot D3cold
[    0.746661] pci 0000:00:1c.1: PCI bridge to [bus 03]
[    0.746667] pci 0000:00:1c.1:   bridge window [mem 0xf1c00000-0xf1cfffff]
[    0.746770] acpiphp: Slot [1] registered
[    0.746776] pci 0000:00:1c.2: PCI bridge to [bus 04-0b]
[    0.746781] pci 0000:00:1c.2:   bridge window [io  0x4000-0x4fff]
[    0.746785] pci 0000:00:1c.2:   bridge window [mem 0xf1400000-0xf1bfffff]
[    0.746791] pci 0000:00:1c.2:   bridge window [mem 0xf0c00000-0xf13fffff 64bit pref]
[    0.748547] ACPI: EC: interrupt unblocked
[    0.748549] ACPI: EC: event unblocked
[    0.748554] ACPI: EC: EC_CMD/EC_SC=0x66, EC_DATA=0x62
[    0.748555] ACPI: EC: GPE=0x11
[    0.748557] ACPI: \_SB_.PCI0.LPC_.EC__: Boot ECDT EC initialization complete
[    0.748560] ACPI: \_SB_.PCI0.LPC_.EC__: EC: Used to handle transactions and events
[    0.748658] iommu: Default domain type: Translated 
[    0.748659] iommu: DMA domain TLB invalidation policy: strict mode (set via kernel command line)
[    0.748680] pci 0000:00:02.0: vgaarb: VGA device added: decodes=io+mem,owns=mem,locks=none
[    0.748680] pci 0000:00:02.0: vgaarb: bridge control possible
[    0.748680] pci 0000:00:02.0: vgaarb: setting as boot device
[    0.748680] vgaarb: loaded
[    0.748680] SCSI subsystem initialized
[    0.748680] libata version 3.00 loaded.
[    0.748680] ACPI: bus type USB registered
[    0.748680] usbcore: registered new interface driver usbfs
[    0.748680] usbcore: registered new interface driver hub
[    0.748680] usbcore: registered new device driver usb
[    0.748680] pps_core: LinuxPPS API ver. 1 registered
[    0.748680] pps_core: Software ver. 5.3.6 - Copyright 2005-2007 Rodolfo Giometti <giometti@linux.it>
[    0.748680] PTP clock support registered
[    0.748680] EDAC MC: Ver: 3.0.0
[    0.748680] Registered efivars operations
[    0.748680] NetLabel: Initializing
[    0.748680] NetLabel:  domain hash size = 128
[    0.748680] NetLabel:  protocols = UNLABELED CIPSOv4 CALIPSO
[    0.748680] audit: type=1409 audit(1655707883.140:2): netlabel: auid=0 ses=0 subj==unconfined nlbl_domain=(default) nlbl_protocol=unlbl res=1
[    0.748680] NetLabel:  unlabeled traffic allowed by default
[    0.748680] audit: type=1406 audit(1655707883.140:3): netlabel: auid=0 ses=0 subj==unconfined unlbl_accept=1 old=0
[    0.748680] PCI: Using ACPI for IRQ routing
[    0.748680] PCI: pci_cache_line_size set to 64 bytes
[    0.748680] e820: reserve RAM buffer [mem 0x0009c000-0x0009ffff]
[    0.748680] e820: reserve RAM buffer [mem 0x0009e000-0x0009ffff]
[    0.748680] e820: reserve RAM buffer [mem 0x40004000-0x43ffffff]
[    0.748680] e820: reserve RAM buffer [mem 0xd0159000-0xd3ffffff]
[    0.748680] e820: reserve RAM buffer [mem 0xd3700000-0xd3ffffff]
[    0.748680] e820: reserve RAM buffer [mem 0xd69e4000-0xd7ffffff]
[    0.748680] e820: reserve RAM buffer [mem 0xdb000000-0xdbffffff]
[    0.748680] e820: reserve RAM buffer [mem 0x21e600000-0x21fffffff]
[    0.748680] hpet0: at MMIO 0xfed00000, IRQs 2, 8, 0, 0, 0, 0, 0, 0
[    0.748680] hpet0: 8 comparators, 64-bit 14.318180 MHz counter
[    0.754626] clocksource: Switched to clocksource tsc-early
[    0.769564] VFS: Disk quotas dquot_6.6.0
[    0.769583] VFS: Dquot-cache hash table entries: 512 (order 0, 4096 bytes)
[    0.769774] AppArmor: AppArmor Filesystem Enabled
[    0.769831] pnp: PnP ACPI init
[    0.770723] system 00:00: [mem 0x00000000-0x0009ffff] could not be reserved
[    0.770729] system 00:00: [mem 0x000f0000-0x000fffff] could not be reserved
[    0.770731] system 00:00: [mem 0x00100000-0xdf9fffff] could not be reserved
[    0.770734] system 00:00: [mem 0xfec00000-0xffffffff] could not be reserved
[    0.770978] pnp 00:01: [Firmware Bug]: PNP resource [mem 0xfed10000-0xfed13fff] covers only part of 0000:00:00.0 Intel MCH; extending to [mem 0xfed10000-0xfed17fff]
[    0.771008] system 00:01: [io  0x0400-0x047f] has been reserved
[    0.771010] system 00:01: [io  0x0500-0x057f] has been reserved
[    0.771012] system 00:01: [io  0x0800-0x080f] has been reserved
[    0.771015] system 00:01: [io  0x15e0-0x15ef] has been reserved
[    0.771017] system 00:01: [io  0x1600-0x167f] has been reserved
[    0.771020] system 00:01: [mem 0xf8000000-0xfbffffff] could not be reserved
[    0.771023] system 00:01: [mem 0xfffff000-0xffffffff] has been reserved
[    0.771026] system 00:01: [mem 0xfed1c000-0xfed1ffff] has been reserved
[    0.771029] system 00:01: [mem 0xfed10000-0xfed17fff] has been reserved
[    0.771031] system 00:01: [mem 0xfed18000-0xfed18fff] has been reserved
[    0.771034] system 00:01: [mem 0xfed19000-0xfed19fff] has been reserved
[    0.771036] system 00:01: [mem 0xfed45000-0xfed4bfff] has been reserved
[    0.771039] system 00:01: [mem 0xfed40000-0xfed44fff] has been reserved
[    0.771318] audit: type=1400 audit(1655707883.150:4): apparmor="STATUS" info="AppArmor Filesystem Enabled" pid=1 comm="swapper/0"
[    0.772013] pnp: PnP ACPI: found 5 devices
[    0.778449] clocksource: acpi_pm: mask: 0xffffff max_cycles: 0xffffff, max_idle_ns: 2085701024 ns
[    0.778536] NET: Registered PF_INET protocol family
[    0.778745] IP idents hash table entries: 131072 (order: 8, 1048576 bytes, linear)
[    0.779910] tcp_listen_portaddr_hash hash table entries: 4096 (order: 4, 65536 bytes, linear)
[    0.779952] Table-perturb hash table entries: 65536 (order: 6, 262144 bytes, linear)
[    0.780023] TCP established hash table entries: 65536 (order: 7, 524288 bytes, linear)
[    0.780236] TCP bind hash table entries: 65536 (order: 8, 1048576 bytes, linear)
[    0.780340] TCP: Hash tables configured (established 65536 bind 65536)
[    0.780470] MPTCP token hash table entries: 8192 (order: 5, 196608 bytes, linear)
[    0.780528] UDP hash table entries: 4096 (order: 5, 131072 bytes, linear)
[    0.780564] UDP-Lite hash table entries: 4096 (order: 5, 131072 bytes, linear)
[    0.780648] NET: Registered PF_UNIX/PF_LOCAL protocol family
[    0.780655] NET: Registered PF_XDP protocol family
[    0.780667] pci 0000:00:1c.0: PCI bridge to [bus 02]
[    0.780672] pci 0000:00:1c.0:   bridge window [io  0x5000-0x5fff]
[    0.780679] pci 0000:00:1c.0:   bridge window [mem 0xf1d00000-0xf24fffff]
[    0.780683] pci 0000:00:1c.0:   bridge window [mem 0xf0400000-0xf0bfffff 64bit pref]
[    0.780690] pci 0000:00:1c.1: PCI bridge to [bus 03]
[    0.780694] pci 0000:00:1c.1:   bridge window [mem 0xf1c00000-0xf1cfffff]
[    0.780703] pci 0000:00:1c.2: PCI bridge to [bus 04-0b]
[    0.780706] pci 0000:00:1c.2:   bridge window [io  0x4000-0x4fff]
[    0.780711] pci 0000:00:1c.2:   bridge window [mem 0xf1400000-0xf1bfffff]
[    0.780715] pci 0000:00:1c.2:   bridge window [mem 0xf0c00000-0xf13fffff 64bit pref]
[    0.780722] pci_bus 0000:00: resource 4 [io  0x0000-0x0cf7 window]
[    0.780724] pci_bus 0000:00: resource 5 [io  0x0d00-0xffff window]
[    0.780726] pci_bus 0000:00: resource 6 [mem 0x000a0000-0x000bffff window]
[    0.780727] pci_bus 0000:00: resource 7 [mem 0x000c0000-0x000c3fff window]
[    0.780729] pci_bus 0000:00: resource 8 [mem 0x000c4000-0x000c7fff window]
[    0.780730] pci_bus 0000:00: resource 9 [mem 0x000c8000-0x000cbfff window]
[    0.780732] pci_bus 0000:00: resource 10 [mem 0x000cc000-0x000cffff window]
[    0.780734] pci_bus 0000:00: resource 11 [mem 0x000d0000-0x000d3fff window]
[    0.780735] pci_bus 0000:00: resource 12 [mem 0x000d4000-0x000d7fff window]
[    0.780737] pci_bus 0000:00: resource 13 [mem 0x000d8000-0x000dbfff window]
[    0.780738] pci_bus 0000:00: resource 14 [mem 0x000dc000-0x000dffff window]
[    0.780740] pci_bus 0000:00: resource 15 [mem 0x000e0000-0x000e3fff window]
[    0.780741] pci_bus 0000:00: resource 16 [mem 0x000e4000-0x000e7fff window]
[    0.780742] pci_bus 0000:00: resource 17 [mem 0x000e8000-0x000ebfff window]
[    0.780744] pci_bus 0000:00: resource 18 [mem 0x000ec000-0x000effff window]
[    0.780745] pci_bus 0000:00: resource 19 [mem 0xdfa00000-0xfebfffff window]
[    0.780747] pci_bus 0000:00: resource 20 [mem 0xfed40000-0xfed4bfff window]
[    0.780749] pci_bus 0000:02: resource 0 [io  0x5000-0x5fff]
[    0.780750] pci_bus 0000:02: resource 1 [mem 0xf1d00000-0xf24fffff]
[    0.780752] pci_bus 0000:02: resource 2 [mem 0xf0400000-0xf0bfffff 64bit pref]
[    0.780753] pci_bus 0000:03: resource 1 [mem 0xf1c00000-0xf1cfffff]
[    0.780755] pci_bus 0000:04: resource 0 [io  0x4000-0x4fff]
[    0.780756] pci_bus 0000:04: resource 1 [mem 0xf1400000-0xf1bfffff]
[    0.780758] pci_bus 0000:04: resource 2 [mem 0xf0c00000-0xf13fffff 64bit pref]
[    0.781553] PCI: CLS 64 bytes, default 64
[    0.781565] PCI-DMA: Using software bounce buffering for IO (SWIOTLB)
[    0.781566] software IO TLB: mapped [mem 0x00000000c9dba000-0x00000000cddba000] (64MB)
[    0.781626] Trying to unpack rootfs image as initramfs...
[    0.782379] Initialise system trusted keyrings
[    0.782394] Key type blacklist registered
[    0.793584] workingset: timestamp_bits=41 max_order=21 bucket_order=0
[    0.796006] zbud: loaded
[    0.807735] Key type asymmetric registered
[    0.807737] Asymmetric key parser 'x509' registered
[    0.807781] Block layer SCSI generic (bsg) driver version 0.4 loaded (major 242)
[    0.807821] io scheduler mq-deadline registered
[    0.807822] io scheduler kyber registered
[    0.807864] io scheduler bfq registered
[    0.808772] shpchp: Standard Hot Plug PCI Controller Driver version: 0.4
[    0.809416] ACPI: AC: AC Adapter [AC] (on-line)
[    0.809485] input: Lid Switch as /devices/LNXSYSTM:00/LNXSYBUS:00/PNP0C0D:00/input/input0
[    0.809525] ACPI: button: Lid Switch [LID]
[    0.809568] input: Sleep Button as /devices/LNXSYSTM:00/LNXSYBUS:00/PNP0C0E:00/input/input1
[    0.809600] ACPI: button: Sleep Button [SLPB]
[    0.809647] input: Power Button as /devices/LNXSYSTM:00/LNXPWRBN:00/input/input2
[    0.809679] ACPI: button: Power Button [PWRF]
[    0.811675] thermal LNXTHERM:00: registered as thermal_zone0
[    0.811679] ACPI: thermal: Thermal Zone [THM0] (49 C)
[    0.811856] Serial: 8250/16550 driver, 32 ports, IRQ sharing enabled
[    0.815810] Non-volatile memory driver v1.3
[    0.815812] Linux agpgart interface v0.103
[    0.815814] AMD-Vi: AMD IOMMUv2 functionality not available on this system - This is not a bug.
[    0.824400] ahci 0000:00:1f.2: version 3.0
[    0.824603] ahci 0000:00:1f.2: SSS flag set, parallel bus scan disabled
[    0.825511] ACPI: battery: Slot [BAT0] (battery present)
[    0.843569] ahci 0000:00:1f.2: AHCI 0001.0300 32 slots 6 ports 6 Gbps 0x13 impl SATA mode
[    0.843574] ahci 0000:00:1f.2: flags: 64bit ncq ilck stag pm led clo pio slum part ems sxs apst 
[    0.904318] scsi host0: ahci
[    0.904511] scsi host1: ahci
[    0.904648] scsi host2: ahci
[    0.904784] scsi host3: ahci
[    0.904911] scsi host4: ahci
[    0.905053] scsi host5: ahci
[    0.905110] ata1: SATA max UDMA/133 abar m2048@0xf2528000 port 0xf2528100 irq 24
[    0.905114] ata2: SATA max UDMA/133 abar m2048@0xf2528000 port 0xf2528180 irq 24
[    0.905115] ata3: DUMMY
[    0.905117] ata4: DUMMY
[    0.905119] ata5: SATA max UDMA/133 abar m2048@0xf2528000 port 0xf2528300 irq 24
[    0.905120] ata6: DUMMY
[    0.905176] ehci_hcd: USB 2.0 'Enhanced' Host Controller (EHCI) Driver
[    0.905188] ehci-pci: EHCI PCI platform driver
[    0.905363] ehci-pci 0000:00:1a.0: EHCI Host Controller
[    0.905371] ehci-pci 0000:00:1a.0: new USB bus registered, assigned bus number 1
[    0.905385] ehci-pci 0000:00:1a.0: debug port 2
[    0.909313] ehci-pci 0000:00:1a.0: irq 16, io mem 0xf252a000
[    0.933553] ehci-pci 0000:00:1a.0: USB 2.0 started, EHCI 1.00
[    0.933665] usb usb1: New USB device found, idVendor=1d6b, idProduct=0002, bcdDevice= 5.15
[    0.933668] usb usb1: New USB device strings: Mfr=3, Product=2, SerialNumber=1
[    0.933670] usb usb1: Product: EHCI Host Controller
[    0.933672] usb usb1: Manufacturer: Linux 5.15.48-1-lts ehci_hcd
[    0.933673] usb usb1: SerialNumber: 0000:00:1a.0
[    0.933842] hub 1-0:1.0: USB hub found
[    0.933853] hub 1-0:1.0: 3 ports detected
[    0.934289] ehci-pci 0000:00:1d.0: EHCI Host Controller
[    0.934298] ehci-pci 0000:00:1d.0: new USB bus registered, assigned bus number 2
[    0.934311] ehci-pci 0000:00:1d.0: debug port 2
[    0.938242] ehci-pci 0000:00:1d.0: irq 23, io mem 0xf2529000
[    0.963558] ehci-pci 0000:00:1d.0: USB 2.0 started, EHCI 1.00
[    0.963650] usb usb2: New USB device found, idVendor=1d6b, idProduct=0002, bcdDevice= 5.15
[    0.963654] usb usb2: New USB device strings: Mfr=3, Product=2, SerialNumber=1
[    0.963655] usb usb2: Product: EHCI Host Controller
[    0.963657] usb usb2: Manufacturer: Linux 5.15.48-1-lts ehci_hcd
[    0.963658] usb usb2: SerialNumber: 0000:00:1d.0
[    0.963817] hub 2-0:1.0: USB hub found
[    0.963828] hub 2-0:1.0: 3 ports detected
[    0.964095] ohci_hcd: USB 1.1 'Open' Host Controller (OHCI) Driver
[    0.964100] ohci-pci: OHCI PCI platform driver
[    0.964112] uhci_hcd: USB Universal Host Controller Interface driver
[    0.964194] usbcore: registered new interface driver usbserial_generic
[    0.964200] usbserial: USB Serial support registered for generic
[    0.964315] rtc_cmos 00:02: RTC can wake from S4
[    0.964564] rtc_cmos 00:02: registered as rtc0
[    0.964597] rtc_cmos 00:02: setting system clock to 2022-06-20T06:51:24 UTC (1655707884)
[    0.964616] rtc_cmos 00:02: alarms up to one month, y3k, 114 bytes nvram, hpet irqs
[    0.964746] intel_pstate: Intel P-state driver initializing
[    0.965049] ledtrig-cpu: registered to indicate activity on CPUs
[    0.965418] efifb: probing for efifb
[    0.965431] efifb: framebuffer at 0xe0000000, using 1216k, total 1216k
[    0.965433] efifb: mode is 640x480x32, linelength=2560, pages=1
[    0.965434] efifb: scrolling: redraw
[    0.965435] efifb: Truecolor: size=8:8:8:8, shift=24:16:8:0
[    0.965485] fbcon: Deferring console take-over
[    0.965486] fb0: EFI VGA frame buffer device
[    0.965503] hid: raw HID events driver (C) Jiri Kosina
[    0.965575] drop_monitor: Initializing network drop monitor service
[    0.965636] Initializing XFRM netlink socket
[    0.965767] NET: Registered PF_INET6 protocol family
[    1.223560] usb 1-1: new high-speed USB device number 2 using ehci-pci
[    1.243554] ata1: SATA link up 6.0 Gbps (SStatus 133 SControl 300)
[    1.246533] ata1.00: ACPI cmd ef/02:00:00:00:00:a0 (SET FEATURES) succeeded
[    1.246538] ata1.00: ACPI cmd f5/00:00:00:00:00:a0 (SECURITY FREEZE LOCK) filtered out
[    1.246540] ata1.00: ACPI cmd ef/10:03:00:00:00:a0 (SET FEATURES) filtered out
[    1.246708] ata1.00: supports DRM functions and may not be fully accessible
[    1.246711] ata1.00: ATA-9: SAMSUNG MZ7TD256HAFV-000L7, DXT06L6Q, max UDMA/133
[    1.247575] ata1.00: NCQ Send/Recv Log not supported
[    1.247578] ata1.00: 500118192 sectors, multi 1: LBA48 NCQ (depth 32), AA
[    1.247904] ata1.00: Features: Trust Dev-Sleep
[    1.248150] ata1.00: ACPI cmd ef/02:00:00:00:00:a0 (SET FEATURES) succeeded
[    1.248154] ata1.00: ACPI cmd f5/00:00:00:00:00:a0 (SECURITY FREEZE LOCK) filtered out
[    1.248156] ata1.00: ACPI cmd ef/10:03:00:00:00:a0 (SET FEATURES) filtered out
[    1.248277] ata1.00: supports DRM functions and may not be fully accessible
[    1.248356] ata1.00: NCQ Send/Recv Log not supported
[    1.248647] ata1.00: configured for UDMA/133
[    1.248826] scsi 0:0:0:0: Direct-Access     ATA      SAMSUNG MZ7TD256 6L6Q PQ: 0 ANSI: 5
[    1.249120] sd 0:0:0:0: [sda] 500118192 512-byte logical blocks: (256 GB/238 GiB)
[    1.249131] sd 0:0:0:0: [sda] Write Protect is off
[    1.249133] sd 0:0:0:0: [sda] Mode Sense: 00 3a 00 00
[    1.249148] sd 0:0:0:0: [sda] Write cache: enabled, read cache: enabled, doesn't support DPO or FUA
[    1.253553] usb 2-1: new high-speed USB device number 2 using ehci-pci
[    1.325306] Freeing initrd memory: 11648K
[    1.330684] Segment Routing with IPv6
[    1.330686] RPL Segment Routing with IPv6
[    1.330701] In-situ OAM (IOAM) with IPv6
[    1.330728] NET: Registered PF_PACKET protocol family
[    1.331035] microcode: sig=0x306a9, pf=0x10, revision=0x21
[    1.331041] microcode: Microcode Update Driver: v2.2.
[    1.331047] IPI shorthand broadcast: enabled
[    1.331064] sched_clock: Marking stable (1330442467, 403124)->(1346797439, -15951848)
[    1.331197] registered taskstats version 1
[    1.331245] Loading compiled-in X.509 certificates
[    1.334363] Loaded X.509 cert 'Build time autogenerated kernel key: 2beedf442b152bbc6bcc97dff97cd092e045a94e'
[    1.334765] zswap: loaded using pool lz4/z3fold
[    1.334958] Key type ._fscrypt registered
[    1.334960] Key type .fscrypt registered
[    1.334960] Key type fscrypt-provisioning registered
[    1.335015] AppArmor: AppArmor sha1 policy hashing enabled
[    1.335018] audit: type=1400 audit(1655707884.859:5): apparmor="STATUS" info="AppArmor sha1 policy hashing enabled" pid=1 comm="swapper/0"
[    1.335412] PM:   Magic number: 10:476:873
[    1.335657] RAS: Correctable Errors collector initialized.
[    1.370365]  sda: sda1 sda2 sda3
[    1.414483] sd 0:0:0:0: [sda] supports TCG Opal
[    1.414489] sd 0:0:0:0: [sda] Attached SCSI disk
[    1.424120] usb 1-1: New USB device found, idVendor=8087, idProduct=0024, bcdDevice= 0.00
[    1.424125] usb 1-1: New USB device strings: Mfr=0, Product=0, SerialNumber=0
[    1.424641] hub 1-1:1.0: USB hub found
[    1.424750] hub 1-1:1.0: 6 ports detected
[    1.454367] usb 2-1: New USB device found, idVendor=8087, idProduct=0024, bcdDevice= 0.00
[    1.454373] usb 2-1: New USB device strings: Mfr=0, Product=0, SerialNumber=0
[    1.454922] hub 2-1:1.0: USB hub found
[    1.455187] hub 2-1:1.0: 8 ports detected
[    1.583612] ata2: SATA link up 1.5 Gbps (SStatus 113 SControl 300)
[    1.586498] ata2.00: ACPI cmd e3/00:1f:00:00:00:a0 (IDLE) succeeded
[    1.586710] ata2.00: ACPI cmd e3/00:02:00:00:00:a0 (IDLE) succeeded
[    1.586715] ata2.00: ACPI cmd ef/10:03:00:00:00:a0 (SET FEATURES) filtered out
[    1.588714] ata2.00: ATAPI: HL-DT-ST DVDRAM GT80N, LT21, max UDMA/133
[    1.591853] ata2.00: ACPI cmd e3/00:1f:00:00:00:a0 (IDLE) succeeded
[    1.592581] ata2.00: ACPI cmd e3/00:02:00:00:00:a0 (IDLE) succeeded
[    1.592585] ata2.00: ACPI cmd ef/10:03:00:00:00:a0 (SET FEATURES) filtered out
[    1.595045] ata2.00: configured for UDMA/133
[    1.615161] scsi 1:0:0:0: CD-ROM            HL-DT-ST DVDRAM GT80N     LT21 PQ: 0 ANSI: 5
[    1.743628] usb 1-1.6: new high-speed USB device number 3 using ehci-pci
[    1.803619] tsc: Refined TSC clocksource calibration: 2594.106 MHz
[    1.803637] clocksource: tsc: mask: 0xffffffffffffffff max_cycles: 0x25647bfab01, max_idle_ns: 440795211785 ns
[    1.803687] clocksource: Switched to clocksource tsc
[    1.902004] usb 1-1.6: New USB device found, idVendor=04f2, idProduct=b2da, bcdDevice= 5.20
[    1.902017] usb 1-1.6: New USB device strings: Mfr=1, Product=2, SerialNumber=0
[    1.902021] usb 1-1.6: Product: Integrated Camera
[    1.902024] usb 1-1.6: Manufacturer: Chicony Electronics Co., Ltd.
[    2.005981] ata5: SATA link down (SStatus 0 SControl 300)
[    2.010159] Freeing unused decrypted memory: 2036K
[    2.010999] Freeing unused kernel image (initmem) memory: 1980K
[    2.011092] Write protecting the kernel read-only data: 28672k
[    2.012128] Freeing unused kernel image (text/rodata gap) memory: 2036K
[    2.012792] Freeing unused kernel image (rodata/data gap) memory: 1532K
[    2.102951] x86/mm: Checked W+X mappings: passed, no W+X pages found.
[    2.102956] rodata_test: all tests were successful
[    2.102957] x86/mm: Checking user space page tables
[    2.147628] x86/mm: Checked W+X mappings: passed, no W+X pages found.
[    2.147647] Run /init as init process
[    2.147648]   with arguments:
[    2.147649]     /init
[    2.147650]   with environment:
[    2.147651]     HOME=/
[    2.147652]     TERM=linux
[    2.147652]     BOOT_IMAGE=/boot/vmlinuz-linux-lts
[    2.147653]     pti=on
[    2.189846] fbcon: Taking over console
[    2.190032] Console: switching to colour frame buffer device 80x30
[    2.342611] i8042: PNP: PS/2 Controller [PNP0303:KBD,PNP0f13:MOU] at 0x60,0x64 irq 1,12
[    2.344148] serio: i8042 KBD port at 0x60,0x64 irq 1
[    2.344155] serio: i8042 AUX port at 0x60,0x64 irq 12
[    2.350001] sdhci: Secure Digital Host Controller Interface driver
[    2.350003] sdhci: Copyright(c) Pierre Ossman
[    2.358883] sdhci-pci 0000:02:00.0: SDHCI controller found [1180:e823] (rev 4)
[    2.359490] mmc0 bounce up to 128 segments into one, max segment size 65536 bytes
[    2.363585] sr 1:0:0:0: [sr0] scsi3-mmc drive: 24x/24x writer dvd-ram cd/rw xa/form2 cdda tray
[    2.363589] cdrom: Uniform CD-ROM driver Revision: 3.20
[    2.386588] sr 1:0:0:0: Attached scsi CD-ROM sr0
[    2.394271] mmc0: SDHCI controller on PCI [0000:02:00.0] using DMA
[    2.407340] input: AT Translated Set 2 keyboard as /devices/platform/i8042/serio0/input/input3
[    2.592709] PM: Image not found (code -22)
[    7.881455] EXT4-fs (sda2): mounted filesystem with ordered data mode. Opts: (null). Quota mode: none.
[    8.026106] audit: type=1334 audit(1655707891.549:6): prog-id=1 op=LOAD
[    8.026110] audit: type=1300 audit(1655707891.549:6): arch=c000003e syscall=321 success=yes exit=4 a0=5 a1=7fffc5119500 a2=80 a3=0 items=0 ppid=2 pid=197 auid=4294967295 uid=0 gid=0 euid=0 suid=0 fsuid=0 egid=0 sgid=0 fsgid=0 tty=(none) ses=4294967295 comm="bpf_preload" exe="/bpf_preload" subj==unconfined key=(null)
[    8.026112] audit: type=1327 audit(1655707891.549:6): proctitle="bpf_preload"
[    8.026113] audit: type=1334 audit(1655707891.549:7): prog-id=0 op=UNLOAD
[    8.034520] audit: type=1334 audit(1655707891.559:8): prog-id=2 op=LOAD
[    8.034525] audit: type=1300 audit(1655707891.559:8): arch=c000003e syscall=321 success=yes exit=6 a0=5 a1=7fffc5119360 a2=80 a3=0 items=0 ppid=2 pid=197 auid=4294967295 uid=0 gid=0 euid=0 suid=0 fsuid=0 egid=0 sgid=0 fsgid=0 tty=(none) ses=4294967295 comm="bpf_preload" exe="/bpf_preload" subj==unconfined key=(null)
[    8.034533] audit: type=1327 audit(1655707891.559:8): proctitle="bpf_preload"
[    8.034538] audit: type=1334 audit(1655707891.559:9): prog-id=0 op=UNLOAD
[    8.034629] audit: type=1334 audit(1655707891.559:10): prog-id=3 op=LOAD
[    8.034636] audit: type=1300 audit(1655707891.559:10): arch=c000003e syscall=321 success=yes exit=5 a0=5 a1=7fffc51191f0 a2=80 a3=0 items=0 ppid=2 pid=197 auid=4294967295 uid=0 gid=0 euid=0 suid=0 fsuid=0 egid=0 sgid=0 fsgid=0 tty=(none) ses=4294967295 comm="bpf_preload" exe="/bpf_preload" subj==unconfined key=(null)
[    8.051225] systemd[1]: systemd 251.2-1-arch running in system mode (+PAM +AUDIT -SELINUX -APPARMOR -IMA +SMACK +SECCOMP +GCRYPT +GNUTLS +OPENSSL +ACL +BLKID +CURL +ELFUTILS +FIDO2 +IDN2 -IDN +IPTC +KMOD +LIBCRYPTSETUP +LIBFDISK +PCRE2 -PWQUALITY +P11KIT -QRENCODE +TPM2 +BZIP2 +LZ4 +XZ +ZLIB +ZSTD -BPF_FRAMEWORK +XKBCOMMON +UTMP -SYSVINIT default-hierarchy=unified)
[    8.051245] systemd[1]: Detected architecture x86-64.
[    8.053785] systemd[1]: Hostname set to <mksthinkpad>.
[    8.201192] systemd[1]: /usr/lib/systemd/system/intel-lms.service:8: PIDFile= references a path below legacy directory /var/run/, updating /var/run/lms.pid  /run/lms.pid; please update the unit file accordingly.
[    8.203628] systemd[1]: Queued start job for default target Graphical Interface.
[    8.204970] systemd[1]: Created slice Slice /system/getty.
[    8.205909] systemd[1]: Created slice Slice /system/modprobe.
[    8.206884] systemd[1]: Created slice Slice /system/systemd-fsck.
[    8.207710] systemd[1]: Created slice Slice /system/urxvtd.
[    8.208464] systemd[1]: Created slice User and Session Slice.
[    8.209022] systemd[1]: Started Dispatch Password Requests to Console Directory Watch.
[    8.209558] systemd[1]: Started Forward Password Requests to Wall Directory Watch.
[    8.210175] systemd[1]: Set up automount Arbitrary Executable File Formats File System Automount Point.
[    8.210641] systemd[1]: Reached target Local Encrypted Volumes.
[    8.211071] systemd[1]: Reached target Login Prompts.
[    8.211486] systemd[1]: Reached target Local Integrity Protected Volumes.
[    8.211905] systemd[1]: Reached target Path Units.
[    8.212301] systemd[1]: Reached target Remote File Systems.
[    8.212683] systemd[1]: Reached target Slice Units.
[    8.213070] systemd[1]: Reached target Local Verity Protected Volumes.
[    8.213523] systemd[1]: Listening on Device-mapper event daemon FIFOs.
[    8.214201] systemd[1]: Listening on LVM2 poll daemon socket.
[    8.216139] systemd[1]: Listening on Process Core Dump Socket.
[    8.216712] systemd[1]: Listening on Journal Audit Socket.
[    8.217189] systemd[1]: Listening on Journal Socket (/dev/log).
[    8.217645] systemd[1]: Listening on Journal Socket.
[    8.219290] systemd[1]: Listening on udev Control Socket.
[    8.219693] systemd[1]: Listening on udev Kernel Socket.
[    8.221056] systemd[1]: Mounting Huge Pages File System...
[    8.222330] systemd[1]: Mounting POSIX Message Queue File System...
[    8.223819] systemd[1]: Mounting Kernel Debug File System...
[    8.225372] systemd[1]: Mounting Kernel Trace File System...
[    8.226925] systemd[1]: Starting Create List of Static Device Nodes...
[    8.228325] systemd[1]: Starting Monitoring of LVM2 mirrors, snapshots etc. using dmeventd or progress polling...
[    8.229759] systemd[1]: Starting Load Kernel Module configfs...
[    8.231172] systemd[1]: Starting Load Kernel Module drm...
[    8.232602] systemd[1]: Starting Load Kernel Module fuse...
[    8.233011] systemd[1]: File System Check on Root Device was skipped because of a failed condition check (ConditionPathIsReadWrite=!/).
[    8.235027] systemd[1]: Starting Journal Service...
[    8.244174] systemd[1]: Starting Load Kernel Modules...
[    8.247015] fuse: init (API version 7.34)
[    8.247658] systemd[1]: Starting Remount Root and Kernel File Systems...
[    8.250765] systemd[1]: Repartition Root Disk was skipped because all trigger condition checks failed.
[    8.254531] systemd[1]: Starting Coldplug All udev Devices...
[    8.259262] EXT4-fs (sda2): re-mounted. Opts: (null). Quota mode: none.
[    8.263496] vboxdrv: loading out-of-tree module taints kernel.
[    8.263961] vboxdrv: module verification failed: signature and/or required key missing - tainting kernel
[    8.265153] systemd[1]: Mounted Huge Pages File System.
[    8.267763] vboxdrv: Found 2 processor cores
[    8.268604] systemd[1]: Mounted POSIX Message Queue File System.
[    8.269183] systemd[1]: Mounted Kernel Debug File System.
[    8.274080] systemd[1]: Mounted Kernel Trace File System.
[    8.274686] systemd[1]: Finished Create List of Static Device Nodes.
[    8.275401] systemd[1]: modprobe@configfs.service: Deactivated successfully.
[    8.275565] systemd[1]: Finished Load Kernel Module configfs.
[    8.276212] systemd[1]: modprobe@drm.service: Deactivated successfully.
[    8.276362] systemd[1]: Finished Load Kernel Module drm.
[    8.276990] systemd[1]: modprobe@fuse.service: Deactivated successfully.
[    8.277144] systemd[1]: Finished Load Kernel Module fuse.
[    8.277727] systemd[1]: Finished Remount Root and Kernel File Systems.
[    8.279332] systemd[1]: Mounting FUSE Control File System...
[    8.280592] systemd[1]: Mounting Kernel Configuration File System...
[    8.283733] systemd[1]: First Boot Wizard was skipped because of a failed condition check (ConditionFirstBoot=yes).
[    8.284840] systemd[1]: Rebuild Hardware Database was skipped because all trigger condition checks failed.
[    8.286600] systemd[1]: Starting Load/Save Random Seed...
[    8.298286] systemd[1]: Starting Create System Users...
[    8.303932] vboxdrv: TSC mode is Invariant, tentative frequency 2594104900 Hz
[    8.303935] vboxdrv: Successfully loaded version 6.1.34 r150636 (interface 0x00320000)
[    8.305890] VBoxNetAdp: Successfully started.
[    8.307139] systemd[1]: Mounted FUSE Control File System.
[    8.307608] systemd[1]: Mounted Kernel Configuration File System.
[    8.320722] VBoxNetFlt: Successfully started.
[    8.321715] systemd[1]: Finished Load Kernel Modules.
[    8.323175] systemd[1]: Starting Apply Kernel Variables...
[    8.334878] systemd[1]: Finished Monitoring of LVM2 mirrors, snapshots etc. using dmeventd or progress polling.
[    8.340552] systemd[1]: Finished Load/Save Random Seed.
[    8.341073] systemd[1]: First Boot Complete was skipped because of a failed condition check (ConditionFirstBoot=yes).
[    8.346999] systemd[1]: Finished Apply Kernel Variables.
[    8.357918] systemd[1]: Started Journal Service.
[    8.377577] systemd-journald[222]: Received client request to flush runtime journal.
[    8.587934] e1000e: Intel(R) PRO/1000 Network Driver
[    8.587937] e1000e: Copyright(c) 1999 - 2015 Intel Corporation.
[    8.588158] e1000e 0000:00:19.0: Interrupt Throttling Rate (ints/sec) set to dynamic conservative mode
[    8.728067] e1000e 0000:00:19.0 0000:00:19.0 (uninitialized): registered PHC clock
[    8.819037] Adding 9227464k swap on /dev/sda3.  Priority:-2 extents:1 across:9227464k SSFS
[    8.826928] acpi PNP0C14:01: duplicate WMI GUID 05901221-D566-11D1-B2F0-00A0C9062910 (first instance was on PNP0C14:00)
[    8.827047] acpi PNP0C14:02: duplicate WMI GUID 05901221-D566-11D1-B2F0-00A0C9062910 (first instance was on PNP0C14:00)
[    8.828017] thinkpad_acpi: ThinkPad ACPI Extras v0.26
[    8.828019] thinkpad_acpi: http://ibm-acpi.sf.net/
[    8.828020] thinkpad_acpi: ThinkPad BIOS G1ETC2WW (2.82 ), EC G1HT36WW
[    8.828021] thinkpad_acpi: Lenovo ThinkPad T430, model 2349MAX
[    8.837888] thinkpad_acpi: radio switch found; radios are disabled
[    8.856143] thinkpad_acpi: This ThinkPad has standard ACPI backlight brightness control, supported by the ACPI video driver
[    8.856145] thinkpad_acpi: Disabling thinkpad-acpi brightness events by default...
[    8.873742] e1000e 0000:00:19.0 eth0: (PCI Express:2.5GT/s:Width x1) 28:d2:44:4a:cb:71
[    8.873748] e1000e 0000:00:19.0 eth0: Intel(R) PRO/1000 Network Connection
[    8.873789] e1000e 0000:00:19.0 eth0: MAC: 10, PHY: 11, PBA No: 1000FF-0FF
[    8.873872] Setting dangerous option enable_fbc - tainting kernel
[    8.875287] i915 0000:00:02.0: enabling device (0006 -> 0007)
[    8.875779] checking generic (e0000000 130000) vs hw (f0000000 400000)
[    8.875782] checking generic (e0000000 130000) vs hw (e0000000 10000000)
[    8.875783] fb0: switching to i915 from EFI VGA
[    8.875975] ACPI Warning: SystemIO range 0x0000000000000428-0x000000000000042F conflicts with OpRegion 0x0000000000000400-0x000000000000047F (\_SB.PCI0.LPC.PMIO) (20210730/utaddress-204)
[    8.875981] ACPI: OSL: Resource conflict; ACPI support missing from driver?
[    8.875984] ACPI Warning: SystemIO range 0x0000000000000540-0x000000000000054F conflicts with OpRegion 0x0000000000000500-0x000000000000057F (\_SB.PCI0.LPC.LPIO) (20210730/utaddress-204)
[    8.875987] ACPI: OSL: Resource conflict; ACPI support missing from driver?
[    8.875988] ACPI Warning: SystemIO range 0x0000000000000530-0x000000000000053F conflicts with OpRegion 0x0000000000000500-0x000000000000057F (\_SB.PCI0.LPC.LPIO) (20210730/utaddress-204)
[    8.875991] ACPI: OSL: Resource conflict; ACPI support missing from driver?
[    8.875992] ACPI Warning: SystemIO range 0x0000000000000500-0x000000000000052F conflicts with OpRegion 0x0000000000000500-0x000000000000057F (\_SB.PCI0.LPC.LPIO) (20210730/utaddress-204)
[    8.875994] ACPI: OSL: Resource conflict; ACPI support missing from driver?
[    8.875995] lpc_ich: Resource conflict(s) found affecting gpio_ich
[    8.880189] Console: switching to colour dummy device 80x25
[    8.880352] i915 0000:00:02.0: vgaarb: deactivate vga console
[    8.910145] thinkpad_acpi: battery 1 registered (start 0, stop 100)
[    8.910155] ACPI: battery: new extension: ThinkPad Battery Extension
[    8.910269] input: ThinkPad Extra Buttons as /devices/platform/thinkpad_acpi/input/input5
[    8.978280] cfg80211: Loading compiled-in X.509 certificates for regulatory database
[    9.000676] cfg80211: Loaded X.509 cert 'sforshee: 00b28ddf47aef9cea7'
[    9.016080] [drm] Initialized i915 1.6.0 20201103 for 0000:00:02.0 on minor 0
[    9.017207] ACPI: video: Video Device [VID] (multi-head: yes  rom: no  post: no)
[    9.017509] input: Video Bus as /devices/LNXSYSTM:00/LNXSYBUS:00/PNP0A08:00/LNXVIDEO:00/input/input7
[    9.162468] Intel(R) Wireless WiFi driver for Linux
[    9.175629] iwlwifi 0000:03:00.0: Direct firmware load for iwlwifi-6000-6.ucode failed with error -2
[    9.175832] iwlwifi 0000:03:00.0: Direct firmware load for iwlwifi-6000-5.ucode failed with error -2
[    9.195119] iwlwifi 0000:03:00.0: loaded firmware version 9.221.4.1 build 25532 6000-4.ucode op_mode iwldvm
[    9.214835] i801_smbus 0000:00:1f.3: SMBus using PCI interrupt
[    9.217672] i2c i2c-9: 2/2 memory slots populated (from DMI)
[    9.218015] i2c i2c-9: Successfully instantiated SPD at 0x50
[    9.218336] i2c i2c-9: Successfully instantiated SPD at 0x51
[    9.304953] RAPL PMU: API unit is 2^-32 Joules, 3 fixed counters, 163840 ms ovfl timer
[    9.304957] RAPL PMU: hw unit of domain pp0-core 2^-16 Joules
[    9.304958] RAPL PMU: hw unit of domain package 2^-16 Joules
[    9.304959] RAPL PMU: hw unit of domain pp1-gpu 2^-16 Joules
[    9.461635] e1000e 0000:00:19.0 enp0s25: renamed from eth0
[    9.547041] iTCO_vendor_support: vendor-support=0
[    9.576362] fbcon: i915drmfb (fb0) is primary device
[    9.577948] Console: switching to colour frame buffer device 200x56
[    9.597162] i915 0000:00:02.0: [drm] fb0: i915drmfb frame buffer device
[    9.742097] cryptd: max_cpu_qlen set to 1000
[    9.843117] psmouse serio1: trackpoint: IBM TrackPoint firmware: 0x0e, buttons: 3/3
[    9.851884] iwlwifi 0000:03:00.0: CONFIG_IWLWIFI_DEBUG enabled
[    9.851887] iwlwifi 0000:03:00.0: CONFIG_IWLWIFI_DEBUGFS enabled
[    9.851889] iwlwifi 0000:03:00.0: CONFIG_IWLWIFI_DEVICE_TRACING enabled
[    9.851890] iwlwifi 0000:03:00.0: Detected Intel(R) Centrino(R) Ultimate-N 6300 AGN, REV=0x74
[    9.864817] iwlwifi 0000:03:00.0: reporting RF_KILL (radio disabled)
[    9.876603] input: TPPS/2 IBM TrackPoint as /devices/platform/i8042/serio1/input/input6
[    9.888337] ieee80211 phy0: Selected rate control algorithm 'iwl-agn-rs'
[    9.888925] iwlwifi 0000:03:00.0: RF_KILL bit toggled to disable radio.
[   10.017533] iwlwifi 0000:03:00.0 wlp3s0: renamed from wlan0
[   10.941440] snd_hda_intel 0000:00:1b.0: bound 0000:00:02.0 (ops i915_audio_component_bind_ops [i915])
[   10.949082] AVX version of gcm_enc/dec engaged.
[   10.949104] AES CTR mode by8 optimization enabled
[   10.949757] iTCO_wdt iTCO_wdt.1.auto: Found a Panther Point TCO device (Version=2, TCOBASE=0x0460)
[   10.959107] at24 9-0050: supply vcc not found, using dummy regulator
[   10.961644] at24 9-0050: 256 byte spd EEPROM, read-only
[   10.961683] at24 9-0051: supply vcc not found, using dummy regulator
[   10.961802] iTCO_wdt iTCO_wdt.1.auto: initialized. heartbeat=30 sec (nowayout=0)
[   10.962393] at24 9-0051: 256 byte spd EEPROM, read-only
[   11.003997] snd_hda_codec_realtek hdaudioC0D0: autoconfig for ALC3202: line_outs=1 (0x14/0x0/0x0/0x0/0x0) type:speaker
[   11.004003] snd_hda_codec_realtek hdaudioC0D0:    speaker_outs=0 (0x0/0x0/0x0/0x0/0x0)
[   11.004004] snd_hda_codec_realtek hdaudioC0D0:    hp_outs=2 (0x15/0x1b/0x0/0x0/0x0)
[   11.004006] snd_hda_codec_realtek hdaudioC0D0:    mono: mono_out=0x0
[   11.004007] snd_hda_codec_realtek hdaudioC0D0:    inputs:
[   11.004008] snd_hda_codec_realtek hdaudioC0D0:      Mic=0x18
[   11.004010] snd_hda_codec_realtek hdaudioC0D0:      Dock Mic=0x19
[   11.004011] snd_hda_codec_realtek hdaudioC0D0:      Internal Mic=0x12
[   11.006127] mousedev: PS/2 mouse device common for all mice
[   11.127950] input: HDA Intel PCH Mic as /devices/pci0000:00/0000:00:1b.0/sound/card0/input8
[   11.128022] input: HDA Intel PCH Dock Mic as /devices/pci0000:00/0000:00:1b.0/sound/card0/input9
[   11.128079] input: HDA Intel PCH Headphone as /devices/pci0000:00/0000:00:1b.0/sound/card0/input10
[   11.128134] input: HDA Intel PCH Dock Headphone as /devices/pci0000:00/0000:00:1b.0/sound/card0/input11
[   11.128192] input: HDA Intel PCH HDMI/DP,pcm=3 as /devices/pci0000:00/0000:00:1b.0/sound/card0/input12
[   11.128252] input: HDA Intel PCH HDMI/DP,pcm=7 as /devices/pci0000:00/0000:00:1b.0/sound/card0/input13
[   11.128311] input: HDA Intel PCH HDMI/DP,pcm=8 as /devices/pci0000:00/0000:00:1b.0/sound/card0/input14
[   11.286062] intel_rapl_common: Found RAPL domain package
[   11.286066] intel_rapl_common: Found RAPL domain core
[   11.286067] intel_rapl_common: Found RAPL domain uncore
[   11.286072] intel_rapl_common: RAPL package-0 domain package locked by BIOS
[   11.759777] mc: Linux media interface: v0.10
[   11.781477] videodev: Linux video capture interface: v2.00
[   12.024441] usb 1-1.6: Found UVC 1.00 device Integrated Camera (04f2:b2da)
[   12.123885] input: Integrated Camera: Integrated C as /devices/pci0000:00/0000:00:1a.0/usb1/1-1/1-1.6/1-1.6:1.0/input/input15
[   12.124041] usbcore: registered new interface driver uvcvideo
[   37.879651] e1000e 0000:00:19.0 enp0s25: NIC Link is Up 1000 Mbps Full Duplex, Flow Control: Rx/Tx
[   37.879697] IPv6: ADDRCONF(NETDEV_CHANGE): enp0s25: link becomes ready
[   41.589611] e1000e 0000:00:19.0 enp0s25: NIC Link is Up 1000 Mbps Full Duplex, Flow Control: Rx/Tx
[ 2108.922124] Drop new not syn: IN= OUT=enp0s25 SRC=192.168.2.226 DST=172.67.165.194 LEN=795 TOS=0x00 PREC=0x00 TTL=64 ID=38793 DF PROTO=TCP SPT=41690 DPT=443 WINDOW=501 RES=0x00 ACK PSH URGP=0 
[ 2109.047173] Drop new not syn: IN= OUT=enp0s25 SRC=192.168.2.226 DST=172.67.165.194 LEN=795 TOS=0x00 PREC=0x00 TTL=64 ID=38794 DF PROTO=TCP SPT=41690 DPT=443 WINDOW=501 RES=0x00 ACK PSH URGP=0 
[ 2109.524955] Drop new not syn: IN= OUT=enp0s25 SRC=192.168.2.226 DST=142.250.203.196 LEN=91 TOS=0x00 PREC=0x00 TTL=64 ID=41864 DF PROTO=TCP SPT=54836 DPT=443 WINDOW=501 RES=0x00 ACK PSH URGP=0 
[ 2109.593139] Drop new not syn: IN= OUT=enp0s25 SRC=192.168.2.226 DST=104.16.248.249 LEN=96 TOS=0x00 PREC=0x00 TTL=64 ID=45170 DF PROTO=TCP SPT=49982 DPT=443 WINDOW=9855 RES=0x00 ACK PSH URGP=0 
[ 2109.593459] Drop new not syn: IN= OUT=enp0s25 SRC=192.168.2.226 DST=104.16.248.249 LEN=199 TOS=0x00 PREC=0x00 TTL=64 ID=45171 DF PROTO=TCP SPT=49982 DPT=443 WINDOW=9855 RES=0x00 ACK PSH URGP=0 
[ 2109.636759] Drop new not syn: IN= OUT=enp0s25 SRC=192.168.2.226 DST=104.16.248.249 LEN=685 TOS=0x00 PREC=0x00 TTL=64 ID=45172 DF PROTO=TCP SPT=49982 DPT=443 WINDOW=9855 RES=0x00 ACK PSH URGP=0 
[ 2109.746674] Drop new not syn: IN= OUT=enp0s25 SRC=192.168.2.226 DST=142.250.203.196 LEN=91 TOS=0x00 PREC=0x00 TTL=64 ID=41865 DF PROTO=TCP SPT=54836 DPT=443 WINDOW=501 RES=0x00 ACK PSH URGP=0 
[ 2109.856585] Drop new not syn: IN= OUT=enp0s25 SRC=192.168.2.226 DST=104.16.248.249 LEN=900 TOS=0x00 PREC=0x00 TTL=64 ID=45173 DF PROTO=TCP SPT=49982 DPT=443 WINDOW=9855 RES=0x00 ACK PSH URGP=0 
[ 2109.999807] Drop new not syn: IN= OUT=enp0s25 SRC=192.168.2.226 DST=142.250.203.196 LEN=91 TOS=0x00 PREC=0x00 TTL=64 ID=41866 DF PROTO=TCP SPT=54836 DPT=443 WINDOW=501 RES=0x00 ACK PSH URGP=0 
[ 2110.287062] Drop new not syn: IN= OUT=enp0s25 SRC=192.168.2.226 DST=104.16.248.249 LEN=900 TOS=0x00 PREC=0x00 TTL=64 ID=45174 DF PROTO=TCP SPT=49982 DPT=443 WINDOW=9855 RES=0x00 ACK PSH URGP=0 
[ 2110.426560] Drop new not syn: IN= OUT=enp0s25 SRC=192.168.2.226 DST=142.250.203.196 LEN=91 TOS=0x00 PREC=0x00 TTL=64 ID=41867 DF PROTO=TCP SPT=54836 DPT=443 WINDOW=501 RES=0x00 ACK PSH URGP=0 
[ 2111.046524] Drop new not syn: IN= OUT=enp0s25 SRC=192.168.2.226 DST=172.67.165.194 LEN=795 TOS=0x00 PREC=0x00 TTL=64 ID=38795 DF PROTO=TCP SPT=41690 DPT=443 WINDOW=501 RES=0x00 ACK PSH URGP=0 
[ 2111.216813] Drop new not syn: IN= OUT=enp0s25 SRC=192.168.2.226 DST=104.16.248.249 LEN=900 TOS=0x00 PREC=0x00 TTL=64 ID=45175 DF PROTO=TCP SPT=49982 DPT=443 WINDOW=9855 RES=0x00 ACK PSH URGP=0 
[ 2111.366739] Drop new not syn: IN= OUT=enp0s25 SRC=192.168.2.226 DST=142.250.203.196 LEN=91 TOS=0x00 PREC=0x00 TTL=64 ID=41868 DF PROTO=TCP SPT=54836 DPT=443 WINDOW=501 RES=0x00 ACK PSH URGP=0 
[ 2112.966690] Drop new not syn: IN= OUT=enp0s25 SRC=192.168.2.226 DST=104.16.248.249 LEN=900 TOS=0x00 PREC=0x00 TTL=64 ID=45176 DF PROTO=TCP SPT=49982 DPT=443 WINDOW=9855 RES=0x00 ACK PSH URGP=0 
[ 2113.203075] Drop new not syn: IN= OUT=enp0s25 SRC=192.168.2.226 DST=149.154.167.50 LEN=397 TOS=0x00 PREC=0x00 TTL=64 ID=35849 DF PROTO=TCP SPT=59872 DPT=443 WINDOW=501 RES=0x00 ACK PSH URGP=0 
[ 2113.206640] Drop new not syn: IN= OUT=enp0s25 SRC=192.168.2.226 DST=142.250.203.196 LEN=91 TOS=0x00 PREC=0x00 TTL=64 ID=41869 DF PROTO=TCP SPT=54836 DPT=443 WINDOW=501 RES=0x00 ACK PSH URGP=0 
[ 2113.527270] Drop new not syn: IN= OUT=enp0s25 SRC=192.168.2.226 DST=216.58.215.67 LEN=91 TOS=0x00 PREC=0x00 TTL=64 ID=12352 DF PROTO=TCP SPT=41332 DPT=443 WINDOW=8277 RES=0x00 ACK PSH URGP=0 
[ 2113.766667] Drop new not syn: IN= OUT=enp0s25 SRC=192.168.2.226 DST=216.58.215.67 LEN=91 TOS=0x00 PREC=0x00 TTL=64 ID=12353 DF PROTO=TCP SPT=41332 DPT=443 WINDOW=8277 RES=0x00 ACK PSH URGP=0 
[ 2113.846717] Drop new not syn: IN= OUT=enp0s25 SRC=192.168.2.226 DST=149.154.167.50 LEN=397 TOS=0x00 PREC=0x00 TTL=64 ID=35850 DF PROTO=TCP SPT=59872 DPT=443 WINDOW=501 RES=0x00 ACK PSH URGP=0 
[ 2114.006761] Drop new not syn: IN= OUT=enp0s25 SRC=192.168.2.226 DST=216.58.215.67 LEN=91 TOS=0x00 PREC=0x00 TTL=64 ID=12354 DF PROTO=TCP SPT=41332 DPT=443 WINDOW=8277 RES=0x00 ACK PSH URGP=0 
[ 2114.477251] Drop new not syn: IN= OUT=enp0s25 SRC=192.168.2.226 DST=216.58.215.67 LEN=91 TOS=0x00 PREC=0x00 TTL=64 ID=12355 DF PROTO=TCP SPT=41332 DPT=443 WINDOW=8277 RES=0x00 ACK PSH URGP=0 
[ 2114.967137] Drop new not syn: IN= OUT=enp0s25 SRC=192.168.2.226 DST=18.66.107.5 LEN=52 TOS=0x00 PREC=0x00 TTL=64 ID=25133 DF PROTO=TCP SPT=54110 DPT=80 WINDOW=501 RES=0x00 ACK URGP=0 
[ 2114.967546] Drop new not syn: IN= OUT=enp0s25 SRC=192.168.2.226 DST=172.67.165.194 LEN=795 TOS=0x00 PREC=0x00 TTL=64 ID=38796 DF PROTO=TCP SPT=41690 DPT=443 WINDOW=501 RES=0x00 ACK PSH URGP=0 
[ 2115.446856] Drop new not syn: IN= OUT=enp0s25 SRC=192.168.2.226 DST=216.58.215.67 LEN=91 TOS=0x00 PREC=0x00 TTL=64 ID=12356 DF PROTO=TCP SPT=41332 DPT=443 WINDOW=8277 RES=0x00 ACK PSH URGP=0 
[ 2115.528743] Drop new not syn: IN= OUT=enp0s25 SRC=192.168.2.226 DST=54.192.231.12 LEN=91 TOS=0x00 PREC=0x00 TTL=64 ID=5346 DF PROTO=TCP SPT=53126 DPT=443 WINDOW=501 RES=0x00 ACK PSH URGP=0 
[ 2115.756783] Drop new not syn: IN= OUT=enp0s25 SRC=192.168.2.226 DST=54.192.231.12 LEN=91 TOS=0x00 PREC=0x00 TTL=64 ID=5347 DF PROTO=TCP SPT=53126 DPT=443 WINDOW=501 RES=0x00 ACK PSH URGP=0 
[ 2115.986840] Drop new not syn: IN= OUT=enp0s25 SRC=192.168.2.226 DST=54.192.231.12 LEN=91 TOS=0x00 PREC=0x00 TTL=64 ID=5348 DF PROTO=TCP SPT=53126 DPT=443 WINDOW=501 RES=0x00 ACK PSH URGP=0 
[ 2116.006815] Drop new not syn: IN= OUT=enp0s25 SRC=192.168.2.226 DST=18.66.107.5 LEN=52 TOS=0x00 PREC=0x00 TTL=64 ID=25134 DF PROTO=TCP SPT=54110 DPT=80 WINDOW=501 RES=0x00 ACK URGP=0 
[ 2116.247186] Drop new not syn: IN= OUT=enp0s25 SRC=192.168.2.226 DST=142.250.186.195 LEN=52 TOS=0x00 PREC=0x00 TTL=64 ID=51461 DF PROTO=TCP SPT=49522 DPT=80 WINDOW=501 RES=0x00 ACK URGP=0 
[ 2116.406508] Drop new not syn: IN= OUT=enp0s25 SRC=192.168.2.226 DST=104.16.248.249 LEN=900 TOS=0x00 PREC=0x00 TTL=64 ID=45177 DF PROTO=TCP SPT=49982 DPT=443 WINDOW=9855 RES=0x00 ACK PSH URGP=0 
[ 2116.436435] Drop new not syn: IN= OUT=enp0s25 SRC=192.168.2.226 DST=54.192.231.12 LEN=91 TOS=0x00 PREC=0x00 TTL=64 ID=5349 DF PROTO=TCP SPT=53126 DPT=443 WINDOW=501 RES=0x00 ACK PSH URGP=0 
[ 2116.806626] Drop new not syn: IN= OUT=enp0s25 SRC=192.168.2.226 DST=142.250.203.196 LEN=91 TOS=0x00 PREC=0x00 TTL=64 ID=41870 DF PROTO=TCP SPT=54836 DPT=443 WINDOW=501 RES=0x00 ACK PSH URGP=0 
[ 2116.886706] Drop new not syn: IN= OUT=enp0s25 SRC=192.168.2.226 DST=142.250.186.195 LEN=52 TOS=0x00 PREC=0x00 TTL=64 ID=63856 DF PROTO=TCP SPT=48768 DPT=80 WINDOW=501 RES=0x00 ACK URGP=0 
[ 2116.971855] Drop new not syn: IN= OUT=enp0s25 SRC=192.168.2.226 DST=149.154.167.51 LEN=301 TOS=0x00 PREC=0x00 TTL=64 ID=8972 DF PROTO=TCP SPT=44840 DPT=443 WINDOW=811 RES=0x00 ACK PSH URGP=0 
[ 2117.046627] Drop new not syn: IN= OUT=enp0s25 SRC=192.168.2.226 DST=18.66.107.5 LEN=52 TOS=0x00 PREC=0x00 TTL=64 ID=25135 DF PROTO=TCP SPT=54110 DPT=80 WINDOW=501 RES=0x00 ACK URGP=0 
[ 2117.226768] Drop new not syn: IN= OUT=enp0s25 SRC=192.168.2.226 DST=149.154.167.51 LEN=301 TOS=0x00 PREC=0x00 TTL=64 ID=8973 DF PROTO=TCP SPT=44840 DPT=443 WINDOW=811 RES=0x00 ACK PSH URGP=0 
[ 2117.286674] Drop new not syn: IN= OUT=enp0s25 SRC=192.168.2.226 DST=142.250.186.195 LEN=52 TOS=0x00 PREC=0x00 TTL=64 ID=51462 DF PROTO=TCP SPT=49522 DPT=80 WINDOW=501 RES=0x00 ACK URGP=0 
[ 2117.366434] Drop new not syn: IN= OUT=enp0s25 SRC=192.168.2.226 DST=54.192.231.12 LEN=91 TOS=0x00 PREC=0x00 TTL=64 ID=5350 DF PROTO=TCP SPT=53126 DPT=443 WINDOW=501 RES=0x00 ACK PSH URGP=0 
[ 2117.366703] Drop new not syn: IN= OUT=enp0s25 SRC=192.168.2.226 DST=216.58.215.67 LEN=91 TOS=0x00 PREC=0x00 TTL=64 ID=12357 DF PROTO=TCP SPT=41332 DPT=443 WINDOW=8277 RES=0x00 ACK PSH URGP=0 
[ 2117.486592] Drop new not syn: IN= OUT=enp0s25 SRC=192.168.2.226 DST=149.154.167.51 LEN=301 TOS=0x00 PREC=0x00 TTL=64 ID=8974 DF PROTO=TCP SPT=44840 DPT=443 WINDOW=811 RES=0x00 ACK PSH URGP=0 
[ 2117.929847] Drop new not syn: IN= OUT=enp0s25 SRC=192.168.2.226 DST=142.250.186.195 LEN=52 TOS=0x00 PREC=0x00 TTL=64 ID=63857 DF PROTO=TCP SPT=48768 DPT=80 WINDOW=501 RES=0x00 ACK URGP=0 
[ 2117.930075] Drop new not syn: IN= OUT=enp0s25 SRC=192.168.2.226 DST=149.154.167.50 LEN=397 TOS=0x00 PREC=0x00 TTL=64 ID=35851 DF PROTO=TCP SPT=59872 DPT=443 WINDOW=501 RES=0x00 ACK PSH URGP=0 
[ 2117.996625] Drop new not syn: IN= OUT=enp0s25 SRC=192.168.2.226 DST=149.154.167.51 LEN=301 TOS=0x00 PREC=0x00 TTL=64 ID=8975 DF PROTO=TCP SPT=44840 DPT=443 WINDOW=811 RES=0x00 ACK PSH URGP=0 
[ 2118.086480] Drop new not syn: IN= OUT=enp0s25 SRC=192.168.2.226 DST=18.66.107.5 LEN=52 TOS=0x00 PREC=0x00 TTL=64 ID=25136 DF PROTO=TCP SPT=54110 DPT=80 WINDOW=501 RES=0x00 ACK URGP=0 
[ 2118.326700] Drop new not syn: IN= OUT=enp0s25 SRC=192.168.2.226 DST=142.250.186.195 LEN=52 TOS=0x00 PREC=0x00 TTL=64 ID=51463 DF PROTO=TCP SPT=49522 DPT=80 WINDOW=501 RES=0x00 ACK URGP=0 
[ 2118.966675] Drop new not syn: IN= OUT=enp0s25 SRC=192.168.2.226 DST=142.250.186.195 LEN=52 TOS=0x00 PREC=0x00 TTL=64 ID=63858 DF PROTO=TCP SPT=48768 DPT=80 WINDOW=501 RES=0x00 ACK URGP=0 
[ 2119.046499] Drop new not syn: IN= OUT=enp0s25 SRC=192.168.2.226 DST=149.154.167.51 LEN=301 TOS=0x00 PREC=0x00 TTL=64 ID=8976 DF PROTO=TCP SPT=44840 DPT=443 WINDOW=811 RES=0x00 ACK PSH URGP=0 
[ 2119.206456] Drop new not syn: IN= OUT=enp0s25 SRC=192.168.2.226 DST=54.192.231.12 LEN=91 TOS=0x00 PREC=0x00 TTL=64 ID=5351 DF PROTO=TCP SPT=53126 DPT=443 WINDOW=501 RES=0x00 ACK PSH URGP=0 
[ 2119.366454] Drop new not syn: IN= OUT=enp0s25 SRC=192.168.2.226 DST=142.250.186.195 LEN=52 TOS=0x00 PREC=0x00 TTL=64 ID=51464 DF PROTO=TCP SPT=49522 DPT=80 WINDOW=501 RES=0x00 ACK URGP=0 
[ 2120.006523] Drop new not syn: IN= OUT=enp0s25 SRC=192.168.2.226 DST=142.250.186.195 LEN=52 TOS=0x00 PREC=0x00 TTL=64 ID=63859 DF PROTO=TCP SPT=48768 DPT=80 WINDOW=501 RES=0x00 ACK URGP=0 
[ 2121.126549] Drop new not syn: IN= OUT=enp0s25 SRC=192.168.2.226 DST=216.58.215.67 LEN=91 TOS=0x00 PREC=0x00 TTL=64 ID=12358 DF PROTO=TCP SPT=41332 DPT=443 WINDOW=8277 RES=0x00 ACK PSH URGP=0 
[ 2121.126783] Drop new not syn: IN= OUT=enp0s25 SRC=192.168.2.226 DST=149.154.167.51 LEN=301 TOS=0x00 PREC=0x00 TTL=64 ID=8977 DF PROTO=TCP SPT=44840 DPT=443 WINDOW=811 RES=0x00 ACK PSH URGP=0 
[ 2122.806518] Drop new not syn: IN= OUT=enp0s25 SRC=192.168.2.226 DST=54.192.231.12 LEN=91 TOS=0x00 PREC=0x00 TTL=64 ID=5352 DF PROTO=TCP SPT=53126 DPT=443 WINDOW=501 RES=0x00 ACK PSH URGP=0 
[ 2123.286821] Drop new not syn: IN= OUT=enp0s25 SRC=192.168.2.226 DST=104.16.248.249 LEN=900 TOS=0x00 PREC=0x00 TTL=64 ID=45178 DF PROTO=TCP SPT=49982 DPT=443 WINDOW=9855 RES=0x00 ACK PSH URGP=0 
[ 2123.287137] Drop new not syn: IN= OUT=enp0s25 SRC=192.168.2.226 DST=172.67.165.194 LEN=795 TOS=0x00 PREC=0x00 TTL=64 ID=38797 DF PROTO=TCP SPT=41690 DPT=443 WINDOW=501 RES=0x00 ACK PSH URGP=0 
[ 2125.206747] Drop new not syn: IN= OUT=enp0s25 SRC=192.168.2.226 DST=149.154.167.51 LEN=301 TOS=0x00 PREC=0x00 TTL=64 ID=8978 DF PROTO=TCP SPT=44840 DPT=443 WINDOW=811 RES=0x00 ACK PSH URGP=0 
[ 2125.850994] Drop new not syn: IN= OUT=enp0s25 SRC=192.168.2.226 DST=142.250.75.10 LEN=91 TOS=0x00 PREC=0x00 TTL=64 ID=65504 DF PROTO=TCP SPT=33450 DPT=443 WINDOW=501 RES=0x00 ACK PSH URGP=0 
[ 2125.852054] Drop new not syn: IN= OUT=enp0s25 SRC=192.168.2.226 DST=142.250.75.10 LEN=76 TOS=0x00 PREC=0x00 TTL=64 ID=65505 DF PROTO=TCP SPT=33450 DPT=443 WINDOW=501 RES=0x00 ACK PSH URGP=0 
[ 2126.486671] Drop new not syn: IN= OUT=enp0s25 SRC=192.168.2.226 DST=149.154.167.50 LEN=397 TOS=0x00 PREC=0x00 TTL=64 ID=35852 DF PROTO=TCP SPT=59872 DPT=443 WINDOW=501 RES=0x00 ACK PSH URGP=0 
[ 2133.526559] Drop new not syn: IN= OUT=enp0s25 SRC=192.168.2.226 DST=149.154.167.51 LEN=301 TOS=0x00 PREC=0x00 TTL=64 ID=8979 DF PROTO=TCP SPT=44840 DPT=443 WINDOW=811 RES=0x00 ACK PSH URGP=0 
[ 2137.366449] Drop new not syn: IN= OUT=enp0s25 SRC=192.168.2.226 DST=104.16.248.249 LEN=900 TOS=0x00 PREC=0x00 TTL=64 ID=45179 DF PROTO=TCP SPT=49982 DPT=443 WINDOW=9855 RES=0x00 ACK PSH URGP=0 
[ 2139.286443] Drop new not syn: IN= OUT=enp0s25 SRC=192.168.2.226 DST=172.67.165.194 LEN=795 TOS=0x00 PREC=0x00 TTL=64 ID=38798 DF PROTO=TCP SPT=41690 DPT=443 WINDOW=501 RES=0x00 ACK PSH URGP=0 
[ 2140.376424] Drop new not syn: IN= OUT=enp0s25 SRC=192.168.2.226 DST=104.18.10.207 LEN=79 TOS=0x00 PREC=0x00 TTL=64 ID=3447 DF PROTO=TCP SPT=60668 DPT=443 WINDOW=501 RES=0x00 ACK PSH URGP=0 
[ 2140.377017] Drop new not syn: IN= OUT=enp0s25 SRC=192.168.2.226 DST=104.18.10.207 LEN=64 TOS=0x00 PREC=0x00 TTL=64 ID=3448 DF PROTO=TCP SPT=60668 DPT=443 WINDOW=501 RES=0x00 ACK PSH URGP=0 
[ 2141.352228] Drop new not syn: IN= OUT=enp0s25 SRC=192.168.2.226 DST=139.59.209.225 LEN=98 TOS=0x00 PREC=0x00 TTL=64 ID=31424 DF PROTO=TCP SPT=53550 DPT=443 WINDOW=2539 RES=0x00 ACK PSH URGP=0 
[ 2141.377343] Drop new not syn: IN= OUT=enp0s25 SRC=192.168.2.226 DST=172.217.16.40 LEN=91 TOS=0x00 PREC=0x00 TTL=64 ID=63760 DF PROTO=TCP SPT=57066 DPT=443 WINDOW=501 RES=0x00 ACK PSH URGP=0 
[ 2141.379388] Drop new not syn: IN= OUT=enp0s25 SRC=192.168.2.226 DST=217.160.0.146 LEN=98 TOS=0x00 PREC=0x00 TTL=64 ID=21789 DF PROTO=TCP SPT=38980 DPT=443 WINDOW=10643 RES=0x00 ACK PSH URGP=0 
[ 2141.616344] Drop new not syn: IN= OUT=enp0s25 SRC=192.168.2.226 DST=139.59.209.225 LEN=98 TOS=0x00 PREC=0x00 TTL=64 ID=31425 DF PROTO=TCP SPT=53550 DPT=443 WINDOW=2539 RES=0x00 ACK PSH URGP=0 
[ 2141.876165] Drop new not syn: IN= OUT=enp0s25 SRC=192.168.2.226 DST=139.59.209.225 LEN=98 TOS=0x00 PREC=0x00 TTL=64 ID=31426 DF PROTO=TCP SPT=53550 DPT=443 WINDOW=2539 RES=0x00 ACK PSH URGP=0 
[ 2142.378066] Drop new not syn: IN= OUT=enp0s25 SRC=192.168.2.226 DST=142.250.203.195 LEN=91 TOS=0x00 PREC=0x00 TTL=64 ID=42032 DF PROTO=TCP SPT=55316 DPT=443 WINDOW=1909 RES=0x00 ACK PSH URGP=0 
[ 2142.378766] Drop new not syn: IN= OUT=enp0s25 SRC=192.168.2.226 DST=104.18.11.207 LEN=79 TOS=0x00 PREC=0x00 TTL=64 ID=61745 DF PROTO=TCP SPT=37560 DPT=443 WINDOW=546 RES=0x00 ACK PSH URGP=0 
[ 2142.386300] Drop new not syn: IN= OUT=enp0s25 SRC=192.168.2.226 DST=139.59.209.225 LEN=98 TOS=0x00 PREC=0x00 TTL=64 ID=31427 DF PROTO=TCP SPT=53550 DPT=443 WINDOW=2539 RES=0x00 ACK PSH URGP=0 
[ 2143.446153] Drop new not syn: IN= OUT=enp0s25 SRC=192.168.2.226 DST=139.59.209.225 LEN=98 TOS=0x00 PREC=0x00 TTL=64 ID=31428 DF PROTO=TCP SPT=53550 DPT=443 WINDOW=2539 RES=0x00 ACK PSH URGP=0 
[ 2145.526336] Drop new not syn: IN= OUT=enp0s25 SRC=192.168.2.226 DST=139.59.209.225 LEN=98 TOS=0x00 PREC=0x00 TTL=64 ID=31429 DF PROTO=TCP SPT=53550 DPT=443 WINDOW=2539 RES=0x00 ACK PSH URGP=0 
[ 2148.380373] Drop new not syn: IN= OUT=enp0s25 SRC=192.168.2.226 DST=142.250.203.197 LEN=91 TOS=0x00 PREC=0x00 TTL=64 ID=7549 DF PROTO=TCP SPT=58670 DPT=443 WINDOW=1447 RES=0x00 ACK PSH URGP=0 
[ 2150.166344] Drop new not syn: IN= OUT=enp0s25 SRC=192.168.2.226 DST=149.154.167.51 LEN=301 TOS=0x00 PREC=0x00 TTL=64 ID=8980 DF PROTO=TCP SPT=44840 DPT=443 WINDOW=811 RES=0x00 ACK PSH URGP=0 
[ 2155.399690] Drop new not syn: IN= OUT=enp0s25 SRC=192.168.2.226 DST=140.82.121.3 LEN=91 TOS=0x00 PREC=0x00 TTL=64 ID=41464 DF PROTO=TCP SPT=52194 DPT=443 WINDOW=1612 RES=0x00 ACK PSH URGP=0 
[ 2155.400646] Drop new not syn: IN= OUT=enp0s25 SRC=192.168.2.226 DST=185.199.111.133 LEN=91 TOS=0x00 PREC=0x00 TTL=64 ID=43046 DF PROTO=TCP SPT=56646 DPT=443 WINDOW=23241 RES=0x00 ACK PSH URGP=0 
[ 2155.636394] Drop new not syn: IN= OUT=enp0s25 SRC=192.168.2.226 DST=185.199.111.133 LEN=91 TOS=0x00 PREC=0x00 TTL=64 ID=43047 DF PROTO=TCP SPT=56646 DPT=443 WINDOW=23241 RES=0x00 ACK PSH URGP=0 
[ 2155.646106] Drop new not syn: IN= OUT=enp0s25 SRC=192.168.2.226 DST=140.82.121.3 LEN=91 TOS=0x00 PREC=0x00 TTL=64 ID=41465 DF PROTO=TCP SPT=52194 DPT=443 WINDOW=1612 RES=0x00 ACK PSH URGP=0 
[ 2155.876478] Drop new not syn: IN= OUT=enp0s25 SRC=192.168.2.226 DST=185.199.111.133 LEN=91 TOS=0x00 PREC=0x00 TTL=64 ID=43048 DF PROTO=TCP SPT=56646 DPT=443 WINDOW=23241 RES=0x00 ACK PSH URGP=0 
[ 2155.896454] Drop new not syn: IN= OUT=enp0s25 SRC=192.168.2.226 DST=140.82.121.3 LEN=91 TOS=0x00 PREC=0x00 TTL=64 ID=41466 DF PROTO=TCP SPT=52194 DPT=443 WINDOW=1612 RES=0x00 ACK PSH URGP=0 
[ 2156.346215] Drop new not syn: IN= OUT=enp0s25 SRC=192.168.2.226 DST=185.199.111.133 LEN=91 TOS=0x00 PREC=0x00 TTL=64 ID=43049 DF PROTO=TCP SPT=56646 DPT=443 WINDOW=23241 RES=0x00 ACK PSH URGP=0 
[ 2156.386155] Drop new not syn: IN= OUT=enp0s25 SRC=192.168.2.226 DST=140.82.121.3 LEN=91 TOS=0x00 PREC=0x00 TTL=64 ID=41467 DF PROTO=TCP SPT=52194 DPT=443 WINDOW=1612 RES=0x00 ACK PSH URGP=0 
[ 2157.286042] Drop new not syn: IN= OUT=enp0s25 SRC=192.168.2.226 DST=185.199.111.133 LEN=91 TOS=0x00 PREC=0x00 TTL=64 ID=43050 DF PROTO=TCP SPT=56646 DPT=443 WINDOW=23241 RES=0x00 ACK PSH URGP=0 
[ 2157.366033] Drop new not syn: IN= OUT=enp0s25 SRC=192.168.2.226 DST=140.82.121.3 LEN=91 TOS=0x00 PREC=0x00 TTL=64 ID=41468 DF PROTO=TCP SPT=52194 DPT=443 WINDOW=1612 RES=0x00 ACK PSH URGP=0 
[ 2158.402963] Drop new not syn: IN= OUT=enp0s25 SRC=192.168.2.226 DST=140.82.112.22 LEN=91 TOS=0x00 PREC=0x00 TTL=64 ID=10307 DF PROTO=TCP SPT=42890 DPT=443 WINDOW=501 RES=0x00 ACK PSH URGP=0 
[ 2158.746725] Drop new not syn: IN= OUT=enp0s25 SRC=192.168.2.226 DST=140.82.112.22 LEN=91 TOS=0x00 PREC=0x00 TTL=64 ID=10308 DF PROTO=TCP SPT=42890 DPT=443 WINDOW=501 RES=0x00 ACK PSH URGP=0 
[ 2159.095932] Drop new not syn: IN= OUT=enp0s25 SRC=192.168.2.226 DST=140.82.112.22 LEN=91 TOS=0x00 PREC=0x00 TTL=64 ID=10309 DF PROTO=TCP SPT=42890 DPT=443 WINDOW=501 RES=0x00 ACK PSH URGP=0 
[ 2159.206161] Drop new not syn: IN= OUT=enp0s25 SRC=192.168.2.226 DST=185.199.111.133 LEN=91 TOS=0x00 PREC=0x00 TTL=64 ID=43051 DF PROTO=TCP SPT=56646 DPT=443 WINDOW=23241 RES=0x00 ACK PSH URGP=0 
[ 2159.365877] Drop new not syn: IN= OUT=enp0s25 SRC=192.168.2.226 DST=140.82.121.3 LEN=91 TOS=0x00 PREC=0x00 TTL=64 ID=41469 DF PROTO=TCP SPT=52194 DPT=443 WINDOW=1612 RES=0x00 ACK PSH URGP=0 
[ 2159.846115] Drop new not syn: IN= OUT=enp0s25 SRC=192.168.2.226 DST=140.82.112.22 LEN=91 TOS=0x00 PREC=0x00 TTL=64 ID=10310 DF PROTO=TCP SPT=42890 DPT=443 WINDOW=501 RES=0x00 ACK PSH URGP=0 
[ 2161.285883] Drop new not syn: IN= OUT=enp0s25 SRC=192.168.2.226 DST=140.82.112.22 LEN=91 TOS=0x00 PREC=0x00 TTL=64 ID=10311 DF PROTO=TCP SPT=42890 DPT=443 WINDOW=501 RES=0x00 ACK PSH URGP=0 
[ 2162.403685] Drop new not syn: IN= OUT=enp0s25 SRC=192.168.2.226 DST=216.58.215.99 LEN=91 TOS=0x00 PREC=0x00 TTL=64 ID=19942 DF PROTO=TCP SPT=41622 DPT=443 WINDOW=501 RES=0x00 ACK PSH URGP=0 
[ 2162.656292] Drop new not syn: IN= OUT=enp0s25 SRC=192.168.2.226 DST=216.58.215.99 LEN=91 TOS=0x00 PREC=0x00 TTL=64 ID=19943 DF PROTO=TCP SPT=41622 DPT=443 WINDOW=501 RES=0x00 ACK PSH URGP=0 
[ 2162.966125] Drop new not syn: IN= OUT=enp0s25 SRC=192.168.2.226 DST=185.199.111.133 LEN=91 TOS=0x00 PREC=0x00 TTL=64 ID=43052 DF PROTO=TCP SPT=56646 DPT=443 WINDOW=23241 RES=0x00 ACK PSH URGP=0 
[ 2163.136187] Drop new not syn: IN= OUT=enp0s25 SRC=192.168.2.226 DST=216.58.215.99 LEN=91 TOS=0x00 PREC=0x00 TTL=64 ID=19944 DF PROTO=TCP SPT=41622 DPT=443 WINDOW=501 RES=0x00 ACK PSH URGP=0 
[ 2163.296235] Drop new not syn: IN= OUT=enp0s25 SRC=192.168.2.226 DST=140.82.121.3 LEN=91 TOS=0x00 PREC=0x00 TTL=64 ID=41470 DF PROTO=TCP SPT=52194 DPT=443 WINDOW=1612 RES=0x00 ACK PSH URGP=0 
[ 2164.086571] Drop new not syn: IN= OUT=enp0s25 SRC=192.168.2.226 DST=216.58.215.99 LEN=91 TOS=0x00 PREC=0x00 TTL=64 ID=19945 DF PROTO=TCP SPT=41622 DPT=443 WINDOW=501 RES=0x00 ACK PSH URGP=0 
[ 2164.087157] Drop new not syn: IN= OUT=enp0s25 SRC=192.168.2.226 DST=140.82.112.22 LEN=91 TOS=0x00 PREC=0x00 TTL=64 ID=10312 DF PROTO=TCP SPT=42890 DPT=443 WINDOW=501 RES=0x00 ACK PSH URGP=0 
[ 2164.404647] Drop new not syn: IN= OUT=enp0s25 SRC=192.168.2.226 DST=216.58.215.110 LEN=91 TOS=0x00 PREC=0x00 TTL=64 ID=21620 DF PROTO=TCP SPT=48774 DPT=443 WINDOW=501 RES=0x00 ACK PSH URGP=0 
[ 2164.625909] Drop new not syn: IN= OUT=enp0s25 SRC=192.168.2.226 DST=216.58.215.110 LEN=91 TOS=0x00 PREC=0x00 TTL=64 ID=21621 DF PROTO=TCP SPT=48774 DPT=443 WINDOW=501 RES=0x00 ACK PSH URGP=0 
[ 2164.855987] Drop new not syn: IN= OUT=enp0s25 SRC=192.168.2.226 DST=216.58.215.110 LEN=91 TOS=0x00 PREC=0x00 TTL=64 ID=21622 DF PROTO=TCP SPT=48774 DPT=443 WINDOW=501 RES=0x00 ACK PSH URGP=0 
[ 2164.885838] Drop new not syn: IN= OUT=enp0s25 SRC=192.168.2.226 DST=104.16.248.249 LEN=900 TOS=0x00 PREC=0x00 TTL=64 ID=45180 DF PROTO=TCP SPT=49982 DPT=443 WINDOW=9855 RES=0x00 ACK PSH URGP=0 
[ 2165.306253] Drop new not syn: IN= OUT=enp0s25 SRC=192.168.2.226 DST=216.58.215.110 LEN=91 TOS=0x00 PREC=0x00 TTL=64 ID=21623 DF PROTO=TCP SPT=48774 DPT=443 WINDOW=501 RES=0x00 ACK PSH URGP=0 
[ 2166.016161] Drop new not syn: IN= OUT=enp0s25 SRC=192.168.2.226 DST=216.58.215.99 LEN=91 TOS=0x00 PREC=0x00 TTL=64 ID=19946 DF PROTO=TCP SPT=41622 DPT=443 WINDOW=501 RES=0x00 ACK PSH URGP=0 
[ 2166.246029] Drop new not syn: IN= OUT=enp0s25 SRC=192.168.2.226 DST=216.58.215.110 LEN=91 TOS=0x00 PREC=0x00 TTL=64 ID=21624 DF PROTO=TCP SPT=48774 DPT=443 WINDOW=501 RES=0x00 ACK PSH URGP=0 
[ 2168.085928] Drop new not syn: IN= OUT=enp0s25 SRC=192.168.2.226 DST=216.58.215.110 LEN=91 TOS=0x00 PREC=0x00 TTL=64 ID=21625 DF PROTO=TCP SPT=48774 DPT=443 WINDOW=501 RES=0x00 ACK PSH URGP=0 
[ 2169.765864] Drop new not syn: IN= OUT=enp0s25 SRC=192.168.2.226 DST=216.58.215.99 LEN=91 TOS=0x00 PREC=0x00 TTL=64 ID=19947 DF PROTO=TCP SPT=41622 DPT=443 WINDOW=501 RES=0x00 ACK PSH URGP=0 
[ 2170.646580] Drop new not syn: IN= OUT=enp0s25 SRC=192.168.2.226 DST=172.67.165.194 LEN=795 TOS=0x00 PREC=0x00 TTL=64 ID=38799 DF PROTO=TCP SPT=41690 DPT=443 WINDOW=501 RES=0x00 ACK PSH URGP=0 
[ 2171.685811] Drop new not syn: IN= OUT=enp0s25 SRC=192.168.2.226 DST=216.58.215.110 LEN=91 TOS=0x00 PREC=0x00 TTL=64 ID=21626 DF PROTO=TCP SPT=48774 DPT=443 WINDOW=501 RES=0x00 ACK PSH URGP=0 
[ 2512.404170] Drop new not syn: IN= OUT=enp0s25 SRC=192.168.2.226 DST=52.43.98.120 LEN=52 TOS=0x00 PREC=0x00 TTL=64 ID=60427 DF PROTO=TCP SPT=47968 DPT=443 WINDOW=501 RES=0x00 ACK URGP=0 
[ 2513.441501] Drop new not syn: IN= OUT=enp0s25 SRC=192.168.2.226 DST=52.43.98.120 LEN=52 TOS=0x00 PREC=0x00 TTL=64 ID=60428 DF PROTO=TCP SPT=47968 DPT=443 WINDOW=501 RES=0x00 ACK URGP=0 
[ 2514.481496] Drop new not syn: IN= OUT=enp0s25 SRC=192.168.2.226 DST=52.43.98.120 LEN=52 TOS=0x00 PREC=0x00 TTL=64 ID=60429 DF PROTO=TCP SPT=47968 DPT=443 WINDOW=501 RES=0x00 ACK URGP=0 
[ 2515.521508] Drop new not syn: IN= OUT=enp0s25 SRC=192.168.2.226 DST=52.43.98.120 LEN=52 TOS=0x00 PREC=0x00 TTL=64 ID=60430 DF PROTO=TCP SPT=47968 DPT=443 WINDOW=501 RES=0x00 ACK URGP=0 
[ 2701.840312] Drop new not syn: IN= OUT=enp0s25 SRC=192.168.2.226 DST=140.82.113.26 LEN=52 TOS=0x00 PREC=0x00 TTL=64 ID=10918 DF PROTO=TCP SPT=37156 DPT=443 WINDOW=501 RES=0x00 ACK URGP=0 
[ 2702.879867] Drop new not syn: IN= OUT=enp0s25 SRC=192.168.2.226 DST=140.82.113.26 LEN=52 TOS=0x00 PREC=0x00 TTL=64 ID=10919 DF PROTO=TCP SPT=37156 DPT=443 WINDOW=501 RES=0x00 ACK URGP=0 
[ 2703.919948] Drop new not syn: IN= OUT=enp0s25 SRC=192.168.2.226 DST=140.82.113.26 LEN=52 TOS=0x00 PREC=0x00 TTL=64 ID=10920 DF PROTO=TCP SPT=37156 DPT=443 WINDOW=501 RES=0x00 ACK URGP=0 
[ 2704.959690] Drop new not syn: IN= OUT=enp0s25 SRC=192.168.2.226 DST=140.82.113.26 LEN=52 TOS=0x00 PREC=0x00 TTL=64 ID=10921 DF PROTO=TCP SPT=37156 DPT=443 WINDOW=501 RES=0x00 ACK URGP=0 
[ 4294.927374] NMI watchdog: Enabled. Permanently consumes one hw-PMU counter.
[ 4859.620883] Drop new not syn: IN= OUT=enp0s25 SRC=192.168.2.226 DST=35.186.227.140 LEN=1452 TOS=0x00 PREC=0x00 TTL=64 ID=14333 DF PROTO=TCP SPT=37186 DPT=443 WINDOW=63000 RES=0x00 ACK URGP=0 
[ 4861.406012] Drop new not syn: IN= OUT=enp0s25 SRC=192.168.2.226 DST=149.154.167.41 LEN=285 TOS=0x00 PREC=0x00 TTL=64 ID=14156 DF PROTO=TCP SPT=60376 DPT=443 WINDOW=63856 RES=0x00 ACK PSH URGP=0 
[ 4871.413291] Drop new not syn: IN= OUT=enp0s25 SRC=192.168.2.226 DST=35.186.227.140 LEN=1452 TOS=0x00 PREC=0x00 TTL=64 ID=14334 DF PROTO=TCP SPT=37186 DPT=443 WINDOW=63000 RES=0x00 ACK URGP=0 
[ 4874.391236] Drop new not syn: IN= OUT=enp0s25 SRC=192.168.2.226 DST=104.16.249.249 LEN=96 TOS=0x00 PREC=0x00 TTL=64 ID=39396 DF PROTO=TCP SPT=55316 DPT=443 WINDOW=63426 RES=0x00 ACK PSH URGP=0 
[ 4874.396654] Drop new not syn: IN= OUT=enp0s25 SRC=192.168.2.226 DST=104.16.249.249 LEN=199 TOS=0x00 PREC=0x00 TTL=64 ID=39397 DF PROTO=TCP SPT=55316 DPT=443 WINDOW=63426 RES=0x00 ACK PSH URGP=0 
[ 4874.422700] Drop new not syn: IN= OUT=enp0s25 SRC=192.168.2.226 DST=104.16.249.249 LEN=685 TOS=0x00 PREC=0x00 TTL=64 ID=39398 DF PROTO=TCP SPT=55316 DPT=443 WINDOW=63426 RES=0x00 ACK PSH URGP=0 
[ 4874.587527] Drop new not syn: IN= OUT=enp0s25 SRC=192.168.2.226 DST=142.250.186.195 LEN=91 TOS=0x00 PREC=0x00 TTL=64 ID=43448 DF PROTO=TCP SPT=46596 DPT=443 WINDOW=63000 RES=0x00 ACK PSH URGP=0 
[ 4874.642525] Drop new not syn: IN= OUT=enp0s25 SRC=192.168.2.226 DST=104.16.249.249 LEN=900 TOS=0x00 PREC=0x00 TTL=64 ID=39399 DF PROTO=TCP SPT=55316 DPT=443 WINDOW=63426 RES=0x00 ACK PSH URGP=0 
[ 4874.812727] Drop new not syn: IN= OUT=enp0s25 SRC=192.168.2.226 DST=142.250.186.195 LEN=91 TOS=0x00 PREC=0x00 TTL=64 ID=43449 DF PROTO=TCP SPT=46596 DPT=443 WINDOW=63000 RES=0x00 ACK PSH URGP=0 
[ 4875.042744] Drop new not syn: IN= OUT=enp0s25 SRC=192.168.2.226 DST=142.250.186.195 LEN=91 TOS=0x00 PREC=0x00 TTL=64 ID=43450 DF PROTO=TCP SPT=46596 DPT=443 WINDOW=63000 RES=0x00 ACK PSH URGP=0 
[ 4875.072898] Drop new not syn: IN= OUT=enp0s25 SRC=192.168.2.226 DST=104.16.249.249 LEN=900 TOS=0x00 PREC=0x00 TTL=64 ID=39400 DF PROTO=TCP SPT=55316 DPT=443 WINDOW=63426 RES=0x00 ACK PSH URGP=0 
[ 4875.493711] Drop new not syn: IN= OUT=enp0s25 SRC=192.168.2.226 DST=142.250.186.195 LEN=91 TOS=0x00 PREC=0x00 TTL=64 ID=43451 DF PROTO=TCP SPT=46596 DPT=443 WINDOW=63000 RES=0x00 ACK PSH URGP=0 
[ 4875.972719] Drop new not syn: IN= OUT=enp0s25 SRC=192.168.2.226 DST=104.16.249.249 LEN=900 TOS=0x00 PREC=0x00 TTL=64 ID=39401 DF PROTO=TCP SPT=55316 DPT=443 WINDOW=63426 RES=0x00 ACK PSH URGP=0 
[ 4876.452629] Drop new not syn: IN= OUT=enp0s25 SRC=192.168.2.226 DST=142.250.186.195 LEN=91 TOS=0x00 PREC=0x00 TTL=64 ID=43452 DF PROTO=TCP SPT=46596 DPT=443 WINDOW=63000 RES=0x00 ACK PSH URGP=0 
[ 4876.588343] Drop new not syn: IN= OUT=enp0s25 SRC=192.168.2.226 DST=216.58.215.106 LEN=91 TOS=0x00 PREC=0x00 TTL=64 ID=1290 DF PROTO=TCP SPT=43344 DPT=443 WINDOW=63000 RES=0x00 ACK PSH URGP=0 
[ 4876.812853] Drop new not syn: IN= OUT=enp0s25 SRC=192.168.2.226 DST=216.58.215.106 LEN=91 TOS=0x00 PREC=0x00 TTL=64 ID=1291 DF PROTO=TCP SPT=43344 DPT=443 WINDOW=63000 RES=0x00 ACK PSH URGP=0 
[ 4877.042702] Drop new not syn: IN= OUT=enp0s25 SRC=192.168.2.226 DST=216.58.215.106 LEN=91 TOS=0x00 PREC=0x00 TTL=64 ID=1292 DF PROTO=TCP SPT=43344 DPT=443 WINDOW=63000 RES=0x00 ACK PSH URGP=0 
[ 4877.492933] Drop new not syn: IN= OUT=enp0s25 SRC=192.168.2.226 DST=216.58.215.106 LEN=91 TOS=0x00 PREC=0x00 TTL=64 ID=1293 DF PROTO=TCP SPT=43344 DPT=443 WINDOW=63000 RES=0x00 ACK PSH URGP=0 
[ 4877.733200] Drop new not syn: IN= OUT=enp0s25 SRC=192.168.2.226 DST=104.16.249.249 LEN=900 TOS=0x00 PREC=0x00 TTL=64 ID=39402 DF PROTO=TCP SPT=55316 DPT=443 WINDOW=63426 RES=0x00 ACK PSH URGP=0 
[ 4878.292935] Drop new not syn: IN= OUT=enp0s25 SRC=192.168.2.226 DST=142.250.186.195 LEN=91 TOS=0x00 PREC=0x00 TTL=64 ID=43453 DF PROTO=TCP SPT=46596 DPT=443 WINDOW=63000 RES=0x00 ACK PSH URGP=0 
[ 4878.453198] Drop new not syn: IN= OUT=enp0s25 SRC=192.168.2.226 DST=216.58.215.106 LEN=91 TOS=0x00 PREC=0x00 TTL=64 ID=1294 DF PROTO=TCP SPT=43344 DPT=443 WINDOW=63000 RES=0x00 ACK PSH URGP=0 
[ 4879.611863] Drop new not syn: IN= OUT=enp0s25 SRC=192.168.2.226 DST=216.58.208.195 LEN=91 TOS=0x00 PREC=0x00 TTL=64 ID=30077 DF PROTO=TCP SPT=55714 DPT=443 WINDOW=63000 RES=0x00 ACK PSH URGP=0 
[ 4880.292609] Drop new not syn: IN= OUT=enp0s25 SRC=192.168.2.226 DST=216.58.215.106 LEN=91 TOS=0x00 PREC=0x00 TTL=64 ID=1295 DF PROTO=TCP SPT=43344 DPT=443 WINDOW=63000 RES=0x00 ACK PSH URGP=0 
[ 4881.182526] Drop new not syn: IN= OUT=enp0s25 SRC=192.168.2.226 DST=104.16.249.249 LEN=900 TOS=0x00 PREC=0x00 TTL=64 ID=39403 DF PROTO=TCP SPT=55316 DPT=443 WINDOW=63426 RES=0x00 ACK PSH URGP=0 
[ 4881.892512] Drop new not syn: IN= OUT=enp0s25 SRC=192.168.2.226 DST=142.250.186.195 LEN=91 TOS=0x00 PREC=0x00 TTL=64 ID=43454 DF PROTO=TCP SPT=46596 DPT=443 WINDOW=63000 RES=0x00 ACK PSH URGP=0 
[ 4882.967672] Drop new not syn: IN= OUT=enp0s25 SRC=192.168.2.226 DST=149.154.167.51 LEN=205 TOS=0x00 PREC=0x00 TTL=64 ID=12252 DF PROTO=TCP SPT=38990 DPT=443 WINDOW=501 RES=0x00 ACK PSH URGP=0 
[ 4883.242391] Drop new not syn: IN= OUT=enp0s25 SRC=192.168.2.226 DST=149.154.167.51 LEN=205 TOS=0x00 PREC=0x00 TTL=64 ID=12253 DF PROTO=TCP SPT=38990 DPT=443 WINDOW=501 RES=0x00 ACK PSH URGP=0 
[ 4883.305992] Drop new not syn: IN= OUT=enp0s25 SRC=192.168.2.226 DST=142.250.203.196 LEN=548 TOS=0x00 PREC=0x00 TTL=64 ID=63806 DF PROTO=TCP SPT=35300 DPT=443 WINDOW=63938 RES=0x00 ACK PSH URGP=0 
[ 4883.306346] Drop new not syn: IN= OUT=enp0s25 SRC=192.168.2.226 DST=142.250.203.196 LEN=476 TOS=0x00 PREC=0x00 TTL=64 ID=63807 DF PROTO=TCP SPT=35300 DPT=443 WINDOW=63938 RES=0x00 ACK PSH URGP=0 
[ 4883.372384] Drop new not syn: IN= OUT=enp0s25 SRC=192.168.2.226 DST=142.250.203.196 LEN=476 TOS=0x00 PREC=0x00 TTL=64 ID=63808 DF PROTO=TCP SPT=35300 DPT=443 WINDOW=63938 RES=0x00 ACK PSH URGP=0 
[ 4883.513580] Drop new not syn: IN= OUT=enp0s25 SRC=192.168.2.226 DST=149.154.167.51 LEN=205 TOS=0x00 PREC=0x00 TTL=64 ID=12254 DF PROTO=TCP SPT=38990 DPT=443 WINDOW=501 RES=0x00 ACK PSH URGP=0 
[ 4883.602393] Drop new not syn: IN= OUT=enp0s25 SRC=192.168.2.226 DST=142.250.203.196 LEN=972 TOS=0x00 PREC=0x00 TTL=64 ID=63809 DF PROTO=TCP SPT=35300 DPT=443 WINDOW=63938 RES=0x00 ACK PSH URGP=0 
[ 4883.892413] Drop new not syn: IN= OUT=enp0s25 SRC=192.168.2.226 DST=216.58.215.106 LEN=91 TOS=0x00 PREC=0x00 TTL=64 ID=1296 DF PROTO=TCP SPT=43344 DPT=443 WINDOW=63000 RES=0x00 ACK PSH URGP=0 
[ 4883.960805] Drop new not syn: IN= OUT=enp0s25 SRC=192.168.2.226 DST=216.58.215.106 LEN=87 TOS=0x00 PREC=0x00 TTL=64 ID=9511 DF PROTO=TCP SPT=43324 DPT=443 WINDOW=63000 RES=0x00 ACK PSH URGP=0 
[ 4884.042674] Drop new not syn: IN= OUT=enp0s25 SRC=192.168.2.226 DST=149.154.167.51 LEN=205 TOS=0x00 PREC=0x00 TTL=64 ID=12255 DF PROTO=TCP SPT=38990 DPT=443 WINDOW=501 RES=0x00 ACK PSH URGP=0 
[ 4884.052435] Drop new not syn: IN= OUT=enp0s25 SRC=192.168.2.226 DST=142.250.203.196 LEN=972 TOS=0x00 PREC=0x00 TTL=64 ID=63810 DF PROTO=TCP SPT=35300 DPT=443 WINDOW=63938 RES=0x00 ACK PSH URGP=0 
[ 4884.192603] Drop new not syn: IN= OUT=enp0s25 SRC=192.168.2.226 DST=216.58.215.106 LEN=87 TOS=0x00 PREC=0x00 TTL=64 ID=9512 DF PROTO=TCP SPT=43324 DPT=443 WINDOW=63000 RES=0x00 ACK PSH URGP=0 
[ 4884.432516] Drop new not syn: IN= OUT=enp0s25 SRC=192.168.2.226 DST=216.58.215.106 LEN=87 TOS=0x00 PREC=0x00 TTL=64 ID=9513 DF PROTO=TCP SPT=43324 DPT=443 WINDOW=63000 RES=0x00 ACK PSH URGP=0 
[ 4884.882386] Drop new not syn: IN= OUT=enp0s25 SRC=192.168.2.226 DST=216.58.215.106 LEN=87 TOS=0x00 PREC=0x00 TTL=64 ID=9514 DF PROTO=TCP SPT=43324 DPT=443 WINDOW=63000 RES=0x00 ACK PSH URGP=0 
[ 4885.012506] Drop new not syn: IN= OUT=enp0s25 SRC=192.168.2.226 DST=142.250.203.196 LEN=972 TOS=0x00 PREC=0x00 TTL=64 ID=63811 DF PROTO=TCP SPT=35300 DPT=443 WINDOW=63938 RES=0x00 ACK PSH URGP=0 
[ 4885.092419] Drop new not syn: IN= OUT=enp0s25 SRC=192.168.2.226 DST=149.154.167.51 LEN=205 TOS=0x00 PREC=0x00 TTL=64 ID=12256 DF PROTO=TCP SPT=38990 DPT=443 WINDOW=501 RES=0x00 ACK PSH URGP=0 
[ 4885.812707] Drop new not syn: IN= OUT=enp0s25 SRC=192.168.2.226 DST=216.58.215.106 LEN=87 TOS=0x00 PREC=0x00 TTL=64 ID=9515 DF PROTO=TCP SPT=43324 DPT=443 WINDOW=63000 RES=0x00 ACK PSH URGP=0 
[ 4886.852524] Drop new not syn: IN= OUT=enp0s25 SRC=192.168.2.226 DST=142.250.203.196 LEN=972 TOS=0x00 PREC=0x00 TTL=64 ID=63812 DF PROTO=TCP SPT=35300 DPT=443 WINDOW=63938 RES=0x00 ACK PSH URGP=0 
[ 4887.652351] Drop new not syn: IN= OUT=enp0s25 SRC=192.168.2.226 DST=216.58.215.106 LEN=87 TOS=0x00 PREC=0x00 TTL=64 ID=9516 DF PROTO=TCP SPT=43324 DPT=443 WINDOW=63000 RES=0x00 ACK PSH URGP=0 
[ 4888.052380] Drop new not syn: IN= OUT=enp0s25 SRC=192.168.2.226 DST=104.16.249.249 LEN=900 TOS=0x00 PREC=0x00 TTL=64 ID=39404 DF PROTO=TCP SPT=55316 DPT=443 WINDOW=63426 RES=0x00 ACK PSH URGP=0 
