[    0.000000] Linux version 5.15.10-arch1-1 (linux@archlinux) (gcc (GCC) 11.1.0, GNU ld (GNU Binutils) 2.36.1) #1 SMP PREEMPT Fri, 17 Dec 2021 11:17:37 +0000
[    0.000000] Command line: BOOT_IMAGE=/boot/vmlinuz-linux root=UUID=a1e2e1f9-dbcb-484e-a242-73d5754f8d98 rw quiet resume=UUID=36238c5a-d1ff-4e5f-986a-4d302098cfd7 loglevel=3 audit=0 lsm=landlock,lockdown,yama,apparmor,bpf l1tf=full,force mds=full,nosmt mitigations=auto,nosmt nosmt=force init_on_alloc=1 init_on_free=1 randomize_kstack_offset=on slab_nomerge pti=on slub_debug=ZF slub_debug=P page_poison=1 mem_encrypt=on
[    0.000000] x86/fpu: Supporting XSAVE feature 0x001: 'x87 floating point registers'
[    0.000000] x86/fpu: Supporting XSAVE feature 0x002: 'SSE registers'
[    0.000000] x86/fpu: Supporting XSAVE feature 0x004: 'AVX registers'
[    0.000000] x86/fpu: xstate_offset[2]:  576, xstate_sizes[2]:  256
[    0.000000] x86/fpu: Enabled xstate features 0x7, context size is 832 bytes, using 'compacted' format.
[    0.000000] signal: max sigframe size: 1776
[    0.000000] SMT: Force disabled
[    0.000000] BIOS-provided physical RAM map:
[    0.000000] BIOS-e820: [mem 0x0000000000000000-0x000000000009efff] usable
[    0.000000] BIOS-e820: [mem 0x000000000009f000-0x00000000000bffff] reserved
[    0.000000] BIOS-e820: [mem 0x0000000000100000-0x0000000009afffff] usable
[    0.000000] BIOS-e820: [mem 0x0000000009b00000-0x0000000009dfffff] reserved
[    0.000000] BIOS-e820: [mem 0x0000000009e00000-0x0000000009efffff] usable
[    0.000000] BIOS-e820: [mem 0x0000000009f00000-0x0000000009f0ffff] ACPI NVS
[    0.000000] BIOS-e820: [mem 0x0000000009f10000-0x00000000bab68fff] usable
[    0.000000] BIOS-e820: [mem 0x00000000bab69000-0x00000000bbd68fff] reserved
[    0.000000] BIOS-e820: [mem 0x00000000bbd69000-0x00000000c9f7efff] usable
[    0.000000] BIOS-e820: [mem 0x00000000c9f7f000-0x00000000caf7efff] type 20
[    0.000000] BIOS-e820: [mem 0x00000000caf7f000-0x00000000ccf7efff] reserved
[    0.000000] BIOS-e820: [mem 0x00000000ccf7f000-0x00000000cdf7efff] ACPI NVS
[    0.000000] BIOS-e820: [mem 0x00000000cdf7f000-0x00000000cdffefff] ACPI data
[    0.000000] BIOS-e820: [mem 0x00000000cdfff000-0x00000000cdffffff] usable
[    0.000000] BIOS-e820: [mem 0x00000000ce000000-0x00000000ceffffff] reserved
[    0.000000] BIOS-e820: [mem 0x00000000f8000000-0x00000000fbffffff] reserved
[    0.000000] BIOS-e820: [mem 0x00000000fde00000-0x00000000fdefffff] reserved
[    0.000000] BIOS-e820: [mem 0x00000000fec00000-0x00000000fec00fff] reserved
[    0.000000] BIOS-e820: [mem 0x00000000fec10000-0x00000000fec10fff] reserved
[    0.000000] BIOS-e820: [mem 0x00000000fec20000-0x00000000fec20fff] reserved
[    0.000000] BIOS-e820: [mem 0x00000000fed80000-0x00000000fed80fff] reserved
[    0.000000] BIOS-e820: [mem 0x00000000fee00000-0x00000000fee00fff] reserved
[    0.000000] BIOS-e820: [mem 0x00000000ff000000-0x00000000fff2ffff] reserved
[    0.000000] BIOS-e820: [mem 0x0000000100000000-0x000000040f33ffff] usable
[    0.000000] BIOS-e820: [mem 0x000000040f340000-0x000000042fffffff] reserved
[    0.000000] NX (Execute Disable) protection: active
[    0.000000] efi: EFI v2.70 by INSYDE Corp.
[    0.000000] efi: ACPI=0xcdffe000 ACPI 2.0=0xcdffe014 TPMFinalLog=0xcdf2c000 SMBIOS=0xcb70c000 SMBIOS 3.0=0xcb70a000 ESRT=0xcb70d418 
[    0.000000] SMBIOS 3.2.0 present.
[    0.000000] DMI: TIMI RedmiBook 14 II/TM1951, BIOS RMARN4B0P0909 08/19/2020
[    0.000000] tsc: Fast TSC calibration using PIT
[    0.000000] tsc: Detected 2370.408 MHz processor
[    0.000543] e820: update [mem 0x00000000-0x00000fff] usable ==> reserved
[    0.000545] e820: remove [mem 0x000a0000-0x000fffff] usable
[    0.000551] last_pfn = 0x40f340 max_arch_pfn = 0x400000000
[    0.000729] x86/PAT: Configuration [0-7]: WB  WC  UC- UC  WB  WP  UC- WT  
[    0.000952] last_pfn = 0xce000 max_arch_pfn = 0x400000000
[    0.010330] esrt: Reserving ESRT space from 0x00000000cb70d418 to 0x00000000cb70d450.
[    0.010338] Kernel/User page tables isolation: force enabled on command line.
[    0.010339] Using GB pages for direct mapping
[    0.010691] Secure boot disabled
[    0.010692] RAMDISK: [mem 0x36b19000-0x37583fff]
[    0.010697] ACPI: Early table checksum verification disabled
[    0.010700] ACPI: RSDP 0x00000000CDFFE014 000024 (v02 XMCC  )
[    0.010703] ACPI: XSDT 0x00000000CDFCE188 000134 (v01 XMCC   XMCC1951 00000002      01000013)
[    0.010708] ACPI: FACP 0x00000000CDFEC000 00010C (v05 XMCC   XMCC1951 00000002      01000013)
[    0.010713] ACPI: DSDT 0x00000000CDFDF000 006545 (v01 XMCC   XMCC1951 00000002      01000013)
[    0.010715] ACPI: FACS 0x00000000CDF29000 000040
[    0.010717] ACPI: UEFI 0x00000000CDF7E000 000236 (v01 INSYDE H2O BIOS 00000001 ACPI 00040000)
[    0.010719] ACPI: SSDT 0x00000000CDFF5000 007216 (v02 AMD    AmdTable 00000002 MSFT 04000000)
[    0.010721] ACPI: IVRS 0x00000000CDFF4000 0001A4 (v02 AMD    AmdTable 00000001 AMD  00000000)
[    0.010724] ACPI: SSDT 0x00000000CDFF3000 000228 (v01 AMD    STD3     00000001 INTL 20130117)
[    0.010726] ACPI: SSDT 0x00000000CDFF2000 000D61 (v01 XMCC   XMCC1806 00003000 INTL 20130117)
[    0.010728] ACPI: SSDT 0x00000000CDFF1000 00046D (v01 Insyde TPMACPI  00001000 INTL 20130117)
[    0.010730] ACPI: TPM2 0x00000000CDFF0000 000034 (v04 XMCC   XMCC1951 00000002      01000013)
[    0.010733] ACPI: MSDM 0x00000000CDFEF000 000055 (v03 INSYDE H2O BIOS 00000001 ACPI 00040000)
[    0.010735] ACPI: ASF! 0x00000000CDFEE000 0000A5 (v32 XMCC   XMCC1951 00000002      01000013)
[    0.010737] ACPI: BOOT 0x00000000CDFED000 000028 (v01 XMCC   XMCC1951 00000002      01000013)
[    0.010739] ACPI: HPET 0x00000000CDFEB000 000038 (v01 XMCC   XMCC1951 00000002      01000013)
[    0.010741] ACPI: APIC 0x00000000CDFEA000 000138 (v03 XMCC   XMCC1951 00000002      01000013)
[    0.010743] ACPI: MCFG 0x00000000CDFE9000 00003C (v01 XMCC   XMCC1951 00000002      01000013)
[    0.010745] ACPI: SLIC 0x00000000CDFE8000 000176 (v01 XMCC   XMCC1951 00000002      01000013)
[    0.010748] ACPI: SSDT 0x00000000CDFDE000 000080 (v01 XMCC   XMCC1951 00000002      01000013)
[    0.010750] ACPI: VFCT 0x00000000CDFD0000 00D484 (v01 XMCC   XMCC1951 00000001 AMD  31504F47)
[    0.010752] ACPI: SSDT 0x00000000CDFCF000 0000F8 (v01 XMCC   PcdTabl  00001000 INTL 20130117)
[    0.010754] ACPI: SSDT 0x00000000CDFCC000 001500 (v01 AMD    AmdTable 00000001 AMD  00000001)
[    0.010756] ACPI: CRAT 0x00000000CDFFD000 000BA8 (v01 AMD    AmdTable 00000001 AMD  00000001)
[    0.010758] ACPI: CDIT 0x00000000CDFCB000 000029 (v01 AMD    AmdTable 00000001 AMD  00000001)
[    0.010761] ACPI: SSDT 0x00000000CDFCA000 00028D (v01 AMD    AmdTable 00000001 INTL 20130117)
[    0.010763] ACPI: SSDT 0x00000000CDFC9000 000C78 (v01 AMD    AmdTable 00000001 INTL 20130117)
[    0.010765] ACPI: SSDT 0x00000000CDFC7000 0010A5 (v01 AMD    AmdTable 00000001 INTL 20130117)
[    0.010767] ACPI: SSDT 0x00000000CDFC3000 0030C8 (v01 AMD    AmdTable 00000001 INTL 20130117)
[    0.010769] ACPI: FPDT 0x00000000CDFC2000 000044 (v01 XMCC   XMCC1951 00000002      01000013)
[    0.010771] ACPI: WSMT 0x00000000CDFC0000 000028 (v01 INSYDE H2O BIOS 00000001 ACPI 00040000)
[    0.010773] ACPI: SSDT 0x00000000CDFE7000 00020A (v01 AMD    AmdTable 00000001 INTL 20130117)
[    0.010775] ACPI: SSDT 0x00000000CDFE6000 0005A1 (v01 AMD    AmdTable 00000001 INTL 20130117)
[    0.010777] ACPI: SSDT 0x00000000CDFBF000 000343 (v01 AMD    AmdTable 00000001 INTL 20130117)
[    0.010780] ACPI: SSDT 0x00000000CDFBE000 00007D (v01 AMD    AmdTable 00000001 INTL 20130117)
[    0.010782] ACPI: SSDT 0x00000000CDFBD000 000822 (v01 AMD    AmdTable 00000001 INTL 20130117)
[    0.010784] ACPI: SSDT 0x00000000CDFBC000 000517 (v01 AMD    AmdTable 00000001 INTL 20130117)
[    0.010786] ACPI: BGRT 0x00000000CDFC1000 000038 (v01 INSYDE H2O BIOS 00000001 ACPI 00040000)
[    0.010788] ACPI: Reserving FACP table memory at [mem 0xcdfec000-0xcdfec10b]
[    0.010789] ACPI: Reserving DSDT table memory at [mem 0xcdfdf000-0xcdfe5544]
[    0.010789] ACPI: Reserving FACS table memory at [mem 0xcdf29000-0xcdf2903f]
[    0.010790] ACPI: Reserving UEFI table memory at [mem 0xcdf7e000-0xcdf7e235]
[    0.010791] ACPI: Reserving SSDT table memory at [mem 0xcdff5000-0xcdffc215]
[    0.010792] ACPI: Reserving IVRS table memory at [mem 0xcdff4000-0xcdff41a3]
[    0.010792] ACPI: Reserving SSDT table memory at [mem 0xcdff3000-0xcdff3227]
[    0.010793] ACPI: Reserving SSDT table memory at [mem 0xcdff2000-0xcdff2d60]
[    0.010794] ACPI: Reserving SSDT table memory at [mem 0xcdff1000-0xcdff146c]
[    0.010794] ACPI: Reserving TPM2 table memory at [mem 0xcdff0000-0xcdff0033]
[    0.010795] ACPI: Reserving MSDM table memory at [mem 0xcdfef000-0xcdfef054]
[    0.010796] ACPI: Reserving ASF! table memory at [mem 0xcdfee000-0xcdfee0a4]
[    0.010796] ACPI: Reserving BOOT table memory at [mem 0xcdfed000-0xcdfed027]
[    0.010797] ACPI: Reserving HPET table memory at [mem 0xcdfeb000-0xcdfeb037]
[    0.010798] ACPI: Reserving APIC table memory at [mem 0xcdfea000-0xcdfea137]
[    0.010798] ACPI: Reserving MCFG table memory at [mem 0xcdfe9000-0xcdfe903b]
[    0.010799] ACPI: Reserving SLIC table memory at [mem 0xcdfe8000-0xcdfe8175]
[    0.010800] ACPI: Reserving SSDT table memory at [mem 0xcdfde000-0xcdfde07f]
[    0.010801] ACPI: Reserving VFCT table memory at [mem 0xcdfd0000-0xcdfdd483]
[    0.010801] ACPI: Reserving SSDT table memory at [mem 0xcdfcf000-0xcdfcf0f7]
[    0.010802] ACPI: Reserving SSDT table memory at [mem 0xcdfcc000-0xcdfcd4ff]
[    0.010803] ACPI: Reserving CRAT table memory at [mem 0xcdffd000-0xcdffdba7]
[    0.010803] ACPI: Reserving CDIT table memory at [mem 0xcdfcb000-0xcdfcb028]
[    0.010804] ACPI: Reserving SSDT table memory at [mem 0xcdfca000-0xcdfca28c]
[    0.010805] ACPI: Reserving SSDT table memory at [mem 0xcdfc9000-0xcdfc9c77]
[    0.010806] ACPI: Reserving SSDT table memory at [mem 0xcdfc7000-0xcdfc80a4]
[    0.010806] ACPI: Reserving SSDT table memory at [mem 0xcdfc3000-0xcdfc60c7]
[    0.010807] ACPI: Reserving FPDT table memory at [mem 0xcdfc2000-0xcdfc2043]
[    0.010808] ACPI: Reserving WSMT table memory at [mem 0xcdfc0000-0xcdfc0027]
[    0.010809] ACPI: Reserving SSDT table memory at [mem 0xcdfe7000-0xcdfe7209]
[    0.010809] ACPI: Reserving SSDT table memory at [mem 0xcdfe6000-0xcdfe65a0]
[    0.010810] ACPI: Reserving SSDT table memory at [mem 0xcdfbf000-0xcdfbf342]
[    0.010811] ACPI: Reserving SSDT table memory at [mem 0xcdfbe000-0xcdfbe07c]
[    0.010812] ACPI: Reserving SSDT table memory at [mem 0xcdfbd000-0xcdfbd821]
[    0.010812] ACPI: Reserving SSDT table memory at [mem 0xcdfbc000-0xcdfbc516]
[    0.010813] ACPI: Reserving BGRT table memory at [mem 0xcdfc1000-0xcdfc1037]
[    0.010865] No NUMA configuration found
[    0.010866] Faking a node at [mem 0x0000000000000000-0x000000040f33ffff]
[    0.010869] NODE_DATA(0) allocated [mem 0x40f33c000-0x40f33ffff]
[    0.010897] Zone ranges:
[    0.010897]   DMA      [mem 0x0000000000001000-0x0000000000ffffff]
[    0.010899]   DMA32    [mem 0x0000000001000000-0x00000000ffffffff]
[    0.010900]   Normal   [mem 0x0000000100000000-0x000000040f33ffff]
[    0.010901]   Device   empty
[    0.010902] Movable zone start for each node
[    0.010902] Early memory node ranges
[    0.010903]   node   0: [mem 0x0000000000001000-0x000000000009efff]
[    0.010904]   node   0: [mem 0x0000000000100000-0x0000000009afffff]
[    0.010905]   node   0: [mem 0x0000000009e00000-0x0000000009efffff]
[    0.010905]   node   0: [mem 0x0000000009f10000-0x00000000bab68fff]
[    0.010906]   node   0: [mem 0x00000000bbd69000-0x00000000c9f7efff]
[    0.010907]   node   0: [mem 0x00000000cdfff000-0x00000000cdffffff]
[    0.010907]   node   0: [mem 0x0000000100000000-0x000000040f33ffff]
[    0.010910] Initmem setup node 0 [mem 0x0000000000001000-0x000000040f33ffff]
[    0.010913] On node 0, zone DMA: 1 pages in unavailable ranges
[    0.010928] On node 0, zone DMA: 97 pages in unavailable ranges
[    0.011060] On node 0, zone DMA32: 768 pages in unavailable ranges
[    0.016113] On node 0, zone DMA32: 16 pages in unavailable ranges
[    0.016577] On node 0, zone DMA32: 4608 pages in unavailable ranges
[    0.016729] On node 0, zone DMA32: 16512 pages in unavailable ranges
[    0.039568] On node 0, zone Normal: 8192 pages in unavailable ranges
[    0.039603] On node 0, zone Normal: 3264 pages in unavailable ranges
[    0.039754] ACPI: PM-Timer IO Port: 0x408
[    0.039761] ACPI: LAPIC_NMI (acpi_id[0x00] high edge lint[0x1])
[    0.039763] ACPI: LAPIC_NMI (acpi_id[0x01] high edge lint[0x1])
[    0.039763] ACPI: LAPIC_NMI (acpi_id[0x02] high edge lint[0x1])
[    0.039764] ACPI: LAPIC_NMI (acpi_id[0x03] high edge lint[0x1])
[    0.039764] ACPI: LAPIC_NMI (acpi_id[0x04] high edge lint[0x1])
[    0.039765] ACPI: LAPIC_NMI (acpi_id[0x05] high edge lint[0x1])
[    0.039766] ACPI: LAPIC_NMI (acpi_id[0x06] high edge lint[0x1])
[    0.039766] ACPI: LAPIC_NMI (acpi_id[0x07] high edge lint[0x1])
[    0.039767] ACPI: LAPIC_NMI (acpi_id[0x08] high edge lint[0x1])
[    0.039767] ACPI: LAPIC_NMI (acpi_id[0x09] high edge lint[0x1])
[    0.039768] ACPI: LAPIC_NMI (acpi_id[0x0a] high edge lint[0x1])
[    0.039768] ACPI: LAPIC_NMI (acpi_id[0x0b] high edge lint[0x1])
[    0.039769] ACPI: LAPIC_NMI (acpi_id[0x0c] high edge lint[0x1])
[    0.039770] ACPI: LAPIC_NMI (acpi_id[0x0d] high edge lint[0x1])
[    0.039770] ACPI: LAPIC_NMI (acpi_id[0x0e] high edge lint[0x1])
[    0.039771] ACPI: LAPIC_NMI (acpi_id[0x0f] high edge lint[0x1])
[    0.039784] IOAPIC[0]: apic_id 33, version 33, address 0xfec00000, GSI 0-23
[    0.039789] IOAPIC[1]: apic_id 34, version 33, address 0xfec01000, GSI 24-55
[    0.039790] ACPI: INT_SRC_OVR (bus 0 bus_irq 0 global_irq 2 dfl dfl)
[    0.039792] ACPI: INT_SRC_OVR (bus 0 bus_irq 9 global_irq 9 low level)
[    0.039795] ACPI: Using ACPI (MADT) for SMP configuration information
[    0.039796] ACPI: HPET id: 0x10228210 base: 0xfed00000
[    0.039805] e820: update [mem 0xb3621000-0xb3626fff] usable ==> reserved
[    0.039813] smpboot: Allowing 16 CPUs, 10 hotplug CPUs
[    0.039838] PM: hibernation: Registered nosave memory: [mem 0x00000000-0x00000fff]
[    0.039840] PM: hibernation: Registered nosave memory: [mem 0x0009f000-0x000bffff]
[    0.039841] PM: hibernation: Registered nosave memory: [mem 0x000c0000-0x000fffff]
[    0.039843] PM: hibernation: Registered nosave memory: [mem 0x09b00000-0x09dfffff]
[    0.039844] PM: hibernation: Registered nosave memory: [mem 0x09f00000-0x09f0ffff]
[    0.039845] PM: hibernation: Registered nosave memory: [mem 0xb3621000-0xb3626fff]
[    0.039847] PM: hibernation: Registered nosave memory: [mem 0xbab69000-0xbbd68fff]
[    0.039848] PM: hibernation: Registered nosave memory: [mem 0xc9f7f000-0xcaf7efff]
[    0.039849] PM: hibernation: Registered nosave memory: [mem 0xcaf7f000-0xccf7efff]
[    0.039850] PM: hibernation: Registered nosave memory: [mem 0xccf7f000-0xcdf7efff]
[    0.039850] PM: hibernation: Registered nosave memory: [mem 0xcdf7f000-0xcdffefff]
[    0.039852] PM: hibernation: Registered nosave memory: [mem 0xce000000-0xceffffff]
[    0.039852] PM: hibernation: Registered nosave memory: [mem 0xcf000000-0xf7ffffff]
[    0.039853] PM: hibernation: Registered nosave memory: [mem 0xf8000000-0xfbffffff]
[    0.039853] PM: hibernation: Registered nosave memory: [mem 0xfc000000-0xfddfffff]
[    0.039854] PM: hibernation: Registered nosave memory: [mem 0xfde00000-0xfdefffff]
[    0.039854] PM: hibernation: Registered nosave memory: [mem 0xfdf00000-0xfebfffff]
[    0.039855] PM: hibernation: Registered nosave memory: [mem 0xfec00000-0xfec00fff]
[    0.039855] PM: hibernation: Registered nosave memory: [mem 0xfec01000-0xfec0ffff]
[    0.039856] PM: hibernation: Registered nosave memory: [mem 0xfec10000-0xfec10fff]
[    0.039857] PM: hibernation: Registered nosave memory: [mem 0xfec11000-0xfec1ffff]
[    0.039857] PM: hibernation: Registered nosave memory: [mem 0xfec20000-0xfec20fff]
[    0.039858] PM: hibernation: Registered nosave memory: [mem 0xfec21000-0xfed7ffff]
[    0.039858] PM: hibernation: Registered nosave memory: [mem 0xfed80000-0xfed80fff]
[    0.039859] PM: hibernation: Registered nosave memory: [mem 0xfed81000-0xfedfffff]
[    0.039859] PM: hibernation: Registered nosave memory: [mem 0xfee00000-0xfee00fff]
[    0.039860] PM: hibernation: Registered nosave memory: [mem 0xfee01000-0xfeffffff]
[    0.039860] PM: hibernation: Registered nosave memory: [mem 0xff000000-0xfff2ffff]
[    0.039861] PM: hibernation: Registered nosave memory: [mem 0xfff30000-0xffffffff]
[    0.039862] [mem 0xcf000000-0xf7ffffff] available for PCI devices
[    0.039863] Booting paravirtualized kernel on bare hardware
[    0.039866] clocksource: refined-jiffies: mask: 0xffffffff max_cycles: 0xffffffff, max_idle_ns: 6370452778343963 ns
[    0.043581] setup_percpu: NR_CPUS:320 nr_cpumask_bits:320 nr_cpu_ids:16 nr_node_ids:1
[    0.044188] percpu: Embedded 61 pages/cpu s212992 r8192 d28672 u262144
[    0.044197] pcpu-alloc: s212992 r8192 d28672 u262144 alloc=1*2097152
[    0.044199] pcpu-alloc: [0] 00 01 02 03 04 05 06 07 [0] 08 09 10 11 12 13 14 15 
[    0.044225] Built 1 zonelists, mobility grouping on.  Total pages: 3966649
[    0.044226] Policy zone: Normal
[    0.044228] Kernel command line: BOOT_IMAGE=/boot/vmlinuz-linux root=UUID=a1e2e1f9-dbcb-484e-a242-73d5754f8d98 rw quiet resume=UUID=36238c5a-d1ff-4e5f-986a-4d302098cfd7 loglevel=3 audit=0 lsm=landlock,lockdown,yama,apparmor,bpf l1tf=full,force mds=full,nosmt mitigations=auto,nosmt nosmt=force init_on_alloc=1 init_on_free=1 randomize_kstack_offset=on slab_nomerge pti=on slub_debug=ZF slub_debug=P page_poison=1 mem_encrypt=on
[    0.044283] audit: disabled (until reboot)
[    0.044382] mem auto-init: SLAB_POISON will take precedence over init_on_alloc/init_on_free
[    0.044401] Unknown kernel command line parameters "BOOT_IMAGE=/boot/vmlinuz-linux pti=on mem_encrypt=on", will be passed to user space.
[    0.046241] Dentry cache hash table entries: 2097152 (order: 12, 16777216 bytes, linear)
[    0.047161] Inode-cache hash table entries: 1048576 (order: 11, 8388608 bytes, linear)
[    0.047220] mem auto-init: CONFIG_PAGE_POISONING is on, will take precedence over init_on_alloc and init_on_free
[    0.047454] mem auto-init: stack:byref_all(zero), heap alloc:off, heap free:off
[    1.708526] Memory: 15558004K/16119096K available (14344K kernel code, 2071K rwdata, 10792K rodata, 1860K init, 3844K bss, 560832K reserved, 0K cma-reserved)
[    1.708532] **********************************************************
[    1.708532] **   NOTICE NOTICE NOTICE NOTICE NOTICE NOTICE NOTICE   **
[    1.708533] **                                                      **
[    1.708533] ** This system shows unhashed kernel memory addresses   **
[    1.708534] ** via the console, logs, and other interfaces. This    **
[    1.708534] ** might reduce the security of your system.            **
[    1.708534] **                                                      **
[    1.708535] ** If you see this message and you are not debugging    **
[    1.708535] ** the kernel, report this immediately to your system   **
[    1.708536] ** administrator!                                       **
[    1.708536] **                                                      **
[    1.708536] **   NOTICE NOTICE NOTICE NOTICE NOTICE NOTICE NOTICE   **
[    1.708537] **********************************************************
[    1.708539] random: get_random_u64 called from __kmem_cache_create+0x2a/0x540 with crng_init=0
[    1.708696] SLUB: HWalign=64, Order=0-3, MinObjects=0, CPUs=16, Nodes=1
[    1.708711] Kernel/User page tables isolation: enabled
[    1.708733] ftrace: allocating 44295 entries in 174 pages
[    1.720497] ftrace: allocated 174 pages with 5 groups
[    1.720648] rcu: Preemptible hierarchical RCU implementation.
[    1.720648] rcu: 	RCU dyntick-idle grace-period acceleration is enabled.
[    1.720649] rcu: 	RCU restricting CPUs from NR_CPUS=320 to nr_cpu_ids=16.
[    1.720649] rcu: 	RCU priority boosting: priority 1 delay 500 ms.
[    1.720650] 	Trampoline variant of Tasks RCU enabled.
[    1.720651] 	Rude variant of Tasks RCU enabled.
[    1.720651] 	Tracing variant of Tasks RCU enabled.
[    1.720652] rcu: RCU calculated value of scheduler-enlistment delay is 30 jiffies.
[    1.720653] rcu: Adjusting geometry for rcu_fanout_leaf=16, nr_cpu_ids=16
[    1.724153] NR_IRQS: 20736, nr_irqs: 1096, preallocated irqs: 16
[    1.724413] kfence: initialized - using 2097152 bytes for 255 objects at 0xffff8e71bdc00000-0xffff8e71bde00000
[    1.724580] Console: colour dummy device 80x25
[    1.724593] printk: console [tty0] enabled
[    1.724613] ACPI: Core revision 20210730
[    1.724836] clocksource: hpet: mask: 0xffffffff max_cycles: 0xffffffff, max_idle_ns: 133484873504 ns
[    1.724855] APIC: Switch to symmetric I/O mode setup
[    1.725702] AMD-Vi: ivrs, add hid:AMDI0020, uid:\_SB.FUR0, rdevid:160
[    1.725704] AMD-Vi: ivrs, add hid:AMDI0020, uid:\_SB.FUR1, rdevid:160
[    1.725705] AMD-Vi: ivrs, add hid:AMDI0020, uid:\_SB.FUR2, rdevid:160
[    1.725706] AMD-Vi: ivrs, add hid:AMDI0020, uid:\_SB.FUR3, rdevid:160
[    1.726014] Switched APIC routing to physical flat.
[    1.726770] ..TIMER: vector=0x30 apic1=0 pin1=2 apic2=-1 pin2=-1
[    1.741530] clocksource: tsc-early: mask: 0xffffffffffffffff max_cycles: 0x222b04deecc, max_idle_ns: 440795247516 ns
[    1.741538] Calibrating delay loop (skipped), value calculated using timer frequency.. 4742.35 BogoMIPS (lpj=7901360)
[    1.741541] pid_max: default: 32768 minimum: 301
[    1.763091] LSM: Security Framework initializing
[    1.763107] landlock: Up and running.
[    1.763109] Yama: becoming mindful.
[    1.763142] AppArmor: AppArmor initialized
[    1.763145] LSM support for eBPF active
[    1.763194] Mount-cache hash table entries: 32768 (order: 6, 262144 bytes, linear)
[    1.763230] Mountpoint-cache hash table entries: 32768 (order: 6, 262144 bytes, linear)
[    1.763492] x86/cpu: User Mode Instruction Prevention (UMIP) activated
[    1.763528] LVT offset 1 assigned for vector 0xf9
[    1.763588] LVT offset 2 assigned for vector 0xf4
[    1.763605] Last level iTLB entries: 4KB 1024, 2MB 1024, 4MB 512
[    1.763606] Last level dTLB entries: 4KB 2048, 2MB 2048, 4MB 1024, 1GB 0
[    1.763610] Spectre V1 : Mitigation: usercopy/swapgs barriers and __user pointer sanitization
[    1.763612] Spectre V2 : Mitigation: Full AMD retpoline
[    1.763613] Spectre V2 : Spectre v2 / SpectreRSB mitigation: Filling RSB on context switch
[    1.763613] Spectre V2 : Enabling Restricted Speculation for firmware calls
[    1.763615] Spectre V2 : mitigation: Enabling conditional Indirect Branch Prediction Barrier
[    1.763616] Speculative Store Bypass: Mitigation: Speculative Store Bypass disabled via prctl and seccomp
[    1.765761] Freeing SMP alternatives memory: 36K
[    1.875795] smpboot: CPU0: AMD Ryzen 5 4500U with Radeon Graphics (family: 0x17, model: 0x60, stepping: 0x1)
[    1.875957] Performance Events: Fam17h+ core perfctr, AMD PMU driver.
[    1.875963] ... version:                0
[    1.875963] ... bit width:              48
[    1.875964] ... generic registers:      6
[    1.875964] ... value mask:             0000ffffffffffff
[    1.875965] ... max period:             00007fffffffffff
[    1.875965] ... fixed-purpose events:   0
[    1.875966] ... event mask:             000000000000003f
[    1.876033] rcu: Hierarchical SRCU implementation.
[    1.876540] NMI watchdog: Enabled. Permanently consumes one hw-PMU counter.
[    1.876728] smp: Bringing up secondary CPUs ...
[    1.876848] x86: Booting SMP configuration:
[    1.876849] .... node  #0, CPUs:        #1  #2  #3  #4  #5
[    1.888253] smp: Brought up 1 node, 6 CPUs
[    1.888255] smpboot: Max logical packages: 3
[    1.888256] smpboot: Total of 6 processors activated (28456.10 BogoMIPS)
[    1.889106] devtmpfs: initialized
[    1.889106] x86/mm: Memory block size: 128MB
[    1.889389] ACPI: PM: Registering ACPI NVS region [mem 0x09f00000-0x09f0ffff] (65536 bytes)
[    1.889389] ACPI: PM: Registering ACPI NVS region [mem 0xccf7f000-0xcdf7efff] (16777216 bytes)
[    1.889389] clocksource: jiffies: mask: 0xffffffff max_cycles: 0xffffffff, max_idle_ns: 6370867519511994 ns
[    1.891550] futex hash table entries: 4096 (order: 6, 262144 bytes, linear)
[    1.891617] pinctrl core: initialized pinctrl subsystem
[    1.891731] PM: RTC time: 07:17:02, date: 2021-12-23
[    1.891958] NET: Registered PF_NETLINK/PF_ROUTE protocol family
[    1.892332] DMA: preallocated 2048 KiB GFP_KERNEL pool for atomic allocations
[    1.892587] DMA: preallocated 2048 KiB GFP_KERNEL|GFP_DMA pool for atomic allocations
[    1.892804] DMA: preallocated 2048 KiB GFP_KERNEL|GFP_DMA32 pool for atomic allocations
[    1.892957] thermal_sys: Registered thermal governor 'fair_share'
[    1.892958] thermal_sys: Registered thermal governor 'bang_bang'
[    1.892959] thermal_sys: Registered thermal governor 'step_wise'
[    1.892959] thermal_sys: Registered thermal governor 'user_space'
[    1.892960] thermal_sys: Registered thermal governor 'power_allocator'
[    1.892977] cpuidle: using governor ladder
[    1.892980] cpuidle: using governor menu
[    1.893006] Simple Boot Flag at 0x44 set to 0x1
[    1.893006] HugeTLB: can free 4094 vmemmap pages for hugepages-1048576kB
[    1.893006] ACPI: bus type PCI registered
[    1.893006] acpiphp: ACPI Hot Plug PCI Controller Driver version: 0.5
[    1.893006] PCI: MMCONFIG for domain 0000 [bus 00-3f] at [mem 0xf8000000-0xfbffffff] (base 0xf8000000)
[    1.893006] PCI: MMCONFIG at [mem 0xf8000000-0xfbffffff] reserved in E820
[    1.893006] PCI: Using configuration type 1 for base access
[    1.895103] Kprobes globally optimized
[    1.895106] HugeTLB: can free 6 vmemmap pages for hugepages-2048kB
[    1.895106] HugeTLB registered 1.00 GiB page size, pre-allocated 0 pages
[    1.895106] HugeTLB registered 2.00 MiB page size, pre-allocated 0 pages
[    1.898315] ACPI: Added _OSI(Module Device)
[    1.898316] ACPI: Added _OSI(Processor Device)
[    1.898317] ACPI: Added _OSI(3.0 _SCP Extensions)
[    1.898317] ACPI: Added _OSI(Processor Aggregator Device)
[    1.898319] ACPI: Added _OSI(Linux-Dell-Video)
[    1.898320] ACPI: Added _OSI(Linux-Lenovo-NV-HDMI-Audio)
[    1.898321] ACPI: Added _OSI(Linux-HPI-Hybrid-Graphics)
[    1.916303] ACPI: 18 ACPI AML tables successfully acquired and loaded
[    1.917968] ACPI: [Firmware Bug]: BIOS _OSI(Linux) query ignored
[    1.921203] ACPI: EC: EC started
[    1.921204] ACPI: EC: interrupt blocked
[    1.923564] ACPI: EC: EC_CMD/EC_SC=0x66, EC_DATA=0x62
[    1.923567] ACPI: \_SB_.PCI0.LPC0.EC0_: Boot DSDT EC used to handle transactions
[    1.923568] ACPI: Interpreter enabled
[    1.923584] ACPI: PM: (supports S0 S4 S5)
[    1.923585] ACPI: Using IOAPIC for interrupt routing
[    1.923804] PCI: Using host bridge windows from ACPI; if necessary, use "pci=nocrs" and report a bug
[    1.927045] ACPI: PM: Power Resource [P0U0]
[    1.927077] ACPI: PM: Power Resource [P3U0]
[    1.927866] ACPI: PM: Power Resource [P0U1]
[    1.927898] ACPI: PM: Power Resource [P3U1]
[    1.928673] ACPI: PM: Power Resource [P0S0]
[    1.928704] ACPI: PM: Power Resource [P3S0]
[    1.928873] ACPI: PM: Power Resource [P0S1]
[    1.928902] ACPI: PM: Power Resource [P3S1]
[    1.934971] ACPI: PCI Root Bridge [PCI0] (domain 0000 [bus 00-ff])
[    1.934977] acpi PNP0A08:00: _OSC: OS supports [ExtendedConfig ASPM ClockPM Segments MSI EDR HPX-Type3]
[    1.935219] acpi PNP0A08:00: _OSC: platform does not support [SHPCHotplug LTR DPC]
[    1.935450] acpi PNP0A08:00: _OSC: OS now controls [PCIeHotplug PME AER PCIeCapability]
[    1.935461] acpi PNP0A08:00: [Firmware Info]: MMCONFIG for domain 0000 [bus 00-3f] only partially covers this bridge
[    1.935824] PCI host bridge to bus 0000:00
[    1.935825] pci_bus 0000:00: root bus resource [io  0x0000-0x0cf7 window]
[    1.935827] pci_bus 0000:00: root bus resource [io  0x0d00-0xffff window]
[    1.935828] pci_bus 0000:00: root bus resource [mem 0x000a0000-0x000bffff window]
[    1.935829] pci_bus 0000:00: root bus resource [mem 0x000c0000-0x000c3fff window]
[    1.935830] pci_bus 0000:00: root bus resource [mem 0x000c4000-0x000c7fff window]
[    1.935831] pci_bus 0000:00: root bus resource [mem 0x000c8000-0x000cbfff window]
[    1.935832] pci_bus 0000:00: root bus resource [mem 0x000cc000-0x000cffff window]
[    1.935833] pci_bus 0000:00: root bus resource [mem 0x000d0000-0x000d3fff window]
[    1.935834] pci_bus 0000:00: root bus resource [mem 0x000d4000-0x000d7fff window]
[    1.935835] pci_bus 0000:00: root bus resource [mem 0x000d8000-0x000dbfff window]
[    1.935836] pci_bus 0000:00: root bus resource [mem 0x000dc000-0x000dffff window]
[    1.935837] pci_bus 0000:00: root bus resource [mem 0x000e0000-0x000e3fff window]
[    1.935838] pci_bus 0000:00: root bus resource [mem 0x000e4000-0x000e7fff window]
[    1.935839] pci_bus 0000:00: root bus resource [mem 0x000e8000-0x000ebfff window]
[    1.935840] pci_bus 0000:00: root bus resource [mem 0x000ec000-0x000effff window]
[    1.935841] pci_bus 0000:00: root bus resource [mem 0xd0000000-0xf7ffffff window]
[    1.935842] pci_bus 0000:00: root bus resource [mem 0xfc000000-0xfed3ffff window]
[    1.935843] pci_bus 0000:00: root bus resource [mem 0x450200000-0xfcffffffff window]
[    1.935845] pci_bus 0000:00: root bus resource [bus 00-ff]
[    1.935881] pci 0000:00:00.0: [1022:1630] type 00 class 0x060000
[    1.935996] pci 0000:00:00.2: [1022:1631] type 00 class 0x080600
[    1.936120] pci 0000:00:01.0: [1022:1632] type 00 class 0x060000
[    1.936221] pci 0000:00:02.0: [1022:1632] type 00 class 0x060000
[    1.936324] pci 0000:00:08.0: [1022:1632] type 00 class 0x060000
[    1.936446] pci 0000:00:08.1: [1022:1635] type 01 class 0x060400
[    1.936465] pci 0000:00:08.1: enabling Extended Tags
[    1.936495] pci 0000:00:08.1: PME# supported from D0 D3hot D3cold
[    1.936645] pci 0000:00:08.2: [1022:1635] type 01 class 0x060400
[    1.936665] pci 0000:00:08.2: enabling Extended Tags
[    1.936693] pci 0000:00:08.2: PME# supported from D0 D3hot D3cold
[    1.936838] pci 0000:00:14.0: [1022:790b] type 00 class 0x0c0500
[    1.937009] pci 0000:00:14.3: [1022:790e] type 00 class 0x060100
[    1.937166] pci 0000:00:18.0: [1022:1448] type 00 class 0x060000
[    1.937245] pci 0000:00:18.1: [1022:1449] type 00 class 0x060000
[    1.937319] pci 0000:00:18.2: [1022:144a] type 00 class 0x060000
[    1.937394] pci 0000:00:18.3: [1022:144b] type 00 class 0x060000
[    1.937468] pci 0000:00:18.4: [1022:144c] type 00 class 0x060000
[    1.937547] pci 0000:00:18.5: [1022:144d] type 00 class 0x060000
[    1.937620] pci 0000:00:18.6: [1022:144e] type 00 class 0x060000
[    1.937693] pci 0000:00:18.7: [1022:144f] type 00 class 0x060000
[    1.937865] pci 0000:01:00.0: [1002:1636] type 00 class 0x030000
[    1.937876] pci 0000:01:00.0: reg 0x10: [mem 0xfce0000000-0xfcefffffff 64bit pref]
[    1.937883] pci 0000:01:00.0: reg 0x18: [mem 0xfcf0000000-0xfcf01fffff 64bit pref]
[    1.937888] pci 0000:01:00.0: reg 0x20: [io  0x1000-0x10ff]
[    1.937893] pci 0000:01:00.0: reg 0x24: [mem 0xd0400000-0xd047ffff]
[    1.937901] pci 0000:01:00.0: enabling Extended Tags
[    1.937913] pci 0000:01:00.0: BAR 0: assigned to efifb
[    1.937948] pci 0000:01:00.0: PME# supported from D1 D2 D3hot D3cold
[    1.938077] pci 0000:01:00.1: [1002:1637] type 00 class 0x040300
[    1.938084] pci 0000:01:00.1: reg 0x10: [mem 0xd04c8000-0xd04cbfff]
[    1.938104] pci 0000:01:00.1: enabling Extended Tags
[    1.938131] pci 0000:01:00.1: PME# supported from D1 D2 D3hot D3cold
[    1.938237] pci 0000:01:00.2: [1022:15df] type 00 class 0x108000
[    1.938250] pci 0000:01:00.2: reg 0x18: [mem 0xd0300000-0xd03fffff]
[    1.938258] pci 0000:01:00.2: reg 0x24: [mem 0xd04cc000-0xd04cdfff]
[    1.938265] pci 0000:01:00.2: enabling Extended Tags
[    1.938387] pci 0000:01:00.3: [1022:1639] type 00 class 0x0c0330
[    1.938397] pci 0000:01:00.3: reg 0x10: [mem 0xd0100000-0xd01fffff 64bit]
[    1.938419] pci 0000:01:00.3: enabling Extended Tags
[    1.938448] pci 0000:01:00.3: PME# supported from D0 D3hot D3cold
[    1.938547] pci 0000:01:00.4: [1022:1639] type 00 class 0x0c0330
[    1.938557] pci 0000:01:00.4: reg 0x10: [mem 0xd0200000-0xd02fffff 64bit]
[    1.938580] pci 0000:01:00.4: enabling Extended Tags
[    1.938609] pci 0000:01:00.4: PME# supported from D0 D3hot D3cold
[    1.938709] pci 0000:01:00.5: [1022:15e2] type 00 class 0x048000
[    1.938716] pci 0000:01:00.5: reg 0x10: [mem 0xd0480000-0xd04bffff]
[    1.938736] pci 0000:01:00.5: enabling Extended Tags
[    1.938763] pci 0000:01:00.5: PME# supported from D0 D3hot D3cold
[    1.938856] pci 0000:01:00.6: [1022:15e3] type 00 class 0x040300
[    1.938863] pci 0000:01:00.6: reg 0x10: [mem 0xd04c0000-0xd04c7fff]
[    1.938882] pci 0000:01:00.6: enabling Extended Tags
[    1.938909] pci 0000:01:00.6: PME# supported from D0 D3hot D3cold
[    1.938998] pci 0000:00:08.1: PCI bridge to [bus 01]
[    1.939000] pci 0000:00:08.1:   bridge window [io  0x1000-0x1fff]
[    1.939002] pci 0000:00:08.1:   bridge window [mem 0xd0100000-0xd04fffff]
[    1.939005] pci 0000:00:08.1:   bridge window [mem 0xfce0000000-0xfcf01fffff 64bit pref]
[    1.939057] pci 0000:02:00.0: [1022:7901] type 00 class 0x010601
[    1.939083] pci 0000:02:00.0: reg 0x24: [mem 0xd0001000-0xd00017ff]
[    1.939091] pci 0000:02:00.0: enabling Extended Tags
[    1.939213] pci 0000:02:00.1: [1022:7901] type 00 class 0x010601
[    1.939240] pci 0000:02:00.1: reg 0x24: [mem 0xd0000000-0xd00007ff]
[    1.939247] pci 0000:02:00.1: enabling Extended Tags
[    1.939350] pci 0000:00:08.2: PCI bridge to [bus 02]
[    1.939354] pci 0000:00:08.2:   bridge window [mem 0xd0000000-0xd00fffff]
[    1.941113] ACPI: PCI: Interrupt link LNKA configured for IRQ 0
[    1.941115] ACPI: PCI: Interrupt link LNKA disabled
[    1.941209] ACPI: PCI: Interrupt link LNKB configured for IRQ 0
[    1.941210] ACPI: PCI: Interrupt link LNKB disabled
[    1.941285] ACPI: PCI: Interrupt link LNKC configured for IRQ 0
[    1.941286] ACPI: PCI: Interrupt link LNKC disabled
[    1.941379] ACPI: PCI: Interrupt link LNKD configured for IRQ 0
[    1.941380] ACPI: PCI: Interrupt link LNKD disabled
[    1.941466] ACPI: PCI: Interrupt link LNKE configured for IRQ 0
[    1.941467] ACPI: PCI: Interrupt link LNKE disabled
[    1.941541] ACPI: PCI: Interrupt link LNKF configured for IRQ 0
[    1.941542] ACPI: PCI: Interrupt link LNKF disabled
[    1.941611] ACPI: PCI: Interrupt link LNKG configured for IRQ 0
[    1.941612] ACPI: PCI: Interrupt link LNKG disabled
[    1.941681] ACPI: PCI: Interrupt link LNKH configured for IRQ 0
[    1.941682] ACPI: PCI: Interrupt link LNKH disabled
[    1.943779] ACPI: EC: interrupt unblocked
[    1.943780] ACPI: EC: event unblocked
[    1.943788] ACPI: EC: EC_CMD/EC_SC=0x66, EC_DATA=0x62
[    1.943788] ACPI: EC: GPE=0x3
[    1.943789] ACPI: \_SB_.PCI0.LPC0.EC0_: Boot DSDT EC initialization complete
[    1.943791] ACPI: \_SB_.PCI0.LPC0.EC0_: EC: Used to handle transactions and events
[    1.943837] iommu: Default domain type: Translated 
[    1.943838] iommu: DMA domain TLB invalidation policy: lazy mode 
[    1.943854] pci 0000:01:00.0: vgaarb: VGA device added: decodes=io+mem,owns=none,locks=none
[    1.943854] pci 0000:01:00.0: vgaarb: bridge control possible
[    1.943854] pci 0000:01:00.0: vgaarb: setting as boot device
[    1.943854] vgaarb: loaded
[    1.943854] SCSI subsystem initialized
[    1.943854] libata version 3.00 loaded.
[    1.943854] ACPI: bus type USB registered
[    1.943854] usbcore: registered new interface driver usbfs
[    1.943854] usbcore: registered new interface driver hub
[    1.943854] usbcore: registered new device driver usb
[    1.950766] pps_core: LinuxPPS API ver. 1 registered
[    1.950768] pps_core: Software ver. 5.3.6 - Copyright 2005-2007 Rodolfo Giometti <giometti@linux.it>
[    1.950771] PTP clock support registered
[    1.950780] EDAC MC: Ver: 3.0.0
[    1.951576] Registered efivars operations
[    1.951702] NetLabel: Initializing
[    1.951703] NetLabel:  domain hash size = 128
[    1.951703] NetLabel:  protocols = UNLABELED CIPSOv4 CALIPSO
[    1.951716] NetLabel:  unlabeled traffic allowed by default
[    1.951719] PCI: Using ACPI for IRQ routing
[    1.953781] PCI: pci_cache_line_size set to 64 bytes
[    1.953813] e820: reserve RAM buffer [mem 0x0009f000-0x0009ffff]
[    1.953815] e820: reserve RAM buffer [mem 0x09b00000-0x0bffffff]
[    1.953816] e820: reserve RAM buffer [mem 0x09f00000-0x0bffffff]
[    1.953817] e820: reserve RAM buffer [mem 0xb3621000-0xb3ffffff]
[    1.953818] e820: reserve RAM buffer [mem 0xbab69000-0xbbffffff]
[    1.953819] e820: reserve RAM buffer [mem 0xc9f7f000-0xcbffffff]
[    1.953819] e820: reserve RAM buffer [mem 0xce000000-0xcfffffff]
[    1.953820] e820: reserve RAM buffer [mem 0x40f340000-0x40fffffff]
[    1.953825] hpet0: at MMIO 0xfed00000, IRQs 2, 8, 0
[    1.953825] hpet0: 3 comparators, 32-bit 14.318180 MHz counter
[    1.956387] clocksource: Switched to clocksource tsc-early
[    1.965151] VFS: Disk quotas dquot_6.6.0
[    1.965169] VFS: Dquot-cache hash table entries: 512 (order 0, 4096 bytes)
[    1.965312] AppArmor: AppArmor Filesystem Enabled
[    1.965365] pnp: PnP ACPI init
[    1.965649] system 00:00: [mem 0xfec00000-0xfec01fff] could not be reserved
[    1.965653] system 00:00: [mem 0xfee00000-0xfee00fff] has been reserved
[    1.965655] system 00:00: [mem 0xfde00000-0xfdefffff] has been reserved
[    1.965901] system 00:03: [io  0x0400-0x04cf] has been reserved
[    1.965903] system 00:03: [io  0x04d0-0x04d1] has been reserved
[    1.965904] system 00:03: [io  0x04d6] has been reserved
[    1.965905] system 00:03: [io  0x0c00-0x0c01] has been reserved
[    1.965906] system 00:03: [io  0x0c14] has been reserved
[    1.965907] system 00:03: [io  0x0c50-0x0c52] has been reserved
[    1.965909] system 00:03: [io  0x0c6c] has been reserved
[    1.965910] system 00:03: [io  0x0c6f] has been reserved
[    1.965911] system 00:03: [io  0x0cd0-0x0cdb] has been reserved
[    1.965986] system 00:04: [mem 0x000e0000-0x000fffff] could not be reserved
[    1.965988] system 00:04: [mem 0xff000000-0xffffffff] could not be reserved
[    1.967112] pnp: PnP ACPI: found 5 devices
[    1.975079] clocksource: acpi_pm: mask: 0xffffff max_cycles: 0xffffff, max_idle_ns: 2085701024 ns
[    1.975231] NET: Registered PF_INET protocol family
[    1.975936] IP idents hash table entries: 262144 (order: 9, 2097152 bytes, linear)
[    1.977764] tcp_listen_portaddr_hash hash table entries: 8192 (order: 5, 131072 bytes, linear)
[    1.977903] TCP established hash table entries: 131072 (order: 8, 1048576 bytes, linear)
[    1.978150] TCP bind hash table entries: 65536 (order: 8, 1048576 bytes, linear)
[    1.978216] TCP: Hash tables configured (established 131072 bind 65536)
[    1.978371] MPTCP token hash table entries: 16384 (order: 6, 393216 bytes, linear)
[    1.978433] UDP hash table entries: 8192 (order: 6, 262144 bytes, linear)
[    1.978486] UDP-Lite hash table entries: 8192 (order: 6, 262144 bytes, linear)
[    1.978571] NET: Registered PF_UNIX/PF_LOCAL protocol family
[    1.978578] NET: Registered PF_XDP protocol family
[    1.978590] pci 0000:00:08.1: PCI bridge to [bus 01]
[    1.978594] pci 0000:00:08.1:   bridge window [io  0x1000-0x1fff]
[    1.978598] pci 0000:00:08.1:   bridge window [mem 0xd0100000-0xd04fffff]
[    1.978601] pci 0000:00:08.1:   bridge window [mem 0xfce0000000-0xfcf01fffff 64bit pref]
[    1.978604] pci 0000:00:08.2: PCI bridge to [bus 02]
[    1.978606] pci 0000:00:08.2:   bridge window [mem 0xd0000000-0xd00fffff]
[    1.978612] pci_bus 0000:00: resource 4 [io  0x0000-0x0cf7 window]
[    1.978613] pci_bus 0000:00: resource 5 [io  0x0d00-0xffff window]
[    1.978614] pci_bus 0000:00: resource 6 [mem 0x000a0000-0x000bffff window]
[    1.978615] pci_bus 0000:00: resource 7 [mem 0x000c0000-0x000c3fff window]
[    1.978616] pci_bus 0000:00: resource 8 [mem 0x000c4000-0x000c7fff window]
[    1.978617] pci_bus 0000:00: resource 9 [mem 0x000c8000-0x000cbfff window]
[    1.978618] pci_bus 0000:00: resource 10 [mem 0x000cc000-0x000cffff window]
[    1.978619] pci_bus 0000:00: resource 11 [mem 0x000d0000-0x000d3fff window]
[    1.978620] pci_bus 0000:00: resource 12 [mem 0x000d4000-0x000d7fff window]
[    1.978621] pci_bus 0000:00: resource 13 [mem 0x000d8000-0x000dbfff window]
[    1.978622] pci_bus 0000:00: resource 14 [mem 0x000dc000-0x000dffff window]
[    1.978622] pci_bus 0000:00: resource 15 [mem 0x000e0000-0x000e3fff window]
[    1.978624] pci_bus 0000:00: resource 16 [mem 0x000e4000-0x000e7fff window]
[    1.978625] pci_bus 0000:00: resource 17 [mem 0x000e8000-0x000ebfff window]
[    1.978625] pci_bus 0000:00: resource 18 [mem 0x000ec000-0x000effff window]
[    1.978626] pci_bus 0000:00: resource 19 [mem 0xd0000000-0xf7ffffff window]
[    1.978627] pci_bus 0000:00: resource 20 [mem 0xfc000000-0xfed3ffff window]
[    1.978628] pci_bus 0000:00: resource 21 [mem 0x450200000-0xfcffffffff window]
[    1.978630] pci_bus 0000:01: resource 0 [io  0x1000-0x1fff]
[    1.978630] pci_bus 0000:01: resource 1 [mem 0xd0100000-0xd04fffff]
[    1.978631] pci_bus 0000:01: resource 2 [mem 0xfce0000000-0xfcf01fffff 64bit pref]
[    1.978632] pci_bus 0000:02: resource 1 [mem 0xd0000000-0xd00fffff]
[    1.978780] pci 0000:01:00.1: D0 power state depends on 0000:01:00.0
[    1.978812] pci 0000:01:00.3: extending delay after power-on from D3hot to 20 msec
[    1.983233] pci 0000:01:00.4: extending delay after power-on from D3hot to 20 msec
[    1.994440] pci 0000:01:00.4: quirk_usb_early_handoff+0x0/0x750 took 10942 usecs
[    1.994451] PCI: CLS 64 bytes, default 64
[    1.994465] pci 0000:00:00.2: AMD-Vi: IOMMU performance counters supported
[    1.994516] Trying to unpack rootfs image as initramfs...
[    1.994527] pci 0000:00:00.2: can't derive routing for PCI INT A
[    1.994528] pci 0000:00:00.2: PCI INT A: not connected
[    1.994545] pci 0000:00:01.0: Adding to iommu group 0
[    1.994560] pci 0000:00:02.0: Adding to iommu group 1
[    1.994575] pci 0000:00:08.0: Adding to iommu group 2
[    1.994582] pci 0000:00:08.1: Adding to iommu group 2
[    1.994589] pci 0000:00:08.2: Adding to iommu group 2
[    1.994601] pci 0000:00:14.0: Adding to iommu group 3
[    1.994610] pci 0000:00:14.3: Adding to iommu group 3
[    1.994633] pci 0000:00:18.0: Adding to iommu group 4
[    1.994640] pci 0000:00:18.1: Adding to iommu group 4
[    1.994647] pci 0000:00:18.2: Adding to iommu group 4
[    1.994654] pci 0000:00:18.3: Adding to iommu group 4
[    1.994661] pci 0000:00:18.4: Adding to iommu group 4
[    1.994667] pci 0000:00:18.5: Adding to iommu group 4
[    1.994678] pci 0000:00:18.6: Adding to iommu group 4
[    1.994685] pci 0000:00:18.7: Adding to iommu group 4
[    1.994699] pci 0000:01:00.0: Adding to iommu group 2
[    1.994704] pci 0000:01:00.1: Adding to iommu group 2
[    1.994708] pci 0000:01:00.2: Adding to iommu group 2
[    1.994712] pci 0000:01:00.3: Adding to iommu group 2
[    1.994717] pci 0000:01:00.4: Adding to iommu group 2
[    1.994724] pci 0000:01:00.5: Adding to iommu group 2
[    1.994729] pci 0000:01:00.6: Adding to iommu group 2
[    1.994734] pci 0000:02:00.0: Adding to iommu group 2
[    1.994739] pci 0000:02:00.1: Adding to iommu group 2
[    1.996274] pci 0000:00:00.2: AMD-Vi: Found IOMMU cap 0x40
[    1.996279] AMD-Vi: Extended features (0x206d73ef22254ade): PPR X2APIC NX GT IA GA PC GA_vAPIC
[    1.996284] AMD-Vi: Interrupt remapping enabled
[    1.996285] AMD-Vi: Virtual APIC enabled
[    1.996285] AMD-Vi: X2APIC enabled
[    1.996536] software IO TLB: tearing down default memory pool
[    2.004527] LVT offset 0 assigned for vector 0x400
[    2.004725] perf: AMD IBS detected (0x000003ff)
[    2.004731] perf/amd_iommu: Detected AMD IOMMU #0 (2 banks, 4 counters/bank).
[    2.006552] Initialise system trusted keyrings
[    2.006568] Key type blacklist registered
[    2.006632] workingset: timestamp_bits=41 max_order=22 bucket_order=0
[    2.008140] zbud: loaded
[    2.011199] Key type asymmetric registered
[    2.011201] Asymmetric key parser 'x509' registered
[    2.011231] Block layer SCSI generic (bsg) driver version 0.4 loaded (major 242)
[    2.011335] io scheduler mq-deadline registered
[    2.011337] io scheduler kyber registered
[    2.011369] io scheduler bfq registered
[    2.011854] pcieport 0000:00:08.1: PME: Signaling with IRQ 26
[    2.012079] pcieport 0000:00:08.2: PME: Signaling with IRQ 27
[    2.012157] shpchp: Standard Hot Plug PCI Controller Driver version: 0.4
[    2.013281] ACPI: AC: AC Adapter [ACAD] (on-line)
[    2.013321] input: Power Button as /devices/LNXSYSTM:00/LNXSYBUS:00/PNP0C0C:00/input/input0
[    2.013339] ACPI: button: Power Button [PWRB]
[    2.013366] input: Lid Switch as /devices/LNXSYSTM:00/LNXSYBUS:00/PNP0A08:00/device:2a/PNP0C09:00/PNP0C0D:00/input/input1
[    2.013381] ACPI: button: Lid Switch [LID0]
[    2.013417] Monitor-Mwait will be used to enter C-1 state
[    2.013421] ACPI: \_SB_.PLTF.C000: Found 3 idle states
[    2.013431] ACPI: FW issue: working around C-state latencies out of order
[    2.013514] ACPI: \_SB_.PLTF.C001: Found 3 idle states
[    2.013518] ACPI: FW issue: working around C-state latencies out of order
[    2.013694] ACPI: \_SB_.PLTF.C002: Found 3 idle states
[    2.013703] ACPI: FW issue: working around C-state latencies out of order
[    2.013800] ACPI: \_SB_.PLTF.C003: Found 3 idle states
[    2.013804] ACPI: FW issue: working around C-state latencies out of order
[    2.013975] ACPI: \_SB_.PLTF.C004: Found 3 idle states
[    2.013984] ACPI: FW issue: working around C-state latencies out of order
[    2.014148] ACPI: \_SB_.PLTF.C005: Found 3 idle states
[    2.014156] ACPI: FW issue: working around C-state latencies out of order
[    2.016162] thermal LNXTHERM:00: registered as thermal_zone0
[    2.016166] ACPI: thermal: Thermal Zone [TZ0] (0 C)
[    2.016510] Serial: 8250/16550 driver, 32 ports, IRQ sharing enabled
[    2.018490] Non-volatile memory driver v1.3
[    2.018492] Linux agpgart interface v0.103
[    2.018549] AMD-Vi: AMD IOMMUv2 loaded and initialized
[    2.019785] ahci 0000:02:00.0: version 3.0
[    2.019956] ahci 0000:02:00.0: AHCI 0001.0301 32 slots 1 ports 6 Gbps 0x1 impl SATA mode
[    2.019959] ahci 0000:02:00.0: flags: 64bit ncq sntf ilck pm led clo only pmp fbs pio slum part 
[    2.020257] scsi host0: ahci
[    2.020327] ata1: SATA max UDMA/133 abar m2048@0xd0001000 port 0xd0001100 irq 29
[    2.020509] ahci 0000:02:00.1: AHCI 0001.0301 32 slots 1 ports 6 Gbps 0x1 impl SATA mode
[    2.020511] ahci 0000:02:00.1: flags: 64bit ncq sntf ilck pm led clo only pmp fbs pio slum part deso sadm sds 
[    2.020709] scsi host1: ahci
[    2.020752] ata2: SATA max UDMA/133 abar m2048@0xd0000000 port 0xd0000100 irq 31
[    2.020780] ehci_hcd: USB 2.0 'Enhanced' Host Controller (EHCI) Driver
[    2.020791] ehci-pci: EHCI PCI platform driver
[    2.020812] ohci_hcd: USB 1.1 'Open' Host Controller (OHCI) Driver
[    2.020818] ohci-pci: OHCI PCI platform driver
[    2.020827] uhci_hcd: USB Universal Host Controller Interface driver
[    2.020886] usbcore: registered new interface driver usbserial_generic
[    2.020891] usbserial: USB Serial support registered for generic
[    2.020997] rtc_cmos 00:01: RTC can wake from S4
[    2.021265] rtc_cmos 00:01: registered as rtc0
[    2.021294] rtc_cmos 00:01: setting system clock to 2021-12-23T07:17:02 UTC (1640243822)
[    2.021308] rtc_cmos 00:01: alarms up to one month, 114 bytes nvram, hpet irqs
[    2.021493] ledtrig-cpu: registered to indicate activity on CPUs
[    2.021736] efifb: probing for efifb
[    2.021748] efifb: framebuffer at 0xfce0000000, using 8128k, total 8128k
[    2.021749] efifb: mode is 1920x1080x32, linelength=7680, pages=1
[    2.021750] efifb: scrolling: redraw
[    2.021751] efifb: Truecolor: size=8:8:8:8, shift=24:16:8:0
[    2.021813] fbcon: Deferring console take-over
[    2.021814] fb0: EFI VGA frame buffer device
[    2.021857] hid: raw HID events driver (C) Jiri Kosina
[    2.021952] drop_monitor: Initializing network drop monitor service
[    2.022000] Initializing XFRM netlink socket
[    2.022104] NET: Registered PF_INET6 protocol family
[    2.035239] ACPI: battery: Slot [BATT] (battery present)
[    2.335537] ata1: SATA link down (SStatus 0 SControl 300)
[    2.393306] Freeing initrd memory: 10668K
[    2.400873] Segment Routing with IPv6
[    2.400876] RPL Segment Routing with IPv6
[    2.400892] In-situ OAM (IOAM) with IPv6
[    2.400917] NET: Registered PF_PACKET protocol family
[    2.402327] microcode: CPU0: patch_level=0x08600106
[    2.402355] microcode: CPU1: patch_level=0x08600106
[    2.402374] microcode: CPU2: patch_level=0x08600106
[    2.402401] microcode: CPU3: patch_level=0x08600106
[    2.402427] microcode: CPU4: patch_level=0x08600106
[    2.402456] microcode: CPU5: patch_level=0x08600106
[    2.402464] microcode: Microcode Update Driver: v2.2.
[    2.402809] resctrl: L3 allocation detected
[    2.402813] resctrl: MB allocation detected
[    2.402813] resctrl: L3 monitoring detected
[    2.402818] IPI shorthand broadcast: enabled
[    2.402833] sched_clock: Marking stable (2402268047, 511448)->(3505731179, -1102951684)
[    2.403178] registered taskstats version 1
[    2.403513] Loading compiled-in X.509 certificates
[    2.405796] Loaded X.509 cert 'Build time autogenerated kernel key: 655dcbaf4b3bf6119bc7288d5f70e33673dbe3a0'
[    2.406908] zswap: loaded using pool lz4/z3fold
[    2.407700] Key type ._fscrypt registered
[    2.407703] Key type .fscrypt registered
[    2.407704] Key type fscrypt-provisioning registered
[    2.407768] AppArmor: AppArmor sha1 policy hashing enabled
[    2.408140] PM:   Magic number: 1:227:269
[    2.408434] RAS: Correctable Errors collector initialized.
[    2.791427] ata2: SATA link up 6.0 Gbps (SStatus 133 SControl 300)
[    2.791991] ata2.00: ATA-11: SAMSUNG MZNLH512HALU-00000, RVT2200Q, max UDMA/133
[    2.792934] ata2.00: 1000215216 sectors, multi 16: LBA48 NCQ (depth 32), AA
[    2.794616] ata2.00: Features: Dev-Sleep NCQ-sndrcv
[    2.798046] ata2.00: configured for UDMA/133
[    2.798203] ata2.00: failed to enable DEVSLP
[    2.798213] ata2.00: failed to enable DIPM, Emask 0x40
[    3.063696] clocksource: timekeeping watchdog on CPU1: Marking clocksource 'tsc-early' as unstable because the skew is too large:
[    3.063703] clocksource:                       'hpet' wd_nsec: 506790876 wd_now: 1d5f6e8 wd_last: 1673de5 mask: ffffffff
[    3.063708] clocksource:                       'tsc-early' cs_nsec: 797416694 cs_now: 70b2b7288 cs_last: 69a813dc8 mask: ffffffffffffffff
[    3.063711] clocksource:                       'tsc-early' is current clocksource.
[    3.063722] tsc: Marking TSC unstable due to clocksource watchdog
[    3.063739] TSC found unstable after boot, most likely due to broken BIOS. Use 'tsc=unstable'.
[    3.063741] sched_clock: Marking unstable (3063227340, 511448)<-(4166690416, -1102951684)
[    3.064199] clocksource: Switched to clocksource hpet
[    8.005129] ata2: SATA link up 6.0 Gbps (SStatus 133 SControl 300)
[    8.014968] ata2.00: configured for UDMA/133
[    8.015732] scsi 1:0:0:0: Direct-Access     ATA      SAMSUNG MZNLH512 200Q PQ: 0 ANSI: 5
[    8.016121] sd 1:0:0:0: [sda] 1000215216 512-byte logical blocks: (512 GB/477 GiB)
[    8.016131] sd 1:0:0:0: [sda] Write Protect is off
[    8.016133] sd 1:0:0:0: [sda] Mode Sense: 00 3a 00 00
[    8.016143] sd 1:0:0:0: [sda] Write cache: enabled, read cache: enabled, doesn't support DPO or FUA
[    8.036152]  sda: sda1 sda2 sda3 sda4 sda5
[    8.055264] sd 1:0:0:0: [sda] Attached SCSI disk
[    8.055439] Unstable clock detected, switching default tracing clock to "global"
               If you want to keep using the local clock, then add:
                 "trace_clock=local"
               on the kernel command line
[    8.057445] Freeing unused decrypted memory: 2036K
[    8.057938] Freeing unused kernel image (initmem) memory: 1860K
[    8.078642] Write protecting the kernel read-only data: 28672k
[    8.079598] Freeing unused kernel image (text/rodata gap) memory: 2036K
[    8.080090] Freeing unused kernel image (rodata/data gap) memory: 1496K
[    8.105615] x86/mm: Checked W+X mappings: passed, no W+X pages found.
[    8.105624] rodata_test: all tests were successful
[    8.105627] x86/mm: Checking user space page tables
[    8.129991] x86/mm: Checked W+X mappings: passed, no W+X pages found.
[    8.130004] Run /init as init process
[    8.130005]   with arguments:
[    8.130007]     /init
[    8.130008]   with environment:
[    8.130008]     HOME=/
[    8.130009]     TERM=linux
[    8.130009]     BOOT_IMAGE=/boot/vmlinuz-linux
[    8.130010]     pti=on
[    8.130011]     mem_encrypt=on
[    8.153486] fbcon: Taking over console
[    8.153570] Console: switching to colour frame buffer device 240x67
[    8.258894] xhci_hcd 0000:01:00.3: xHCI Host Controller
[    8.258902] xhci_hcd 0000:01:00.3: new USB bus registered, assigned bus number 1
[    8.259004] xhci_hcd 0000:01:00.3: hcc params 0x0268ffe5 hci version 0x110 quirks 0x0000020000000410
[    8.259387] usb usb1: New USB device found, idVendor=1d6b, idProduct=0002, bcdDevice= 5.15
[    8.259389] usb usb1: New USB device strings: Mfr=3, Product=2, SerialNumber=1
[    8.259391] usb usb1: Product: xHCI Host Controller
[    8.259392] usb usb1: Manufacturer: Linux 5.15.10-arch1-1 xhci-hcd
[    8.259393] usb usb1: SerialNumber: 0000:01:00.3
[    8.259613] hub 1-0:1.0: USB hub found
[    8.259622] hub 1-0:1.0: 4 ports detected
[    8.259929] xhci_hcd 0000:01:00.3: xHCI Host Controller
[    8.259932] xhci_hcd 0000:01:00.3: new USB bus registered, assigned bus number 2
[    8.259935] xhci_hcd 0000:01:00.3: Host supports USB 3.1 Enhanced SuperSpeed
[    8.259964] usb usb2: We don't know the algorithms for LPM for this host, disabling LPM.
[    8.259988] usb usb2: New USB device found, idVendor=1d6b, idProduct=0003, bcdDevice= 5.15
[    8.259990] usb usb2: New USB device strings: Mfr=3, Product=2, SerialNumber=1
[    8.259991] usb usb2: Product: xHCI Host Controller
[    8.259992] usb usb2: Manufacturer: Linux 5.15.10-arch1-1 xhci-hcd
[    8.259993] usb usb2: SerialNumber: 0000:01:00.3
[    8.260098] hub 2-0:1.0: USB hub found
[    8.260106] hub 2-0:1.0: 2 ports detected
[    8.260248] i8042: PNP: PS/2 Controller [PNP0303:KBC0] at 0x60,0x64 irq 1
[    8.260250] i8042: PNP: PS/2 appears to have AUX port disabled, if this is incorrect please boot with i8042.nopnp
[    8.260579] xhci_hcd 0000:01:00.4: xHCI Host Controller
[    8.260585] xhci_hcd 0000:01:00.4: new USB bus registered, assigned bus number 3
[    8.260691] xhci_hcd 0000:01:00.4: hcc params 0x0268ffe5 hci version 0x110 quirks 0x0000020000000410
[    8.261988] serio: i8042 KBD port at 0x60,0x64 irq 1
[    8.263102] usb usb3: New USB device found, idVendor=1d6b, idProduct=0002, bcdDevice= 5.15
[    8.263107] usb usb3: New USB device strings: Mfr=3, Product=2, SerialNumber=1
[    8.263108] usb usb3: Product: xHCI Host Controller
[    8.263109] usb usb3: Manufacturer: Linux 5.15.10-arch1-1 xhci-hcd
[    8.263110] usb usb3: SerialNumber: 0000:01:00.4
[    8.263353] hub 3-0:1.0: USB hub found
[    8.263363] hub 3-0:1.0: 4 ports detected
[    8.263761] xhci_hcd 0000:01:00.4: xHCI Host Controller
[    8.263766] xhci_hcd 0000:01:00.4: new USB bus registered, assigned bus number 4
[    8.263769] xhci_hcd 0000:01:00.4: Host supports USB 3.1 Enhanced SuperSpeed
[    8.263785] usb usb4: We don't know the algorithms for LPM for this host, disabling LPM.
[    8.263809] usb usb4: New USB device found, idVendor=1d6b, idProduct=0003, bcdDevice= 5.15
[    8.263811] usb usb4: New USB device strings: Mfr=3, Product=2, SerialNumber=1
[    8.263812] usb usb4: Product: xHCI Host Controller
[    8.263813] usb usb4: Manufacturer: Linux 5.15.10-arch1-1 xhci-hcd
[    8.263814] usb usb4: SerialNumber: 0000:01:00.4
[    8.263978] hub 4-0:1.0: USB hub found
[    8.263988] hub 4-0:1.0: 2 ports detected
[    8.264349] random: fast init done
[    8.286437] input: AT Translated Set 2 keyboard as /devices/platform/i8042/serio0/input/input2
[    8.291232] PM: Image not found (code -22)
[    8.496906] EXT4-fs (sda2): mounted filesystem with ordered data mode. Opts: (null). Quota mode: none.
[    8.511595] usb 1-2: new high-speed USB device number 2 using xhci_hcd
[    8.632422] systemd[1]: systemd 249.7-2-arch running in system mode (+PAM +AUDIT -SELINUX -APPARMOR -IMA +SMACK +SECCOMP +GCRYPT +GNUTLS +OPENSSL +ACL +BLKID +CURL +ELFUTILS +FIDO2 +IDN2 -IDN +IPTC +KMOD +LIBCRYPTSETUP +LIBFDISK +PCRE2 -PWQUALITY +P11KIT -QRENCODE +BZIP2 +LZ4 +XZ +ZLIB +ZSTD +XKBCOMMON +UTMP -SYSVINIT default-hierarchy=unified)
[    8.648748] systemd[1]: Detected architecture x86-64.
[    8.649743] systemd[1]: Hostname set to <mksredmibook14ii>.
[    8.654849] usb 1-2: New USB device found, idVendor=2357, idProduct=011e, bcdDevice= 2.00
[    8.654854] usb 1-2: New USB device strings: Mfr=1, Product=2, SerialNumber=3
[    8.654856] usb 1-2: Product: 802.11ac WLAN Adapter 
[    8.654857] usb 1-2: Manufacturer: Realtek 
[    8.654857] usb 1-2: SerialNumber: 00e04c000001
[    8.707989] random: lvmconfig: uninitialized urandom read (4 bytes read)
[    8.784775] systemd[1]: Queued start job for default target Graphical Interface.
[    8.785945] systemd[1]: Created slice Slice /system/getty.
[    8.786265] systemd[1]: Created slice Slice /system/modprobe.
[    8.786571] systemd[1]: Created slice Slice /system/systemd-fsck.
[    8.786759] systemd[1]: Created slice User and Session Slice.
[    8.786837] systemd[1]: Started Dispatch Password Requests to Console Directory Watch.
[    8.786894] systemd[1]: Started Forward Password Requests to Wall Directory Watch.
[    8.787063] systemd[1]: Set up automount Arbitrary Executable File Formats File System Automount Point.
[    8.787120] systemd[1]: Reached target Local Encrypted Volumes.
[    8.787143] systemd[1]: Reached target Login Prompts.
[    8.787179] systemd[1]: Reached target Path Units.
[    8.787202] systemd[1]: Reached target Remote File Systems.
[    8.787225] systemd[1]: Reached target Slice Units.
[    8.787259] systemd[1]: Reached target Local Verity Protected Volumes.
[    8.787326] systemd[1]: Listening on Device-mapper event daemon FIFOs.
[    8.787608] systemd[1]: Listening on LVM2 poll daemon socket.
[    8.789145] systemd[1]: Listening on Process Core Dump Socket.
[    8.792460] systemd[1]: Condition check resulted in Journal Audit Socket being skipped.
[    8.792689] systemd[1]: Listening on Journal Socket (/dev/log).
[    8.792914] systemd[1]: Listening on Journal Socket.
[    8.793910] systemd[1]: Listening on udev Control Socket.
[    8.794006] systemd[1]: Listening on udev Kernel Socket.
[    8.794795] systemd[1]: Mounting Huge Pages File System...
[    8.795626] systemd[1]: Mounting POSIX Message Queue File System...
[    8.796371] systemd[1]: Mounting Kernel Debug File System...
[    8.797072] systemd[1]: Mounting Kernel Trace File System...
[    8.798086] systemd[1]: Starting Create List of Static Device Nodes...
[    8.799098] systemd[1]: Starting Monitoring of LVM2 mirrors, snapshots etc. using dmeventd or progress polling...
[    8.799935] systemd[1]: Starting Load Kernel Module configfs...
[    8.800674] systemd[1]: Starting Load Kernel Module drm...
[    8.801497] systemd[1]: Starting Load Kernel Module fuse...
[    8.801764] random: lvm: uninitialized urandom read (4 bytes read)
[    8.802182] systemd[1]: Condition check resulted in Set Up Additional Binary Formats being skipped.
[    8.802288] systemd[1]: Condition check resulted in File System Check on Root Device being skipped.
[    8.804259] systemd[1]: Starting Journal Service...
[    8.806113] systemd[1]: Starting Load Kernel Modules...
[    8.806901] systemd[1]: Starting Remount Root and Kernel File Systems...
[    8.806973] systemd[1]: Condition check resulted in Repartition Root Disk being skipped.
[    8.807622] systemd[1]: Starting Coldplug All udev Devices...
[    8.809260] systemd[1]: Mounted Huge Pages File System.
[    8.809376] systemd[1]: Mounted POSIX Message Queue File System.
[    8.809457] systemd[1]: Mounted Kernel Debug File System.
[    8.809611] systemd[1]: Mounted Kernel Trace File System.
[    8.809908] systemd[1]: Finished Create List of Static Device Nodes.
[    8.810727] fuse: init (API version 7.34)
[    8.811600] systemd[1]: modprobe@configfs.service: Deactivated successfully.
[    8.811896] systemd[1]: Finished Load Kernel Module configfs.
[    8.812207] systemd[1]: modprobe@drm.service: Deactivated successfully.
[    8.812474] systemd[1]: Finished Load Kernel Module drm.
[    8.812678] systemd[1]: modprobe@fuse.service: Deactivated successfully.
[    8.812843] EXT4-fs (sda2): re-mounted. Opts: (null). Quota mode: none.
[    8.812968] systemd[1]: Finished Load Kernel Module fuse.
[    8.813823] systemd[1]: Finished Remount Root and Kernel File Systems.
[    8.814964] systemd[1]: Mounting FUSE Control File System...
[    8.815782] systemd[1]: Mounting Kernel Configuration File System...
[    8.815921] systemd[1]: Condition check resulted in First Boot Wizard being skipped.
[    8.817822] systemd[1]: Condition check resulted in Rebuild Hardware Database being skipped.
[    8.818813] systemd[1]: Starting Load/Save Random Seed...
[    8.818899] systemd[1]: Condition check resulted in Create System Users being skipped.
[    8.819552] vboxdrv: loading out-of-tree module taints kernel.
[    8.819761] vboxdrv: module verification failed: signature and/or required key missing - tainting kernel
[    8.820167] systemd[1]: Starting Create Static Device Nodes in /dev...
[    8.820841] systemd[1]: Mounted FUSE Control File System.
[    8.820955] systemd[1]: Mounted Kernel Configuration File System.
[    8.822569] vboxdrv: Found 6 processor cores
[    8.843867] systemd[1]: Finished Monitoring of LVM2 mirrors, snapshots etc. using dmeventd or progress polling.
[    8.845269] vboxdrv: TSC mode is Invariant, tentative frequency 2370608668 Hz
[    8.845273] vboxdrv: Successfully loaded version 6.1.30 r148432 (interface 0x00320000)
[    8.847143] VBoxNetAdp: Successfully started.
[    8.848693] VBoxNetFlt: Successfully started.
[    8.849778] systemd[1]: Finished Load Kernel Modules.
[    8.850812] systemd[1]: Starting Apply Kernel Variables...
[    8.852382] systemd[1]: Finished Create Static Device Nodes in /dev.
[    8.852485] systemd[1]: Reached target Preparation for Local File Systems.
[    8.852524] systemd[1]: Condition check resulted in Virtual Machine and Container Storage (Compatibility) being skipped.
[    8.853969] systemd[1]: Starting Rule-based Manager for Device Events and Files...
[    8.859479] systemd[1]: Finished Apply Kernel Variables.
[    8.862012] systemd[1]: Started Journal Service.
[    8.867278] systemd-journald[242]: Received client request to flush runtime journal.
[    8.972931] acpi_cpufreq: overriding BIOS provided _PSD data
[    9.013012] acpi PNP0C14:01: duplicate WMI GUID 05901221-D566-11D1-B2F0-00A0C9062910 (first instance was on PNP0C14:00)
[    9.022627] ACPI: video: Video Device [VGA] (multi-head: yes  rom: no  post: no)
[    9.027889] acpi device:0e: registered as cooling_device6
[    9.027947] input: Video Bus as /devices/LNXSYSTM:00/LNXSYBUS:00/PNP0A08:00/device:0d/LNXVIDEO:00/input/input3
[    9.060977] piix4_smbus 0000:00:14.0: SMBus Host Controller at 0xb00, revision 0
[    9.060985] piix4_smbus 0000:00:14.0: Using register 0x02 for SMBus port selection
[    9.061090] piix4_smbus 0000:00:14.0: Auxiliary SMBus Host Controller at 0xb20
[    9.075515] ccp 0000:01:00.2: enabling device (0000 -> 0002)
[    9.075761] ccp 0000:01:00.2: ccp: unable to access the device: you might be running a broken BIOS.
[    9.084750] sp5100_tco: SP5100/SB800 TCO WatchDog Timer Driver
[    9.085092] sp5100-tco sp5100-tco: Using 0xfeb00000 for watchdog MMIO address
[    9.085914] ccp 0000:01:00.2: tee enabled
[    9.085918] ccp 0000:01:00.2: psp enabled
[    9.088796] sp5100-tco sp5100-tco: initialized. heartbeat=60 sec (nowayout=0)
[    9.106408] snd_rn_pci_acp3x 0000:01:00.5: enabling device (0000 -> 0002)
[    9.152897] input: GXT7863:00 27C6:01E0 Mouse as /devices/platform/AMDI0010:03/i2c-0/i2c-GXT7863:00/0018:27C6:01E0.0001/input/input4
[    9.153135] input: GXT7863:00 27C6:01E0 Touchpad as /devices/platform/AMDI0010:03/i2c-0/i2c-GXT7863:00/0018:27C6:01E0.0001/input/input5
[    9.153481] hid-generic 0018:27C6:01E0.0001: input,hidraw0: I2C HID v1.00 Mouse [GXT7863:00 27C6:01E0] on i2c-GXT7863:00
[    9.286094] Adding 17309968k swap on /dev/sda3.  Priority:-2 extents:1 across:17309968k SSFS
[    9.301868] cfg80211: Loading compiled-in X.509 certificates for regulatory database
[    9.307099] cfg80211: Loaded X.509 cert 'sforshee: 00b28ddf47aef9cea7'
[    9.307820] platform regulatory.0: Direct firmware load for regulatory.db failed with error -2
[    9.307823] cfg80211: failed to load regulatory.db
[    9.426040] [drm] amdgpu kernel modesetting enabled.
[    9.437303] amdgpu: Virtual CRAT table created for CPU
[    9.437320] amdgpu: Topology: Add CPU node
[    9.437401] checking generic (fce0000000 7f0000) vs hw (fce0000000 10000000)
[    9.437403] fb0: switching to amdgpu from EFI VGA
[    9.437463] Console: switching to colour dummy device 80x25
[    9.437493] amdgpu 0000:01:00.0: vgaarb: deactivate vga console
[    9.437573] amdgpu 0000:01:00.0: enabling device (0006 -> 0007)
[    9.437622] [drm] initializing kernel modesetting (RENOIR 0x1002:0x1636 0x1D72:0x1951 0xC3).
[    9.437624] amdgpu 0000:01:00.0: amdgpu: Trusted Memory Zone (TMZ) feature enabled
[    9.438147] [drm] register mmio base: 0xD0400000
[    9.438148] [drm] register mmio size: 524288
[    9.438150] [drm] PCIE atomic ops is not supported
[    9.439244] [drm] add ip block number 0 <soc15_common>
[    9.439245] [drm] add ip block number 1 <gmc_v9_0>
[    9.439246] [drm] add ip block number 2 <vega10_ih>
[    9.439247] [drm] add ip block number 3 <psp>
[    9.439247] [drm] add ip block number 4 <smu>
[    9.439248] [drm] add ip block number 5 <gfx_v9_0>
[    9.439249] [drm] add ip block number 6 <sdma_v4_0>
[    9.439250] [drm] add ip block number 7 <dm>
[    9.439251] [drm] add ip block number 8 <vcn_v2_0>
[    9.439252] [drm] add ip block number 9 <jpeg_v2_0>
[    9.439270] amdgpu 0000:01:00.0: amdgpu: Fetched VBIOS from VFCT
[    9.439273] amdgpu: ATOM BIOS: 113-RENOIR-026
[    9.440652] [drm] VCN decode is enabled in VM mode
[    9.440655] [drm] VCN encode is enabled in VM mode
[    9.440656] [drm] JPEG decode is enabled in VM mode
[    9.440706] [drm] vm size is 262144 GB, 4 levels, block size is 9-bit, fragment size is 9-bit
[    9.440715] amdgpu 0000:01:00.0: amdgpu: VRAM: 512M 0x000000F400000000 - 0x000000F41FFFFFFF (512M used)
[    9.440717] amdgpu 0000:01:00.0: amdgpu: GART: 1024M 0x0000000000000000 - 0x000000003FFFFFFF
[    9.440719] amdgpu 0000:01:00.0: amdgpu: AGP: 267419648M 0x000000F800000000 - 0x0000FFFFFFFFFFFF
[    9.440726] [drm] Detected VRAM RAM=512M, BAR=512M
[    9.440727] [drm] RAM width 128bits DDR4
[    9.440784] [drm] amdgpu: 512M of VRAM memory ready
[    9.440786] [drm] amdgpu: 3072M of GTT memory ready.
[    9.440794] [drm] GART: num cpu pages 262144, num gpu pages 262144
[    9.440915] [drm] PCIE GART of 1024M enabled.
[    9.440915] [drm] PTB located at 0x000000F400900000
[    9.442489] amdgpu 0000:01:00.0: amdgpu: PSP runtime database doesn't exist
[    9.446912] [drm] Loading DMUB firmware via PSP: version=0x01010019
[    9.448077] [drm] Found VCN firmware Version ENC: 1.16 DEC: 5 VEP: 0 Revision: 3
[    9.448086] amdgpu 0000:01:00.0: amdgpu: Will use PSP to load VCN firmware
[    9.485075] snd_hda_intel 0000:01:00.1: enabling device (0000 -> 0002)
[    9.485170] snd_hda_intel 0000:01:00.1: Handle vga_switcheroo audio client
[    9.485324] snd_hda_intel 0000:01:00.6: enabling device (0000 -> 0002)
[    9.498930] random: dbus-daemon: uninitialized urandom read (12 bytes read)
[    9.544838] input: HD-Audio Generic HDMI/DP,pcm=3 as /devices/pci0000:00/0000:00:08.1/0000:01:00.1/sound/card0/input7
[    9.544995] input: HD-Audio Generic HDMI/DP,pcm=7 as /devices/pci0000:00/0000:00:08.1/0000:01:00.1/sound/card0/input8
[    9.603719] snd_hda_codec_realtek hdaudioC1D0: autoconfig for ALC256: line_outs=1 (0x14/0x0/0x0/0x0/0x0) type:speaker
[    9.603725] snd_hda_codec_realtek hdaudioC1D0:    speaker_outs=0 (0x0/0x0/0x0/0x0/0x0)
[    9.603726] snd_hda_codec_realtek hdaudioC1D0:    hp_outs=1 (0x21/0x0/0x0/0x0/0x0)
[    9.603728] snd_hda_codec_realtek hdaudioC1D0:    mono: mono_out=0x0
[    9.603728] snd_hda_codec_realtek hdaudioC1D0:    inputs:
[    9.603729] snd_hda_codec_realtek hdaudioC1D0:      Mic=0x19
[    9.610702] RAPL PMU: API unit is 2^-32 Joules, 1 fixed counters, 163840 ms ovfl timer
[    9.610707] RAPL PMU: hw unit of domain package 2^-16 Joules
[    9.614656] cryptd: max_cpu_qlen set to 1000
[    9.648034] input: HD-Audio Generic Mic as /devices/pci0000:00/0000:00:08.1/0000:01:00.6/sound/card1/input9
[    9.648376] input: HD-Audio Generic Headphone as /devices/pci0000:00/0000:00:08.1/0000:01:00.6/sound/card1/input10
[    9.659304] AVX2 version of gcm_enc/dec engaged.
[    9.659363] AES CTR mode by8 optimization enabled
[    9.857372] kvm: Nested Virtualization enabled
[    9.857376] SVM: kvm: Nested Paging enabled
[    9.857404] SVM: Virtual VMLOAD VMSAVE supported
[    9.857405] SVM: Virtual GIF supported
[    9.866304] MCE: In-kernel MCE decoding enabled.
[    9.920160] input: GXT7863:00 27C6:01E0 Mouse as /devices/platform/AMDI0010:03/i2c-0/i2c-GXT7863:00/0018:27C6:01E0.0001/input/input11
[    9.920261] input: GXT7863:00 27C6:01E0 Touchpad as /devices/platform/AMDI0010:03/i2c-0/i2c-GXT7863:00/0018:27C6:01E0.0001/input/input12
[    9.920322] hid-multitouch 0018:27C6:01E0.0001: input,hidraw0: I2C HID v1.00 Mouse [GXT7863:00 27C6:01E0] on i2c-GXT7863:00
[    9.930007] usbcore: registered new interface driver rtl8821au
[    9.968364] mousedev: PS/2 mouse device common for all mice
[    9.970794] rtl8821au 1-2:1.0 wlp1s0f3u2: renamed from wlan0
[    9.996872] intel_rapl_common: Found RAPL domain package
[    9.996876] intel_rapl_common: Found RAPL domain core
[   10.176230] [drm] reserve 0x400000 from 0xf41f800000 for PSP TMR
[   10.210790] urandom_read: 1 callbacks suppressed
[   10.210793] random: NetworkManager: uninitialized urandom read (16 bytes read)
[   10.231568] random: nm-online: uninitialized urandom read (16 bytes read)
[   10.254337] amdgpu 0000:01:00.0: amdgpu: RAS: optional ras ta ucode is not available
[   10.262199] amdgpu 0000:01:00.0: amdgpu: RAP: optional rap ta ucode is not available
[   10.262203] amdgpu 0000:01:00.0: amdgpu: SECUREDISPLAY: securedisplay ta ucode is not available
[   10.262932] amdgpu 0000:01:00.0: amdgpu: SMU is initialized successfully!
[   10.264331] [drm] kiq ring mec 2 pipe 1 q 0
[   10.265056] [drm] Display Core initialized with v3.2.149!
[   10.265485] [drm] DMUB hardware initialized: version=0x01010019
[   10.294326] snd_hda_intel 0000:01:00.1: bound 0000:01:00.0 (ops amdgpu_dm_audio_component_bind_ops [amdgpu])
[   10.330468] random: nm-dispatcher: uninitialized urandom read (16 bytes read)
[   10.383937] [drm] VCN decode and encode initialized successfully(under DPG Mode).
[   10.383956] [drm] JPEG decode initialized successfully.
[   10.385639] kfd kfd: amdgpu: Allocated 3969056 bytes on gart
[   10.398235] random: crng init done
[   10.407178] memmap_init_zone_device initialised 131072 pages in 0ms
[   10.407188] amdgpu: HMM registered 512MB device memory
[   10.407230] amdgpu: SRAT table not found
[   10.407231] amdgpu: Virtual CRAT table created for GPU
[   10.407431] amdgpu: Topology: Add dGPU node [0x1636:0x1002]
[   10.407438] kfd kfd: amdgpu: added device 1002:1636
[   10.407523] amdgpu 0000:01:00.0: amdgpu: SE 1, SH per SE 2, CU per SH 18, active_cu_number 26
[   10.409878] [drm] fb mappable at 0x410CD1000
[   10.409881] [drm] vram apper at 0x410000000
[   10.409882] [drm] size 8294400
[   10.409882] [drm] fb depth is 24
[   10.409883] [drm]    pitch is 7680
[   10.410115] fbcon: amdgpu (fb0) is primary device
[   10.478019] Console: switching to colour frame buffer device 240x67
[   10.496725] amdgpu 0000:01:00.0: [drm] fb0: amdgpu frame buffer device
[   10.511678] amdgpu 0000:01:00.0: amdgpu: ring gfx uses VM inv eng 0 on hub 0
[   10.511683] amdgpu 0000:01:00.0: amdgpu: ring comp_1.0.0 uses VM inv eng 1 on hub 0
[   10.511684] amdgpu 0000:01:00.0: amdgpu: ring comp_1.1.0 uses VM inv eng 4 on hub 0
[   10.511685] amdgpu 0000:01:00.0: amdgpu: ring comp_1.2.0 uses VM inv eng 5 on hub 0
[   10.511686] amdgpu 0000:01:00.0: amdgpu: ring comp_1.3.0 uses VM inv eng 6 on hub 0
[   10.511687] amdgpu 0000:01:00.0: amdgpu: ring comp_1.0.1 uses VM inv eng 7 on hub 0
[   10.511688] amdgpu 0000:01:00.0: amdgpu: ring comp_1.1.1 uses VM inv eng 8 on hub 0
[   10.511689] amdgpu 0000:01:00.0: amdgpu: ring comp_1.2.1 uses VM inv eng 9 on hub 0
[   10.511690] amdgpu 0000:01:00.0: amdgpu: ring comp_1.3.1 uses VM inv eng 10 on hub 0
[   10.511691] amdgpu 0000:01:00.0: amdgpu: ring kiq_2.1.0 uses VM inv eng 11 on hub 0
[   10.511692] amdgpu 0000:01:00.0: amdgpu: ring sdma0 uses VM inv eng 0 on hub 1
[   10.511693] amdgpu 0000:01:00.0: amdgpu: ring vcn_dec uses VM inv eng 1 on hub 1
[   10.511694] amdgpu 0000:01:00.0: amdgpu: ring vcn_enc0 uses VM inv eng 4 on hub 1
[   10.511695] amdgpu 0000:01:00.0: amdgpu: ring vcn_enc1 uses VM inv eng 5 on hub 1
[   10.511696] amdgpu 0000:01:00.0: amdgpu: ring jpeg_dec uses VM inv eng 6 on hub 1
[   10.513678] [drm] Initialized amdgpu 3.42.0 20150101 for 0000:01:00.0 on minor 0
[   21.273682] IPv6: ADDRCONF(NETDEV_CHANGE): wlp1s0f3u2: link becomes ready
[   35.112242] iptables reject: IN=wlp1s0f3u2 OUT= MAC=01:00:5e:00:00:01:00:5f:67:2a:b5:34:08:00 SRC=192.168.0.1 DST=224.0.0.1 LEN=32 TOS=0x18 PREC=0x60 TTL=1 ID=13423 PROTO=2 
[   69.725000] ucsi_acpi USBC000:00: PPM init failed (-110)
[  160.145203] iptables reject: IN=wlp1s0f3u2 OUT= MAC=01:00:5e:00:00:01:00:5f:67:2a:b5:34:08:00 SRC=192.168.0.1 DST=224.0.0.1 LEN=32 TOS=0x00 PREC=0x00 TTL=1 ID=32908 PROTO=2 
[  285.074771] iptables reject: IN=wlp1s0f3u2 OUT= MAC=01:00:5e:00:00:01:00:5f:67:2a:b5:34:08:00 SRC=192.168.0.1 DST=224.0.0.1 LEN=32 TOS=0x1E PREC=0xE0 TTL=1 ID=52393 PROTO=2 
[  410.107211] iptables reject: IN=wlp1s0f3u2 OUT= MAC=01:00:5e:00:00:01:00:5f:67:2a:b5:34:08:00 SRC=192.168.0.1 DST=224.0.0.1 LEN=32 TOS=0x14 PREC=0x60 TTL=1 ID=6343 PROTO=2 
[  535.140645] iptables reject: IN=wlp1s0f3u2 OUT= MAC=01:00:5e:00:00:01:00:5f:67:2a:b5:34:08:00 SRC=192.168.0.1 DST=224.0.0.1 LEN=32 TOS=0x14 PREC=0x20 TTL=1 ID=25828 PROTO=2 
[  569.703162] Bluetooth: Core ver 2.22
[  569.703203] NET: Registered PF_BLUETOOTH protocol family
[  569.703204] Bluetooth: HCI device and connection manager initialized
[  569.703208] Bluetooth: HCI socket layer initialized
[  569.703210] Bluetooth: L2CAP socket layer initialized
[  569.703213] Bluetooth: SCO socket layer initialized
[  590.478735] atkbd serio0: Unknown key pressed (translated set 2, code 0xf6 on isa0060/serio0).
[  590.478750] atkbd serio0: Use 'setkeycodes e076 <keycode>' to make it known.
[  591.271333] atkbd serio0: Unknown key released (translated set 2, code 0xf6 on isa0060/serio0).
[  591.271345] atkbd serio0: Use 'setkeycodes e076 <keycode>' to make it known.
[  595.629682] iptables reject: IN=wlp1s0f3u2 OUT= MAC= SRC=192.168.0.103 DST=224.0.0.251 LEN=68 TOS=0x00 PREC=0x00 TTL=1 ID=25802 DF PROTO=UDP SPT=5353 DPT=5353 LEN=48 
[  596.612414] iptables reject: IN=wlp1s0f3u2 OUT= MAC= SRC=192.168.0.103 DST=224.0.0.251 LEN=68 TOS=0x00 PREC=0x00 TTL=1 ID=25828 DF PROTO=UDP SPT=5353 DPT=5353 LEN=48 
[  598.613602] iptables reject: IN=wlp1s0f3u2 OUT= MAC= SRC=192.168.0.103 DST=224.0.0.251 LEN=68 TOS=0x00 PREC=0x00 TTL=1 ID=26066 DF PROTO=UDP SPT=5353 DPT=5353 LEN=48 
[  660.069916] iptables reject: IN=wlp1s0f3u2 OUT= MAC=01:00:5e:00:00:01:00:5f:67:2a:b5:34:08:00 SRC=192.168.0.1 DST=224.0.0.1 LEN=32 TOS=0x14 PREC=0x60 TTL=1 ID=45057 PROTO=2 
[  785.102173] iptables reject: IN=wlp1s0f3u2 OUT= MAC=01:00:5e:00:00:01:00:5f:67:2a:b5:34:08:00 SRC=192.168.0.1 DST=224.0.0.1 LEN=32 TOS=0x00 PREC=0x00 TTL=1 ID=64542 PROTO=2 
[  910.134668] iptables reject: IN=wlp1s0f3u2 OUT= MAC=01:00:5e:00:00:01:00:5f:67:2a:b5:34:08:00 SRC=192.168.0.1 DST=224.0.0.1 LEN=32 TOS=0x06 PREC=0x80 TTL=1 ID=18492 PROTO=2 
[ 1035.064306] iptables reject: IN=wlp1s0f3u2 OUT= MAC=01:00:5e:00:00:01:00:5f:67:2a:b5:34:08:00 SRC=192.168.0.1 DST=224.0.0.1 LEN=32 TOS=0x0E PREC=0x60 TTL=1 ID=37977 PROTO=2 
[ 1160.096611] iptables reject: IN=wlp1s0f3u2 OUT= MAC=01:00:5e:00:00:01:00:5f:67:2a:b5:34:08:00 SRC=192.168.0.1 DST=224.0.0.1 LEN=32 TOS=0x14 PREC=0x60 TTL=1 ID=57462 PROTO=2 
[ 1285.130568] iptables reject: IN=wlp1s0f3u2 OUT= MAC=01:00:5e:00:00:01:00:5f:67:2a:b5:34:08:00 SRC=192.168.0.1 DST=224.0.0.1 LEN=32 TOS=0x18 PREC=0x40 TTL=1 ID=11412 PROTO=2 
[ 1410.161017] iptables reject: IN=wlp1s0f3u2 OUT= MAC=01:00:5e:00:00:01:00:5f:67:2a:b5:34:08:00 SRC=192.168.0.1 DST=224.0.0.1 LEN=32 TOS=0x18 PREC=0x40 TTL=1 ID=30897 PROTO=2 
[ 1535.090837] iptables reject: IN=wlp1s0f3u2 OUT= MAC=01:00:5e:00:00:01:00:5f:67:2a:b5:34:08:00 SRC=192.168.0.1 DST=224.0.0.1 LEN=32 TOS=0x18 PREC=0x40 TTL=1 ID=50382 PROTO=2 
[ 1660.123071] iptables reject: IN=wlp1s0f3u2 OUT= MAC=01:00:5e:00:00:01:00:5f:67:2a:b5:34:08:00 SRC=192.168.0.1 DST=224.0.0.1 LEN=32 TOS=0x10 PREC=0x40 TTL=1 ID=4332 PROTO=2 
[ 1785.155414] iptables reject: IN=wlp1s0f3u2 OUT= MAC=01:00:5e:00:00:01:00:5f:67:2a:b5:34:08:00 SRC=192.168.0.1 DST=224.0.0.1 LEN=32 TOS=0x10 PREC=0x60 TTL=1 ID=23561 PROTO=2 
[ 1910.085629] iptables reject: IN=wlp1s0f3u2 OUT= MAC=01:00:5e:00:00:01:00:5f:67:2a:b5:34:08:00 SRC=192.168.0.1 DST=224.0.0.1 LEN=32 TOS=0x08 PREC=0x60 TTL=1 ID=43046 PROTO=2 
[ 2035.117673] iptables reject: IN=wlp1s0f3u2 OUT= MAC=01:00:5e:00:00:01:00:5f:67:2a:b5:34:08:00 SRC=192.168.0.1 DST=224.0.0.1 LEN=32 TOS=0x18 PREC=0x40 TTL=1 ID=62531 PROTO=2 
[ 2160.149808] iptables reject: IN=wlp1s0f3u2 OUT= MAC=01:00:5e:00:00:01:00:5f:67:2a:b5:34:08:00 SRC=192.168.0.1 DST=224.0.0.1 LEN=32 TOS=0x18 PREC=0x40 TTL=1 ID=16481 PROTO=2 
[ 2285.184460] iptables reject: IN=wlp1s0f3u2 OUT= MAC=01:00:5e:00:00:01:00:5f:67:2a:b5:34:08:00 SRC=192.168.0.1 DST=224.0.0.1 LEN=32 TOS=0x00 PREC=0x00 TTL=1 ID=35966 PROTO=2 
[ 2410.113113] iptables reject: IN=wlp1s0f3u2 OUT= MAC=01:00:5e:00:00:01:00:5f:67:2a:b5:34:08:00 SRC=192.168.0.1 DST=224.0.0.1 LEN=32 TOS=0x18 PREC=0x40 TTL=1 ID=55451 PROTO=2 
[ 2535.145159] iptables reject: IN=wlp1s0f3u2 OUT= MAC=01:00:5e:00:00:01:00:5f:67:2a:b5:34:08:00 SRC=192.168.0.1 DST=224.0.0.1 LEN=32 TOS=0x14 PREC=0x20 TTL=1 ID=9401 PROTO=2 
[ 2660.176463] iptables reject: IN=wlp1s0f3u2 OUT= MAC=01:00:5e:00:00:01:00:5f:67:2a:b5:34:08:00 SRC=192.168.0.1 DST=224.0.0.1 LEN=32 TOS=0x00 PREC=0x00 TTL=1 ID=28886 PROTO=2 
[ 2785.106118] iptables reject: IN=wlp1s0f3u2 OUT= MAC=01:00:5e:00:00:01:00:5f:67:2a:b5:34:08:00 SRC=192.168.0.1 DST=224.0.0.1 LEN=32 TOS=0x00 PREC=0x00 TTL=1 ID=48371 PROTO=2 
[ 2910.138302] iptables reject: IN=wlp1s0f3u2 OUT= MAC=01:00:5e:00:00:01:00:5f:67:2a:b5:34:08:00 SRC=192.168.0.1 DST=224.0.0.1 LEN=32 TOS=0x18 PREC=0x40 TTL=1 ID=2065 PROTO=2 
[ 3035.170586] iptables reject: IN=wlp1s0f3u2 OUT= MAC=01:00:5e:00:00:01:00:5f:67:2a:b5:34:08:00 SRC=192.168.0.1 DST=224.0.0.1 LEN=32 TOS=0x18 PREC=0x40 TTL=1 ID=21550 PROTO=2 
[ 3160.100471] iptables reject: IN=wlp1s0f3u2 OUT= MAC=01:00:5e:00:00:01:00:5f:67:2a:b5:34:08:00 SRC=192.168.0.1 DST=224.0.0.1 LEN=32 TOS=0x00 PREC=0x00 TTL=1 ID=41035 PROTO=2 
[ 3285.132666] iptables reject: IN=wlp1s0f3u2 OUT= MAC=01:00:5e:00:00:01:00:5f:67:2a:b5:34:08:00 SRC=192.168.0.1 DST=224.0.0.1 LEN=32 TOS=0x18 PREC=0x40 TTL=1 ID=60520 PROTO=2 
[ 3363.067685] atkbd serio0: Unknown key pressed (translated set 2, code 0xf6 on isa0060/serio0).
[ 3363.067695] atkbd serio0: Use 'setkeycodes e076 <keycode>' to make it known.
[ 3363.192606] atkbd serio0: Unknown key released (translated set 2, code 0xf6 on isa0060/serio0).
[ 3363.192618] atkbd serio0: Use 'setkeycodes e076 <keycode>' to make it known.
[ 3410.164946] iptables reject: IN=wlp1s0f3u2 OUT= MAC=01:00:5e:00:00:01:00:5f:67:2a:b5:34:08:00 SRC=192.168.0.1 DST=224.0.0.1 LEN=32 TOS=0x00 PREC=0x00 TTL=1 ID=14470 PROTO=2 
[ 3535.197087] iptables reject: IN=wlp1s0f3u2 OUT= MAC=01:00:5e:00:00:01:00:5f:67:2a:b5:34:08:00 SRC=192.168.0.1 DST=224.0.0.1 LEN=32 TOS=0x00 PREC=0x00 TTL=1 ID=33955 PROTO=2 
[ 3641.903729] New not syn:IN= OUT=wlp1s0f3u2 SRC=192.168.0.103 DST=172.217.20.13 LEN=279 TOS=0x00 PREC=0x00 TTL=64 ID=25825 DF PROTO=TCP SPT=53554 DPT=443 WINDOW=501 RES=0x00 ACK PSH URGP=0 
[ 3641.903875] New not syn:IN= OUT=wlp1s0f3u2 SRC=192.168.0.103 DST=172.217.20.13 LEN=342 TOS=0x00 PREC=0x00 TTL=64 ID=25826 DF PROTO=TCP SPT=53554 DPT=443 WINDOW=501 RES=0x00 ACK PSH URGP=0 
[ 3660.127077] iptables reject: IN=wlp1s0f3u2 OUT= MAC=01:00:5e:00:00:01:00:5f:67:2a:b5:34:08:00 SRC=192.168.0.1 DST=224.0.0.1 LEN=32 TOS=0x18 PREC=0x40 TTL=1 ID=53440 PROTO=2 
[ 3785.159144] iptables reject: IN=wlp1s0f3u2 OUT= MAC=01:00:5e:00:00:01:00:5f:67:2a:b5:34:08:00 SRC=192.168.0.1 DST=224.0.0.1 LEN=32 TOS=0x18 PREC=0x40 TTL=1 ID=7390 PROTO=2 
[ 3910.191566] iptables reject: IN=wlp1s0f3u2 OUT= MAC=01:00:5e:00:00:01:00:5f:67:2a:b5:34:08:00 SRC=192.168.0.1 DST=224.0.0.1 LEN=32 TOS=0x1E PREC=0x40 TTL=1 ID=26875 PROTO=2 
[ 4035.121354] iptables reject: IN=wlp1s0f3u2 OUT= MAC=01:00:5e:00:00:01:00:5f:67:2a:b5:34:08:00 SRC=192.168.0.1 DST=224.0.0.1 LEN=32 TOS=0x00 PREC=0x00 TTL=1 ID=46104 PROTO=2 
[ 4160.153554] iptables reject: IN=wlp1s0f3u2 OUT= MAC=01:00:5e:00:00:01:00:5f:67:2a:b5:34:08:00 SRC=192.168.0.1 DST=224.0.0.1 LEN=32 TOS=0x18 PREC=0x40 TTL=1 ID=54 PROTO=2 
[ 4285.185822] iptables reject: IN=wlp1s0f3u2 OUT= MAC=01:00:5e:00:00:01:00:5f:67:2a:b5:34:08:00 SRC=192.168.0.1 DST=224.0.0.1 LEN=32 TOS=0x18 PREC=0x40 TTL=1 ID=19539 PROTO=2 
[ 4410.115640] iptables reject: IN=wlp1s0f3u2 OUT= MAC=01:00:5e:00:00:01:00:5f:67:2a:b5:34:08:00 SRC=192.168.0.1 DST=224.0.0.1 LEN=32 TOS=0x00 PREC=0x00 TTL=1 ID=39024 PROTO=2 
[ 4535.148087] iptables reject: IN=wlp1s0f3u2 OUT= MAC=01:00:5e:00:00:01:00:5f:67:2a:b5:34:08:00 SRC=192.168.0.1 DST=224.0.0.1 LEN=32 TOS=0x14 PREC=0x60 TTL=1 ID=58509 PROTO=2 
[ 4660.180266] iptables reject: IN=wlp1s0f3u2 OUT= MAC=01:00:5e:00:00:01:00:5f:67:2a:b5:34:08:00 SRC=192.168.0.1 DST=224.0.0.1 LEN=32 TOS=0x18 PREC=0x40 TTL=1 ID=12459 PROTO=2 
[ 4785.212389] iptables reject: IN=wlp1s0f3u2 OUT= MAC=01:00:5e:00:00:01:00:5f:67:2a:b5:34:08:00 SRC=192.168.0.1 DST=224.0.0.1 LEN=32 TOS=0x18 PREC=0x40 TTL=1 ID=31944 PROTO=2 
[ 4910.142345] iptables reject: IN=wlp1s0f3u2 OUT= MAC=01:00:5e:00:00:01:00:5f:67:2a:b5:34:08:00 SRC=192.168.0.1 DST=224.0.0.1 LEN=32 TOS=0x00 PREC=0x00 TTL=1 ID=51429 PROTO=2 
[ 5035.174477] iptables reject: IN=wlp1s0f3u2 OUT= MAC=01:00:5e:00:00:01:00:5f:67:2a:b5:34:08:00 SRC=192.168.0.1 DST=224.0.0.1 LEN=32 TOS=0x18 PREC=0x40 TTL=1 ID=5123 PROTO=2 
[ 5160.206923] iptables reject: IN=wlp1s0f3u2 OUT= MAC=01:00:5e:00:00:01:00:5f:67:2a:b5:34:08:00 SRC=192.168.0.1 DST=224.0.0.1 LEN=32 TOS=0x18 PREC=0x40 TTL=1 ID=24608 PROTO=2 
[ 5285.137570] iptables reject: IN=wlp1s0f3u2 OUT= MAC=01:00:5e:00:00:01:00:5f:67:2a:b5:34:08:00 SRC=192.168.0.1 DST=224.0.0.1 LEN=32 TOS=0x1E PREC=0x40 TTL=1 ID=44093 PROTO=2 
[ 5410.169804] iptables reject: IN=wlp1s0f3u2 OUT= MAC=01:00:5e:00:00:01:00:5f:67:2a:b5:34:08:00 SRC=192.168.0.1 DST=224.0.0.1 LEN=32 TOS=0x1E PREC=0x40 TTL=1 ID=63578 PROTO=2 
[ 5535.201138] iptables reject: IN=wlp1s0f3u2 OUT= MAC=01:00:5e:00:00:01:00:5f:67:2a:b5:34:08:00 SRC=192.168.0.1 DST=224.0.0.1 LEN=32 TOS=0x18 PREC=0x40 TTL=1 ID=17528 PROTO=2 
[ 5660.131870] iptables reject: IN=wlp1s0f3u2 OUT= MAC=01:00:5e:00:00:01:00:5f:67:2a:b5:34:08:00 SRC=192.168.0.1 DST=224.0.0.1 LEN=32 TOS=0x18 PREC=0x40 TTL=1 ID=37013 PROTO=2 
[ 5785.163219] iptables reject: IN=wlp1s0f3u2 OUT= MAC=01:00:5e:00:00:01:00:5f:67:2a:b5:34:08:00 SRC=192.168.0.1 DST=224.0.0.1 LEN=32 TOS=0x00 PREC=0x40 TTL=1 ID=56498 PROTO=2 
[ 5910.195585] iptables reject: IN=wlp1s0f3u2 OUT= MAC=01:00:5e:00:00:01:00:5f:67:2a:b5:34:08:00 SRC=192.168.0.1 DST=224.0.0.1 LEN=32 TOS=0x18 PREC=0x40 TTL=1 ID=10448 PROTO=2 
[ 6035.228701] iptables reject: IN=wlp1s0f3u2 OUT= MAC=01:00:5e:00:00:01:00:5f:67:2a:b5:34:08:00 SRC=192.168.0.1 DST=224.0.0.1 LEN=32 TOS=0x18 PREC=0x40 TTL=1 ID=29933 PROTO=2 
